Log file created at: 2021/12/22 14:36:33
Running on machine: cn2
Log line format: [IWEF]mmdd hh:mm:ss.uuuuuu threadid file:line] msg
I1222 14:36:33.910576 82014 global.h:36] NewGlobal N7oneflow7EnvDescE
I1222 14:36:33.912102 82014 global.h:36] NewGlobal N7oneflow10ProcessCtxE
I1222 14:36:33.912127 82014 env_global_objects_scope.cpp:157] using rpc backend: gRPC
I1222 14:36:33.912139 82014 global.h:36] NewGlobal N7oneflow10CtrlServerE
I1222 14:36:33.912917 82014 ctrl_server.cpp:40] CtrlServer listening on 0.0.0.0:41487
I1222 14:36:33.913048 82014 rank_info_bootstrap_server.cpp:47] RankInfoBootstrapServer listening on 0.0.0.0:40633
I1222 14:37:01.816061 82014 rpc_client.cpp:187] LoadServer cn1 Successful at 0 times
I1222 14:37:01.817971 82014 ctrl_bootstrap.cpp:77] 
ctrl_addr {
  host: "cn1"
  port: 35115
}
ctrl_addr {
  host: "172.16.0.11"
  port: 41784
}
ctrl_addr {
  host: "172.16.0.12"
  port: 36135
}
ctrl_addr {
  host: "172.16.0.12"
  port: 41487
}
rank: 3
node_size: 2
I1222 14:37:31.821280 82014 rpc_client.cpp:187] LoadServer cn1 Successful at 0 times
I1222 14:37:31.822341 82014 rpc_client.cpp:187] LoadServer 172.16.0.11 Successful at 0 times
I1222 14:37:31.823383 82014 rpc_client.cpp:187] LoadServer 172.16.0.12 Successful at 0 times
I1222 14:37:31.824329 82014 rpc_client.cpp:187] LoadServer 172.16.0.12 Successful at 0 times
I1222 14:37:31.865386 82014 global.h:36] NewGlobal N7oneflow12ResourceDescE
I1222 14:37:31.865476 82014 global.h:36] NewGlobal N7oneflow12ResourceDescE
I1222 14:37:31.872179 82014 net_ib_device_descriptor.cpp:110] Inactivate port: device mlx5_0 port 
I1222 14:37:31.874519 82014 net_ib_device_descriptor.cpp:110] Inactivate port: device mlx5_1 port 
I1222 14:37:31.879492 82014 net_ib_device_descriptor.cpp:110] Inactivate port: device mlx5_3 port 
I1222 14:37:31.994495 82014 global.h:36] NewGlobal N7oneflow2ep21DeviceManagerRegistryE
I1222 14:37:31.994583 82014 global.h:36] NewGlobal N7oneflow10ThreadPoolE
I1222 14:37:31.996784 82014 global.h:36] NewGlobal N7oneflow16EagerNcclCommMgrE
I1222 14:37:31.996840 82014 global.h:36] NewGlobal N7oneflow18CudnnConvAlgoCacheE
I1222 14:37:31.996866 82014 global.h:36] NewGlobal N7oneflow2vm19VirtualMachineScopeE
I1222 14:37:31.996909 82014 global.h:36] NewGlobal N7oneflow14VirtualMachineE
I1222 14:37:31.997532 82014 virtual_machine.cpp:80] transport stream type: N7oneflow2vm13CpuStreamTypeE
I1222 14:37:31.997575 82014 virtual_machine.cpp:80] transport stream type: N7oneflow2vm14CudaStreamTypeE
I1222 14:37:31.997601 82014 virtual_machine.cpp:80] transport stream type: N7oneflow2vm19AsyncCudaStreamTypeE
I1222 14:37:31.997831 82014 global.h:36] NewGlobal N7oneflow27EagerJobBuildAndInferCtxMgrE
I1222 14:37:31.997903 82014 global.h:36] NewGlobal N7oneflow12EpollCommNetE
I1222 14:37:31.998071 82014 epoll_comm_network.cpp:63] CommNet:Epoll listening on 0.0.0.0:40582
I1222 14:37:31.998698 82014 epoll_comm_network.cpp:197] machine 0 sockfd 62
I1222 14:37:31.998739 82014 epoll_comm_network.cpp:197] machine 1 sockfd 60
I1222 14:37:31.998752 82014 epoll_comm_network.cpp:197] machine 2 sockfd 58
I1222 14:37:31.998764 82014 epoll_comm_network.cpp:197] machine 3 sockfd -1
I1222 14:37:31.998874 82014 global.h:36] NewGlobal N7oneflow9TransportE
I1222 14:37:31.998955 82014 global.h:43] DeleteGlobal N7oneflow17ForeignLockHelperE
I1222 14:37:31.999089 82014 global.h:36] NewGlobal N7oneflow25MultiClientSessionContextE
I1222 14:37:39.589164 82014 version.cpp:22] OneFlow git version: v0.5.0-381-g3677dbf43-snapshot
I1222 14:37:39.589244 82014 cuda_device_manager_factory.cpp:63] CUDA runtime version: 11.1
I1222 14:37:39.589265 82014 cuda_device_manager_factory.cpp:72] cuDNN version: 8.0.5
I1222 14:37:39.589280 82014 cuda_device_manager_factory.cpp:85] NCCL version: 2.11.4
I1222 14:37:39.589318 82014 global.h:43] DeleteGlobal N7oneflow12ResourceDescE
I1222 14:37:39.589347 82014 global.h:36] NewGlobal N7oneflow12ResourceDescE
I1222 14:37:39.589362 82014 global.h:36] NewGlobal N7oneflow5IDMgrE
I1222 14:37:39.589375 82014 global.h:36] NewGlobal N7oneflow22TaskStreamIndexManagerE
I1222 14:37:39.589385 82014 global.h:36] NewGlobal N7oneflow26LazyJobBuildAndInferCtxMgrE
I1222 14:37:39.589741 82014 global.h:36] NewGlobal N7oneflow9BufferMgrISt10shared_ptrINS_11JobInstanceEEEE
I1222 14:37:39.590201 82014 global.h:36] NewGlobal N7oneflow9BufferMgrISt10shared_ptrINS_23CriticalSectionInstanceEEEE
I1222 14:37:39.590221 82014 global.h:36] NewGlobal N7oneflow10RuntimeCtxE
I1222 14:37:39.590236 82014 global.h:36] NewGlobal N7oneflow15MemoryAllocatorE
I1222 14:37:39.590253 82014 global.h:36] NewGlobal N7oneflow8ChunkMgrE
I1222 14:37:39.590268 82014 global.h:36] NewGlobal N7oneflow8RegstMgrE
I1222 14:37:39.590283 82014 global.h:36] NewGlobal N7oneflow11ActorMsgBusE
I1222 14:37:39.590298 82014 global.h:36] NewGlobal N7oneflow9ThreadMgrE
I1222 14:37:39.590314 82014 global.h:36] NewGlobal N7oneflow15RuntimeJobDescsE
I1222 14:37:39.590329 82014 global.h:36] NewGlobal N7oneflow7summary12EventsWriterE
I1222 14:37:39.590348 82014 global.h:36] NewGlobal N7oneflow6boxing10collective9SchedulerE
I1222 14:37:39.611076 82014 global.h:36] NewGlobal N7oneflow7JobDescE
I1222 14:37:39.713449 82294 eager_nccl_comm_manager.cpp:69]  EagerNcclCommMgr::ncclCommInitRank device_vec.size() = 2, nccl_unique_id = 0200ffffff8affffffffffffffac100a0b000000000000000000000000000000000000000000000000000000000000000000000000000000000000000000000000000000000000000000000000000000000000000000000000000000000000000000000000000000000000000000000000000000000000000000000000000000000000000000000000, rank = 1, key = {eager_nccl_unique_id_rpc_key,1:1,3:1}
I1222 14:37:41.489105 82014 global.h:43] DeleteGlobal N7oneflow7JobDescE
I1222 14:37:41.489310 82014 global.h:36] NewGlobal N7oneflow7JobDescE
I1222 14:37:48.855928 82014 global.h:43] DeleteGlobal N7oneflow7JobDescE
I1222 14:37:49.807435 82014 global.h:36] NewGlobal N7oneflow7JobDescE
I1222 14:38:07.321091 82014 runtime_context.cpp:21] NewCounter constructing_actor_cnt 2721
I1222 14:38:07.325774 82322 naive_actor.cpp:25] actor 107760729459084 switch to &NaiveActor::HandlerNormal
I1222 14:38:07.326218 82331 wait_and_send_ids_actor.cpp:53] actor 106652764209152 switch to &WaitAndSendIdsActor::HandlerWaitToStart
I1222 14:38:07.325901 82322 thread.cpp:99] Thread 51384320 construct Actor kDeviceTick 107760729459084
I1222 14:38:07.326354 82331 thread.cpp:99] Thread 50856001 construct Actor kWaitAndSendIds 106652764209152
I1222 14:38:07.326463 82322 runtime_context.cpp:29] DecreaseCounter constructing_actor_cnt, current val is 2720
I1222 14:38:07.326552 82331 runtime_context.cpp:29] DecreaseCounter constructing_actor_cnt, current val is 2719
I1222 14:38:07.327140 82322 naive_actor.cpp:25] actor 107760729459082 switch to &NaiveActor::HandlerNormal
I1222 14:38:07.327194 82322 thread.cpp:99] Thread 51384320 construct Actor kDeviceTick 107760729459082
I1222 14:38:07.327273 82322 runtime_context.cpp:29] DecreaseCounter constructing_actor_cnt, current val is 2718
I1222 14:38:07.327486 82322 naive_actor.cpp:25] actor 107760729459086 switch to &NaiveActor::HandlerNormal
I1222 14:38:07.327538 82322 thread.cpp:99] Thread 51384320 construct Actor kDeviceTick 107760729459086
I1222 14:38:07.327591 82322 runtime_context.cpp:29] DecreaseCounter constructing_actor_cnt, current val is 2717
I1222 14:38:07.327792 82322 naive_actor.cpp:25] actor 107760729459088 switch to &NaiveActor::HandlerNormal
I1222 14:38:07.327834 82322 thread.cpp:99] Thread 51384320 construct Actor kDeviceTick 107760729459088
I1222 14:38:07.327885 82322 runtime_context.cpp:29] DecreaseCounter constructing_actor_cnt, current val is 2716
I1222 14:38:07.391121 82317 naive_actor.cpp:25] actor 106652634185728 switch to &NaiveActor::HandlerNormal
I1222 14:38:07.391141 82318 naive_actor.cpp:25] actor 106652636282880 switch to &NaiveActor::HandlerNormal
I1222 14:38:07.391227 82317 thread.cpp:99] Thread 50855939 construct Actor kNormalForward 106652634185728
I1222 14:38:07.391319 82316 naive_actor.cpp:25] actor 106652632088576 switch to &NaiveActor::HandlerNormal
I1222 14:38:07.391337 82325 naive_actor.cpp:25] actor 107760731553793 switch to &NaiveActor::HandlerNormal
I1222 14:38:07.391372 82318 thread.cpp:99] Thread 50855940 construct Actor kNormalForward 106652636282880
I1222 14:38:07.391677 82316 thread.cpp:99] Thread 50855938 construct Actor kNormalForward 106652632088576
I1222 14:38:07.391705 82315 naive_actor.cpp:25] actor 106652627894272 switch to &NaiveActor::HandlerNormal
I1222 14:38:07.392869 82315 thread.cpp:99] Thread 50855936 construct Actor kNormalForward 106652627894272
I1222 14:38:07.391780 82325 thread.cpp:99] Thread 51384321 construct Actor kCopyHd 107760731553793
I1222 14:38:07.391813 82328 naive_actor.cpp:25] actor 107760733650945 switch to &NaiveActor::HandlerNormal
I1222 14:38:07.391826 82332 sink_actor.cpp:21] actor 106652766306304 switch to &SinkActor::HandlerNormal
I1222 14:38:07.391860 82335 naive_actor.cpp:25] actor 107760735748096 switch to &NaiveActor::HandlerNormal
I1222 14:38:07.393052 82335 thread.cpp:99] Thread 51384323 construct Actor kCopyHd 107760735748096
I1222 14:38:07.391860 82326 copy_comm_net_actor.cpp:66] actor 106652772597765 switch to &CopyCommNetActor::HandlerNormal
I1222 14:38:07.391927 82322 naive_actor.cpp:25] actor 107760729456647 switch to &NaiveActor::HandlerNormal
I1222 14:38:07.391943 82314 naive_actor.cpp:25] actor 106652640477184 switch to &NaiveActor::HandlerNormal
I1222 14:38:07.392009 82323 naive_actor.cpp:25] actor 106652770500608 switch to &NaiveActor::HandlerNormal
I1222 14:38:07.392084 82336 naive_actor.cpp:25] actor 106652768403456 switch to &NaiveActor::HandlerNormal
I1222 14:38:07.392088 82320 naive_actor.cpp:25] actor 106652638380032 switch to &NaiveActor::HandlerNormal
I1222 14:38:07.392088 82318 runtime_context.cpp:29] DecreaseCounter constructing_actor_cnt, current val is 2714
I1222 14:38:07.392145 82330 naive_actor.cpp:25] actor 106652644671488 switch to &NaiveActor::HandlerNormal
I1222 14:38:07.392624 82333 naive_actor.cpp:25] actor 106652642574336 switch to &NaiveActor::HandlerNormal
I1222 14:38:07.392674 82319 naive_actor.cpp:25] actor 106652629991424 switch to &NaiveActor::HandlerNormal
I1222 14:38:07.392846 82316 runtime_context.cpp:29] DecreaseCounter constructing_actor_cnt, current val is 2713
I1222 14:38:07.391721 82317 runtime_context.cpp:29] DecreaseCounter constructing_actor_cnt, current val is 2715
I1222 14:38:07.392935 82315 runtime_context.cpp:29] DecreaseCounter constructing_actor_cnt, current val is 2712
I1222 14:38:07.392952 82325 runtime_context.cpp:29] DecreaseCounter constructing_actor_cnt, current val is 2711
I1222 14:38:07.392975 82328 thread.cpp:99] Thread 51384322 construct Actor kCollectiveBoxingGeneric 107760733650945
I1222 14:38:07.393021 82332 thread.cpp:99] Thread 50856002 construct Actor kCallbackNotify 106652766306304
I1222 14:38:07.391870 82329 naive_actor.cpp:25] actor 106652762112007 switch to &NaiveActor::HandlerNormal
I1222 14:38:07.393088 82335 runtime_context.cpp:29] DecreaseCounter constructing_actor_cnt, current val is 2710
I1222 14:38:07.394063 82325 naive_actor.cpp:25] actor 107760731553795 switch to &NaiveActor::HandlerNormal
I1222 14:38:07.393195 82322 thread.cpp:99] Thread 51384320 construct Actor kNormalForward 107760729456647
I1222 14:38:07.393285 82314 thread.cpp:99] Thread 50855942 construct Actor kNormalForward 106652640477184
I1222 14:38:07.393329 82323 thread.cpp:99] Thread 50856004 construct Actor kCriticalSectionWaitTick 106652770500608
I1222 14:38:07.393370 82336 thread.cpp:99] Thread 50856003 construct Actor kCriticalSectionWaitTick 106652768403456
I1222 14:38:07.393420 82320 thread.cpp:99] Thread 50855941 construct Actor kNormalForward 106652638380032
I1222 14:38:07.394284 82336 runtime_context.cpp:29] DecreaseCounter constructing_actor_cnt, current val is 2704
I1222 14:38:07.394315 82320 runtime_context.cpp:29] DecreaseCounter constructing_actor_cnt, current val is 2703
I1222 14:38:07.393783 82319 thread.cpp:99] Thread 50855937 construct Actor kNormalForward 106652629991424
I1222 14:38:07.393975 82328 runtime_context.cpp:29] DecreaseCounter constructing_actor_cnt, current val is 2709
I1222 14:38:07.394014 82332 runtime_context.cpp:29] DecreaseCounter constructing_actor_cnt, current val is 2708
I1222 14:38:07.394040 82329 thread.cpp:99] Thread 50856000 construct Actor kDstSubsetTick 106652762112007
I1222 14:38:07.393146 82326 thread.cpp:99] Thread 50856005 construct Actor kCopyCommNet 106652772597765
I1222 14:38:07.394109 82325 thread.cpp:99] Thread 51384321 construct Actor kCopyHd 107760731553795
I1222 14:38:07.394202 82322 runtime_context.cpp:29] DecreaseCounter constructing_actor_cnt, current val is 2707
I1222 14:38:07.394264 82323 runtime_context.cpp:29] DecreaseCounter constructing_actor_cnt, current val is 2706
I1222 14:38:07.394273 82314 runtime_context.cpp:29] DecreaseCounter constructing_actor_cnt, current val is 2705
I1222 14:38:07.393558 82330 thread.cpp:99] Thread 50855944 construct Actor kNormalForward 106652644671488
I1222 14:38:07.393673 82333 thread.cpp:99] Thread 50855943 construct Actor kNormalForward 106652642574336
I1222 14:38:07.394526 82319 runtime_context.cpp:29] DecreaseCounter constructing_actor_cnt, current val is 2702
I1222 14:38:07.394589 82328 naive_actor.cpp:25] actor 107760733650974 switch to &NaiveActor::HandlerNormal
I1222 14:38:07.395180 82329 runtime_context.cpp:29] DecreaseCounter constructing_actor_cnt, current val is 2701
I1222 14:38:07.395232 82326 runtime_context.cpp:29] DecreaseCounter constructing_actor_cnt, current val is 2700
I1222 14:38:07.395259 82325 runtime_context.cpp:29] DecreaseCounter constructing_actor_cnt, current val is 2699
I1222 14:38:07.395459 82330 runtime_context.cpp:29] DecreaseCounter constructing_actor_cnt, current val is 2698
I1222 14:38:07.395603 82333 runtime_context.cpp:29] DecreaseCounter constructing_actor_cnt, current val is 2697
I1222 14:38:07.395623 82328 thread.cpp:99] Thread 51384322 construct Actor kCollectiveBoxingGeneric 107760733650974
I1222 14:38:07.395900 82325 naive_actor.cpp:25] actor 107760731553798 switch to &NaiveActor::HandlerNormal
I1222 14:38:07.395933 82326 copy_comm_net_actor.cpp:66] actor 106652772597760 switch to &CopyCommNetActor::HandlerNormal
I1222 14:38:07.395949 82328 runtime_context.cpp:29] DecreaseCounter constructing_actor_cnt, current val is 2696
I1222 14:38:07.395979 82325 thread.cpp:99] Thread 51384321 construct Actor kCopyHd 107760731553798
I1222 14:38:07.395982 82329 naive_actor.cpp:25] actor 106652762112002 switch to &NaiveActor::HandlerNormal
I1222 14:38:07.396147 82329 thread.cpp:99] Thread 50856000 construct Actor kDstSubsetTick 106652762112002
I1222 14:38:07.396117 82325 runtime_context.cpp:29] DecreaseCounter constructing_actor_cnt, current val is 2695
I1222 14:38:07.396046 82326 thread.cpp:99] Thread 50856005 construct Actor kCopyCommNet 106652772597760
I1222 14:38:07.396183 82328 naive_actor.cpp:25] actor 107760733651000 switch to &NaiveActor::HandlerNormal
I1222 14:38:07.396196 82329 runtime_context.cpp:29] DecreaseCounter constructing_actor_cnt, current val is 2694
I1222 14:38:07.396281 82328 thread.cpp:99] Thread 51384322 construct Actor kCollectiveBoxingGeneric 107760733651000
I1222 14:38:07.396289 82326 runtime_context.cpp:29] DecreaseCounter constructing_actor_cnt, current val is 2693
I1222 14:38:07.396317 82325 naive_actor.cpp:25] actor 107760731553800 switch to &NaiveActor::HandlerNormal
I1222 14:38:07.396363 82328 runtime_context.cpp:29] DecreaseCounter constructing_actor_cnt, current val is 2692
I1222 14:38:07.396448 82325 thread.cpp:99] Thread 51384321 construct Actor kCopyHd 107760731553800
I1222 14:38:07.396504 82329 naive_actor.cpp:25] actor 106652762112005 switch to &NaiveActor::HandlerNormal
I1222 14:38:07.396528 82325 runtime_context.cpp:29] DecreaseCounter constructing_actor_cnt, current val is 2691
I1222 14:38:07.396556 82329 thread.cpp:99] Thread 50856000 construct Actor kTick 106652762112005
I1222 14:38:07.396565 82328 naive_actor.cpp:25] actor 107760733650947 switch to &NaiveActor::HandlerNormal
I1222 14:38:07.396653 82329 runtime_context.cpp:29] DecreaseCounter constructing_actor_cnt, current val is 2690
I1222 14:38:07.396663 82328 thread.cpp:99] Thread 51384322 construct Actor kCollectiveBoxingGeneric 107760733650947
I1222 14:38:07.396731 82328 runtime_context.cpp:29] DecreaseCounter constructing_actor_cnt, current val is 2689
I1222 14:38:07.396816 82326 copy_comm_net_actor.cpp:66] actor 106652772597762 switch to &CopyCommNetActor::HandlerNormal
I1222 14:38:07.396908 82325 naive_actor.cpp:25] actor 107760731553794 switch to &NaiveActor::HandlerNormal
I1222 14:38:07.396929 82328 naive_actor.cpp:25] actor 107760733651022 switch to &NaiveActor::HandlerNormal
I1222 14:38:07.396932 82322 naive_actor.cpp:25] actor 107760729456679 switch to &NaiveActor::HandlerNormal
I1222 14:38:07.396939 82329 naive_actor.cpp:25] actor 106652762112006 switch to &NaiveActor::HandlerNormal
I1222 14:38:07.397560 82326 thread.cpp:99] Thread 50856005 construct Actor kCopyCommNet 106652772597762
I1222 14:38:07.397608 82325 thread.cpp:99] Thread 51384321 construct Actor kCopyHd 107760731553794
I1222 14:38:07.397639 82328 thread.cpp:99] Thread 51384322 construct Actor kCollectiveBoxingGeneric 107760733651022
I1222 14:38:07.397826 82325 runtime_context.cpp:29] DecreaseCounter constructing_actor_cnt, current val is 2687
I1222 14:38:07.397732 82329 thread.cpp:99] Thread 50856000 construct Actor kSrcSubsetTick 106652762112006
I1222 14:38:07.397799 82326 runtime_context.cpp:29] DecreaseCounter constructing_actor_cnt, current val is 2688
I1222 14:38:07.397688 82322 thread.cpp:99] Thread 51384320 construct Actor kNormalForward 107760729456679
I1222 14:38:07.397846 82328 runtime_context.cpp:29] DecreaseCounter constructing_actor_cnt, current val is 2686
I1222 14:38:07.397927 82329 runtime_context.cpp:29] DecreaseCounter constructing_actor_cnt, current val is 2685
I1222 14:38:07.397991 82325 naive_actor.cpp:25] actor 107760731553806 switch to &NaiveActor::HandlerNormal
I1222 14:38:07.398059 82322 runtime_context.cpp:29] DecreaseCounter constructing_actor_cnt, current val is 2684
I1222 14:38:07.398100 82325 thread.cpp:99] Thread 51384321 construct Actor kCopyHd 107760731553806
I1222 14:38:07.398113 82328 naive_actor.cpp:25] actor 107760733650958 switch to &NaiveActor::HandlerNormal
I1222 14:38:07.398209 82325 runtime_context.cpp:29] DecreaseCounter constructing_actor_cnt, current val is 2683
I1222 14:38:07.398216 82328 thread.cpp:99] Thread 51384322 construct Actor kCollectiveBoxingGeneric 107760733650958
I1222 14:38:07.398139 82326 copy_comm_net_actor.cpp:66] actor 106652772597768 switch to &CopyCommNetActor::HandlerNormal
I1222 14:38:07.398288 82328 runtime_context.cpp:29] DecreaseCounter constructing_actor_cnt, current val is 2682
I1222 14:38:07.398360 82325 naive_actor.cpp:25] actor 107760731553797 switch to &NaiveActor::HandlerNormal
I1222 14:38:07.398341 82326 thread.cpp:99] Thread 50856005 construct Actor kCopyCommNet 106652772597768
I1222 14:38:07.398450 82328 naive_actor.cpp:25] actor 107760733650960 switch to &NaiveActor::HandlerNormal
I1222 14:38:07.398406 82325 thread.cpp:99] Thread 51384321 construct Actor kCopyHd 107760731553797
I1222 14:38:07.398300 82329 naive_actor.cpp:25] actor 106652762112004 switch to &NaiveActor::HandlerNormal
I1222 14:38:07.398481 82328 thread.cpp:99] Thread 51384322 construct Actor kCollectiveBoxingGeneric 107760733650960
I1222 14:38:07.398481 82326 runtime_context.cpp:29] DecreaseCounter constructing_actor_cnt, current val is 2681
I1222 14:38:07.398526 82325 runtime_context.cpp:29] DecreaseCounter constructing_actor_cnt, current val is 2680
I1222 14:38:07.398551 82329 thread.cpp:99] Thread 50856000 construct Actor kTick 106652762112004
I1222 14:38:07.398591 82328 runtime_context.cpp:29] DecreaseCounter constructing_actor_cnt, current val is 2679
I1222 14:38:07.398746 82329 runtime_context.cpp:29] DecreaseCounter constructing_actor_cnt, current val is 2678
I1222 14:38:07.398787 82325 naive_actor.cpp:25] actor 107760731553796 switch to &NaiveActor::HandlerNormal
I1222 14:38:07.398838 82328 naive_actor.cpp:25] actor 107760733650985 switch to &NaiveActor::HandlerNormal
I1222 14:38:07.398826 82326 copy_comm_net_actor.cpp:66] actor 106652772597761 switch to &CopyCommNetActor::HandlerNormal
I1222 14:38:07.398842 82325 thread.cpp:99] Thread 51384321 construct Actor kCopyHd 107760731553796
I1222 14:38:07.399010 82329 naive_actor.cpp:25] actor 106652762112000 switch to &NaiveActor::HandlerNormal
I1222 14:38:07.399657 82329 thread.cpp:99] Thread 50856000 construct Actor kSrcSubsetTick 106652762112000
I1222 14:38:07.398872 82328 thread.cpp:99] Thread 51384322 construct Actor kCollectiveBoxingGeneric 107760733650985
I1222 14:38:07.399039 82325 runtime_context.cpp:29] DecreaseCounter constructing_actor_cnt, current val is 2677
I1222 14:38:07.399190 82322 naive_actor.cpp:25] actor 107760729456711 switch to &NaiveActor::HandlerNormal
I1222 14:38:07.398936 82326 thread.cpp:99] Thread 50856005 construct Actor kCopyCommNet 106652772597761
I1222 14:38:07.399713 82329 runtime_context.cpp:29] DecreaseCounter constructing_actor_cnt, current val is 2676
I1222 14:38:07.399880 82325 naive_actor.cpp:25] actor 107760731553799 switch to &NaiveActor::HandlerNormal
I1222 14:38:07.399809 82322 thread.cpp:99] Thread 51384320 construct Actor kNormalForward 107760729456711
I1222 14:38:07.399878 82326 runtime_context.cpp:29] DecreaseCounter constructing_actor_cnt, current val is 2674
I1222 14:38:07.399730 82328 runtime_context.cpp:29] DecreaseCounter constructing_actor_cnt, current val is 2675
I1222 14:38:07.399930 82325 thread.cpp:99] Thread 51384321 construct Actor kCopyHd 107760731553799
I1222 14:38:07.400048 82322 runtime_context.cpp:29] DecreaseCounter constructing_actor_cnt, current val is 2673
I1222 14:38:07.400082 82329 naive_actor.cpp:25] actor 106652762112001 switch to &NaiveActor::HandlerNormal
I1222 14:38:07.400092 82325 runtime_context.cpp:29] DecreaseCounter constructing_actor_cnt, current val is 2672
I1222 14:38:07.400135 82328 naive_actor.cpp:25] actor 107760733650951 switch to &NaiveActor::HandlerNormal
I1222 14:38:07.400171 82329 thread.cpp:99] Thread 50856000 construct Actor kTick 106652762112001
I1222 14:38:07.400190 82326 copy_comm_net_actor.cpp:66] actor 106652772597763 switch to &CopyCommNetActor::HandlerNormal
I1222 14:38:07.400249 82328 thread.cpp:99] Thread 51384322 construct Actor kCollectiveBoxingGeneric 107760733650951
I1222 14:38:07.400308 82329 runtime_context.cpp:29] DecreaseCounter constructing_actor_cnt, current val is 2671
I1222 14:38:07.400321 82325 naive_actor.cpp:25] actor 107760731553792 switch to &NaiveActor::HandlerNormal
I1222 14:38:07.400350 82326 thread.cpp:99] Thread 50856005 construct Actor kCopyCommNet 106652772597763
I1222 14:38:07.400383 82328 runtime_context.cpp:29] DecreaseCounter constructing_actor_cnt, current val is 2670
I1222 14:38:07.400450 82325 thread.cpp:99] Thread 51384321 construct Actor kCopyHd 107760731553792
I1222 14:38:07.400557 82326 runtime_context.cpp:29] DecreaseCounter constructing_actor_cnt, current val is 2669
I1222 14:38:07.400596 82325 runtime_context.cpp:29] DecreaseCounter constructing_actor_cnt, current val is 2668
I1222 14:38:07.400642 82328 naive_actor.cpp:25] actor 107760733651011 switch to &NaiveActor::HandlerNormal
I1222 14:38:07.400660 82329 naive_actor.cpp:25] actor 106652762112008 switch to &NaiveActor::HandlerNormal
I1222 14:38:07.400712 82328 thread.cpp:99] Thread 51384322 construct Actor kCollectiveBoxingGeneric 107760733651011
I1222 14:38:07.400753 82329 thread.cpp:99] Thread 50856000 construct Actor kSrcSubsetTick 106652762112008
I1222 14:38:07.400794 82328 runtime_context.cpp:29] DecreaseCounter constructing_actor_cnt, current val is 2667
I1222 14:38:07.400797 82325 naive_actor.cpp:25] actor 107760731553807 switch to &NaiveActor::HandlerNormal
I1222 14:38:07.400815 82326 copy_comm_net_actor.cpp:66] actor 106652772597767 switch to &CopyCommNetActor::HandlerNormal
I1222 14:38:07.400843 82329 runtime_context.cpp:29] DecreaseCounter constructing_actor_cnt, current val is 2666
I1222 14:38:07.400892 82325 thread.cpp:99] Thread 51384321 construct Actor kCopyHd 107760731553807
I1222 14:38:07.400952 82328 naive_actor.cpp:25] actor 107760733651002 switch to &NaiveActor::HandlerNormal
I1222 14:38:07.400954 82326 thread.cpp:99] Thread 50856005 construct Actor kCopyCommNet 106652772597767
I1222 14:38:07.401041 82325 runtime_context.cpp:29] DecreaseCounter constructing_actor_cnt, current val is 2665
I1222 14:38:07.401052 82328 thread.cpp:99] Thread 51384322 construct Actor kCollectiveBoxingGeneric 107760733651002
I1222 14:38:07.401126 82322 naive_actor.cpp:25] actor 107760729456659 switch to &NaiveActor::HandlerNormal
I1222 14:38:07.401139 82326 runtime_context.cpp:29] DecreaseCounter constructing_actor_cnt, current val is 2664
I1222 14:38:07.401237 82329 naive_actor.cpp:25] actor 106652762112009 switch to &NaiveActor::HandlerNormal
I1222 14:38:07.401297 82325 naive_actor.cpp:25] actor 107760731553803 switch to &NaiveActor::HandlerNormal
I1222 14:38:07.402005 82328 runtime_context.cpp:29] DecreaseCounter constructing_actor_cnt, current val is 2663
I1222 14:38:07.402045 82322 thread.cpp:99] Thread 51384320 construct Actor kNormalForward 107760729456659
I1222 14:38:07.402132 82329 thread.cpp:99] Thread 50856000 construct Actor kDstSubsetTick 106652762112009
I1222 14:38:07.402179 82325 thread.cpp:99] Thread 51384321 construct Actor kCopyHd 107760731553803
I1222 14:38:07.402330 82328 naive_actor.cpp:25] actor 107760733650987 switch to &NaiveActor::HandlerNormal
I1222 14:38:07.402310 82322 runtime_context.cpp:29] DecreaseCounter constructing_actor_cnt, current val is 2662
I1222 14:38:07.402221 82326 copy_comm_net_actor.cpp:66] actor 106652772597772 switch to &CopyCommNetActor::HandlerNormal
I1222 14:38:07.402331 82329 runtime_context.cpp:29] DecreaseCounter constructing_actor_cnt, current val is 2661
I1222 14:38:07.402350 82325 runtime_context.cpp:29] DecreaseCounter constructing_actor_cnt, current val is 2660
I1222 14:38:07.402365 82328 thread.cpp:99] Thread 51384322 construct Actor kCollectiveBoxingGeneric 107760733650987
I1222 14:38:07.402455 82326 thread.cpp:99] Thread 50856005 construct Actor kCopyCommNet 106652772597772
I1222 14:38:07.402592 82328 runtime_context.cpp:29] DecreaseCounter constructing_actor_cnt, current val is 2659
I1222 14:38:07.402657 82326 runtime_context.cpp:29] DecreaseCounter constructing_actor_cnt, current val is 2658
I1222 14:38:07.402662 82325 naive_actor.cpp:25] actor 107760731553805 switch to &NaiveActor::HandlerNormal
I1222 14:38:07.402669 82329 naive_actor.cpp:25] actor 106652762112003 switch to &NaiveActor::HandlerNormal
I1222 14:38:07.402740 82328 naive_actor.cpp:25] actor 107760733650979 switch to &NaiveActor::HandlerNormal
I1222 14:38:07.402758 82325 thread.cpp:99] Thread 51384321 construct Actor kCopyHd 107760731553805
I1222 14:38:07.402804 82329 thread.cpp:99] Thread 50856000 construct Actor kTick 106652762112003
I1222 14:38:07.402838 82328 thread.cpp:99] Thread 51384322 construct Actor kCollectiveBoxingGeneric 107760733650979
I1222 14:38:07.402884 82325 runtime_context.cpp:29] DecreaseCounter constructing_actor_cnt, current val is 2657
I1222 14:38:07.402887 82326 copy_comm_net_actor.cpp:66] actor 106652772597766 switch to &CopyCommNetActor::HandlerNormal
I1222 14:38:07.402947 82329 runtime_context.cpp:29] DecreaseCounter constructing_actor_cnt, current val is 2656
I1222 14:38:07.403065 82325 naive_actor.cpp:25] actor 107760731553801 switch to &NaiveActor::HandlerNormal
I1222 14:38:07.403039 82326 thread.cpp:99] Thread 50856005 construct Actor kCopyCommNet 106652772597766
I1222 14:38:07.402952 82328 runtime_context.cpp:29] DecreaseCounter constructing_actor_cnt, current val is 2655
I1222 14:38:07.403113 82325 thread.cpp:99] Thread 51384321 construct Actor kCopyHd 107760731553801
I1222 14:38:07.403192 82326 runtime_context.cpp:29] DecreaseCounter constructing_actor_cnt, current val is 2654
I1222 14:38:07.403242 82325 runtime_context.cpp:29] DecreaseCounter constructing_actor_cnt, current val is 2653
I1222 14:38:07.403312 82328 naive_actor.cpp:25] actor 107760733651024 switch to &NaiveActor::HandlerNormal
I1222 14:38:07.403357 82328 thread.cpp:99] Thread 51384322 construct Actor kCollectiveBoxingGeneric 107760733651024
I1222 14:38:07.403401 82328 runtime_context.cpp:29] DecreaseCounter constructing_actor_cnt, current val is 2652
I1222 14:38:07.403419 82325 naive_actor.cpp:25] actor 107760731553802 switch to &NaiveActor::HandlerNormal
I1222 14:38:07.403455 82326 copy_comm_net_actor.cpp:66] actor 106652772597771 switch to &CopyCommNetActor::HandlerNormal
I1222 14:38:07.403535 82325 thread.cpp:99] Thread 51384321 construct Actor kCopyHd 107760731553802
I1222 14:38:07.403542 82328 naive_actor.cpp:25] actor 107760733650966 switch to &NaiveActor::HandlerNormal
I1222 14:38:07.404279 82326 thread.cpp:99] Thread 50856005 construct Actor kCopyCommNet 106652772597771
I1222 14:38:07.404326 82325 runtime_context.cpp:29] DecreaseCounter constructing_actor_cnt, current val is 2651
I1222 14:38:07.404345 82328 thread.cpp:99] Thread 51384322 construct Actor kCollectiveBoxingGeneric 107760733650966
I1222 14:38:07.404428 82326 runtime_context.cpp:29] DecreaseCounter constructing_actor_cnt, current val is 2650
I1222 14:38:07.404466 82328 runtime_context.cpp:29] DecreaseCounter constructing_actor_cnt, current val is 2649
I1222 14:38:07.404521 82322 naive_actor.cpp:25] actor 107760729456743 switch to &NaiveActor::HandlerNormal
I1222 14:38:07.404548 82325 naive_actor.cpp:25] actor 107760731553808 switch to &NaiveActor::HandlerNormal
I1222 14:38:07.404644 82328 naive_actor.cpp:25] actor 107760733651005 switch to &NaiveActor::HandlerNormal
I1222 14:38:07.404613 82322 thread.cpp:99] Thread 51384320 construct Actor kNormalForward 107760729456743
I1222 14:38:07.404649 82325 thread.cpp:99] Thread 51384321 construct Actor kCopyHd 107760731553808
I1222 14:38:07.404677 82328 thread.cpp:99] Thread 51384322 construct Actor kCollectiveBoxingGeneric 107760733651005
I1222 14:38:07.404767 82325 runtime_context.cpp:29] DecreaseCounter constructing_actor_cnt, current val is 2648
I1222 14:38:07.404680 82326 copy_comm_net_actor.cpp:66] actor 106652772597776 switch to &CopyCommNetActor::HandlerNormal
I1222 14:38:07.404781 82328 runtime_context.cpp:29] DecreaseCounter constructing_actor_cnt, current val is 2646
I1222 14:38:07.404778 82322 runtime_context.cpp:29] DecreaseCounter constructing_actor_cnt, current val is 2647
I1222 14:38:07.404847 82326 thread.cpp:99] Thread 50856005 construct Actor kCopyCommNet 106652772597776
I1222 14:38:07.404953 82328 naive_actor.cpp:25] actor 107760733651045 switch to &NaiveActor::HandlerNormal
I1222 14:38:07.404909 82325 naive_actor.cpp:25] actor 107760731553804 switch to &NaiveActor::HandlerNormal
I1222 14:38:07.404986 82328 thread.cpp:99] Thread 51384322 construct Actor kCollectiveBoxingGeneric 107760733651045
I1222 14:38:07.404984 82326 runtime_context.cpp:29] DecreaseCounter constructing_actor_cnt, current val is 2645
I1222 14:38:07.405026 82325 thread.cpp:99] Thread 51384321 construct Actor kCopyHd 107760731553804
I1222 14:38:07.405061 82328 runtime_context.cpp:29] DecreaseCounter constructing_actor_cnt, current val is 2644
I1222 14:38:07.405146 82325 runtime_context.cpp:29] DecreaseCounter constructing_actor_cnt, current val is 2643
I1222 14:38:07.405246 82328 naive_actor.cpp:25] actor 107760733651062 switch to &NaiveActor::HandlerNormal
I1222 14:38:07.405275 82328 thread.cpp:99] Thread 51384322 construct Actor kCollectiveBoxingGeneric 107760733651062
I1222 14:38:07.405293 82322 naive_actor.cpp:25] actor 107760729456691 switch to &NaiveActor::HandlerNormal
I1222 14:38:07.405273 82326 copy_comm_net_actor.cpp:66] actor 106652772597779 switch to &CopyCommNetActor::HandlerNormal
I1222 14:38:07.405320 82328 runtime_context.cpp:29] DecreaseCounter constructing_actor_cnt, current val is 2642
I1222 14:38:07.405360 82322 thread.cpp:99] Thread 51384320 construct Actor kNormalForward 107760729456691
I1222 14:38:07.405406 82326 thread.cpp:99] Thread 50856005 construct Actor kCopyCommNet 106652772597779
I1222 14:38:07.405524 82328 naive_actor.cpp:25] actor 107760733650970 switch to &NaiveActor::HandlerNormal
I1222 14:38:07.405527 82322 runtime_context.cpp:29] DecreaseCounter constructing_actor_cnt, current val is 2641
I1222 14:38:07.405544 82326 runtime_context.cpp:29] DecreaseCounter constructing_actor_cnt, current val is 2640
I1222 14:38:07.405556 82328 thread.cpp:99] Thread 51384322 construct Actor kCollectiveBoxingGeneric 107760733650970
I1222 14:38:07.405676 82328 runtime_context.cpp:29] DecreaseCounter constructing_actor_cnt, current val is 2639
I1222 14:38:07.405803 82326 copy_comm_net_actor.cpp:66] actor 106652772597764 switch to &CopyCommNetActor::HandlerNormal
I1222 14:38:07.405836 82328 naive_actor.cpp:25] actor 107760733650993 switch to &NaiveActor::HandlerNormal
I1222 14:38:07.406302 82322 naive_actor.cpp:25] actor 107760729456668 switch to &NaiveActor::HandlerNormal
I1222 14:38:07.406358 82326 thread.cpp:99] Thread 50856005 construct Actor kCopyCommNet 106652772597764
I1222 14:38:07.406378 82328 thread.cpp:99] Thread 51384322 construct Actor kCollectiveBoxingGeneric 107760733650993
I1222 14:38:07.406420 82322 thread.cpp:99] Thread 51384320 construct Actor kNormalForward 107760729456668
I1222 14:38:07.406481 82328 runtime_context.cpp:29] DecreaseCounter constructing_actor_cnt, current val is 2637
I1222 14:38:07.406481 82326 runtime_context.cpp:29] DecreaseCounter constructing_actor_cnt, current val is 2638
I1222 14:38:07.406560 82322 runtime_context.cpp:29] DecreaseCounter constructing_actor_cnt, current val is 2636
I1222 14:38:07.406620 82328 naive_actor.cpp:25] actor 107760733651057 switch to &NaiveActor::HandlerNormal
I1222 14:38:07.406651 82328 thread.cpp:99] Thread 51384322 construct Actor kCollectiveBoxingGeneric 107760733651057
I1222 14:38:07.406684 82328 runtime_context.cpp:29] DecreaseCounter constructing_actor_cnt, current val is 2635
I1222 14:38:07.406756 82326 copy_comm_net_actor.cpp:66] actor 106652772597778 switch to &CopyCommNetActor::HandlerNormal
I1222 14:38:07.406790 82328 naive_actor.cpp:25] actor 107760733650976 switch to &NaiveActor::HandlerNormal
I1222 14:38:07.406823 82326 thread.cpp:99] Thread 50856005 construct Actor kCopyCommNet 106652772597778
I1222 14:38:07.406841 82328 thread.cpp:99] Thread 51384322 construct Actor kCollectiveBoxingGeneric 107760733650976
I1222 14:38:07.406910 82328 runtime_context.cpp:29] DecreaseCounter constructing_actor_cnt, current val is 2634
I1222 14:38:07.406916 82326 runtime_context.cpp:29] DecreaseCounter constructing_actor_cnt, current val is 2633
I1222 14:38:07.407016 82328 naive_actor.cpp:25] actor 107760733651003 switch to &NaiveActor::HandlerNormal
I1222 14:38:07.407047 82328 thread.cpp:99] Thread 51384322 construct Actor kCollectiveBoxingGeneric 107760733651003
I1222 14:38:07.407086 82328 runtime_context.cpp:29] DecreaseCounter constructing_actor_cnt, current val is 2632
I1222 14:38:07.407125 82326 copy_comm_net_actor.cpp:66] actor 106652772597770 switch to &CopyCommNetActor::HandlerNormal
I1222 14:38:07.407191 82328 naive_actor.cpp:25] actor 107760733650950 switch to &NaiveActor::HandlerNormal
I1222 14:38:07.407222 82328 thread.cpp:99] Thread 51384322 construct Actor kCollectiveBoxingGeneric 107760733650950
I1222 14:38:07.407196 82326 thread.cpp:99] Thread 50856005 construct Actor kCopyCommNet 106652772597770
I1222 14:38:07.407255 82328 runtime_context.cpp:29] DecreaseCounter constructing_actor_cnt, current val is 2631
I1222 14:38:07.407311 82326 runtime_context.cpp:29] DecreaseCounter constructing_actor_cnt, current val is 2630
I1222 14:38:07.407387 82328 naive_actor.cpp:25] actor 107760733651018 switch to &NaiveActor::HandlerNormal
I1222 14:38:07.407416 82328 thread.cpp:99] Thread 51384322 construct Actor kCollectiveBoxingGeneric 107760733651018
I1222 14:38:07.407450 82328 runtime_context.cpp:29] DecreaseCounter constructing_actor_cnt, current val is 2629
I1222 14:38:07.407531 82326 copy_comm_net_actor.cpp:66] actor 106652772597769 switch to &CopyCommNetActor::HandlerNormal
I1222 14:38:07.407548 82328 naive_actor.cpp:25] actor 107760733650949 switch to &NaiveActor::HandlerNormal
I1222 14:38:07.407598 82326 thread.cpp:99] Thread 50856005 construct Actor kCopyCommNet 106652772597769
I1222 14:38:07.407616 82328 thread.cpp:99] Thread 51384322 construct Actor kCollectiveBoxingGeneric 107760733650949
I1222 14:38:07.407680 82328 runtime_context.cpp:29] DecreaseCounter constructing_actor_cnt, current val is 2627
I1222 14:38:07.407680 82326 runtime_context.cpp:29] DecreaseCounter constructing_actor_cnt, current val is 2628
I1222 14:38:07.407775 82328 naive_actor.cpp:25] actor 107760733650978 switch to &NaiveActor::HandlerNormal
I1222 14:38:07.407884 82322 naive_actor.cpp:25] actor 107760729456649 switch to &NaiveActor::HandlerNormal
I1222 14:38:07.407948 82326 copy_comm_net_actor.cpp:66] actor 106652772597775 switch to &CopyCommNetActor::HandlerNormal
I1222 14:38:07.408272 82328 thread.cpp:99] Thread 51384322 construct Actor kCollectiveBoxingGeneric 107760733650978
I1222 14:38:07.408316 82322 thread.cpp:99] Thread 51384320 construct Actor kNormalForward 107760729456649
I1222 14:38:07.408354 82326 thread.cpp:99] Thread 50856005 construct Actor kCopyCommNet 106652772597775
I1222 14:38:07.408380 82328 runtime_context.cpp:29] DecreaseCounter constructing_actor_cnt, current val is 2626
I1222 14:38:07.408454 82326 runtime_context.cpp:29] DecreaseCounter constructing_actor_cnt, current val is 2625
I1222 14:38:07.408454 82322 runtime_context.cpp:29] DecreaseCounter constructing_actor_cnt, current val is 2624
I1222 14:38:07.408536 82328 naive_actor.cpp:25] actor 107760733651041 switch to &NaiveActor::HandlerNormal
I1222 14:38:07.408582 82328 thread.cpp:99] Thread 51384322 construct Actor kCollectiveBoxingGeneric 107760733651041
I1222 14:38:07.408608 82328 runtime_context.cpp:29] DecreaseCounter constructing_actor_cnt, current val is 2623
I1222 14:38:07.408671 82326 copy_comm_net_actor.cpp:66] actor 106652772597781 switch to &CopyCommNetActor::HandlerNormal
I1222 14:38:07.408704 82328 naive_actor.cpp:25] actor 107760733651037 switch to &NaiveActor::HandlerNormal
I1222 14:38:07.408737 82326 thread.cpp:99] Thread 50856005 construct Actor kCopyCommNet 106652772597781
I1222 14:38:07.408756 82328 thread.cpp:99] Thread 51384322 construct Actor kCollectiveBoxingGeneric 107760733651037
I1222 14:38:07.408824 82328 runtime_context.cpp:29] DecreaseCounter constructing_actor_cnt, current val is 2622
I1222 14:38:07.408828 82326 runtime_context.cpp:29] DecreaseCounter constructing_actor_cnt, current val is 2621
I1222 14:38:07.408905 82322 naive_actor.cpp:25] actor 107760729456775 switch to &NaiveActor::HandlerNormal
I1222 14:38:07.408931 82328 naive_actor.cpp:25] actor 107760733651087 switch to &NaiveActor::HandlerNormal
I1222 14:38:07.408967 82322 thread.cpp:99] Thread 51384320 construct Actor kNormalForward 107760729456775
I1222 14:38:07.408984 82328 thread.cpp:99] Thread 51384322 construct Actor kCollectiveBoxingGeneric 107760733651087
I1222 14:38:07.409034 82326 copy_comm_net_actor.cpp:66] actor 106652772597780 switch to &CopyCommNetActor::HandlerNormal
I1222 14:38:07.409065 82328 runtime_context.cpp:29] DecreaseCounter constructing_actor_cnt, current val is 2620
I1222 14:38:07.409071 82322 runtime_context.cpp:29] DecreaseCounter constructing_actor_cnt, current val is 2619
I1222 14:38:07.409096 82326 thread.cpp:99] Thread 50856005 construct Actor kCopyCommNet 106652772597780
I1222 14:38:07.409212 82326 runtime_context.cpp:29] DecreaseCounter constructing_actor_cnt, current val is 2618
I1222 14:38:07.409212 82328 naive_actor.cpp:25] actor 107760733651099 switch to &NaiveActor::HandlerNormal
I1222 14:38:07.409292 82328 thread.cpp:99] Thread 51384322 construct Actor kCollectiveBoxingGeneric 107760733651099
I1222 14:38:07.409328 82328 runtime_context.cpp:29] DecreaseCounter constructing_actor_cnt, current val is 2617
I1222 14:38:07.409420 82326 copy_comm_net_actor.cpp:66] actor 106652772597774 switch to &CopyCommNetActor::HandlerNormal
I1222 14:38:07.409430 82328 naive_actor.cpp:25] actor 107760733651066 switch to &NaiveActor::HandlerNormal
I1222 14:38:07.409487 82326 thread.cpp:99] Thread 50856005 construct Actor kCopyCommNet 106652772597774
I1222 14:38:07.409523 82328 thread.cpp:99] Thread 51384322 construct Actor kCollectiveBoxingGeneric 107760733651066
I1222 14:38:07.409587 82328 runtime_context.cpp:29] DecreaseCounter constructing_actor_cnt, current val is 2615
I1222 14:38:07.409588 82326 runtime_context.cpp:29] DecreaseCounter constructing_actor_cnt, current val is 2616
I1222 14:38:07.409698 82328 naive_actor.cpp:25] actor 107760733651039 switch to &NaiveActor::HandlerNormal
I1222 14:38:07.409760 82328 thread.cpp:99] Thread 51384322 construct Actor kCollectiveBoxingGeneric 107760733651039
I1222 14:38:07.409821 82326 copy_comm_net_actor.cpp:66] actor 106652772597777 switch to &CopyCommNetActor::HandlerNormal
I1222 14:38:07.410065 82322 naive_actor.cpp:25] actor 107760729456652 switch to &NaiveActor::HandlerNormal
I1222 14:38:07.410250 82328 runtime_context.cpp:29] DecreaseCounter constructing_actor_cnt, current val is 2614
I1222 14:38:07.410286 82326 thread.cpp:99] Thread 50856005 construct Actor kCopyCommNet 106652772597777
I1222 14:38:07.410323 82322 thread.cpp:99] Thread 51384320 construct Actor kNormalForward 107760729456652
I1222 14:38:07.410400 82326 runtime_context.cpp:29] DecreaseCounter constructing_actor_cnt, current val is 2613
I1222 14:38:07.410442 82328 naive_actor.cpp:25] actor 107760733651051 switch to &NaiveActor::HandlerNormal
I1222 14:38:07.410463 82328 thread.cpp:99] Thread 51384322 construct Actor kCollectiveBoxingGeneric 107760733651051
I1222 14:38:07.410465 82322 runtime_context.cpp:29] DecreaseCounter constructing_actor_cnt, current val is 2612
I1222 14:38:07.410501 82328 runtime_context.cpp:29] DecreaseCounter constructing_actor_cnt, current val is 2611
I1222 14:38:07.410627 82326 copy_comm_net_actor.cpp:66] actor 106652772597773 switch to &CopyCommNetActor::HandlerNormal
I1222 14:38:07.410663 82328 naive_actor.cpp:25] actor 107760733651064 switch to &NaiveActor::HandlerNormal
I1222 14:38:07.410694 82326 thread.cpp:99] Thread 50856005 construct Actor kCopyCommNet 106652772597773
I1222 14:38:07.410722 82328 thread.cpp:99] Thread 51384322 construct Actor kCollectiveBoxingGeneric 107760733651064
I1222 14:38:07.410792 82326 runtime_context.cpp:29] DecreaseCounter constructing_actor_cnt, current val is 2610
I1222 14:38:07.410796 82328 runtime_context.cpp:29] DecreaseCounter constructing_actor_cnt, current val is 2609
I1222 14:38:07.410955 82328 naive_actor.cpp:25] actor 107760733650946 switch to &NaiveActor::HandlerNormal
I1222 14:38:07.410986 82328 thread.cpp:99] Thread 51384322 construct Actor kCollectiveBoxingGeneric 107760733650946
I1222 14:38:07.411012 82328 runtime_context.cpp:29] DecreaseCounter constructing_actor_cnt, current val is 2608
I1222 14:38:07.411116 82328 naive_actor.cpp:25] actor 107760733650996 switch to &NaiveActor::HandlerNormal
I1222 14:38:07.411149 82328 thread.cpp:99] Thread 51384322 construct Actor kCollectiveBoxingGeneric 107760733650996
I1222 14:38:07.411173 82328 runtime_context.cpp:29] DecreaseCounter constructing_actor_cnt, current val is 2607
I1222 14:38:07.411274 82328 naive_actor.cpp:25] actor 107760733651048 switch to &NaiveActor::HandlerNormal
I1222 14:38:07.411303 82328 thread.cpp:99] Thread 51384322 construct Actor kCollectiveBoxingGeneric 107760733651048
I1222 14:38:07.411329 82328 runtime_context.cpp:29] DecreaseCounter constructing_actor_cnt, current val is 2606
I1222 14:38:07.411398 82322 naive_actor.cpp:25] actor 107760729456667 switch to &NaiveActor::HandlerNormal
I1222 14:38:07.411422 82328 naive_actor.cpp:25] actor 107760733650990 switch to &NaiveActor::HandlerNormal
I1222 14:38:07.411458 82322 thread.cpp:99] Thread 51384320 construct Actor kNormalForward 107760729456667
I1222 14:38:07.411478 82328 thread.cpp:99] Thread 51384322 construct Actor kCollectiveBoxingGeneric 107760733650990
I1222 14:38:07.411538 82328 runtime_context.cpp:29] DecreaseCounter constructing_actor_cnt, current val is 2605
I1222 14:38:07.411556 82322 runtime_context.cpp:29] DecreaseCounter constructing_actor_cnt, current val is 2604
I1222 14:38:07.411635 82328 naive_actor.cpp:25] actor 107760733651146 switch to &NaiveActor::HandlerNormal
I1222 14:38:07.411667 82328 thread.cpp:99] Thread 51384322 construct Actor kCollectiveBoxingGeneric 107760733651146
I1222 14:38:07.411700 82328 runtime_context.cpp:29] DecreaseCounter constructing_actor_cnt, current val is 2603
I1222 14:38:07.411801 82328 naive_actor.cpp:25] actor 107760733651082 switch to &NaiveActor::HandlerNormal
I1222 14:38:07.411829 82328 thread.cpp:99] Thread 51384322 construct Actor kCollectiveBoxingGeneric 107760733651082
I1222 14:38:07.411888 82328 runtime_context.cpp:29] DecreaseCounter constructing_actor_cnt, current val is 2602
I1222 14:38:07.412281 82322 naive_actor.cpp:25] actor 107760729456653 switch to &NaiveActor::HandlerNormal
I1222 14:38:07.412461 82322 thread.cpp:99] Thread 51384320 construct Actor kNormalForward 107760729456653
I1222 14:38:07.412501 82328 naive_actor.cpp:25] actor 107760733651025 switch to &NaiveActor::HandlerNormal
I1222 14:38:07.412529 82328 thread.cpp:99] Thread 51384322 construct Actor kCollectiveBoxingGeneric 107760733651025
I1222 14:38:07.412539 82322 runtime_context.cpp:29] DecreaseCounter constructing_actor_cnt, current val is 2601
I1222 14:38:07.412554 82328 runtime_context.cpp:29] DecreaseCounter constructing_actor_cnt, current val is 2600
I1222 14:38:07.412674 82328 naive_actor.cpp:25] actor 107760733651034 switch to &NaiveActor::HandlerNormal
I1222 14:38:07.412703 82328 thread.cpp:99] Thread 51384322 construct Actor kCollectiveBoxingGeneric 107760733651034
I1222 14:38:07.412727 82328 runtime_context.cpp:29] DecreaseCounter constructing_actor_cnt, current val is 2599
I1222 14:38:07.412832 82328 naive_actor.cpp:25] actor 107760733651016 switch to &NaiveActor::HandlerNormal
I1222 14:38:07.412842 82322 naive_actor.cpp:25] actor 107760729456662 switch to &NaiveActor::HandlerNormal
I1222 14:38:07.412863 82328 thread.cpp:99] Thread 51384322 construct Actor kCollectiveBoxingGeneric 107760733651016
I1222 14:38:07.412904 82322 thread.cpp:99] Thread 51384320 construct Actor kNormalForward 107760729456662
I1222 14:38:07.412930 82328 runtime_context.cpp:29] DecreaseCounter constructing_actor_cnt, current val is 2598
I1222 14:38:07.412976 82322 runtime_context.cpp:29] DecreaseCounter constructing_actor_cnt, current val is 2597
I1222 14:38:07.413044 82328 naive_actor.cpp:25] actor 107760733651074 switch to &NaiveActor::HandlerNormal
I1222 14:38:07.413074 82328 thread.cpp:99] Thread 51384322 construct Actor kCollectiveBoxingGeneric 107760733651074
I1222 14:38:07.413105 82328 runtime_context.cpp:29] DecreaseCounter constructing_actor_cnt, current val is 2596
I1222 14:38:07.413201 82328 naive_actor.cpp:25] actor 107760733650975 switch to &NaiveActor::HandlerNormal
I1222 14:38:07.413229 82328 thread.cpp:99] Thread 51384322 construct Actor kCollectiveBoxingGeneric 107760733650975
I1222 14:38:07.413252 82328 runtime_context.cpp:29] DecreaseCounter constructing_actor_cnt, current val is 2595
I1222 14:38:07.413276 82322 naive_actor.cpp:25] actor 107760729456660 switch to &NaiveActor::HandlerNormal
I1222 14:38:07.413328 82322 thread.cpp:99] Thread 51384320 construct Actor kNormalForward 107760729456660
I1222 14:38:07.413364 82328 naive_actor.cpp:25] actor 107760733651001 switch to &NaiveActor::HandlerNormal
I1222 14:38:07.413390 82328 thread.cpp:99] Thread 51384322 construct Actor kCollectiveBoxingGeneric 107760733651001
I1222 14:38:07.413391 82322 runtime_context.cpp:29] DecreaseCounter constructing_actor_cnt, current val is 2594
I1222 14:38:07.413424 82328 runtime_context.cpp:29] DecreaseCounter constructing_actor_cnt, current val is 2593
I1222 14:38:07.413553 82328 naive_actor.cpp:25] actor 107760733650971 switch to &NaiveActor::HandlerNormal
I1222 14:38:07.413583 82328 thread.cpp:99] Thread 51384322 construct Actor kCollectiveBoxingGeneric 107760733650971
I1222 14:38:07.413615 82328 runtime_context.cpp:29] DecreaseCounter constructing_actor_cnt, current val is 2592
I1222 14:38:07.413715 82328 naive_actor.cpp:25] actor 107760733651023 switch to &NaiveActor::HandlerNormal
I1222 14:38:07.413744 82328 thread.cpp:99] Thread 51384322 construct Actor kCollectiveBoxingGeneric 107760733651023
I1222 14:38:07.413777 82328 runtime_context.cpp:29] DecreaseCounter constructing_actor_cnt, current val is 2591
I1222 14:38:07.413885 82328 naive_actor.cpp:25] actor 107760733650944 switch to &NaiveActor::HandlerNormal
I1222 14:38:07.413915 82328 thread.cpp:99] Thread 51384322 construct Actor kCollectiveBoxingGeneric 107760733650944
I1222 14:38:07.413946 82328 runtime_context.cpp:29] DecreaseCounter constructing_actor_cnt, current val is 2590
I1222 14:38:07.414085 82328 naive_actor.cpp:25] actor 107760733650952 switch to &NaiveActor::HandlerNormal
I1222 14:38:07.414170 82322 naive_actor.cpp:25] actor 107760729456694 switch to &NaiveActor::HandlerNormal
I1222 14:38:07.414624 82328 thread.cpp:99] Thread 51384322 construct Actor kCollectiveBoxingGeneric 107760733650952
I1222 14:38:07.414667 82322 thread.cpp:99] Thread 51384320 construct Actor kNormalForward 107760729456694
I1222 14:38:07.414693 82328 runtime_context.cpp:29] DecreaseCounter constructing_actor_cnt, current val is 2589
I1222 14:38:07.414753 82322 runtime_context.cpp:29] DecreaseCounter constructing_actor_cnt, current val is 2588
I1222 14:38:07.414814 82328 naive_actor.cpp:25] actor 107760733650969 switch to &NaiveActor::HandlerNormal
