 Insert buffer op : [System-Pipeline-Buffer-Op_-base_model.m_stage0.encoder.layer.1.output.dropout-dropout_97-mask_0-stage_id_0](buffer_size:4) 
 from [base_model.m_stage0.encoder.layer.1.output.dropout-dropout_97] (stage_id:0) -> [base_model.m_stage0.encoder.layer.1.output.dropout-dropout_97_grad] (stage_id:0) 
I1222 14:40:25.310986 82526 pipeline_buffer_pass.cpp:117] 
 Insert buffer op : [System-Pipeline-Buffer-Op_-base_model.m_stage0.encoder.layer.1.intermediate.intermediate_act_fn-gelu_94-out_0-stage_id_0](buffer_size:4) 
 from [base_model.m_stage0.encoder.layer.1.intermediate.intermediate_act_fn-gelu_94] (stage_id:0) -> [base_model.m_stage0.encoder.layer.1.output.dense-broadcast_matmul_95_b_grad] (stage_id:0) 
I1222 14:40:25.311342 82526 pipeline_buffer_pass.cpp:117] 
 Insert buffer op : [System-Pipeline-Buffer-Op_-base_model.m_stage0.encoder.layer.1.intermediate.dense-broadcast_add_93-z_0-stage_id_0](buffer_size:4) 
 from [base_model.m_stage0.encoder.layer.1.intermediate.dense-broadcast_add_93] (stage_id:0) -> [base_model.m_stage0.encoder.layer.1.intermediate.intermediate_act_fn-gelu_94_grad] (stage_id:0) 
I1222 14:40:25.311403 82526 pipeline_buffer_pass.cpp:117] 
 Insert buffer op : [System-Pipeline-Buffer-Op_-base_model.m_stage0.encoder.layer.1.attention.output.LayerNorm-layer_norm_91-y_0-stage_id_0](buffer_size:4) 
 from [base_model.m_stage0.encoder.layer.1.attention.output.LayerNorm-layer_norm_91] (stage_id:0) -> [base_model.m_stage0.encoder.layer.1.intermediate.dense-broadcast_matmul_92_b_grad] (stage_id:0) 
I1222 14:40:25.311457 82526 pipeline_buffer_pass.cpp:117] 
 Insert buffer op : [System-Pipeline-Buffer-Op_-base_model.m_stage0.encoder.layer.1.attention.output.LayerNorm-layer_norm_91-normalized_0-stage_id_0](buffer_size:4) 
 from [base_model.m_stage0.encoder.layer.1.attention.output.LayerNorm-layer_norm_91] (stage_id:0) -> [base_model.m_stage0.encoder.layer.1.attention.output.LayerNorm-layer_norm_91_param_grad] (stage_id:0) 
I1222 14:40:25.311519 82526 pipeline_buffer_pass.cpp:117] 
 Insert buffer op : [System-Pipeline-Buffer-Op_-base_model.m_stage0.encoder.layer.1.attention.output-add_n_90-out_0-stage_id_0](buffer_size:4) 
 from [base_model.m_stage0.encoder.layer.1.attention.output-add_n_90] (stage_id:0) -> [base_model.m_stage0.encoder.layer.1.attention.output.LayerNorm-layer_norm_91_grad] (stage_id:0) 
I1222 14:40:25.311573 82526 pipeline_buffer_pass.cpp:117] 
 Insert buffer op : [System-Pipeline-Buffer-Op_-base_model.m_stage0.encoder.layer.1.attention.output.LayerNorm-layer_norm_91-mean_0-stage_id_0](buffer_size:4) 
 from [base_model.m_stage0.encoder.layer.1.attention.output.LayerNorm-layer_norm_91] (stage_id:0) -> [base_model.m_stage0.encoder.layer.1.attention.output.LayerNorm-layer_norm_91_grad] (stage_id:0) 
I1222 14:40:25.311621 82526 pipeline_buffer_pass.cpp:117] 
 Insert buffer op : [System-Pipeline-Buffer-Op_-base_model.m_stage0.encoder.layer.1.attention.output.LayerNorm-layer_norm_91-inv_variance_0-stage_id_0](buffer_size:4) 
 from [base_model.m_stage0.encoder.layer.1.attention.output.LayerNorm-layer_norm_91] (stage_id:0) -> [base_model.m_stage0.encoder.layer.1.attention.output.LayerNorm-layer_norm_91_grad] (stage_id:0) 
I1222 14:40:25.311674 82526 pipeline_buffer_pass.cpp:117] 
 Insert buffer op : [System-Pipeline-Buffer-Op_-base_model.m_stage0.encoder.layer.1.attention.output.dropout-dropout_89-mask_0-stage_id_0](buffer_size:4) 
 from [base_model.m_stage0.encoder.layer.1.attention.output.dropout-dropout_89] (stage_id:0) -> [base_model.m_stage0.encoder.layer.1.attention.output.dropout-dropout_89_grad] (stage_id:0) 
I1222 14:40:25.311733 82526 pipeline_buffer_pass.cpp:117] 
 Insert buffer op : [System-Pipeline-Buffer-Op_-base_model.m_stage0.encoder.layer.1.attention.self-reshape_86-out_0-stage_id_0](buffer_size:4) 
 from [base_model.m_stage0.encoder.layer.1.attention.self-reshape_86] (stage_id:0) -> [base_model.m_stage0.encoder.layer.1.attention.output.dense-broadcast_matmul_87_b_grad] (stage_id:0) 
I1222 14:40:25.311789 82526 pipeline_buffer_pass.cpp:117] 
 Insert buffer op : [System-Pipeline-Buffer-Op_-base_model.m_stage0.encoder.layer.1.attention.self-transpose_77-output_0-stage_id_0](buffer_size:4) 
 from [base_model.m_stage0.encoder.layer.1.attention.self-transpose_77] (stage_id:0) -> [base_model.m_stage0.encoder.layer.1.attention.self-batch_matmul_84_grad_a] (stage_id:0) 
I1222 14:40:25.311872 82526 pipeline_buffer_pass.cpp:117] 
 Insert buffer op : [System-Pipeline-Buffer-Op_-base_model.m_stage0.encoder.layer.1.attention.self.dropout-dropout_83-out_0-stage_id_0](buffer_size:4) 
 from [base_model.m_stage0.encoder.layer.1.attention.self.dropout-dropout_83] (stage_id:0) -> [base_model.m_stage0.encoder.layer.1.attention.self-batch_matmul_84_grad_b] (stage_id:0) 
I1222 14:40:25.312247 82526 pipeline_buffer_pass.cpp:117] 
 Insert buffer op : [System-Pipeline-Buffer-Op_-base_model.m_stage0.encoder.layer.1.attention.self.dropout-dropout_83-mask_0-stage_id_0](buffer_size:4) 
 from [base_model.m_stage0.encoder.layer.1.attention.self.dropout-dropout_83] (stage_id:0) -> [base_model.m_stage0.encoder.layer.1.attention.self.dropout-dropout_83_grad] (stage_id:0) 
I1222 14:40:25.312304 82526 pipeline_buffer_pass.cpp:117] 
 Insert buffer op : [System-Pipeline-Buffer-Op_-base_model.m_stage0.encoder.layer.1.attention.self-softmax_82-out_0-stage_id_0](buffer_size:4) 
 from [base_model.m_stage0.encoder.layer.1.attention.self-softmax_82] (stage_id:0) -> [base_model.m_stage0.encoder.layer.1.attention.self-softmax_82_grad] (stage_id:0) 
I1222 14:40:25.312362 82526 pipeline_buffer_pass.cpp:117] 
 Insert buffer op : [System-Pipeline-Buffer-Op_-base_model.m_stage0.encoder.layer.0.output.LayerNorm-layer_norm_65-y_0-stage_id_0](buffer_size:4) 
 from [base_model.m_stage0.encoder.layer.0.output.LayerNorm-layer_norm_65] (stage_id:0) -> [base_model.m_stage0.encoder.layer.1.attention.self.value-broadcast_matmul_74_b_grad] (stage_id:0) 
I1222 14:40:25.312415 82526 pipeline_buffer_pass.cpp:117] 
 Insert buffer op : [System-Pipeline-Buffer-Op_-base_model.m_stage0.encoder.layer.1.attention.self-transpose_78-output_0-stage_id_0](buffer_size:4) 
 from [base_model.m_stage0.encoder.layer.1.attention.self-transpose_78] (stage_id:0) -> [base_model.m_stage0.encoder.layer.1.attention.self-batch_matmul_79_grad_a] (stage_id:0) 
I1222 14:40:25.312469 82526 pipeline_buffer_pass.cpp:117] 
 Insert buffer op : [System-Pipeline-Buffer-Op_-base_model.m_stage0.encoder.layer.1.attention.self-transpose_69-output_0-stage_id_0](buffer_size:4) 
 from [base_model.m_stage0.encoder.layer.1.attention.self-transpose_69] (stage_id:0) -> [base_model.m_stage0.encoder.layer.1.attention.self-batch_matmul_79_grad_b] (stage_id:0) 
I1222 14:40:25.312567 82526 pipeline_buffer_pass.cpp:117] 
 Insert buffer op : [System-Pipeline-Buffer-Op_-base_model.m_stage0.encoder.layer.0.output.LayerNorm-layer_norm_65-normalized_0-stage_id_0](buffer_size:4) 
 from [base_model.m_stage0.encoder.layer.0.output.LayerNorm-layer_norm_65] (stage_id:0) -> [base_model.m_stage0.encoder.layer.0.output.LayerNorm-layer_norm_65_param_grad] (stage_id:0) 
I1222 14:40:25.312623 82526 pipeline_buffer_pass.cpp:117] 
 Insert buffer op : [System-Pipeline-Buffer-Op_-base_model.m_stage0.encoder.layer.0.output-add_n_64-out_0-stage_id_0](buffer_size:4) 
 from [base_model.m_stage0.encoder.layer.0.output-add_n_64] (stage_id:0) -> [base_model.m_stage0.encoder.layer.0.output.LayerNorm-layer_norm_65_grad] (stage_id:0) 
I1222 14:40:25.312675 82526 pipeline_buffer_pass.cpp:117] 
 Insert buffer op : [System-Pipeline-Buffer-Op_-base_model.m_stage0.encoder.layer.0.output.LayerNorm-layer_norm_65-mean_0-stage_id_0](buffer_size:4) 
 from [base_model.m_stage0.encoder.layer.0.output.LayerNorm-layer_norm_65] (stage_id:0) -> [base_model.m_stage0.encoder.layer.0.output.LayerNorm-layer_norm_65_grad] (stage_id:0) 
I1222 14:40:25.312722 82526 pipeline_buffer_pass.cpp:117] 
 Insert buffer op : [System-Pipeline-Buffer-Op_-base_model.m_stage0.encoder.layer.0.output.LayerNorm-layer_norm_65-inv_variance_0-stage_id_0](buffer_size:4) 
 from [base_model.m_stage0.encoder.layer.0.output.LayerNorm-layer_norm_65] (stage_id:0) -> [base_model.m_stage0.encoder.layer.0.output.LayerNorm-layer_norm_65_grad] (stage_id:0) 
I1222 14:40:25.312773 82526 pipeline_buffer_pass.cpp:117] 
 Insert buffer op : [System-Pipeline-Buffer-Op_-base_model.m_stage0.encoder.layer.0.output.dropout-dropout_63-mask_0-stage_id_0](buffer_size:4) 
 from [base_model.m_stage0.encoder.layer.0.output.dropout-dropout_63] (stage_id:0) -> [base_model.m_stage0.encoder.layer.0.output.dropout-dropout_63_grad] (stage_id:0) 
I1222 14:40:25.312860 82526 pipeline_buffer_pass.cpp:117] 
 Insert buffer op : [System-Pipeline-Buffer-Op_-base_model.m_stage0.encoder.layer.0.intermediate.intermediate_act_fn-gelu_60-out_0-stage_id_0](buffer_size:4) 
 from [base_model.m_stage0.encoder.layer.0.intermediate.intermediate_act_fn-gelu_60] (stage_id:0) -> [base_model.m_stage0.encoder.layer.0.output.dense-broadcast_matmul_61_b_grad] (stage_id:0) 
I1222 14:40:25.313227 82526 pipeline_buffer_pass.cpp:117] 
 Insert buffer op : [System-Pipeline-Buffer-Op_-base_model.m_stage0.encoder.layer.0.intermediate.dense-broadcast_add_59-z_0-stage_id_0](buffer_size:4) 
 from [base_model.m_stage0.encoder.layer.0.intermediate.dense-broadcast_add_59] (stage_id:0) -> [base_model.m_stage0.encoder.layer.0.intermediate.intermediate_act_fn-gelu_60_grad] (stage_id:0) 
I1222 14:40:25.313287 82526 pipeline_buffer_pass.cpp:117] 
 Insert buffer op : [System-Pipeline-Buffer-Op_-base_model.m_stage0.encoder.layer.0.attention.output.LayerNorm-layer_norm_57-y_0-stage_id_0](buffer_size:4) 
 from [base_model.m_stage0.encoder.layer.0.attention.output.LayerNorm-layer_norm_57] (stage_id:0) -> [base_model.m_stage0.encoder.layer.0.intermediate.dense-broadcast_matmul_58_b_grad] (stage_id:0) 
I1222 14:40:25.313342 82526 pipeline_buffer_pass.cpp:117] 
 Insert buffer op : [System-Pipeline-Buffer-Op_-base_model.m_stage0.encoder.layer.0.attention.output.LayerNorm-layer_norm_57-normalized_0-stage_id_0](buffer_size:4) 
 from [base_model.m_stage0.encoder.layer.0.attention.output.LayerNorm-layer_norm_57] (stage_id:0) -> [base_model.m_stage0.encoder.layer.0.attention.output.LayerNorm-layer_norm_57_param_grad] (stage_id:0) 
I1222 14:40:25.313397 82526 pipeline_buffer_pass.cpp:117] 
 Insert buffer op : [System-Pipeline-Buffer-Op_-base_model.m_stage0.encoder.layer.0.attention.output-add_n_56-out_0-stage_id_0](buffer_size:4) 
 from [base_model.m_stage0.encoder.layer.0.attention.output-add_n_56] (stage_id:0) -> [base_model.m_stage0.encoder.layer.0.attention.output.LayerNorm-layer_norm_57_grad] (stage_id:0) 
I1222 14:40:25.313450 82526 pipeline_buffer_pass.cpp:117] 
 Insert buffer op : [System-Pipeline-Buffer-Op_-base_model.m_stage0.encoder.layer.0.attention.output.LayerNorm-layer_norm_57-mean_0-stage_id_0](buffer_size:4) 
 from [base_model.m_stage0.encoder.layer.0.attention.output.LayerNorm-layer_norm_57] (stage_id:0) -> [base_model.m_stage0.encoder.layer.0.attention.output.LayerNorm-layer_norm_57_grad] (stage_id:0) 
I1222 14:40:25.313496 82526 pipeline_buffer_pass.cpp:117] 
 Insert buffer op : [System-Pipeline-Buffer-Op_-base_model.m_stage0.encoder.layer.0.attention.output.LayerNorm-layer_norm_57-inv_variance_0-stage_id_0](buffer_size:4) 
 from [base_model.m_stage0.encoder.layer.0.attention.output.LayerNorm-layer_norm_57] (stage_id:0) -> [base_model.m_stage0.encoder.layer.0.attention.output.LayerNorm-layer_norm_57_grad] (stage_id:0) 
I1222 14:40:25.313555 82526 pipeline_buffer_pass.cpp:117] 
 Insert buffer op : [System-Pipeline-Buffer-Op_-base_model.m_stage0.encoder.layer.0.attention.output.dropout-dropout_55-mask_0-stage_id_0](buffer_size:4) 
 from [base_model.m_stage0.encoder.layer.0.attention.output.dropout-dropout_55] (stage_id:0) -> [base_model.m_stage0.encoder.layer.0.attention.output.dropout-dropout_55_grad] (stage_id:0) 
I1222 14:40:25.313613 82526 pipeline_buffer_pass.cpp:117] 
 Insert buffer op : [System-Pipeline-Buffer-Op_-base_model.m_stage0.encoder.layer.0.attention.self-reshape_52-out_0-stage_id_0](buffer_size:4) 
 from [base_model.m_stage0.encoder.layer.0.attention.self-reshape_52] (stage_id:0) -> [base_model.m_stage0.encoder.layer.0.attention.output.dense-broadcast_matmul_53_b_grad] (stage_id:0) 
I1222 14:40:25.313669 82526 pipeline_buffer_pass.cpp:117] 
 Insert buffer op : [System-Pipeline-Buffer-Op_-base_model.m_stage0.encoder.layer.0.attention.self-transpose_43-output_0-stage_id_0](buffer_size:4) 
 from [base_model.m_stage0.encoder.layer.0.attention.self-transpose_43] (stage_id:0) -> [base_model.m_stage0.encoder.layer.0.attention.self-batch_matmul_50_grad_a] (stage_id:0) 
I1222 14:40:25.313753 82526 pipeline_buffer_pass.cpp:117] 
 Insert buffer op : [System-Pipeline-Buffer-Op_-base_model.m_stage0.encoder.layer.0.attention.self.dropout-dropout_49-out_0-stage_id_0](buffer_size:4) 
 from [base_model.m_stage0.encoder.layer.0.attention.self.dropout-dropout_49] (stage_id:0) -> [base_model.m_stage0.encoder.layer.0.attention.self-batch_matmul_50_grad_b] (stage_id:0) 
I1222 14:40:25.314127 82526 pipeline_buffer_pass.cpp:117] 
 Insert buffer op : [System-Pipeline-Buffer-Op_-base_model.m_stage0.encoder.layer.0.attention.self.dropout-dropout_49-mask_0-stage_id_0](buffer_size:4) 
 from [base_model.m_stage0.encoder.layer.0.attention.self.dropout-dropout_49] (stage_id:0) -> [base_model.m_stage0.encoder.layer.0.attention.self.dropout-dropout_49_grad] (stage_id:0) 
I1222 14:40:25.314184 82526 pipeline_buffer_pass.cpp:117] 
 Insert buffer op : [System-Pipeline-Buffer-Op_-base_model.m_stage0.encoder.layer.0.attention.self-softmax_48-out_0-stage_id_0](buffer_size:4) 
 from [base_model.m_stage0.encoder.layer.0.attention.self-softmax_48] (stage_id:0) -> [base_model.m_stage0.encoder.layer.0.attention.self-softmax_48_grad] (stage_id:0) 
I1222 14:40:25.314242 82526 pipeline_buffer_pass.cpp:117] 
 Insert buffer op : [System-Pipeline-Buffer-Op_-base_model.m_stage0.embeddings.dropout-dropout_25-out_0-stage_id_0](buffer_size:4) 
 from [base_model.m_stage0.embeddings.dropout-dropout_25] (stage_id:0) -> [base_model.m_stage0.encoder.layer.0.attention.self.value-broadcast_matmul_40_b_grad] (stage_id:0) 
I1222 14:40:25.314296 82526 pipeline_buffer_pass.cpp:117] 
 Insert buffer op : [System-Pipeline-Buffer-Op_-base_model.m_stage0.encoder.layer.0.attention.self-transpose_44-output_0-stage_id_0](buffer_size:4) 
 from [base_model.m_stage0.encoder.layer.0.attention.self-transpose_44] (stage_id:0) -> [base_model.m_stage0.encoder.layer.0.attention.self-batch_matmul_45_grad_a] (stage_id:0) 
I1222 14:40:25.314347 82526 pipeline_buffer_pass.cpp:117] 
 Insert buffer op : [System-Pipeline-Buffer-Op_-base_model.m_stage0.encoder.layer.0.attention.self-transpose_35-output_0-stage_id_0](buffer_size:4) 
 from [base_model.m_stage0.encoder.layer.0.attention.self-transpose_35] (stage_id:0) -> [base_model.m_stage0.encoder.layer.0.attention.self-batch_matmul_45_grad_b] (stage_id:0) 
I1222 14:40:25.314440 82526 pipeline_buffer_pass.cpp:117] 
 Insert buffer op : [System-Pipeline-Buffer-Op_-base_model.m_stage0.embeddings.dropout-dropout_25-mask_0-stage_id_0](buffer_size:4) 
 from [base_model.m_stage0.embeddings.dropout-dropout_25] (stage_id:0) -> [base_model.m_stage0.embeddings.dropout-dropout_25_grad] (stage_id:0) 
I1222 14:40:25.314494 82526 pipeline_buffer_pass.cpp:117] 
 Insert buffer op : [System-Pipeline-Buffer-Op_-base_model.m_stage0.embeddings.LayerNorm-layer_norm_24-normalized_0-stage_id_0](buffer_size:4) 
 from [base_model.m_stage0.embeddings.LayerNorm-layer_norm_24] (stage_id:0) -> [base_model.m_stage0.embeddings.LayerNorm-layer_norm_24_param_grad] (stage_id:0) 
I1222 14:40:25.314560 82526 pipeline_buffer_pass.cpp:117] 
 Insert buffer op : [System-Pipeline-Buffer-Op_-base_model.m_stage0.embeddings-broadcast_add_23-z_0-stage_id_0](buffer_size:4) 
 from [base_model.m_stage0.embeddings-broadcast_add_23] (stage_id:0) -> [base_model.m_stage0.embeddings.LayerNorm-layer_norm_24_grad] (stage_id:0) 
I1222 14:40:25.314615 82526 pipeline_buffer_pass.cpp:117] 
 Insert buffer op : [System-Pipeline-Buffer-Op_-base_model.m_stage0.embeddings.LayerNorm-layer_norm_24-mean_0-stage_id_0](buffer_size:4) 
 from [base_model.m_stage0.embeddings.LayerNorm-layer_norm_24] (stage_id:0) -> [base_model.m_stage0.embeddings.LayerNorm-layer_norm_24_grad] (stage_id:0) 
I1222 14:40:25.314662 82526 pipeline_buffer_pass.cpp:117] 
 Insert buffer op : [System-Pipeline-Buffer-Op_-base_model.m_stage0.embeddings.LayerNorm-layer_norm_24-inv_variance_0-stage_id_0](buffer_size:4) 
 from [base_model.m_stage0.embeddings.LayerNorm-layer_norm_24] (stage_id:0) -> [base_model.m_stage0.embeddings.LayerNorm-layer_norm_24_grad] (stage_id:0) 
I1222 14:40:25.314760 82526 pipeline_buffer_pass.cpp:117] 
 Insert buffer op : [System-Pipeline-Buffer-Op_-base_model.m_stage0.embeddings.position_embeddings-gather_20-out_0-stage_id_0](buffer_size:4) 
 from [base_model.m_stage0.embeddings.position_embeddings-gather_20] (stage_id:0) -> [base_model.m_stage0.embeddings-broadcast_add_23_y_grad_reduce_sum_like] (stage_id:0) 
I1222 14:40:25.315114 82526 pipeline_buffer_pass.cpp:117] 
 Insert buffer op : [System-Pipeline-Buffer-Op_-base_model.m_stage0.embeddings-slice_19-y_0-stage_id_0](buffer_size:4) 
 from [base_model.m_stage0.embeddings-slice_19] (stage_id:0) -> [base_model.m_stage0.embeddings.position_embeddings-gather_20_grad] (stage_id:0) 
I1222 14:40:25.315176 82526 pipeline_buffer_pass.cpp:117] 
 Insert buffer op : [System-Pipeline-Buffer-Op_-base_model-identity_15-out_0-stage_id_0](buffer_size:4) 
 from [base_model-identity_15] (stage_id:0) -> [base_model.m_stage0.embeddings.word_embeddings-gather_18_grad] (stage_id:0) 
I1222 14:40:25.315233 82526 pipeline_buffer_pass.cpp:117] 
 Insert buffer op : [System-Pipeline-Buffer-Op_-base_model-identity_16-out_0-stage_id_0](buffer_size:4) 
 from [base_model-identity_16] (stage_id:0) -> [base_model.m_stage0.embeddings.token_type_embeddings-gather_21_grad] (stage_id:0) 
I1222 14:40:25.315912 82526 pipeline_buffer_pass.cpp:117] 
 Insert buffer op : [System-Pipeline-Buffer-Op_-_train_data_loader-hierarchical_parallel_cast_8-out_0-stage_id_0](buffer_size:4) 
 from [_train_data_loader-hierarchical_parallel_cast_8] (stage_id:0) -> [base_model-identity_15] (stage_id:0) 
I1222 14:40:25.315987 82526 pipeline_buffer_pass.cpp:117] 
 Insert buffer op : [System-Pipeline-Buffer-Op_-_train_data_loader-hierarchical_parallel_cast_11-out_0-stage_id_0](buffer_size:4) 
 from [_train_data_loader-hierarchical_parallel_cast_11] (stage_id:0) -> [base_model-identity_16] (stage_id:0) 
I1222 14:40:25.316040 82526 pipeline_buffer_pass.cpp:117] 
 Insert buffer op : [System-Pipeline-Buffer-Op_-_train_data_loader-hierarchical_parallel_cast_10-out_0-stage_id_0](buffer_size:4) 
 from [_train_data_loader-hierarchical_parallel_cast_10] (stage_id:0) -> [base_model-identity_17] (stage_id:0) 
I1222 14:40:25.316669 82526 pipeline_buffer_pass.cpp:212] 
 Insert buffer op pair : src_buffer = <System-Pipeline-Buffer-Op_-base_model-identity_440-out_0>(buffer_size:1) , dst_buffer = <System-Pipeline-Buffer-Op_-base_model-identity_440-out_0-stage_id_1>(buffer_size:1) 
 from [base_model-identity_440] (stage_id:0) -> [base_model-identity_441] (stage_id:1) 
I1222 14:40:25.316732 82526 pipeline_buffer_pass.cpp:117] 
 Insert buffer op : [System-Pipeline-Buffer-Op_-_train_data_loader-hierarchical_parallel_cast_10-out_0-stage_id_1](buffer_size:4) 
 from [_train_data_loader-hierarchical_parallel_cast_10] (stage_id:0) -> [base_model-identity_442] (stage_id:1) 
I1222 14:40:25.317355 82526 pipeline_buffer_pass.cpp:117] 
 Insert buffer op : [System-Pipeline-Buffer-Op_-_train_data_loader-hierarchical_parallel_cast_9-out_0-stage_id_1](buffer_size:4) 
 from [_train_data_loader-hierarchical_parallel_cast_9] (stage_id:0) -> [reshape_872] (stage_id:1) 
I1222 14:40:25.317421 82526 pipeline_buffer_pass.cpp:117] 
 Insert buffer op : [System-Pipeline-Buffer-Op_-_train_data_loader-hierarchical_parallel_cast_13-out_0-stage_id_1](buffer_size:4) 
 from [_train_data_loader-hierarchical_parallel_cast_13] (stage_id:0) -> [expand_dims_880] (stage_id:1) 
I1222 14:40:25.317477 82526 pipeline_buffer_pass.cpp:117] 
 Insert buffer op : [System-Pipeline-Buffer-Op_-_train_data_loader-hierarchical_parallel_cast_12-out_0-stage_id_1](buffer_size:4) 
 from [_train_data_loader-hierarchical_parallel_cast_12] (stage_id:0) -> [reshape_884] (stage_id:1) 
I1222 14:40:25.317540 82526 pipeline_buffer_pass.cpp:117] 
 Insert buffer op : [System-Pipeline-Buffer-Op_-_train_data_loader-hierarchical_parallel_cast_14-out_0-stage_id_1](buffer_size:4) 
 from [_train_data_loader-hierarchical_parallel_cast_14] (stage_id:0) -> [multiply_891] (stage_id:1) 
I1222 14:40:25.318992 82526 pipeline_buffer_pass.cpp:212] 
 Insert buffer op pair : src_buffer = <System-Pipeline-Buffer-Op_-base_model-identity_441_grad-out_0>(buffer_size:1) , dst_buffer = <System-Pipeline-Buffer-Op_-base_model-identity_441_grad-out_0-stage_id_0>(buffer_size:1) 
 from [base_model-identity_441_grad] (stage_id:1) -> [base_model-identity_440_grad] (stage_id:0) 
I1222 14:40:26.405753 82526 global.h:43] DeleteGlobal N7oneflow7JobDescE
I1222 14:40:27.701153 82526 global.h:36] NewGlobal N7oneflow7JobDescE
I1222 14:40:46.373348 82526 runtime_context.cpp:21] NewCounter constructing_actor_cnt 3144
I1222 14:40:46.374264 82877 wait_and_send_ids_actor.cpp:53] actor 106652764209152 switch to &WaitAndSendIdsActor::HandlerWaitToStart
I1222 14:40:46.374471 82867 naive_actor.cpp:25] actor 107760729459496 switch to &NaiveActor::HandlerNormal
I1222 14:40:46.374358 82877 thread.cpp:99] Thread 50856001 construct Actor kWaitAndSendIds 106652764209152
I1222 14:40:46.374675 82867 thread.cpp:99] Thread 51384320 construct Actor kDeviceTick 107760729459496
I1222 14:40:46.374840 82877 runtime_context.cpp:29] DecreaseCounter constructing_actor_cnt, current val is 3143
I1222 14:40:46.374963 82867 runtime_context.cpp:29] DecreaseCounter constructing_actor_cnt, current val is 3142
I1222 14:40:46.375488 82867 naive_actor.cpp:25] actor 107760729459505 switch to &NaiveActor::HandlerNormal
I1222 14:40:46.375612 82867 thread.cpp:99] Thread 51384320 construct Actor kDeviceTick 107760729459505
I1222 14:40:46.375741 82867 runtime_context.cpp:29] DecreaseCounter constructing_actor_cnt, current val is 3141
I1222 14:40:46.377048 82867 naive_actor.cpp:25] actor 107760729459499 switch to &NaiveActor::HandlerNormal
I1222 14:40:46.377157 82867 thread.cpp:99] Thread 51384320 construct Actor kDeviceTick 107760729459499
I1222 14:40:46.377306 82867 runtime_context.cpp:29] DecreaseCounter constructing_actor_cnt, current val is 3140
I1222 14:40:46.377785 82867 naive_actor.cpp:25] actor 107760729459503 switch to &NaiveActor::HandlerNormal
I1222 14:40:46.377884 82867 thread.cpp:99] Thread 51384320 construct Actor kDeviceTick 107760729459503
I1222 14:40:46.378008 82867 runtime_context.cpp:29] DecreaseCounter constructing_actor_cnt, current val is 3139
I1222 14:40:46.378440 82867 naive_actor.cpp:25] actor 107760729459501 switch to &NaiveActor::HandlerNormal
I1222 14:40:46.378549 82867 thread.cpp:99] Thread 51384320 construct Actor kDeviceTick 107760729459501
I1222 14:40:46.378677 82867 runtime_context.cpp:29] DecreaseCounter constructing_actor_cnt, current val is 3138
I1222 14:40:46.449394 82863 naive_actor.cpp:25] actor 106652627894272 switch to &NaiveActor::HandlerNormal
I1222 14:40:46.449461 82863 thread.cpp:99] Thread 50855936 construct Actor kNormalForward 106652627894272
I1222 14:40:46.449584 82863 runtime_context.cpp:29] DecreaseCounter constructing_actor_cnt, current val is 3137
I1222 14:40:46.449625 82861 naive_actor.cpp:25] actor 106652634185728 switch to &NaiveActor::HandlerNormal
I1222 14:40:46.449647 82859 naive_actor.cpp:25] actor 106652636282880 switch to &NaiveActor::HandlerNormal
I1222 14:40:46.449731 82862 naive_actor.cpp:25] actor 106652640477184 switch to &NaiveActor::HandlerNormal
I1222 14:40:46.449801 82861 thread.cpp:99] Thread 50855939 construct Actor kNormalForward 106652634185728
I1222 14:40:46.449846 82859 thread.cpp:99] Thread 50855940 construct Actor kNormalForward 106652636282880
I1222 14:40:46.449883 82865 naive_actor.cpp:25] actor 106652632088576 switch to &NaiveActor::HandlerNormal
I1222 14:40:46.450433 82861 runtime_context.cpp:29] DecreaseCounter constructing_actor_cnt, current val is 3136
I1222 14:40:46.450094 82862 thread.cpp:99] Thread 50855942 construct Actor kNormalForward 106652640477184
I1222 14:40:46.449950 82864 naive_actor.cpp:25] actor 106652629991424 switch to &NaiveActor::HandlerNormal
I1222 14:40:46.450441 82865 thread.cpp:99] Thread 50855938 construct Actor kNormalForward 106652632088576
I1222 14:40:46.450448 82870 naive_actor.cpp:25] actor 107760735748108 switch to &NaiveActor::HandlerNormal
I1222 14:40:46.450511 82874 naive_actor.cpp:25] actor 107760731553792 switch to &NaiveActor::HandlerNormal
I1222 14:40:46.450522 82859 runtime_context.cpp:29] DecreaseCounter constructing_actor_cnt, current val is 3135
I1222 14:40:46.450598 82879 naive_actor.cpp:25] actor 107760733650952 switch to &NaiveActor::HandlerNormal
I1222 14:40:46.450611 82868 copy_comm_net_actor.cpp:66] actor 106652772597762 switch to &CopyCommNetActor::HandlerNormal
I1222 14:40:46.450613 82864 thread.cpp:99] Thread 50855937 construct Actor kNormalForward 106652629991424
I1222 14:40:46.450650 82862 runtime_context.cpp:29] DecreaseCounter constructing_actor_cnt, current val is 3134
I1222 14:40:46.450743 82865 runtime_context.cpp:29] DecreaseCounter constructing_actor_cnt, current val is 3133
I1222 14:40:46.450759 82871 sink_actor.cpp:21] actor 106652766306304 switch to &SinkActor::HandlerNormal
I1222 14:40:46.451805 82871 thread.cpp:99] Thread 50856002 construct Actor kCallbackNotify 106652766306304
I1222 14:40:46.450872 82872 naive_actor.cpp:25] actor 106652762112006 switch to &NaiveActor::HandlerNormal
I1222 14:40:46.450889 82860 naive_actor.cpp:25] actor 106652638380032 switch to &NaiveActor::HandlerNormal
I1222 14:40:46.450902 82867 naive_actor.cpp:25] actor 107760729456646 switch to &NaiveActor::HandlerNormal
I1222 14:40:46.451009 82875 naive_actor.cpp:25] actor 106652644671488 switch to &NaiveActor::HandlerNormal
I1222 14:40:46.451261 82880 naive_actor.cpp:25] actor 106652770500608 switch to &NaiveActor::HandlerNormal
I1222 14:40:46.452189 82880 thread.cpp:99] Thread 50856004 construct Actor kCriticalSectionWaitTick 106652770500608
I1222 14:40:46.451460 82874 thread.cpp:99] Thread 51384321 construct Actor kCopyHd 107760731553792
I1222 14:40:46.451551 82879 thread.cpp:99] Thread 51384322 construct Actor kCopyHd 107760733650952
I1222 14:40:46.451601 82868 thread.cpp:99] Thread 50856005 construct Actor kCopyCommNet 106652772597762
I1222 14:40:46.451706 82864 runtime_context.cpp:29] DecreaseCounter constructing_actor_cnt, current val is 3132
I1222 14:40:46.451768 82881 naive_actor.cpp:25] actor 106652768403456 switch to &NaiveActor::HandlerNormal
I1222 14:40:46.450807 82870 thread.cpp:99] Thread 51384323 construct Actor kCollectiveBoxingGeneric 107760735748108
I1222 14:40:46.451898 82871 runtime_context.cpp:29] DecreaseCounter constructing_actor_cnt, current val is 3131
I1222 14:40:46.451911 82872 thread.cpp:99] Thread 50856000 construct Actor kSrcSubsetTick 106652762112006
I1222 14:40:46.451959 82860 thread.cpp:99] Thread 50855941 construct Actor kNormalForward 106652638380032
I1222 14:40:46.452075 82867 thread.cpp:99] Thread 51384320 construct Actor kNormalForward 107760729456646
I1222 14:40:46.452111 82875 thread.cpp:99] Thread 50855944 construct Actor kNormalForward 106652644671488
I1222 14:40:46.451303 82876 naive_actor.cpp:25] actor 106652642574336 switch to &NaiveActor::HandlerNormal
I1222 14:40:46.452281 82880 runtime_context.cpp:29] DecreaseCounter constructing_actor_cnt, current val is 3130
I1222 14:40:46.452316 82874 runtime_context.cpp:29] DecreaseCounter constructing_actor_cnt, current val is 3129
I1222 14:40:46.452358 82879 runtime_context.cpp:29] DecreaseCounter constructing_actor_cnt, current val is 3128
I1222 14:40:46.452399 82868 runtime_context.cpp:29] DecreaseCounter constructing_actor_cnt, current val is 3127
I1222 14:40:46.452548 82881 thread.cpp:99] Thread 50856003 construct Actor kCriticalSectionWaitTick 106652768403456
I1222 14:40:46.453122 82874 naive_actor.cpp:25] actor 107760731553794 switch to &NaiveActor::HandlerNormal
I1222 14:40:46.452701 82872 runtime_context.cpp:29] DecreaseCounter constructing_actor_cnt, current val is 3125
I1222 14:40:46.452759 82860 runtime_context.cpp:29] DecreaseCounter constructing_actor_cnt, current val is 3124
I1222 14:40:46.452852 82875 runtime_context.cpp:29] DecreaseCounter constructing_actor_cnt, current val is 3123
I1222 14:40:46.452886 82867 runtime_context.cpp:29] DecreaseCounter constructing_actor_cnt, current val is 3122
I1222 14:40:46.452896 82876 thread.cpp:99] Thread 50855943 construct Actor kNormalForward 106652642574336
I1222 14:40:46.452646 82870 runtime_context.cpp:29] DecreaseCounter constructing_actor_cnt, current val is 3126
I1222 14:40:46.453140 82879 naive_actor.cpp:25] actor 107760733650951 switch to &NaiveActor::HandlerNormal
I1222 14:40:46.453171 82874 thread.cpp:99] Thread 51384321 construct Actor kCopyHd 107760731553794
I1222 14:40:46.453182 82881 runtime_context.cpp:29] DecreaseCounter constructing_actor_cnt, current val is 3121
I1222 14:40:46.453191 82868 copy_comm_net_actor.cpp:66] actor 106652772597766 switch to &CopyCommNetActor::HandlerNormal
I1222 14:40:46.453531 82872 naive_actor.cpp:25] actor 106652762112002 switch to &NaiveActor::HandlerNormal
I1222 14:40:46.454299 82872 thread.cpp:99] Thread 50856000 construct Actor kDstSubsetTick 106652762112002
I1222 14:40:46.454061 82867 naive_actor.cpp:25] actor 107760729456662 switch to &NaiveActor::HandlerNormal
I1222 14:40:46.454092 82879 thread.cpp:99] Thread 51384322 construct Actor kCopyHd 107760733650951
I1222 14:40:46.454437 82867 thread.cpp:99] Thread 51384320 construct Actor kNormalForward 107760729456662
I1222 14:40:46.454246 82868 thread.cpp:99] Thread 50856005 construct Actor kCopyCommNet 106652772597766
I1222 14:40:46.454033 82876 runtime_context.cpp:29] DecreaseCounter constructing_actor_cnt, current val is 3120
I1222 14:40:46.454594 82867 runtime_context.cpp:29] DecreaseCounter constructing_actor_cnt, current val is 3115
I1222 14:40:46.454361 82872 runtime_context.cpp:29] DecreaseCounter constructing_actor_cnt, current val is 3118
I1222 14:40:46.454142 82874 runtime_context.cpp:29] DecreaseCounter constructing_actor_cnt, current val is 3119
I1222 14:40:46.454470 82879 runtime_context.cpp:29] DecreaseCounter constructing_actor_cnt, current val is 3117
I1222 14:40:46.454555 82868 runtime_context.cpp:29] DecreaseCounter constructing_actor_cnt, current val is 3116
I1222 14:40:46.454346 82870 naive_actor.cpp:25] actor 107760735748135 switch to &NaiveActor::HandlerNormal
I1222 14:40:46.454876 82874 naive_actor.cpp:25] actor 107760731553793 switch to &NaiveActor::HandlerNormal
I1222 14:40:46.454952 82868 copy_comm_net_actor.cpp:66] actor 106652772597767 switch to &CopyCommNetActor::HandlerNormal
I1222 14:40:46.454919 82870 thread.cpp:99] Thread 51384323 construct Actor kCollectiveBoxingGeneric 107760735748135
I1222 14:40:46.454888 82879 naive_actor.cpp:25] actor 107760733650958 switch to &NaiveActor::HandlerNormal
I1222 14:40:46.454960 82874 thread.cpp:99] Thread 51384321 construct Actor kCopyHd 107760731553793
I1222 14:40:46.454962 82872 naive_actor.cpp:25] actor 106652762112004 switch to &NaiveActor::HandlerNormal
I1222 14:40:46.454998 82868 thread.cpp:99] Thread 50856005 construct Actor kCopyCommNet 106652772597767
I1222 14:40:46.455040 82870 runtime_context.cpp:29] DecreaseCounter constructing_actor_cnt, current val is 3114
I1222 14:40:46.455065 82879 thread.cpp:99] Thread 51384322 construct Actor kCopyHd 107760733650958
I1222 14:40:46.455116 82874 runtime_context.cpp:29] DecreaseCounter constructing_actor_cnt, current val is 3113
I1222 14:40:46.455135 82872 thread.cpp:99] Thread 50856000 construct Actor kTick 106652762112004
I1222 14:40:46.455183 82868 runtime_context.cpp:29] DecreaseCounter constructing_actor_cnt, current val is 3112
I1222 14:40:46.455346 82872 runtime_context.cpp:29] DecreaseCounter constructing_actor_cnt, current val is 3110
I1222 14:40:46.455245 82879 runtime_context.cpp:29] DecreaseCounter constructing_actor_cnt, current val is 3111
I1222 14:40:46.455360 82870 naive_actor.cpp:25] actor 107760735748161 switch to &NaiveActor::HandlerNormal
I1222 14:40:46.455451 82868 copy_comm_net_actor.cpp:66] actor 106652772597779 switch to &CopyCommNetActor::HandlerNormal
I1222 14:40:46.455467 82870 thread.cpp:99] Thread 51384323 construct Actor kCollectiveBoxingGeneric 107760735748161
I1222 14:40:46.455510 82879 naive_actor.cpp:25] actor 107760733650959 switch to &NaiveActor::HandlerNormal
I1222 14:40:46.455515 82868 thread.cpp:99] Thread 50856005 construct Actor kCopyCommNet 106652772597779
I1222 14:40:46.455562 82870 runtime_context.cpp:29] DecreaseCounter constructing_actor_cnt, current val is 3109
I1222 14:40:46.455577 82879 thread.cpp:99] Thread 51384322 construct Actor kCopyHd 107760733650959
I1222 14:40:46.455579 82872 naive_actor.cpp:25] actor 106652762112005 switch to &NaiveActor::HandlerNormal
I1222 14:40:46.455672 82868 runtime_context.cpp:29] DecreaseCounter constructing_actor_cnt, current val is 3108
I1222 14:40:46.456096 82879 runtime_context.cpp:29] DecreaseCounter constructing_actor_cnt, current val is 3107
I1222 14:40:46.456132 82872 thread.cpp:99] Thread 50856000 construct Actor kTick 106652762112005
I1222 14:40:46.456192 82870 naive_actor.cpp:25] actor 107760735748179 switch to &NaiveActor::HandlerNormal
I1222 14:40:46.456259 82872 runtime_context.cpp:29] DecreaseCounter constructing_actor_cnt, current val is 3106
I1222 14:40:46.456260 82870 thread.cpp:99] Thread 51384323 construct Actor kCollectiveBoxingGeneric 107760735748179
I1222 14:40:46.456271 82879 naive_actor.cpp:25] actor 107760733650962 switch to &NaiveActor::HandlerNormal
I1222 14:40:46.456281 82868 copy_comm_net_actor.cpp:66] actor 106652772597761 switch to &CopyCommNetActor::HandlerNormal
I1222 14:40:46.456414 82868 thread.cpp:99] Thread 50856005 construct Actor kCopyCommNet 106652772597761
I1222 14:40:46.456355 82870 runtime_context.cpp:29] DecreaseCounter constructing_actor_cnt, current val is 3105
I1222 14:40:46.456377 82879 thread.cpp:99] Thread 51384322 construct Actor kCopyHd 107760733650962
I1222 14:40:46.456302 82867 naive_actor.cpp:25] actor 107760729456694 switch to &NaiveActor::HandlerNormal
I1222 14:40:46.456461 82868 runtime_context.cpp:29] DecreaseCounter constructing_actor_cnt, current val is 3104
I1222 14:40:46.456626 82867 thread.cpp:99] Thread 51384320 construct Actor kNormalForward 107760729456694
I1222 14:40:46.456524 82879 runtime_context.cpp:29] DecreaseCounter constructing_actor_cnt, current val is 3103
I1222 14:40:46.456727 82868 copy_comm_net_actor.cpp:66] actor 106652772597764 switch to &CopyCommNetActor::HandlerNormal
I1222 14:40:46.456480 82872 naive_actor.cpp:25] actor 106652762112003 switch to &NaiveActor::HandlerNormal
I1222 14:40:46.456598 82870 naive_actor.cpp:25] actor 107760735748107 switch to &NaiveActor::HandlerNormal
I1222 14:40:46.456779 82868 thread.cpp:99] Thread 50856005 construct Actor kCopyCommNet 106652772597764
I1222 14:40:46.456805 82867 runtime_context.cpp:29] DecreaseCounter constructing_actor_cnt, current val is 3102
I1222 14:40:46.456815 82879 naive_actor.cpp:25] actor 107760733650948 switch to &NaiveActor::HandlerNormal
I1222 14:40:46.456825 82872 thread.cpp:99] Thread 50856000 construct Actor kTick 106652762112003
I1222 14:40:46.456857 82870 thread.cpp:99] Thread 51384323 construct Actor kCollectiveBoxingGeneric 107760735748107
I1222 14:40:46.456889 82868 runtime_context.cpp:29] DecreaseCounter constructing_actor_cnt, current val is 3101
I1222 14:40:46.456977 82879 thread.cpp:99] Thread 51384322 construct Actor kCopyHd 107760733650948
I1222 14:40:46.457026 82872 runtime_context.cpp:29] DecreaseCounter constructing_actor_cnt, current val is 3100
I1222 14:40:46.457054 82870 runtime_context.cpp:29] DecreaseCounter constructing_actor_cnt, current val is 3099
I1222 14:40:46.457103 82879 runtime_context.cpp:29] DecreaseCounter constructing_actor_cnt, current val is 3098
I1222 14:40:46.457175 82868 copy_comm_net_actor.cpp:66] actor 106652772597765 switch to &CopyCommNetActor::HandlerNormal
I1222 14:40:46.457252 82868 thread.cpp:99] Thread 50856005 construct Actor kCopyCommNet 106652772597765
I1222 14:40:46.457279 82879 naive_actor.cpp:25] actor 107760733650944 switch to &NaiveActor::HandlerNormal
I1222 14:40:46.457306 82870 naive_actor.cpp:25] actor 107760735748195 switch to &NaiveActor::HandlerNormal
I1222 14:40:46.457304 82868 runtime_context.cpp:29] DecreaseCounter constructing_actor_cnt, current val is 3097
I1222 14:40:46.457312 82879 thread.cpp:99] Thread 51384322 construct Actor kCopyHd 107760733650944
I1222 14:40:46.457340 82870 thread.cpp:99] Thread 51384323 construct Actor kCollectiveBoxingGeneric 107760735748195
I1222 14:40:46.457386 82872 naive_actor.cpp:25] actor 106652762112009 switch to &NaiveActor::HandlerNormal
I1222 14:40:46.457453 82879 runtime_context.cpp:29] DecreaseCounter constructing_actor_cnt, current val is 3096
I1222 14:40:46.457460 82868 copy_comm_net_actor.cpp:66] actor 106652772597778 switch to &CopyCommNetActor::HandlerNormal
I1222 14:40:46.458086 82870 runtime_context.cpp:29] DecreaseCounter constructing_actor_cnt, current val is 3095
I1222 14:40:46.458103 82872 thread.cpp:99] Thread 50856000 construct Actor kDstSubsetTick 106652762112009
I1222 14:40:46.458168 82868 thread.cpp:99] Thread 50856005 construct Actor kCopyCommNet 106652772597778
I1222 14:40:46.458277 82872 runtime_context.cpp:29] DecreaseCounter constructing_actor_cnt, current val is 3094
I1222 14:40:46.458200 82879 naive_actor.cpp:25] actor 107760733650957 switch to &NaiveActor::HandlerNormal
I1222 14:40:46.458295 82868 runtime_context.cpp:29] DecreaseCounter constructing_actor_cnt, current val is 3093
I1222 14:40:46.458353 82879 thread.cpp:99] Thread 51384322 construct Actor kCopyHd 107760733650957
I1222 14:40:46.458385 82870 naive_actor.cpp:25] actor 107760735748106 switch to &NaiveActor::HandlerNormal
I1222 14:40:46.458441 82879 runtime_context.cpp:29] DecreaseCounter constructing_actor_cnt, current val is 3092
I1222 14:40:46.458478 82870 thread.cpp:99] Thread 51384323 construct Actor kCollectiveBoxingGeneric 107760735748106
I1222 14:40:46.458483 82868 copy_comm_net_actor.cpp:66] actor 106652772597769 switch to &CopyCommNetActor::HandlerNormal
I1222 14:40:46.458515 82872 naive_actor.cpp:25] actor 106652762112001 switch to &NaiveActor::HandlerNormal
I1222 14:40:46.458566 82870 runtime_context.cpp:29] DecreaseCounter constructing_actor_cnt, current val is 3091
I1222 14:40:46.458585 82868 thread.cpp:99] Thread 50856005 construct Actor kCopyCommNet 106652772597769
I1222 14:40:46.458597 82867 naive_actor.cpp:25] actor 107760729456678 switch to &NaiveActor::HandlerNormal
I1222 14:40:46.458636 82872 thread.cpp:99] Thread 50856000 construct Actor kTick 106652762112001
I1222 14:40:46.458689 82879 naive_actor.cpp:25] actor 107760733650950 switch to &NaiveActor::HandlerNormal
I1222 14:40:46.458698 82868 runtime_context.cpp:29] DecreaseCounter constructing_actor_cnt, current val is 3090
I1222 14:40:46.458807 82870 naive_actor.cpp:25] actor 107760735748134 switch to &NaiveActor::HandlerNormal
I1222 14:40:46.458809 82867 thread.cpp:99] Thread 51384320 construct Actor kNormalForward 107760729456678
I1222 14:40:46.458861 82872 runtime_context.cpp:29] DecreaseCounter constructing_actor_cnt, current val is 3089
I1222 14:40:46.458873 82879 thread.cpp:99] Thread 51384322 construct Actor kCopyHd 107760733650950
I1222 14:40:46.458936 82870 thread.cpp:99] Thread 51384323 construct Actor kCollectiveBoxingGeneric 107760735748134
I1222 14:40:46.458981 82868 copy_comm_net_actor.cpp:66] actor 106652772597760 switch to &CopyCommNetActor::HandlerNormal
I1222 14:40:46.459085 82879 runtime_context.cpp:29] DecreaseCounter constructing_actor_cnt, current val is 3088
I1222 14:40:46.459144 82867 runtime_context.cpp:29] DecreaseCounter constructing_actor_cnt, current val is 3087
I1222 14:40:46.459256 82879 naive_actor.cpp:25] actor 107760733650955 switch to &NaiveActor::HandlerNormal
I1222 14:40:46.459146 82868 thread.cpp:99] Thread 50856005 construct Actor kCopyCommNet 106652772597760
I1222 14:40:46.459144 82870 runtime_context.cpp:29] DecreaseCounter constructing_actor_cnt, current val is 3086
I1222 14:40:46.459292 82879 thread.cpp:99] Thread 51384322 construct Actor kCopyHd 107760733650955
I1222 14:40:46.459296 82872 naive_actor.cpp:25] actor 106652762112000 switch to &NaiveActor::HandlerNormal
I1222 14:40:46.459338 82868 runtime_context.cpp:29] DecreaseCounter constructing_actor_cnt, current val is 3085
I1222 14:40:46.459385 82879 runtime_context.cpp:29] DecreaseCounter constructing_actor_cnt, current val is 3084
I1222 14:40:46.459481 82870 naive_actor.cpp:25] actor 107760735748160 switch to &NaiveActor::HandlerNormal
I1222 14:40:46.459426 82872 thread.cpp:99] Thread 50856000 construct Actor kSrcSubsetTick 106652762112000
I1222 14:40:46.459575 82868 copy_comm_net_actor.cpp:66] actor 106652772597783 switch to &CopyCommNetActor::HandlerNormal
I1222 14:40:46.459585 82879 naive_actor.cpp:25] actor 107760733650947 switch to &NaiveActor::HandlerNormal
I1222 14:40:46.459609 82870 thread.cpp:99] Thread 51384323 construct Actor kCollectiveBoxingGeneric 107760735748160
I1222 14:40:46.460172 82872 runtime_context.cpp:29] DecreaseCounter constructing_actor_cnt, current val is 3083
I1222 14:40:46.460196 82868 thread.cpp:99] Thread 50856005 construct Actor kCopyCommNet 106652772597783
I1222 14:40:46.460229 82879 thread.cpp:99] Thread 51384322 construct Actor kCopyHd 107760733650947
I1222 14:40:46.460283 82870 runtime_context.cpp:29] DecreaseCounter constructing_actor_cnt, current val is 3082
I1222 14:40:46.460371 82868 runtime_context.cpp:29] DecreaseCounter constructing_actor_cnt, current val is 3081
I1222 14:40:46.460404 82879 runtime_context.cpp:29] DecreaseCounter constructing_actor_cnt, current val is 3080
I1222 14:40:46.460551 82868 copy_comm_net_actor.cpp:66] actor 106652772597768 switch to &CopyCommNetActor::HandlerNormal
I1222 14:40:46.460566 82870 naive_actor.cpp:25] actor 107760735748159 switch to &NaiveActor::HandlerNormal
I1222 14:40:46.460577 82872 naive_actor.cpp:25] actor 106652762112008 switch to &NaiveActor::HandlerNormal
I1222 14:40:46.460578 82879 naive_actor.cpp:25] actor 107760733650954 switch to &NaiveActor::HandlerNormal
I1222 14:40:46.460613 82868 thread.cpp:99] Thread 50856005 construct Actor kCopyCommNet 106652772597768
I1222 14:40:46.460644 82870 thread.cpp:99] Thread 51384323 construct Actor kCollectiveBoxingGeneric 107760735748159
I1222 14:40:46.460688 82872 thread.cpp:99] Thread 50856000 construct Actor kSrcSubsetTick 106652762112008
I1222 14:40:46.460721 82879 thread.cpp:99] Thread 51384322 construct Actor kCopyHd 107760733650954
I1222 14:40:46.460763 82868 runtime_context.cpp:29] DecreaseCounter constructing_actor_cnt, current val is 3079
I1222 14:40:46.460804 82870 runtime_context.cpp:29] DecreaseCounter constructing_actor_cnt, current val is 3078
I1222 14:40:46.460850 82872 runtime_context.cpp:29] DecreaseCounter constructing_actor_cnt, current val is 3077
I1222 14:40:46.460860 82879 runtime_context.cpp:29] DecreaseCounter constructing_actor_cnt, current val is 3076
I1222 14:40:46.460969 82868 copy_comm_net_actor.cpp:66] actor 106652772597763 switch to &CopyCommNetActor::HandlerNormal
I1222 14:40:46.461022 82868 thread.cpp:99] Thread 50856005 construct Actor kCopyCommNet 106652772597763
I1222 14:40:46.461063 82879 naive_actor.cpp:25] actor 107760733650945 switch to &NaiveActor::HandlerNormal
I1222 14:40:46.461050 82870 naive_actor.cpp:25] actor 107760735748207 switch to &NaiveActor::HandlerNormal
I1222 14:40:46.461139 82870 thread.cpp:99] Thread 51384323 construct Actor kCollectiveBoxingGeneric 107760735748207
I1222 14:40:46.461082 82868 runtime_context.cpp:29] DecreaseCounter constructing_actor_cnt, current val is 3075
I1222 14:40:46.461097 82879 thread.cpp:99] Thread 51384322 construct Actor kCopyHd 107760733650945
I1222 14:40:46.461048 82867 naive_actor.cpp:25] actor 107760729456726 switch to &NaiveActor::HandlerNormal
I1222 14:40:46.461146 82872 naive_actor.cpp:25] actor 106652762112007 switch to &NaiveActor::HandlerNormal
I1222 14:40:46.461194 82870 runtime_context.cpp:29] DecreaseCounter constructing_actor_cnt, current val is 3074
I1222 14:40:46.461251 82879 runtime_context.cpp:29] DecreaseCounter constructing_actor_cnt, current val is 3073
I1222 14:40:46.461303 82868 copy_comm_net_actor.cpp:66] actor 106652772597780 switch to &CopyCommNetActor::HandlerNormal
I1222 14:40:46.461495 82868 thread.cpp:99] Thread 50856005 construct Actor kCopyCommNet 106652772597780
I1222 14:40:46.461396 82872 thread.cpp:99] Thread 50856000 construct Actor kDstSubsetTick 106652762112007
I1222 14:40:46.461567 82870 naive_actor.cpp:25] actor 107760735748194 switch to &NaiveActor::HandlerNormal
I1222 14:40:46.461529 82879 naive_actor.cpp:25] actor 107760733650946 switch to &NaiveActor::HandlerNormal
I1222 14:40:46.461551 82868 runtime_context.cpp:29] DecreaseCounter constructing_actor_cnt, current val is 3072
I1222 14:40:46.461352 82867 thread.cpp:99] Thread 51384320 construct Actor kNormalForward 107760729456726
I1222 14:40:46.461592 82872 runtime_context.cpp:29] DecreaseCounter constructing_actor_cnt, current val is 3071
I1222 14:40:46.461668 82870 thread.cpp:99] Thread 51384323 construct Actor kCollectiveBoxingGeneric 107760735748194
I1222 14:40:46.462308 82879 thread.cpp:99] Thread 51384322 construct Actor kCopyHd 107760733650946
I1222 14:40:46.462417 82868 copy_comm_net_actor.cpp:66] actor 106652772597777 switch to &CopyCommNetActor::HandlerNormal
I1222 14:40:46.462497 82870 runtime_context.cpp:29] DecreaseCounter constructing_actor_cnt, current val is 3069
I1222 14:40:46.462509 82879 runtime_context.cpp:29] DecreaseCounter constructing_actor_cnt, current val is 3068
I1222 14:40:46.462497 82867 runtime_context.cpp:29] DecreaseCounter constructing_actor_cnt, current val is 3070
I1222 14:40:46.462527 82868 thread.cpp:99] Thread 50856005 construct Actor kCopyCommNet 106652772597777
I1222 14:40:46.462657 82879 naive_actor.cpp:25] actor 107760733650949 switch to &NaiveActor::HandlerNormal
I1222 14:40:46.462682 82870 naive_actor.cpp:25] actor 107760735748206 switch to &NaiveActor::HandlerNormal
I1222 14:40:46.462709 82868 runtime_context.cpp:29] DecreaseCounter constructing_actor_cnt, current val is 3067
I1222 14:40:46.462733 82879 thread.cpp:99] Thread 51384322 construct Actor kCopyHd 107760733650949
I1222 14:40:46.462764 82870 thread.cpp:99] Thread 51384323 construct Actor kCollectiveBoxingGeneric 107760735748206
I1222 14:40:46.462824 82879 runtime_context.cpp:29] DecreaseCounter constructing_actor_cnt, current val is 3066
I1222 14:40:46.462879 82868 copy_comm_net_actor.cpp:66] actor 106652772597772 switch to &CopyCommNetActor::HandlerNormal
I1222 14:40:46.462870 82870 runtime_context.cpp:29] DecreaseCounter constructing_actor_cnt, current val is 3065
I1222 14:40:46.462924 82868 thread.cpp:99] Thread 50856005 construct Actor kCopyCommNet 106652772597772
I1222 14:40:46.462949 82879 naive_actor.cpp:25] actor 107760733650956 switch to &NaiveActor::HandlerNormal
I1222 14:40:46.463021 82868 runtime_context.cpp:29] DecreaseCounter constructing_actor_cnt, current val is 3064
I1222 14:40:46.463042 82879 thread.cpp:99] Thread 51384322 construct Actor kCopyHd 107760733650956
I1222 14:40:46.463102 82879 runtime_context.cpp:29] DecreaseCounter constructing_actor_cnt, current val is 3063
I1222 14:40:46.463104 82870 naive_actor.cpp:25] actor 107760735748237 switch to &NaiveActor::HandlerNormal
I1222 14:40:46.463155 82868 copy_comm_net_actor.cpp:66] actor 106652772597770 switch to &CopyCommNetActor::HandlerNormal
I1222 14:40:46.463191 82870 thread.cpp:99] Thread 51384323 construct Actor kCollectiveBoxingGeneric 107760735748237
I1222 14:40:46.463207 82879 naive_actor.cpp:25] actor 107760733650960 switch to &NaiveActor::HandlerNormal
I1222 14:40:46.463233 82868 thread.cpp:99] Thread 50856005 construct Actor kCopyCommNet 106652772597770
I1222 14:40:46.463250 82867 naive_actor.cpp:25] actor 107760729456710 switch to &NaiveActor::HandlerNormal
I1222 14:40:46.463291 82870 runtime_context.cpp:29] DecreaseCounter constructing_actor_cnt, current val is 3062
I1222 14:40:46.463301 82879 thread.cpp:99] Thread 51384322 construct Actor kCopyHd 107760733650960
I1222 14:40:46.463343 82868 runtime_context.cpp:29] DecreaseCounter constructing_actor_cnt, current val is 3061
I1222 14:40:46.463435 82867 thread.cpp:99] Thread 51384320 construct Actor kNormalForward 107760729456710
I1222 14:40:46.463490 82879 runtime_context.cpp:29] DecreaseCounter constructing_actor_cnt, current val is 3060
I1222 14:40:46.463593 82870 naive_actor.cpp:25] actor 107760735748220 switch to &NaiveActor::HandlerNormal
I1222 14:40:46.463599 82868 copy_comm_net_actor.cpp:66] actor 106652772597771 switch to &CopyCommNetActor::HandlerNormal
I1222 14:40:46.463688 82870 thread.cpp:99] Thread 51384323 construct Actor kCollectiveBoxingGeneric 107760735748220
I1222 14:40:46.463696 82867 runtime_context.cpp:29] DecreaseCounter constructing_actor_cnt, current val is 3059
I1222 14:40:46.463714 82868 thread.cpp:99] Thread 50856005 construct Actor kCopyCommNet 106652772597771
I1222 14:40:46.463732 82879 naive_actor.cpp:25] actor 107760733650953 switch to &NaiveActor::HandlerNormal
I1222 14:40:46.463809 82870 runtime_context.cpp:29] DecreaseCounter constructing_actor_cnt, current val is 3058
I1222 14:40:46.464581 82868 runtime_context.cpp:29] DecreaseCounter constructing_actor_cnt, current val is 3057
