 Insert buffer op : [System-Pipeline-Buffer-Op_-base_model.m_stage0.encoder.layer.1.output.dropout-dropout_97-mask_0-stage_id_0](buffer_size:4) 
 from [base_model.m_stage0.encoder.layer.1.output.dropout-dropout_97] (stage_id:0) -> [base_model.m_stage0.encoder.layer.1.output.dropout-dropout_97_grad] (stage_id:0) 
I1222 14:46:07.385779 83045 pipeline_buffer_pass.cpp:117] 
 Insert buffer op : [System-Pipeline-Buffer-Op_-base_model.m_stage0.encoder.layer.1.intermediate.intermediate_act_fn-gelu_94-out_0-stage_id_0](buffer_size:4) 
 from [base_model.m_stage0.encoder.layer.1.intermediate.intermediate_act_fn-gelu_94] (stage_id:0) -> [base_model.m_stage0.encoder.layer.1.output.dense-broadcast_matmul_95_b_grad] (stage_id:0) 
I1222 14:46:07.386291 83045 pipeline_buffer_pass.cpp:117] 
 Insert buffer op : [System-Pipeline-Buffer-Op_-base_model.m_stage0.encoder.layer.1.intermediate.dense-broadcast_add_93-z_0-stage_id_0](buffer_size:4) 
 from [base_model.m_stage0.encoder.layer.1.intermediate.dense-broadcast_add_93] (stage_id:0) -> [base_model.m_stage0.encoder.layer.1.intermediate.intermediate_act_fn-gelu_94_grad] (stage_id:0) 
I1222 14:46:07.386353 83045 pipeline_buffer_pass.cpp:117] 
 Insert buffer op : [System-Pipeline-Buffer-Op_-base_model.m_stage0.encoder.layer.1.attention.output.LayerNorm-layer_norm_91-y_0-stage_id_0](buffer_size:4) 
 from [base_model.m_stage0.encoder.layer.1.attention.output.LayerNorm-layer_norm_91] (stage_id:0) -> [base_model.m_stage0.encoder.layer.1.intermediate.dense-broadcast_matmul_92_b_grad] (stage_id:0) 
I1222 14:46:07.386410 83045 pipeline_buffer_pass.cpp:117] 
 Insert buffer op : [System-Pipeline-Buffer-Op_-base_model.m_stage0.encoder.layer.1.attention.output.LayerNorm-layer_norm_91-normalized_0-stage_id_0](buffer_size:4) 
 from [base_model.m_stage0.encoder.layer.1.attention.output.LayerNorm-layer_norm_91] (stage_id:0) -> [base_model.m_stage0.encoder.layer.1.attention.output.LayerNorm-layer_norm_91_param_grad] (stage_id:0) 
I1222 14:46:07.386469 83045 pipeline_buffer_pass.cpp:117] 
 Insert buffer op : [System-Pipeline-Buffer-Op_-base_model.m_stage0.encoder.layer.1.attention.output-add_n_90-out_0-stage_id_0](buffer_size:4) 
 from [base_model.m_stage0.encoder.layer.1.attention.output-add_n_90] (stage_id:0) -> [base_model.m_stage0.encoder.layer.1.attention.output.LayerNorm-layer_norm_91_grad] (stage_id:0) 
I1222 14:46:07.386530 83045 pipeline_buffer_pass.cpp:117] 
 Insert buffer op : [System-Pipeline-Buffer-Op_-base_model.m_stage0.encoder.layer.1.attention.output.LayerNorm-layer_norm_91-mean_0-stage_id_0](buffer_size:4) 
 from [base_model.m_stage0.encoder.layer.1.attention.output.LayerNorm-layer_norm_91] (stage_id:0) -> [base_model.m_stage0.encoder.layer.1.attention.output.LayerNorm-layer_norm_91_grad] (stage_id:0) 
I1222 14:46:07.386581 83045 pipeline_buffer_pass.cpp:117] 
 Insert buffer op : [System-Pipeline-Buffer-Op_-base_model.m_stage0.encoder.layer.1.attention.output.LayerNorm-layer_norm_91-inv_variance_0-stage_id_0](buffer_size:4) 
 from [base_model.m_stage0.encoder.layer.1.attention.output.LayerNorm-layer_norm_91] (stage_id:0) -> [base_model.m_stage0.encoder.layer.1.attention.output.LayerNorm-layer_norm_91_grad] (stage_id:0) 
I1222 14:46:07.386636 83045 pipeline_buffer_pass.cpp:117] 
 Insert buffer op : [System-Pipeline-Buffer-Op_-base_model.m_stage0.encoder.layer.1.attention.output.dropout-dropout_89-mask_0-stage_id_0](buffer_size:4) 
 from [base_model.m_stage0.encoder.layer.1.attention.output.dropout-dropout_89] (stage_id:0) -> [base_model.m_stage0.encoder.layer.1.attention.output.dropout-dropout_89_grad] (stage_id:0) 
I1222 14:46:07.386696 83045 pipeline_buffer_pass.cpp:117] 
 Insert buffer op : [System-Pipeline-Buffer-Op_-base_model.m_stage0.encoder.layer.1.attention.self-reshape_86-out_0-stage_id_0](buffer_size:4) 
 from [base_model.m_stage0.encoder.layer.1.attention.self-reshape_86] (stage_id:0) -> [base_model.m_stage0.encoder.layer.1.attention.output.dense-broadcast_matmul_87_b_grad] (stage_id:0) 
I1222 14:46:07.386756 83045 pipeline_buffer_pass.cpp:117] 
 Insert buffer op : [System-Pipeline-Buffer-Op_-base_model.m_stage0.encoder.layer.1.attention.self-transpose_77-output_0-stage_id_0](buffer_size:4) 
 from [base_model.m_stage0.encoder.layer.1.attention.self-transpose_77] (stage_id:0) -> [base_model.m_stage0.encoder.layer.1.attention.self-batch_matmul_84_grad_a] (stage_id:0) 
I1222 14:46:07.386840 83045 pipeline_buffer_pass.cpp:117] 
 Insert buffer op : [System-Pipeline-Buffer-Op_-base_model.m_stage0.encoder.layer.1.attention.self.dropout-dropout_83-out_0-stage_id_0](buffer_size:4) 
 from [base_model.m_stage0.encoder.layer.1.attention.self.dropout-dropout_83] (stage_id:0) -> [base_model.m_stage0.encoder.layer.1.attention.self-batch_matmul_84_grad_b] (stage_id:0) 
I1222 14:46:07.387337 83045 pipeline_buffer_pass.cpp:117] 
 Insert buffer op : [System-Pipeline-Buffer-Op_-base_model.m_stage0.encoder.layer.1.attention.self.dropout-dropout_83-mask_0-stage_id_0](buffer_size:4) 
 from [base_model.m_stage0.encoder.layer.1.attention.self.dropout-dropout_83] (stage_id:0) -> [base_model.m_stage0.encoder.layer.1.attention.self.dropout-dropout_83_grad] (stage_id:0) 
I1222 14:46:07.387396 83045 pipeline_buffer_pass.cpp:117] 
 Insert buffer op : [System-Pipeline-Buffer-Op_-base_model.m_stage0.encoder.layer.1.attention.self-softmax_82-out_0-stage_id_0](buffer_size:4) 
 from [base_model.m_stage0.encoder.layer.1.attention.self-softmax_82] (stage_id:0) -> [base_model.m_stage0.encoder.layer.1.attention.self-softmax_82_grad] (stage_id:0) 
I1222 14:46:07.387456 83045 pipeline_buffer_pass.cpp:117] 
 Insert buffer op : [System-Pipeline-Buffer-Op_-base_model.m_stage0.encoder.layer.0.output.LayerNorm-layer_norm_65-y_0-stage_id_0](buffer_size:4) 
 from [base_model.m_stage0.encoder.layer.0.output.LayerNorm-layer_norm_65] (stage_id:0) -> [base_model.m_stage0.encoder.layer.1.attention.self.value-broadcast_matmul_74_b_grad] (stage_id:0) 
I1222 14:46:07.387519 83045 pipeline_buffer_pass.cpp:117] 
 Insert buffer op : [System-Pipeline-Buffer-Op_-base_model.m_stage0.encoder.layer.1.attention.self-transpose_78-output_0-stage_id_0](buffer_size:4) 
 from [base_model.m_stage0.encoder.layer.1.attention.self-transpose_78] (stage_id:0) -> [base_model.m_stage0.encoder.layer.1.attention.self-batch_matmul_79_grad_a] (stage_id:0) 
I1222 14:46:07.387575 83045 pipeline_buffer_pass.cpp:117] 
 Insert buffer op : [System-Pipeline-Buffer-Op_-base_model.m_stage0.encoder.layer.1.attention.self-transpose_69-output_0-stage_id_0](buffer_size:4) 
 from [base_model.m_stage0.encoder.layer.1.attention.self-transpose_69] (stage_id:0) -> [base_model.m_stage0.encoder.layer.1.attention.self-batch_matmul_79_grad_b] (stage_id:0) 
I1222 14:46:07.387672 83045 pipeline_buffer_pass.cpp:117] 
 Insert buffer op : [System-Pipeline-Buffer-Op_-base_model.m_stage0.encoder.layer.0.output.LayerNorm-layer_norm_65-normalized_0-stage_id_0](buffer_size:4) 
 from [base_model.m_stage0.encoder.layer.0.output.LayerNorm-layer_norm_65] (stage_id:0) -> [base_model.m_stage0.encoder.layer.0.output.LayerNorm-layer_norm_65_param_grad] (stage_id:0) 
I1222 14:46:07.387732 83045 pipeline_buffer_pass.cpp:117] 
 Insert buffer op : [System-Pipeline-Buffer-Op_-base_model.m_stage0.encoder.layer.0.output-add_n_64-out_0-stage_id_0](buffer_size:4) 
 from [base_model.m_stage0.encoder.layer.0.output-add_n_64] (stage_id:0) -> [base_model.m_stage0.encoder.layer.0.output.LayerNorm-layer_norm_65_grad] (stage_id:0) 
I1222 14:46:07.387789 83045 pipeline_buffer_pass.cpp:117] 
 Insert buffer op : [System-Pipeline-Buffer-Op_-base_model.m_stage0.encoder.layer.0.output.LayerNorm-layer_norm_65-mean_0-stage_id_0](buffer_size:4) 
 from [base_model.m_stage0.encoder.layer.0.output.LayerNorm-layer_norm_65] (stage_id:0) -> [base_model.m_stage0.encoder.layer.0.output.LayerNorm-layer_norm_65_grad] (stage_id:0) 
I1222 14:46:07.387838 83045 pipeline_buffer_pass.cpp:117] 
 Insert buffer op : [System-Pipeline-Buffer-Op_-base_model.m_stage0.encoder.layer.0.output.LayerNorm-layer_norm_65-inv_variance_0-stage_id_0](buffer_size:4) 
 from [base_model.m_stage0.encoder.layer.0.output.LayerNorm-layer_norm_65] (stage_id:0) -> [base_model.m_stage0.encoder.layer.0.output.LayerNorm-layer_norm_65_grad] (stage_id:0) 
I1222 14:46:07.387893 83045 pipeline_buffer_pass.cpp:117] 
 Insert buffer op : [System-Pipeline-Buffer-Op_-base_model.m_stage0.encoder.layer.0.output.dropout-dropout_63-mask_0-stage_id_0](buffer_size:4) 
 from [base_model.m_stage0.encoder.layer.0.output.dropout-dropout_63] (stage_id:0) -> [base_model.m_stage0.encoder.layer.0.output.dropout-dropout_63_grad] (stage_id:0) 
I1222 14:46:07.387980 83045 pipeline_buffer_pass.cpp:117] 
 Insert buffer op : [System-Pipeline-Buffer-Op_-base_model.m_stage0.encoder.layer.0.intermediate.intermediate_act_fn-gelu_60-out_0-stage_id_0](buffer_size:4) 
 from [base_model.m_stage0.encoder.layer.0.intermediate.intermediate_act_fn-gelu_60] (stage_id:0) -> [base_model.m_stage0.encoder.layer.0.output.dense-broadcast_matmul_61_b_grad] (stage_id:0) 
I1222 14:46:07.388469 83045 pipeline_buffer_pass.cpp:117] 
 Insert buffer op : [System-Pipeline-Buffer-Op_-base_model.m_stage0.encoder.layer.0.intermediate.dense-broadcast_add_59-z_0-stage_id_0](buffer_size:4) 
 from [base_model.m_stage0.encoder.layer.0.intermediate.dense-broadcast_add_59] (stage_id:0) -> [base_model.m_stage0.encoder.layer.0.intermediate.intermediate_act_fn-gelu_60_grad] (stage_id:0) 
I1222 14:46:07.388536 83045 pipeline_buffer_pass.cpp:117] 
 Insert buffer op : [System-Pipeline-Buffer-Op_-base_model.m_stage0.encoder.layer.0.attention.output.LayerNorm-layer_norm_57-y_0-stage_id_0](buffer_size:4) 
 from [base_model.m_stage0.encoder.layer.0.attention.output.LayerNorm-layer_norm_57] (stage_id:0) -> [base_model.m_stage0.encoder.layer.0.intermediate.dense-broadcast_matmul_58_b_grad] (stage_id:0) 
I1222 14:46:07.388598 83045 pipeline_buffer_pass.cpp:117] 
 Insert buffer op : [System-Pipeline-Buffer-Op_-base_model.m_stage0.encoder.layer.0.attention.output.LayerNorm-layer_norm_57-normalized_0-stage_id_0](buffer_size:4) 
 from [base_model.m_stage0.encoder.layer.0.attention.output.LayerNorm-layer_norm_57] (stage_id:0) -> [base_model.m_stage0.encoder.layer.0.attention.output.LayerNorm-layer_norm_57_param_grad] (stage_id:0) 
I1222 14:46:07.388656 83045 pipeline_buffer_pass.cpp:117] 
 Insert buffer op : [System-Pipeline-Buffer-Op_-base_model.m_stage0.encoder.layer.0.attention.output-add_n_56-out_0-stage_id_0](buffer_size:4) 
 from [base_model.m_stage0.encoder.layer.0.attention.output-add_n_56] (stage_id:0) -> [base_model.m_stage0.encoder.layer.0.attention.output.LayerNorm-layer_norm_57_grad] (stage_id:0) 
I1222 14:46:07.388710 83045 pipeline_buffer_pass.cpp:117] 
 Insert buffer op : [System-Pipeline-Buffer-Op_-base_model.m_stage0.encoder.layer.0.attention.output.LayerNorm-layer_norm_57-mean_0-stage_id_0](buffer_size:4) 
 from [base_model.m_stage0.encoder.layer.0.attention.output.LayerNorm-layer_norm_57] (stage_id:0) -> [base_model.m_stage0.encoder.layer.0.attention.output.LayerNorm-layer_norm_57_grad] (stage_id:0) 
I1222 14:46:07.388761 83045 pipeline_buffer_pass.cpp:117] 
 Insert buffer op : [System-Pipeline-Buffer-Op_-base_model.m_stage0.encoder.layer.0.attention.output.LayerNorm-layer_norm_57-inv_variance_0-stage_id_0](buffer_size:4) 
 from [base_model.m_stage0.encoder.layer.0.attention.output.LayerNorm-layer_norm_57] (stage_id:0) -> [base_model.m_stage0.encoder.layer.0.attention.output.LayerNorm-layer_norm_57_grad] (stage_id:0) 
I1222 14:46:07.388814 83045 pipeline_buffer_pass.cpp:117] 
 Insert buffer op : [System-Pipeline-Buffer-Op_-base_model.m_stage0.encoder.layer.0.attention.output.dropout-dropout_55-mask_0-stage_id_0](buffer_size:4) 
 from [base_model.m_stage0.encoder.layer.0.attention.output.dropout-dropout_55] (stage_id:0) -> [base_model.m_stage0.encoder.layer.0.attention.output.dropout-dropout_55_grad] (stage_id:0) 
I1222 14:46:07.388875 83045 pipeline_buffer_pass.cpp:117] 
 Insert buffer op : [System-Pipeline-Buffer-Op_-base_model.m_stage0.encoder.layer.0.attention.self-reshape_52-out_0-stage_id_0](buffer_size:4) 
 from [base_model.m_stage0.encoder.layer.0.attention.self-reshape_52] (stage_id:0) -> [base_model.m_stage0.encoder.layer.0.attention.output.dense-broadcast_matmul_53_b_grad] (stage_id:0) 
I1222 14:46:07.388936 83045 pipeline_buffer_pass.cpp:117] 
 Insert buffer op : [System-Pipeline-Buffer-Op_-base_model.m_stage0.encoder.layer.0.attention.self-transpose_43-output_0-stage_id_0](buffer_size:4) 
 from [base_model.m_stage0.encoder.layer.0.attention.self-transpose_43] (stage_id:0) -> [base_model.m_stage0.encoder.layer.0.attention.self-batch_matmul_50_grad_a] (stage_id:0) 
I1222 14:46:07.389019 83045 pipeline_buffer_pass.cpp:117] 
 Insert buffer op : [System-Pipeline-Buffer-Op_-base_model.m_stage0.encoder.layer.0.attention.self.dropout-dropout_49-out_0-stage_id_0](buffer_size:4) 
 from [base_model.m_stage0.encoder.layer.0.attention.self.dropout-dropout_49] (stage_id:0) -> [base_model.m_stage0.encoder.layer.0.attention.self-batch_matmul_50_grad_b] (stage_id:0) 
I1222 14:46:07.389461 83045 pipeline_buffer_pass.cpp:117] 
 Insert buffer op : [System-Pipeline-Buffer-Op_-base_model.m_stage0.encoder.layer.0.attention.self.dropout-dropout_49-mask_0-stage_id_0](buffer_size:4) 
 from [base_model.m_stage0.encoder.layer.0.attention.self.dropout-dropout_49] (stage_id:0) -> [base_model.m_stage0.encoder.layer.0.attention.self.dropout-dropout_49_grad] (stage_id:0) 
I1222 14:46:07.389530 83045 pipeline_buffer_pass.cpp:117] 
 Insert buffer op : [System-Pipeline-Buffer-Op_-base_model.m_stage0.encoder.layer.0.attention.self-softmax_48-out_0-stage_id_0](buffer_size:4) 
 from [base_model.m_stage0.encoder.layer.0.attention.self-softmax_48] (stage_id:0) -> [base_model.m_stage0.encoder.layer.0.attention.self-softmax_48_grad] (stage_id:0) 
I1222 14:46:07.389592 83045 pipeline_buffer_pass.cpp:117] 
 Insert buffer op : [System-Pipeline-Buffer-Op_-base_model.m_stage0.embeddings.dropout-dropout_25-out_0-stage_id_0](buffer_size:4) 
 from [base_model.m_stage0.embeddings.dropout-dropout_25] (stage_id:0) -> [base_model.m_stage0.encoder.layer.0.attention.self.value-broadcast_matmul_40_b_grad] (stage_id:0) 
I1222 14:46:07.389652 83045 pipeline_buffer_pass.cpp:117] 
 Insert buffer op : [System-Pipeline-Buffer-Op_-base_model.m_stage0.encoder.layer.0.attention.self-transpose_44-output_0-stage_id_0](buffer_size:4) 
 from [base_model.m_stage0.encoder.layer.0.attention.self-transpose_44] (stage_id:0) -> [base_model.m_stage0.encoder.layer.0.attention.self-batch_matmul_45_grad_a] (stage_id:0) 
I1222 14:46:07.389708 83045 pipeline_buffer_pass.cpp:117] 
 Insert buffer op : [System-Pipeline-Buffer-Op_-base_model.m_stage0.encoder.layer.0.attention.self-transpose_35-output_0-stage_id_0](buffer_size:4) 
 from [base_model.m_stage0.encoder.layer.0.attention.self-transpose_35] (stage_id:0) -> [base_model.m_stage0.encoder.layer.0.attention.self-batch_matmul_45_grad_b] (stage_id:0) 
I1222 14:46:07.389802 83045 pipeline_buffer_pass.cpp:117] 
 Insert buffer op : [System-Pipeline-Buffer-Op_-base_model.m_stage0.embeddings.dropout-dropout_25-mask_0-stage_id_0](buffer_size:4) 
 from [base_model.m_stage0.embeddings.dropout-dropout_25] (stage_id:0) -> [base_model.m_stage0.embeddings.dropout-dropout_25_grad] (stage_id:0) 
I1222 14:46:07.389861 83045 pipeline_buffer_pass.cpp:117] 
 Insert buffer op : [System-Pipeline-Buffer-Op_-base_model.m_stage0.embeddings.LayerNorm-layer_norm_24-normalized_0-stage_id_0](buffer_size:4) 
 from [base_model.m_stage0.embeddings.LayerNorm-layer_norm_24] (stage_id:0) -> [base_model.m_stage0.embeddings.LayerNorm-layer_norm_24_param_grad] (stage_id:0) 
I1222 14:46:07.389920 83045 pipeline_buffer_pass.cpp:117] 
 Insert buffer op : [System-Pipeline-Buffer-Op_-base_model.m_stage0.embeddings-broadcast_add_23-z_0-stage_id_0](buffer_size:4) 
 from [base_model.m_stage0.embeddings-broadcast_add_23] (stage_id:0) -> [base_model.m_stage0.embeddings.LayerNorm-layer_norm_24_grad] (stage_id:0) 
I1222 14:46:07.389977 83045 pipeline_buffer_pass.cpp:117] 
 Insert buffer op : [System-Pipeline-Buffer-Op_-base_model.m_stage0.embeddings.LayerNorm-layer_norm_24-mean_0-stage_id_0](buffer_size:4) 
 from [base_model.m_stage0.embeddings.LayerNorm-layer_norm_24] (stage_id:0) -> [base_model.m_stage0.embeddings.LayerNorm-layer_norm_24_grad] (stage_id:0) 
I1222 14:46:07.390028 83045 pipeline_buffer_pass.cpp:117] 
 Insert buffer op : [System-Pipeline-Buffer-Op_-base_model.m_stage0.embeddings.LayerNorm-layer_norm_24-inv_variance_0-stage_id_0](buffer_size:4) 
 from [base_model.m_stage0.embeddings.LayerNorm-layer_norm_24] (stage_id:0) -> [base_model.m_stage0.embeddings.LayerNorm-layer_norm_24_grad] (stage_id:0) 
I1222 14:46:07.390131 83045 pipeline_buffer_pass.cpp:117] 
 Insert buffer op : [System-Pipeline-Buffer-Op_-base_model.m_stage0.embeddings.position_embeddings-gather_20-out_0-stage_id_0](buffer_size:4) 
 from [base_model.m_stage0.embeddings.position_embeddings-gather_20] (stage_id:0) -> [base_model.m_stage0.embeddings-broadcast_add_23_y_grad_reduce_sum_like] (stage_id:0) 
I1222 14:46:07.390717 83045 pipeline_buffer_pass.cpp:117] 
 Insert buffer op : [System-Pipeline-Buffer-Op_-base_model.m_stage0.embeddings-slice_19-y_0-stage_id_0](buffer_size:4) 
 from [base_model.m_stage0.embeddings-slice_19] (stage_id:0) -> [base_model.m_stage0.embeddings.position_embeddings-gather_20_grad] (stage_id:0) 
I1222 14:46:07.390779 83045 pipeline_buffer_pass.cpp:117] 
 Insert buffer op : [System-Pipeline-Buffer-Op_-base_model-identity_15-out_0-stage_id_0](buffer_size:4) 
 from [base_model-identity_15] (stage_id:0) -> [base_model.m_stage0.embeddings.word_embeddings-gather_18_grad] (stage_id:0) 
I1222 14:46:07.390837 83045 pipeline_buffer_pass.cpp:117] 
 Insert buffer op : [System-Pipeline-Buffer-Op_-base_model-identity_16-out_0-stage_id_0](buffer_size:4) 
 from [base_model-identity_16] (stage_id:0) -> [base_model.m_stage0.embeddings.token_type_embeddings-gather_21_grad] (stage_id:0) 
I1222 14:46:07.391386 83045 pipeline_buffer_pass.cpp:117] 
 Insert buffer op : [System-Pipeline-Buffer-Op_-_train_data_loader-hierarchical_parallel_cast_8-out_0-stage_id_0](buffer_size:4) 
 from [_train_data_loader-hierarchical_parallel_cast_8] (stage_id:0) -> [base_model-identity_15] (stage_id:0) 
I1222 14:46:07.391458 83045 pipeline_buffer_pass.cpp:117] 
 Insert buffer op : [System-Pipeline-Buffer-Op_-_train_data_loader-hierarchical_parallel_cast_11-out_0-stage_id_0](buffer_size:4) 
 from [_train_data_loader-hierarchical_parallel_cast_11] (stage_id:0) -> [base_model-identity_16] (stage_id:0) 
I1222 14:46:07.391518 83045 pipeline_buffer_pass.cpp:117] 
 Insert buffer op : [System-Pipeline-Buffer-Op_-_train_data_loader-hierarchical_parallel_cast_10-out_0-stage_id_0](buffer_size:4) 
 from [_train_data_loader-hierarchical_parallel_cast_10] (stage_id:0) -> [base_model-identity_17] (stage_id:0) 
I1222 14:46:07.392086 83045 pipeline_buffer_pass.cpp:212] 
 Insert buffer op pair : src_buffer = <System-Pipeline-Buffer-Op_-base_model-identity_440-out_0>(buffer_size:1) , dst_buffer = <System-Pipeline-Buffer-Op_-base_model-identity_440-out_0-stage_id_1>(buffer_size:1) 
 from [base_model-identity_440] (stage_id:0) -> [base_model-identity_441] (stage_id:1) 
I1222 14:46:07.392150 83045 pipeline_buffer_pass.cpp:117] 
 Insert buffer op : [System-Pipeline-Buffer-Op_-_train_data_loader-hierarchical_parallel_cast_10-out_0-stage_id_1](buffer_size:4) 
 from [_train_data_loader-hierarchical_parallel_cast_10] (stage_id:0) -> [base_model-identity_442] (stage_id:1) 
I1222 14:46:07.392690 83045 pipeline_buffer_pass.cpp:117] 
 Insert buffer op : [System-Pipeline-Buffer-Op_-_train_data_loader-hierarchical_parallel_cast_9-out_0-stage_id_1](buffer_size:4) 
 from [_train_data_loader-hierarchical_parallel_cast_9] (stage_id:0) -> [reshape_872] (stage_id:1) 
I1222 14:46:07.392760 83045 pipeline_buffer_pass.cpp:117] 
 Insert buffer op : [System-Pipeline-Buffer-Op_-_train_data_loader-hierarchical_parallel_cast_13-out_0-stage_id_1](buffer_size:4) 
 from [_train_data_loader-hierarchical_parallel_cast_13] (stage_id:0) -> [expand_dims_880] (stage_id:1) 
I1222 14:46:07.392818 83045 pipeline_buffer_pass.cpp:117] 
 Insert buffer op : [System-Pipeline-Buffer-Op_-_train_data_loader-hierarchical_parallel_cast_12-out_0-stage_id_1](buffer_size:4) 
 from [_train_data_loader-hierarchical_parallel_cast_12] (stage_id:0) -> [reshape_884] (stage_id:1) 
I1222 14:46:07.392879 83045 pipeline_buffer_pass.cpp:117] 
 Insert buffer op : [System-Pipeline-Buffer-Op_-_train_data_loader-hierarchical_parallel_cast_14-out_0-stage_id_1](buffer_size:4) 
 from [_train_data_loader-hierarchical_parallel_cast_14] (stage_id:0) -> [multiply_891] (stage_id:1) 
I1222 14:46:07.394271 83045 pipeline_buffer_pass.cpp:212] 
 Insert buffer op pair : src_buffer = <System-Pipeline-Buffer-Op_-base_model-identity_441_grad-out_0>(buffer_size:1) , dst_buffer = <System-Pipeline-Buffer-Op_-base_model-identity_441_grad-out_0-stage_id_0>(buffer_size:1) 
 from [base_model-identity_441_grad] (stage_id:1) -> [base_model-identity_440_grad] (stage_id:0) 
I1222 14:46:08.393975 83045 global.h:43] DeleteGlobal N7oneflow7JobDescE
I1222 14:46:09.539175 83045 global.h:36] NewGlobal N7oneflow7JobDescE
I1222 14:46:27.692006 83045 runtime_context.cpp:21] NewCounter constructing_actor_cnt 3144
I1222 14:46:27.693168 83356 wait_and_send_ids_actor.cpp:53] actor 106652764209152 switch to &WaitAndSendIdsActor::HandlerWaitToStart
I1222 14:46:27.693264 83355 naive_actor.cpp:25] actor 107760729459505 switch to &NaiveActor::HandlerNormal
I1222 14:46:27.693325 83356 thread.cpp:99] Thread 50856001 construct Actor kWaitAndSendIds 106652764209152
I1222 14:46:27.693485 83355 thread.cpp:99] Thread 51384320 construct Actor kDeviceTick 107760729459505
I1222 14:46:27.693912 83356 runtime_context.cpp:29] DecreaseCounter constructing_actor_cnt, current val is 3143
I1222 14:46:27.694025 83355 runtime_context.cpp:29] DecreaseCounter constructing_actor_cnt, current val is 3142
I1222 14:46:27.695369 83355 naive_actor.cpp:25] actor 107760729459499 switch to &NaiveActor::HandlerNormal
I1222 14:46:27.695494 83355 thread.cpp:99] Thread 51384320 construct Actor kDeviceTick 107760729459499
I1222 14:46:27.695652 83355 runtime_context.cpp:29] DecreaseCounter constructing_actor_cnt, current val is 3141
I1222 14:46:27.696099 83355 naive_actor.cpp:25] actor 107760729459501 switch to &NaiveActor::HandlerNormal
I1222 14:46:27.696195 83355 thread.cpp:99] Thread 51384320 construct Actor kDeviceTick 107760729459501
I1222 14:46:27.696310 83355 runtime_context.cpp:29] DecreaseCounter constructing_actor_cnt, current val is 3140
I1222 14:46:27.696745 83355 naive_actor.cpp:25] actor 107760729459496 switch to &NaiveActor::HandlerNormal
I1222 14:46:27.696841 83355 thread.cpp:99] Thread 51384320 construct Actor kDeviceTick 107760729459496
I1222 14:46:27.696949 83355 runtime_context.cpp:29] DecreaseCounter constructing_actor_cnt, current val is 3139
I1222 14:46:27.697351 83355 naive_actor.cpp:25] actor 107760729459503 switch to &NaiveActor::HandlerNormal
I1222 14:46:27.697443 83355 thread.cpp:99] Thread 51384320 construct Actor kDeviceTick 107760729459503
I1222 14:46:27.697567 83355 runtime_context.cpp:29] DecreaseCounter constructing_actor_cnt, current val is 3138
I1222 14:46:27.791859 83355 naive_actor.cpp:25] actor 107760729456652 switch to &NaiveActor::HandlerNormal
I1222 14:46:27.791972 83355 thread.cpp:99] Thread 51384320 construct Actor kNormalForward 107760729456652
I1222 14:46:27.792062 83352 naive_actor.cpp:25] actor 106652627894272 switch to &NaiveActor::HandlerNormal
I1222 14:46:27.792141 83355 runtime_context.cpp:29] DecreaseCounter constructing_actor_cnt, current val is 3137
I1222 14:46:27.792138 83350 naive_actor.cpp:25] actor 106652634185728 switch to &NaiveActor::HandlerNormal
I1222 14:46:27.792090 83353 naive_actor.cpp:25] actor 106652632088576 switch to &NaiveActor::HandlerNormal
I1222 14:46:27.792151 83352 thread.cpp:99] Thread 50855936 construct Actor kNormalForward 106652627894272
I1222 14:46:27.792207 83351 naive_actor.cpp:25] actor 106652629991424 switch to &NaiveActor::HandlerNormal
I1222 14:46:27.792229 83348 naive_actor.cpp:25] actor 106652638380032 switch to &NaiveActor::HandlerNormal
I1222 14:46:27.792516 83352 runtime_context.cpp:29] DecreaseCounter constructing_actor_cnt, current val is 3136
I1222 14:46:27.792356 83353 thread.cpp:99] Thread 50855938 construct Actor kNormalForward 106652632088576
I1222 14:46:27.792358 83349 naive_actor.cpp:25] actor 106652636282880 switch to &NaiveActor::HandlerNormal
I1222 14:46:27.792439 83355 naive_actor.cpp:25] actor 107760729456684 switch to &NaiveActor::HandlerNormal
I1222 14:46:27.792472 83351 thread.cpp:99] Thread 50855937 construct Actor kNormalForward 106652629991424
I1222 14:46:27.792270 83350 thread.cpp:99] Thread 50855939 construct Actor kNormalForward 106652634185728
I1222 14:46:27.792522 83348 thread.cpp:99] Thread 50855941 construct Actor kNormalForward 106652638380032
I1222 14:46:27.792690 83347 naive_actor.cpp:25] actor 106652640477184 switch to &NaiveActor::HandlerNormal
I1222 14:46:27.792747 83349 thread.cpp:99] Thread 50855940 construct Actor kNormalForward 106652636282880
I1222 14:46:27.792770 83353 runtime_context.cpp:29] DecreaseCounter constructing_actor_cnt, current val is 3135
I1222 14:46:27.792790 83355 thread.cpp:99] Thread 51384320 construct Actor kNormalForward 107760729456684
I1222 14:46:27.792809 83359 naive_actor.cpp:25] actor 107760735748101 switch to &NaiveActor::HandlerNormal
I1222 14:46:27.794073 83355 runtime_context.cpp:29] DecreaseCounter constructing_actor_cnt, current val is 3130
I1222 14:46:27.793074 83357 copy_comm_net_actor.cpp:66] actor 106652772597760 switch to &CopyCommNetActor::HandlerNormal
I1222 14:46:27.793121 83369 naive_actor.cpp:25] actor 107760731553792 switch to &NaiveActor::HandlerNormal
I1222 14:46:27.793169 83351 runtime_context.cpp:29] DecreaseCounter constructing_actor_cnt, current val is 3134
I1222 14:46:27.793174 83360 sink_actor.cpp:21] actor 106652766306304 switch to &SinkActor::HandlerNormal
I1222 14:46:27.793390 83364 naive_actor.cpp:25] actor 106652762112004 switch to &NaiveActor::HandlerNormal
I1222 14:46:27.793557 83365 naive_actor.cpp:25] actor 106652642574336 switch to &NaiveActor::HandlerNormal
I1222 14:46:27.793684 83361 naive_actor.cpp:25] actor 106652770500608 switch to &NaiveActor::HandlerNormal
I1222 14:46:27.793828 83350 runtime_context.cpp:29] DecreaseCounter constructing_actor_cnt, current val is 3133
I1222 14:46:27.793853 83348 runtime_context.cpp:29] DecreaseCounter constructing_actor_cnt, current val is 3132
I1222 14:46:27.793887 83347 thread.cpp:99] Thread 50855942 construct Actor kNormalForward 106652640477184
I1222 14:46:27.793957 83349 runtime_context.cpp:29] DecreaseCounter constructing_actor_cnt, current val is 3131
I1222 14:46:27.793063 83363 naive_actor.cpp:25] actor 107760733650944 switch to &NaiveActor::HandlerNormal
I1222 14:46:27.794081 83359 thread.cpp:99] Thread 51384323 construct Actor kCollectiveBoxingGeneric 107760735748101
I1222 14:46:27.794222 83357 thread.cpp:99] Thread 50856005 construct Actor kCopyCommNet 106652772597760
I1222 14:46:27.794277 83369 thread.cpp:99] Thread 51384321 construct Actor kCopyHd 107760731553792
I1222 14:46:27.794961 83357 runtime_context.cpp:29] DecreaseCounter constructing_actor_cnt, current val is 3127
I1222 14:46:27.794363 83366 naive_actor.cpp:25] actor 106652768403456 switch to &NaiveActor::HandlerNormal
I1222 14:46:27.794409 83360 thread.cpp:99] Thread 50856002 construct Actor kCallbackNotify 106652766306304
I1222 14:46:27.794492 83364 thread.cpp:99] Thread 50856000 construct Actor kTick 106652762112004
I1222 14:46:27.795182 83357 copy_comm_net_actor.cpp:66] actor 106652772597765 switch to &CopyCommNetActor::HandlerNormal
I1222 14:46:27.794611 83361 thread.cpp:99] Thread 50856004 construct Actor kCriticalSectionWaitTick 106652770500608
I1222 14:46:27.794785 83347 runtime_context.cpp:29] DecreaseCounter constructing_actor_cnt, current val is 3129
I1222 14:46:27.794854 83363 thread.cpp:99] Thread 51384322 construct Actor kCopyHd 107760733650944
I1222 14:46:27.794878 83355 naive_actor.cpp:25] actor 107760729456651 switch to &NaiveActor::HandlerNormal
I1222 14:46:27.794893 83359 runtime_context.cpp:29] DecreaseCounter constructing_actor_cnt, current val is 3128
I1222 14:46:27.794355 83367 naive_actor.cpp:25] actor 106652644671488 switch to &NaiveActor::HandlerNormal
I1222 14:46:27.795608 83359 naive_actor.cpp:25] actor 107760735748104 switch to &NaiveActor::HandlerNormal
I1222 14:46:27.795689 83359 thread.cpp:99] Thread 51384323 construct Actor kCollectiveBoxingGeneric 107760735748104
I1222 14:46:27.795183 83360 runtime_context.cpp:29] DecreaseCounter constructing_actor_cnt, current val is 3125
I1222 14:46:27.794559 83365 thread.cpp:99] Thread 50855943 construct Actor kNormalForward 106652642574336
I1222 14:46:27.795244 83357 thread.cpp:99] Thread 50856005 construct Actor kCopyCommNet 106652772597765
I1222 14:46:27.795253 83364 runtime_context.cpp:29] DecreaseCounter constructing_actor_cnt, current val is 3124
I1222 14:46:27.796470 83357 runtime_context.cpp:29] DecreaseCounter constructing_actor_cnt, current val is 3119
I1222 14:46:27.795408 83355 thread.cpp:99] Thread 51384320 construct Actor kNormalForward 107760729456651
I1222 14:46:27.795414 83363 runtime_context.cpp:29] DecreaseCounter constructing_actor_cnt, current val is 3122
I1222 14:46:27.796643 83355 runtime_context.cpp:29] DecreaseCounter constructing_actor_cnt, current val is 3118
I1222 14:46:27.794981 83369 runtime_context.cpp:29] DecreaseCounter constructing_actor_cnt, current val is 3126
I1222 14:46:27.796705 83357 copy_comm_net_actor.cpp:66] actor 106652772597767 switch to &CopyCommNetActor::HandlerNormal
I1222 14:46:27.796789 83357 thread.cpp:99] Thread 50856005 construct Actor kCopyCommNet 106652772597767
I1222 14:46:27.795744 83359 runtime_context.cpp:29] DecreaseCounter constructing_actor_cnt, current val is 3121
I1222 14:46:27.795356 83361 runtime_context.cpp:29] DecreaseCounter constructing_actor_cnt, current val is 3123
I1222 14:46:27.795608 83367 thread.cpp:99] Thread 50855944 construct Actor kNormalForward 106652644671488
I1222 14:46:27.795131 83366 thread.cpp:99] Thread 50856003 construct Actor kCriticalSectionWaitTick 106652768403456
I1222 14:46:27.796802 83363 naive_actor.cpp:25] actor 107760733650960 switch to &NaiveActor::HandlerNormal
I1222 14:46:27.796416 83365 runtime_context.cpp:29] DecreaseCounter constructing_actor_cnt, current val is 3120
I1222 14:46:27.796835 83369 naive_actor.cpp:25] actor 107760731553794 switch to &NaiveActor::HandlerNormal
I1222 14:46:27.797277 83369 thread.cpp:99] Thread 51384321 construct Actor kCopyHd 107760731553794
I1222 14:46:27.797067 83359 naive_actor.cpp:25] actor 107760735748132 switch to &NaiveActor::HandlerNormal
I1222 14:46:27.797345 83359 thread.cpp:99] Thread 51384323 construct Actor kCollectiveBoxingGeneric 107760735748132
I1222 14:46:27.797180 83363 thread.cpp:99] Thread 51384322 construct Actor kCopyHd 107760733650960
I1222 14:46:27.797211 83366 runtime_context.cpp:29] DecreaseCounter constructing_actor_cnt, current val is 3115
I1222 14:46:27.797233 83364 naive_actor.cpp:25] actor 106652762112000 switch to &NaiveActor::HandlerNormal
I1222 14:46:27.796870 83357 runtime_context.cpp:29] DecreaseCounter constructing_actor_cnt, current val is 3117
I1222 14:46:27.797322 83369 runtime_context.cpp:29] DecreaseCounter constructing_actor_cnt, current val is 3114
I1222 14:46:27.797142 83367 runtime_context.cpp:29] DecreaseCounter constructing_actor_cnt, current val is 3116
I1222 14:46:27.797402 83359 runtime_context.cpp:29] DecreaseCounter constructing_actor_cnt, current val is 3113
I1222 14:46:27.797720 83357 copy_comm_net_actor.cpp:66] actor 106652772597761 switch to &CopyCommNetActor::HandlerNormal
I1222 14:46:27.797530 83364 thread.cpp:99] Thread 50856000 construct Actor kSrcSubsetTick 106652762112000
I1222 14:46:27.797727 83369 naive_actor.cpp:25] actor 107760731553793 switch to &NaiveActor::HandlerNormal
I1222 14:46:27.797854 83364 runtime_context.cpp:29] DecreaseCounter constructing_actor_cnt, current val is 3111
I1222 14:46:27.797884 83359 naive_actor.cpp:25] actor 107760735748176 switch to &NaiveActor::HandlerNormal
I1222 14:46:27.797816 83355 naive_actor.cpp:25] actor 107760729456683 switch to &NaiveActor::HandlerNormal
I1222 14:46:27.797423 83363 runtime_context.cpp:29] DecreaseCounter constructing_actor_cnt, current val is 3112
I1222 14:46:27.797857 83369 thread.cpp:99] Thread 51384321 construct Actor kCopyHd 107760731553793
I1222 14:46:27.797782 83357 thread.cpp:99] Thread 50856005 construct Actor kCopyCommNet 106652772597761
I1222 14:46:27.797930 83359 thread.cpp:99] Thread 51384323 construct Actor kCollectiveBoxingGeneric 107760735748176
I1222 14:46:27.797978 83355 thread.cpp:99] Thread 51384320 construct Actor kNormalForward 107760729456683
I1222 14:46:27.798058 83369 runtime_context.cpp:29] DecreaseCounter constructing_actor_cnt, current val is 3110
I1222 14:46:27.798117 83357 runtime_context.cpp:29] DecreaseCounter constructing_actor_cnt, current val is 3109
I1222 14:46:27.798156 83363 naive_actor.cpp:25] actor 107760733650958 switch to &NaiveActor::HandlerNormal
I1222 14:46:27.798157 83359 runtime_context.cpp:29] DecreaseCounter constructing_actor_cnt, current val is 3108
I1222 14:46:27.798228 83364 naive_actor.cpp:25] actor 106652762112009 switch to &NaiveActor::HandlerNormal
I1222 14:46:27.798295 83355 runtime_context.cpp:29] DecreaseCounter constructing_actor_cnt, current val is 3107
I1222 14:46:27.798969 83363 thread.cpp:99] Thread 51384322 construct Actor kCopyHd 107760733650958
I1222 14:46:27.799052 83357 copy_comm_net_actor.cpp:66] actor 106652772597764 switch to &CopyCommNetActor::HandlerNormal
I1222 14:46:27.799055 83364 thread.cpp:99] Thread 50856000 construct Actor kDstSubsetTick 106652762112009
I1222 14:46:27.799136 83359 naive_actor.cpp:25] actor 107760735748157 switch to &NaiveActor::HandlerNormal
I1222 14:46:27.799136 83363 runtime_context.cpp:29] DecreaseCounter constructing_actor_cnt, current val is 3106
I1222 14:46:27.799176 83357 thread.cpp:99] Thread 50856005 construct Actor kCopyCommNet 106652772597764
I1222 14:46:27.799245 83364 runtime_context.cpp:29] DecreaseCounter constructing_actor_cnt, current val is 3105
I1222 14:46:27.799257 83359 thread.cpp:99] Thread 51384323 construct Actor kCollectiveBoxingGeneric 107760735748157
I1222 14:46:27.799360 83357 runtime_context.cpp:29] DecreaseCounter constructing_actor_cnt, current val is 3104
I1222 14:46:27.799396 83363 naive_actor.cpp:25] actor 107760733650951 switch to &NaiveActor::HandlerNormal
I1222 14:46:27.799432 83359 runtime_context.cpp:29] DecreaseCounter constructing_actor_cnt, current val is 3103
I1222 14:46:27.799517 83363 thread.cpp:99] Thread 51384322 construct Actor kCopyHd 107760733650951
I1222 14:46:27.799598 83363 runtime_context.cpp:29] DecreaseCounter constructing_actor_cnt, current val is 3102
I1222 14:46:27.799614 83357 copy_comm_net_actor.cpp:66] actor 106652772597762 switch to &CopyCommNetActor::HandlerNormal
I1222 14:46:27.799686 83359 naive_actor.cpp:25] actor 107760735748191 switch to &NaiveActor::HandlerNormal
I1222 14:46:27.799669 83364 naive_actor.cpp:25] actor 106652762112006 switch to &NaiveActor::HandlerNormal
I1222 14:46:27.799697 83357 thread.cpp:99] Thread 50856005 construct Actor kCopyCommNet 106652772597762
I1222 14:46:27.799705 83355 naive_actor.cpp:25] actor 107760729456643 switch to &NaiveActor::HandlerNormal
I1222 14:46:27.799741 83359 thread.cpp:99] Thread 51384323 construct Actor kCollectiveBoxingGeneric 107760735748191
I1222 14:46:27.799743 83363 naive_actor.cpp:25] actor 107760733650949 switch to &NaiveActor::HandlerNormal
I1222 14:46:27.799782 83364 thread.cpp:99] Thread 50856000 construct Actor kSrcSubsetTick 106652762112006
I1222 14:46:27.799845 83357 runtime_context.cpp:29] DecreaseCounter constructing_actor_cnt, current val is 3101
I1222 14:46:27.799880 83355 thread.cpp:99] Thread 51384320 construct Actor kNormalForward 107760729456643
I1222 14:46:27.799923 83359 runtime_context.cpp:29] DecreaseCounter constructing_actor_cnt, current val is 3100
I1222 14:46:27.799942 83363 thread.cpp:99] Thread 51384322 construct Actor kCopyHd 107760733650949
I1222 14:46:27.799990 83364 runtime_context.cpp:29] DecreaseCounter constructing_actor_cnt, current val is 3099
I1222 14:46:27.800091 83355 runtime_context.cpp:29] DecreaseCounter constructing_actor_cnt, current val is 3098
I1222 14:46:27.800134 83363 runtime_context.cpp:29] DecreaseCounter constructing_actor_cnt, current val is 3097
I1222 14:46:27.800153 83357 copy_comm_net_actor.cpp:66] actor 106652772597771 switch to &CopyCommNetActor::HandlerNormal
I1222 14:46:27.800235 83359 naive_actor.cpp:25] actor 107760735748177 switch to &NaiveActor::HandlerNormal
I1222 14:46:27.800282 83357 thread.cpp:99] Thread 50856005 construct Actor kCopyCommNet 106652772597771
I1222 14:46:27.800312 83363 naive_actor.cpp:25] actor 107760733650957 switch to &NaiveActor::HandlerNormal
I1222 14:46:27.800333 83359 thread.cpp:99] Thread 51384323 construct Actor kCollectiveBoxingGeneric 107760735748177
I1222 14:46:27.800482 83357 runtime_context.cpp:29] DecreaseCounter constructing_actor_cnt, current val is 3096
I1222 14:46:27.800563 83364 naive_actor.cpp:25] actor 106652762112002 switch to &NaiveActor::HandlerNormal
I1222 14:46:27.800834 83355 naive_actor.cpp:25] actor 107760729456644 switch to &NaiveActor::HandlerNormal
I1222 14:46:27.801144 83363 thread.cpp:99] Thread 51384322 construct Actor kCopyHd 107760733650957
I1222 14:46:27.801193 83359 runtime_context.cpp:29] DecreaseCounter constructing_actor_cnt, current val is 3095
I1222 14:46:27.801267 83364 thread.cpp:99] Thread 50856000 construct Actor kDstSubsetTick 106652762112002
I1222 14:46:27.801318 83355 thread.cpp:99] Thread 51384320 construct Actor kNormalForward 107760729456644
I1222 14:46:27.801357 83357 copy_comm_net_actor.cpp:66] actor 106652772597766 switch to &CopyCommNetActor::HandlerNormal
I1222 14:46:27.801363 83363 runtime_context.cpp:29] DecreaseCounter constructing_actor_cnt, current val is 3094
I1222 14:46:27.801465 83364 runtime_context.cpp:29] DecreaseCounter constructing_actor_cnt, current val is 3093
I1222 14:46:27.801491 83355 runtime_context.cpp:29] DecreaseCounter constructing_actor_cnt, current val is 3092
I1222 14:46:27.801517 83357 thread.cpp:99] Thread 50856005 construct Actor kCopyCommNet 106652772597766
I1222 14:46:27.801640 83363 naive_actor.cpp:25] actor 107760733650962 switch to &NaiveActor::HandlerNormal
I1222 14:46:27.801697 83357 runtime_context.cpp:29] DecreaseCounter constructing_actor_cnt, current val is 3091
I1222 14:46:27.801714 83363 thread.cpp:99] Thread 51384322 construct Actor kCopyHd 107760733650962
I1222 14:46:27.801730 83359 naive_actor.cpp:25] actor 107760735748106 switch to &NaiveActor::HandlerNormal
I1222 14:46:27.801813 83364 naive_actor.cpp:25] actor 106652762112005 switch to &NaiveActor::HandlerNormal
I1222 14:46:27.801820 83363 runtime_context.cpp:29] DecreaseCounter constructing_actor_cnt, current val is 3090
I1222 14:46:27.801852 83359 thread.cpp:99] Thread 51384323 construct Actor kCollectiveBoxingGeneric 107760735748106
I1222 14:46:27.801894 83364 thread.cpp:99] Thread 50856000 construct Actor kTick 106652762112005
I1222 14:46:27.801909 83357 copy_comm_net_actor.cpp:66] actor 106652772597776 switch to &CopyCommNetActor::HandlerNormal
I1222 14:46:27.801996 83359 runtime_context.cpp:29] DecreaseCounter constructing_actor_cnt, current val is 3089
I1222 14:46:27.802044 83363 naive_actor.cpp:25] actor 107760733650945 switch to &NaiveActor::HandlerNormal
I1222 14:46:27.802044 83364 runtime_context.cpp:29] DecreaseCounter constructing_actor_cnt, current val is 3088
I1222 14:46:27.802088 83357 thread.cpp:99] Thread 50856005 construct Actor kCopyCommNet 106652772597776
I1222 14:46:27.802170 83363 thread.cpp:99] Thread 51384322 construct Actor kCopyHd 107760733650945
I1222 14:46:27.802263 83355 naive_actor.cpp:25] actor 107760729456716 switch to &NaiveActor::HandlerNormal
I1222 14:46:27.802268 83359 naive_actor.cpp:25] actor 107760735748203 switch to &NaiveActor::HandlerNormal
I1222 14:46:27.802284 83357 runtime_context.cpp:29] DecreaseCounter constructing_actor_cnt, current val is 3087
I1222 14:46:27.802311 83363 runtime_context.cpp:29] DecreaseCounter constructing_actor_cnt, current val is 3086
I1222 14:46:27.802345 83355 thread.cpp:99] Thread 51384320 construct Actor kNormalForward 107760729456716
I1222 14:46:27.802388 83359 thread.cpp:99] Thread 51384323 construct Actor kCollectiveBoxingGeneric 107760735748203
I1222 14:46:27.802460 83364 naive_actor.cpp:25] actor 106652762112001 switch to &NaiveActor::HandlerNormal
I1222 14:46:27.802553 83355 runtime_context.cpp:29] DecreaseCounter constructing_actor_cnt, current val is 3085
I1222 14:46:27.802573 83359 runtime_context.cpp:29] DecreaseCounter constructing_actor_cnt, current val is 3084
I1222 14:46:27.802577 83357 copy_comm_net_actor.cpp:66] actor 106652772597770 switch to &CopyCommNetActor::HandlerNormal
I1222 14:46:27.802585 83363 naive_actor.cpp:25] actor 107760733650952 switch to &NaiveActor::HandlerNormal
I1222 14:46:27.802613 83364 thread.cpp:99] Thread 50856000 construct Actor kTick 106652762112001
I1222 14:46:27.802785 83357 thread.cpp:99] Thread 50856005 construct Actor kCopyCommNet 106652772597770
I1222 14:46:27.803544 83364 runtime_context.cpp:29] DecreaseCounter constructing_actor_cnt, current val is 3083
I1222 14:46:27.802870 83355 naive_actor.cpp:25] actor 107760729456654 switch to &NaiveActor::HandlerNormal
I1222 14:46:27.803455 83363 thread.cpp:99] Thread 51384322 construct Actor kCopyHd 107760733650952
I1222 14:46:27.802801 83359 naive_actor.cpp:25] actor 107760735748102 switch to &NaiveActor::HandlerNormal
I1222 14:46:27.803572 83357 runtime_context.cpp:29] DecreaseCounter constructing_actor_cnt, current val is 3082
I1222 14:46:27.803628 83355 thread.cpp:99] Thread 51384320 construct Actor kNormalForward 107760729456654
I1222 14:46:27.803673 83363 runtime_context.cpp:29] DecreaseCounter constructing_actor_cnt, current val is 3081
I1222 14:46:27.803702 83359 thread.cpp:99] Thread 51384323 construct Actor kCollectiveBoxingGeneric 107760735748102
I1222 14:46:27.803812 83364 naive_actor.cpp:25] actor 106652762112003 switch to &NaiveActor::HandlerNormal
I1222 14:46:27.803823 83355 runtime_context.cpp:29] DecreaseCounter constructing_actor_cnt, current val is 3080
I1222 14:46:27.803885 83359 runtime_context.cpp:29] DecreaseCounter constructing_actor_cnt, current val is 3079
I1222 14:46:27.803894 83357 copy_comm_net_actor.cpp:66] actor 106652772597778 switch to &CopyCommNetActor::HandlerNormal
I1222 14:46:27.803908 83364 thread.cpp:99] Thread 50856000 construct Actor kTick 106652762112003
I1222 14:46:27.803921 83363 naive_actor.cpp:25] actor 107760733650948 switch to &NaiveActor::HandlerNormal
I1222 14:46:27.804039 83357 thread.cpp:99] Thread 50856005 construct Actor kCopyCommNet 106652772597778
I1222 14:46:27.804100 83364 runtime_context.cpp:29] DecreaseCounter constructing_actor_cnt, current val is 3078
I1222 14:46:27.804114 83363 thread.cpp:99] Thread 51384322 construct Actor kCopyHd 107760733650948
I1222 14:46:27.804116 83359 naive_actor.cpp:25] actor 107760735748127 switch to &NaiveActor::HandlerNormal
I1222 14:46:27.804179 83357 runtime_context.cpp:29] DecreaseCounter constructing_actor_cnt, current val is 3077
I1222 14:46:27.804241 83363 runtime_context.cpp:29] DecreaseCounter constructing_actor_cnt, current val is 3076
I1222 14:46:27.804272 83359 thread.cpp:99] Thread 51384323 construct Actor kCollectiveBoxingGeneric 107760735748127
I1222 14:46:27.804423 83359 runtime_context.cpp:29] DecreaseCounter constructing_actor_cnt, current val is 3075
I1222 14:46:27.804430 83364 naive_actor.cpp:25] actor 106652762112007 switch to &NaiveActor::HandlerNormal
I1222 14:46:27.804458 83357 copy_comm_net_actor.cpp:66] actor 106652772597763 switch to &CopyCommNetActor::HandlerNormal
I1222 14:46:27.804517 83364 thread.cpp:99] Thread 50856000 construct Actor kDstSubsetTick 106652762112007
I1222 14:46:27.804527 83355 naive_actor.cpp:25] actor 107760729456715 switch to &NaiveActor::HandlerNormal
I1222 14:46:27.804651 83363 naive_actor.cpp:25] actor 107760733650959 switch to &NaiveActor::HandlerNormal
I1222 14:46:27.804608 83359 naive_actor.cpp:25] actor 107760735748134 switch to &NaiveActor::HandlerNormal
I1222 14:46:27.804636 83364 runtime_context.cpp:29] DecreaseCounter constructing_actor_cnt, current val is 3074
I1222 14:46:27.804572 83357 thread.cpp:99] Thread 50856005 construct Actor kCopyCommNet 106652772597763
I1222 14:46:27.804662 83355 thread.cpp:99] Thread 51384320 construct Actor kNormalForward 107760729456715
I1222 14:46:27.804699 83363 thread.cpp:99] Thread 51384322 construct Actor kCopyHd 107760733650959
I1222 14:46:27.804741 83359 thread.cpp:99] Thread 51384323 construct Actor kCollectiveBoxingGeneric 107760735748134
I1222 14:46:27.804843 83357 runtime_context.cpp:29] DecreaseCounter constructing_actor_cnt, current val is 3073
I1222 14:46:27.804898 83355 runtime_context.cpp:29] DecreaseCounter constructing_actor_cnt, current val is 3072
I1222 14:46:27.804908 83363 runtime_context.cpp:29] DecreaseCounter constructing_actor_cnt, current val is 3071
I1222 14:46:27.804944 83359 runtime_context.cpp:29] DecreaseCounter constructing_actor_cnt, current val is 3070
I1222 14:46:27.805088 83364 naive_actor.cpp:25] actor 106652762112008 switch to &NaiveActor::HandlerNormal
I1222 14:46:27.805142 83357 copy_comm_net_actor.cpp:66] actor 106652772597773 switch to &CopyCommNetActor::HandlerNormal
I1222 14:46:27.805778 83364 thread.cpp:99] Thread 50856000 construct Actor kSrcSubsetTick 106652762112008
I1222 14:46:27.805791 83363 naive_actor.cpp:25] actor 107760733650961 switch to &NaiveActor::HandlerNormal
I1222 14:46:27.805907 83364 runtime_context.cpp:29] DecreaseCounter constructing_actor_cnt, current val is 3069
I1222 14:46:27.805856 83359 naive_actor.cpp:25] actor 107760735748130 switch to &NaiveActor::HandlerNormal
I1222 14:46:27.805912 83363 thread.cpp:99] Thread 51384322 construct Actor kCopyHd 107760733650961
I1222 14:46:27.805837 83357 thread.cpp:99] Thread 50856005 construct Actor kCopyCommNet 106652772597773
I1222 14:46:27.805986 83359 thread.cpp:99] Thread 51384323 construct Actor kCollectiveBoxingGeneric 107760735748130
I1222 14:46:27.806028 83363 runtime_context.cpp:29] DecreaseCounter constructing_actor_cnt, current val is 3068
I1222 14:46:27.806085 83357 runtime_context.cpp:29] DecreaseCounter constructing_actor_cnt, current val is 3067
I1222 14:46:27.806125 83359 runtime_context.cpp:29] DecreaseCounter constructing_actor_cnt, current val is 3066
I1222 14:46:27.806247 83363 naive_actor.cpp:25] actor 107760733650953 switch to &NaiveActor::HandlerNormal
I1222 14:46:27.806282 83355 naive_actor.cpp:25] actor 107760729456663 switch to &NaiveActor::HandlerNormal
I1222 14:46:27.806289 83363 thread.cpp:99] Thread 51384322 construct Actor kCopyHd 107760733650953
I1222 14:46:27.806363 83359 naive_actor.cpp:25] actor 107760735748154 switch to &NaiveActor::HandlerNormal
I1222 14:46:27.806339 83355 thread.cpp:99] Thread 51384320 construct Actor kNormalForward 107760729456663
I1222 14:46:27.806319 83357 copy_comm_net_actor.cpp:66] actor 106652772597772 switch to &CopyCommNetActor::HandlerNormal
I1222 14:46:27.806380 83363 runtime_context.cpp:29] DecreaseCounter constructing_actor_cnt, current val is 3065
I1222 14:46:27.806409 83359 thread.cpp:99] Thread 51384323 construct Actor kCollectiveBoxingGeneric 107760735748154
I1222 14:46:27.806474 83355 runtime_context.cpp:29] DecreaseCounter constructing_actor_cnt, current val is 3064
I1222 14:46:27.806496 83357 thread.cpp:99] Thread 50856005 construct Actor kCopyCommNet 106652772597772
I1222 14:46:27.806589 83359 runtime_context.cpp:29] DecreaseCounter constructing_actor_cnt, current val is 3063
I1222 14:46:27.806650 83363 naive_actor.cpp:25] actor 107760733650946 switch to &NaiveActor::HandlerNormal
I1222 14:46:27.806687 83357 runtime_context.cpp:29] DecreaseCounter constructing_actor_cnt, current val is 3062
I1222 14:46:27.806731 83363 thread.cpp:99] Thread 51384322 construct Actor kCopyHd 107760733650946
I1222 14:46:27.806819 83359 naive_actor.cpp:25] actor 107760735748159 switch to &NaiveActor::HandlerNormal
I1222 14:46:27.806843 83363 runtime_context.cpp:29] DecreaseCounter constructing_actor_cnt, current val is 3061
I1222 14:46:27.806849 83355 naive_actor.cpp:25] actor 107760729456675 switch to &NaiveActor::HandlerNormal
I1222 14:46:27.806918 83357 copy_comm_net_actor.cpp:66] actor 106652772597779 switch to &CopyCommNetActor::HandlerNormal
I1222 14:46:27.806871 83359 thread.cpp:99] Thread 51384323 construct Actor kCollectiveBoxingGeneric 107760735748159
I1222 14:46:27.806939 83355 thread.cpp:99] Thread 51384320 construct Actor kNormalForward 107760729456675
I1222 14:46:27.807030 83359 runtime_context.cpp:29] DecreaseCounter constructing_actor_cnt, current val is 3060
I1222 14:46:27.806986 83363 naive_actor.cpp:25] actor 107760733650954 switch to &NaiveActor::HandlerNormal
I1222 14:46:27.806970 83357 thread.cpp:99] Thread 50856005 construct Actor kCopyCommNet 106652772597779
I1222 14:46:27.807063 83355 runtime_context.cpp:29] DecreaseCounter constructing_actor_cnt, current val is 3059
I1222 14:46:27.807097 83363 thread.cpp:99] Thread 51384322 construct Actor kCopyHd 107760733650954
I1222 14:46:27.807195 83359 naive_actor.cpp:25] actor 107760735748232 switch to &NaiveActor::HandlerNormal
I1222 14:46:27.807210 83357 runtime_context.cpp:29] DecreaseCounter constructing_actor_cnt, current val is 3058
I1222 14:46:27.807883 83363 runtime_context.cpp:29] DecreaseCounter constructing_actor_cnt, current val is 3057
