 Insert buffer op : [System-Pipeline-Buffer-Op_-base_model.m_stage0.encoder.layer.1.output.dropout-dropout_97-mask_0-stage_id_0](buffer_size:4) 
 from [base_model.m_stage0.encoder.layer.1.output.dropout-dropout_97] (stage_id:0) -> [base_model.m_stage0.encoder.layer.1.output.dropout-dropout_97_grad] (stage_id:0) 
I1222 14:24:45.007899 79955 pipeline_buffer_pass.cpp:117] 
 Insert buffer op : [System-Pipeline-Buffer-Op_-base_model.m_stage0.encoder.layer.1.intermediate.intermediate_act_fn-gelu_94-out_0-stage_id_0](buffer_size:4) 
 from [base_model.m_stage0.encoder.layer.1.intermediate.intermediate_act_fn-gelu_94] (stage_id:0) -> [base_model.m_stage0.encoder.layer.1.output.dense-broadcast_matmul_95_b_grad] (stage_id:0) 
I1222 14:24:45.008368 79955 pipeline_buffer_pass.cpp:117] 
 Insert buffer op : [System-Pipeline-Buffer-Op_-base_model.m_stage0.encoder.layer.1.intermediate.dense-broadcast_add_93-z_0-stage_id_0](buffer_size:4) 
 from [base_model.m_stage0.encoder.layer.1.intermediate.dense-broadcast_add_93] (stage_id:0) -> [base_model.m_stage0.encoder.layer.1.intermediate.intermediate_act_fn-gelu_94_grad] (stage_id:0) 
I1222 14:24:45.008430 79955 pipeline_buffer_pass.cpp:117] 
 Insert buffer op : [System-Pipeline-Buffer-Op_-base_model.m_stage0.encoder.layer.1.attention.output.LayerNorm-layer_norm_91-y_0-stage_id_0](buffer_size:4) 
 from [base_model.m_stage0.encoder.layer.1.attention.output.LayerNorm-layer_norm_91] (stage_id:0) -> [base_model.m_stage0.encoder.layer.1.intermediate.dense-broadcast_matmul_92_b_grad] (stage_id:0) 
I1222 14:24:45.008486 79955 pipeline_buffer_pass.cpp:117] 
 Insert buffer op : [System-Pipeline-Buffer-Op_-base_model.m_stage0.encoder.layer.1.attention.output.LayerNorm-layer_norm_91-normalized_0-stage_id_0](buffer_size:4) 
 from [base_model.m_stage0.encoder.layer.1.attention.output.LayerNorm-layer_norm_91] (stage_id:0) -> [base_model.m_stage0.encoder.layer.1.attention.output.LayerNorm-layer_norm_91_param_grad] (stage_id:0) 
I1222 14:24:45.008548 79955 pipeline_buffer_pass.cpp:117] 
 Insert buffer op : [System-Pipeline-Buffer-Op_-base_model.m_stage0.encoder.layer.1.attention.output-add_n_90-out_0-stage_id_0](buffer_size:4) 
 from [base_model.m_stage0.encoder.layer.1.attention.output-add_n_90] (stage_id:0) -> [base_model.m_stage0.encoder.layer.1.attention.output.LayerNorm-layer_norm_91_grad] (stage_id:0) 
I1222 14:24:45.008602 79955 pipeline_buffer_pass.cpp:117] 
 Insert buffer op : [System-Pipeline-Buffer-Op_-base_model.m_stage0.encoder.layer.1.attention.output.LayerNorm-layer_norm_91-mean_0-stage_id_0](buffer_size:4) 
 from [base_model.m_stage0.encoder.layer.1.attention.output.LayerNorm-layer_norm_91] (stage_id:0) -> [base_model.m_stage0.encoder.layer.1.attention.output.LayerNorm-layer_norm_91_grad] (stage_id:0) 
I1222 14:24:45.008649 79955 pipeline_buffer_pass.cpp:117] 
 Insert buffer op : [System-Pipeline-Buffer-Op_-base_model.m_stage0.encoder.layer.1.attention.output.LayerNorm-layer_norm_91-inv_variance_0-stage_id_0](buffer_size:4) 
 from [base_model.m_stage0.encoder.layer.1.attention.output.LayerNorm-layer_norm_91] (stage_id:0) -> [base_model.m_stage0.encoder.layer.1.attention.output.LayerNorm-layer_norm_91_grad] (stage_id:0) 
I1222 14:24:45.008704 79955 pipeline_buffer_pass.cpp:117] 
 Insert buffer op : [System-Pipeline-Buffer-Op_-base_model.m_stage0.encoder.layer.1.attention.output.dropout-dropout_89-mask_0-stage_id_0](buffer_size:4) 
 from [base_model.m_stage0.encoder.layer.1.attention.output.dropout-dropout_89] (stage_id:0) -> [base_model.m_stage0.encoder.layer.1.attention.output.dropout-dropout_89_grad] (stage_id:0) 
I1222 14:24:45.008762 79955 pipeline_buffer_pass.cpp:117] 
 Insert buffer op : [System-Pipeline-Buffer-Op_-base_model.m_stage0.encoder.layer.1.attention.self-reshape_86-out_0-stage_id_0](buffer_size:4) 
 from [base_model.m_stage0.encoder.layer.1.attention.self-reshape_86] (stage_id:0) -> [base_model.m_stage0.encoder.layer.1.attention.output.dense-broadcast_matmul_87_b_grad] (stage_id:0) 
I1222 14:24:45.008819 79955 pipeline_buffer_pass.cpp:117] 
 Insert buffer op : [System-Pipeline-Buffer-Op_-base_model.m_stage0.encoder.layer.1.attention.self-transpose_77-output_0-stage_id_0](buffer_size:4) 
 from [base_model.m_stage0.encoder.layer.1.attention.self-transpose_77] (stage_id:0) -> [base_model.m_stage0.encoder.layer.1.attention.self-batch_matmul_84_grad_a] (stage_id:0) 
I1222 14:24:45.008906 79955 pipeline_buffer_pass.cpp:117] 
 Insert buffer op : [System-Pipeline-Buffer-Op_-base_model.m_stage0.encoder.layer.1.attention.self.dropout-dropout_83-out_0-stage_id_0](buffer_size:4) 
 from [base_model.m_stage0.encoder.layer.1.attention.self.dropout-dropout_83] (stage_id:0) -> [base_model.m_stage0.encoder.layer.1.attention.self-batch_matmul_84_grad_b] (stage_id:0) 
I1222 14:24:45.009308 79955 pipeline_buffer_pass.cpp:117] 
 Insert buffer op : [System-Pipeline-Buffer-Op_-base_model.m_stage0.encoder.layer.1.attention.self.dropout-dropout_83-mask_0-stage_id_0](buffer_size:4) 
 from [base_model.m_stage0.encoder.layer.1.attention.self.dropout-dropout_83] (stage_id:0) -> [base_model.m_stage0.encoder.layer.1.attention.self.dropout-dropout_83_grad] (stage_id:0) 
I1222 14:24:45.009367 79955 pipeline_buffer_pass.cpp:117] 
 Insert buffer op : [System-Pipeline-Buffer-Op_-base_model.m_stage0.encoder.layer.1.attention.self-softmax_82-out_0-stage_id_0](buffer_size:4) 
 from [base_model.m_stage0.encoder.layer.1.attention.self-softmax_82] (stage_id:0) -> [base_model.m_stage0.encoder.layer.1.attention.self-softmax_82_grad] (stage_id:0) 
I1222 14:24:45.009428 79955 pipeline_buffer_pass.cpp:117] 
 Insert buffer op : [System-Pipeline-Buffer-Op_-base_model.m_stage0.encoder.layer.0.output.LayerNorm-layer_norm_65-y_0-stage_id_0](buffer_size:4) 
 from [base_model.m_stage0.encoder.layer.0.output.LayerNorm-layer_norm_65] (stage_id:0) -> [base_model.m_stage0.encoder.layer.1.attention.self.value-broadcast_matmul_74_b_grad] (stage_id:0) 
I1222 14:24:45.009481 79955 pipeline_buffer_pass.cpp:117] 
 Insert buffer op : [System-Pipeline-Buffer-Op_-base_model.m_stage0.encoder.layer.1.attention.self-transpose_78-output_0-stage_id_0](buffer_size:4) 
 from [base_model.m_stage0.encoder.layer.1.attention.self-transpose_78] (stage_id:0) -> [base_model.m_stage0.encoder.layer.1.attention.self-batch_matmul_79_grad_a] (stage_id:0) 
I1222 14:24:45.009538 79955 pipeline_buffer_pass.cpp:117] 
 Insert buffer op : [System-Pipeline-Buffer-Op_-base_model.m_stage0.encoder.layer.1.attention.self-transpose_69-output_0-stage_id_0](buffer_size:4) 
 from [base_model.m_stage0.encoder.layer.1.attention.self-transpose_69] (stage_id:0) -> [base_model.m_stage0.encoder.layer.1.attention.self-batch_matmul_79_grad_b] (stage_id:0) 
I1222 14:24:45.009636 79955 pipeline_buffer_pass.cpp:117] 
 Insert buffer op : [System-Pipeline-Buffer-Op_-base_model.m_stage0.encoder.layer.0.output.LayerNorm-layer_norm_65-normalized_0-stage_id_0](buffer_size:4) 
 from [base_model.m_stage0.encoder.layer.0.output.LayerNorm-layer_norm_65] (stage_id:0) -> [base_model.m_stage0.encoder.layer.0.output.LayerNorm-layer_norm_65_param_grad] (stage_id:0) 
I1222 14:24:45.009692 79955 pipeline_buffer_pass.cpp:117] 
 Insert buffer op : [System-Pipeline-Buffer-Op_-base_model.m_stage0.encoder.layer.0.output-add_n_64-out_0-stage_id_0](buffer_size:4) 
 from [base_model.m_stage0.encoder.layer.0.output-add_n_64] (stage_id:0) -> [base_model.m_stage0.encoder.layer.0.output.LayerNorm-layer_norm_65_grad] (stage_id:0) 
I1222 14:24:45.009744 79955 pipeline_buffer_pass.cpp:117] 
 Insert buffer op : [System-Pipeline-Buffer-Op_-base_model.m_stage0.encoder.layer.0.output.LayerNorm-layer_norm_65-mean_0-stage_id_0](buffer_size:4) 
 from [base_model.m_stage0.encoder.layer.0.output.LayerNorm-layer_norm_65] (stage_id:0) -> [base_model.m_stage0.encoder.layer.0.output.LayerNorm-layer_norm_65_grad] (stage_id:0) 
I1222 14:24:45.009793 79955 pipeline_buffer_pass.cpp:117] 
 Insert buffer op : [System-Pipeline-Buffer-Op_-base_model.m_stage0.encoder.layer.0.output.LayerNorm-layer_norm_65-inv_variance_0-stage_id_0](buffer_size:4) 
 from [base_model.m_stage0.encoder.layer.0.output.LayerNorm-layer_norm_65] (stage_id:0) -> [base_model.m_stage0.encoder.layer.0.output.LayerNorm-layer_norm_65_grad] (stage_id:0) 
I1222 14:24:45.009846 79955 pipeline_buffer_pass.cpp:117] 
 Insert buffer op : [System-Pipeline-Buffer-Op_-base_model.m_stage0.encoder.layer.0.output.dropout-dropout_63-mask_0-stage_id_0](buffer_size:4) 
 from [base_model.m_stage0.encoder.layer.0.output.dropout-dropout_63] (stage_id:0) -> [base_model.m_stage0.encoder.layer.0.output.dropout-dropout_63_grad] (stage_id:0) 
I1222 14:24:45.009940 79955 pipeline_buffer_pass.cpp:117] 
 Insert buffer op : [System-Pipeline-Buffer-Op_-base_model.m_stage0.encoder.layer.0.intermediate.intermediate_act_fn-gelu_60-out_0-stage_id_0](buffer_size:4) 
 from [base_model.m_stage0.encoder.layer.0.intermediate.intermediate_act_fn-gelu_60] (stage_id:0) -> [base_model.m_stage0.encoder.layer.0.output.dense-broadcast_matmul_61_b_grad] (stage_id:0) 
I1222 14:24:45.010922 79955 pipeline_buffer_pass.cpp:117] 
 Insert buffer op : [System-Pipeline-Buffer-Op_-base_model.m_stage0.encoder.layer.0.intermediate.dense-broadcast_add_59-z_0-stage_id_0](buffer_size:4) 
 from [base_model.m_stage0.encoder.layer.0.intermediate.dense-broadcast_add_59] (stage_id:0) -> [base_model.m_stage0.encoder.layer.0.intermediate.intermediate_act_fn-gelu_60_grad] (stage_id:0) 
I1222 14:24:45.010984 79955 pipeline_buffer_pass.cpp:117] 
 Insert buffer op : [System-Pipeline-Buffer-Op_-base_model.m_stage0.encoder.layer.0.attention.output.LayerNorm-layer_norm_57-y_0-stage_id_0](buffer_size:4) 
 from [base_model.m_stage0.encoder.layer.0.attention.output.LayerNorm-layer_norm_57] (stage_id:0) -> [base_model.m_stage0.encoder.layer.0.intermediate.dense-broadcast_matmul_58_b_grad] (stage_id:0) 
I1222 14:24:45.011041 79955 pipeline_buffer_pass.cpp:117] 
 Insert buffer op : [System-Pipeline-Buffer-Op_-base_model.m_stage0.encoder.layer.0.attention.output.LayerNorm-layer_norm_57-normalized_0-stage_id_0](buffer_size:4) 
 from [base_model.m_stage0.encoder.layer.0.attention.output.LayerNorm-layer_norm_57] (stage_id:0) -> [base_model.m_stage0.encoder.layer.0.attention.output.LayerNorm-layer_norm_57_param_grad] (stage_id:0) 
I1222 14:24:45.011097 79955 pipeline_buffer_pass.cpp:117] 
 Insert buffer op : [System-Pipeline-Buffer-Op_-base_model.m_stage0.encoder.layer.0.attention.output.LayerNorm-layer_norm_57-mean_0-stage_id_0](buffer_size:4) 
 from [base_model.m_stage0.encoder.layer.0.attention.output.LayerNorm-layer_norm_57] (stage_id:0) -> [base_model.m_stage0.encoder.layer.0.attention.output.LayerNorm-layer_norm_57_grad] (stage_id:0) 
I1222 14:24:45.011150 79955 pipeline_buffer_pass.cpp:117] 
 Insert buffer op : [System-Pipeline-Buffer-Op_-base_model.m_stage0.encoder.layer.0.attention.output.LayerNorm-layer_norm_57-inv_variance_0-stage_id_0](buffer_size:4) 
 from [base_model.m_stage0.encoder.layer.0.attention.output.LayerNorm-layer_norm_57] (stage_id:0) -> [base_model.m_stage0.encoder.layer.0.attention.output.LayerNorm-layer_norm_57_grad] (stage_id:0) 
I1222 14:24:45.011201 79955 pipeline_buffer_pass.cpp:117] 
 Insert buffer op : [System-Pipeline-Buffer-Op_-base_model.m_stage0.encoder.layer.0.attention.output-add_n_56-out_0-stage_id_0](buffer_size:4) 
 from [base_model.m_stage0.encoder.layer.0.attention.output-add_n_56] (stage_id:0) -> [base_model.m_stage0.encoder.layer.0.attention.output.LayerNorm-layer_norm_57_grad] (stage_id:0) 
I1222 14:24:45.011253 79955 pipeline_buffer_pass.cpp:117] 
 Insert buffer op : [System-Pipeline-Buffer-Op_-base_model.m_stage0.encoder.layer.0.attention.output.dropout-dropout_55-mask_0-stage_id_0](buffer_size:4) 
 from [base_model.m_stage0.encoder.layer.0.attention.output.dropout-dropout_55] (stage_id:0) -> [base_model.m_stage0.encoder.layer.0.attention.output.dropout-dropout_55_grad] (stage_id:0) 
I1222 14:24:45.011313 79955 pipeline_buffer_pass.cpp:117] 
 Insert buffer op : [System-Pipeline-Buffer-Op_-base_model.m_stage0.encoder.layer.0.attention.self-reshape_52-out_0-stage_id_0](buffer_size:4) 
 from [base_model.m_stage0.encoder.layer.0.attention.self-reshape_52] (stage_id:0) -> [base_model.m_stage0.encoder.layer.0.attention.output.dense-broadcast_matmul_53_b_grad] (stage_id:0) 
I1222 14:24:45.011371 79955 pipeline_buffer_pass.cpp:117] 
 Insert buffer op : [System-Pipeline-Buffer-Op_-base_model.m_stage0.encoder.layer.0.attention.self-transpose_43-output_0-stage_id_0](buffer_size:4) 
 from [base_model.m_stage0.encoder.layer.0.attention.self-transpose_43] (stage_id:0) -> [base_model.m_stage0.encoder.layer.0.attention.self-batch_matmul_50_grad_a] (stage_id:0) 
I1222 14:24:45.011461 79955 pipeline_buffer_pass.cpp:117] 
 Insert buffer op : [System-Pipeline-Buffer-Op_-base_model.m_stage0.encoder.layer.0.attention.self.dropout-dropout_49-out_0-stage_id_0](buffer_size:4) 
 from [base_model.m_stage0.encoder.layer.0.attention.self.dropout-dropout_49] (stage_id:0) -> [base_model.m_stage0.encoder.layer.0.attention.self-batch_matmul_50_grad_b] (stage_id:0) 
I1222 14:24:45.011988 79955 pipeline_buffer_pass.cpp:117] 
 Insert buffer op : [System-Pipeline-Buffer-Op_-base_model.m_stage0.encoder.layer.0.attention.self.dropout-dropout_49-mask_0-stage_id_0](buffer_size:4) 
 from [base_model.m_stage0.encoder.layer.0.attention.self.dropout-dropout_49] (stage_id:0) -> [base_model.m_stage0.encoder.layer.0.attention.self.dropout-dropout_49_grad] (stage_id:0) 
I1222 14:24:45.012048 79955 pipeline_buffer_pass.cpp:117] 
 Insert buffer op : [System-Pipeline-Buffer-Op_-base_model.m_stage0.encoder.layer.0.attention.self-softmax_48-out_0-stage_id_0](buffer_size:4) 
 from [base_model.m_stage0.encoder.layer.0.attention.self-softmax_48] (stage_id:0) -> [base_model.m_stage0.encoder.layer.0.attention.self-softmax_48_grad] (stage_id:0) 
I1222 14:24:45.012105 79955 pipeline_buffer_pass.cpp:117] 
 Insert buffer op : [System-Pipeline-Buffer-Op_-base_model.m_stage0.embeddings.dropout-dropout_25-out_0-stage_id_0](buffer_size:4) 
 from [base_model.m_stage0.embeddings.dropout-dropout_25] (stage_id:0) -> [base_model.m_stage0.encoder.layer.0.attention.self.value-broadcast_matmul_40_b_grad] (stage_id:0) 
I1222 14:24:45.012161 79955 pipeline_buffer_pass.cpp:117] 
 Insert buffer op : [System-Pipeline-Buffer-Op_-base_model.m_stage0.encoder.layer.0.attention.self-transpose_44-output_0-stage_id_0](buffer_size:4) 
 from [base_model.m_stage0.encoder.layer.0.attention.self-transpose_44] (stage_id:0) -> [base_model.m_stage0.encoder.layer.0.attention.self-batch_matmul_45_grad_a] (stage_id:0) 
I1222 14:24:45.012214 79955 pipeline_buffer_pass.cpp:117] 
 Insert buffer op : [System-Pipeline-Buffer-Op_-base_model.m_stage0.encoder.layer.0.attention.self-transpose_35-output_0-stage_id_0](buffer_size:4) 
 from [base_model.m_stage0.encoder.layer.0.attention.self-transpose_35] (stage_id:0) -> [base_model.m_stage0.encoder.layer.0.attention.self-batch_matmul_45_grad_b] (stage_id:0) 
I1222 14:24:45.012303 79955 pipeline_buffer_pass.cpp:117] 
 Insert buffer op : [System-Pipeline-Buffer-Op_-base_model.m_stage0.embeddings.dropout-dropout_25-mask_0-stage_id_0](buffer_size:4) 
 from [base_model.m_stage0.embeddings.dropout-dropout_25] (stage_id:0) -> [base_model.m_stage0.embeddings.dropout-dropout_25_grad] (stage_id:0) 
I1222 14:24:45.012359 79955 pipeline_buffer_pass.cpp:117] 
 Insert buffer op : [System-Pipeline-Buffer-Op_-base_model.m_stage0.embeddings.LayerNorm-layer_norm_24-normalized_0-stage_id_0](buffer_size:4) 
 from [base_model.m_stage0.embeddings.LayerNorm-layer_norm_24] (stage_id:0) -> [base_model.m_stage0.embeddings.LayerNorm-layer_norm_24_param_grad] (stage_id:0) 
I1222 14:24:45.012420 79955 pipeline_buffer_pass.cpp:117] 
 Insert buffer op : [System-Pipeline-Buffer-Op_-base_model.m_stage0.embeddings-broadcast_add_23-z_0-stage_id_0](buffer_size:4) 
 from [base_model.m_stage0.embeddings-broadcast_add_23] (stage_id:0) -> [base_model.m_stage0.embeddings.LayerNorm-layer_norm_24_grad] (stage_id:0) 
I1222 14:24:45.012473 79955 pipeline_buffer_pass.cpp:117] 
 Insert buffer op : [System-Pipeline-Buffer-Op_-base_model.m_stage0.embeddings.LayerNorm-layer_norm_24-mean_0-stage_id_0](buffer_size:4) 
 from [base_model.m_stage0.embeddings.LayerNorm-layer_norm_24] (stage_id:0) -> [base_model.m_stage0.embeddings.LayerNorm-layer_norm_24_grad] (stage_id:0) 
I1222 14:24:45.012532 79955 pipeline_buffer_pass.cpp:117] 
 Insert buffer op : [System-Pipeline-Buffer-Op_-base_model.m_stage0.embeddings.LayerNorm-layer_norm_24-inv_variance_0-stage_id_0](buffer_size:4) 
 from [base_model.m_stage0.embeddings.LayerNorm-layer_norm_24] (stage_id:0) -> [base_model.m_stage0.embeddings.LayerNorm-layer_norm_24_grad] (stage_id:0) 
I1222 14:24:45.012638 79955 pipeline_buffer_pass.cpp:117] 
 Insert buffer op : [System-Pipeline-Buffer-Op_-base_model.m_stage0.embeddings.position_embeddings-gather_20-out_0-stage_id_0](buffer_size:4) 
 from [base_model.m_stage0.embeddings.position_embeddings-gather_20] (stage_id:0) -> [base_model.m_stage0.embeddings-broadcast_add_23_y_grad_reduce_sum_like] (stage_id:0) 
I1222 14:24:45.013022 79955 pipeline_buffer_pass.cpp:117] 
 Insert buffer op : [System-Pipeline-Buffer-Op_-base_model.m_stage0.embeddings-slice_19-y_0-stage_id_0](buffer_size:4) 
 from [base_model.m_stage0.embeddings-slice_19] (stage_id:0) -> [base_model.m_stage0.embeddings.position_embeddings-gather_20_grad] (stage_id:0) 
I1222 14:24:45.013083 79955 pipeline_buffer_pass.cpp:117] 
 Insert buffer op : [System-Pipeline-Buffer-Op_-base_model-identity_15-out_0-stage_id_0](buffer_size:4) 
 from [base_model-identity_15] (stage_id:0) -> [base_model.m_stage0.embeddings.word_embeddings-gather_18_grad] (stage_id:0) 
I1222 14:24:45.013142 79955 pipeline_buffer_pass.cpp:117] 
 Insert buffer op : [System-Pipeline-Buffer-Op_-base_model-identity_16-out_0-stage_id_0](buffer_size:4) 
 from [base_model-identity_16] (stage_id:0) -> [base_model.m_stage0.embeddings.token_type_embeddings-gather_21_grad] (stage_id:0) 
I1222 14:24:45.013729 79955 pipeline_buffer_pass.cpp:117] 
 Insert buffer op : [System-Pipeline-Buffer-Op_-_train_data_loader-hierarchical_parallel_cast_8-out_0-stage_id_0](buffer_size:4) 
 from [_train_data_loader-hierarchical_parallel_cast_8] (stage_id:0) -> [base_model-identity_15] (stage_id:0) 
I1222 14:24:45.013797 79955 pipeline_buffer_pass.cpp:117] 
 Insert buffer op : [System-Pipeline-Buffer-Op_-_train_data_loader-hierarchical_parallel_cast_11-out_0-stage_id_0](buffer_size:4) 
 from [_train_data_loader-hierarchical_parallel_cast_11] (stage_id:0) -> [base_model-identity_16] (stage_id:0) 
I1222 14:24:45.013851 79955 pipeline_buffer_pass.cpp:117] 
 Insert buffer op : [System-Pipeline-Buffer-Op_-_train_data_loader-hierarchical_parallel_cast_10-out_0-stage_id_0](buffer_size:4) 
 from [_train_data_loader-hierarchical_parallel_cast_10] (stage_id:0) -> [base_model-identity_17] (stage_id:0) 
I1222 14:24:45.014400 79955 pipeline_buffer_pass.cpp:212] 
 Insert buffer op pair : src_buffer = <System-Pipeline-Buffer-Op_-base_model-identity_440-out_0>(buffer_size:1) , dst_buffer = <System-Pipeline-Buffer-Op_-base_model-identity_440-out_0-stage_id_1>(buffer_size:1) 
 from [base_model-identity_440] (stage_id:0) -> [base_model-identity_441] (stage_id:1) 
I1222 14:24:45.014461 79955 pipeline_buffer_pass.cpp:117] 
 Insert buffer op : [System-Pipeline-Buffer-Op_-_train_data_loader-hierarchical_parallel_cast_10-out_0-stage_id_1](buffer_size:4) 
 from [_train_data_loader-hierarchical_parallel_cast_10] (stage_id:0) -> [base_model-identity_442] (stage_id:1) 
I1222 14:24:45.015007 79955 pipeline_buffer_pass.cpp:117] 
 Insert buffer op : [System-Pipeline-Buffer-Op_-_train_data_loader-hierarchical_parallel_cast_9-out_0-stage_id_1](buffer_size:4) 
 from [_train_data_loader-hierarchical_parallel_cast_9] (stage_id:0) -> [reshape_872] (stage_id:1) 
I1222 14:24:45.015072 79955 pipeline_buffer_pass.cpp:117] 
 Insert buffer op : [System-Pipeline-Buffer-Op_-_train_data_loader-hierarchical_parallel_cast_13-out_0-stage_id_1](buffer_size:4) 
 from [_train_data_loader-hierarchical_parallel_cast_13] (stage_id:0) -> [expand_dims_880] (stage_id:1) 
I1222 14:24:45.015128 79955 pipeline_buffer_pass.cpp:117] 
 Insert buffer op : [System-Pipeline-Buffer-Op_-_train_data_loader-hierarchical_parallel_cast_12-out_0-stage_id_1](buffer_size:4) 
 from [_train_data_loader-hierarchical_parallel_cast_12] (stage_id:0) -> [reshape_884] (stage_id:1) 
I1222 14:24:45.015185 79955 pipeline_buffer_pass.cpp:117] 
 Insert buffer op : [System-Pipeline-Buffer-Op_-_train_data_loader-hierarchical_parallel_cast_14-out_0-stage_id_1](buffer_size:4) 
 from [_train_data_loader-hierarchical_parallel_cast_14] (stage_id:0) -> [multiply_891] (stage_id:1) 
I1222 14:24:45.016467 79955 pipeline_buffer_pass.cpp:212] 
 Insert buffer op pair : src_buffer = <System-Pipeline-Buffer-Op_-base_model-identity_441_grad-out_0>(buffer_size:1) , dst_buffer = <System-Pipeline-Buffer-Op_-base_model-identity_441_grad-out_0-stage_id_0>(buffer_size:1) 
 from [base_model-identity_441_grad] (stage_id:1) -> [base_model-identity_440_grad] (stage_id:0) 
I1222 14:24:45.989640 79955 global.h:43] DeleteGlobal N7oneflow7JobDescE
I1222 14:24:47.241773 79955 global.h:36] NewGlobal N7oneflow7JobDescE
I1222 14:25:04.747078 79955 runtime_context.cpp:21] NewCounter constructing_actor_cnt 3258
I1222 14:25:04.748332 80260 naive_actor.cpp:25] actor 72567767436216 switch to &NaiveActor::HandlerNormal
I1222 14:25:04.748605 80275 wait_and_send_ids_actor.cpp:53] actor 71468392120320 switch to &WaitAndSendIdsActor::HandlerWaitToStart
I1222 14:25:04.748436 80260 thread.cpp:99] Thread 34603008 construct Actor kDeviceTick 72567767436216
I1222 14:25:04.748780 80275 thread.cpp:99] Thread 34078785 construct Actor kWaitAndSendIds 71468392120320
I1222 14:25:04.748878 80260 runtime_context.cpp:29] DecreaseCounter constructing_actor_cnt, current val is 3257
I1222 14:25:04.749068 80275 runtime_context.cpp:29] DecreaseCounter constructing_actor_cnt, current val is 3256
I1222 14:25:04.820838 80260 naive_actor.cpp:25] actor 72567767433219 switch to &NaiveActor::HandlerNormal
I1222 14:25:04.820919 80260 thread.cpp:99] Thread 34603008 construct Actor kNormalForward 72567767433219
I1222 14:25:04.821136 80260 runtime_context.cpp:29] DecreaseCounter constructing_actor_cnt, current val is 3255
I1222 14:25:04.821451 80264 naive_actor.cpp:25] actor 71468262096896 switch to &NaiveActor::HandlerNormal
I1222 14:25:04.821480 80263 naive_actor.cpp:25] actor 71468259999744 switch to &NaiveActor::HandlerNormal
I1222 14:25:04.821535 80264 thread.cpp:99] Thread 34078723 construct Actor kNormalForward 71468262096896
I1222 14:25:04.821602 80263 thread.cpp:99] Thread 34078722 construct Actor kNormalForward 71468259999744
I1222 14:25:04.821853 80264 runtime_context.cpp:29] DecreaseCounter constructing_actor_cnt, current val is 3254
I1222 14:25:04.821866 80263 runtime_context.cpp:29] DecreaseCounter constructing_actor_cnt, current val is 3253
I1222 14:25:04.821885 80265 naive_actor.cpp:25] actor 71468255805440 switch to &NaiveActor::HandlerNormal
I1222 14:25:04.821943 80262 naive_actor.cpp:25] actor 71468266291200 switch to &NaiveActor::HandlerNormal
I1222 14:25:04.822003 80261 naive_actor.cpp:25] actor 71468268388352 switch to &NaiveActor::HandlerNormal
I1222 14:25:04.822028 80265 thread.cpp:99] Thread 34078720 construct Actor kNormalForward 71468255805440
I1222 14:25:04.822062 80260 naive_actor.cpp:25] actor 72567767433228 switch to &NaiveActor::HandlerNormal
I1222 14:25:04.822126 80262 thread.cpp:99] Thread 34078725 construct Actor kNormalForward 71468266291200
I1222 14:25:04.822242 80261 thread.cpp:99] Thread 34078726 construct Actor kNormalForward 71468268388352
I1222 14:25:04.822463 80260 thread.cpp:99] Thread 34603008 construct Actor kNormalForward 72567767433228
I1222 14:25:04.822486 80265 runtime_context.cpp:29] DecreaseCounter constructing_actor_cnt, current val is 3252
I1222 14:25:04.822572 80270 naive_actor.cpp:25] actor 72567769530368 switch to &NaiveActor::HandlerNormal
I1222 14:25:04.822659 80267 naive_actor.cpp:25] actor 71468264194048 switch to &NaiveActor::HandlerNormal
I1222 14:25:04.823156 80267 thread.cpp:99] Thread 34078724 construct Actor kNormalForward 71468264194048
I1222 14:25:04.822700 80279 naive_actor.cpp:25] actor 72567773724672 switch to &NaiveActor::HandlerNormal
I1222 14:25:04.822772 80276 sink_actor.cpp:21] actor 71468394217472 switch to &SinkActor::HandlerNormal
I1222 14:25:04.822818 80271 copy_comm_net_actor.cpp:66] actor 71468400508930 switch to &CopyCommNetActor::HandlerNormal
I1222 14:25:04.822870 80274 naive_actor.cpp:25] actor 72567771627526 switch to &NaiveActor::HandlerNormal
I1222 14:25:04.822904 80262 runtime_context.cpp:29] DecreaseCounter constructing_actor_cnt, current val is 3251
I1222 14:25:04.822981 80268 naive_actor.cpp:25] actor 71468390023171 switch to &NaiveActor::HandlerNormal
I1222 14:25:04.823035 80261 runtime_context.cpp:29] DecreaseCounter constructing_actor_cnt, current val is 3250
I1222 14:25:04.823047 80260 runtime_context.cpp:29] DecreaseCounter constructing_actor_cnt, current val is 3249
I1222 14:25:04.823108 80270 thread.cpp:99] Thread 34603009 construct Actor kCollectiveBoxingGeneric 72567769530368
I1222 14:25:04.823117 80280 naive_actor.cpp:25] actor 71468270485504 switch to &NaiveActor::HandlerNormal
I1222 14:25:04.822672 80266 naive_actor.cpp:25] actor 71468257902592 switch to &NaiveActor::HandlerNormal
I1222 14:25:04.823236 80281 naive_actor.cpp:25] actor 71468398411776 switch to &NaiveActor::HandlerNormal
I1222 14:25:04.823248 80267 runtime_context.cpp:29] DecreaseCounter constructing_actor_cnt, current val is 3248
I1222 14:25:04.823272 80279 thread.cpp:99] Thread 34603011 construct Actor kCopyHd 72567773724672
I1222 14:25:04.823333 80276 thread.cpp:99] Thread 34078786 construct Actor kCallbackNotify 71468394217472
I1222 14:25:04.823395 80271 thread.cpp:99] Thread 34078789 construct Actor kCopyCommNet 71468400508930
I1222 14:25:04.824905 80276 runtime_context.cpp:29] DecreaseCounter constructing_actor_cnt, current val is 3245
I1222 14:25:04.823468 80277 naive_actor.cpp:25] actor 71468272582656 switch to &NaiveActor::HandlerNormal
I1222 14:25:04.823585 80272 naive_actor.cpp:25] actor 71468396314624 switch to &NaiveActor::HandlerNormal
I1222 14:25:04.824379 80268 thread.cpp:99] Thread 34078784 construct Actor kTick 71468390023171
I1222 14:25:04.824527 80270 runtime_context.cpp:29] DecreaseCounter constructing_actor_cnt, current val is 3247
I1222 14:25:04.824568 80280 thread.cpp:99] Thread 34078727 construct Actor kNormalForward 71468270485504
I1222 14:25:04.824645 80260 naive_actor.cpp:25] actor 72567767433225 switch to &NaiveActor::HandlerNormal
I1222 14:25:04.825393 80280 runtime_context.cpp:29] DecreaseCounter constructing_actor_cnt, current val is 3242
I1222 14:25:04.824754 80281 thread.cpp:99] Thread 34078788 construct Actor kCriticalSectionWaitTick 71468398411776
I1222 14:25:04.824857 80279 runtime_context.cpp:29] DecreaseCounter constructing_actor_cnt, current val is 3246
I1222 14:25:04.825536 80270 naive_actor.cpp:25] actor 72567769530387 switch to &NaiveActor::HandlerNormal
I1222 14:25:04.824927 80271 runtime_context.cpp:29] DecreaseCounter constructing_actor_cnt, current val is 3244
I1222 14:25:04.825058 80277 thread.cpp:99] Thread 34078728 construct Actor kNormalForward 71468272582656
I1222 14:25:04.825191 80272 thread.cpp:99] Thread 34078787 construct Actor kCriticalSectionWaitTick 71468396314624
I1222 14:25:04.825768 80277 runtime_context.cpp:29] DecreaseCounter constructing_actor_cnt, current val is 3240
I1222 14:25:04.825397 80260 thread.cpp:99] Thread 34603008 construct Actor kNormalForward 72567767433225
I1222 14:25:04.824697 80266 thread.cpp:99] Thread 34078721 construct Actor kNormalForward 71468257902592
I1222 14:25:04.825501 80281 runtime_context.cpp:29] DecreaseCounter constructing_actor_cnt, current val is 3241
I1222 14:25:04.823455 80274 thread.cpp:99] Thread 34603010 construct Actor kCopyHd 72567771627526
I1222 14:25:04.825588 80270 thread.cpp:99] Thread 34603009 construct Actor kCollectiveBoxingGeneric 72567769530387
I1222 14:25:04.825717 80271 copy_comm_net_actor.cpp:66] actor 71468400508932 switch to &CopyCommNetActor::HandlerNormal
I1222 14:25:04.826089 80271 thread.cpp:99] Thread 34078789 construct Actor kCopyCommNet 71468400508932
I1222 14:25:04.825847 80272 runtime_context.cpp:29] DecreaseCounter constructing_actor_cnt, current val is 3239
I1222 14:25:04.825896 80260 runtime_context.cpp:29] DecreaseCounter constructing_actor_cnt, current val is 3238
I1222 14:25:04.826025 80266 runtime_context.cpp:29] DecreaseCounter constructing_actor_cnt, current val is 3237
I1222 14:25:04.826043 80274 runtime_context.cpp:29] DecreaseCounter constructing_actor_cnt, current val is 3236
I1222 14:25:04.826385 80260 naive_actor.cpp:25] actor 72567767433221 switch to &NaiveActor::HandlerNormal
I1222 14:25:04.827127 80260 thread.cpp:99] Thread 34603008 construct Actor kNormalForward 72567767433221
I1222 14:25:04.826128 80271 runtime_context.cpp:29] DecreaseCounter constructing_actor_cnt, current val is 3234
I1222 14:25:04.827176 80260 runtime_context.cpp:29] DecreaseCounter constructing_actor_cnt, current val is 3233
I1222 14:25:04.826493 80274 naive_actor.cpp:25] actor 72567771627522 switch to &NaiveActor::HandlerNormal
I1222 14:25:04.827241 80274 thread.cpp:99] Thread 34603010 construct Actor kCopyHd 72567771627522
I1222 14:25:04.826073 80270 runtime_context.cpp:29] DecreaseCounter constructing_actor_cnt, current val is 3235
I1222 14:25:04.825356 80268 runtime_context.cpp:29] DecreaseCounter constructing_actor_cnt, current val is 3243
I1222 14:25:04.827258 80271 copy_comm_net_actor.cpp:66] actor 71468400508942 switch to &CopyCommNetActor::HandlerNormal
I1222 14:25:04.827289 80274 runtime_context.cpp:29] DecreaseCounter constructing_actor_cnt, current val is 3232
I1222 14:25:04.827437 80271 thread.cpp:99] Thread 34078789 construct Actor kCopyCommNet 71468400508942
I1222 14:25:04.827437 80270 naive_actor.cpp:25] actor 72567769530388 switch to &NaiveActor::HandlerNormal
I1222 14:25:04.827527 80271 runtime_context.cpp:29] DecreaseCounter constructing_actor_cnt, current val is 3231
I1222 14:25:04.827554 80270 thread.cpp:99] Thread 34603009 construct Actor kCollectiveBoxingGeneric 72567769530388
I1222 14:25:04.827649 80270 runtime_context.cpp:29] DecreaseCounter constructing_actor_cnt, current val is 3230
I1222 14:25:04.827678 80271 copy_comm_net_actor.cpp:66] actor 71468400508947 switch to &CopyCommNetActor::HandlerNormal
I1222 14:25:04.827711 80271 thread.cpp:99] Thread 34078789 construct Actor kCopyCommNet 71468400508947
I1222 14:25:04.827741 80274 naive_actor.cpp:25] actor 72567771627525 switch to &NaiveActor::HandlerNormal
I1222 14:25:04.827756 80271 runtime_context.cpp:29] DecreaseCounter constructing_actor_cnt, current val is 3229
I1222 14:25:04.827806 80270 naive_actor.cpp:25] actor 72567769530386 switch to &NaiveActor::HandlerNormal
I1222 14:25:04.827785 80274 thread.cpp:99] Thread 34603010 construct Actor kCopyHd 72567771627525
I1222 14:25:04.827766 80260 naive_actor.cpp:25] actor 72567767433246 switch to &NaiveActor::HandlerNormal
I1222 14:25:04.827848 80270 thread.cpp:99] Thread 34603009 construct Actor kCollectiveBoxingGeneric 72567769530386
I1222 14:25:04.827884 80271 copy_comm_net_actor.cpp:66] actor 71468400508934 switch to &CopyCommNetActor::HandlerNormal
I1222 14:25:04.827895 80274 runtime_context.cpp:29] DecreaseCounter constructing_actor_cnt, current val is 3228
I1222 14:25:04.827924 80260 thread.cpp:99] Thread 34603008 construct Actor kNormalForward 72567767433246
I1222 14:25:04.827976 80270 runtime_context.cpp:29] DecreaseCounter constructing_actor_cnt, current val is 3227
I1222 14:25:04.827989 80271 thread.cpp:99] Thread 34078789 construct Actor kCopyCommNet 71468400508934
I1222 14:25:04.828085 80260 runtime_context.cpp:29] DecreaseCounter constructing_actor_cnt, current val is 3226
I1222 14:25:04.828135 80274 naive_actor.cpp:25] actor 72567771627528 switch to &NaiveActor::HandlerNormal
I1222 14:25:04.828116 80271 runtime_context.cpp:29] DecreaseCounter constructing_actor_cnt, current val is 3225
I1222 14:25:04.828117 80268 naive_actor.cpp:25] actor 71468390023174 switch to &NaiveActor::HandlerNormal
I1222 14:25:04.828173 80274 thread.cpp:99] Thread 34603010 construct Actor kCopyHd 72567771627528
I1222 14:25:04.828204 80270 naive_actor.cpp:25] actor 72567769530373 switch to &NaiveActor::HandlerNormal
I1222 14:25:04.828263 80271 copy_comm_net_actor.cpp:66] actor 71468400508933 switch to &CopyCommNetActor::HandlerNormal
I1222 14:25:04.828408 80271 thread.cpp:99] Thread 34078789 construct Actor kCopyCommNet 71468400508933
I1222 14:25:04.828352 80274 runtime_context.cpp:29] DecreaseCounter constructing_actor_cnt, current val is 3224
I1222 14:25:04.828377 80270 thread.cpp:99] Thread 34603009 construct Actor kCollectiveBoxingGeneric 72567769530373
I1222 14:25:04.828557 80274 naive_actor.cpp:25] actor 72567771627527 switch to &NaiveActor::HandlerNormal
I1222 14:25:04.828444 80271 runtime_context.cpp:29] DecreaseCounter constructing_actor_cnt, current val is 3223
I1222 14:25:04.828306 80268 thread.cpp:99] Thread 34078784 construct Actor kSrcSubsetTick 71468390023174
I1222 14:25:04.829314 80271 copy_comm_net_actor.cpp:66] actor 71468400508943 switch to &CopyCommNetActor::HandlerNormal
I1222 14:25:04.828650 80260 naive_actor.cpp:25] actor 72567767433220 switch to &NaiveActor::HandlerNormal
I1222 14:25:04.829221 80274 thread.cpp:99] Thread 34603010 construct Actor kCopyHd 72567771627527
I1222 14:25:04.828572 80270 runtime_context.cpp:29] DecreaseCounter constructing_actor_cnt, current val is 3222
I1222 14:25:04.829351 80271 thread.cpp:99] Thread 34078789 construct Actor kCopyCommNet 71468400508943
I1222 14:25:04.829391 80260 thread.cpp:99] Thread 34603008 construct Actor kNormalForward 72567767433220
I1222 14:25:04.829387 80268 runtime_context.cpp:29] DecreaseCounter constructing_actor_cnt, current val is 3221
I1222 14:25:04.829432 80274 runtime_context.cpp:29] DecreaseCounter constructing_actor_cnt, current val is 3220
I1222 14:25:04.829488 80271 runtime_context.cpp:29] DecreaseCounter constructing_actor_cnt, current val is 3219
I1222 14:25:04.829538 80260 runtime_context.cpp:29] DecreaseCounter constructing_actor_cnt, current val is 3218
I1222 14:25:04.829583 80270 naive_actor.cpp:25] actor 72567769530395 switch to &NaiveActor::HandlerNormal
I1222 14:25:04.829703 80274 naive_actor.cpp:25] actor 72567771627531 switch to &NaiveActor::HandlerNormal
I1222 14:25:04.829730 80270 thread.cpp:99] Thread 34603009 construct Actor kCollectiveBoxingGeneric 72567769530395
I1222 14:25:04.829730 80271 copy_comm_net_actor.cpp:66] actor 71468400508936 switch to &CopyCommNetActor::HandlerNormal
I1222 14:25:04.829768 80274 thread.cpp:99] Thread 34603010 construct Actor kCopyHd 72567771627531
I1222 14:25:04.829821 80270 runtime_context.cpp:29] DecreaseCounter constructing_actor_cnt, current val is 3217
I1222 14:25:04.829841 80271 thread.cpp:99] Thread 34078789 construct Actor kCopyCommNet 71468400508936
I1222 14:25:04.829885 80274 runtime_context.cpp:29] DecreaseCounter constructing_actor_cnt, current val is 3216
I1222 14:25:04.829952 80271 runtime_context.cpp:29] DecreaseCounter constructing_actor_cnt, current val is 3215
I1222 14:25:04.830049 80270 naive_actor.cpp:25] actor 72567769530411 switch to &NaiveActor::HandlerNormal
I1222 14:25:04.830057 80274 naive_actor.cpp:25] actor 72567771627524 switch to &NaiveActor::HandlerNormal
I1222 14:25:04.830058 80271 copy_comm_net_actor.cpp:66] actor 71468400508931 switch to &CopyCommNetActor::HandlerNormal
I1222 14:25:04.830149 80260 naive_actor.cpp:25] actor 72567767433227 switch to &NaiveActor::HandlerNormal
I1222 14:25:04.830132 80274 thread.cpp:99] Thread 34603010 construct Actor kCopyHd 72567771627524
I1222 14:25:04.830098 80270 thread.cpp:99] Thread 34603009 construct Actor kCollectiveBoxingGeneric 72567769530411
I1222 14:25:04.830160 80271 thread.cpp:99] Thread 34078789 construct Actor kCopyCommNet 71468400508931
I1222 14:25:04.830199 80260 thread.cpp:99] Thread 34603008 construct Actor kNormalForward 72567767433227
I1222 14:25:04.830298 80268 naive_actor.cpp:25] actor 71468390023177 switch to &NaiveActor::HandlerNormal
I1222 14:25:04.830281 80270 runtime_context.cpp:29] DecreaseCounter constructing_actor_cnt, current val is 3213
I1222 14:25:04.830304 80271 runtime_context.cpp:29] DecreaseCounter constructing_actor_cnt, current val is 3212
I1222 14:25:04.830247 80274 runtime_context.cpp:29] DecreaseCounter constructing_actor_cnt, current val is 3214
I1222 14:25:04.830355 80260 runtime_context.cpp:29] DecreaseCounter constructing_actor_cnt, current val is 3211
I1222 14:25:04.830536 80271 copy_comm_net_actor.cpp:66] actor 71468400508928 switch to &CopyCommNetActor::HandlerNormal
I1222 14:25:04.830557 80270 naive_actor.cpp:25] actor 72567769530408 switch to &NaiveActor::HandlerNormal
I1222 14:25:04.830570 80271 thread.cpp:99] Thread 34078789 construct Actor kCopyCommNet 71468400508928
I1222 14:25:04.830412 80268 thread.cpp:99] Thread 34078784 construct Actor kDstSubsetTick 71468390023177
I1222 14:25:04.830605 80274 naive_actor.cpp:25] actor 72567771627521 switch to &NaiveActor::HandlerNormal
I1222 14:25:04.830648 80270 thread.cpp:99] Thread 34603009 construct Actor kCollectiveBoxingGeneric 72567769530408
I1222 14:25:04.831483 80268 runtime_context.cpp:29] DecreaseCounter constructing_actor_cnt, current val is 3209
I1222 14:25:04.831360 80271 runtime_context.cpp:29] DecreaseCounter constructing_actor_cnt, current val is 3210
I1222 14:25:04.831460 80274 thread.cpp:99] Thread 34603010 construct Actor kCopyHd 72567771627521
I1222 14:25:04.830938 80260 naive_actor.cpp:25] actor 72567767433222 switch to &NaiveActor::HandlerNormal
I1222 14:25:04.831673 80271 copy_comm_net_actor.cpp:66] actor 71468400508929 switch to &CopyCommNetActor::HandlerNormal
I1222 14:25:04.831655 80274 runtime_context.cpp:29] DecreaseCounter constructing_actor_cnt, current val is 3207
I1222 14:25:04.831514 80270 runtime_context.cpp:29] DecreaseCounter constructing_actor_cnt, current val is 3208
I1222 14:25:04.831678 80260 thread.cpp:99] Thread 34603008 construct Actor kNormalForward 72567767433222
I1222 14:25:04.831712 80271 thread.cpp:99] Thread 34078789 construct Actor kCopyCommNet 71468400508929
I1222 14:25:04.831837 80274 naive_actor.cpp:25] actor 72567771627523 switch to &NaiveActor::HandlerNormal
I1222 14:25:04.831851 80260 runtime_context.cpp:29] DecreaseCounter constructing_actor_cnt, current val is 3206
I1222 14:25:04.831853 80271 runtime_context.cpp:29] DecreaseCounter constructing_actor_cnt, current val is 3205
I1222 14:25:04.831874 80274 thread.cpp:99] Thread 34603010 construct Actor kCopyHd 72567771627523
I1222 14:25:04.831910 80270 naive_actor.cpp:25] actor 72567769530403 switch to &NaiveActor::HandlerNormal
I1222 14:25:04.831984 80274 runtime_context.cpp:29] DecreaseCounter constructing_actor_cnt, current val is 3204
I1222 14:25:04.832003 80270 thread.cpp:99] Thread 34603009 construct Actor kCollectiveBoxingGeneric 72567769530403
I1222 14:25:04.832022 80271 copy_comm_net_actor.cpp:66] actor 71468400508935 switch to &CopyCommNetActor::HandlerNormal
I1222 14:25:04.832103 80271 thread.cpp:99] Thread 34078789 construct Actor kCopyCommNet 71468400508935
I1222 14:25:04.832123 80274 naive_actor.cpp:25] actor 72567771627530 switch to &NaiveActor::HandlerNormal
I1222 14:25:04.832159 80274 thread.cpp:99] Thread 34603010 construct Actor kCopyHd 72567771627530
I1222 14:25:04.832060 80268 naive_actor.cpp:25] actor 71468390023173 switch to &NaiveActor::HandlerNormal
I1222 14:25:04.832232 80270 runtime_context.cpp:29] DecreaseCounter constructing_actor_cnt, current val is 3203
I1222 14:25:04.832234 80271 runtime_context.cpp:29] DecreaseCounter constructing_actor_cnt, current val is 3202
I1222 14:25:04.832239 80274 runtime_context.cpp:29] DecreaseCounter constructing_actor_cnt, current val is 3201
I1222 14:25:04.832289 80268 thread.cpp:99] Thread 34078784 construct Actor kTick 71468390023173
I1222 14:25:04.832466 80270 naive_actor.cpp:25] actor 72567769530442 switch to &NaiveActor::HandlerNormal
I1222 14:25:04.832442 80271 copy_comm_net_actor.cpp:66] actor 71468400508937 switch to &CopyCommNetActor::HandlerNormal
I1222 14:25:04.832484 80274 naive_actor.cpp:25] actor 72567771627532 switch to &NaiveActor::HandlerNormal
I1222 14:25:04.832518 80270 thread.cpp:99] Thread 34603009 construct Actor kCollectiveBoxingGeneric 72567769530442
I1222 14:25:04.832548 80271 thread.cpp:99] Thread 34078789 construct Actor kCopyCommNet 71468400508937
I1222 14:25:04.832583 80274 thread.cpp:99] Thread 34603010 construct Actor kCopyHd 72567771627532
I1222 14:25:04.832617 80268 runtime_context.cpp:29] DecreaseCounter constructing_actor_cnt, current val is 3200
I1222 14:25:04.832633 80270 runtime_context.cpp:29] DecreaseCounter constructing_actor_cnt, current val is 3199
I1222 14:25:04.832652 80271 runtime_context.cpp:29] DecreaseCounter constructing_actor_cnt, current val is 3198
I1222 14:25:04.832684 80274 runtime_context.cpp:29] DecreaseCounter constructing_actor_cnt, current val is 3197
I1222 14:25:04.832890 80270 naive_actor.cpp:25] actor 72567769530425 switch to &NaiveActor::HandlerNormal
I1222 14:25:04.832932 80271 copy_comm_net_actor.cpp:66] actor 71468400508945 switch to &CopyCommNetActor::HandlerNormal
I1222 14:25:04.833014 80260 naive_actor.cpp:25] actor 72567767433217 switch to &NaiveActor::HandlerNormal
I1222 14:25:04.833658 80260 thread.cpp:99] Thread 34603008 construct Actor kNormalForward 72567767433217
I1222 14:25:04.833586 80270 thread.cpp:99] Thread 34603009 construct Actor kCollectiveBoxingGeneric 72567769530425
I1222 14:25:04.833617 80271 thread.cpp:99] Thread 34078789 construct Actor kCopyCommNet 71468400508945
I1222 14:25:04.833634 80274 naive_actor.cpp:25] actor 72567771627520 switch to &NaiveActor::HandlerNormal
I1222 14:25:04.833776 80274 thread.cpp:99] Thread 34603010 construct Actor kCopyHd 72567771627520
I1222 14:25:04.833715 80260 runtime_context.cpp:29] DecreaseCounter constructing_actor_cnt, current val is 3196
I1222 14:25:04.833730 80270 runtime_context.cpp:29] DecreaseCounter constructing_actor_cnt, current val is 3195
I1222 14:25:04.833755 80271 runtime_context.cpp:29] DecreaseCounter constructing_actor_cnt, current val is 3194
I1222 14:25:04.833295 80268 naive_actor.cpp:25] actor 71468390023172 switch to &NaiveActor::HandlerNormal
I1222 14:25:04.833976 80270 naive_actor.cpp:25] actor 72567769530457 switch to &NaiveActor::HandlerNormal
I1222 14:25:04.833954 80271 copy_comm_net_actor.cpp:66] actor 71468400508941 switch to &CopyCommNetActor::HandlerNormal
I1222 14:25:04.833817 80274 runtime_context.cpp:29] DecreaseCounter constructing_actor_cnt, current val is 3193
I1222 14:25:04.833992 80268 thread.cpp:99] Thread 34078784 construct Actor kTick 71468390023172
I1222 14:25:04.834026 80270 thread.cpp:99] Thread 34603009 construct Actor kCollectiveBoxingGeneric 72567769530457
I1222 14:25:04.834055 80271 thread.cpp:99] Thread 34078789 construct Actor kCopyCommNet 71468400508941
I1222 14:25:04.834173 80274 naive_actor.cpp:25] actor 72567771627529 switch to &NaiveActor::HandlerNormal
I1222 14:25:04.834220 80270 runtime_context.cpp:29] DecreaseCounter constructing_actor_cnt, current val is 3192
I1222 14:25:04.834224 80260 naive_actor.cpp:25] actor 72567767433218 switch to &NaiveActor::HandlerNormal
I1222 14:25:04.834236 80271 runtime_context.cpp:29] DecreaseCounter constructing_actor_cnt, current val is 3191
I1222 14:25:04.834254 80274 thread.cpp:99] Thread 34603010 construct Actor kCopyHd 72567771627529
I1222 14:25:04.834259 80268 runtime_context.cpp:29] DecreaseCounter constructing_actor_cnt, current val is 3190
I1222 14:25:04.834323 80260 thread.cpp:99] Thread 34603008 construct Actor kNormalForward 72567767433218
I1222 14:25:04.834389 80274 runtime_context.cpp:29] DecreaseCounter constructing_actor_cnt, current val is 3189
I1222 14:25:04.834523 80260 runtime_context.cpp:29] DecreaseCounter constructing_actor_cnt, current val is 3188
I1222 14:25:04.834410 80271 copy_comm_net_actor.cpp:66] actor 71468400508944 switch to &CopyCommNetActor::HandlerNormal
I1222 14:25:04.834390 80270 naive_actor.cpp:25] actor 72567769530450 switch to &NaiveActor::HandlerNormal
I1222 14:25:04.834586 80271 thread.cpp:99] Thread 34078789 construct Actor kCopyCommNet 71468400508944
I1222 14:25:04.834631 80270 thread.cpp:99] Thread 34603009 construct Actor kCollectiveBoxingGeneric 72567769530450
I1222 14:25:04.834673 80271 runtime_context.cpp:29] DecreaseCounter constructing_actor_cnt, current val is 3187
I1222 14:25:04.834717 80270 runtime_context.cpp:29] DecreaseCounter constructing_actor_cnt, current val is 3186
I1222 14:25:04.834784 80271 copy_comm_net_actor.cpp:66] actor 71468400508940 switch to &CopyCommNetActor::HandlerNormal
I1222 14:25:04.834815 80271 thread.cpp:99] Thread 34078789 construct Actor kCopyCommNet 71468400508940
I1222 14:25:04.834854 80270 naive_actor.cpp:25] actor 72567769530494 switch to &NaiveActor::HandlerNormal
I1222 14:25:04.834857 80271 runtime_context.cpp:29] DecreaseCounter constructing_actor_cnt, current val is 3185
I1222 14:25:04.834895 80270 thread.cpp:99] Thread 34603009 construct Actor kCollectiveBoxingGeneric 72567769530494
I1222 14:25:04.834985 80268 naive_actor.cpp:25] actor 71468390023175 switch to &NaiveActor::HandlerNormal
I1222 14:25:04.835031 80271 copy_comm_net_actor.cpp:66] actor 71468400508946 switch to &CopyCommNetActor::HandlerNormal
I1222 14:25:04.835289 80260 naive_actor.cpp:25] actor 72567767433231 switch to &NaiveActor::HandlerNormal
I1222 14:25:04.835672 80270 runtime_context.cpp:29] DecreaseCounter constructing_actor_cnt, current val is 3184
I1222 14:25:04.835757 80268 thread.cpp:99] Thread 34078784 construct Actor kDstSubsetTick 71468390023175
I1222 14:25:04.835790 80271 thread.cpp:99] Thread 34078789 construct Actor kCopyCommNet 71468400508946
I1222 14:25:04.835831 80260 thread.cpp:99] Thread 34603008 construct Actor kNormalForward 72567767433231
I1222 14:25:04.835973 80270 naive_actor.cpp:25] actor 72567769530513 switch to &NaiveActor::HandlerNormal
I1222 14:25:04.835984 80271 runtime_context.cpp:29] DecreaseCounter constructing_actor_cnt, current val is 3183
I1222 14:25:04.836005 80268 runtime_context.cpp:29] DecreaseCounter constructing_actor_cnt, current val is 3182
I1222 14:25:04.836035 80270 thread.cpp:99] Thread 34603009 construct Actor kCollectiveBoxingGeneric 72567769530513
I1222 14:25:04.836042 80260 runtime_context.cpp:29] DecreaseCounter constructing_actor_cnt, current val is 3181
I1222 14:25:04.836127 80271 copy_comm_net_actor.cpp:66] actor 71468400508939 switch to &CopyCommNetActor::HandlerNormal
I1222 14:25:04.836191 80270 runtime_context.cpp:29] DecreaseCounter constructing_actor_cnt, current val is 3180
I1222 14:25:04.836241 80271 thread.cpp:99] Thread 34078789 construct Actor kCopyCommNet 71468400508939
I1222 14:25:04.836319 80271 runtime_context.cpp:29] DecreaseCounter constructing_actor_cnt, current val is 3179
I1222 14:25:04.836390 80270 naive_actor.cpp:25] actor 72567769530376 switch to &NaiveActor::HandlerNormal
I1222 14:25:04.836416 80271 copy_comm_net_actor.cpp:66] actor 71468400508938 switch to &CopyCommNetActor::HandlerNormal
I1222 14:25:04.836434 80270 thread.cpp:99] Thread 34603009 construct Actor kCollectiveBoxingGeneric 72567769530376
I1222 14:25:04.836463 80271 thread.cpp:99] Thread 34078789 construct Actor kCopyCommNet 71468400508938
I1222 14:25:04.836521 80270 runtime_context.cpp:29] DecreaseCounter constructing_actor_cnt, current val is 3178
I1222 14:25:04.836547 80271 runtime_context.cpp:29] DecreaseCounter constructing_actor_cnt, current val is 3177
I1222 14:25:04.836638 80260 naive_actor.cpp:25] actor 72567767433216 switch to &NaiveActor::HandlerNormal
I1222 14:25:04.836684 80270 naive_actor.cpp:25] actor 72567769530393 switch to &NaiveActor::HandlerNormal
I1222 14:25:04.836689 80260 thread.cpp:99] Thread 34603008 construct Actor kNormalForward 72567767433216
I1222 14:25:04.836726 80270 thread.cpp:99] Thread 34603009 construct Actor kCollectiveBoxingGeneric 72567769530393
I1222 14:25:04.836779 80260 runtime_context.cpp:29] DecreaseCounter constructing_actor_cnt, current val is 3176
I1222 14:25:04.836803 80270 runtime_context.cpp:29] DecreaseCounter constructing_actor_cnt, current val is 3175
I1222 14:25:04.836943 80270 naive_actor.cpp:25] actor 72567769530462 switch to &NaiveActor::HandlerNormal
I1222 14:25:04.836988 80270 thread.cpp:99] Thread 34603009 construct Actor kCollectiveBoxingGeneric 72567769530462
I1222 14:25:04.837034 80270 runtime_context.cpp:29] DecreaseCounter constructing_actor_cnt, current val is 3174
I1222 14:25:04.837080 80268 naive_actor.cpp:25] actor 71468390023170 switch to &NaiveActor::HandlerNormal
I1222 14:25:04.837183 80270 naive_actor.cpp:25] actor 72567769530394 switch to &NaiveActor::HandlerNormal
I1222 14:25:04.837229 80270 thread.cpp:99] Thread 34603009 construct Actor kCollectiveBoxingGeneric 72567769530394
I1222 14:25:04.837185 80268 thread.cpp:99] Thread 34078784 construct Actor kDstSubsetTick 71468390023170
I1222 14:25:04.837275 80270 runtime_context.cpp:29] DecreaseCounter constructing_actor_cnt, current val is 3173
I1222 14:25:04.837291 80260 naive_actor.cpp:25] actor 72567767433224 switch to &NaiveActor::HandlerNormal
I1222 14:25:04.838109 80260 thread.cpp:99] Thread 34603008 construct Actor kNormalForward 72567767433224
I1222 14:25:04.837524 80270 naive_actor.cpp:25] actor 72567769530461 switch to &NaiveActor::HandlerNormal
I1222 14:25:04.838181 80270 thread.cpp:99] Thread 34603009 construct Actor kCollectiveBoxingGeneric 72567769530461
I1222 14:25:04.838167 80260 runtime_context.cpp:29] DecreaseCounter constructing_actor_cnt, current val is 3171
