Log file created at: 2021/12/22 14:30:35
Running on machine: cn2
Log line format: [IWEF]mmdd hh:mm:ss.uuuuuu threadid file:line] msg
I1222 14:30:35.034870 80989 global.h:36] NewGlobal N7oneflow7EnvDescE
I1222 14:30:35.036712 80989 global.h:36] NewGlobal N7oneflow10ProcessCtxE
I1222 14:30:35.036738 80989 env_global_objects_scope.cpp:157] using rpc backend: gRPC
I1222 14:30:35.036752 80989 global.h:36] NewGlobal N7oneflow10CtrlServerE
I1222 14:30:35.037575 80989 ctrl_server.cpp:40] CtrlServer listening on 0.0.0.0:35700
I1222 14:30:35.037705 80989 rank_info_bootstrap_server.cpp:47] RankInfoBootstrapServer listening on 0.0.0.0:40873
I1222 14:31:04.969635 80989 rpc_client.cpp:187] LoadServer cn1 Successful at 0 times
I1222 14:31:04.971446 80989 ctrl_bootstrap.cpp:77] 
ctrl_addr {
  host: "cn1"
  port: 40785
}
ctrl_addr {
  host: "172.16.0.11"
  port: 37012
}
ctrl_addr {
  host: "172.16.0.12"
  port: 35700
}
ctrl_addr {
  host: "172.16.0.12"
  port: 46765
}
rank: 2
node_size: 2
I1222 14:31:34.975620 80989 rpc_client.cpp:187] LoadServer cn1 Successful at 0 times
I1222 14:31:34.977245 80989 rpc_client.cpp:187] LoadServer 172.16.0.11 Successful at 0 times
I1222 14:31:34.978217 80989 rpc_client.cpp:187] LoadServer 172.16.0.12 Successful at 0 times
I1222 14:31:34.978842 80989 rpc_client.cpp:187] LoadServer 172.16.0.12 Successful at 0 times
I1222 14:31:35.005151 80989 global.h:36] NewGlobal N7oneflow12ResourceDescE
I1222 14:31:35.005232 80989 global.h:36] NewGlobal N7oneflow12ResourceDescE
I1222 14:31:35.015189 80989 net_ib_device_descriptor.cpp:110] Inactivate port: device mlx5_0 port 
I1222 14:31:35.018803 80989 net_ib_device_descriptor.cpp:110] Inactivate port: device mlx5_1 port 
I1222 14:31:35.025445 80989 net_ib_device_descriptor.cpp:110] Inactivate port: device mlx5_3 port 
I1222 14:31:35.213449 80989 global.h:36] NewGlobal N7oneflow2ep21DeviceManagerRegistryE
I1222 14:31:35.213552 80989 global.h:36] NewGlobal N7oneflow10ThreadPoolE
I1222 14:31:35.215973 80989 global.h:36] NewGlobal N7oneflow16EagerNcclCommMgrE
I1222 14:31:35.216058 80989 global.h:36] NewGlobal N7oneflow18CudnnConvAlgoCacheE
I1222 14:31:35.216095 80989 global.h:36] NewGlobal N7oneflow2vm19VirtualMachineScopeE
I1222 14:31:35.216147 80989 global.h:36] NewGlobal N7oneflow14VirtualMachineE
I1222 14:31:35.216933 80989 virtual_machine.cpp:80] transport stream type: N7oneflow2vm13CpuStreamTypeE
I1222 14:31:35.216984 80989 virtual_machine.cpp:80] transport stream type: N7oneflow2vm14CudaStreamTypeE
I1222 14:31:35.217015 80989 virtual_machine.cpp:80] transport stream type: N7oneflow2vm19AsyncCudaStreamTypeE
I1222 14:31:35.217278 80989 global.h:36] NewGlobal N7oneflow27EagerJobBuildAndInferCtxMgrE
I1222 14:31:35.217381 80989 global.h:36] NewGlobal N7oneflow12EpollCommNetE
I1222 14:31:35.217577 80989 epoll_comm_network.cpp:63] CommNet:Epoll listening on 0.0.0.0:37572
I1222 14:31:35.237970 80989 epoll_comm_network.cpp:197] machine 0 sockfd 58
I1222 14:31:35.238046 80989 epoll_comm_network.cpp:197] machine 1 sockfd 60
I1222 14:31:35.238076 80989 epoll_comm_network.cpp:197] machine 2 sockfd -1
I1222 14:31:35.238107 80989 epoll_comm_network.cpp:197] machine 3 sockfd 56
I1222 14:31:35.238322 80989 global.h:36] NewGlobal N7oneflow9TransportE
I1222 14:31:35.238477 80989 global.h:43] DeleteGlobal N7oneflow17ForeignLockHelperE
I1222 14:31:35.238868 80989 global.h:36] NewGlobal N7oneflow25MultiClientSessionContextE
I1222 14:31:42.954475 81201 eager_nccl_comm_manager.cpp:69]  EagerNcclCommMgr::ncclCommInitRank device_vec.size() = 2, nccl_unique_id = 0200ffffffc7ffffffbbffffffac100a0c000000000000000000000000000000000000000000000000000000000000000000000000000000000000000000000000000000000000000000000000000000000000000000000000000000000000000000000000000000000000000000000000000000000000000000000000000000000000000000000000, rank = 0, key = {eager_nccl_unique_id_rpc_key,2:0,3:1}
I1222 14:31:43.123112 80989 version.cpp:22] OneFlow git version: v0.5.0-381-g3677dbf43-snapshot
I1222 14:31:43.123178 80989 cuda_device_manager_factory.cpp:63] CUDA runtime version: 11.1
I1222 14:31:43.123195 80989 cuda_device_manager_factory.cpp:72] cuDNN version: 8.0.5
I1222 14:31:43.123277 80989 cuda_device_manager_factory.cpp:85] NCCL version: 2.11.4
I1222 14:31:43.124051 80989 global.h:43] DeleteGlobal N7oneflow12ResourceDescE
I1222 14:31:43.124083 80989 global.h:36] NewGlobal N7oneflow12ResourceDescE
I1222 14:31:43.124110 80989 global.h:36] NewGlobal N7oneflow5IDMgrE
I1222 14:31:43.124125 80989 global.h:36] NewGlobal N7oneflow22TaskStreamIndexManagerE
I1222 14:31:43.124138 80989 global.h:36] NewGlobal N7oneflow26LazyJobBuildAndInferCtxMgrE
I1222 14:31:43.124152 80989 global.h:36] NewGlobal N7oneflow9BufferMgrISt10shared_ptrINS_11JobInstanceEEEE
I1222 14:31:43.124172 80989 global.h:36] NewGlobal N7oneflow9BufferMgrISt10shared_ptrINS_23CriticalSectionInstanceEEEE
I1222 14:31:43.124186 80989 global.h:36] NewGlobal N7oneflow10RuntimeCtxE
I1222 14:31:43.124200 80989 global.h:36] NewGlobal N7oneflow15MemoryAllocatorE
I1222 14:31:43.124213 80989 global.h:36] NewGlobal N7oneflow8ChunkMgrE
I1222 14:31:43.124225 80989 global.h:36] NewGlobal N7oneflow8RegstMgrE
I1222 14:31:43.124238 80989 global.h:36] NewGlobal N7oneflow11ActorMsgBusE
I1222 14:31:43.124259 80989 global.h:36] NewGlobal N7oneflow9ThreadMgrE
I1222 14:31:43.124272 80989 global.h:36] NewGlobal N7oneflow15RuntimeJobDescsE
I1222 14:31:43.124284 80989 global.h:36] NewGlobal N7oneflow7summary12EventsWriterE
I1222 14:31:43.124305 80989 global.h:36] NewGlobal N7oneflow6boxing10collective9SchedulerE
I1222 14:31:43.148444 80989 global.h:36] NewGlobal N7oneflow7JobDescE
I1222 14:31:44.742863 80989 global.h:43] DeleteGlobal N7oneflow7JobDescE
I1222 14:31:44.743036 80989 global.h:36] NewGlobal N7oneflow7JobDescE
I1222 14:31:52.067248 80989 global.h:43] DeleteGlobal N7oneflow7JobDescE
I1222 14:31:53.017148 80989 global.h:36] NewGlobal N7oneflow7JobDescE
I1222 14:32:09.624779 80989 runtime_context.cpp:21] NewCounter constructing_actor_cnt 2728
I1222 14:32:09.625573 81323 naive_actor.cpp:25] actor 72567767435664 switch to &NaiveActor::HandlerNormal
I1222 14:32:09.625651 81323 thread.cpp:99] Thread 34603008 construct Actor kDeviceTick 72567767435664
I1222 14:32:09.626020 81323 runtime_context.cpp:29] DecreaseCounter constructing_actor_cnt, current val is 2727
I1222 14:32:09.626230 81323 naive_actor.cpp:25] actor 72567767435660 switch to &NaiveActor::HandlerNormal
I1222 14:32:09.626272 81323 thread.cpp:99] Thread 34603008 construct Actor kDeviceTick 72567767435660
I1222 14:32:09.626219 81334 wait_and_send_ids_actor.cpp:53] actor 71468392120320 switch to &WaitAndSendIdsActor::HandlerWaitToStart
I1222 14:32:09.626317 81323 runtime_context.cpp:29] DecreaseCounter constructing_actor_cnt, current val is 2726
I1222 14:32:09.626368 81334 thread.cpp:99] Thread 34078785 construct Actor kWaitAndSendIds 71468392120320
I1222 14:32:09.626493 81334 runtime_context.cpp:29] DecreaseCounter constructing_actor_cnt, current val is 2725
I1222 14:32:09.626546 81323 naive_actor.cpp:25] actor 72567767435662 switch to &NaiveActor::HandlerNormal
I1222 14:32:09.626586 81323 thread.cpp:99] Thread 34603008 construct Actor kDeviceTick 72567767435662
I1222 14:32:09.626631 81323 runtime_context.cpp:29] DecreaseCounter constructing_actor_cnt, current val is 2724
I1222 14:32:09.627079 81323 naive_actor.cpp:25] actor 72567767435658 switch to &NaiveActor::HandlerNormal
I1222 14:32:09.627118 81323 thread.cpp:99] Thread 34603008 construct Actor kDeviceTick 72567767435658
I1222 14:32:09.627168 81323 runtime_context.cpp:29] DecreaseCounter constructing_actor_cnt, current val is 2723
I1222 14:32:09.738740 81323 naive_actor.cpp:25] actor 72567767433235 switch to &NaiveActor::HandlerNormal
I1222 14:32:09.738741 81321 naive_actor.cpp:25] actor 71468259999744 switch to &NaiveActor::HandlerNormal
I1222 14:32:09.738843 81316 naive_actor.cpp:25] actor 71468268388352 switch to &NaiveActor::HandlerNormal
I1222 14:32:09.738909 81323 thread.cpp:99] Thread 34603008 construct Actor kNormalForward 72567767433235
I1222 14:32:09.739125 81321 thread.cpp:99] Thread 34078722 construct Actor kNormalForward 71468259999744
I1222 14:32:09.739243 81316 thread.cpp:99] Thread 34078726 construct Actor kNormalForward 71468268388352
I1222 14:32:09.739702 81318 naive_actor.cpp:25] actor 71468262096896 switch to &NaiveActor::HandlerNormal
I1222 14:32:09.739315 81328 naive_actor.cpp:25] actor 72567769530370 switch to &NaiveActor::HandlerNormal
I1222 14:32:09.739359 81333 naive_actor.cpp:25] actor 72567773724672 switch to &NaiveActor::HandlerNormal
I1222 14:32:09.740399 81333 thread.cpp:99] Thread 34603011 construct Actor kCopyHd 72567773724672
I1222 14:32:09.739413 81325 naive_actor.cpp:25] actor 72567771627549 switch to &NaiveActor::HandlerNormal
I1222 14:32:09.739418 81317 naive_actor.cpp:25] actor 71468266291200 switch to &NaiveActor::HandlerNormal
I1222 14:32:09.739435 81323 runtime_context.cpp:29] DecreaseCounter constructing_actor_cnt, current val is 2722
I1222 14:32:09.739557 81321 runtime_context.cpp:29] DecreaseCounter constructing_actor_cnt, current val is 2721
I1222 14:32:09.739567 81329 copy_comm_net_actor.cpp:66] actor 71468400508934 switch to &CopyCommNetActor::HandlerNormal
I1222 14:32:09.740697 81329 thread.cpp:99] Thread 34078789 construct Actor kCopyCommNet 71468400508934
I1222 14:32:09.739781 81326 naive_actor.cpp:25] actor 71468390023174 switch to &NaiveActor::HandlerNormal
I1222 14:32:09.739826 81331 naive_actor.cpp:25] actor 71468398411776 switch to &NaiveActor::HandlerNormal
I1222 14:32:09.740829 81331 thread.cpp:99] Thread 34078788 construct Actor kCriticalSectionWaitTick 71468398411776
I1222 14:32:09.739977 81335 naive_actor.cpp:25] actor 71468396314624 switch to &NaiveActor::HandlerNormal
I1222 14:32:09.739979 81330 naive_actor.cpp:25] actor 71468270485504 switch to &NaiveActor::HandlerNormal
I1222 14:32:09.740032 81336 sink_actor.cpp:21] actor 71468394217472 switch to &SinkActor::HandlerNormal
I1222 14:32:09.740073 81337 naive_actor.cpp:25] actor 71468272582656 switch to &NaiveActor::HandlerNormal
I1222 14:32:09.741112 81337 thread.cpp:99] Thread 34078728 construct Actor kNormalForward 71468272582656
I1222 14:32:09.740327 81318 thread.cpp:99] Thread 34078723 construct Actor kNormalForward 71468262096896
I1222 14:32:09.740360 81328 thread.cpp:99] Thread 34603009 construct Actor kCopyHd 72567769530370
I1222 14:32:09.739393 81315 naive_actor.cpp:25] actor 71468264194048 switch to &NaiveActor::HandlerNormal
I1222 14:32:09.740442 81333 runtime_context.cpp:29] DecreaseCounter constructing_actor_cnt, current val is 2719
I1222 14:32:09.740527 81325 thread.cpp:99] Thread 34603010 construct Actor kCollectiveBoxingGeneric 72567771627549
I1222 14:32:09.740592 81317 thread.cpp:99] Thread 34078725 construct Actor kNormalForward 71468266291200
I1222 14:32:09.741379 81325 runtime_context.cpp:29] DecreaseCounter constructing_actor_cnt, current val is 2713
I1222 14:32:09.740738 81329 runtime_context.cpp:29] DecreaseCounter constructing_actor_cnt, current val is 2718
I1222 14:32:09.740787 81326 thread.cpp:99] Thread 34078784 construct Actor kSrcSubsetTick 71468390023174
I1222 14:32:09.740809 81323 naive_actor.cpp:25] actor 72567767433267 switch to &NaiveActor::HandlerNormal
I1222 14:32:09.739835 81316 runtime_context.cpp:29] DecreaseCounter constructing_actor_cnt, current val is 2720
I1222 14:32:09.740886 81331 runtime_context.cpp:29] DecreaseCounter constructing_actor_cnt, current val is 2717
I1222 14:32:09.740913 81335 thread.cpp:99] Thread 34078787 construct Actor kCriticalSectionWaitTick 71468396314624
I1222 14:32:09.740969 81330 thread.cpp:99] Thread 34078727 construct Actor kNormalForward 71468270485504
I1222 14:32:09.741724 81335 runtime_context.cpp:29] DecreaseCounter constructing_actor_cnt, current val is 2710
I1222 14:32:09.741757 81330 runtime_context.cpp:29] DecreaseCounter constructing_actor_cnt, current val is 2709
I1222 14:32:09.741791 81325 naive_actor.cpp:25] actor 72567771627575 switch to &NaiveActor::HandlerNormal
I1222 14:32:09.741212 81318 runtime_context.cpp:29] DecreaseCounter constructing_actor_cnt, current val is 2715
I1222 14:32:09.741212 81328 runtime_context.cpp:29] DecreaseCounter constructing_actor_cnt, current val is 2714
I1222 14:32:09.741267 81315 thread.cpp:99] Thread 34078724 construct Actor kNormalForward 71468264194048
I1222 14:32:09.741371 81333 naive_actor.cpp:25] actor 72567773724673 switch to &NaiveActor::HandlerNormal
I1222 14:32:09.742554 81333 thread.cpp:99] Thread 34603011 construct Actor kCopyHd 72567773724673
I1222 14:32:09.741434 81317 runtime_context.cpp:29] DecreaseCounter constructing_actor_cnt, current val is 2712
I1222 14:32:09.741557 81323 thread.cpp:99] Thread 34603008 construct Actor kNormalForward 72567767433267
I1222 14:32:09.741569 81326 runtime_context.cpp:29] DecreaseCounter constructing_actor_cnt, current val is 2711
I1222 14:32:09.741572 81329 copy_comm_net_actor.cpp:66] actor 71468400508942 switch to &CopyCommNetActor::HandlerNormal
I1222 14:32:09.742763 81329 thread.cpp:99] Thread 34078789 construct Actor kCopyCommNet 71468400508942
I1222 14:32:09.740103 81319 naive_actor.cpp:25] actor 71468255805440 switch to &NaiveActor::HandlerNormal
I1222 14:32:09.741173 81337 runtime_context.cpp:29] DecreaseCounter constructing_actor_cnt, current val is 2716
I1222 14:32:09.741853 81325 thread.cpp:99] Thread 34603010 construct Actor kCollectiveBoxingGeneric 72567771627575
I1222 14:32:09.742034 81328 naive_actor.cpp:25] actor 72567769530373 switch to &NaiveActor::HandlerNormal
I1222 14:32:09.742954 81328 thread.cpp:99] Thread 34603009 construct Actor kCopyHd 72567769530373
I1222 14:32:09.742969 81325 runtime_context.cpp:29] DecreaseCounter constructing_actor_cnt, current val is 2704
I1222 14:32:09.743010 81326 naive_actor.cpp:25] actor 71468390023169 switch to &NaiveActor::HandlerNormal
I1222 14:32:09.742686 81323 runtime_context.cpp:29] DecreaseCounter constructing_actor_cnt, current val is 2706
I1222 14:32:09.741071 81336 thread.cpp:99] Thread 34078786 construct Actor kCallbackNotify 71468394217472
I1222 14:32:09.742803 81329 runtime_context.cpp:29] DecreaseCounter constructing_actor_cnt, current val is 2705
I1222 14:32:09.742823 81319 thread.cpp:99] Thread 34078720 construct Actor kNormalForward 71468255805440
I1222 14:32:09.742246 81315 runtime_context.cpp:29] DecreaseCounter constructing_actor_cnt, current val is 2708
I1222 14:32:09.739230 81320 naive_actor.cpp:25] actor 71468257902592 switch to &NaiveActor::HandlerNormal
I1222 14:32:09.742983 81328 runtime_context.cpp:29] DecreaseCounter constructing_actor_cnt, current val is 2703
I1222 14:32:09.742595 81333 runtime_context.cpp:29] DecreaseCounter constructing_actor_cnt, current val is 2707
I1222 14:32:09.743085 81326 thread.cpp:99] Thread 34078784 construct Actor kTick 71468390023169
I1222 14:32:09.743255 81336 runtime_context.cpp:29] DecreaseCounter constructing_actor_cnt, current val is 2702
I1222 14:32:09.743273 81319 runtime_context.cpp:29] DecreaseCounter constructing_actor_cnt, current val is 2701
I1222 14:32:09.743283 81325 naive_actor.cpp:25] actor 72567771627625 switch to &NaiveActor::HandlerNormal
I1222 14:32:09.743300 81329 copy_comm_net_actor.cpp:66] actor 71468400508929 switch to &CopyCommNetActor::HandlerNormal
I1222 14:32:09.743801 81329 thread.cpp:99] Thread 34078789 construct Actor kCopyCommNet 71468400508929
I1222 14:32:09.743613 81323 naive_actor.cpp:25] actor 72567767433299 switch to &NaiveActor::HandlerNormal
I1222 14:32:09.743623 81326 runtime_context.cpp:29] DecreaseCounter constructing_actor_cnt, current val is 2700
I1222 14:32:09.743641 81333 naive_actor.cpp:25] actor 72567773724674 switch to &NaiveActor::HandlerNormal
I1222 14:32:09.743712 81328 naive_actor.cpp:25] actor 72567769530369 switch to &NaiveActor::HandlerNormal
I1222 14:32:09.743773 81325 thread.cpp:99] Thread 34603010 construct Actor kCollectiveBoxingGeneric 72567771627625
I1222 14:32:09.743464 81320 thread.cpp:99] Thread 34078721 construct Actor kNormalForward 71468257902592
I1222 14:32:09.743830 81329 runtime_context.cpp:29] DecreaseCounter constructing_actor_cnt, current val is 2699
I1222 14:32:09.743860 81323 thread.cpp:99] Thread 34603008 construct Actor kNormalForward 72567767433299
I1222 14:32:09.743952 81333 thread.cpp:99] Thread 34603011 construct Actor kCopyHd 72567773724674
I1222 14:32:09.743989 81328 thread.cpp:99] Thread 34603009 construct Actor kCopyHd 72567769530369
I1222 14:32:09.744082 81325 runtime_context.cpp:29] DecreaseCounter constructing_actor_cnt, current val is 2698
I1222 14:32:09.744235 81323 runtime_context.cpp:29] DecreaseCounter constructing_actor_cnt, current val is 2697
I1222 14:32:09.744239 81320 runtime_context.cpp:29] DecreaseCounter constructing_actor_cnt, current val is 2696
I1222 14:32:09.744251 81329 copy_comm_net_actor.cpp:66] actor 71468400508940 switch to &CopyCommNetActor::HandlerNormal
I1222 14:32:09.744271 81333 runtime_context.cpp:29] DecreaseCounter constructing_actor_cnt, current val is 2695
I1222 14:32:09.744294 81326 naive_actor.cpp:25] actor 71468390023176 switch to &NaiveActor::HandlerNormal
I1222 14:32:09.744660 81328 runtime_context.cpp:29] DecreaseCounter constructing_actor_cnt, current val is 2694
I1222 14:32:09.744853 81329 thread.cpp:99] Thread 34078789 construct Actor kCopyCommNet 71468400508940
I1222 14:32:09.744931 81325 naive_actor.cpp:25] actor 72567771627532 switch to &NaiveActor::HandlerNormal
I1222 14:32:09.744937 81326 thread.cpp:99] Thread 34078784 construct Actor kSrcSubsetTick 71468390023176
I1222 14:32:09.745007 81329 runtime_context.cpp:29] DecreaseCounter constructing_actor_cnt, current val is 2693
I1222 14:32:09.745069 81328 naive_actor.cpp:25] actor 72567769530376 switch to &NaiveActor::HandlerNormal
I1222 14:32:09.745065 81325 thread.cpp:99] Thread 34603010 construct Actor kCollectiveBoxingGeneric 72567771627532
I1222 14:32:09.745134 81326 runtime_context.cpp:29] DecreaseCounter constructing_actor_cnt, current val is 2692
I1222 14:32:09.745157 81328 thread.cpp:99] Thread 34603009 construct Actor kCopyHd 72567769530376
I1222 14:32:09.745276 81323 naive_actor.cpp:25] actor 72567767433331 switch to &NaiveActor::HandlerNormal
I1222 14:32:09.745234 81325 runtime_context.cpp:29] DecreaseCounter constructing_actor_cnt, current val is 2691
I1222 14:32:09.745205 81329 copy_comm_net_actor.cpp:66] actor 71468400508931 switch to &CopyCommNetActor::HandlerNormal
I1222 14:32:09.745299 81328 runtime_context.cpp:29] DecreaseCounter constructing_actor_cnt, current val is 2690
I1222 14:32:09.745332 81323 thread.cpp:99] Thread 34603008 construct Actor kNormalForward 72567767433331
I1222 14:32:09.745420 81329 thread.cpp:99] Thread 34078789 construct Actor kCopyCommNet 71468400508931
I1222 14:32:09.745525 81329 runtime_context.cpp:29] DecreaseCounter constructing_actor_cnt, current val is 2689
I1222 14:32:09.745530 81323 runtime_context.cpp:29] DecreaseCounter constructing_actor_cnt, current val is 2688
I1222 14:32:09.745543 81328 naive_actor.cpp:25] actor 72567769530374 switch to &NaiveActor::HandlerNormal
I1222 14:32:09.745612 81328 thread.cpp:99] Thread 34603009 construct Actor kCopyHd 72567769530374
I1222 14:32:09.745622 81326 naive_actor.cpp:25] actor 71468390023168 switch to &NaiveActor::HandlerNormal
I1222 14:32:09.745625 81329 copy_comm_net_actor.cpp:66] actor 71468400508939 switch to &CopyCommNetActor::HandlerNormal
I1222 14:32:09.745618 81325 naive_actor.cpp:25] actor 72567771627672 switch to &NaiveActor::HandlerNormal
I1222 14:32:09.745669 81328 runtime_context.cpp:29] DecreaseCounter constructing_actor_cnt, current val is 2687
I1222 14:32:09.745718 81326 thread.cpp:99] Thread 34078784 construct Actor kSrcSubsetTick 71468390023168
I1222 14:32:09.745752 81329 thread.cpp:99] Thread 34078789 construct Actor kCopyCommNet 71468400508939
I1222 14:32:09.745908 81328 naive_actor.cpp:25] actor 72567769530371 switch to &NaiveActor::HandlerNormal
I1222 14:32:09.745934 81329 runtime_context.cpp:29] DecreaseCounter constructing_actor_cnt, current val is 2686
I1222 14:32:09.745935 81326 runtime_context.cpp:29] DecreaseCounter constructing_actor_cnt, current val is 2685
I1222 14:32:09.745940 81328 thread.cpp:99] Thread 34603009 construct Actor kCopyHd 72567769530371
I1222 14:32:09.745805 81325 thread.cpp:99] Thread 34603010 construct Actor kCollectiveBoxingGeneric 72567771627672
I1222 14:32:09.746029 81329 copy_comm_net_actor.cpp:66] actor 71468400508948 switch to &CopyCommNetActor::HandlerNormal
I1222 14:32:09.746042 81328 runtime_context.cpp:29] DecreaseCounter constructing_actor_cnt, current val is 2684
I1222 14:32:09.746109 81323 naive_actor.cpp:25] actor 72567767433218 switch to &NaiveActor::HandlerNormal
I1222 14:32:09.746109 81325 runtime_context.cpp:29] DecreaseCounter constructing_actor_cnt, current val is 2683
I1222 14:32:09.746647 81328 naive_actor.cpp:25] actor 72567769530375 switch to &NaiveActor::HandlerNormal
I1222 14:32:09.746685 81328 thread.cpp:99] Thread 34603009 construct Actor kCopyHd 72567769530375
I1222 14:32:09.746608 81323 thread.cpp:99] Thread 34603008 construct Actor kNormalForward 72567767433218
I1222 14:32:09.746152 81329 thread.cpp:99] Thread 34078789 construct Actor kCopyCommNet 71468400508948
I1222 14:32:09.746270 81326 naive_actor.cpp:25] actor 71468390023175 switch to &NaiveActor::HandlerNormal
I1222 14:32:09.746719 81328 runtime_context.cpp:29] DecreaseCounter constructing_actor_cnt, current val is 2682
I1222 14:32:09.746767 81323 runtime_context.cpp:29] DecreaseCounter constructing_actor_cnt, current val is 2681
I1222 14:32:09.746769 81329 runtime_context.cpp:29] DecreaseCounter constructing_actor_cnt, current val is 2680
I1222 14:32:09.746811 81326 thread.cpp:99] Thread 34078784 construct Actor kDstSubsetTick 71468390023175
I1222 14:32:09.746896 81325 naive_actor.cpp:25] actor 72567771627543 switch to &NaiveActor::HandlerNormal
I1222 14:32:09.746922 81328 naive_actor.cpp:25] actor 72567769530383 switch to &NaiveActor::HandlerNormal
I1222 14:32:09.747038 81328 thread.cpp:99] Thread 34603009 construct Actor kCopyHd 72567769530383
I1222 14:32:09.746975 81329 copy_comm_net_actor.cpp:66] actor 71468400508933 switch to &CopyCommNetActor::HandlerNormal
I1222 14:32:09.747009 81325 thread.cpp:99] Thread 34603010 construct Actor kCollectiveBoxingGeneric 72567771627543
I1222 14:32:09.746973 81326 runtime_context.cpp:29] DecreaseCounter constructing_actor_cnt, current val is 2679
I1222 14:32:09.747067 81328 runtime_context.cpp:29] DecreaseCounter constructing_actor_cnt, current val is 2678
I1222 14:32:09.747087 81329 thread.cpp:99] Thread 34078789 construct Actor kCopyCommNet 71468400508933
I1222 14:32:09.747159 81325 runtime_context.cpp:29] DecreaseCounter constructing_actor_cnt, current val is 2677
I1222 14:32:09.747262 81329 runtime_context.cpp:29] DecreaseCounter constructing_actor_cnt, current val is 2676
I1222 14:32:09.747331 81323 naive_actor.cpp:25] actor 72567767433250 switch to &NaiveActor::HandlerNormal
I1222 14:32:09.747283 81328 naive_actor.cpp:25] actor 72567769530368 switch to &NaiveActor::HandlerNormal
I1222 14:32:09.747375 81323 thread.cpp:99] Thread 34603008 construct Actor kNormalForward 72567767433250
I1222 14:32:09.747414 81328 thread.cpp:99] Thread 34603009 construct Actor kCopyHd 72567769530368
I1222 14:32:09.747417 81329 copy_comm_net_actor.cpp:66] actor 71468400508941 switch to &CopyCommNetActor::HandlerNormal
I1222 14:32:09.747495 81329 thread.cpp:99] Thread 34078789 construct Actor kCopyCommNet 71468400508941
I1222 14:32:09.747465 81323 runtime_context.cpp:29] DecreaseCounter constructing_actor_cnt, current val is 2675
I1222 14:32:09.747540 81325 naive_actor.cpp:25] actor 72567771627539 switch to &NaiveActor::HandlerNormal
I1222 14:32:09.747449 81326 naive_actor.cpp:25] actor 71468390023173 switch to &NaiveActor::HandlerNormal
I1222 14:32:09.747539 81329 runtime_context.cpp:29] DecreaseCounter constructing_actor_cnt, current val is 2673
I1222 14:32:09.747478 81328 runtime_context.cpp:29] DecreaseCounter constructing_actor_cnt, current val is 2674
I1222 14:32:09.747619 81325 thread.cpp:99] Thread 34603010 construct Actor kCollectiveBoxingGeneric 72567771627539
I1222 14:32:09.747674 81326 thread.cpp:99] Thread 34078784 construct Actor kTick 71468390023173
I1222 14:32:09.747781 81329 copy_comm_net_actor.cpp:66] actor 71468400508935 switch to &CopyCommNetActor::HandlerNormal
I1222 14:32:09.747882 81329 thread.cpp:99] Thread 34078789 construct Actor kCopyCommNet 71468400508935
I1222 14:32:09.747820 81328 naive_actor.cpp:25] actor 72567769530377 switch to &NaiveActor::HandlerNormal
I1222 14:32:09.747819 81325 runtime_context.cpp:29] DecreaseCounter constructing_actor_cnt, current val is 2672
I1222 14:32:09.747884 81326 runtime_context.cpp:29] DecreaseCounter constructing_actor_cnt, current val is 2671
I1222 14:32:09.747920 81329 runtime_context.cpp:29] DecreaseCounter constructing_actor_cnt, current val is 2670
I1222 14:32:09.747967 81328 thread.cpp:99] Thread 34603009 construct Actor kCopyHd 72567769530377
I1222 14:32:09.748081 81323 naive_actor.cpp:25] actor 72567767433363 switch to &NaiveActor::HandlerNormal
I1222 14:32:09.748615 81328 runtime_context.cpp:29] DecreaseCounter constructing_actor_cnt, current val is 2669
I1222 14:32:09.748620 81329 copy_comm_net_actor.cpp:66] actor 71468400508928 switch to &CopyCommNetActor::HandlerNormal
I1222 14:32:09.748637 81323 thread.cpp:99] Thread 34603008 construct Actor kNormalForward 72567767433363
I1222 14:32:09.748693 81329 thread.cpp:99] Thread 34078789 construct Actor kCopyCommNet 71468400508928
I1222 14:32:09.748687 81325 naive_actor.cpp:25] actor 72567771627542 switch to &NaiveActor::HandlerNormal
I1222 14:32:09.748761 81328 naive_actor.cpp:25] actor 72567769530384 switch to &NaiveActor::HandlerNormal
I1222 14:32:09.748761 81329 runtime_context.cpp:29] DecreaseCounter constructing_actor_cnt, current val is 2668
I1222 14:32:09.748771 81323 runtime_context.cpp:29] DecreaseCounter constructing_actor_cnt, current val is 2667
I1222 14:32:09.748796 81325 thread.cpp:99] Thread 34603010 construct Actor kCollectiveBoxingGeneric 72567771627542
I1222 14:32:09.748814 81328 thread.cpp:99] Thread 34603009 construct Actor kCopyHd 72567769530384
I1222 14:32:09.748885 81326 naive_actor.cpp:25] actor 71468390023177 switch to &NaiveActor::HandlerNormal
I1222 14:32:09.748904 81329 copy_comm_net_actor.cpp:66] actor 71468400508932 switch to &CopyCommNetActor::HandlerNormal
I1222 14:32:09.749056 81329 thread.cpp:99] Thread 34078789 construct Actor kCopyCommNet 71468400508932
I1222 14:32:09.748975 81328 runtime_context.cpp:29] DecreaseCounter constructing_actor_cnt, current val is 2665
I1222 14:32:09.749022 81326 thread.cpp:99] Thread 34078784 construct Actor kDstSubsetTick 71468390023177
I1222 14:32:09.749047 81323 naive_actor.cpp:25] actor 72567767433226 switch to &NaiveActor::HandlerNormal
I1222 14:32:09.749181 81328 naive_actor.cpp:25] actor 72567769530380 switch to &NaiveActor::HandlerNormal
I1222 14:32:09.749083 81329 runtime_context.cpp:29] DecreaseCounter constructing_actor_cnt, current val is 2664
I1222 14:32:09.748967 81325 runtime_context.cpp:29] DecreaseCounter constructing_actor_cnt, current val is 2666
I1222 14:32:09.749182 81323 thread.cpp:99] Thread 34603008 construct Actor kNormalForward 72567767433226
I1222 14:32:09.749184 81326 runtime_context.cpp:29] DecreaseCounter constructing_actor_cnt, current val is 2663
I1222 14:32:09.749224 81328 thread.cpp:99] Thread 34603009 construct Actor kCopyHd 72567769530380
I1222 14:32:09.749320 81329 copy_comm_net_actor.cpp:66] actor 71468400508950 switch to &CopyCommNetActor::HandlerNormal
I1222 14:32:09.749353 81323 runtime_context.cpp:29] DecreaseCounter constructing_actor_cnt, current val is 2662
I1222 14:32:09.749414 81328 runtime_context.cpp:29] DecreaseCounter constructing_actor_cnt, current val is 2661
I1222 14:32:09.749428 81329 thread.cpp:99] Thread 34078789 construct Actor kCopyCommNet 71468400508950
I1222 14:32:09.749531 81329 runtime_context.cpp:29] DecreaseCounter constructing_actor_cnt, current val is 2660
I1222 14:32:09.749533 81325 naive_actor.cpp:25] actor 72567771627569 switch to &NaiveActor::HandlerNormal
I1222 14:32:09.749572 81328 naive_actor.cpp:25] actor 72567769530379 switch to &NaiveActor::HandlerNormal
I1222 14:32:09.749636 81323 naive_actor.cpp:25] actor 72567767433282 switch to &NaiveActor::HandlerNormal
I1222 14:32:09.749644 81329 copy_comm_net_actor.cpp:66] actor 71468400508943 switch to &CopyCommNetActor::HandlerNormal
I1222 14:32:09.749739 81329 thread.cpp:99] Thread 34078789 construct Actor kCopyCommNet 71468400508943
I1222 14:32:09.749676 81328 thread.cpp:99] Thread 34603009 construct Actor kCopyHd 72567769530379
I1222 14:32:09.749702 81323 thread.cpp:99] Thread 34603008 construct Actor kNormalForward 72567767433282
I1222 14:32:09.749641 81325 thread.cpp:99] Thread 34603010 construct Actor kCollectiveBoxingGeneric 72567771627569
I1222 14:32:09.749770 81329 runtime_context.cpp:29] DecreaseCounter constructing_actor_cnt, current val is 2659
I1222 14:32:09.749828 81328 runtime_context.cpp:29] DecreaseCounter constructing_actor_cnt, current val is 2658
I1222 14:32:09.749851 81326 naive_actor.cpp:25] actor 71468390023170 switch to &NaiveActor::HandlerNormal
I1222 14:32:09.750197 81323 runtime_context.cpp:29] DecreaseCounter constructing_actor_cnt, current val is 2657
I1222 14:32:09.750337 81328 naive_actor.cpp:25] actor 72567769530381 switch to &NaiveActor::HandlerNormal
I1222 14:32:09.750306 81329 copy_comm_net_actor.cpp:66] actor 71468400508936 switch to &CopyCommNetActor::HandlerNormal
I1222 14:32:09.750396 81329 thread.cpp:99] Thread 34078789 construct Actor kCopyCommNet 71468400508936
I1222 14:32:09.750243 81325 runtime_context.cpp:29] DecreaseCounter constructing_actor_cnt, current val is 2656
I1222 14:32:09.750376 81328 thread.cpp:99] Thread 34603009 construct Actor kCopyHd 72567769530381
I1222 14:32:09.750320 81326 thread.cpp:99] Thread 34078784 construct Actor kDstSubsetTick 71468390023170
I1222 14:32:09.750433 81329 runtime_context.cpp:29] DecreaseCounter constructing_actor_cnt, current val is 2655
I1222 14:32:09.750494 81328 runtime_context.cpp:29] DecreaseCounter constructing_actor_cnt, current val is 2654
I1222 14:32:09.750622 81326 runtime_context.cpp:29] DecreaseCounter constructing_actor_cnt, current val is 2653
I1222 14:32:09.750669 81329 copy_comm_net_actor.cpp:66] actor 71468400508938 switch to &CopyCommNetActor::HandlerNormal
I1222 14:32:09.750695 81328 naive_actor.cpp:25] actor 72567769530372 switch to &NaiveActor::HandlerNormal
I1222 14:32:09.750726 81329 thread.cpp:99] Thread 34078789 construct Actor kCopyCommNet 71468400508938
I1222 14:32:09.750728 81325 naive_actor.cpp:25] actor 72567771627585 switch to &NaiveActor::HandlerNormal
I1222 14:32:09.750761 81328 thread.cpp:99] Thread 34603009 construct Actor kCopyHd 72567769530372
I1222 14:32:09.750806 81329 runtime_context.cpp:29] DecreaseCounter constructing_actor_cnt, current val is 2652
I1222 14:32:09.750903 81323 naive_actor.cpp:25] actor 72567767433233 switch to &NaiveActor::HandlerNormal
I1222 14:32:09.750897 81328 runtime_context.cpp:29] DecreaseCounter constructing_actor_cnt, current val is 2651
I1222 14:32:09.750860 81325 thread.cpp:99] Thread 34603010 construct Actor kCollectiveBoxingGeneric 72567771627585
I1222 14:32:09.750959 81323 thread.cpp:99] Thread 34603008 construct Actor kNormalForward 72567767433233
I1222 14:32:09.751044 81326 naive_actor.cpp:25] actor 71468390023172 switch to &NaiveActor::HandlerNormal
I1222 14:32:09.751046 81328 naive_actor.cpp:25] actor 72567769530378 switch to &NaiveActor::HandlerNormal
I1222 14:32:09.750979 81329 copy_comm_net_actor.cpp:66] actor 71468400508937 switch to &CopyCommNetActor::HandlerNormal
I1222 14:32:09.751058 81325 runtime_context.cpp:29] DecreaseCounter constructing_actor_cnt, current val is 2650
I1222 14:32:09.751086 81323 runtime_context.cpp:29] DecreaseCounter constructing_actor_cnt, current val is 2649
I1222 14:32:09.751112 81326 thread.cpp:99] Thread 34078784 construct Actor kTick 71468390023172
I1222 14:32:09.751144 81328 thread.cpp:99] Thread 34603009 construct Actor kCopyHd 72567769530378
I1222 14:32:09.751168 81329 thread.cpp:99] Thread 34078789 construct Actor kCopyCommNet 71468400508937
I1222 14:32:09.751327 81326 runtime_context.cpp:29] DecreaseCounter constructing_actor_cnt, current val is 2648
I1222 14:32:09.751330 81328 runtime_context.cpp:29] DecreaseCounter constructing_actor_cnt, current val is 2647
I1222 14:32:09.751336 81329 runtime_context.cpp:29] DecreaseCounter constructing_actor_cnt, current val is 2646
I1222 14:32:09.751442 81325 naive_actor.cpp:25] actor 72567771627570 switch to &NaiveActor::HandlerNormal
I1222 14:32:09.751488 81328 naive_actor.cpp:25] actor 72567769530382 switch to &NaiveActor::HandlerNormal
I1222 14:32:09.751500 81329 copy_comm_net_actor.cpp:66] actor 71468400508944 switch to &CopyCommNetActor::HandlerNormal
I1222 14:32:09.751608 81325 thread.cpp:99] Thread 34603010 construct Actor kCollectiveBoxingGeneric 72567771627570
I1222 14:32:09.751672 81326 naive_actor.cpp:25] actor 71468390023171 switch to &NaiveActor::HandlerNormal
I1222 14:32:09.752139 81325 runtime_context.cpp:29] DecreaseCounter constructing_actor_cnt, current val is 2645
I1222 14:32:09.752048 81328 thread.cpp:99] Thread 34603009 construct Actor kCopyHd 72567769530382
I1222 14:32:09.752068 81329 thread.cpp:99] Thread 34078789 construct Actor kCopyCommNet 71468400508944
I1222 14:32:09.751793 81323 naive_actor.cpp:25] actor 72567767433225 switch to &NaiveActor::HandlerNormal
I1222 14:32:09.752152 81326 thread.cpp:99] Thread 34078784 construct Actor kTick 71468390023171
I1222 14:32:09.752226 81328 runtime_context.cpp:29] DecreaseCounter constructing_actor_cnt, current val is 2644
I1222 14:32:09.752243 81329 runtime_context.cpp:29] DecreaseCounter constructing_actor_cnt, current val is 2643
I1222 14:32:09.752274 81323 thread.cpp:99] Thread 34603008 construct Actor kNormalForward 72567767433225
I1222 14:32:09.752333 81326 runtime_context.cpp:29] DecreaseCounter constructing_actor_cnt, current val is 2642
I1222 14:32:09.752400 81323 runtime_context.cpp:29] DecreaseCounter constructing_actor_cnt, current val is 2641
I1222 14:32:09.752421 81329 copy_comm_net_actor.cpp:66] actor 71468400508930 switch to &CopyCommNetActor::HandlerNormal
I1222 14:32:09.752477 81329 thread.cpp:99] Thread 34078789 construct Actor kCopyCommNet 71468400508930
I1222 14:32:09.752426 81325 naive_actor.cpp:25] actor 72567771627595 switch to &NaiveActor::HandlerNormal
I1222 14:32:09.752516 81329 runtime_context.cpp:29] DecreaseCounter constructing_actor_cnt, current val is 2640
I1222 14:32:09.752574 81325 thread.cpp:99] Thread 34603010 construct Actor kCollectiveBoxingGeneric 72567771627595
I1222 14:32:09.752681 81325 runtime_context.cpp:29] DecreaseCounter constructing_actor_cnt, current val is 2639
I1222 14:32:09.752682 81329 copy_comm_net_actor.cpp:66] actor 71468400508953 switch to &CopyCommNetActor::HandlerNormal
I1222 14:32:09.752774 81329 thread.cpp:99] Thread 34078789 construct Actor kCopyCommNet 71468400508953
I1222 14:32:09.752810 81329 runtime_context.cpp:29] DecreaseCounter constructing_actor_cnt, current val is 2638
I1222 14:32:09.752904 81329 copy_comm_net_actor.cpp:66] actor 71468400508945 switch to &CopyCommNetActor::HandlerNormal
I1222 14:32:09.752912 81323 naive_actor.cpp:25] actor 72567767433239 switch to &NaiveActor::HandlerNormal
I1222 14:32:09.752959 81325 naive_actor.cpp:25] actor 72567771627565 switch to &NaiveActor::HandlerNormal
I1222 14:32:09.752935 81329 thread.cpp:99] Thread 34078789 construct Actor kCopyCommNet 71468400508945
I1222 14:32:09.752975 81323 thread.cpp:99] Thread 34603008 construct Actor kNormalForward 72567767433239
I1222 14:32:09.753036 81325 thread.cpp:99] Thread 34603010 construct Actor kCollectiveBoxingGeneric 72567771627565
I1222 14:32:09.753067 81329 runtime_context.cpp:29] DecreaseCounter constructing_actor_cnt, current val is 2637
I1222 14:32:09.753103 81323 runtime_context.cpp:29] DecreaseCounter constructing_actor_cnt, current val is 2636
I1222 14:32:09.753150 81325 runtime_context.cpp:29] DecreaseCounter constructing_actor_cnt, current val is 2635
I1222 14:32:09.753219 81329 copy_comm_net_actor.cpp:66] actor 71468400508952 switch to &CopyCommNetActor::HandlerNormal
I1222 14:32:09.753260 81329 thread.cpp:99] Thread 34078789 construct Actor kCopyCommNet 71468400508952
I1222 14:32:09.753295 81329 runtime_context.cpp:29] DecreaseCounter constructing_actor_cnt, current val is 2634
I1222 14:32:09.753357 81323 naive_actor.cpp:25] actor 72567767433238 switch to &NaiveActor::HandlerNormal
I1222 14:32:09.753391 81329 copy_comm_net_actor.cpp:66] actor 71468400508946 switch to &CopyCommNetActor::HandlerNormal
I1222 14:32:09.753391 81323 thread.cpp:99] Thread 34603008 construct Actor kNormalForward 72567767433238
I1222 14:32:09.753427 81329 thread.cpp:99] Thread 34078789 construct Actor kCopyCommNet 71468400508946
I1222 14:32:09.753444 81325 naive_actor.cpp:25] actor 72567771627594 switch to &NaiveActor::HandlerNormal
I1222 14:32:09.753525 81323 runtime_context.cpp:29] DecreaseCounter constructing_actor_cnt, current val is 2633
I1222 14:32:09.754019 81329 runtime_context.cpp:29] DecreaseCounter constructing_actor_cnt, current val is 2632
I1222 14:32:09.754065 81325 thread.cpp:99] Thread 34603010 construct Actor kCollectiveBoxingGeneric 72567771627594
I1222 14:32:09.754182 81329 copy_comm_net_actor.cpp:66] actor 71468400508947 switch to &CopyCommNetActor::HandlerNormal
I1222 14:32:09.754206 81329 thread.cpp:99] Thread 34078789 construct Actor kCopyCommNet 71468400508947
I1222 14:32:09.754189 81325 runtime_context.cpp:29] DecreaseCounter constructing_actor_cnt, current val is 2631
I1222 14:32:09.754232 81329 runtime_context.cpp:29] DecreaseCounter constructing_actor_cnt, current val is 2630
I1222 14:32:09.754375 81329 copy_comm_net_actor.cpp:66] actor 71468400508949 switch to &CopyCommNetActor::HandlerNormal
I1222 14:32:09.754407 81329 thread.cpp:99] Thread 34078789 construct Actor kCopyCommNet 71468400508949
I1222 14:32:09.754442 81329 runtime_context.cpp:29] DecreaseCounter constructing_actor_cnt, current val is 2629
I1222 14:32:09.754498 81325 naive_actor.cpp:25] actor 72567771627704 switch to &NaiveActor::HandlerNormal
I1222 14:32:09.754524 81329 copy_comm_net_actor.cpp:66] actor 71468400508951 switch to &CopyCommNetActor::HandlerNormal
I1222 14:32:09.754580 81323 naive_actor.cpp:25] actor 72567767433270 switch to &NaiveActor::HandlerNormal
I1222 14:32:09.754585 81325 thread.cpp:99] Thread 34603010 construct Actor kCollectiveBoxingGeneric 72567771627704
I1222 14:32:09.754613 81329 thread.cpp:99] Thread 34078789 construct Actor kCopyCommNet 71468400508951
I1222 14:32:09.754652 81323 thread.cpp:99] Thread 34603008 construct Actor kNormalForward 72567767433270
I1222 14:32:09.754731 81329 runtime_context.cpp:29] DecreaseCounter constructing_actor_cnt, current val is 2628
I1222 14:32:09.754734 81325 runtime_context.cpp:29] DecreaseCounter constructing_actor_cnt, current val is 2627
I1222 14:32:09.754760 81323 runtime_context.cpp:29] DecreaseCounter constructing_actor_cnt, current val is 2626
I1222 14:32:09.754817 81329 copy_comm_net_actor.cpp:66] actor 71468400508954 switch to &CopyCommNetActor::HandlerNormal
I1222 14:32:09.754848 81329 thread.cpp:99] Thread 34078789 construct Actor kCopyCommNet 71468400508954
I1222 14:32:09.754879 81329 runtime_context.cpp:29] DecreaseCounter constructing_actor_cnt, current val is 2625
I1222 14:32:09.755010 81325 naive_actor.cpp:25] actor 72567771627624 switch to &NaiveActor::HandlerNormal
I1222 14:32:09.755079 81325 thread.cpp:99] Thread 34603010 construct Actor kCollectiveBoxingGeneric 72567771627624
I1222 14:32:09.755158 81325 runtime_context.cpp:29] DecreaseCounter constructing_actor_cnt, current val is 2624
I1222 14:32:09.755244 81323 naive_actor.cpp:25] actor 72567767433219 switch to &NaiveActor::HandlerNormal
I1222 14:32:09.755292 81323 thread.cpp:99] Thread 34603008 construct Actor kNormalForward 72567767433219
I1222 14:32:09.755342 81323 runtime_context.cpp:29] DecreaseCounter constructing_actor_cnt, current val is 2623
I1222 14:32:09.755389 81325 naive_actor.cpp:25] actor 72567771627566 switch to &NaiveActor::HandlerNormal
I1222 14:32:09.755466 81325 thread.cpp:99] Thread 34603010 construct Actor kCollectiveBoxingGeneric 72567771627566
I1222 14:32:09.755555 81325 runtime_context.cpp:29] DecreaseCounter constructing_actor_cnt, current val is 2622
I1222 14:32:09.755555 81323 naive_actor.cpp:25] actor 72567767433258 switch to &NaiveActor::HandlerNormal
I1222 14:32:09.755654 81323 thread.cpp:99] Thread 34603008 construct Actor kNormalForward 72567767433258
I1222 14:32:09.755702 81323 runtime_context.cpp:29] DecreaseCounter constructing_actor_cnt, current val is 2621
I1222 14:32:09.755832 81325 naive_actor.cpp:25] actor 72567771627635 switch to &NaiveActor::HandlerNormal
I1222 14:32:09.755967 81325 thread.cpp:99] Thread 34603010 construct Actor kCollectiveBoxingGeneric 72567771627635
I1222 14:32:09.756458 81325 runtime_context.cpp:29] DecreaseCounter constructing_actor_cnt, current val is 2620
I1222 14:32:09.756731 81323 naive_actor.cpp:25] actor 72567767433314 switch to &NaiveActor::HandlerNormal
I1222 14:32:09.756732 81325 naive_actor.cpp:25] actor 72567771627591 switch to &NaiveActor::HandlerNormal
I1222 14:32:09.756779 81323 thread.cpp:99] Thread 34603008 construct Actor kNormalForward 72567767433314
I1222 14:32:09.756831 81325 thread.cpp:99] Thread 34603010 construct Actor kCollectiveBoxingGeneric 72567771627591
I1222 14:32:09.756875 81323 runtime_context.cpp:29] DecreaseCounter constructing_actor_cnt, current val is 2619
I1222 14:32:09.756930 81325 runtime_context.cpp:29] DecreaseCounter constructing_actor_cnt, current val is 2618
I1222 14:32:09.757191 81325 naive_actor.cpp:25] actor 72567771627548 switch to &NaiveActor::HandlerNormal
I1222 14:32:09.757256 81325 thread.cpp:99] Thread 34603010 construct Actor kCollectiveBoxingGeneric 72567771627548
I1222 14:32:09.757328 81323 naive_actor.cpp:25] actor 72567767433346 switch to &NaiveActor::HandlerNormal
I1222 14:32:09.757341 81325 runtime_context.cpp:29] DecreaseCounter constructing_actor_cnt, current val is 2617
I1222 14:32:09.757364 81323 thread.cpp:99] Thread 34603008 construct Actor kNormalForward 72567767433346
I1222 14:32:09.757454 81323 runtime_context.cpp:29] DecreaseCounter constructing_actor_cnt, current val is 2616
I1222 14:32:09.757616 81325 naive_actor.cpp:25] actor 72567771627531 switch to &NaiveActor::HandlerNormal
I1222 14:32:09.757655 81323 naive_actor.cpp:25] actor 72567767433265 switch to &NaiveActor::HandlerNormal
I1222 14:32:09.757688 81325 thread.cpp:99] Thread 34603010 construct Actor kCollectiveBoxingGeneric 72567771627531
I1222 14:32:09.757714 81323 thread.cpp:99] Thread 34603008 construct Actor kNormalForward 72567767433265
I1222 14:32:09.757802 81325 runtime_context.cpp:29] DecreaseCounter constructing_actor_cnt, current val is 2615
I1222 14:32:09.757820 81323 runtime_context.cpp:29] DecreaseCounter constructing_actor_cnt, current val is 2614
I1222 14:32:09.758028 81323 naive_actor.cpp:25] actor 72567767433257 switch to &NaiveActor::HandlerNormal
I1222 14:32:09.758051 81325 naive_actor.cpp:25] actor 72567771627559 switch to &NaiveActor::HandlerNormal
I1222 14:32:09.758066 81323 thread.cpp:99] Thread 34603008 construct Actor kNormalForward 72567767433257
I1222 14:32:09.758127 81325 thread.cpp:99] Thread 34603010 construct Actor kCollectiveBoxingGeneric 72567771627559
I1222 14:32:09.758164 81323 runtime_context.cpp:29] DecreaseCounter constructing_actor_cnt, current val is 2613
I1222 14:32:09.758209 81325 runtime_context.cpp:29] DecreaseCounter constructing_actor_cnt, current val is 2612
I1222 14:32:09.758461 81325 naive_actor.cpp:25] actor 72567771627527 switch to &NaiveActor::HandlerNormal
I1222 14:32:09.758543 81325 thread.cpp:99] Thread 34603010 construct Actor kCollectiveBoxingGeneric 72567771627527
I1222 14:32:09.758622 81325 runtime_context.cpp:29] DecreaseCounter constructing_actor_cnt, current val is 2611
I1222 14:32:09.758697 81323 naive_actor.cpp:25] actor 72567767433220 switch to &NaiveActor::HandlerNormal
I1222 14:32:09.758740 81323 thread.cpp:99] Thread 34603008 construct Actor kNormalForward 72567767433220
I1222 14:32:09.758783 81323 runtime_context.cpp:29] DecreaseCounter constructing_actor_cnt, current val is 2610
I1222 14:32:09.758881 81325 naive_actor.cpp:25] actor 72567771627606 switch to &NaiveActor::HandlerNormal
I1222 14:32:09.758934 81325 thread.cpp:99] Thread 34603010 construct Actor kCollectiveBoxingGeneric 72567771627606
I1222 14:32:09.758985 81323 naive_actor.cpp:25] actor 72567767433236 switch to &NaiveActor::HandlerNormal
I1222 14:32:09.759007 81325 runtime_context.cpp:29] DecreaseCounter constructing_actor_cnt, current val is 2609
I1222 14:32:09.759023 81323 thread.cpp:99] Thread 34603008 construct Actor kNormalForward 72567767433236
I1222 14:32:09.759164 81323 runtime_context.cpp:29] DecreaseCounter constructing_actor_cnt, current val is 2608
I1222 14:32:09.759279 81325 naive_actor.cpp:25] actor 72567771627522 switch to &NaiveActor::HandlerNormal
I1222 14:32:09.759660 81325 thread.cpp:99] Thread 34603010 construct Actor kCollectiveBoxingGeneric 72567771627522
I1222 14:32:09.759737 81325 runtime_context.cpp:29] DecreaseCounter constructing_actor_cnt, current val is 2607
I1222 14:32:09.759764 81323 naive_actor.cpp:25] actor 72567767433271 switch to &NaiveActor::HandlerNormal
I1222 14:32:09.759830 81323 thread.cpp:99] Thread 34603008 construct Actor kNormalForward 72567767433271
I1222 14:32:09.759878 81323 runtime_context.cpp:29] DecreaseCounter constructing_actor_cnt, current val is 2606
I1222 14:32:09.759995 81325 naive_actor.cpp:25] actor 72567771627551 switch to &NaiveActor::HandlerNormal
I1222 14:32:09.760063 81325 thread.cpp:99] Thread 34603010 construct Actor kCollectiveBoxingGeneric 72567771627551
I1222 14:32:09.760138 81325 runtime_context.cpp:29] DecreaseCounter constructing_actor_cnt, current val is 2605
I1222 14:32:09.760413 81325 naive_actor.cpp:25] actor 72567771627577 switch to &NaiveActor::HandlerNormal
I1222 14:32:09.760418 81323 naive_actor.cpp:25] actor 72567767433302 switch to &NaiveActor::HandlerNormal
I1222 14:32:09.760488 81325 thread.cpp:99] Thread 34603010 construct Actor kCollectiveBoxingGeneric 72567771627577
I1222 14:32:09.760536 81323 thread.cpp:99] Thread 34603008 construct Actor kNormalForward 72567767433302
I1222 14:32:09.760617 81325 runtime_context.cpp:29] DecreaseCounter constructing_actor_cnt, current val is 2604
I1222 14:32:09.760635 81323 runtime_context.cpp:29] DecreaseCounter constructing_actor_cnt, current val is 2603
I1222 14:32:09.760847 81325 naive_actor.cpp:25] actor 72567771627584 switch to &NaiveActor::HandlerNormal
I1222 14:32:09.760927 81325 thread.cpp:99] Thread 34603010 construct Actor kCollectiveBoxingGeneric 72567771627584
I1222 14:32:09.761005 81325 runtime_context.cpp:29] DecreaseCounter constructing_actor_cnt, current val is 2602
I1222 14:32:09.761106 81323 naive_actor.cpp:25] actor 72567767433228 switch to &NaiveActor::HandlerNormal
I1222 14:32:09.761147 81323 thread.cpp:99] Thread 34603008 construct Actor kNormalForward 72567767433228
I1222 14:32:09.761198 81323 runtime_context.cpp:29] DecreaseCounter constructing_actor_cnt, current val is 2601
I1222 14:32:09.761281 81325 naive_actor.cpp:25] actor 72567771627592 switch to &NaiveActor::HandlerNormal
I1222 14:32:09.761343 81325 thread.cpp:99] Thread 34603010 construct Actor kCollectiveBoxingGeneric 72567771627592
I1222 14:32:09.761416 81325 runtime_context.cpp:29] DecreaseCounter constructing_actor_cnt, current val is 2600
I1222 14:32:09.761690 81325 naive_actor.cpp:25] actor 72567771627631 switch to &NaiveActor::HandlerNormal
I1222 14:32:09.761693 81323 naive_actor.cpp:25] actor 72567767433395 switch to &NaiveActor::HandlerNormal
I1222 14:32:09.761775 81325 thread.cpp:99] Thread 34603010 construct Actor kCollectiveBoxingGeneric 72567771627631
I1222 14:32:09.761803 81323 thread.cpp:99] Thread 34603008 construct Actor kNormalForward 72567767433395
I1222 14:32:09.761891 81325 runtime_context.cpp:29] DecreaseCounter constructing_actor_cnt, current val is 2599
I1222 14:32:09.761905 81323 runtime_context.cpp:29] DecreaseCounter constructing_actor_cnt, current val is 2598
I1222 14:32:09.762145 81325 naive_actor.cpp:25] actor 72567771627670 switch to &NaiveActor::HandlerNormal
I1222 14:32:09.762231 81325 thread.cpp:99] Thread 34603010 construct Actor kCollectiveBoxingGeneric 72567771627670
I1222 14:32:09.762315 81325 runtime_context.cpp:29] DecreaseCounter constructing_actor_cnt, current val is 2597
I1222 14:32:09.762413 81323 naive_actor.cpp:25] actor 72567767433290 switch to &NaiveActor::HandlerNormal
I1222 14:32:09.762459 81323 thread.cpp:99] Thread 34603008 construct Actor kNormalForward 72567767433290
I1222 14:32:09.762502 81323 runtime_context.cpp:29] DecreaseCounter constructing_actor_cnt, current val is 2596
I1222 14:32:09.762562 81325 naive_actor.cpp:25] actor 72567771627538 switch to &NaiveActor::HandlerNormal
I1222 14:32:09.762692 81325 thread.cpp:99] Thread 34603010 construct Actor kCollectiveBoxingGeneric 72567771627538
I1222 14:32:09.762933 81323 naive_actor.cpp:25] actor 72567767433378 switch to &NaiveActor::HandlerNormal
I1222 14:32:09.763134 81325 runtime_context.cpp:29] DecreaseCounter constructing_actor_cnt, current val is 2595
I1222 14:32:09.763142 81323 thread.cpp:99] Thread 34603008 construct Actor kNormalForward 72567767433378
I1222 14:32:09.763253 81323 runtime_context.cpp:29] DecreaseCounter constructing_actor_cnt, current val is 2594
I1222 14:32:09.763432 81325 naive_actor.cpp:25] actor 72567771627555 switch to &NaiveActor::HandlerNormal
