Log file created at: 2021/12/22 14:30:34
Running on machine: cn2
Log line format: [IWEF]mmdd hh:mm:ss.uuuuuu threadid file:line] msg
I1222 14:30:34.963821 80990 global.h:36] NewGlobal N7oneflow7EnvDescE
I1222 14:30:34.965322 80990 global.h:36] NewGlobal N7oneflow10ProcessCtxE
I1222 14:30:34.965348 80990 env_global_objects_scope.cpp:157] using rpc backend: gRPC
I1222 14:30:34.965360 80990 global.h:36] NewGlobal N7oneflow10CtrlServerE
I1222 14:30:34.966161 80990 ctrl_server.cpp:40] CtrlServer listening on 0.0.0.0:46765
I1222 14:30:34.966293 80990 rank_info_bootstrap_server.cpp:47] RankInfoBootstrapServer listening on 0.0.0.0:35022
I1222 14:31:04.969786 80990 rpc_client.cpp:187] LoadServer cn1 Successful at 0 times
I1222 14:31:04.971524 80990 ctrl_bootstrap.cpp:77] 
ctrl_addr {
  host: "cn1"
  port: 40785
}
ctrl_addr {
  host: "172.16.0.11"
  port: 37012
}
ctrl_addr {
  host: "172.16.0.12"
  port: 35700
}
ctrl_addr {
  host: "172.16.0.12"
  port: 46765
}
rank: 3
node_size: 2
I1222 14:31:34.975553 80990 rpc_client.cpp:187] LoadServer cn1 Successful at 0 times
I1222 14:31:34.977247 80990 rpc_client.cpp:187] LoadServer 172.16.0.11 Successful at 0 times
I1222 14:31:34.978449 80990 rpc_client.cpp:187] LoadServer 172.16.0.12 Successful at 0 times
I1222 14:31:34.979377 80990 rpc_client.cpp:187] LoadServer 172.16.0.12 Successful at 0 times
I1222 14:31:35.024833 80990 global.h:36] NewGlobal N7oneflow12ResourceDescE
I1222 14:31:35.025053 80990 global.h:36] NewGlobal N7oneflow12ResourceDescE
I1222 14:31:35.034193 80990 net_ib_device_descriptor.cpp:110] Inactivate port: device mlx5_0 port 
I1222 14:31:35.039413 80990 net_ib_device_descriptor.cpp:110] Inactivate port: device mlx5_1 port 
I1222 14:31:35.048084 80990 net_ib_device_descriptor.cpp:110] Inactivate port: device mlx5_3 port 
I1222 14:31:35.234108 80990 global.h:36] NewGlobal N7oneflow2ep21DeviceManagerRegistryE
I1222 14:31:35.234174 80990 global.h:36] NewGlobal N7oneflow10ThreadPoolE
I1222 14:31:35.235870 80990 global.h:36] NewGlobal N7oneflow16EagerNcclCommMgrE
I1222 14:31:35.235906 80990 global.h:36] NewGlobal N7oneflow18CudnnConvAlgoCacheE
I1222 14:31:35.235924 80990 global.h:36] NewGlobal N7oneflow2vm19VirtualMachineScopeE
I1222 14:31:35.235954 80990 global.h:36] NewGlobal N7oneflow14VirtualMachineE
I1222 14:31:35.236390 80990 virtual_machine.cpp:80] transport stream type: N7oneflow2vm13CpuStreamTypeE
I1222 14:31:35.236419 80990 virtual_machine.cpp:80] transport stream type: N7oneflow2vm14CudaStreamTypeE
I1222 14:31:35.236438 80990 virtual_machine.cpp:80] transport stream type: N7oneflow2vm19AsyncCudaStreamTypeE
I1222 14:31:35.236636 80990 global.h:36] NewGlobal N7oneflow27EagerJobBuildAndInferCtxMgrE
I1222 14:31:35.236692 80990 global.h:36] NewGlobal N7oneflow12EpollCommNetE
I1222 14:31:35.236850 80990 epoll_comm_network.cpp:63] CommNet:Epoll listening on 0.0.0.0:34562
I1222 14:31:35.237624 80990 epoll_comm_network.cpp:197] machine 0 sockfd 56
I1222 14:31:35.237679 80990 epoll_comm_network.cpp:197] machine 1 sockfd 60
I1222 14:31:35.237699 80990 epoll_comm_network.cpp:197] machine 2 sockfd 58
I1222 14:31:35.237716 80990 epoll_comm_network.cpp:197] machine 3 sockfd -1
I1222 14:31:35.237866 80990 global.h:36] NewGlobal N7oneflow9TransportE
I1222 14:31:35.238230 80990 global.h:43] DeleteGlobal N7oneflow17ForeignLockHelperE
I1222 14:31:35.238550 80990 global.h:36] NewGlobal N7oneflow25MultiClientSessionContextE
I1222 14:31:42.954407 81270 eager_nccl_comm_manager.cpp:69]  EagerNcclCommMgr::ncclCommInitRank device_vec.size() = 2, nccl_unique_id = 0200ffffffc7ffffffbbffffffac100a0c000000000000000000000000000000000000000000000000000000000000000000000000000000000000000000000000000000000000000000000000000000000000000000000000000000000000000000000000000000000000000000000000000000000000000000000000000000000000000000000000, rank = 1, key = {eager_nccl_unique_id_rpc_key,2:0,3:1}
I1222 14:31:43.121940 80990 version.cpp:22] OneFlow git version: v0.5.0-381-g3677dbf43-snapshot
I1222 14:31:43.121990 80990 cuda_device_manager_factory.cpp:63] CUDA runtime version: 11.1
I1222 14:31:43.122009 80990 cuda_device_manager_factory.cpp:72] cuDNN version: 8.0.5
I1222 14:31:43.122170 80990 cuda_device_manager_factory.cpp:85] NCCL version: 2.11.4
I1222 14:31:43.122865 80990 global.h:43] DeleteGlobal N7oneflow12ResourceDescE
I1222 14:31:43.122903 80990 global.h:36] NewGlobal N7oneflow12ResourceDescE
I1222 14:31:43.122920 80990 global.h:36] NewGlobal N7oneflow5IDMgrE
I1222 14:31:43.122943 80990 global.h:36] NewGlobal N7oneflow22TaskStreamIndexManagerE
I1222 14:31:43.122961 80990 global.h:36] NewGlobal N7oneflow26LazyJobBuildAndInferCtxMgrE
I1222 14:31:43.122987 80990 global.h:36] NewGlobal N7oneflow9BufferMgrISt10shared_ptrINS_11JobInstanceEEEE
I1222 14:31:43.123004 80990 global.h:36] NewGlobal N7oneflow9BufferMgrISt10shared_ptrINS_23CriticalSectionInstanceEEEE
I1222 14:31:43.123018 80990 global.h:36] NewGlobal N7oneflow10RuntimeCtxE
I1222 14:31:43.123034 80990 global.h:36] NewGlobal N7oneflow15MemoryAllocatorE
I1222 14:31:43.123051 80990 global.h:36] NewGlobal N7oneflow8ChunkMgrE
I1222 14:31:43.123064 80990 global.h:36] NewGlobal N7oneflow8RegstMgrE
I1222 14:31:43.123082 80990 global.h:36] NewGlobal N7oneflow11ActorMsgBusE
I1222 14:31:43.123097 80990 global.h:36] NewGlobal N7oneflow9ThreadMgrE
I1222 14:31:43.123119 80990 global.h:36] NewGlobal N7oneflow15RuntimeJobDescsE
I1222 14:31:43.123133 80990 global.h:36] NewGlobal N7oneflow7summary12EventsWriterE
I1222 14:31:43.123150 80990 global.h:36] NewGlobal N7oneflow6boxing10collective9SchedulerE
I1222 14:31:43.143904 80990 global.h:36] NewGlobal N7oneflow7JobDescE
I1222 14:31:44.742836 80990 global.h:43] DeleteGlobal N7oneflow7JobDescE
I1222 14:31:44.743021 80990 global.h:36] NewGlobal N7oneflow7JobDescE
I1222 14:31:51.934528 80990 global.h:43] DeleteGlobal N7oneflow7JobDescE
I1222 14:31:52.904101 80990 global.h:36] NewGlobal N7oneflow7JobDescE
I1222 14:32:09.621130 80990 runtime_context.cpp:21] NewCounter constructing_actor_cnt 2721
I1222 14:32:09.621923 81300 naive_actor.cpp:25] actor 107760729459084 switch to &NaiveActor::HandlerNormal
I1222 14:32:09.622031 81300 thread.cpp:99] Thread 51384320 construct Actor kDeviceTick 107760729459084
I1222 14:32:09.622396 81300 runtime_context.cpp:29] DecreaseCounter constructing_actor_cnt, current val is 2720
I1222 14:32:09.622622 81300 naive_actor.cpp:25] actor 107760729459086 switch to &NaiveActor::HandlerNormal
I1222 14:32:09.622663 81300 thread.cpp:99] Thread 51384320 construct Actor kDeviceTick 107760729459086
I1222 14:32:09.622702 81300 runtime_context.cpp:29] DecreaseCounter constructing_actor_cnt, current val is 2719
I1222 14:32:09.622853 81300 naive_actor.cpp:25] actor 107760729459088 switch to &NaiveActor::HandlerNormal
I1222 14:32:09.622889 81300 thread.cpp:99] Thread 51384320 construct Actor kDeviceTick 107760729459088
I1222 14:32:09.622925 81300 runtime_context.cpp:29] DecreaseCounter constructing_actor_cnt, current val is 2718
I1222 14:32:09.622979 81307 wait_and_send_ids_actor.cpp:53] actor 106652764209152 switch to &WaitAndSendIdsActor::HandlerWaitToStart
I1222 14:32:09.623148 81307 thread.cpp:99] Thread 50856001 construct Actor kWaitAndSendIds 106652764209152
I1222 14:32:09.623327 81307 runtime_context.cpp:29] DecreaseCounter constructing_actor_cnt, current val is 2717
I1222 14:32:09.623462 81300 naive_actor.cpp:25] actor 107760729459082 switch to &NaiveActor::HandlerNormal
I1222 14:32:09.623494 81300 thread.cpp:99] Thread 51384320 construct Actor kDeviceTick 107760729459082
I1222 14:32:09.623543 81300 runtime_context.cpp:29] DecreaseCounter constructing_actor_cnt, current val is 2716
I1222 14:32:09.684875 81292 naive_actor.cpp:25] actor 106652632088576 switch to &NaiveActor::HandlerNormal
I1222 14:32:09.685053 81292 thread.cpp:99] Thread 50855938 construct Actor kNormalForward 106652632088576
I1222 14:32:09.685340 81292 runtime_context.cpp:29] DecreaseCounter constructing_actor_cnt, current val is 2715
I1222 14:32:09.685753 81305 naive_actor.cpp:25] actor 107760731553798 switch to &NaiveActor::HandlerNormal
I1222 14:32:09.685784 81311 naive_actor.cpp:25] actor 107760735748096 switch to &NaiveActor::HandlerNormal
I1222 14:32:09.685796 81314 sink_actor.cpp:21] actor 106652766306304 switch to &SinkActor::HandlerNormal
I1222 14:32:09.685783 81295 naive_actor.cpp:25] actor 106652627894272 switch to &NaiveActor::HandlerNormal
I1222 14:32:09.685855 81305 thread.cpp:99] Thread 51384321 construct Actor kCopyHd 107760731553798
I1222 14:32:09.685868 81301 naive_actor.cpp:25] actor 106652762112006 switch to &NaiveActor::HandlerNormal
I1222 14:32:09.685876 81308 copy_comm_net_actor.cpp:66] actor 106652772597762 switch to &CopyCommNetActor::HandlerNormal
I1222 14:32:09.685896 81297 naive_actor.cpp:25] actor 106652640477184 switch to &NaiveActor::HandlerNormal
I1222 14:32:09.685992 81311 thread.cpp:99] Thread 51384323 construct Actor kCopyHd 107760735748096
I1222 14:32:09.685997 81300 naive_actor.cpp:25] actor 107760729456667 switch to &NaiveActor::HandlerNormal
I1222 14:32:09.686012 81303 naive_actor.cpp:25] actor 107760733650956 switch to &NaiveActor::HandlerNormal
I1222 14:32:09.686012 81296 naive_actor.cpp:25] actor 106652634185728 switch to &NaiveActor::HandlerNormal
I1222 14:32:09.686085 81313 naive_actor.cpp:25] actor 106652644671488 switch to &NaiveActor::HandlerNormal
I1222 14:32:09.686167 81312 naive_actor.cpp:25] actor 106652768403456 switch to &NaiveActor::HandlerNormal
I1222 14:32:09.686161 81294 naive_actor.cpp:25] actor 106652636282880 switch to &NaiveActor::HandlerNormal
I1222 14:32:09.686177 81293 naive_actor.cpp:25] actor 106652638380032 switch to &NaiveActor::HandlerNormal
I1222 14:32:09.687391 81293 thread.cpp:99] Thread 50855941 construct Actor kNormalForward 106652638380032
I1222 14:32:09.686421 81309 naive_actor.cpp:25] actor 106652770500608 switch to &NaiveActor::HandlerNormal
I1222 14:32:09.686497 81306 naive_actor.cpp:25] actor 106652642574336 switch to &NaiveActor::HandlerNormal
I1222 14:32:09.686585 81314 thread.cpp:99] Thread 50856002 construct Actor kCallbackNotify 106652766306304
I1222 14:32:09.686712 81295 thread.cpp:99] Thread 50855936 construct Actor kNormalForward 106652627894272
I1222 14:32:09.686762 81305 runtime_context.cpp:29] DecreaseCounter constructing_actor_cnt, current val is 2714
I1222 14:32:09.686805 81301 thread.cpp:99] Thread 50856000 construct Actor kSrcSubsetTick 106652762112006
I1222 14:32:09.686856 81308 thread.cpp:99] Thread 50856005 construct Actor kCopyCommNet 106652772597762
I1222 14:32:09.687913 81295 runtime_context.cpp:29] DecreaseCounter constructing_actor_cnt, current val is 2710
I1222 14:32:09.687048 81311 runtime_context.cpp:29] DecreaseCounter constructing_actor_cnt, current val is 2713
I1222 14:32:09.687079 81300 thread.cpp:99] Thread 51384320 construct Actor kNormalForward 107760729456667
I1222 14:32:09.687104 81303 thread.cpp:99] Thread 51384322 construct Actor kCollectiveBoxingGeneric 107760733650956
I1222 14:32:09.687160 81296 thread.cpp:99] Thread 50855939 construct Actor kNormalForward 106652634185728
I1222 14:32:09.687196 81313 thread.cpp:99] Thread 50855944 construct Actor kNormalForward 106652644671488
I1222 14:32:09.687232 81312 thread.cpp:99] Thread 50856003 construct Actor kCriticalSectionWaitTick 106652768403456
I1222 14:32:09.687340 81294 thread.cpp:99] Thread 50855940 construct Actor kNormalForward 106652636282880
I1222 14:32:09.686213 81298 naive_actor.cpp:25] actor 106652629991424 switch to &NaiveActor::HandlerNormal
I1222 14:32:09.687455 81293 runtime_context.cpp:29] DecreaseCounter constructing_actor_cnt, current val is 2712
I1222 14:32:09.687595 81309 thread.cpp:99] Thread 50856004 construct Actor kCriticalSectionWaitTick 106652770500608
I1222 14:32:09.687714 81306 thread.cpp:99] Thread 50855943 construct Actor kNormalForward 106652642574336
I1222 14:32:09.687777 81314 runtime_context.cpp:29] DecreaseCounter constructing_actor_cnt, current val is 2711
I1222 14:32:09.686993 81297 thread.cpp:99] Thread 50855942 construct Actor kNormalForward 106652640477184
I1222 14:32:09.687935 81301 runtime_context.cpp:29] DecreaseCounter constructing_actor_cnt, current val is 2709
I1222 14:32:09.687949 81308 runtime_context.cpp:29] DecreaseCounter constructing_actor_cnt, current val is 2708
I1222 14:32:09.687954 81305 naive_actor.cpp:25] actor 107760731553796 switch to &NaiveActor::HandlerNormal
I1222 14:32:09.688097 81300 runtime_context.cpp:29] DecreaseCounter constructing_actor_cnt, current val is 2707
I1222 14:32:09.688102 81303 runtime_context.cpp:29] DecreaseCounter constructing_actor_cnt, current val is 2706
I1222 14:32:09.688150 81296 runtime_context.cpp:29] DecreaseCounter constructing_actor_cnt, current val is 2705
I1222 14:32:09.688170 81313 runtime_context.cpp:29] DecreaseCounter constructing_actor_cnt, current val is 2704
I1222 14:32:09.688210 81312 runtime_context.cpp:29] DecreaseCounter constructing_actor_cnt, current val is 2703
I1222 14:32:09.688320 81294 runtime_context.cpp:29] DecreaseCounter constructing_actor_cnt, current val is 2702
I1222 14:32:09.688364 81298 thread.cpp:99] Thread 50855937 construct Actor kNormalForward 106652629991424
I1222 14:32:09.688557 81309 runtime_context.cpp:29] DecreaseCounter constructing_actor_cnt, current val is 2701
I1222 14:32:09.689677 81298 runtime_context.cpp:29] DecreaseCounter constructing_actor_cnt, current val is 2698
I1222 14:32:09.688766 81297 runtime_context.cpp:29] DecreaseCounter constructing_actor_cnt, current val is 2699
I1222 14:32:09.688885 81301 naive_actor.cpp:25] actor 106652762112003 switch to &NaiveActor::HandlerNormal
I1222 14:32:09.688910 81308 copy_comm_net_actor.cpp:66] actor 106652772597763 switch to &CopyCommNetActor::HandlerNormal
I1222 14:32:09.689239 81305 thread.cpp:99] Thread 51384321 construct Actor kCopyHd 107760731553796
I1222 14:32:09.689404 81303 naive_actor.cpp:25] actor 107760733650947 switch to &NaiveActor::HandlerNormal
I1222 14:32:09.688616 81306 runtime_context.cpp:29] DecreaseCounter constructing_actor_cnt, current val is 2700
I1222 14:32:09.689855 81300 naive_actor.cpp:25] actor 107760729456699 switch to &NaiveActor::HandlerNormal
I1222 14:32:09.689875 81301 thread.cpp:99] Thread 50856000 construct Actor kTick 106652762112003
I1222 14:32:09.689910 81308 thread.cpp:99] Thread 50856005 construct Actor kCopyCommNet 106652772597763
I1222 14:32:09.689956 81305 runtime_context.cpp:29] DecreaseCounter constructing_actor_cnt, current val is 2697
I1222 14:32:09.690085 81303 thread.cpp:99] Thread 51384322 construct Actor kCollectiveBoxingGeneric 107760733650947
I1222 14:32:09.690197 81300 thread.cpp:99] Thread 51384320 construct Actor kNormalForward 107760729456699
I1222 14:32:09.690250 81301 runtime_context.cpp:29] DecreaseCounter constructing_actor_cnt, current val is 2696
I1222 14:32:09.690276 81308 runtime_context.cpp:29] DecreaseCounter constructing_actor_cnt, current val is 2695
I1222 14:32:09.690426 81303 runtime_context.cpp:29] DecreaseCounter constructing_actor_cnt, current val is 2694
I1222 14:32:09.690446 81300 runtime_context.cpp:29] DecreaseCounter constructing_actor_cnt, current val is 2693
I1222 14:32:09.690596 81308 copy_comm_net_actor.cpp:66] actor 106652772597771 switch to &CopyCommNetActor::HandlerNormal
I1222 14:32:09.690522 81305 naive_actor.cpp:25] actor 107760731553795 switch to &NaiveActor::HandlerNormal
I1222 14:32:09.690649 81308 thread.cpp:99] Thread 50856005 construct Actor kCopyCommNet 106652772597771
I1222 14:32:09.690693 81305 thread.cpp:99] Thread 51384321 construct Actor kCopyHd 107760731553795
I1222 14:32:09.690701 81301 naive_actor.cpp:25] actor 106652762112000 switch to &NaiveActor::HandlerNormal
I1222 14:32:09.690757 81308 runtime_context.cpp:29] DecreaseCounter constructing_actor_cnt, current val is 2692
I1222 14:32:09.690783 81305 runtime_context.cpp:29] DecreaseCounter constructing_actor_cnt, current val is 2691
I1222 14:32:09.690814 81301 thread.cpp:99] Thread 50856000 construct Actor kSrcSubsetTick 106652762112000
I1222 14:32:09.690969 81301 runtime_context.cpp:29] DecreaseCounter constructing_actor_cnt, current val is 2690
I1222 14:32:09.690981 81303 naive_actor.cpp:25] actor 107760733651009 switch to &NaiveActor::HandlerNormal
I1222 14:32:09.690973 81305 naive_actor.cpp:25] actor 107760731553793 switch to &NaiveActor::HandlerNormal
I1222 14:32:09.690970 81308 copy_comm_net_actor.cpp:66] actor 106652772597764 switch to &CopyCommNetActor::HandlerNormal
I1222 14:32:09.691213 81308 thread.cpp:99] Thread 50856005 construct Actor kCopyCommNet 106652772597764
I1222 14:32:09.691123 81305 thread.cpp:99] Thread 51384321 construct Actor kCopyHd 107760731553793
I1222 14:32:09.691123 81300 naive_actor.cpp:25] actor 107760729456646 switch to &NaiveActor::HandlerNormal
I1222 14:32:09.691095 81303 thread.cpp:99] Thread 51384322 construct Actor kCollectiveBoxingGeneric 107760733651009
I1222 14:32:09.691224 81301 naive_actor.cpp:25] actor 106652762112008 switch to &NaiveActor::HandlerNormal
I1222 14:32:09.691795 81303 runtime_context.cpp:29] DecreaseCounter constructing_actor_cnt, current val is 2687
I1222 14:32:09.691670 81305 runtime_context.cpp:29] DecreaseCounter constructing_actor_cnt, current val is 2688
I1222 14:32:09.691699 81300 thread.cpp:99] Thread 51384320 construct Actor kNormalForward 107760729456646
I1222 14:32:09.691641 81308 runtime_context.cpp:29] DecreaseCounter constructing_actor_cnt, current val is 2689
I1222 14:32:09.691803 81301 thread.cpp:99] Thread 50856000 construct Actor kSrcSubsetTick 106652762112008
I1222 14:32:09.691953 81300 runtime_context.cpp:29] DecreaseCounter constructing_actor_cnt, current val is 2686
I1222 14:32:09.691967 81305 naive_actor.cpp:25] actor 107760731553800 switch to &NaiveActor::HandlerNormal
I1222 14:32:09.692035 81301 runtime_context.cpp:29] DecreaseCounter constructing_actor_cnt, current val is 2685
I1222 14:32:09.692071 81305 thread.cpp:99] Thread 51384321 construct Actor kCopyHd 107760731553800
I1222 14:32:09.692078 81308 copy_comm_net_actor.cpp:66] actor 106652772597769 switch to &CopyCommNetActor::HandlerNormal
I1222 14:32:09.692168 81303 naive_actor.cpp:25] actor 107760733651002 switch to &NaiveActor::HandlerNormal
I1222 14:32:09.692154 81305 runtime_context.cpp:29] DecreaseCounter constructing_actor_cnt, current val is 2684
I1222 14:32:09.692191 81308 thread.cpp:99] Thread 50856005 construct Actor kCopyCommNet 106652772597769
I1222 14:32:09.692274 81303 thread.cpp:99] Thread 51384322 construct Actor kCollectiveBoxingGeneric 107760733651002
I1222 14:32:09.692301 81301 naive_actor.cpp:25] actor 106652762112005 switch to &NaiveActor::HandlerNormal
I1222 14:32:09.692443 81303 runtime_context.cpp:29] DecreaseCounter constructing_actor_cnt, current val is 2682
I1222 14:32:09.692375 81305 naive_actor.cpp:25] actor 107760731553794 switch to &NaiveActor::HandlerNormal
I1222 14:32:09.692550 81305 thread.cpp:99] Thread 51384321 construct Actor kCopyHd 107760731553794
I1222 14:32:09.692451 81301 thread.cpp:99] Thread 50856000 construct Actor kTick 106652762112005
I1222 14:32:09.692366 81308 runtime_context.cpp:29] DecreaseCounter constructing_actor_cnt, current val is 2683
I1222 14:32:09.692548 81300 naive_actor.cpp:25] actor 107760729456661 switch to &NaiveActor::HandlerNormal
I1222 14:32:09.692590 81305 runtime_context.cpp:29] DecreaseCounter constructing_actor_cnt, current val is 2681
I1222 14:32:09.692646 81301 runtime_context.cpp:29] DecreaseCounter constructing_actor_cnt, current val is 2680
I1222 14:32:09.692700 81300 thread.cpp:99] Thread 51384320 construct Actor kNormalForward 107760729456661
I1222 14:32:09.692755 81308 copy_comm_net_actor.cpp:66] actor 106652772597768 switch to &CopyCommNetActor::HandlerNormal
I1222 14:32:09.692859 81300 runtime_context.cpp:29] DecreaseCounter constructing_actor_cnt, current val is 2679
I1222 14:32:09.692806 81305 naive_actor.cpp:25] actor 107760731553797 switch to &NaiveActor::HandlerNormal
I1222 14:32:09.692862 81308 thread.cpp:99] Thread 50856005 construct Actor kCopyCommNet 106652772597768
I1222 14:32:09.692785 81303 naive_actor.cpp:25] actor 107760733651024 switch to &NaiveActor::HandlerNormal
I1222 14:32:09.692924 81305 thread.cpp:99] Thread 51384321 construct Actor kCopyHd 107760731553797
I1222 14:32:09.692981 81308 runtime_context.cpp:29] DecreaseCounter constructing_actor_cnt, current val is 2678
I1222 14:32:09.692998 81301 naive_actor.cpp:25] actor 106652762112004 switch to &NaiveActor::HandlerNormal
I1222 14:32:09.693182 81301 thread.cpp:99] Thread 50856000 construct Actor kTick 106652762112004
I1222 14:32:09.693075 81305 runtime_context.cpp:29] DecreaseCounter constructing_actor_cnt, current val is 2677
I1222 14:32:09.693044 81303 thread.cpp:99] Thread 51384322 construct Actor kCollectiveBoxingGeneric 107760733651024
I1222 14:32:09.693193 81308 copy_comm_net_actor.cpp:66] actor 106652772597761 switch to &CopyCommNetActor::HandlerNormal
I1222 14:32:09.693346 81300 naive_actor.cpp:25] actor 107760729456644 switch to &NaiveActor::HandlerNormal
I1222 14:32:09.693594 81301 runtime_context.cpp:29] DecreaseCounter constructing_actor_cnt, current val is 2676
I1222 14:32:09.693706 81305 naive_actor.cpp:25] actor 107760731553802 switch to &NaiveActor::HandlerNormal
I1222 14:32:09.693835 81305 thread.cpp:99] Thread 51384321 construct Actor kCopyHd 107760731553802
I1222 14:32:09.693724 81308 thread.cpp:99] Thread 50856005 construct Actor kCopyCommNet 106652772597761
I1222 14:32:09.693765 81300 thread.cpp:99] Thread 51384320 construct Actor kNormalForward 107760729456644
I1222 14:32:09.693707 81303 runtime_context.cpp:29] DecreaseCounter constructing_actor_cnt, current val is 2675
I1222 14:32:09.693872 81305 runtime_context.cpp:29] DecreaseCounter constructing_actor_cnt, current val is 2674
I1222 14:32:09.693917 81308 runtime_context.cpp:29] DecreaseCounter constructing_actor_cnt, current val is 2673
I1222 14:32:09.693966 81300 runtime_context.cpp:29] DecreaseCounter constructing_actor_cnt, current val is 2672
I1222 14:32:09.694106 81305 naive_actor.cpp:25] actor 107760731553808 switch to &NaiveActor::HandlerNormal
I1222 14:32:09.694000 81301 naive_actor.cpp:25] actor 106652762112007 switch to &NaiveActor::HandlerNormal
I1222 14:32:09.694144 81305 thread.cpp:99] Thread 51384321 construct Actor kCopyHd 107760731553808
I1222 14:32:09.694185 81301 thread.cpp:99] Thread 50856000 construct Actor kDstSubsetTick 106652762112007
I1222 14:32:09.694195 81308 copy_comm_net_actor.cpp:66] actor 106652772597766 switch to &CopyCommNetActor::HandlerNormal
I1222 14:32:09.694229 81305 runtime_context.cpp:29] DecreaseCounter constructing_actor_cnt, current val is 2671
I1222 14:32:09.694267 81303 naive_actor.cpp:25] actor 107760733650946 switch to &NaiveActor::HandlerNormal
I1222 14:32:09.694402 81305 naive_actor.cpp:25] actor 107760731553792 switch to &NaiveActor::HandlerNormal
I1222 14:32:09.694435 81305 thread.cpp:99] Thread 51384321 construct Actor kCopyHd 107760731553792
I1222 14:32:09.694283 81301 runtime_context.cpp:29] DecreaseCounter constructing_actor_cnt, current val is 2670
I1222 14:32:09.694411 81303 thread.cpp:99] Thread 51384322 construct Actor kCollectiveBoxingGeneric 107760733650946
I1222 14:32:09.694298 81308 thread.cpp:99] Thread 50856005 construct Actor kCopyCommNet 106652772597766
I1222 14:32:09.694469 81305 runtime_context.cpp:29] DecreaseCounter constructing_actor_cnt, current val is 2669
I1222 14:32:09.694550 81300 naive_actor.cpp:25] actor 107760729456643 switch to &NaiveActor::HandlerNormal
I1222 14:32:09.694617 81303 runtime_context.cpp:29] DecreaseCounter constructing_actor_cnt, current val is 2668
I1222 14:32:09.694631 81308 runtime_context.cpp:29] DecreaseCounter constructing_actor_cnt, current val is 2667
I1222 14:32:09.694672 81301 naive_actor.cpp:25] actor 106652762112001 switch to &NaiveActor::HandlerNormal
I1222 14:32:09.694689 81300 thread.cpp:99] Thread 51384320 construct Actor kNormalForward 107760729456643
I1222 14:32:09.694720 81305 naive_actor.cpp:25] actor 107760731553803 switch to &NaiveActor::HandlerNormal
I1222 14:32:09.694835 81301 thread.cpp:99] Thread 50856000 construct Actor kTick 106652762112001
I1222 14:32:09.694896 81305 thread.cpp:99] Thread 51384321 construct Actor kCopyHd 107760731553803
I1222 14:32:09.694898 81308 copy_comm_net_actor.cpp:66] actor 106652772597765 switch to &CopyCommNetActor::HandlerNormal
I1222 14:32:09.694900 81300 runtime_context.cpp:29] DecreaseCounter constructing_actor_cnt, current val is 2666
I1222 14:32:09.694952 81301 runtime_context.cpp:29] DecreaseCounter constructing_actor_cnt, current val is 2665
I1222 14:32:09.694968 81305 runtime_context.cpp:29] DecreaseCounter constructing_actor_cnt, current val is 2664
I1222 14:32:09.695005 81308 thread.cpp:99] Thread 50856005 construct Actor kCopyCommNet 106652772597765
I1222 14:32:09.695011 81303 naive_actor.cpp:25] actor 107760733651055 switch to &NaiveActor::HandlerNormal
I1222 14:32:09.695219 81300 naive_actor.cpp:25] actor 107760729456731 switch to &NaiveActor::HandlerNormal
I1222 14:32:09.695363 81301 naive_actor.cpp:25] actor 106652762112002 switch to &NaiveActor::HandlerNormal
I1222 14:32:09.695667 81308 runtime_context.cpp:29] DecreaseCounter constructing_actor_cnt, current val is 2663
I1222 14:32:09.695696 81305 naive_actor.cpp:25] actor 107760731553799 switch to &NaiveActor::HandlerNormal
I1222 14:32:09.695886 81305 thread.cpp:99] Thread 51384321 construct Actor kCopyHd 107760731553799
I1222 14:32:09.695771 81300 thread.cpp:99] Thread 51384320 construct Actor kNormalForward 107760729456731
I1222 14:32:09.695814 81301 thread.cpp:99] Thread 50856000 construct Actor kDstSubsetTick 106652762112002
I1222 14:32:09.695739 81303 thread.cpp:99] Thread 51384322 construct Actor kCollectiveBoxingGeneric 107760733651055
I1222 14:32:09.695924 81305 runtime_context.cpp:29] DecreaseCounter constructing_actor_cnt, current val is 2662
I1222 14:32:09.695946 81308 copy_comm_net_actor.cpp:66] actor 106652772597770 switch to &CopyCommNetActor::HandlerNormal
I1222 14:32:09.695958 81300 runtime_context.cpp:29] DecreaseCounter constructing_actor_cnt, current val is 2661
I1222 14:32:09.696130 81305 naive_actor.cpp:25] actor 107760731553801 switch to &NaiveActor::HandlerNormal
I1222 14:32:09.696161 81305 thread.cpp:99] Thread 51384321 construct Actor kCopyHd 107760731553801
I1222 14:32:09.696102 81308 thread.cpp:99] Thread 50856005 construct Actor kCopyCommNet 106652772597770
I1222 14:32:09.695995 81301 runtime_context.cpp:29] DecreaseCounter constructing_actor_cnt, current val is 2660
I1222 14:32:09.696064 81303 runtime_context.cpp:29] DecreaseCounter constructing_actor_cnt, current val is 2659
I1222 14:32:09.696195 81305 runtime_context.cpp:29] DecreaseCounter constructing_actor_cnt, current val is 2658
I1222 14:32:09.696245 81308 runtime_context.cpp:29] DecreaseCounter constructing_actor_cnt, current val is 2657
I1222 14:32:09.696440 81305 naive_actor.cpp:25] actor 107760731553807 switch to &NaiveActor::HandlerNormal
I1222 14:32:09.696482 81305 thread.cpp:99] Thread 51384321 construct Actor kCopyHd 107760731553807
I1222 14:32:09.696512 81308 copy_comm_net_actor.cpp:66] actor 106652772597772 switch to &CopyCommNetActor::HandlerNormal
I1222 14:32:09.696485 81301 naive_actor.cpp:25] actor 106652762112009 switch to &NaiveActor::HandlerNormal
I1222 14:32:09.696525 81305 runtime_context.cpp:29] DecreaseCounter constructing_actor_cnt, current val is 2656
I1222 14:32:09.696560 81308 thread.cpp:99] Thread 50856005 construct Actor kCopyCommNet 106652772597772
I1222 14:32:09.696597 81301 thread.cpp:99] Thread 50856000 construct Actor kDstSubsetTick 106652762112009
I1222 14:32:09.696698 81305 naive_actor.cpp:25] actor 107760731553804 switch to &NaiveActor::HandlerNormal
I1222 14:32:09.696650 81300 naive_actor.cpp:25] actor 107760729456678 switch to &NaiveActor::HandlerNormal
I1222 14:32:09.696686 81308 runtime_context.cpp:29] DecreaseCounter constructing_actor_cnt, current val is 2655
I1222 14:32:09.696597 81303 naive_actor.cpp:25] actor 107760733651086 switch to &NaiveActor::HandlerNormal
I1222 14:32:09.696717 81301 runtime_context.cpp:29] DecreaseCounter constructing_actor_cnt, current val is 2654
I1222 14:32:09.696732 81305 thread.cpp:99] Thread 51384321 construct Actor kCopyHd 107760731553804
I1222 14:32:09.696768 81300 thread.cpp:99] Thread 51384320 construct Actor kNormalForward 107760729456678
I1222 14:32:09.696892 81303 thread.cpp:99] Thread 51384322 construct Actor kCollectiveBoxingGeneric 107760733651086
I1222 14:32:09.696907 81308 copy_comm_net_actor.cpp:66] actor 106652772597767 switch to &CopyCommNetActor::HandlerNormal
I1222 14:32:09.696960 81305 runtime_context.cpp:29] DecreaseCounter constructing_actor_cnt, current val is 2653
I1222 14:32:09.697005 81300 runtime_context.cpp:29] DecreaseCounter constructing_actor_cnt, current val is 2652
I1222 14:32:09.697065 81303 runtime_context.cpp:29] DecreaseCounter constructing_actor_cnt, current val is 2651
I1222 14:32:09.697080 81308 thread.cpp:99] Thread 50856005 construct Actor kCopyCommNet 106652772597767
I1222 14:32:09.697234 81305 naive_actor.cpp:25] actor 107760731553806 switch to &NaiveActor::HandlerNormal
I1222 14:32:09.697880 81305 thread.cpp:99] Thread 51384321 construct Actor kCopyHd 107760731553806
I1222 14:32:09.697856 81308 runtime_context.cpp:29] DecreaseCounter constructing_actor_cnt, current val is 2650
I1222 14:32:09.697917 81305 runtime_context.cpp:29] DecreaseCounter constructing_actor_cnt, current val is 2649
I1222 14:32:09.698052 81308 copy_comm_net_actor.cpp:66] actor 106652772597776 switch to &CopyCommNetActor::HandlerNormal
I1222 14:32:09.698058 81305 naive_actor.cpp:25] actor 107760731553805 switch to &NaiveActor::HandlerNormal
I1222 14:32:09.698140 81305 thread.cpp:99] Thread 51384321 construct Actor kCopyHd 107760731553805
I1222 14:32:09.698107 81308 thread.cpp:99] Thread 50856005 construct Actor kCopyCommNet 106652772597776
I1222 14:32:09.698117 81300 naive_actor.cpp:25] actor 107760729456640 switch to &NaiveActor::HandlerNormal
I1222 14:32:09.698056 81303 naive_actor.cpp:25] actor 107760733650973 switch to &NaiveActor::HandlerNormal
I1222 14:32:09.698173 81305 runtime_context.cpp:29] DecreaseCounter constructing_actor_cnt, current val is 2648
I1222 14:32:09.698218 81308 runtime_context.cpp:29] DecreaseCounter constructing_actor_cnt, current val is 2647
I1222 14:32:09.698246 81300 thread.cpp:99] Thread 51384320 construct Actor kNormalForward 107760729456640
I1222 14:32:09.698320 81303 thread.cpp:99] Thread 51384322 construct Actor kCollectiveBoxingGeneric 107760733650973
I1222 14:32:09.698449 81300 runtime_context.cpp:29] DecreaseCounter constructing_actor_cnt, current val is 2646
I1222 14:32:09.698487 81308 copy_comm_net_actor.cpp:66] actor 106652772597760 switch to &CopyCommNetActor::HandlerNormal
I1222 14:32:09.698557 81308 thread.cpp:99] Thread 50856005 construct Actor kCopyCommNet 106652772597760
I1222 14:32:09.698519 81303 runtime_context.cpp:29] DecreaseCounter constructing_actor_cnt, current val is 2645
I1222 14:32:09.698614 81308 runtime_context.cpp:29] DecreaseCounter constructing_actor_cnt, current val is 2644
I1222 14:32:09.698798 81308 copy_comm_net_actor.cpp:66] actor 106652772597774 switch to &CopyCommNetActor::HandlerNormal
I1222 14:32:09.698856 81308 thread.cpp:99] Thread 50856005 construct Actor kCopyCommNet 106652772597774
I1222 14:32:09.698910 81308 runtime_context.cpp:29] DecreaseCounter constructing_actor_cnt, current val is 2643
I1222 14:32:09.698956 81300 naive_actor.cpp:25] actor 107760729456647 switch to &NaiveActor::HandlerNormal
I1222 14:32:09.698931 81303 naive_actor.cpp:25] actor 107760733650999 switch to &NaiveActor::HandlerNormal
I1222 14:32:09.699002 81300 thread.cpp:99] Thread 51384320 construct Actor kNormalForward 107760729456647
I1222 14:32:09.699052 81308 copy_comm_net_actor.cpp:66] actor 106652772597780 switch to &CopyCommNetActor::HandlerNormal
I1222 14:32:09.699151 81308 thread.cpp:99] Thread 50856005 construct Actor kCopyCommNet 106652772597780
I1222 14:32:09.699133 81300 runtime_context.cpp:29] DecreaseCounter constructing_actor_cnt, current val is 2642
I1222 14:32:09.699084 81303 thread.cpp:99] Thread 51384322 construct Actor kCollectiveBoxingGeneric 107760733650999
I1222 14:32:09.699198 81308 runtime_context.cpp:29] DecreaseCounter constructing_actor_cnt, current val is 2641
I1222 14:32:09.699309 81303 runtime_context.cpp:29] DecreaseCounter constructing_actor_cnt, current val is 2640
I1222 14:32:09.699400 81300 naive_actor.cpp:25] actor 107760729456675 switch to &NaiveActor::HandlerNormal
I1222 14:32:09.699409 81308 copy_comm_net_actor.cpp:66] actor 106652772597781 switch to &CopyCommNetActor::HandlerNormal
I1222 14:32:09.699445 81300 thread.cpp:99] Thread 51384320 construct Actor kNormalForward 107760729456675
I1222 14:32:09.699491 81308 thread.cpp:99] Thread 50856005 construct Actor kCopyCommNet 106652772597781
I1222 14:32:09.699589 81300 runtime_context.cpp:29] DecreaseCounter constructing_actor_cnt, current val is 2639
I1222 14:32:09.699631 81303 naive_actor.cpp:25] actor 107760733650950 switch to &NaiveActor::HandlerNormal
I1222 14:32:09.700053 81308 runtime_context.cpp:29] DecreaseCounter constructing_actor_cnt, current val is 2638
I1222 14:32:09.700151 81303 thread.cpp:99] Thread 51384322 construct Actor kCollectiveBoxingGeneric 107760733650950
I1222 14:32:09.700300 81308 copy_comm_net_actor.cpp:66] actor 106652772597775 switch to &CopyCommNetActor::HandlerNormal
I1222 14:32:09.700352 81308 thread.cpp:99] Thread 50856005 construct Actor kCopyCommNet 106652772597775
I1222 14:32:09.700299 81303 runtime_context.cpp:29] DecreaseCounter constructing_actor_cnt, current val is 2637
I1222 14:32:09.700408 81308 runtime_context.cpp:29] DecreaseCounter constructing_actor_cnt, current val is 2636
I1222 14:32:09.700552 81300 naive_actor.cpp:25] actor 107760729456707 switch to &NaiveActor::HandlerNormal
I1222 14:32:09.700601 81308 copy_comm_net_actor.cpp:66] actor 106652772597777 switch to &CopyCommNetActor::HandlerNormal
I1222 14:32:09.700603 81300 thread.cpp:99] Thread 51384320 construct Actor kNormalForward 107760729456707
I1222 14:32:09.700647 81308 thread.cpp:99] Thread 50856005 construct Actor kCopyCommNet 106652772597777
I1222 14:32:09.700702 81300 runtime_context.cpp:29] DecreaseCounter constructing_actor_cnt, current val is 2635
I1222 14:32:09.700726 81303 naive_actor.cpp:25] actor 107760733651133 switch to &NaiveActor::HandlerNormal
I1222 14:32:09.700727 81308 runtime_context.cpp:29] DecreaseCounter constructing_actor_cnt, current val is 2634
I1222 14:32:09.700825 81303 thread.cpp:99] Thread 51384322 construct Actor kCollectiveBoxingGeneric 107760733651133
I1222 14:32:09.700960 81308 copy_comm_net_actor.cpp:66] actor 106652772597773 switch to &CopyCommNetActor::HandlerNormal
I1222 14:32:09.701009 81308 thread.cpp:99] Thread 50856005 construct Actor kCopyCommNet 106652772597773
I1222 14:32:09.700964 81303 runtime_context.cpp:29] DecreaseCounter constructing_actor_cnt, current val is 2633
I1222 14:32:09.701066 81308 runtime_context.cpp:29] DecreaseCounter constructing_actor_cnt, current val is 2632
I1222 14:32:09.701208 81300 naive_actor.cpp:25] actor 107760729456763 switch to &NaiveActor::HandlerNormal
I1222 14:32:09.701231 81308 copy_comm_net_actor.cpp:66] actor 106652772597779 switch to &CopyCommNetActor::HandlerNormal
I1222 14:32:09.701261 81300 thread.cpp:99] Thread 51384320 construct Actor kNormalForward 107760729456763
I1222 14:32:09.701305 81308 thread.cpp:99] Thread 50856005 construct Actor kCopyCommNet 106652772597779
I1222 14:32:09.701359 81300 runtime_context.cpp:29] DecreaseCounter constructing_actor_cnt, current val is 2631
I1222 14:32:09.701357 81303 naive_actor.cpp:25] actor 107760733651145 switch to &NaiveActor::HandlerNormal
I1222 14:32:09.701398 81308 runtime_context.cpp:29] DecreaseCounter constructing_actor_cnt, current val is 2630
I1222 14:32:09.701494 81303 thread.cpp:99] Thread 51384322 construct Actor kCollectiveBoxingGeneric 107760733651145
I1222 14:32:09.701604 81300 naive_actor.cpp:25] actor 107760729456710 switch to &NaiveActor::HandlerNormal
I1222 14:32:09.701632 81308 copy_comm_net_actor.cpp:66] actor 106652772597778 switch to &CopyCommNetActor::HandlerNormal
I1222 14:32:09.701639 81300 thread.cpp:99] Thread 51384320 construct Actor kNormalForward 107760729456710
I1222 14:32:09.701640 81303 runtime_context.cpp:29] DecreaseCounter constructing_actor_cnt, current val is 2629
I1222 14:32:09.701678 81308 thread.cpp:99] Thread 50856005 construct Actor kCopyCommNet 106652772597778
I1222 14:32:09.701730 81300 runtime_context.cpp:29] DecreaseCounter constructing_actor_cnt, current val is 2628
I1222 14:32:09.701823 81308 runtime_context.cpp:29] DecreaseCounter constructing_actor_cnt, current val is 2627
I1222 14:32:09.702009 81303 naive_actor.cpp:25] actor 107760733650962 switch to &NaiveActor::HandlerNormal
I1222 14:32:09.702195 81303 thread.cpp:99] Thread 51384322 construct Actor kCollectiveBoxingGeneric 107760733650962
I1222 14:32:09.702320 81300 naive_actor.cpp:25] actor 107760729456672 switch to &NaiveActor::HandlerNormal
I1222 14:32:09.702873 81300 thread.cpp:99] Thread 51384320 construct Actor kNormalForward 107760729456672
I1222 14:32:09.702878 81303 runtime_context.cpp:29] DecreaseCounter constructing_actor_cnt, current val is 2626
I1222 14:32:09.702927 81300 runtime_context.cpp:29] DecreaseCounter constructing_actor_cnt, current val is 2625
I1222 14:32:09.703214 81303 naive_actor.cpp:25] actor 107760733650975 switch to &NaiveActor::HandlerNormal
I1222 14:32:09.703297 81303 thread.cpp:99] Thread 51384322 construct Actor kCollectiveBoxingGeneric 107760733650975
I1222 14:32:09.703393 81303 runtime_context.cpp:29] DecreaseCounter constructing_actor_cnt, current val is 2624
I1222 14:32:09.703680 81303 naive_actor.cpp:25] actor 107760733650969 switch to &NaiveActor::HandlerNormal
I1222 14:32:09.703754 81300 naive_actor.cpp:25] actor 107760729456693 switch to &NaiveActor::HandlerNormal
I1222 14:32:09.703799 81300 thread.cpp:99] Thread 51384320 construct Actor kNormalForward 107760729456693
I1222 14:32:09.703764 81303 thread.cpp:99] Thread 51384322 construct Actor kCollectiveBoxingGeneric 107760733650969
I1222 14:32:09.703850 81300 runtime_context.cpp:29] DecreaseCounter constructing_actor_cnt, current val is 2623
I1222 14:32:09.703913 81303 runtime_context.cpp:29] DecreaseCounter constructing_actor_cnt, current val is 2622
I1222 14:32:09.704197 81303 naive_actor.cpp:25] actor 107760733651025 switch to &NaiveActor::HandlerNormal
I1222 14:32:09.704278 81303 thread.cpp:99] Thread 51384322 construct Actor kCollectiveBoxingGeneric 107760733651025
I1222 14:32:09.704361 81303 runtime_context.cpp:29] DecreaseCounter constructing_actor_cnt, current val is 2621
I1222 14:32:09.704640 81303 naive_actor.cpp:25] actor 107760733650988 switch to &NaiveActor::HandlerNormal
I1222 14:32:09.704797 81303 thread.cpp:99] Thread 51384322 construct Actor kCollectiveBoxingGeneric 107760733650988
I1222 14:32:09.704880 81303 runtime_context.cpp:29] DecreaseCounter constructing_actor_cnt, current val is 2620
I1222 14:32:09.704989 81300 naive_actor.cpp:25] actor 107760729456679 switch to &NaiveActor::HandlerNormal
I1222 14:32:09.705042 81300 thread.cpp:99] Thread 51384320 construct Actor kNormalForward 107760729456679
I1222 14:32:09.705093 81300 runtime_context.cpp:29] DecreaseCounter constructing_actor_cnt, current val is 2619
I1222 14:32:09.705178 81303 naive_actor.cpp:25] actor 107760733651014 switch to &NaiveActor::HandlerNormal
I1222 14:32:09.705258 81303 thread.cpp:99] Thread 51384322 construct Actor kCollectiveBoxingGeneric 107760733651014
I1222 14:32:09.705346 81303 runtime_context.cpp:29] DecreaseCounter constructing_actor_cnt, current val is 2618
I1222 14:32:09.705587 81300 naive_actor.cpp:25] actor 107760729456676 switch to &NaiveActor::HandlerNormal
I1222 14:32:09.705634 81300 thread.cpp:99] Thread 51384320 construct Actor kNormalForward 107760729456676
I1222 14:32:09.705646 81303 naive_actor.cpp:25] actor 107760733650968 switch to &NaiveActor::HandlerNormal
I1222 14:32:09.705687 81300 runtime_context.cpp:29] DecreaseCounter constructing_actor_cnt, current val is 2617
I1222 14:32:09.705735 81303 thread.cpp:99] Thread 51384322 construct Actor kCollectiveBoxingGeneric 107760733650968
I1222 14:32:09.705849 81303 runtime_context.cpp:29] DecreaseCounter constructing_actor_cnt, current val is 2616
I1222 14:32:09.705935 81300 naive_actor.cpp:25] actor 107760729456654 switch to &NaiveActor::HandlerNormal
I1222 14:32:09.705976 81300 thread.cpp:99] Thread 51384320 construct Actor kNormalForward 107760729456654
I1222 14:32:09.706020 81300 runtime_context.cpp:29] DecreaseCounter constructing_actor_cnt, current val is 2615
I1222 14:32:09.706142 81303 naive_actor.cpp:25] actor 107760733650976 switch to &NaiveActor::HandlerNormal
I1222 14:32:09.706224 81303 thread.cpp:99] Thread 51384322 construct Actor kCollectiveBoxingGeneric 107760733650976
I1222 14:32:09.706395 81303 runtime_context.cpp:29] DecreaseCounter constructing_actor_cnt, current val is 2614
I1222 14:32:09.706439 81300 naive_actor.cpp:25] actor 107760729456670 switch to &NaiveActor::HandlerNormal
I1222 14:32:09.706998 81300 thread.cpp:99] Thread 51384320 construct Actor kNormalForward 107760729456670
I1222 14:32:09.707057 81300 runtime_context.cpp:29] DecreaseCounter constructing_actor_cnt, current val is 2613
I1222 14:32:09.707216 81303 naive_actor.cpp:25] actor 107760733651003 switch to &NaiveActor::HandlerNormal
I1222 14:32:09.707243 81300 naive_actor.cpp:25] actor 107760729456662 switch to &NaiveActor::HandlerNormal
I1222 14:32:09.707335 81300 thread.cpp:99] Thread 51384320 construct Actor kNormalForward 107760729456662
I1222 14:32:09.707304 81303 thread.cpp:99] Thread 51384322 construct Actor kCollectiveBoxingGeneric 107760733651003
I1222 14:32:09.707381 81300 runtime_context.cpp:29] DecreaseCounter constructing_actor_cnt, current val is 2612
I1222 14:32:09.707449 81303 runtime_context.cpp:29] DecreaseCounter constructing_actor_cnt, current val is 2611
I1222 14:32:09.707741 81303 naive_actor.cpp:25] actor 107760733651001 switch to &NaiveActor::HandlerNormal
I1222 14:32:09.707823 81303 thread.cpp:99] Thread 51384322 construct Actor kCollectiveBoxingGeneric 107760733651001
I1222 14:32:09.707875 81300 naive_actor.cpp:25] actor 107760729456694 switch to &NaiveActor::HandlerNormal
I1222 14:32:09.707908 81303 runtime_context.cpp:29] DecreaseCounter constructing_actor_cnt, current val is 2610
I1222 14:32:09.707913 81300 thread.cpp:99] Thread 51384320 construct Actor kNormalForward 107760729456694
I1222 14:32:09.708022 81300 runtime_context.cpp:29] DecreaseCounter constructing_actor_cnt, current val is 2609
I1222 14:32:09.708202 81303 naive_actor.cpp:25] actor 107760733651020 switch to &NaiveActor::HandlerNormal
I1222 14:32:09.708216 81300 naive_actor.cpp:25] actor 107760729456739 switch to &NaiveActor::HandlerNormal
I1222 14:32:09.708319 81300 thread.cpp:99] Thread 51384320 construct Actor kNormalForward 107760729456739
I1222 14:32:09.708287 81303 thread.cpp:99] Thread 51384322 construct Actor kCollectiveBoxingGeneric 107760733651020
I1222 14:32:09.708364 81300 runtime_context.cpp:29] DecreaseCounter constructing_actor_cnt, current val is 2608
I1222 14:32:09.708432 81303 runtime_context.cpp:29] DecreaseCounter constructing_actor_cnt, current val is 2607
I1222 14:32:09.708720 81303 naive_actor.cpp:25] actor 107760733651040 switch to &NaiveActor::HandlerNormal
I1222 14:32:09.708803 81303 thread.cpp:99] Thread 51384322 construct Actor kCollectiveBoxingGeneric 107760733651040
I1222 14:32:09.708813 81300 naive_actor.cpp:25] actor 107760729456641 switch to &NaiveActor::HandlerNormal
I1222 14:32:09.708894 81303 runtime_context.cpp:29] DecreaseCounter constructing_actor_cnt, current val is 2606
I1222 14:32:09.708899 81300 thread.cpp:99] Thread 51384320 construct Actor kNormalForward 107760729456641
I1222 14:32:09.709012 81300 runtime_context.cpp:29] DecreaseCounter constructing_actor_cnt, current val is 2605
I1222 14:32:09.709194 81303 naive_actor.cpp:25] actor 107760733651049 switch to &NaiveActor::HandlerNormal
I1222 14:32:09.709197 81300 naive_actor.cpp:25] actor 107760729456795 switch to &NaiveActor::HandlerNormal
I1222 14:32:09.709316 81300 thread.cpp:99] Thread 51384320 construct Actor kNormalForward 107760729456795
I1222 14:32:09.709286 81303 thread.cpp:99] Thread 51384322 construct Actor kCollectiveBoxingGeneric 107760733651049
I1222 14:32:09.709362 81300 runtime_context.cpp:29] DecreaseCounter constructing_actor_cnt, current val is 2604
I1222 14:32:09.709431 81303 runtime_context.cpp:29] DecreaseCounter constructing_actor_cnt, current val is 2603
I1222 14:32:09.709722 81303 naive_actor.cpp:25] actor 107760733650995 switch to &NaiveActor::HandlerNormal
I1222 14:32:09.709805 81303 thread.cpp:99] Thread 51384322 construct Actor kCollectiveBoxingGeneric 107760733650995
I1222 14:32:09.709842 81300 naive_actor.cpp:25] actor 107760729456742 switch to &NaiveActor::HandlerNormal
I1222 14:32:09.709899 81303 runtime_context.cpp:29] DecreaseCounter constructing_actor_cnt, current val is 2602
I1222 14:32:09.709941 81300 thread.cpp:99] Thread 51384320 construct Actor kNormalForward 107760729456742
I1222 14:32:09.710516 81300 runtime_context.cpp:29] DecreaseCounter constructing_actor_cnt, current val is 2601
I1222 14:32:09.710678 81303 naive_actor.cpp:25] actor 107760733650963 switch to &NaiveActor::HandlerNormal
I1222 14:32:09.710716 81300 naive_actor.cpp:25] actor 107760729456656 switch to &NaiveActor::HandlerNormal
I1222 14:32:09.710805 81300 thread.cpp:99] Thread 51384320 construct Actor kNormalForward 107760729456656
I1222 14:32:09.710775 81303 thread.cpp:99] Thread 51384322 construct Actor kCollectiveBoxingGeneric 107760733650963
I1222 14:32:09.710851 81300 runtime_context.cpp:29] DecreaseCounter constructing_actor_cnt, current val is 2600
I1222 14:32:09.710918 81303 runtime_context.cpp:29] DecreaseCounter constructing_actor_cnt, current val is 2599
I1222 14:32:09.711197 81303 naive_actor.cpp:25] actor 107760733650952 switch to &NaiveActor::HandlerNormal
I1222 14:32:09.711280 81303 thread.cpp:99] Thread 51384322 construct Actor kCollectiveBoxingGeneric 107760733650952
I1222 14:32:09.711320 81300 naive_actor.cpp:25] actor 107760729456665 switch to &NaiveActor::HandlerNormal
I1222 14:32:09.711375 81303 runtime_context.cpp:29] DecreaseCounter constructing_actor_cnt, current val is 2598
I1222 14:32:09.711381 81300 thread.cpp:99] Thread 51384320 construct Actor kNormalForward 107760729456665
I1222 14:32:09.711484 81300 runtime_context.cpp:29] DecreaseCounter constructing_actor_cnt, current val is 2597
I1222 14:32:09.711685 81300 naive_actor.cpp:25] actor 107760729456704 switch to &NaiveActor::HandlerNormal
I1222 14:32:09.711731 81300 thread.cpp:99] Thread 51384320 construct Actor kNormalForward 107760729456704
I1222 14:32:09.711678 81303 naive_actor.cpp:25] actor 107760733650989 switch to &NaiveActor::HandlerNormal
I1222 14:32:09.711777 81300 runtime_context.cpp:29] DecreaseCounter constructing_actor_cnt, current val is 2596
I1222 14:32:09.711830 81303 thread.cpp:99] Thread 51384322 construct Actor kCollectiveBoxingGeneric 107760733650989
I1222 14:32:09.711959 81303 runtime_context.cpp:29] DecreaseCounter constructing_actor_cnt, current val is 2595
I1222 14:32:09.712010 81300 naive_actor.cpp:25] actor 107760729456725 switch to &NaiveActor::HandlerNormal
I1222 14:32:09.712060 81300 thread.cpp:99] Thread 51384320 construct Actor kNormalForward 107760729456725
I1222 14:32:09.712110 81300 runtime_context.cpp:29] DecreaseCounter constructing_actor_cnt, current val is 2594
I1222 14:32:09.712255 81303 naive_actor.cpp:25] actor 107760733650961 switch to &NaiveActor::HandlerNormal
I1222 14:32:09.712337 81303 thread.cpp:99] Thread 51384322 construct Actor kCollectiveBoxingGeneric 107760733650961
I1222 14:32:09.712427 81303 runtime_context.cpp:29] DecreaseCounter constructing_actor_cnt, current val is 2593
I1222 14:32:09.712594 81300 naive_actor.cpp:25] actor 107760729456711 switch to &NaiveActor::HandlerNormal
I1222 14:32:09.712636 81300 thread.cpp:99] Thread 51384320 construct Actor kNormalForward 107760729456711
I1222 14:32:09.712687 81300 runtime_context.cpp:29] DecreaseCounter constructing_actor_cnt, current val is 2592
I1222 14:32:09.712729 81303 naive_actor.cpp:25] actor 107760733651023 switch to &NaiveActor::HandlerNormal
I1222 14:32:09.712811 81303 thread.cpp:99] Thread 51384322 construct Actor kCollectiveBoxingGeneric 107760733651023
I1222 14:32:09.712903 81303 runtime_context.cpp:29] DecreaseCounter constructing_actor_cnt, current val is 2591
I1222 14:32:09.712903 81300 naive_actor.cpp:25] actor 107760729456686 switch to &NaiveActor::HandlerNormal
I1222 14:32:09.713011 81300 thread.cpp:99] Thread 51384320 construct Actor kNormalForward 107760729456686
I1222 14:32:09.713055 81300 runtime_context.cpp:29] DecreaseCounter constructing_actor_cnt, current val is 2590
I1222 14:32:09.713213 81303 naive_actor.cpp:25] actor 107760733650958 switch to &NaiveActor::HandlerNormal
I1222 14:32:09.713347 81303 thread.cpp:99] Thread 51384322 construct Actor kCollectiveBoxingGeneric 107760733650958
I1222 14:32:09.713471 81303 runtime_context.cpp:29] DecreaseCounter constructing_actor_cnt, current val is 2589
I1222 14:32:09.713497 81300 naive_actor.cpp:25] actor 107760729456702 switch to &NaiveActor::HandlerNormal
I1222 14:32:09.713587 81300 thread.cpp:99] Thread 51384320 construct Actor kNormalForward 107760729456702
I1222 14:32:09.713641 81300 runtime_context.cpp:29] DecreaseCounter constructing_actor_cnt, current val is 2588
I1222 14:32:09.713800 81303 naive_actor.cpp:25] actor 107760733651050 switch to &NaiveActor::HandlerNormal
I1222 14:32:09.713831 81300 naive_actor.cpp:25] actor 107760729456734 switch to &NaiveActor::HandlerNormal
