 from [base_model.m_stage0.embeddings.LayerNorm-layer_norm_24] (stage_id:0) -> [base_model.m_stage0.embeddings.LayerNorm-layer_norm_24_param_grad] (stage_id:0) 
I1222 14:08:52.879966 78404 pipeline_buffer_pass.cpp:117] 
 Insert buffer op : [System-Pipeline-Buffer-Op_-base_model.m_stage0.embeddings-broadcast_add_23-z_0-stage_id_0](buffer_size:4) 
 from [base_model.m_stage0.embeddings-broadcast_add_23] (stage_id:0) -> [base_model.m_stage0.embeddings.LayerNorm-layer_norm_24_grad] (stage_id:0) 
I1222 14:08:52.880018 78404 pipeline_buffer_pass.cpp:117] 
 Insert buffer op : [System-Pipeline-Buffer-Op_-base_model.m_stage0.embeddings.LayerNorm-layer_norm_24-mean_0-stage_id_0](buffer_size:4) 
 from [base_model.m_stage0.embeddings.LayerNorm-layer_norm_24] (stage_id:0) -> [base_model.m_stage0.embeddings.LayerNorm-layer_norm_24_grad] (stage_id:0) 
I1222 14:08:52.880065 78404 pipeline_buffer_pass.cpp:117] 
 Insert buffer op : [System-Pipeline-Buffer-Op_-base_model.m_stage0.embeddings.LayerNorm-layer_norm_24-inv_variance_0-stage_id_0](buffer_size:4) 
 from [base_model.m_stage0.embeddings.LayerNorm-layer_norm_24] (stage_id:0) -> [base_model.m_stage0.embeddings.LayerNorm-layer_norm_24_grad] (stage_id:0) 
I1222 14:08:52.880116 78404 pipeline_buffer_pass.cpp:117] 
 Insert buffer op : [System-Pipeline-Buffer-Op_-base_model.m_stage0.embeddings.position_embeddings-gather_20-out_0-stage_id_0](buffer_size:4) 
 from [base_model.m_stage0.embeddings.position_embeddings-gather_20] (stage_id:0) -> [base_model.m_stage0.embeddings-broadcast_add_23_y_grad_reduce_sum_like] (stage_id:0) 
I1222 14:08:52.880173 78404 pipeline_buffer_pass.cpp:117] 
 Insert buffer op : [System-Pipeline-Buffer-Op_-base_model.m_stage0.embeddings-slice_19-y_0-stage_id_0](buffer_size:4) 
 from [base_model.m_stage0.embeddings-slice_19] (stage_id:0) -> [base_model.m_stage0.embeddings.position_embeddings-gather_20_grad] (stage_id:0) 
I1222 14:08:52.880262 78404 pipeline_buffer_pass.cpp:117] 
 Insert buffer op : [System-Pipeline-Buffer-Op_-base_model-identity_15-out_0-stage_id_0](buffer_size:4) 
 from [base_model-identity_15] (stage_id:0) -> [base_model.m_stage0.embeddings.word_embeddings-gather_18_grad] (stage_id:0) 
I1222 14:08:52.880741 78404 pipeline_buffer_pass.cpp:117] 
 Insert buffer op : [System-Pipeline-Buffer-Op_-base_model-identity_16-out_0-stage_id_0](buffer_size:4) 
 from [base_model-identity_16] (stage_id:0) -> [base_model.m_stage0.embeddings.token_type_embeddings-gather_21_grad] (stage_id:0) 
I1222 14:08:52.881000 78404 pipeline_buffer_pass.cpp:117] 
 Insert buffer op : [System-Pipeline-Buffer-Op_-_train_data_loader-hierarchical_parallel_cast_8-out_0-stage_id_0](buffer_size:4) 
 from [_train_data_loader-hierarchical_parallel_cast_8] (stage_id:0) -> [base_model-identity_15] (stage_id:0) 
I1222 14:08:52.881062 78404 pipeline_buffer_pass.cpp:117] 
 Insert buffer op : [System-Pipeline-Buffer-Op_-_train_data_loader-hierarchical_parallel_cast_11-out_0-stage_id_0](buffer_size:4) 
 from [_train_data_loader-hierarchical_parallel_cast_11] (stage_id:0) -> [base_model-identity_16] (stage_id:0) 
I1222 14:08:52.881114 78404 pipeline_buffer_pass.cpp:117] 
 Insert buffer op : [System-Pipeline-Buffer-Op_-_train_data_loader-hierarchical_parallel_cast_10-out_0-stage_id_0](buffer_size:4) 
 from [_train_data_loader-hierarchical_parallel_cast_10] (stage_id:0) -> [base_model-identity_17] (stage_id:0) 
I1222 14:08:52.881443 78404 pipeline_buffer_pass.cpp:212] 
 Insert buffer op pair : src_buffer = <System-Pipeline-Buffer-Op_-base_model-identity_236-out_0>(buffer_size:1) , dst_buffer = <System-Pipeline-Buffer-Op_-base_model-identity_236-out_0-stage_id_1>(buffer_size:1) 
 from [base_model-identity_236] (stage_id:0) -> [base_model-identity_237] (stage_id:1) 
I1222 14:08:52.881520 78404 pipeline_buffer_pass.cpp:117] 
 Insert buffer op : [System-Pipeline-Buffer-Op_-_train_data_loader-hierarchical_parallel_cast_10-out_0-stage_id_1](buffer_size:4) 
 from [_train_data_loader-hierarchical_parallel_cast_10] (stage_id:0) -> [base_model-identity_238] (stage_id:1) 
I1222 14:08:52.881814 78404 pipeline_buffer_pass.cpp:117] 
 Insert buffer op : [System-Pipeline-Buffer-Op_-_train_data_loader-hierarchical_parallel_cast_9-out_0-stage_id_1](buffer_size:4) 
 from [_train_data_loader-hierarchical_parallel_cast_9] (stage_id:0) -> [reshape_464] (stage_id:1) 
I1222 14:08:52.881875 78404 pipeline_buffer_pass.cpp:117] 
 Insert buffer op : [System-Pipeline-Buffer-Op_-_train_data_loader-hierarchical_parallel_cast_13-out_0-stage_id_1](buffer_size:4) 
 from [_train_data_loader-hierarchical_parallel_cast_13] (stage_id:0) -> [expand_dims_472] (stage_id:1) 
I1222 14:08:52.881937 78404 pipeline_buffer_pass.cpp:117] 
 Insert buffer op : [System-Pipeline-Buffer-Op_-_train_data_loader-hierarchical_parallel_cast_12-out_0-stage_id_1](buffer_size:4) 
 from [_train_data_loader-hierarchical_parallel_cast_12] (stage_id:0) -> [reshape_476] (stage_id:1) 
I1222 14:08:52.881992 78404 pipeline_buffer_pass.cpp:117] 
 Insert buffer op : [System-Pipeline-Buffer-Op_-_train_data_loader-hierarchical_parallel_cast_14-out_0-stage_id_1](buffer_size:4) 
 from [_train_data_loader-hierarchical_parallel_cast_14] (stage_id:0) -> [multiply_483] (stage_id:1) 
I1222 14:08:52.882652 78404 pipeline_buffer_pass.cpp:212] 
 Insert buffer op pair : src_buffer = <System-Pipeline-Buffer-Op_-base_model-identity_237_grad-out_0>(buffer_size:1) , dst_buffer = <System-Pipeline-Buffer-Op_-base_model-identity_237_grad-out_0-stage_id_0>(buffer_size:1) 
 from [base_model-identity_237_grad] (stage_id:1) -> [base_model-identity_236_grad] (stage_id:0) 
I1222 14:08:53.366117 78404 global.h:43] DeleteGlobal N7oneflow7JobDescE
I1222 14:08:53.928622 78404 global.h:36] NewGlobal N7oneflow7JobDescE
I1222 14:09:03.042409 78404 runtime_context.cpp:21] NewCounter constructing_actor_cnt 1710
I1222 14:09:03.043646 78746 wait_and_send_ids_actor.cpp:53] actor 71468392120320 switch to &WaitAndSendIdsActor::HandlerWaitToStart
I1222 14:09:03.043797 78746 thread.cpp:99] Thread 34078785 construct Actor kWaitAndSendIds 71468392120320
I1222 14:09:03.044257 78746 runtime_context.cpp:29] DecreaseCounter constructing_actor_cnt, current val is 1709
I1222 14:09:03.044756 78730 naive_actor.cpp:25] actor 72567767434764 switch to &NaiveActor::HandlerNormal
I1222 14:09:03.044816 78730 thread.cpp:99] Thread 34603008 construct Actor kDeviceTick 72567767434764
I1222 14:09:03.044888 78730 runtime_context.cpp:29] DecreaseCounter constructing_actor_cnt, current val is 1708
I1222 14:09:03.082314 78742 naive_actor.cpp:25] actor 72567773724676 switch to &NaiveActor::HandlerNormal
I1222 14:09:03.082386 78735 naive_actor.cpp:25] actor 71468264194048 switch to &NaiveActor::HandlerNormal
I1222 14:09:03.082523 78730 naive_actor.cpp:25] actor 72567767433218 switch to &NaiveActor::HandlerNormal
I1222 14:09:03.082463 78742 thread.cpp:99] Thread 34603011 construct Actor kCopyHd 72567773724676
I1222 14:09:03.082693 78748 naive_actor.cpp:25] actor 72567771627520 switch to &NaiveActor::HandlerNormal
I1222 14:09:03.082520 78736 naive_actor.cpp:25] actor 71468259999744 switch to &NaiveActor::HandlerNormal
I1222 14:09:03.082546 78732 naive_actor.cpp:25] actor 71468266291200 switch to &NaiveActor::HandlerNormal
I1222 14:09:03.082549 78735 thread.cpp:99] Thread 34078724 construct Actor kNormalForward 71468264194048
I1222 14:09:03.082438 78734 naive_actor.cpp:25] actor 71468257902592 switch to &NaiveActor::HandlerNormal
I1222 14:09:03.082649 78730 thread.cpp:99] Thread 34603008 construct Actor kNormalForward 72567767433218
I1222 14:09:03.082666 78745 copy_comm_net_actor.cpp:66] actor 71468400508928 switch to &CopyCommNetActor::HandlerNormal
I1222 14:09:03.083212 78730 runtime_context.cpp:29] DecreaseCounter constructing_actor_cnt, current val is 1705
I1222 14:09:03.082480 78737 naive_actor.cpp:25] actor 71468262096896 switch to &NaiveActor::HandlerNormal
I1222 14:09:03.082728 78744 sink_actor.cpp:21] actor 71468394217472 switch to &SinkActor::HandlerNormal
I1222 14:09:03.082758 78742 runtime_context.cpp:29] DecreaseCounter constructing_actor_cnt, current val is 1707
I1222 14:09:03.082773 78739 naive_actor.cpp:25] actor 72567769530381 switch to &NaiveActor::HandlerNormal
I1222 14:09:03.082839 78748 thread.cpp:99] Thread 34603010 construct Actor kCopyHd 72567771627520
I1222 14:09:03.082873 78733 naive_actor.cpp:25] actor 71468255805440 switch to &NaiveActor::HandlerNormal
I1222 14:09:03.082903 78736 thread.cpp:99] Thread 34078722 construct Actor kNormalForward 71468259999744
I1222 14:09:03.082907 78751 naive_actor.cpp:25] actor 71468398411776 switch to &NaiveActor::HandlerNormal
I1222 14:09:03.082976 78732 thread.cpp:99] Thread 34078725 construct Actor kNormalForward 71468266291200
I1222 14:09:03.083025 78743 naive_actor.cpp:25] actor 71468270485504 switch to &NaiveActor::HandlerNormal
I1222 14:09:03.083894 78732 runtime_context.cpp:29] DecreaseCounter constructing_actor_cnt, current val is 1702
I1222 14:09:03.083099 78734 thread.cpp:99] Thread 34078721 construct Actor kNormalForward 71468257902592
I1222 14:09:03.082708 78740 naive_actor.cpp:25] actor 71468390023174 switch to &NaiveActor::HandlerNormal
I1222 14:09:03.083221 78745 thread.cpp:99] Thread 34078789 construct Actor kCopyCommNet 71468400508928
I1222 14:09:03.083222 78731 naive_actor.cpp:25] actor 71468268388352 switch to &NaiveActor::HandlerNormal
I1222 14:09:03.083278 78750 naive_actor.cpp:25] actor 71468272582656 switch to &NaiveActor::HandlerNormal
I1222 14:09:03.083323 78737 thread.cpp:99] Thread 34078723 construct Actor kNormalForward 71468262096896
I1222 14:09:03.083400 78744 thread.cpp:99] Thread 34078786 construct Actor kCallbackNotify 71468394217472
I1222 14:09:03.083488 78749 naive_actor.cpp:25] actor 71468396314624 switch to &NaiveActor::HandlerNormal
I1222 14:09:03.083577 78739 thread.cpp:99] Thread 34603009 construct Actor kCollectiveBoxingGeneric 72567769530381
I1222 14:09:03.083621 78742 naive_actor.cpp:25] actor 72567773724683 switch to &NaiveActor::HandlerNormal
I1222 14:09:03.083685 78748 runtime_context.cpp:29] DecreaseCounter constructing_actor_cnt, current val is 1704
I1222 14:09:03.083714 78733 thread.cpp:99] Thread 34078720 construct Actor kNormalForward 71468255805440
I1222 14:09:03.083792 78736 runtime_context.cpp:29] DecreaseCounter constructing_actor_cnt, current val is 1703
I1222 14:09:03.083802 78751 thread.cpp:99] Thread 34078788 construct Actor kCriticalSectionWaitTick 71468398411776
I1222 14:09:03.083076 78735 runtime_context.cpp:29] DecreaseCounter constructing_actor_cnt, current val is 1706
I1222 14:09:03.083900 78743 thread.cpp:99] Thread 34078727 construct Actor kNormalForward 71468270485504
I1222 14:09:03.084017 78740 thread.cpp:99] Thread 34078784 construct Actor kSrcSubsetTick 71468390023174
I1222 14:09:03.085505 78743 runtime_context.cpp:29] DecreaseCounter constructing_actor_cnt, current val is 1694
I1222 14:09:03.084089 78745 runtime_context.cpp:29] DecreaseCounter constructing_actor_cnt, current val is 1700
I1222 14:09:03.084154 78731 thread.cpp:99] Thread 34078726 construct Actor kNormalForward 71468268388352
I1222 14:09:03.084159 78730 naive_actor.cpp:25] actor 72567767433227 switch to &NaiveActor::HandlerNormal
I1222 14:09:03.084188 78750 thread.cpp:99] Thread 34078728 construct Actor kNormalForward 71468272582656
I1222 14:09:03.084240 78737 runtime_context.cpp:29] DecreaseCounter constructing_actor_cnt, current val is 1699
I1222 14:09:03.084295 78744 runtime_context.cpp:29] DecreaseCounter constructing_actor_cnt, current val is 1698
I1222 14:09:03.084388 78749 thread.cpp:99] Thread 34078787 construct Actor kCriticalSectionWaitTick 71468396314624
I1222 14:09:03.084491 78739 runtime_context.cpp:29] DecreaseCounter constructing_actor_cnt, current val is 1697
I1222 14:09:03.084580 78742 thread.cpp:99] Thread 34603011 construct Actor kCopyHd 72567773724683
I1222 14:09:03.085384 78733 runtime_context.cpp:29] DecreaseCounter constructing_actor_cnt, current val is 1696
I1222 14:09:03.085436 78751 runtime_context.cpp:29] DecreaseCounter constructing_actor_cnt, current val is 1695
I1222 14:09:03.084033 78734 runtime_context.cpp:29] DecreaseCounter constructing_actor_cnt, current val is 1701
I1222 14:09:03.085541 78740 runtime_context.cpp:29] DecreaseCounter constructing_actor_cnt, current val is 1693
I1222 14:09:03.085700 78745 copy_comm_net_actor.cpp:66] actor 71468400508930 switch to &CopyCommNetActor::HandlerNormal
I1222 14:09:03.086216 78745 thread.cpp:99] Thread 34078789 construct Actor kCopyCommNet 71468400508930
I1222 14:09:03.085728 78730 thread.cpp:99] Thread 34603008 construct Actor kNormalForward 72567767433227
I1222 14:09:03.085767 78750 runtime_context.cpp:29] DecreaseCounter constructing_actor_cnt, current val is 1691
I1222 14:09:03.085970 78749 runtime_context.cpp:29] DecreaseCounter constructing_actor_cnt, current val is 1690
I1222 14:09:03.086026 78742 runtime_context.cpp:29] DecreaseCounter constructing_actor_cnt, current val is 1689
I1222 14:09:03.085712 78731 runtime_context.cpp:29] DecreaseCounter constructing_actor_cnt, current val is 1692
I1222 14:09:03.086263 78745 runtime_context.cpp:29] DecreaseCounter constructing_actor_cnt, current val is 1688
I1222 14:09:03.086285 78739 naive_actor.cpp:25] actor 72567769530398 switch to &NaiveActor::HandlerNormal
I1222 14:09:03.086349 78730 runtime_context.cpp:29] DecreaseCounter constructing_actor_cnt, current val is 1687
I1222 14:09:03.086437 78740 naive_actor.cpp:25] actor 71468390023173 switch to &NaiveActor::HandlerNormal
I1222 14:09:03.086586 78742 naive_actor.cpp:25] actor 72567773724681 switch to &NaiveActor::HandlerNormal
I1222 14:09:03.086623 78745 copy_comm_net_actor.cpp:66] actor 71468400508934 switch to &CopyCommNetActor::HandlerNormal
I1222 14:09:03.086804 78745 thread.cpp:99] Thread 34078789 construct Actor kCopyCommNet 71468400508934
I1222 14:09:03.086719 78740 thread.cpp:99] Thread 34078784 construct Actor kTick 71468390023173
I1222 14:09:03.086771 78742 thread.cpp:99] Thread 34603011 construct Actor kCopyHd 72567773724681
I1222 14:09:03.086627 78739 thread.cpp:99] Thread 34603009 construct Actor kCollectiveBoxingGeneric 72567769530398
I1222 14:09:03.086843 78745 runtime_context.cpp:29] DecreaseCounter constructing_actor_cnt, current val is 1686
I1222 14:09:03.086894 78740 runtime_context.cpp:29] DecreaseCounter constructing_actor_cnt, current val is 1685
I1222 14:09:03.086973 78742 runtime_context.cpp:29] DecreaseCounter constructing_actor_cnt, current val is 1684
I1222 14:09:03.087448 78730 naive_actor.cpp:25] actor 72567767433250 switch to &NaiveActor::HandlerNormal
I1222 14:09:03.087668 78739 runtime_context.cpp:29] DecreaseCounter constructing_actor_cnt, current val is 1683
I1222 14:09:03.087877 78742 naive_actor.cpp:25] actor 72567773724680 switch to &NaiveActor::HandlerNormal
I1222 14:09:03.087814 78730 thread.cpp:99] Thread 34603008 construct Actor kNormalForward 72567767433250
I1222 14:09:03.087749 78745 copy_comm_net_actor.cpp:66] actor 71468400508932 switch to &CopyCommNetActor::HandlerNormal
I1222 14:09:03.087932 78742 thread.cpp:99] Thread 34603011 construct Actor kCopyHd 72567773724680
I1222 14:09:03.088007 78745 thread.cpp:99] Thread 34078789 construct Actor kCopyCommNet 71468400508932
I1222 14:09:03.088027 78730 runtime_context.cpp:29] DecreaseCounter constructing_actor_cnt, current val is 1682
I1222 14:09:03.088066 78742 runtime_context.cpp:29] DecreaseCounter constructing_actor_cnt, current val is 1681
I1222 14:09:03.088074 78740 naive_actor.cpp:25] actor 71468390023177 switch to &NaiveActor::HandlerNormal
I1222 14:09:03.088086 78745 runtime_context.cpp:29] DecreaseCounter constructing_actor_cnt, current val is 1680
I1222 14:09:03.088143 78739 naive_actor.cpp:25] actor 72567769530418 switch to &NaiveActor::HandlerNormal
I1222 14:09:03.088253 78740 thread.cpp:99] Thread 34078784 construct Actor kDstSubsetTick 71468390023177
I1222 14:09:03.088285 78742 naive_actor.cpp:25] actor 72567773724677 switch to &NaiveActor::HandlerNormal
I1222 14:09:03.088351 78745 copy_comm_net_actor.cpp:66] actor 71468400508939 switch to &CopyCommNetActor::HandlerNormal
I1222 14:09:03.088501 78745 thread.cpp:99] Thread 34078789 construct Actor kCopyCommNet 71468400508939
I1222 14:09:03.088475 78742 thread.cpp:99] Thread 34603011 construct Actor kCopyHd 72567773724677
I1222 14:09:03.088475 78740 runtime_context.cpp:29] DecreaseCounter constructing_actor_cnt, current val is 1679
I1222 14:09:03.088368 78739 thread.cpp:99] Thread 34603009 construct Actor kCollectiveBoxingGeneric 72567769530418
I1222 14:09:03.088539 78745 runtime_context.cpp:29] DecreaseCounter constructing_actor_cnt, current val is 1678
I1222 14:09:03.088591 78742 runtime_context.cpp:29] DecreaseCounter constructing_actor_cnt, current val is 1677
I1222 14:09:03.088723 78739 runtime_context.cpp:29] DecreaseCounter constructing_actor_cnt, current val is 1676
I1222 14:09:03.088784 78745 copy_comm_net_actor.cpp:66] actor 71468400508946 switch to &CopyCommNetActor::HandlerNormal
I1222 14:09:03.088860 78745 thread.cpp:99] Thread 34078789 construct Actor kCopyCommNet 71468400508946
I1222 14:09:03.088896 78745 runtime_context.cpp:29] DecreaseCounter constructing_actor_cnt, current val is 1675
I1222 14:09:03.088939 78740 naive_actor.cpp:25] actor 71468390023171 switch to &NaiveActor::HandlerNormal
I1222 14:09:03.088984 78745 copy_comm_net_actor.cpp:66] actor 71468400508933 switch to &CopyCommNetActor::HandlerNormal
I1222 14:09:03.089027 78730 naive_actor.cpp:25] actor 72567767433246 switch to &NaiveActor::HandlerNormal
I1222 14:09:03.089015 78740 thread.cpp:99] Thread 34078784 construct Actor kTick 71468390023171
I1222 14:09:03.089043 78745 thread.cpp:99] Thread 34078789 construct Actor kCopyCommNet 71468400508933
I1222 14:09:03.089054 78742 naive_actor.cpp:25] actor 72567773724678 switch to &NaiveActor::HandlerNormal
I1222 14:09:03.089078 78739 naive_actor.cpp:25] actor 72567769530432 switch to &NaiveActor::HandlerNormal
I1222 14:09:03.089114 78730 thread.cpp:99] Thread 34603008 construct Actor kNormalForward 72567767433246
I1222 14:09:03.089190 78745 runtime_context.cpp:29] DecreaseCounter constructing_actor_cnt, current val is 1674
I1222 14:09:03.089388 78730 runtime_context.cpp:29] DecreaseCounter constructing_actor_cnt, current val is 1672
I1222 14:09:03.089228 78742 thread.cpp:99] Thread 34603011 construct Actor kCopyHd 72567773724678
I1222 14:09:03.089304 78739 thread.cpp:99] Thread 34603009 construct Actor kCollectiveBoxingGeneric 72567769530432
I1222 14:09:03.089196 78740 runtime_context.cpp:29] DecreaseCounter constructing_actor_cnt, current val is 1673
I1222 14:09:03.090243 78739 runtime_context.cpp:29] DecreaseCounter constructing_actor_cnt, current val is 1670
I1222 14:09:03.090162 78742 runtime_context.cpp:29] DecreaseCounter constructing_actor_cnt, current val is 1671
I1222 14:09:03.089464 78745 copy_comm_net_actor.cpp:66] actor 71468400508942 switch to &CopyCommNetActor::HandlerNormal
I1222 14:09:03.090395 78745 thread.cpp:99] Thread 34078789 construct Actor kCopyCommNet 71468400508942
I1222 14:09:03.090476 78745 runtime_context.cpp:29] DecreaseCounter constructing_actor_cnt, current val is 1669
I1222 14:09:03.090543 78742 naive_actor.cpp:25] actor 72567773724675 switch to &NaiveActor::HandlerNormal
I1222 14:09:03.090606 78742 thread.cpp:99] Thread 34603011 construct Actor kCopyHd 72567773724675
I1222 14:09:03.090616 78745 copy_comm_net_actor.cpp:66] actor 71468400508929 switch to &CopyCommNetActor::HandlerNormal
I1222 14:09:03.090704 78745 thread.cpp:99] Thread 34078789 construct Actor kCopyCommNet 71468400508929
I1222 14:09:03.090693 78742 runtime_context.cpp:29] DecreaseCounter constructing_actor_cnt, current val is 1668
I1222 14:09:03.090631 78739 naive_actor.cpp:25] actor 72567769530454 switch to &NaiveActor::HandlerNormal
I1222 14:09:03.090737 78745 runtime_context.cpp:29] DecreaseCounter constructing_actor_cnt, current val is 1667
I1222 14:09:03.090760 78740 naive_actor.cpp:25] actor 71468390023168 switch to &NaiveActor::HandlerNormal
I1222 14:09:03.090858 78739 thread.cpp:99] Thread 34603009 construct Actor kCollectiveBoxingGeneric 72567769530454
I1222 14:09:03.090909 78742 naive_actor.cpp:25] actor 72567773724679 switch to &NaiveActor::HandlerNormal
I1222 14:09:03.091087 78739 runtime_context.cpp:29] DecreaseCounter constructing_actor_cnt, current val is 1666
I1222 14:09:03.090991 78740 thread.cpp:99] Thread 34078784 construct Actor kSrcSubsetTick 71468390023168
I1222 14:09:03.090947 78745 copy_comm_net_actor.cpp:66] actor 71468400508944 switch to &CopyCommNetActor::HandlerNormal
I1222 14:09:03.091102 78742 thread.cpp:99] Thread 34603011 construct Actor kCopyHd 72567773724679
I1222 14:09:03.091280 78740 runtime_context.cpp:29] DecreaseCounter constructing_actor_cnt, current val is 1665
I1222 14:09:03.091269 78730 naive_actor.cpp:25] actor 72567767433216 switch to &NaiveActor::HandlerNormal
I1222 14:09:03.091251 78745 thread.cpp:99] Thread 34078789 construct Actor kCopyCommNet 71468400508944
I1222 14:09:03.091307 78742 runtime_context.cpp:29] DecreaseCounter constructing_actor_cnt, current val is 1664
I1222 14:09:03.091390 78730 thread.cpp:99] Thread 34603008 construct Actor kNormalForward 72567767433216
I1222 14:09:03.091423 78745 runtime_context.cpp:29] DecreaseCounter constructing_actor_cnt, current val is 1663
I1222 14:09:03.091454 78739 naive_actor.cpp:25] actor 72567769530417 switch to &NaiveActor::HandlerNormal
I1222 14:09:03.091548 78730 runtime_context.cpp:29] DecreaseCounter constructing_actor_cnt, current val is 1662
I1222 14:09:03.091578 78742 naive_actor.cpp:25] actor 72567773724672 switch to &NaiveActor::HandlerNormal
I1222 14:09:03.091593 78745 copy_comm_net_actor.cpp:66] actor 71468400508940 switch to &CopyCommNetActor::HandlerNormal
I1222 14:09:03.091732 78745 thread.cpp:99] Thread 34078789 construct Actor kCopyCommNet 71468400508940
I1222 14:09:03.091704 78742 thread.cpp:99] Thread 34603011 construct Actor kCopyHd 72567773724672
I1222 14:09:03.091621 78739 thread.cpp:99] Thread 34603009 construct Actor kCollectiveBoxingGeneric 72567769530417
I1222 14:09:03.091768 78745 runtime_context.cpp:29] DecreaseCounter constructing_actor_cnt, current val is 1661
I1222 14:09:03.091815 78742 runtime_context.cpp:29] DecreaseCounter constructing_actor_cnt, current val is 1660
I1222 14:09:03.091900 78739 runtime_context.cpp:29] DecreaseCounter constructing_actor_cnt, current val is 1659
I1222 14:09:03.091987 78745 copy_comm_net_actor.cpp:66] actor 71468400508937 switch to &CopyCommNetActor::HandlerNormal
I1222 14:09:03.091987 78740 naive_actor.cpp:25] actor 71468390023170 switch to &NaiveActor::HandlerNormal
I1222 14:09:03.092221 78730 naive_actor.cpp:25] actor 72567767433217 switch to &NaiveActor::HandlerNormal
I1222 14:09:03.092677 78745 thread.cpp:99] Thread 34078789 construct Actor kCopyCommNet 71468400508937
I1222 14:09:03.092703 78742 naive_actor.cpp:25] actor 72567773724682 switch to &NaiveActor::HandlerNormal
I1222 14:09:03.092751 78740 thread.cpp:99] Thread 34078784 construct Actor kDstSubsetTick 71468390023170
I1222 14:09:03.092803 78730 thread.cpp:99] Thread 34603008 construct Actor kNormalForward 72567767433217
I1222 14:09:03.092833 78745 runtime_context.cpp:29] DecreaseCounter constructing_actor_cnt, current val is 1658
I1222 14:09:03.092871 78742 thread.cpp:99] Thread 34603011 construct Actor kCopyHd 72567773724682
I1222 14:09:03.092999 78740 runtime_context.cpp:29] DecreaseCounter constructing_actor_cnt, current val is 1657
I1222 14:09:03.093006 78730 runtime_context.cpp:29] DecreaseCounter constructing_actor_cnt, current val is 1656
I1222 14:09:03.092883 78739 naive_actor.cpp:25] actor 72567769530431 switch to &NaiveActor::HandlerNormal
I1222 14:09:03.093025 78742 runtime_context.cpp:29] DecreaseCounter constructing_actor_cnt, current val is 1655
I1222 14:09:03.093052 78745 copy_comm_net_actor.cpp:66] actor 71468400508938 switch to &CopyCommNetActor::HandlerNormal
I1222 14:09:03.093245 78745 thread.cpp:99] Thread 34078789 construct Actor kCopyCommNet 71468400508938
I1222 14:09:03.093171 78739 thread.cpp:99] Thread 34603009 construct Actor kCollectiveBoxingGeneric 72567769530431
I1222 14:09:03.093327 78730 naive_actor.cpp:25] actor 72567767433225 switch to &NaiveActor::HandlerNormal
I1222 14:09:03.093370 78739 runtime_context.cpp:29] DecreaseCounter constructing_actor_cnt, current val is 1653
I1222 14:09:03.093343 78742 naive_actor.cpp:25] actor 72567773724674 switch to &NaiveActor::HandlerNormal
I1222 14:09:03.093281 78745 runtime_context.cpp:29] DecreaseCounter constructing_actor_cnt, current val is 1654
I1222 14:09:03.093381 78730 thread.cpp:99] Thread 34603008 construct Actor kNormalForward 72567767433225
I1222 14:09:03.093386 78740 naive_actor.cpp:25] actor 71468390023169 switch to &NaiveActor::HandlerNormal
I1222 14:09:03.093482 78742 thread.cpp:99] Thread 34603011 construct Actor kCopyHd 72567773724674
I1222 14:09:03.093578 78730 runtime_context.cpp:29] DecreaseCounter constructing_actor_cnt, current val is 1652
I1222 14:09:03.093582 78745 copy_comm_net_actor.cpp:66] actor 71468400508931 switch to &CopyCommNetActor::HandlerNormal
I1222 14:09:03.093612 78740 thread.cpp:99] Thread 34078784 construct Actor kTick 71468390023169
I1222 14:09:03.093668 78742 runtime_context.cpp:29] DecreaseCounter constructing_actor_cnt, current val is 1651
I1222 14:09:03.093686 78739 naive_actor.cpp:25] actor 72567769530369 switch to &NaiveActor::HandlerNormal
I1222 14:09:03.093716 78745 thread.cpp:99] Thread 34078789 construct Actor kCopyCommNet 71468400508931
I1222 14:09:03.093797 78740 runtime_context.cpp:29] DecreaseCounter constructing_actor_cnt, current val is 1650
I1222 14:09:03.093879 78739 thread.cpp:99] Thread 34603009 construct Actor kCollectiveBoxingGeneric 72567769530369
I1222 14:09:03.093914 78742 naive_actor.cpp:25] actor 72567773724684 switch to &NaiveActor::HandlerNormal
I1222 14:09:03.093915 78745 runtime_context.cpp:29] DecreaseCounter constructing_actor_cnt, current val is 1649
I1222 14:09:03.094048 78739 runtime_context.cpp:29] DecreaseCounter constructing_actor_cnt, current val is 1648
I1222 14:09:03.094076 78742 thread.cpp:99] Thread 34603011 construct Actor kCopyHd 72567773724684
I1222 14:09:03.094164 78745 copy_comm_net_actor.cpp:66] actor 71468400508943 switch to &CopyCommNetActor::HandlerNormal
I1222 14:09:03.094249 78742 runtime_context.cpp:29] DecreaseCounter constructing_actor_cnt, current val is 1647
I1222 14:09:03.094292 78745 thread.cpp:99] Thread 34078789 construct Actor kCopyCommNet 71468400508943
I1222 14:09:03.094311 78730 naive_actor.cpp:25] actor 72567767433257 switch to &NaiveActor::HandlerNormal
I1222 14:09:03.094352 78740 naive_actor.cpp:25] actor 71468390023172 switch to &NaiveActor::HandlerNormal
I1222 14:09:03.094426 78739 naive_actor.cpp:25] actor 72567769530453 switch to &NaiveActor::HandlerNormal
I1222 14:09:03.094971 78745 runtime_context.cpp:29] DecreaseCounter constructing_actor_cnt, current val is 1646
I1222 14:09:03.095010 78730 thread.cpp:99] Thread 34603008 construct Actor kNormalForward 72567767433257
I1222 14:09:03.095068 78742 naive_actor.cpp:25] actor 72567773724673 switch to &NaiveActor::HandlerNormal
I1222 14:09:03.095245 78730 runtime_context.cpp:29] DecreaseCounter constructing_actor_cnt, current val is 1645
I1222 14:09:03.095152 78739 thread.cpp:99] Thread 34603009 construct Actor kCollectiveBoxingGeneric 72567769530453
I1222 14:09:03.095245 78745 copy_comm_net_actor.cpp:66] actor 71468400508941 switch to &CopyCommNetActor::HandlerNormal
I1222 14:09:03.095072 78740 thread.cpp:99] Thread 34078784 construct Actor kTick 71468390023172
I1222 14:09:03.095255 78742 thread.cpp:99] Thread 34603011 construct Actor kCopyHd 72567773724673
I1222 14:09:03.095377 78745 thread.cpp:99] Thread 34078789 construct Actor kCopyCommNet 71468400508941
I1222 14:09:03.095474 78740 runtime_context.cpp:29] DecreaseCounter constructing_actor_cnt, current val is 1643
I1222 14:09:03.095479 78742 runtime_context.cpp:29] DecreaseCounter constructing_actor_cnt, current val is 1642
I1222 14:09:03.095379 78739 runtime_context.cpp:29] DecreaseCounter constructing_actor_cnt, current val is 1644
I1222 14:09:03.095490 78745 runtime_context.cpp:29] DecreaseCounter constructing_actor_cnt, current val is 1641
I1222 14:09:03.095748 78745 copy_comm_net_actor.cpp:66] actor 71468400508947 switch to &CopyCommNetActor::HandlerNormal
I1222 14:09:03.095779 78745 thread.cpp:99] Thread 34078789 construct Actor kCopyCommNet 71468400508947
I1222 14:09:03.095811 78745 runtime_context.cpp:29] DecreaseCounter constructing_actor_cnt, current val is 1640
I1222 14:09:03.095894 78745 copy_comm_net_actor.cpp:66] actor 71468400508945 switch to &CopyCommNetActor::HandlerNormal
I1222 14:09:03.095939 78745 thread.cpp:99] Thread 34078789 construct Actor kCopyCommNet 71468400508945
I1222 14:09:03.095885 78739 naive_actor.cpp:25] actor 72567769530383 switch to &NaiveActor::HandlerNormal
I1222 14:09:03.095975 78745 runtime_context.cpp:29] DecreaseCounter constructing_actor_cnt, current val is 1639
I1222 14:09:03.096045 78739 thread.cpp:99] Thread 34603009 construct Actor kCollectiveBoxingGeneric 72567769530383
I1222 14:09:03.096593 78740 naive_actor.cpp:25] actor 71468390023176 switch to &NaiveActor::HandlerNormal
I1222 14:09:03.096721 78739 runtime_context.cpp:29] DecreaseCounter constructing_actor_cnt, current val is 1638
I1222 14:09:03.096753 78740 thread.cpp:99] Thread 34078784 construct Actor kSrcSubsetTick 71468390023176
I1222 14:09:03.097007 78730 naive_actor.cpp:25] actor 72567767433224 switch to &NaiveActor::HandlerNormal
I1222 14:09:03.096977 78745 copy_comm_net_actor.cpp:66] actor 71468400508936 switch to &CopyCommNetActor::HandlerNormal
I1222 14:09:03.097062 78730 thread.cpp:99] Thread 34603008 construct Actor kNormalForward 72567767433224
I1222 14:09:03.097216 78745 thread.cpp:99] Thread 34078789 construct Actor kCopyCommNet 71468400508936
I1222 14:09:03.097198 78739 naive_actor.cpp:25] actor 72567769530376 switch to &NaiveActor::HandlerNormal
I1222 14:09:03.097064 78740 runtime_context.cpp:29] DecreaseCounter constructing_actor_cnt, current val is 1637
I1222 14:09:03.097282 78730 runtime_context.cpp:29] DecreaseCounter constructing_actor_cnt, current val is 1636
I1222 14:09:03.097369 78745 runtime_context.cpp:29] DecreaseCounter constructing_actor_cnt, current val is 1635
I1222 14:09:03.097398 78739 thread.cpp:99] Thread 34603009 construct Actor kCollectiveBoxingGeneric 72567769530376
I1222 14:09:03.097757 78740 naive_actor.cpp:25] actor 71468390023175 switch to &NaiveActor::HandlerNormal
I1222 14:09:03.097795 78739 runtime_context.cpp:29] DecreaseCounter constructing_actor_cnt, current val is 1634
I1222 14:09:03.097883 78745 copy_comm_net_actor.cpp:66] actor 71468400508935 switch to &CopyCommNetActor::HandlerNormal
I1222 14:09:03.098140 78730 naive_actor.cpp:25] actor 72567767433226 switch to &NaiveActor::HandlerNormal
I1222 14:09:03.098323 78740 thread.cpp:99] Thread 34078784 construct Actor kDstSubsetTick 71468390023175
I1222 14:09:03.098476 78745 thread.cpp:99] Thread 34078789 construct Actor kCopyCommNet 71468400508935
I1222 14:09:03.098531 78730 thread.cpp:99] Thread 34603008 construct Actor kNormalForward 72567767433226
I1222 14:09:03.098610 78740 runtime_context.cpp:29] DecreaseCounter constructing_actor_cnt, current val is 1633
I1222 14:09:03.098711 78730 runtime_context.cpp:29] DecreaseCounter constructing_actor_cnt, current val is 1631
I1222 14:09:03.098670 78745 runtime_context.cpp:29] DecreaseCounter constructing_actor_cnt, current val is 1632
I1222 14:09:03.098641 78739 naive_actor.cpp:25] actor 72567769530419 switch to &NaiveActor::HandlerNormal
I1222 14:09:03.098884 78739 thread.cpp:99] Thread 34603009 construct Actor kCollectiveBoxingGeneric 72567769530419
I1222 14:09:03.098978 78739 runtime_context.cpp:29] DecreaseCounter constructing_actor_cnt, current val is 1630
I1222 14:09:03.099254 78739 naive_actor.cpp:25] actor 72567769530379 switch to &NaiveActor::HandlerNormal
I1222 14:09:03.099340 78739 thread.cpp:99] Thread 34603009 construct Actor kCollectiveBoxingGeneric 72567769530379
I1222 14:09:03.099375 78730 naive_actor.cpp:25] actor 72567767433242 switch to &NaiveActor::HandlerNormal
I1222 14:09:03.099439 78739 runtime_context.cpp:29] DecreaseCounter constructing_actor_cnt, current val is 1629
I1222 14:09:03.099457 78730 thread.cpp:99] Thread 34603008 construct Actor kNormalForward 72567767433242
I1222 14:09:03.099604 78730 runtime_context.cpp:29] DecreaseCounter constructing_actor_cnt, current val is 1628
I1222 14:09:03.099773 78739 naive_actor.cpp:25] actor 72567769530391 switch to &NaiveActor::HandlerNormal
I1222 14:09:03.099861 78739 thread.cpp:99] Thread 34603009 construct Actor kCollectiveBoxingGeneric 72567769530391
I1222 14:09:03.099957 78739 runtime_context.cpp:29] DecreaseCounter constructing_actor_cnt, current val is 1627
I1222 14:09:03.100234 78739 naive_actor.cpp:25] actor 72567769530401 switch to &NaiveActor::HandlerNormal
I1222 14:09:03.100273 78730 naive_actor.cpp:25] actor 72567767433220 switch to &NaiveActor::HandlerNormal
I1222 14:09:03.100323 78739 thread.cpp:99] Thread 34603009 construct Actor kCollectiveBoxingGeneric 72567769530401
I1222 14:09:03.100371 78730 thread.cpp:99] Thread 34603008 construct Actor kNormalForward 72567767433220
I1222 14:09:03.100461 78739 runtime_context.cpp:29] DecreaseCounter constructing_actor_cnt, current val is 1626
I1222 14:09:03.100497 78730 runtime_context.cpp:29] DecreaseCounter constructing_actor_cnt, current val is 1625
I1222 14:09:03.100729 78739 naive_actor.cpp:25] actor 72567769530427 switch to &NaiveActor::HandlerNormal
I1222 14:09:03.100812 78739 thread.cpp:99] Thread 34603009 construct Actor kCollectiveBoxingGeneric 72567769530427
I1222 14:09:03.100905 78739 runtime_context.cpp:29] DecreaseCounter constructing_actor_cnt, current val is 1624
I1222 14:09:03.101153 78730 naive_actor.cpp:25] actor 72567767433228 switch to &NaiveActor::HandlerNormal
I1222 14:09:03.101166 78739 naive_actor.cpp:25] actor 72567769530402 switch to &NaiveActor::HandlerNormal
I1222 14:09:03.101220 78730 thread.cpp:99] Thread 34603008 construct Actor kNormalForward 72567767433228
I1222 14:09:03.101295 78739 thread.cpp:99] Thread 34603009 construct Actor kCollectiveBoxingGeneric 72567769530402
I1222 14:09:03.101364 78730 runtime_context.cpp:29] DecreaseCounter constructing_actor_cnt, current val is 1623
I1222 14:09:03.101414 78739 runtime_context.cpp:29] DecreaseCounter constructing_actor_cnt, current val is 1622
I1222 14:09:03.101667 78730 naive_actor.cpp:25] actor 72567767433219 switch to &NaiveActor::HandlerNormal
I1222 14:09:03.101799 78739 naive_actor.cpp:25] actor 72567769530384 switch to &NaiveActor::HandlerNormal
I1222 14:09:03.102210 78730 thread.cpp:99] Thread 34603008 construct Actor kNormalForward 72567767433219
I1222 14:09:03.102290 78739 thread.cpp:99] Thread 34603009 construct Actor kCollectiveBoxingGeneric 72567769530384
I1222 14:09:03.102352 78730 runtime_context.cpp:29] DecreaseCounter constructing_actor_cnt, current val is 1621
I1222 14:09:03.102412 78739 runtime_context.cpp:29] DecreaseCounter constructing_actor_cnt, current val is 1620
I1222 14:09:03.102638 78730 naive_actor.cpp:25] actor 72567767433229 switch to &NaiveActor::HandlerNormal
I1222 14:09:03.102692 78730 thread.cpp:99] Thread 34603008 construct Actor kNormalForward 72567767433229
I1222 14:09:03.102726 78739 naive_actor.cpp:25] actor 72567769530435 switch to &NaiveActor::HandlerNormal
I1222 14:09:03.102753 78730 runtime_context.cpp:29] DecreaseCounter constructing_actor_cnt, current val is 1619
I1222 14:09:03.102813 78739 thread.cpp:99] Thread 34603009 construct Actor kCollectiveBoxingGeneric 72567769530435
I1222 14:09:03.102938 78739 runtime_context.cpp:29] DecreaseCounter constructing_actor_cnt, current val is 1618
I1222 14:09:03.103207 78739 naive_actor.cpp:25] actor 72567769530444 switch to &NaiveActor::HandlerNormal
I1222 14:09:03.103293 78739 thread.cpp:99] Thread 34603009 construct Actor kCollectiveBoxingGeneric 72567769530444
I1222 14:09:03.103384 78739 runtime_context.cpp:29] DecreaseCounter constructing_actor_cnt, current val is 1617
I1222 14:09:03.103410 78730 naive_actor.cpp:25] actor 72567767433243 switch to &NaiveActor::HandlerNormal
I1222 14:09:03.103502 78730 thread.cpp:99] Thread 34603008 construct Actor kNormalForward 72567767433243
I1222 14:09:03.103583 78730 runtime_context.cpp:29] DecreaseCounter constructing_actor_cnt, current val is 1616
I1222 14:09:03.103688 78739 naive_actor.cpp:25] actor 72567769530403 switch to &NaiveActor::HandlerNormal
I1222 14:09:03.103775 78739 thread.cpp:99] Thread 34603009 construct Actor kCollectiveBoxingGeneric 72567769530403
I1222 14:09:03.103864 78739 runtime_context.cpp:29] DecreaseCounter constructing_actor_cnt, current val is 1615
I1222 14:09:03.104131 78739 naive_actor.cpp:25] actor 72567769530458 switch to &NaiveActor::HandlerNormal
I1222 14:09:03.104140 78730 naive_actor.cpp:25] actor 72567767433261 switch to &NaiveActor::HandlerNormal
I1222 14:09:03.104221 78739 thread.cpp:99] Thread 34603009 construct Actor kCollectiveBoxingGeneric 72567769530458
I1222 14:09:03.104265 78730 thread.cpp:99] Thread 34603008 construct Actor kNormalForward 72567767433261
I1222 14:09:03.104353 78739 runtime_context.cpp:29] DecreaseCounter constructing_actor_cnt, current val is 1614
I1222 14:09:03.104387 78730 runtime_context.cpp:29] DecreaseCounter constructing_actor_cnt, current val is 1613
I1222 14:09:03.104638 78739 naive_actor.cpp:25] actor 72567769530451 switch to &NaiveActor::HandlerNormal
I1222 14:09:03.104671 78730 naive_actor.cpp:25] actor 72567767433221 switch to &NaiveActor::HandlerNormal
I1222 14:09:03.104730 78739 thread.cpp:99] Thread 34603009 construct Actor kCollectiveBoxingGeneric 72567769530451
I1222 14:09:03.104771 78730 thread.cpp:99] Thread 34603008 construct Actor kNormalForward 72567767433221
I1222 14:09:03.104861 78739 runtime_context.cpp:29] DecreaseCounter constructing_actor_cnt, current val is 1612
I1222 14:09:03.104889 78730 runtime_context.cpp:29] DecreaseCounter constructing_actor_cnt, current val is 1611
I1222 14:09:03.105126 78739 naive_actor.cpp:25] actor 72567769530386 switch to &NaiveActor::HandlerNormal
I1222 14:09:03.105213 78739 thread.cpp:99] Thread 34603009 construct Actor kCollectiveBoxingGeneric 72567769530386
I1222 14:09:03.105305 78739 runtime_context.cpp:29] DecreaseCounter constructing_actor_cnt, current val is 1610
I1222 14:09:03.105518 78730 naive_actor.cpp:25] actor 72567767433259 switch to &NaiveActor::HandlerNormal
I1222 14:09:03.105576 78739 naive_actor.cpp:25] actor 72567769530423 switch to &NaiveActor::HandlerNormal
I1222 14:09:03.105636 78730 thread.cpp:99] Thread 34603008 construct Actor kNormalForward 72567767433259
I1222 14:09:03.106272 78739 thread.cpp:99] Thread 34603009 construct Actor kCollectiveBoxingGeneric 72567769530423
I1222 14:09:03.106343 78730 runtime_context.cpp:29] DecreaseCounter constructing_actor_cnt, current val is 1609
I1222 14:09:03.106397 78739 runtime_context.cpp:29] DecreaseCounter constructing_actor_cnt, current val is 1608
I1222 14:09:03.106633 78730 naive_actor.cpp:25] actor 72567767433282 switch to &NaiveActor::HandlerNormal
I1222 14:09:03.106690 78730 thread.cpp:99] Thread 34603008 construct Actor kNormalForward 72567767433282
I1222 14:09:03.106698 78739 naive_actor.cpp:25] actor 72567769530439 switch to &NaiveActor::HandlerNormal
I1222 14:09:03.106757 78730 runtime_context.cpp:29] DecreaseCounter constructing_actor_cnt, current val is 1607
I1222 14:09:03.106807 78739 thread.cpp:99] Thread 34603009 construct Actor kCollectiveBoxingGeneric 72567769530439
I1222 14:09:03.106923 78739 runtime_context.cpp:29] DecreaseCounter constructing_actor_cnt, current val is 1606
I1222 14:09:03.107206 78739 naive_actor.cpp:25] actor 72567769530385 switch to &NaiveActor::HandlerNormal
I1222 14:09:03.107291 78739 thread.cpp:99] Thread 34603009 construct Actor kCollectiveBoxingGeneric 72567769530385
I1222 14:09:03.107376 78739 runtime_context.cpp:29] DecreaseCounter constructing_actor_cnt, current val is 1605
I1222 14:09:03.107395 78730 naive_actor.cpp:25] actor 72567767433237 switch to &NaiveActor::HandlerNormal
I1222 14:09:03.107493 78730 thread.cpp:99] Thread 34603008 construct Actor kNormalForward 72567767433237
I1222 14:09:03.107574 78730 runtime_context.cpp:29] DecreaseCounter constructing_actor_cnt, current val is 1604
I1222 14:09:03.107683 78739 naive_actor.cpp:25] actor 72567769530405 switch to &NaiveActor::HandlerNormal
I1222 14:09:03.107766 78739 thread.cpp:99] Thread 34603009 construct Actor kCollectiveBoxingGeneric 72567769530405
I1222 14:09:03.107854 78739 runtime_context.cpp:29] DecreaseCounter constructing_actor_cnt, current val is 1603
I1222 14:09:03.108124 78739 naive_actor.cpp:25] actor 72567769530459 switch to &NaiveActor::HandlerNormal
I1222 14:09:03.108211 78730 naive_actor.cpp:25] actor 72567767433278 switch to &NaiveActor::HandlerNormal
I1222 14:09:03.108211 78739 thread.cpp:99] Thread 34603009 construct Actor kCollectiveBoxingGeneric 72567769530459
I1222 14:09:03.108266 78730 thread.cpp:99] Thread 34603008 construct Actor kNormalForward 72567767433278
I1222 14:09:03.108355 78739 runtime_context.cpp:29] DecreaseCounter constructing_actor_cnt, current val is 1602
I1222 14:09:03.108394 78730 runtime_context.cpp:29] DecreaseCounter constructing_actor_cnt, current val is 1601
I1222 14:09:03.108657 78739 naive_actor.cpp:25] actor 72567769530378 switch to &NaiveActor::HandlerNormal
I1222 14:09:03.108675 78730 naive_actor.cpp:25] actor 72567767433245 switch to &NaiveActor::HandlerNormal
I1222 14:09:03.108747 78739 thread.cpp:99] Thread 34603009 construct Actor kCollectiveBoxingGeneric 72567769530378
I1222 14:09:03.108788 78730 thread.cpp:99] Thread 34603008 construct Actor kNormalForward 72567767433245
I1222 14:09:03.108892 78739 runtime_context.cpp:29] DecreaseCounter constructing_actor_cnt, current val is 1600
I1222 14:09:03.108901 78730 runtime_context.cpp:29] DecreaseCounter constructing_actor_cnt, current val is 1599
I1222 14:09:03.109163 78739 naive_actor.cpp:25] actor 72567769530370 switch to &NaiveActor::HandlerNormal
I1222 14:09:03.109249 78739 thread.cpp:99] Thread 34603009 construct Actor kCollectiveBoxingGeneric 72567769530370
I1222 14:09:03.109342 78739 runtime_context.cpp:29] DecreaseCounter constructing_actor_cnt, current val is 1598
I1222 14:09:03.109623 78739 naive_actor.cpp:25] actor 72567769530420 switch to &NaiveActor::HandlerNormal
I1222 14:09:03.109629 78730 naive_actor.cpp:25] actor 72567767433240 switch to &NaiveActor::HandlerNormal
I1222 14:09:03.109712 78739 thread.cpp:99] Thread 34603009 construct Actor kCollectiveBoxingGeneric 72567769530420
I1222 14:09:03.109759 78730 thread.cpp:99] Thread 34603008 construct Actor kNormalForward 72567767433240
I1222 14:09:03.109930 78739 runtime_context.cpp:29] DecreaseCounter constructing_actor_cnt, current val is 1597
I1222 14:09:03.110437 78730 runtime_context.cpp:29] DecreaseCounter constructing_actor_cnt, current val is 1596
I1222 14:09:03.110702 78739 naive_actor.cpp:25] actor 72567769530463 switch to &NaiveActor::HandlerNormal
I1222 14:09:03.110723 78730 naive_actor.cpp:25] actor 72567767433272 switch to &NaiveActor::HandlerNormal
I1222 14:09:03.110824 78730 thread.cpp:99] Thread 34603008 construct Actor kNormalForward 72567767433272
I1222 14:09:03.110780 78739 thread.cpp:99] Thread 34603009 construct Actor kCollectiveBoxingGeneric 72567769530463
I1222 14:09:03.110888 78730 runtime_context.cpp:29] DecreaseCounter constructing_actor_cnt, current val is 1595
I1222 14:09:03.110960 78739 runtime_context.cpp:29] DecreaseCounter constructing_actor_cnt, current val is 1594
I1222 14:09:03.111161 78730 naive_actor.cpp:25] actor 72567767433230 switch to &NaiveActor::HandlerNormal
I1222 14:09:03.111233 78730 thread.cpp:99] Thread 34603008 construct Actor kNormalForward 72567767433230
I1222 14:09:03.111299 78730 runtime_context.cpp:29] DecreaseCounter constructing_actor_cnt, current val is 1593
I1222 14:09:03.111377 78739 naive_actor.cpp:25] actor 72567769530368 switch to &NaiveActor::HandlerNormal
I1222 14:09:03.111620 78739 thread.cpp:99] Thread 34603009 construct Actor kCollectiveBoxingGeneric 72567769530368
I1222 14:09:03.111801 78739 runtime_context.cpp:29] DecreaseCounter constructing_actor_cnt, current val is 1592
I1222 14:09:03.111958 78730 naive_actor.cpp:25] actor 72567767433304 switch to &NaiveActor::HandlerNormal
I1222 14:09:03.112049 78730 thread.cpp:99] Thread 34603008 construct Actor kNormalForward 72567767433304
I1222 14:09:03.112221 78739 naive_actor.cpp:25] actor 72567769530375 switch to &NaiveActor::HandlerNormal
I1222 14:09:03.112603 78730 runtime_context.cpp:29] DecreaseCounter constructing_actor_cnt, current val is 1591
I1222 14:09:03.112762 78739 thread.cpp:99] Thread 34603009 construct Actor kCollectiveBoxingGeneric 72567769530375
I1222 14:09:03.112947 78739 runtime_context.cpp:29] DecreaseCounter constructing_actor_cnt, current val is 1590
I1222 14:09:03.113401 78739 naive_actor.cpp:25] actor 72567769530395 switch to &NaiveActor::HandlerNormal
I1222 14:09:03.113461 78730 naive_actor.cpp:25] actor 72567767433248 switch to &NaiveActor::HandlerNormal
I1222 14:09:03.113548 78739 thread.cpp:99] Thread 34603009 construct Actor kCollectiveBoxingGeneric 72567769530395
I1222 14:09:03.113602 78730 thread.cpp:99] Thread 34603008 construct Actor kNormalForward 72567767433248
I1222 14:09:03.113708 78739 runtime_context.cpp:29] DecreaseCounter constructing_actor_cnt, current val is 1589
I1222 14:09:03.113729 78730 runtime_context.cpp:29] DecreaseCounter constructing_actor_cnt, current val is 1588
I1222 14:09:03.114022 78739 naive_actor.cpp:25] actor 72567769530387 switch to &NaiveActor::HandlerNormal
I1222 14:09:03.114112 78739 thread.cpp:99] Thread 34603009 construct Actor kCollectiveBoxingGeneric 72567769530387
I1222 14:09:03.114202 78739 runtime_context.cpp:29] DecreaseCounter constructing_actor_cnt, current val is 1587
I1222 14:09:03.114519 78739 naive_actor.cpp:25] actor 72567769530413 switch to &NaiveActor::HandlerNormal
I1222 14:09:03.114599 78739 thread.cpp:99] Thread 34603009 construct Actor kCollectiveBoxingGeneric 72567769530413
I1222 14:09:03.114677 78739 runtime_context.cpp:29] DecreaseCounter constructing_actor_cnt, current val is 1586
I1222 14:09:03.114852 78730 naive_actor.cpp:25] actor 72567767433232 switch to &NaiveActor::HandlerNormal
I1222 14:09:03.114921 78730 thread.cpp:99] Thread 34603008 construct Actor kNormalForward 72567767433232
I1222 14:09:03.114993 78730 runtime_context.cpp:29] DecreaseCounter constructing_actor_cnt, current val is 1585
I1222 14:09:03.115022 78739 naive_actor.cpp:25] actor 72567769530397 switch to &NaiveActor::HandlerNormal
I1222 14:09:03.115268 78730 naive_actor.cpp:25] actor 72567767433280 switch to &NaiveActor::HandlerNormal
I1222 14:09:03.115271 78739 thread.cpp:99] Thread 34603009 construct Actor kCollectiveBoxingGeneric 72567769530397
I1222 14:09:03.115888 78730 thread.cpp:99] Thread 34603008 construct Actor kNormalForward 72567767433280
I1222 14:09:03.116030 78739 runtime_context.cpp:29] DecreaseCounter constructing_actor_cnt, current val is 1584
I1222 14:09:03.116050 78730 runtime_context.cpp:29] DecreaseCounter constructing_actor_cnt, current val is 1583
I1222 14:09:03.116370 78730 naive_actor.cpp:25] actor 72567767433247 switch to &NaiveActor::HandlerNormal
I1222 14:09:03.116372 78739 naive_actor.cpp:25] actor 72567769530436 switch to &NaiveActor::HandlerNormal
I1222 14:09:03.116431 78730 thread.cpp:99] Thread 34603008 construct Actor kNormalForward 72567767433247
I1222 14:09:03.116523 78739 thread.cpp:99] Thread 34603009 construct Actor kCollectiveBoxingGeneric 72567769530436
I1222 14:09:03.116575 78730 runtime_context.cpp:29] DecreaseCounter constructing_actor_cnt, current val is 1582
I1222 14:09:03.116627 78739 runtime_context.cpp:29] DecreaseCounter constructing_actor_cnt, current val is 1581
I1222 14:09:03.116937 78739 naive_actor.cpp:25] actor 72567769530415 switch to &NaiveActor::HandlerNormal
I1222 14:09:03.117017 78739 thread.cpp:99] Thread 34603009 construct Actor kCollectiveBoxingGeneric 72567769530415
I1222 14:09:03.117090 78739 runtime_context.cpp:29] DecreaseCounter constructing_actor_cnt, current val is 1580
I1222 14:09:03.117236 78730 naive_actor.cpp:25] actor 72567767433234 switch to &NaiveActor::HandlerNormal
I1222 14:09:03.117306 78730 thread.cpp:99] Thread 34603008 construct Actor kNormalForward 72567767433234
I1222 14:09:03.117377 78730 runtime_context.cpp:29] DecreaseCounter constructing_actor_cnt, current val is 1579
I1222 14:09:03.117379 78739 naive_actor.cpp:25] actor 72567769530422 switch to &NaiveActor::HandlerNormal
I1222 14:09:03.117487 78739 thread.cpp:99] Thread 34603009 construct Actor kCollectiveBoxingGeneric 72567769530422
I1222 14:09:03.117605 78739 runtime_context.cpp:29] DecreaseCounter constructing_actor_cnt, current val is 1578
I1222 14:09:03.117919 78739 naive_actor.cpp:25] actor 72567769530438 switch to &NaiveActor::HandlerNormal
I1222 14:09:03.118010 78739 thread.cpp:99] Thread 34603009 construct Actor kCollectiveBoxingGeneric 72567769530438
I1222 14:09:03.118052 78730 naive_actor.cpp:25] actor 72567767433249 switch to &NaiveActor::HandlerNormal
I1222 14:09:03.118098 78739 runtime_context.cpp:29] DecreaseCounter constructing_actor_cnt, current val is 1577
I1222 14:09:03.118119 78730 thread.cpp:99] Thread 34603008 construct Actor kNormalForward 72567767433249
I1222 14:09:03.118265 78730 runtime_context.cpp:29] DecreaseCounter constructing_actor_cnt, current val is 1576
I1222 14:09:03.118433 78739 naive_actor.cpp:25] actor 72567769530372 switch to &NaiveActor::HandlerNormal
I1222 14:09:03.118546 78739 thread.cpp:99] Thread 34603009 construct Actor kCollectiveBoxingGeneric 72567769530372
