 Insert buffer op : [System-Pipeline-Buffer-Op_-base_model.m_stage0.encoder.layer.1.output.dropout-dropout_97-mask_0-stage_id_0](buffer_size:4) 
 from [base_model.m_stage0.encoder.layer.1.output.dropout-dropout_97] (stage_id:0) -> [base_model.m_stage0.encoder.layer.1.output.dropout-dropout_97_grad] (stage_id:0) 
I1222 14:15:31.299163 79434 pipeline_buffer_pass.cpp:117] 
 Insert buffer op : [System-Pipeline-Buffer-Op_-base_model.m_stage0.encoder.layer.1.intermediate.intermediate_act_fn-gelu_94-out_0-stage_id_0](buffer_size:4) 
 from [base_model.m_stage0.encoder.layer.1.intermediate.intermediate_act_fn-gelu_94] (stage_id:0) -> [base_model.m_stage0.encoder.layer.1.output.dense-broadcast_matmul_95_b_grad] (stage_id:0) 
I1222 14:15:31.299624 79434 pipeline_buffer_pass.cpp:117] 
 Insert buffer op : [System-Pipeline-Buffer-Op_-base_model.m_stage0.encoder.layer.1.intermediate.dense-broadcast_add_93-z_0-stage_id_0](buffer_size:4) 
 from [base_model.m_stage0.encoder.layer.1.intermediate.dense-broadcast_add_93] (stage_id:0) -> [base_model.m_stage0.encoder.layer.1.intermediate.intermediate_act_fn-gelu_94_grad] (stage_id:0) 
I1222 14:15:31.299685 79434 pipeline_buffer_pass.cpp:117] 
 Insert buffer op : [System-Pipeline-Buffer-Op_-base_model.m_stage0.encoder.layer.1.attention.output.LayerNorm-layer_norm_91-y_0-stage_id_0](buffer_size:4) 
 from [base_model.m_stage0.encoder.layer.1.attention.output.LayerNorm-layer_norm_91] (stage_id:0) -> [base_model.m_stage0.encoder.layer.1.intermediate.dense-broadcast_matmul_92_b_grad] (stage_id:0) 
I1222 14:15:31.299739 79434 pipeline_buffer_pass.cpp:117] 
 Insert buffer op : [System-Pipeline-Buffer-Op_-base_model.m_stage0.encoder.layer.1.attention.output.LayerNorm-layer_norm_91-normalized_0-stage_id_0](buffer_size:4) 
 from [base_model.m_stage0.encoder.layer.1.attention.output.LayerNorm-layer_norm_91] (stage_id:0) -> [base_model.m_stage0.encoder.layer.1.attention.output.LayerNorm-layer_norm_91_param_grad] (stage_id:0) 
I1222 14:15:31.299808 79434 pipeline_buffer_pass.cpp:117] 
 Insert buffer op : [System-Pipeline-Buffer-Op_-base_model.m_stage0.encoder.layer.1.attention.output-add_n_90-out_0-stage_id_0](buffer_size:4) 
 from [base_model.m_stage0.encoder.layer.1.attention.output-add_n_90] (stage_id:0) -> [base_model.m_stage0.encoder.layer.1.attention.output.LayerNorm-layer_norm_91_grad] (stage_id:0) 
I1222 14:15:31.299863 79434 pipeline_buffer_pass.cpp:117] 
 Insert buffer op : [System-Pipeline-Buffer-Op_-base_model.m_stage0.encoder.layer.1.attention.output.LayerNorm-layer_norm_91-mean_0-stage_id_0](buffer_size:4) 
 from [base_model.m_stage0.encoder.layer.1.attention.output.LayerNorm-layer_norm_91] (stage_id:0) -> [base_model.m_stage0.encoder.layer.1.attention.output.LayerNorm-layer_norm_91_grad] (stage_id:0) 
I1222 14:15:31.299912 79434 pipeline_buffer_pass.cpp:117] 
 Insert buffer op : [System-Pipeline-Buffer-Op_-base_model.m_stage0.encoder.layer.1.attention.output.LayerNorm-layer_norm_91-inv_variance_0-stage_id_0](buffer_size:4) 
 from [base_model.m_stage0.encoder.layer.1.attention.output.LayerNorm-layer_norm_91] (stage_id:0) -> [base_model.m_stage0.encoder.layer.1.attention.output.LayerNorm-layer_norm_91_grad] (stage_id:0) 
I1222 14:15:31.299966 79434 pipeline_buffer_pass.cpp:117] 
 Insert buffer op : [System-Pipeline-Buffer-Op_-base_model.m_stage0.encoder.layer.1.attention.output.dropout-dropout_89-mask_0-stage_id_0](buffer_size:4) 
 from [base_model.m_stage0.encoder.layer.1.attention.output.dropout-dropout_89] (stage_id:0) -> [base_model.m_stage0.encoder.layer.1.attention.output.dropout-dropout_89_grad] (stage_id:0) 
I1222 14:15:31.300026 79434 pipeline_buffer_pass.cpp:117] 
 Insert buffer op : [System-Pipeline-Buffer-Op_-base_model.m_stage0.encoder.layer.1.attention.self-reshape_86-out_0-stage_id_0](buffer_size:4) 
 from [base_model.m_stage0.encoder.layer.1.attention.self-reshape_86] (stage_id:0) -> [base_model.m_stage0.encoder.layer.1.attention.output.dense-broadcast_matmul_87_b_grad] (stage_id:0) 
I1222 14:15:31.300084 79434 pipeline_buffer_pass.cpp:117] 
 Insert buffer op : [System-Pipeline-Buffer-Op_-base_model.m_stage0.encoder.layer.1.attention.self-transpose_77-output_0-stage_id_0](buffer_size:4) 
 from [base_model.m_stage0.encoder.layer.1.attention.self-transpose_77] (stage_id:0) -> [base_model.m_stage0.encoder.layer.1.attention.self-batch_matmul_84_grad_a] (stage_id:0) 
I1222 14:15:31.300171 79434 pipeline_buffer_pass.cpp:117] 
 Insert buffer op : [System-Pipeline-Buffer-Op_-base_model.m_stage0.encoder.layer.1.attention.self.dropout-dropout_83-out_0-stage_id_0](buffer_size:4) 
 from [base_model.m_stage0.encoder.layer.1.attention.self.dropout-dropout_83] (stage_id:0) -> [base_model.m_stage0.encoder.layer.1.attention.self-batch_matmul_84_grad_b] (stage_id:0) 
I1222 14:15:31.300637 79434 pipeline_buffer_pass.cpp:117] 
 Insert buffer op : [System-Pipeline-Buffer-Op_-base_model.m_stage0.encoder.layer.1.attention.self.dropout-dropout_83-mask_0-stage_id_0](buffer_size:4) 
 from [base_model.m_stage0.encoder.layer.1.attention.self.dropout-dropout_83] (stage_id:0) -> [base_model.m_stage0.encoder.layer.1.attention.self.dropout-dropout_83_grad] (stage_id:0) 
I1222 14:15:31.300693 79434 pipeline_buffer_pass.cpp:117] 
 Insert buffer op : [System-Pipeline-Buffer-Op_-base_model.m_stage0.encoder.layer.1.attention.self-softmax_82-out_0-stage_id_0](buffer_size:4) 
 from [base_model.m_stage0.encoder.layer.1.attention.self-softmax_82] (stage_id:0) -> [base_model.m_stage0.encoder.layer.1.attention.self-softmax_82_grad] (stage_id:0) 
I1222 14:15:31.300751 79434 pipeline_buffer_pass.cpp:117] 
 Insert buffer op : [System-Pipeline-Buffer-Op_-base_model.m_stage0.encoder.layer.0.output.LayerNorm-layer_norm_65-y_0-stage_id_0](buffer_size:4) 
 from [base_model.m_stage0.encoder.layer.0.output.LayerNorm-layer_norm_65] (stage_id:0) -> [base_model.m_stage0.encoder.layer.1.attention.self.value-broadcast_matmul_74_b_grad] (stage_id:0) 
I1222 14:15:31.300804 79434 pipeline_buffer_pass.cpp:117] 
 Insert buffer op : [System-Pipeline-Buffer-Op_-base_model.m_stage0.encoder.layer.1.attention.self-transpose_78-output_0-stage_id_0](buffer_size:4) 
 from [base_model.m_stage0.encoder.layer.1.attention.self-transpose_78] (stage_id:0) -> [base_model.m_stage0.encoder.layer.1.attention.self-batch_matmul_79_grad_a] (stage_id:0) 
I1222 14:15:31.300858 79434 pipeline_buffer_pass.cpp:117] 
 Insert buffer op : [System-Pipeline-Buffer-Op_-base_model.m_stage0.encoder.layer.1.attention.self-transpose_69-output_0-stage_id_0](buffer_size:4) 
 from [base_model.m_stage0.encoder.layer.1.attention.self-transpose_69] (stage_id:0) -> [base_model.m_stage0.encoder.layer.1.attention.self-batch_matmul_79_grad_b] (stage_id:0) 
I1222 14:15:31.300953 79434 pipeline_buffer_pass.cpp:117] 
 Insert buffer op : [System-Pipeline-Buffer-Op_-base_model.m_stage0.encoder.layer.0.output.LayerNorm-layer_norm_65-normalized_0-stage_id_0](buffer_size:4) 
 from [base_model.m_stage0.encoder.layer.0.output.LayerNorm-layer_norm_65] (stage_id:0) -> [base_model.m_stage0.encoder.layer.0.output.LayerNorm-layer_norm_65_param_grad] (stage_id:0) 
I1222 14:15:31.301012 79434 pipeline_buffer_pass.cpp:117] 
 Insert buffer op : [System-Pipeline-Buffer-Op_-base_model.m_stage0.encoder.layer.0.output-add_n_64-out_0-stage_id_0](buffer_size:4) 
 from [base_model.m_stage0.encoder.layer.0.output-add_n_64] (stage_id:0) -> [base_model.m_stage0.encoder.layer.0.output.LayerNorm-layer_norm_65_grad] (stage_id:0) 
I1222 14:15:31.301064 79434 pipeline_buffer_pass.cpp:117] 
 Insert buffer op : [System-Pipeline-Buffer-Op_-base_model.m_stage0.encoder.layer.0.output.LayerNorm-layer_norm_65-mean_0-stage_id_0](buffer_size:4) 
 from [base_model.m_stage0.encoder.layer.0.output.LayerNorm-layer_norm_65] (stage_id:0) -> [base_model.m_stage0.encoder.layer.0.output.LayerNorm-layer_norm_65_grad] (stage_id:0) 
I1222 14:15:31.301112 79434 pipeline_buffer_pass.cpp:117] 
 Insert buffer op : [System-Pipeline-Buffer-Op_-base_model.m_stage0.encoder.layer.0.output.LayerNorm-layer_norm_65-inv_variance_0-stage_id_0](buffer_size:4) 
 from [base_model.m_stage0.encoder.layer.0.output.LayerNorm-layer_norm_65] (stage_id:0) -> [base_model.m_stage0.encoder.layer.0.output.LayerNorm-layer_norm_65_grad] (stage_id:0) 
I1222 14:15:31.301163 79434 pipeline_buffer_pass.cpp:117] 
 Insert buffer op : [System-Pipeline-Buffer-Op_-base_model.m_stage0.encoder.layer.0.output.dropout-dropout_63-mask_0-stage_id_0](buffer_size:4) 
 from [base_model.m_stage0.encoder.layer.0.output.dropout-dropout_63] (stage_id:0) -> [base_model.m_stage0.encoder.layer.0.output.dropout-dropout_63_grad] (stage_id:0) 
I1222 14:15:31.301251 79434 pipeline_buffer_pass.cpp:117] 
 Insert buffer op : [System-Pipeline-Buffer-Op_-base_model.m_stage0.encoder.layer.0.intermediate.intermediate_act_fn-gelu_60-out_0-stage_id_0](buffer_size:4) 
 from [base_model.m_stage0.encoder.layer.0.intermediate.intermediate_act_fn-gelu_60] (stage_id:0) -> [base_model.m_stage0.encoder.layer.0.output.dense-broadcast_matmul_61_b_grad] (stage_id:0) 
I1222 14:15:31.301715 79434 pipeline_buffer_pass.cpp:117] 
 Insert buffer op : [System-Pipeline-Buffer-Op_-base_model.m_stage0.encoder.layer.0.intermediate.dense-broadcast_add_59-z_0-stage_id_0](buffer_size:4) 
 from [base_model.m_stage0.encoder.layer.0.intermediate.dense-broadcast_add_59] (stage_id:0) -> [base_model.m_stage0.encoder.layer.0.intermediate.intermediate_act_fn-gelu_60_grad] (stage_id:0) 
I1222 14:15:31.301776 79434 pipeline_buffer_pass.cpp:117] 
 Insert buffer op : [System-Pipeline-Buffer-Op_-base_model.m_stage0.encoder.layer.0.attention.output.LayerNorm-layer_norm_57-y_0-stage_id_0](buffer_size:4) 
 from [base_model.m_stage0.encoder.layer.0.attention.output.LayerNorm-layer_norm_57] (stage_id:0) -> [base_model.m_stage0.encoder.layer.0.intermediate.dense-broadcast_matmul_58_b_grad] (stage_id:0) 
I1222 14:15:31.301836 79434 pipeline_buffer_pass.cpp:117] 
 Insert buffer op : [System-Pipeline-Buffer-Op_-base_model.m_stage0.encoder.layer.0.attention.output.LayerNorm-layer_norm_57-normalized_0-stage_id_0](buffer_size:4) 
 from [base_model.m_stage0.encoder.layer.0.attention.output.LayerNorm-layer_norm_57] (stage_id:0) -> [base_model.m_stage0.encoder.layer.0.attention.output.LayerNorm-layer_norm_57_param_grad] (stage_id:0) 
I1222 14:15:31.301890 79434 pipeline_buffer_pass.cpp:117] 
 Insert buffer op : [System-Pipeline-Buffer-Op_-base_model.m_stage0.encoder.layer.0.attention.output.LayerNorm-layer_norm_57-mean_0-stage_id_0](buffer_size:4) 
 from [base_model.m_stage0.encoder.layer.0.attention.output.LayerNorm-layer_norm_57] (stage_id:0) -> [base_model.m_stage0.encoder.layer.0.attention.output.LayerNorm-layer_norm_57_grad] (stage_id:0) 
I1222 14:15:31.301940 79434 pipeline_buffer_pass.cpp:117] 
 Insert buffer op : [System-Pipeline-Buffer-Op_-base_model.m_stage0.encoder.layer.0.attention.output.LayerNorm-layer_norm_57-inv_variance_0-stage_id_0](buffer_size:4) 
 from [base_model.m_stage0.encoder.layer.0.attention.output.LayerNorm-layer_norm_57] (stage_id:0) -> [base_model.m_stage0.encoder.layer.0.attention.output.LayerNorm-layer_norm_57_grad] (stage_id:0) 
I1222 14:15:31.301990 79434 pipeline_buffer_pass.cpp:117] 
 Insert buffer op : [System-Pipeline-Buffer-Op_-base_model.m_stage0.encoder.layer.0.attention.output-add_n_56-out_0-stage_id_0](buffer_size:4) 
 from [base_model.m_stage0.encoder.layer.0.attention.output-add_n_56] (stage_id:0) -> [base_model.m_stage0.encoder.layer.0.attention.output.LayerNorm-layer_norm_57_grad] (stage_id:0) 
I1222 14:15:31.302042 79434 pipeline_buffer_pass.cpp:117] 
 Insert buffer op : [System-Pipeline-Buffer-Op_-base_model.m_stage0.encoder.layer.0.attention.output.dropout-dropout_55-mask_0-stage_id_0](buffer_size:4) 
 from [base_model.m_stage0.encoder.layer.0.attention.output.dropout-dropout_55] (stage_id:0) -> [base_model.m_stage0.encoder.layer.0.attention.output.dropout-dropout_55_grad] (stage_id:0) 
I1222 14:15:31.302098 79434 pipeline_buffer_pass.cpp:117] 
 Insert buffer op : [System-Pipeline-Buffer-Op_-base_model.m_stage0.encoder.layer.0.attention.self-reshape_52-out_0-stage_id_0](buffer_size:4) 
 from [base_model.m_stage0.encoder.layer.0.attention.self-reshape_52] (stage_id:0) -> [base_model.m_stage0.encoder.layer.0.attention.output.dense-broadcast_matmul_53_b_grad] (stage_id:0) 
I1222 14:15:31.302153 79434 pipeline_buffer_pass.cpp:117] 
 Insert buffer op : [System-Pipeline-Buffer-Op_-base_model.m_stage0.encoder.layer.0.attention.self-transpose_43-output_0-stage_id_0](buffer_size:4) 
 from [base_model.m_stage0.encoder.layer.0.attention.self-transpose_43] (stage_id:0) -> [base_model.m_stage0.encoder.layer.0.attention.self-batch_matmul_50_grad_a] (stage_id:0) 
I1222 14:15:31.302234 79434 pipeline_buffer_pass.cpp:117] 
 Insert buffer op : [System-Pipeline-Buffer-Op_-base_model.m_stage0.encoder.layer.0.attention.self.dropout-dropout_49-out_0-stage_id_0](buffer_size:4) 
 from [base_model.m_stage0.encoder.layer.0.attention.self.dropout-dropout_49] (stage_id:0) -> [base_model.m_stage0.encoder.layer.0.attention.self-batch_matmul_50_grad_b] (stage_id:0) 
I1222 14:15:31.302687 79434 pipeline_buffer_pass.cpp:117] 
 Insert buffer op : [System-Pipeline-Buffer-Op_-base_model.m_stage0.encoder.layer.0.attention.self.dropout-dropout_49-mask_0-stage_id_0](buffer_size:4) 
 from [base_model.m_stage0.encoder.layer.0.attention.self.dropout-dropout_49] (stage_id:0) -> [base_model.m_stage0.encoder.layer.0.attention.self.dropout-dropout_49_grad] (stage_id:0) 
I1222 14:15:31.302744 79434 pipeline_buffer_pass.cpp:117] 
 Insert buffer op : [System-Pipeline-Buffer-Op_-base_model.m_stage0.encoder.layer.0.attention.self-softmax_48-out_0-stage_id_0](buffer_size:4) 
 from [base_model.m_stage0.encoder.layer.0.attention.self-softmax_48] (stage_id:0) -> [base_model.m_stage0.encoder.layer.0.attention.self-softmax_48_grad] (stage_id:0) 
I1222 14:15:31.302803 79434 pipeline_buffer_pass.cpp:117] 
 Insert buffer op : [System-Pipeline-Buffer-Op_-base_model.m_stage0.embeddings.dropout-dropout_25-out_0-stage_id_0](buffer_size:4) 
 from [base_model.m_stage0.embeddings.dropout-dropout_25] (stage_id:0) -> [base_model.m_stage0.encoder.layer.0.attention.self.value-broadcast_matmul_40_b_grad] (stage_id:0) 
I1222 14:15:31.302856 79434 pipeline_buffer_pass.cpp:117] 
 Insert buffer op : [System-Pipeline-Buffer-Op_-base_model.m_stage0.encoder.layer.0.attention.self-transpose_44-output_0-stage_id_0](buffer_size:4) 
 from [base_model.m_stage0.encoder.layer.0.attention.self-transpose_44] (stage_id:0) -> [base_model.m_stage0.encoder.layer.0.attention.self-batch_matmul_45_grad_a] (stage_id:0) 
I1222 14:15:31.302908 79434 pipeline_buffer_pass.cpp:117] 
 Insert buffer op : [System-Pipeline-Buffer-Op_-base_model.m_stage0.encoder.layer.0.attention.self-transpose_35-output_0-stage_id_0](buffer_size:4) 
 from [base_model.m_stage0.encoder.layer.0.attention.self-transpose_35] (stage_id:0) -> [base_model.m_stage0.encoder.layer.0.attention.self-batch_matmul_45_grad_b] (stage_id:0) 
I1222 14:15:31.303004 79434 pipeline_buffer_pass.cpp:117] 
 Insert buffer op : [System-Pipeline-Buffer-Op_-base_model.m_stage0.embeddings.dropout-dropout_25-mask_0-stage_id_0](buffer_size:4) 
 from [base_model.m_stage0.embeddings.dropout-dropout_25] (stage_id:0) -> [base_model.m_stage0.embeddings.dropout-dropout_25_grad] (stage_id:0) 
I1222 14:15:31.303059 79434 pipeline_buffer_pass.cpp:117] 
 Insert buffer op : [System-Pipeline-Buffer-Op_-base_model.m_stage0.embeddings.LayerNorm-layer_norm_24-normalized_0-stage_id_0](buffer_size:4) 
 from [base_model.m_stage0.embeddings.LayerNorm-layer_norm_24] (stage_id:0) -> [base_model.m_stage0.embeddings.LayerNorm-layer_norm_24_param_grad] (stage_id:0) 
I1222 14:15:31.303117 79434 pipeline_buffer_pass.cpp:117] 
 Insert buffer op : [System-Pipeline-Buffer-Op_-base_model.m_stage0.embeddings-broadcast_add_23-z_0-stage_id_0](buffer_size:4) 
 from [base_model.m_stage0.embeddings-broadcast_add_23] (stage_id:0) -> [base_model.m_stage0.embeddings.LayerNorm-layer_norm_24_grad] (stage_id:0) 
I1222 14:15:31.303172 79434 pipeline_buffer_pass.cpp:117] 
 Insert buffer op : [System-Pipeline-Buffer-Op_-base_model.m_stage0.embeddings.LayerNorm-layer_norm_24-mean_0-stage_id_0](buffer_size:4) 
 from [base_model.m_stage0.embeddings.LayerNorm-layer_norm_24] (stage_id:0) -> [base_model.m_stage0.embeddings.LayerNorm-layer_norm_24_grad] (stage_id:0) 
I1222 14:15:31.303220 79434 pipeline_buffer_pass.cpp:117] 
 Insert buffer op : [System-Pipeline-Buffer-Op_-base_model.m_stage0.embeddings.LayerNorm-layer_norm_24-inv_variance_0-stage_id_0](buffer_size:4) 
 from [base_model.m_stage0.embeddings.LayerNorm-layer_norm_24] (stage_id:0) -> [base_model.m_stage0.embeddings.LayerNorm-layer_norm_24_grad] (stage_id:0) 
I1222 14:15:31.303323 79434 pipeline_buffer_pass.cpp:117] 
 Insert buffer op : [System-Pipeline-Buffer-Op_-base_model.m_stage0.embeddings.position_embeddings-gather_20-out_0-stage_id_0](buffer_size:4) 
 from [base_model.m_stage0.embeddings.position_embeddings-gather_20] (stage_id:0) -> [base_model.m_stage0.embeddings-broadcast_add_23_y_grad_reduce_sum_like] (stage_id:0) 
I1222 14:15:31.303812 79434 pipeline_buffer_pass.cpp:117] 
 Insert buffer op : [System-Pipeline-Buffer-Op_-base_model.m_stage0.embeddings-slice_19-y_0-stage_id_0](buffer_size:4) 
 from [base_model.m_stage0.embeddings-slice_19] (stage_id:0) -> [base_model.m_stage0.embeddings.position_embeddings-gather_20_grad] (stage_id:0) 
I1222 14:15:31.303872 79434 pipeline_buffer_pass.cpp:117] 
 Insert buffer op : [System-Pipeline-Buffer-Op_-base_model-identity_15-out_0-stage_id_0](buffer_size:4) 
 from [base_model-identity_15] (stage_id:0) -> [base_model.m_stage0.embeddings.word_embeddings-gather_18_grad] (stage_id:0) 
I1222 14:15:31.303927 79434 pipeline_buffer_pass.cpp:117] 
 Insert buffer op : [System-Pipeline-Buffer-Op_-base_model-identity_16-out_0-stage_id_0](buffer_size:4) 
 from [base_model-identity_16] (stage_id:0) -> [base_model.m_stage0.embeddings.token_type_embeddings-gather_21_grad] (stage_id:0) 
I1222 14:15:31.304473 79434 pipeline_buffer_pass.cpp:117] 
 Insert buffer op : [System-Pipeline-Buffer-Op_-_train_data_loader-hierarchical_parallel_cast_8-out_0-stage_id_0](buffer_size:4) 
 from [_train_data_loader-hierarchical_parallel_cast_8] (stage_id:0) -> [base_model-identity_15] (stage_id:0) 
I1222 14:15:31.304550 79434 pipeline_buffer_pass.cpp:117] 
 Insert buffer op : [System-Pipeline-Buffer-Op_-_train_data_loader-hierarchical_parallel_cast_11-out_0-stage_id_0](buffer_size:4) 
 from [_train_data_loader-hierarchical_parallel_cast_11] (stage_id:0) -> [base_model-identity_16] (stage_id:0) 
I1222 14:15:31.304605 79434 pipeline_buffer_pass.cpp:117] 
 Insert buffer op : [System-Pipeline-Buffer-Op_-_train_data_loader-hierarchical_parallel_cast_10-out_0-stage_id_0](buffer_size:4) 
 from [_train_data_loader-hierarchical_parallel_cast_10] (stage_id:0) -> [base_model-identity_17] (stage_id:0) 
I1222 14:15:31.305151 79434 pipeline_buffer_pass.cpp:212] 
 Insert buffer op pair : src_buffer = <System-Pipeline-Buffer-Op_-base_model-identity_440-out_0>(buffer_size:1) , dst_buffer = <System-Pipeline-Buffer-Op_-base_model-identity_440-out_0-stage_id_1>(buffer_size:1) 
 from [base_model-identity_440] (stage_id:0) -> [base_model-identity_441] (stage_id:1) 
I1222 14:15:31.305212 79434 pipeline_buffer_pass.cpp:117] 
 Insert buffer op : [System-Pipeline-Buffer-Op_-_train_data_loader-hierarchical_parallel_cast_10-out_0-stage_id_1](buffer_size:4) 
 from [_train_data_loader-hierarchical_parallel_cast_10] (stage_id:0) -> [base_model-identity_442] (stage_id:1) 
I1222 14:15:31.305761 79434 pipeline_buffer_pass.cpp:117] 
 Insert buffer op : [System-Pipeline-Buffer-Op_-_train_data_loader-hierarchical_parallel_cast_9-out_0-stage_id_1](buffer_size:4) 
 from [_train_data_loader-hierarchical_parallel_cast_9] (stage_id:0) -> [reshape_872] (stage_id:1) 
I1222 14:15:31.305826 79434 pipeline_buffer_pass.cpp:117] 
 Insert buffer op : [System-Pipeline-Buffer-Op_-_train_data_loader-hierarchical_parallel_cast_13-out_0-stage_id_1](buffer_size:4) 
 from [_train_data_loader-hierarchical_parallel_cast_13] (stage_id:0) -> [expand_dims_880] (stage_id:1) 
I1222 14:15:31.305882 79434 pipeline_buffer_pass.cpp:117] 
 Insert buffer op : [System-Pipeline-Buffer-Op_-_train_data_loader-hierarchical_parallel_cast_12-out_0-stage_id_1](buffer_size:4) 
 from [_train_data_loader-hierarchical_parallel_cast_12] (stage_id:0) -> [reshape_884] (stage_id:1) 
I1222 14:15:31.305938 79434 pipeline_buffer_pass.cpp:117] 
 Insert buffer op : [System-Pipeline-Buffer-Op_-_train_data_loader-hierarchical_parallel_cast_14-out_0-stage_id_1](buffer_size:4) 
 from [_train_data_loader-hierarchical_parallel_cast_14] (stage_id:0) -> [multiply_891] (stage_id:1) 
I1222 14:15:31.307206 79434 pipeline_buffer_pass.cpp:212] 
 Insert buffer op pair : src_buffer = <System-Pipeline-Buffer-Op_-base_model-identity_441_grad-out_0>(buffer_size:1) , dst_buffer = <System-Pipeline-Buffer-Op_-base_model-identity_441_grad-out_0-stage_id_0>(buffer_size:1) 
 from [base_model-identity_441_grad] (stage_id:1) -> [base_model-identity_440_grad] (stage_id:0) 
I1222 14:15:32.290329 79434 global.h:43] DeleteGlobal N7oneflow7JobDescE
I1222 14:15:33.445309 79434 global.h:36] NewGlobal N7oneflow7JobDescE
I1222 14:15:51.091526 79434 runtime_context.cpp:21] NewCounter constructing_actor_cnt 3258
I1222 14:15:51.092496 79750 wait_and_send_ids_actor.cpp:53] actor 71468392120320 switch to &WaitAndSendIdsActor::HandlerWaitToStart
I1222 14:15:51.093101 79737 naive_actor.cpp:25] actor 72567767436216 switch to &NaiveActor::HandlerNormal
I1222 14:15:51.092816 79750 thread.cpp:99] Thread 34078785 construct Actor kWaitAndSendIds 71468392120320
I1222 14:15:51.093181 79737 thread.cpp:99] Thread 34603008 construct Actor kDeviceTick 72567767436216
I1222 14:15:51.093410 79750 runtime_context.cpp:29] DecreaseCounter constructing_actor_cnt, current val is 3257
I1222 14:15:51.093439 79737 runtime_context.cpp:29] DecreaseCounter constructing_actor_cnt, current val is 3256
I1222 14:15:51.196493 79737 naive_actor.cpp:25] actor 72567767433219 switch to &NaiveActor::HandlerNormal
I1222 14:15:51.196691 79737 thread.cpp:99] Thread 34603008 construct Actor kNormalForward 72567767433219
I1222 14:15:51.196842 79737 runtime_context.cpp:29] DecreaseCounter constructing_actor_cnt, current val is 3255
I1222 14:15:51.196868 79743 naive_actor.cpp:25] actor 71468257902592 switch to &NaiveActor::HandlerNormal
I1222 14:15:51.196885 79741 naive_actor.cpp:25] actor 71468262096896 switch to &NaiveActor::HandlerNormal
I1222 14:15:51.196909 79744 naive_actor.cpp:25] actor 71468266291200 switch to &NaiveActor::HandlerNormal
I1222 14:15:51.196960 79743 thread.cpp:99] Thread 34078721 construct Actor kNormalForward 71468257902592
I1222 14:15:51.197007 79741 thread.cpp:99] Thread 34078723 construct Actor kNormalForward 71468262096896
I1222 14:15:51.197063 79744 thread.cpp:99] Thread 34078725 construct Actor kNormalForward 71468266291200
I1222 14:15:51.197160 79740 naive_actor.cpp:25] actor 71468259999744 switch to &NaiveActor::HandlerNormal
I1222 14:15:51.197235 79743 runtime_context.cpp:29] DecreaseCounter constructing_actor_cnt, current val is 3254
I1222 14:15:51.197196 79742 naive_actor.cpp:25] actor 71468268388352 switch to &NaiveActor::HandlerNormal
I1222 14:15:51.197242 79740 thread.cpp:99] Thread 34078722 construct Actor kNormalForward 71468259999744
I1222 14:15:51.197252 79741 runtime_context.cpp:29] DecreaseCounter constructing_actor_cnt, current val is 3253
I1222 14:15:51.197275 79744 runtime_context.cpp:29] DecreaseCounter constructing_actor_cnt, current val is 3252
I1222 14:15:51.197335 79742 thread.cpp:99] Thread 34078726 construct Actor kNormalForward 71468268388352
I1222 14:15:51.197537 79738 naive_actor.cpp:25] actor 71468264194048 switch to &NaiveActor::HandlerNormal
I1222 14:15:51.197665 79740 runtime_context.cpp:29] DecreaseCounter constructing_actor_cnt, current val is 3251
I1222 14:15:51.197741 79738 thread.cpp:99] Thread 34078724 construct Actor kNormalForward 71468264194048
I1222 14:15:51.197818 79748 naive_actor.cpp:25] actor 72567769530376 switch to &NaiveActor::HandlerNormal
I1222 14:15:51.197844 79742 runtime_context.cpp:29] DecreaseCounter constructing_actor_cnt, current val is 3250
I1222 14:15:51.197908 79739 naive_actor.cpp:25] actor 71468255805440 switch to &NaiveActor::HandlerNormal
I1222 14:15:51.197943 79746 copy_comm_net_actor.cpp:66] actor 71468400508932 switch to &CopyCommNetActor::HandlerNormal
I1222 14:15:51.197963 79758 naive_actor.cpp:25] actor 72567771627524 switch to &NaiveActor::HandlerNormal
I1222 14:15:51.198011 79748 thread.cpp:99] Thread 34603009 construct Actor kCollectiveBoxingGeneric 72567769530376
I1222 14:15:51.198061 79752 naive_actor.cpp:25] actor 72567773724672 switch to &NaiveActor::HandlerNormal
I1222 14:15:51.198076 79738 runtime_context.cpp:29] DecreaseCounter constructing_actor_cnt, current val is 3249
I1222 14:15:51.198159 79739 thread.cpp:99] Thread 34078720 construct Actor kNormalForward 71468255805440
I1222 14:15:51.198210 79746 thread.cpp:99] Thread 34078789 construct Actor kCopyCommNet 71468400508932
I1222 14:15:51.198220 79737 naive_actor.cpp:25] actor 72567767433242 switch to &NaiveActor::HandlerNormal
I1222 14:15:51.199327 79749 naive_actor.cpp:25] actor 71468396314624 switch to &NaiveActor::HandlerNormal
I1222 14:15:51.198220 79756 sink_actor.cpp:21] actor 71468394217472 switch to &SinkActor::HandlerNormal
I1222 14:15:51.199491 79749 thread.cpp:99] Thread 34078787 construct Actor kCriticalSectionWaitTick 71468396314624
I1222 14:15:51.198406 79748 runtime_context.cpp:29] DecreaseCounter constructing_actor_cnt, current val is 3248
I1222 14:15:51.198406 79754 naive_actor.cpp:25] actor 71468398411776 switch to &NaiveActor::HandlerNormal
I1222 14:15:51.198434 79755 naive_actor.cpp:25] actor 71468272582656 switch to &NaiveActor::HandlerNormal
I1222 14:15:51.198868 79753 naive_actor.cpp:25] actor 71468270485504 switch to &NaiveActor::HandlerNormal
I1222 14:15:51.199141 79752 thread.cpp:99] Thread 34603011 construct Actor kCopyHd 72567773724672
I1222 14:15:51.199307 79746 runtime_context.cpp:29] DecreaseCounter constructing_actor_cnt, current val is 3247
I1222 14:15:51.199965 79752 runtime_context.cpp:29] DecreaseCounter constructing_actor_cnt, current val is 3244
I1222 14:15:51.198233 79745 naive_actor.cpp:25] actor 71468390023177 switch to &NaiveActor::HandlerNormal
I1222 14:15:51.199355 79737 thread.cpp:99] Thread 34603008 construct Actor kNormalForward 72567767433242
I1222 14:15:51.198271 79758 thread.cpp:99] Thread 34603010 construct Actor kCopyHd 72567771627524
I1222 14:15:51.199537 79756 thread.cpp:99] Thread 34078786 construct Actor kCallbackNotify 71468394217472
I1222 14:15:51.200184 79737 runtime_context.cpp:29] DecreaseCounter constructing_actor_cnt, current val is 3242
I1222 14:15:51.199697 79749 runtime_context.cpp:29] DecreaseCounter constructing_actor_cnt, current val is 3245
I1222 14:15:51.199826 79748 naive_actor.cpp:25] actor 72567769530422 switch to &NaiveActor::HandlerNormal
I1222 14:15:51.200382 79748 thread.cpp:99] Thread 34603009 construct Actor kCollectiveBoxingGeneric 72567769530422
I1222 14:15:51.199892 79753 thread.cpp:99] Thread 34078727 construct Actor kNormalForward 71468270485504
I1222 14:15:51.199316 79739 runtime_context.cpp:29] DecreaseCounter constructing_actor_cnt, current val is 3246
I1222 14:15:51.200500 79753 runtime_context.cpp:29] DecreaseCounter constructing_actor_cnt, current val is 3239
I1222 14:15:51.200083 79745 thread.cpp:99] Thread 34078784 construct Actor kDstSubsetTick 71468390023177
I1222 14:15:51.200165 79758 runtime_context.cpp:29] DecreaseCounter constructing_actor_cnt, current val is 3243
I1222 14:15:51.199682 79754 thread.cpp:99] Thread 34078788 construct Actor kCriticalSectionWaitTick 71468398411776
I1222 14:15:51.200210 79756 runtime_context.cpp:29] DecreaseCounter constructing_actor_cnt, current val is 3241
I1222 14:15:51.199834 79755 thread.cpp:99] Thread 34078728 construct Actor kNormalForward 71468272582656
I1222 14:15:51.200456 79748 runtime_context.cpp:29] DecreaseCounter constructing_actor_cnt, current val is 3240
I1222 14:15:51.200055 79746 copy_comm_net_actor.cpp:66] actor 71468400508930 switch to &CopyCommNetActor::HandlerNormal
I1222 14:15:51.200704 79745 runtime_context.cpp:29] DecreaseCounter constructing_actor_cnt, current val is 3238
I1222 14:15:51.200719 79758 naive_actor.cpp:25] actor 72567771627530 switch to &NaiveActor::HandlerNormal
I1222 14:15:51.201112 79758 thread.cpp:99] Thread 34603010 construct Actor kCopyHd 72567771627530
I1222 14:15:51.201036 79746 thread.cpp:99] Thread 34078789 construct Actor kCopyCommNet 71468400508930
I1222 14:15:51.201064 79755 runtime_context.cpp:29] DecreaseCounter constructing_actor_cnt, current val is 3236
I1222 14:15:51.200857 79754 runtime_context.cpp:29] DecreaseCounter constructing_actor_cnt, current val is 3237
I1222 14:15:51.201153 79758 runtime_context.cpp:29] DecreaseCounter constructing_actor_cnt, current val is 3235
I1222 14:15:51.201166 79748 naive_actor.cpp:25] actor 72567769530441 switch to &NaiveActor::HandlerNormal
I1222 14:15:51.201213 79746 runtime_context.cpp:29] DecreaseCounter constructing_actor_cnt, current val is 3234
I1222 14:15:51.201284 79745 naive_actor.cpp:25] actor 71468390023171 switch to &NaiveActor::HandlerNormal
I1222 14:15:51.201716 79737 naive_actor.cpp:25] actor 72567767433217 switch to &NaiveActor::HandlerNormal
I1222 14:15:51.202097 79748 thread.cpp:99] Thread 34603009 construct Actor kCollectiveBoxingGeneric 72567769530441
I1222 14:15:51.202124 79758 naive_actor.cpp:25] actor 72567771627525 switch to &NaiveActor::HandlerNormal
I1222 14:15:51.202265 79748 runtime_context.cpp:29] DecreaseCounter constructing_actor_cnt, current val is 3233
I1222 14:15:51.202184 79746 copy_comm_net_actor.cpp:66] actor 71468400508934 switch to &CopyCommNetActor::HandlerNormal
I1222 14:15:51.202231 79737 thread.cpp:99] Thread 34603008 construct Actor kNormalForward 72567767433217
I1222 14:15:51.202160 79745 thread.cpp:99] Thread 34078784 construct Actor kTick 71468390023171
I1222 14:15:51.202272 79758 thread.cpp:99] Thread 34603010 construct Actor kCopyHd 72567771627525
I1222 14:15:51.202320 79746 thread.cpp:99] Thread 34078789 construct Actor kCopyCommNet 71468400508934
I1222 14:15:51.202414 79737 runtime_context.cpp:29] DecreaseCounter constructing_actor_cnt, current val is 3232
I1222 14:15:51.202420 79748 naive_actor.cpp:25] actor 72567769530413 switch to &NaiveActor::HandlerNormal
I1222 14:15:51.202428 79758 runtime_context.cpp:29] DecreaseCounter constructing_actor_cnt, current val is 3231
I1222 14:15:51.202430 79745 runtime_context.cpp:29] DecreaseCounter constructing_actor_cnt, current val is 3230
I1222 14:15:51.202448 79746 runtime_context.cpp:29] DecreaseCounter constructing_actor_cnt, current val is 3229
I1222 14:15:51.202536 79748 thread.cpp:99] Thread 34603009 construct Actor kCollectiveBoxingGeneric 72567769530413
I1222 14:15:51.202636 79758 naive_actor.cpp:25] actor 72567771627528 switch to &NaiveActor::HandlerNormal
I1222 14:15:51.202723 79748 runtime_context.cpp:29] DecreaseCounter constructing_actor_cnt, current val is 3228
I1222 14:15:51.202729 79758 thread.cpp:99] Thread 34603010 construct Actor kCopyHd 72567771627528
I1222 14:15:51.202731 79746 copy_comm_net_actor.cpp:66] actor 71468400508929 switch to &CopyCommNetActor::HandlerNormal
I1222 14:15:51.202786 79758 runtime_context.cpp:29] DecreaseCounter constructing_actor_cnt, current val is 3227
I1222 14:15:51.202791 79737 naive_actor.cpp:25] actor 72567767433221 switch to &NaiveActor::HandlerNormal
I1222 14:15:51.202823 79746 thread.cpp:99] Thread 34078789 construct Actor kCopyCommNet 71468400508929
I1222 14:15:51.202857 79745 naive_actor.cpp:25] actor 71468390023168 switch to &NaiveActor::HandlerNormal
I1222 14:15:51.202880 79748 naive_actor.cpp:25] actor 72567769530456 switch to &NaiveActor::HandlerNormal
I1222 14:15:51.202909 79737 thread.cpp:99] Thread 34603008 construct Actor kNormalForward 72567767433221
I1222 14:15:51.202945 79746 runtime_context.cpp:29] DecreaseCounter constructing_actor_cnt, current val is 3226
I1222 14:15:51.202981 79745 thread.cpp:99] Thread 34078784 construct Actor kSrcSubsetTick 71468390023168
I1222 14:15:51.203027 79758 naive_actor.cpp:25] actor 72567771627523 switch to &NaiveActor::HandlerNormal
I1222 14:15:51.203028 79748 thread.cpp:99] Thread 34603009 construct Actor kCollectiveBoxingGeneric 72567769530456
I1222 14:15:51.203100 79737 runtime_context.cpp:29] DecreaseCounter constructing_actor_cnt, current val is 3225
I1222 14:15:51.203147 79745 runtime_context.cpp:29] DecreaseCounter constructing_actor_cnt, current val is 3224
I1222 14:15:51.203156 79746 copy_comm_net_actor.cpp:66] actor 71468400508928 switch to &CopyCommNetActor::HandlerNormal
I1222 14:15:51.203158 79758 thread.cpp:99] Thread 34603010 construct Actor kCopyHd 72567771627523
I1222 14:15:51.203195 79748 runtime_context.cpp:29] DecreaseCounter constructing_actor_cnt, current val is 3223
I1222 14:15:51.203871 79737 naive_actor.cpp:25] actor 72567767433218 switch to &NaiveActor::HandlerNormal
I1222 14:15:51.203383 79758 runtime_context.cpp:29] DecreaseCounter constructing_actor_cnt, current val is 3222
I1222 14:15:51.203466 79745 naive_actor.cpp:25] actor 71468390023172 switch to &NaiveActor::HandlerNormal
I1222 14:15:51.203298 79746 thread.cpp:99] Thread 34078789 construct Actor kCopyCommNet 71468400508928
I1222 14:15:51.203933 79737 thread.cpp:99] Thread 34603008 construct Actor kNormalForward 72567767433218
I1222 14:15:51.203995 79745 thread.cpp:99] Thread 34078784 construct Actor kTick 71468390023172
I1222 14:15:51.204000 79748 naive_actor.cpp:25] actor 72567769530373 switch to &NaiveActor::HandlerNormal
I1222 14:15:51.204131 79737 runtime_context.cpp:29] DecreaseCounter constructing_actor_cnt, current val is 3219
I1222 14:15:51.204037 79746 runtime_context.cpp:29] DecreaseCounter constructing_actor_cnt, current val is 3221
I1222 14:15:51.204128 79745 runtime_context.cpp:29] DecreaseCounter constructing_actor_cnt, current val is 3220
I1222 14:15:51.204035 79758 naive_actor.cpp:25] actor 72567771627522 switch to &NaiveActor::HandlerNormal
I1222 14:15:51.204139 79748 thread.cpp:99] Thread 34603009 construct Actor kCollectiveBoxingGeneric 72567769530373
I1222 14:15:51.204252 79758 thread.cpp:99] Thread 34603010 construct Actor kCopyHd 72567771627522
I1222 14:15:51.204339 79748 runtime_context.cpp:29] DecreaseCounter constructing_actor_cnt, current val is 3218
I1222 14:15:51.204269 79746 copy_comm_net_actor.cpp:66] actor 71468400508936 switch to &CopyCommNetActor::HandlerNormal
I1222 14:15:51.204360 79758 runtime_context.cpp:29] DecreaseCounter constructing_actor_cnt, current val is 3217
I1222 14:15:51.204406 79746 thread.cpp:99] Thread 34078789 construct Actor kCopyCommNet 71468400508936
I1222 14:15:51.204475 79746 runtime_context.cpp:29] DecreaseCounter constructing_actor_cnt, current val is 3216
I1222 14:15:51.204475 79745 naive_actor.cpp:25] actor 71468390023174 switch to &NaiveActor::HandlerNormal
I1222 14:15:51.204502 79748 naive_actor.cpp:25] actor 72567769530433 switch to &NaiveActor::HandlerNormal
I1222 14:15:51.204524 79758 naive_actor.cpp:25] actor 72567771627521 switch to &NaiveActor::HandlerNormal
I1222 14:15:51.204552 79745 thread.cpp:99] Thread 34078784 construct Actor kSrcSubsetTick 71468390023174
I1222 14:15:51.204586 79746 copy_comm_net_actor.cpp:66] actor 71468400508943 switch to &CopyCommNetActor::HandlerNormal
I1222 14:15:51.204612 79748 thread.cpp:99] Thread 34603009 construct Actor kCollectiveBoxingGeneric 72567769530433
I1222 14:15:51.204648 79758 thread.cpp:99] Thread 34603010 construct Actor kCopyHd 72567771627521
I1222 14:15:51.204743 79748 runtime_context.cpp:29] DecreaseCounter constructing_actor_cnt, current val is 3214
I1222 14:15:51.204705 79746 thread.cpp:99] Thread 34078789 construct Actor kCopyCommNet 71468400508943
I1222 14:15:51.204696 79745 runtime_context.cpp:29] DecreaseCounter constructing_actor_cnt, current val is 3215
I1222 14:15:51.204756 79758 runtime_context.cpp:29] DecreaseCounter constructing_actor_cnt, current val is 3213
I1222 14:15:51.204797 79746 runtime_context.cpp:29] DecreaseCounter constructing_actor_cnt, current val is 3212
I1222 14:15:51.204890 79748 naive_actor.cpp:25] actor 72567769530392 switch to &NaiveActor::HandlerNormal
I1222 14:15:51.204892 79737 naive_actor.cpp:25] actor 72567767433250 switch to &NaiveActor::HandlerNormal
I1222 14:15:51.204917 79758 naive_actor.cpp:25] actor 72567771627529 switch to &NaiveActor::HandlerNormal
I1222 14:15:51.204939 79748 thread.cpp:99] Thread 34603009 construct Actor kCollectiveBoxingGeneric 72567769530392
I1222 14:15:51.204942 79746 copy_comm_net_actor.cpp:66] actor 71468400508937 switch to &CopyCommNetActor::HandlerNormal
I1222 14:15:51.204998 79737 thread.cpp:99] Thread 34603008 construct Actor kNormalForward 72567767433250
I1222 14:15:51.205013 79745 naive_actor.cpp:25] actor 71468390023169 switch to &NaiveActor::HandlerNormal
I1222 14:15:51.205027 79758 thread.cpp:99] Thread 34603010 construct Actor kCopyHd 72567771627529
I1222 14:15:51.205065 79748 runtime_context.cpp:29] DecreaseCounter constructing_actor_cnt, current val is 3211
I1222 14:15:51.205072 79746 thread.cpp:99] Thread 34078789 construct Actor kCopyCommNet 71468400508937
I1222 14:15:51.205149 79737 runtime_context.cpp:29] DecreaseCounter constructing_actor_cnt, current val is 3210
I1222 14:15:51.205193 79745 thread.cpp:99] Thread 34078784 construct Actor kTick 71468390023169
I1222 14:15:51.205745 79758 runtime_context.cpp:29] DecreaseCounter constructing_actor_cnt, current val is 3209
I1222 14:15:51.205809 79746 runtime_context.cpp:29] DecreaseCounter constructing_actor_cnt, current val is 3208
I1222 14:15:51.205897 79745 runtime_context.cpp:29] DecreaseCounter constructing_actor_cnt, current val is 3207
I1222 14:15:51.205893 79748 naive_actor.cpp:25] actor 72567769530471 switch to &NaiveActor::HandlerNormal
I1222 14:15:51.205977 79758 naive_actor.cpp:25] actor 72567771627520 switch to &NaiveActor::HandlerNormal
I1222 14:15:51.206005 79746 copy_comm_net_actor.cpp:66] actor 71468400508947 switch to &CopyCommNetActor::HandlerNormal
I1222 14:15:51.206023 79748 thread.cpp:99] Thread 34603009 construct Actor kCollectiveBoxingGeneric 72567769530471
I1222 14:15:51.206054 79758 thread.cpp:99] Thread 34603010 construct Actor kCopyHd 72567771627520
I1222 14:15:51.206086 79746 thread.cpp:99] Thread 34078789 construct Actor kCopyCommNet 71468400508947
I1222 14:15:51.206162 79758 runtime_context.cpp:29] DecreaseCounter constructing_actor_cnt, current val is 3205
I1222 14:15:51.206177 79746 runtime_context.cpp:29] DecreaseCounter constructing_actor_cnt, current val is 3204
I1222 14:15:51.206113 79737 naive_actor.cpp:25] actor 72567767433282 switch to &NaiveActor::HandlerNormal
I1222 14:15:51.206135 79748 runtime_context.cpp:29] DecreaseCounter constructing_actor_cnt, current val is 3206
I1222 14:15:51.206212 79745 naive_actor.cpp:25] actor 71468390023176 switch to &NaiveActor::HandlerNormal
I1222 14:15:51.206250 79758 naive_actor.cpp:25] actor 72567771627531 switch to &NaiveActor::HandlerNormal
I1222 14:15:51.206270 79746 copy_comm_net_actor.cpp:66] actor 71468400508942 switch to &CopyCommNetActor::HandlerNormal
I1222 14:15:51.206271 79737 thread.cpp:99] Thread 34603008 construct Actor kNormalForward 72567767433282
I1222 14:15:51.206338 79745 thread.cpp:99] Thread 34078784 construct Actor kSrcSubsetTick 71468390023176
I1222 14:15:51.206372 79758 thread.cpp:99] Thread 34603010 construct Actor kCopyHd 72567771627531
I1222 14:15:51.206403 79746 thread.cpp:99] Thread 34078789 construct Actor kCopyCommNet 71468400508942
I1222 14:15:51.206408 79748 naive_actor.cpp:25] actor 72567769530393 switch to &NaiveActor::HandlerNormal
I1222 14:15:51.206483 79737 runtime_context.cpp:29] DecreaseCounter constructing_actor_cnt, current val is 3203
I1222 14:15:51.206491 79745 runtime_context.cpp:29] DecreaseCounter constructing_actor_cnt, current val is 3202
I1222 14:15:51.206499 79758 runtime_context.cpp:29] DecreaseCounter constructing_actor_cnt, current val is 3201
I1222 14:15:51.206521 79746 runtime_context.cpp:29] DecreaseCounter constructing_actor_cnt, current val is 3200
I1222 14:15:51.206539 79748 thread.cpp:99] Thread 34603009 construct Actor kCollectiveBoxingGeneric 72567769530393
I1222 14:15:51.206699 79758 naive_actor.cpp:25] actor 72567771627526 switch to &NaiveActor::HandlerNormal
I1222 14:15:51.206713 79748 runtime_context.cpp:29] DecreaseCounter constructing_actor_cnt, current val is 3199
I1222 14:15:51.206719 79746 copy_comm_net_actor.cpp:66] actor 71468400508931 switch to &CopyCommNetActor::HandlerNormal
I1222 14:15:51.206733 79758 thread.cpp:99] Thread 34603010 construct Actor kCopyHd 72567771627526
I1222 14:15:51.206768 79745 naive_actor.cpp:25] actor 71468390023173 switch to &NaiveActor::HandlerNormal
I1222 14:15:51.206800 79746 thread.cpp:99] Thread 34078789 construct Actor kCopyCommNet 71468400508931
I1222 14:15:51.206837 79758 runtime_context.cpp:29] DecreaseCounter constructing_actor_cnt, current val is 3198
I1222 14:15:51.206877 79748 naive_actor.cpp:25] actor 72567769530388 switch to &NaiveActor::HandlerNormal
I1222 14:15:51.206890 79745 thread.cpp:99] Thread 34078784 construct Actor kTick 71468390023173
I1222 14:15:51.207501 79758 naive_actor.cpp:25] actor 72567771627532 switch to &NaiveActor::HandlerNormal
I1222 14:15:51.207340 79737 naive_actor.cpp:25] actor 72567767433220 switch to &NaiveActor::HandlerNormal
I1222 14:15:51.207473 79748 thread.cpp:99] Thread 34603009 construct Actor kCollectiveBoxingGeneric 72567769530388
I1222 14:15:51.206967 79746 runtime_context.cpp:29] DecreaseCounter constructing_actor_cnt, current val is 3197
I1222 14:15:51.207532 79745 runtime_context.cpp:29] DecreaseCounter constructing_actor_cnt, current val is 3196
I1222 14:15:51.207556 79758 thread.cpp:99] Thread 34603010 construct Actor kCopyHd 72567771627532
I1222 14:15:51.207612 79737 thread.cpp:99] Thread 34603008 construct Actor kNormalForward 72567767433220
I1222 14:15:51.207662 79748 runtime_context.cpp:29] DecreaseCounter constructing_actor_cnt, current val is 3195
I1222 14:15:51.207746 79746 copy_comm_net_actor.cpp:66] actor 71468400508933 switch to &CopyCommNetActor::HandlerNormal
I1222 14:15:51.207756 79758 runtime_context.cpp:29] DecreaseCounter constructing_actor_cnt, current val is 3194
I1222 14:15:51.207844 79737 runtime_context.cpp:29] DecreaseCounter constructing_actor_cnt, current val is 3193
I1222 14:15:51.207863 79746 thread.cpp:99] Thread 34078789 construct Actor kCopyCommNet 71468400508933
I1222 14:15:51.207978 79748 naive_actor.cpp:25] actor 72567769530407 switch to &NaiveActor::HandlerNormal
I1222 14:15:51.207976 79758 naive_actor.cpp:25] actor 72567771627527 switch to &NaiveActor::HandlerNormal
I1222 14:15:51.208006 79746 runtime_context.cpp:29] DecreaseCounter constructing_actor_cnt, current val is 3192
I1222 14:15:51.208034 79748 thread.cpp:99] Thread 34603009 construct Actor kCollectiveBoxingGeneric 72567769530407
I1222 14:15:51.208063 79758 thread.cpp:99] Thread 34603010 construct Actor kCopyHd 72567771627527
I1222 14:15:51.208068 79745 naive_actor.cpp:25] actor 71468390023170 switch to &NaiveActor::HandlerNormal
I1222 14:15:51.208145 79748 runtime_context.cpp:29] DecreaseCounter constructing_actor_cnt, current val is 3191
I1222 14:15:51.208160 79746 copy_comm_net_actor.cpp:66] actor 71468400508935 switch to &CopyCommNetActor::HandlerNormal
I1222 14:15:51.208168 79758 runtime_context.cpp:29] DecreaseCounter constructing_actor_cnt, current val is 3190
I1222 14:15:51.208190 79745 thread.cpp:99] Thread 34078784 construct Actor kDstSubsetTick 71468390023170
I1222 14:15:51.208217 79737 naive_actor.cpp:25] actor 72567767433229 switch to &NaiveActor::HandlerNormal
I1222 14:15:51.208251 79746 thread.cpp:99] Thread 34078789 construct Actor kCopyCommNet 71468400508935
I1222 14:15:51.208331 79745 runtime_context.cpp:29] DecreaseCounter constructing_actor_cnt, current val is 3189
I1222 14:15:51.208349 79748 naive_actor.cpp:25] actor 72567769530408 switch to &NaiveActor::HandlerNormal
I1222 14:15:51.208354 79737 thread.cpp:99] Thread 34603008 construct Actor kNormalForward 72567767433229
I1222 14:15:51.208386 79746 runtime_context.cpp:29] DecreaseCounter constructing_actor_cnt, current val is 3188
I1222 14:15:51.208447 79748 thread.cpp:99] Thread 34603009 construct Actor kCollectiveBoxingGeneric 72567769530408
I1222 14:15:51.208536 79737 runtime_context.cpp:29] DecreaseCounter constructing_actor_cnt, current val is 3187
I1222 14:15:51.208562 79748 runtime_context.cpp:29] DecreaseCounter constructing_actor_cnt, current val is 3186
I1222 14:15:51.208597 79745 naive_actor.cpp:25] actor 71468390023175 switch to &NaiveActor::HandlerNormal
I1222 14:15:51.208603 79746 copy_comm_net_actor.cpp:66] actor 71468400508945 switch to &CopyCommNetActor::HandlerNormal
I1222 14:15:51.208660 79745 thread.cpp:99] Thread 34078784 construct Actor kDstSubsetTick 71468390023175
I1222 14:15:51.208700 79746 thread.cpp:99] Thread 34078789 construct Actor kCopyCommNet 71468400508945
I1222 14:15:51.208736 79748 naive_actor.cpp:25] actor 72567769530493 switch to &NaiveActor::HandlerNormal
I1222 14:15:51.208756 79745 runtime_context.cpp:29] DecreaseCounter constructing_actor_cnt, current val is 3185
I1222 14:15:51.208807 79746 runtime_context.cpp:29] DecreaseCounter constructing_actor_cnt, current val is 3184
I1222 14:15:51.208838 79737 naive_actor.cpp:25] actor 72567767433223 switch to &NaiveActor::HandlerNormal
I1222 14:15:51.209267 79748 thread.cpp:99] Thread 34603009 construct Actor kCollectiveBoxingGeneric 72567769530493
I1222 14:15:51.209393 79737 thread.cpp:99] Thread 34603008 construct Actor kNormalForward 72567767433223
I1222 14:15:51.209419 79746 copy_comm_net_actor.cpp:66] actor 71468400508939 switch to &CopyCommNetActor::HandlerNormal
I1222 14:15:51.209445 79748 runtime_context.cpp:29] DecreaseCounter constructing_actor_cnt, current val is 3183
I1222 14:15:51.209488 79746 thread.cpp:99] Thread 34078789 construct Actor kCopyCommNet 71468400508939
I1222 14:15:51.209498 79737 runtime_context.cpp:29] DecreaseCounter constructing_actor_cnt, current val is 3182
I1222 14:15:51.209565 79746 runtime_context.cpp:29] DecreaseCounter constructing_actor_cnt, current val is 3181
I1222 14:15:51.209648 79748 naive_actor.cpp:25] actor 72567769530409 switch to &NaiveActor::HandlerNormal
I1222 14:15:51.209682 79746 copy_comm_net_actor.cpp:66] actor 71468400508946 switch to &CopyCommNetActor::HandlerNormal
I1222 14:15:51.209698 79748 thread.cpp:99] Thread 34603009 construct Actor kCollectiveBoxingGeneric 72567769530409
I1222 14:15:51.209728 79746 thread.cpp:99] Thread 34078789 construct Actor kCopyCommNet 71468400508946
I1222 14:15:51.209764 79748 runtime_context.cpp:29] DecreaseCounter constructing_actor_cnt, current val is 3180
I1222 14:15:51.209774 79746 runtime_context.cpp:29] DecreaseCounter constructing_actor_cnt, current val is 3179
I1222 14:15:51.209874 79746 copy_comm_net_actor.cpp:66] actor 71468400508944 switch to &CopyCommNetActor::HandlerNormal
I1222 14:15:51.209904 79748 naive_actor.cpp:25] actor 72567769530425 switch to &NaiveActor::HandlerNormal
I1222 14:15:51.209906 79746 thread.cpp:99] Thread 34078789 construct Actor kCopyCommNet 71468400508944
I1222 14:15:51.209947 79748 thread.cpp:99] Thread 34603009 construct Actor kCollectiveBoxingGeneric 72567769530425
I1222 14:15:51.209980 79746 runtime_context.cpp:29] DecreaseCounter constructing_actor_cnt, current val is 3178
I1222 14:15:51.210017 79748 runtime_context.cpp:29] DecreaseCounter constructing_actor_cnt, current val is 3177
I1222 14:15:51.210100 79746 copy_comm_net_actor.cpp:66] actor 71468400508938 switch to &CopyCommNetActor::HandlerNormal
I1222 14:15:51.210136 79746 thread.cpp:99] Thread 34078789 construct Actor kCopyCommNet 71468400508938
I1222 14:15:51.210168 79746 runtime_context.cpp:29] DecreaseCounter constructing_actor_cnt, current val is 3176
I1222 14:15:51.210177 79748 naive_actor.cpp:25] actor 72567769530452 switch to &NaiveActor::HandlerNormal
I1222 14:15:51.210247 79748 thread.cpp:99] Thread 34603009 construct Actor kCollectiveBoxingGeneric 72567769530452
I1222 14:15:51.210269 79746 copy_comm_net_actor.cpp:66] actor 71468400508941 switch to &CopyCommNetActor::HandlerNormal
I1222 14:15:51.210283 79748 runtime_context.cpp:29] DecreaseCounter constructing_actor_cnt, current val is 3175
I1222 14:15:51.210292 79746 thread.cpp:99] Thread 34078789 construct Actor kCopyCommNet 71468400508941
I1222 14:15:51.210340 79746 runtime_context.cpp:29] DecreaseCounter constructing_actor_cnt, current val is 3174
I1222 14:15:51.210426 79748 naive_actor.cpp:25] actor 72567769530429 switch to &NaiveActor::HandlerNormal
I1222 14:15:51.210428 79746 copy_comm_net_actor.cpp:66] actor 71468400508940 switch to &CopyCommNetActor::HandlerNormal
I1222 14:15:51.210438 79737 naive_actor.cpp:25] actor 72567767433252 switch to &NaiveActor::HandlerNormal
I1222 14:15:51.210471 79748 thread.cpp:99] Thread 34603009 construct Actor kCollectiveBoxingGeneric 72567769530429
I1222 14:15:51.210500 79746 thread.cpp:99] Thread 34078789 construct Actor kCopyCommNet 71468400508940
I1222 14:15:51.210566 79737 thread.cpp:99] Thread 34603008 construct Actor kNormalForward 72567767433252
I1222 14:15:51.210609 79748 runtime_context.cpp:29] DecreaseCounter constructing_actor_cnt, current val is 3173
I1222 14:15:51.210700 79746 runtime_context.cpp:29] DecreaseCounter constructing_actor_cnt, current val is 3172
I1222 14:15:51.211231 79737 runtime_context.cpp:29] DecreaseCounter constructing_actor_cnt, current val is 3171
I1222 14:15:51.211329 79748 naive_actor.cpp:25] actor 72567769530428 switch to &NaiveActor::HandlerNormal
