 Insert buffer op : [System-Pipeline-Buffer-Op_-base_model.m_stage0.encoder.layer.1.output.dropout-dropout_97-mask_0-stage_id_0](buffer_size:4) 
 from [base_model.m_stage0.encoder.layer.1.output.dropout-dropout_97] (stage_id:0) -> [base_model.m_stage0.encoder.layer.1.output.dropout-dropout_97_grad] (stage_id:0) 
I1222 14:24:44.744910 79956 pipeline_buffer_pass.cpp:117] 
 Insert buffer op : [System-Pipeline-Buffer-Op_-base_model.m_stage0.encoder.layer.1.intermediate.intermediate_act_fn-gelu_94-out_0-stage_id_0](buffer_size:4) 
 from [base_model.m_stage0.encoder.layer.1.intermediate.intermediate_act_fn-gelu_94] (stage_id:0) -> [base_model.m_stage0.encoder.layer.1.output.dense-broadcast_matmul_95_b_grad] (stage_id:0) 
I1222 14:24:44.745286 79956 pipeline_buffer_pass.cpp:117] 
 Insert buffer op : [System-Pipeline-Buffer-Op_-base_model.m_stage0.encoder.layer.1.intermediate.dense-broadcast_add_93-z_0-stage_id_0](buffer_size:4) 
 from [base_model.m_stage0.encoder.layer.1.intermediate.dense-broadcast_add_93] (stage_id:0) -> [base_model.m_stage0.encoder.layer.1.intermediate.intermediate_act_fn-gelu_94_grad] (stage_id:0) 
I1222 14:24:44.745347 79956 pipeline_buffer_pass.cpp:117] 
 Insert buffer op : [System-Pipeline-Buffer-Op_-base_model.m_stage0.encoder.layer.1.attention.output.LayerNorm-layer_norm_91-y_0-stage_id_0](buffer_size:4) 
 from [base_model.m_stage0.encoder.layer.1.attention.output.LayerNorm-layer_norm_91] (stage_id:0) -> [base_model.m_stage0.encoder.layer.1.intermediate.dense-broadcast_matmul_92_b_grad] (stage_id:0) 
I1222 14:24:44.745402 79956 pipeline_buffer_pass.cpp:117] 
 Insert buffer op : [System-Pipeline-Buffer-Op_-base_model.m_stage0.encoder.layer.1.attention.output.LayerNorm-layer_norm_91-normalized_0-stage_id_0](buffer_size:4) 
 from [base_model.m_stage0.encoder.layer.1.attention.output.LayerNorm-layer_norm_91] (stage_id:0) -> [base_model.m_stage0.encoder.layer.1.attention.output.LayerNorm-layer_norm_91_param_grad] (stage_id:0) 
I1222 14:24:44.745457 79956 pipeline_buffer_pass.cpp:117] 
 Insert buffer op : [System-Pipeline-Buffer-Op_-base_model.m_stage0.encoder.layer.1.attention.output-add_n_90-out_0-stage_id_0](buffer_size:4) 
 from [base_model.m_stage0.encoder.layer.1.attention.output-add_n_90] (stage_id:0) -> [base_model.m_stage0.encoder.layer.1.attention.output.LayerNorm-layer_norm_91_grad] (stage_id:0) 
I1222 14:24:44.745513 79956 pipeline_buffer_pass.cpp:117] 
 Insert buffer op : [System-Pipeline-Buffer-Op_-base_model.m_stage0.encoder.layer.1.attention.output.LayerNorm-layer_norm_91-mean_0-stage_id_0](buffer_size:4) 
 from [base_model.m_stage0.encoder.layer.1.attention.output.LayerNorm-layer_norm_91] (stage_id:0) -> [base_model.m_stage0.encoder.layer.1.attention.output.LayerNorm-layer_norm_91_grad] (stage_id:0) 
I1222 14:24:44.745563 79956 pipeline_buffer_pass.cpp:117] 
 Insert buffer op : [System-Pipeline-Buffer-Op_-base_model.m_stage0.encoder.layer.1.attention.output.LayerNorm-layer_norm_91-inv_variance_0-stage_id_0](buffer_size:4) 
 from [base_model.m_stage0.encoder.layer.1.attention.output.LayerNorm-layer_norm_91] (stage_id:0) -> [base_model.m_stage0.encoder.layer.1.attention.output.LayerNorm-layer_norm_91_grad] (stage_id:0) 
I1222 14:24:44.745616 79956 pipeline_buffer_pass.cpp:117] 
 Insert buffer op : [System-Pipeline-Buffer-Op_-base_model.m_stage0.encoder.layer.1.attention.output.dropout-dropout_89-mask_0-stage_id_0](buffer_size:4) 
 from [base_model.m_stage0.encoder.layer.1.attention.output.dropout-dropout_89] (stage_id:0) -> [base_model.m_stage0.encoder.layer.1.attention.output.dropout-dropout_89_grad] (stage_id:0) 
I1222 14:24:44.745674 79956 pipeline_buffer_pass.cpp:117] 
 Insert buffer op : [System-Pipeline-Buffer-Op_-base_model.m_stage0.encoder.layer.1.attention.self-reshape_86-out_0-stage_id_0](buffer_size:4) 
 from [base_model.m_stage0.encoder.layer.1.attention.self-reshape_86] (stage_id:0) -> [base_model.m_stage0.encoder.layer.1.attention.output.dense-broadcast_matmul_87_b_grad] (stage_id:0) 
I1222 14:24:44.745730 79956 pipeline_buffer_pass.cpp:117] 
 Insert buffer op : [System-Pipeline-Buffer-Op_-base_model.m_stage0.encoder.layer.1.attention.self-transpose_77-output_0-stage_id_0](buffer_size:4) 
 from [base_model.m_stage0.encoder.layer.1.attention.self-transpose_77] (stage_id:0) -> [base_model.m_stage0.encoder.layer.1.attention.self-batch_matmul_84_grad_a] (stage_id:0) 
I1222 14:24:44.745815 79956 pipeline_buffer_pass.cpp:117] 
 Insert buffer op : [System-Pipeline-Buffer-Op_-base_model.m_stage0.encoder.layer.1.attention.self.dropout-dropout_83-out_0-stage_id_0](buffer_size:4) 
 from [base_model.m_stage0.encoder.layer.1.attention.self.dropout-dropout_83] (stage_id:0) -> [base_model.m_stage0.encoder.layer.1.attention.self-batch_matmul_84_grad_b] (stage_id:0) 
I1222 14:24:44.746325 79956 pipeline_buffer_pass.cpp:117] 
 Insert buffer op : [System-Pipeline-Buffer-Op_-base_model.m_stage0.encoder.layer.1.attention.self.dropout-dropout_83-mask_0-stage_id_0](buffer_size:4) 
 from [base_model.m_stage0.encoder.layer.1.attention.self.dropout-dropout_83] (stage_id:0) -> [base_model.m_stage0.encoder.layer.1.attention.self.dropout-dropout_83_grad] (stage_id:0) 
I1222 14:24:44.746381 79956 pipeline_buffer_pass.cpp:117] 
 Insert buffer op : [System-Pipeline-Buffer-Op_-base_model.m_stage0.encoder.layer.1.attention.self-softmax_82-out_0-stage_id_0](buffer_size:4) 
 from [base_model.m_stage0.encoder.layer.1.attention.self-softmax_82] (stage_id:0) -> [base_model.m_stage0.encoder.layer.1.attention.self-softmax_82_grad] (stage_id:0) 
I1222 14:24:44.746441 79956 pipeline_buffer_pass.cpp:117] 
 Insert buffer op : [System-Pipeline-Buffer-Op_-base_model.m_stage0.encoder.layer.0.output.LayerNorm-layer_norm_65-y_0-stage_id_0](buffer_size:4) 
 from [base_model.m_stage0.encoder.layer.0.output.LayerNorm-layer_norm_65] (stage_id:0) -> [base_model.m_stage0.encoder.layer.1.attention.self.value-broadcast_matmul_74_b_grad] (stage_id:0) 
I1222 14:24:44.746495 79956 pipeline_buffer_pass.cpp:117] 
 Insert buffer op : [System-Pipeline-Buffer-Op_-base_model.m_stage0.encoder.layer.1.attention.self-transpose_78-output_0-stage_id_0](buffer_size:4) 
 from [base_model.m_stage0.encoder.layer.1.attention.self-transpose_78] (stage_id:0) -> [base_model.m_stage0.encoder.layer.1.attention.self-batch_matmul_79_grad_a] (stage_id:0) 
I1222 14:24:44.746553 79956 pipeline_buffer_pass.cpp:117] 
 Insert buffer op : [System-Pipeline-Buffer-Op_-base_model.m_stage0.encoder.layer.1.attention.self-transpose_69-output_0-stage_id_0](buffer_size:4) 
 from [base_model.m_stage0.encoder.layer.1.attention.self-transpose_69] (stage_id:0) -> [base_model.m_stage0.encoder.layer.1.attention.self-batch_matmul_79_grad_b] (stage_id:0) 
I1222 14:24:44.746646 79956 pipeline_buffer_pass.cpp:117] 
 Insert buffer op : [System-Pipeline-Buffer-Op_-base_model.m_stage0.encoder.layer.0.output.LayerNorm-layer_norm_65-normalized_0-stage_id_0](buffer_size:4) 
 from [base_model.m_stage0.encoder.layer.0.output.LayerNorm-layer_norm_65] (stage_id:0) -> [base_model.m_stage0.encoder.layer.0.output.LayerNorm-layer_norm_65_param_grad] (stage_id:0) 
I1222 14:24:44.746701 79956 pipeline_buffer_pass.cpp:117] 
 Insert buffer op : [System-Pipeline-Buffer-Op_-base_model.m_stage0.encoder.layer.0.output-add_n_64-out_0-stage_id_0](buffer_size:4) 
 from [base_model.m_stage0.encoder.layer.0.output-add_n_64] (stage_id:0) -> [base_model.m_stage0.encoder.layer.0.output.LayerNorm-layer_norm_65_grad] (stage_id:0) 
I1222 14:24:44.746754 79956 pipeline_buffer_pass.cpp:117] 
 Insert buffer op : [System-Pipeline-Buffer-Op_-base_model.m_stage0.encoder.layer.0.output.LayerNorm-layer_norm_65-mean_0-stage_id_0](buffer_size:4) 
 from [base_model.m_stage0.encoder.layer.0.output.LayerNorm-layer_norm_65] (stage_id:0) -> [base_model.m_stage0.encoder.layer.0.output.LayerNorm-layer_norm_65_grad] (stage_id:0) 
I1222 14:24:44.746801 79956 pipeline_buffer_pass.cpp:117] 
 Insert buffer op : [System-Pipeline-Buffer-Op_-base_model.m_stage0.encoder.layer.0.output.LayerNorm-layer_norm_65-inv_variance_0-stage_id_0](buffer_size:4) 
 from [base_model.m_stage0.encoder.layer.0.output.LayerNorm-layer_norm_65] (stage_id:0) -> [base_model.m_stage0.encoder.layer.0.output.LayerNorm-layer_norm_65_grad] (stage_id:0) 
I1222 14:24:44.746855 79956 pipeline_buffer_pass.cpp:117] 
 Insert buffer op : [System-Pipeline-Buffer-Op_-base_model.m_stage0.encoder.layer.0.output.dropout-dropout_63-mask_0-stage_id_0](buffer_size:4) 
 from [base_model.m_stage0.encoder.layer.0.output.dropout-dropout_63] (stage_id:0) -> [base_model.m_stage0.encoder.layer.0.output.dropout-dropout_63_grad] (stage_id:0) 
I1222 14:24:44.746948 79956 pipeline_buffer_pass.cpp:117] 
 Insert buffer op : [System-Pipeline-Buffer-Op_-base_model.m_stage0.encoder.layer.0.intermediate.intermediate_act_fn-gelu_60-out_0-stage_id_0](buffer_size:4) 
 from [base_model.m_stage0.encoder.layer.0.intermediate.intermediate_act_fn-gelu_60] (stage_id:0) -> [base_model.m_stage0.encoder.layer.0.output.dense-broadcast_matmul_61_b_grad] (stage_id:0) 
I1222 14:24:44.747458 79956 pipeline_buffer_pass.cpp:117] 
 Insert buffer op : [System-Pipeline-Buffer-Op_-base_model.m_stage0.encoder.layer.0.intermediate.dense-broadcast_add_59-z_0-stage_id_0](buffer_size:4) 
 from [base_model.m_stage0.encoder.layer.0.intermediate.dense-broadcast_add_59] (stage_id:0) -> [base_model.m_stage0.encoder.layer.0.intermediate.intermediate_act_fn-gelu_60_grad] (stage_id:0) 
I1222 14:24:44.747524 79956 pipeline_buffer_pass.cpp:117] 
 Insert buffer op : [System-Pipeline-Buffer-Op_-base_model.m_stage0.encoder.layer.0.attention.output.LayerNorm-layer_norm_57-y_0-stage_id_0](buffer_size:4) 
 from [base_model.m_stage0.encoder.layer.0.attention.output.LayerNorm-layer_norm_57] (stage_id:0) -> [base_model.m_stage0.encoder.layer.0.intermediate.dense-broadcast_matmul_58_b_grad] (stage_id:0) 
I1222 14:24:44.747581 79956 pipeline_buffer_pass.cpp:117] 
 Insert buffer op : [System-Pipeline-Buffer-Op_-base_model.m_stage0.encoder.layer.0.attention.output.LayerNorm-layer_norm_57-normalized_0-stage_id_0](buffer_size:4) 
 from [base_model.m_stage0.encoder.layer.0.attention.output.LayerNorm-layer_norm_57] (stage_id:0) -> [base_model.m_stage0.encoder.layer.0.attention.output.LayerNorm-layer_norm_57_param_grad] (stage_id:0) 
I1222 14:24:44.747637 79956 pipeline_buffer_pass.cpp:117] 
 Insert buffer op : [System-Pipeline-Buffer-Op_-base_model.m_stage0.encoder.layer.0.attention.output.LayerNorm-layer_norm_57-mean_0-stage_id_0](buffer_size:4) 
 from [base_model.m_stage0.encoder.layer.0.attention.output.LayerNorm-layer_norm_57] (stage_id:0) -> [base_model.m_stage0.encoder.layer.0.attention.output.LayerNorm-layer_norm_57_grad] (stage_id:0) 
I1222 14:24:44.747689 79956 pipeline_buffer_pass.cpp:117] 
 Insert buffer op : [System-Pipeline-Buffer-Op_-base_model.m_stage0.encoder.layer.0.attention.output.LayerNorm-layer_norm_57-inv_variance_0-stage_id_0](buffer_size:4) 
 from [base_model.m_stage0.encoder.layer.0.attention.output.LayerNorm-layer_norm_57] (stage_id:0) -> [base_model.m_stage0.encoder.layer.0.attention.output.LayerNorm-layer_norm_57_grad] (stage_id:0) 
I1222 14:24:44.747738 79956 pipeline_buffer_pass.cpp:117] 
 Insert buffer op : [System-Pipeline-Buffer-Op_-base_model.m_stage0.encoder.layer.0.attention.output-add_n_56-out_0-stage_id_0](buffer_size:4) 
 from [base_model.m_stage0.encoder.layer.0.attention.output-add_n_56] (stage_id:0) -> [base_model.m_stage0.encoder.layer.0.attention.output.LayerNorm-layer_norm_57_grad] (stage_id:0) 
I1222 14:24:44.747790 79956 pipeline_buffer_pass.cpp:117] 
 Insert buffer op : [System-Pipeline-Buffer-Op_-base_model.m_stage0.encoder.layer.0.attention.output.dropout-dropout_55-mask_0-stage_id_0](buffer_size:4) 
 from [base_model.m_stage0.encoder.layer.0.attention.output.dropout-dropout_55] (stage_id:0) -> [base_model.m_stage0.encoder.layer.0.attention.output.dropout-dropout_55_grad] (stage_id:0) 
I1222 14:24:44.747848 79956 pipeline_buffer_pass.cpp:117] 
 Insert buffer op : [System-Pipeline-Buffer-Op_-base_model.m_stage0.encoder.layer.0.attention.self-reshape_52-out_0-stage_id_0](buffer_size:4) 
 from [base_model.m_stage0.encoder.layer.0.attention.self-reshape_52] (stage_id:0) -> [base_model.m_stage0.encoder.layer.0.attention.output.dense-broadcast_matmul_53_b_grad] (stage_id:0) 
I1222 14:24:44.747905 79956 pipeline_buffer_pass.cpp:117] 
 Insert buffer op : [System-Pipeline-Buffer-Op_-base_model.m_stage0.encoder.layer.0.attention.self-transpose_43-output_0-stage_id_0](buffer_size:4) 
 from [base_model.m_stage0.encoder.layer.0.attention.self-transpose_43] (stage_id:0) -> [base_model.m_stage0.encoder.layer.0.attention.self-batch_matmul_50_grad_a] (stage_id:0) 
I1222 14:24:44.747996 79956 pipeline_buffer_pass.cpp:117] 
 Insert buffer op : [System-Pipeline-Buffer-Op_-base_model.m_stage0.encoder.layer.0.attention.self.dropout-dropout_49-out_0-stage_id_0](buffer_size:4) 
 from [base_model.m_stage0.encoder.layer.0.attention.self.dropout-dropout_49] (stage_id:0) -> [base_model.m_stage0.encoder.layer.0.attention.self-batch_matmul_50_grad_b] (stage_id:0) 
I1222 14:24:44.748554 79956 pipeline_buffer_pass.cpp:117] 
 Insert buffer op : [System-Pipeline-Buffer-Op_-base_model.m_stage0.encoder.layer.0.attention.self.dropout-dropout_49-mask_0-stage_id_0](buffer_size:4) 
 from [base_model.m_stage0.encoder.layer.0.attention.self.dropout-dropout_49] (stage_id:0) -> [base_model.m_stage0.encoder.layer.0.attention.self.dropout-dropout_49_grad] (stage_id:0) 
I1222 14:24:44.748611 79956 pipeline_buffer_pass.cpp:117] 
 Insert buffer op : [System-Pipeline-Buffer-Op_-base_model.m_stage0.encoder.layer.0.attention.self-softmax_48-out_0-stage_id_0](buffer_size:4) 
 from [base_model.m_stage0.encoder.layer.0.attention.self-softmax_48] (stage_id:0) -> [base_model.m_stage0.encoder.layer.0.attention.self-softmax_48_grad] (stage_id:0) 
I1222 14:24:44.748668 79956 pipeline_buffer_pass.cpp:117] 
 Insert buffer op : [System-Pipeline-Buffer-Op_-base_model.m_stage0.embeddings.dropout-dropout_25-out_0-stage_id_0](buffer_size:4) 
 from [base_model.m_stage0.embeddings.dropout-dropout_25] (stage_id:0) -> [base_model.m_stage0.encoder.layer.0.attention.self.value-broadcast_matmul_40_b_grad] (stage_id:0) 
I1222 14:24:44.748723 79956 pipeline_buffer_pass.cpp:117] 
 Insert buffer op : [System-Pipeline-Buffer-Op_-base_model.m_stage0.encoder.layer.0.attention.self-transpose_44-output_0-stage_id_0](buffer_size:4) 
 from [base_model.m_stage0.encoder.layer.0.attention.self-transpose_44] (stage_id:0) -> [base_model.m_stage0.encoder.layer.0.attention.self-batch_matmul_45_grad_a] (stage_id:0) 
I1222 14:24:44.748773 79956 pipeline_buffer_pass.cpp:117] 
 Insert buffer op : [System-Pipeline-Buffer-Op_-base_model.m_stage0.encoder.layer.0.attention.self-transpose_35-output_0-stage_id_0](buffer_size:4) 
 from [base_model.m_stage0.encoder.layer.0.attention.self-transpose_35] (stage_id:0) -> [base_model.m_stage0.encoder.layer.0.attention.self-batch_matmul_45_grad_b] (stage_id:0) 
I1222 14:24:44.748867 79956 pipeline_buffer_pass.cpp:117] 
 Insert buffer op : [System-Pipeline-Buffer-Op_-base_model.m_stage0.embeddings.dropout-dropout_25-mask_0-stage_id_0](buffer_size:4) 
 from [base_model.m_stage0.embeddings.dropout-dropout_25] (stage_id:0) -> [base_model.m_stage0.embeddings.dropout-dropout_25_grad] (stage_id:0) 
I1222 14:24:44.748922 79956 pipeline_buffer_pass.cpp:117] 
 Insert buffer op : [System-Pipeline-Buffer-Op_-base_model.m_stage0.embeddings.LayerNorm-layer_norm_24-normalized_0-stage_id_0](buffer_size:4) 
 from [base_model.m_stage0.embeddings.LayerNorm-layer_norm_24] (stage_id:0) -> [base_model.m_stage0.embeddings.LayerNorm-layer_norm_24_param_grad] (stage_id:0) 
I1222 14:24:44.748977 79956 pipeline_buffer_pass.cpp:117] 
 Insert buffer op : [System-Pipeline-Buffer-Op_-base_model.m_stage0.embeddings-broadcast_add_23-z_0-stage_id_0](buffer_size:4) 
 from [base_model.m_stage0.embeddings-broadcast_add_23] (stage_id:0) -> [base_model.m_stage0.embeddings.LayerNorm-layer_norm_24_grad] (stage_id:0) 
I1222 14:24:44.749032 79956 pipeline_buffer_pass.cpp:117] 
 Insert buffer op : [System-Pipeline-Buffer-Op_-base_model.m_stage0.embeddings.LayerNorm-layer_norm_24-mean_0-stage_id_0](buffer_size:4) 
 from [base_model.m_stage0.embeddings.LayerNorm-layer_norm_24] (stage_id:0) -> [base_model.m_stage0.embeddings.LayerNorm-layer_norm_24_grad] (stage_id:0) 
I1222 14:24:44.749079 79956 pipeline_buffer_pass.cpp:117] 
 Insert buffer op : [System-Pipeline-Buffer-Op_-base_model.m_stage0.embeddings.LayerNorm-layer_norm_24-inv_variance_0-stage_id_0](buffer_size:4) 
 from [base_model.m_stage0.embeddings.LayerNorm-layer_norm_24] (stage_id:0) -> [base_model.m_stage0.embeddings.LayerNorm-layer_norm_24_grad] (stage_id:0) 
I1222 14:24:44.749188 79956 pipeline_buffer_pass.cpp:117] 
 Insert buffer op : [System-Pipeline-Buffer-Op_-base_model.m_stage0.embeddings.position_embeddings-gather_20-out_0-stage_id_0](buffer_size:4) 
 from [base_model.m_stage0.embeddings.position_embeddings-gather_20] (stage_id:0) -> [base_model.m_stage0.embeddings-broadcast_add_23_y_grad_reduce_sum_like] (stage_id:0) 
I1222 14:24:44.749737 79956 pipeline_buffer_pass.cpp:117] 
 Insert buffer op : [System-Pipeline-Buffer-Op_-base_model.m_stage0.embeddings-slice_19-y_0-stage_id_0](buffer_size:4) 
 from [base_model.m_stage0.embeddings-slice_19] (stage_id:0) -> [base_model.m_stage0.embeddings.position_embeddings-gather_20_grad] (stage_id:0) 
I1222 14:24:44.749801 79956 pipeline_buffer_pass.cpp:117] 
 Insert buffer op : [System-Pipeline-Buffer-Op_-base_model-identity_15-out_0-stage_id_0](buffer_size:4) 
 from [base_model-identity_15] (stage_id:0) -> [base_model.m_stage0.embeddings.word_embeddings-gather_18_grad] (stage_id:0) 
I1222 14:24:44.749857 79956 pipeline_buffer_pass.cpp:117] 
 Insert buffer op : [System-Pipeline-Buffer-Op_-base_model-identity_16-out_0-stage_id_0](buffer_size:4) 
 from [base_model-identity_16] (stage_id:0) -> [base_model.m_stage0.embeddings.token_type_embeddings-gather_21_grad] (stage_id:0) 
I1222 14:24:44.750418 79956 pipeline_buffer_pass.cpp:117] 
 Insert buffer op : [System-Pipeline-Buffer-Op_-_train_data_loader-hierarchical_parallel_cast_8-out_0-stage_id_0](buffer_size:4) 
 from [_train_data_loader-hierarchical_parallel_cast_8] (stage_id:0) -> [base_model-identity_15] (stage_id:0) 
I1222 14:24:44.750486 79956 pipeline_buffer_pass.cpp:117] 
 Insert buffer op : [System-Pipeline-Buffer-Op_-_train_data_loader-hierarchical_parallel_cast_11-out_0-stage_id_0](buffer_size:4) 
 from [_train_data_loader-hierarchical_parallel_cast_11] (stage_id:0) -> [base_model-identity_16] (stage_id:0) 
I1222 14:24:44.750547 79956 pipeline_buffer_pass.cpp:117] 
 Insert buffer op : [System-Pipeline-Buffer-Op_-_train_data_loader-hierarchical_parallel_cast_10-out_0-stage_id_0](buffer_size:4) 
 from [_train_data_loader-hierarchical_parallel_cast_10] (stage_id:0) -> [base_model-identity_17] (stage_id:0) 
I1222 14:24:44.751097 79956 pipeline_buffer_pass.cpp:212] 
 Insert buffer op pair : src_buffer = <System-Pipeline-Buffer-Op_-base_model-identity_440-out_0>(buffer_size:1) , dst_buffer = <System-Pipeline-Buffer-Op_-base_model-identity_440-out_0-stage_id_1>(buffer_size:1) 
 from [base_model-identity_440] (stage_id:0) -> [base_model-identity_441] (stage_id:1) 
I1222 14:24:44.751159 79956 pipeline_buffer_pass.cpp:117] 
 Insert buffer op : [System-Pipeline-Buffer-Op_-_train_data_loader-hierarchical_parallel_cast_10-out_0-stage_id_1](buffer_size:4) 
 from [_train_data_loader-hierarchical_parallel_cast_10] (stage_id:0) -> [base_model-identity_442] (stage_id:1) 
I1222 14:24:44.751690 79956 pipeline_buffer_pass.cpp:117] 
 Insert buffer op : [System-Pipeline-Buffer-Op_-_train_data_loader-hierarchical_parallel_cast_9-out_0-stage_id_1](buffer_size:4) 
 from [_train_data_loader-hierarchical_parallel_cast_9] (stage_id:0) -> [reshape_872] (stage_id:1) 
I1222 14:24:44.751755 79956 pipeline_buffer_pass.cpp:117] 
 Insert buffer op : [System-Pipeline-Buffer-Op_-_train_data_loader-hierarchical_parallel_cast_13-out_0-stage_id_1](buffer_size:4) 
 from [_train_data_loader-hierarchical_parallel_cast_13] (stage_id:0) -> [expand_dims_880] (stage_id:1) 
I1222 14:24:44.751811 79956 pipeline_buffer_pass.cpp:117] 
 Insert buffer op : [System-Pipeline-Buffer-Op_-_train_data_loader-hierarchical_parallel_cast_12-out_0-stage_id_1](buffer_size:4) 
 from [_train_data_loader-hierarchical_parallel_cast_12] (stage_id:0) -> [reshape_884] (stage_id:1) 
I1222 14:24:44.751868 79956 pipeline_buffer_pass.cpp:117] 
 Insert buffer op : [System-Pipeline-Buffer-Op_-_train_data_loader-hierarchical_parallel_cast_14-out_0-stage_id_1](buffer_size:4) 
 from [_train_data_loader-hierarchical_parallel_cast_14] (stage_id:0) -> [multiply_891] (stage_id:1) 
I1222 14:24:44.753131 79956 pipeline_buffer_pass.cpp:212] 
 Insert buffer op pair : src_buffer = <System-Pipeline-Buffer-Op_-base_model-identity_441_grad-out_0>(buffer_size:1) , dst_buffer = <System-Pipeline-Buffer-Op_-base_model-identity_441_grad-out_0-stage_id_0>(buffer_size:1) 
 from [base_model-identity_441_grad] (stage_id:1) -> [base_model-identity_440_grad] (stage_id:0) 
I1222 14:24:45.727186 79956 global.h:43] DeleteGlobal N7oneflow7JobDescE
I1222 14:24:46.842073 79956 global.h:36] NewGlobal N7oneflow7JobDescE
I1222 14:25:04.812800 79956 runtime_context.cpp:21] NewCounter constructing_actor_cnt 3144
I1222 14:25:04.813948 80304 wait_and_send_ids_actor.cpp:53] actor 106652764209152 switch to &WaitAndSendIdsActor::HandlerWaitToStart
I1222 14:25:04.814172 80294 naive_actor.cpp:25] actor 107760729459499 switch to &NaiveActor::HandlerNormal
I1222 14:25:04.814035 80304 thread.cpp:99] Thread 50856001 construct Actor kWaitAndSendIds 106652764209152
I1222 14:25:04.814240 80294 thread.cpp:99] Thread 51384320 construct Actor kDeviceTick 107760729459499
I1222 14:25:04.814466 80304 runtime_context.cpp:29] DecreaseCounter constructing_actor_cnt, current val is 3143
I1222 14:25:04.814488 80294 runtime_context.cpp:29] DecreaseCounter constructing_actor_cnt, current val is 3142
I1222 14:25:04.814708 80294 naive_actor.cpp:25] actor 107760729459496 switch to &NaiveActor::HandlerNormal
I1222 14:25:04.814749 80294 thread.cpp:99] Thread 51384320 construct Actor kDeviceTick 107760729459496
I1222 14:25:04.814798 80294 runtime_context.cpp:29] DecreaseCounter constructing_actor_cnt, current val is 3141
I1222 14:25:04.814965 80294 naive_actor.cpp:25] actor 107760729459503 switch to &NaiveActor::HandlerNormal
I1222 14:25:04.815001 80294 thread.cpp:99] Thread 51384320 construct Actor kDeviceTick 107760729459503
I1222 14:25:04.815048 80294 runtime_context.cpp:29] DecreaseCounter constructing_actor_cnt, current val is 3140
I1222 14:25:04.815209 80294 naive_actor.cpp:25] actor 107760729459501 switch to &NaiveActor::HandlerNormal
I1222 14:25:04.815246 80294 thread.cpp:99] Thread 51384320 construct Actor kDeviceTick 107760729459501
I1222 14:25:04.815290 80294 runtime_context.cpp:29] DecreaseCounter constructing_actor_cnt, current val is 3139
I1222 14:25:04.815445 80294 naive_actor.cpp:25] actor 107760729459505 switch to &NaiveActor::HandlerNormal
I1222 14:25:04.815482 80294 thread.cpp:99] Thread 51384320 construct Actor kDeviceTick 107760729459505
I1222 14:25:04.815529 80294 runtime_context.cpp:29] DecreaseCounter constructing_actor_cnt, current val is 3138
I1222 14:25:04.944154 80292 naive_actor.cpp:25] actor 106652629991424 switch to &NaiveActor::HandlerNormal
I1222 14:25:04.944177 80294 naive_actor.cpp:25] actor 107760729456640 switch to &NaiveActor::HandlerNormal
I1222 14:25:04.944231 80292 thread.cpp:99] Thread 50855937 construct Actor kNormalForward 106652629991424
I1222 14:25:04.944252 80291 naive_actor.cpp:25] actor 106652632088576 switch to &NaiveActor::HandlerNormal
I1222 14:25:04.944286 80294 thread.cpp:99] Thread 51384320 construct Actor kNormalForward 107760729456640
I1222 14:25:04.944366 80288 naive_actor.cpp:25] actor 106652636282880 switch to &NaiveActor::HandlerNormal
I1222 14:25:04.944388 80291 thread.cpp:99] Thread 50855938 construct Actor kNormalForward 106652632088576
I1222 14:25:04.944394 80292 runtime_context.cpp:29] DecreaseCounter constructing_actor_cnt, current val is 3137
I1222 14:25:04.944486 80288 thread.cpp:99] Thread 50855940 construct Actor kNormalForward 106652636282880
I1222 14:25:04.944511 80294 runtime_context.cpp:29] DecreaseCounter constructing_actor_cnt, current val is 3136
I1222 14:25:04.944662 80291 runtime_context.cpp:29] DecreaseCounter constructing_actor_cnt, current val is 3135
I1222 14:25:04.944567 80289 naive_actor.cpp:25] actor 106652638380032 switch to &NaiveActor::HandlerNormal
I1222 14:25:04.944602 80286 naive_actor.cpp:25] actor 106652634185728 switch to &NaiveActor::HandlerNormal
I1222 14:25:04.944525 80290 naive_actor.cpp:25] actor 106652627894272 switch to &NaiveActor::HandlerNormal
I1222 14:25:04.944815 80289 thread.cpp:99] Thread 50855941 construct Actor kNormalForward 106652638380032
I1222 14:25:04.944886 80288 runtime_context.cpp:29] DecreaseCounter constructing_actor_cnt, current val is 3134
I1222 14:25:04.944959 80287 naive_actor.cpp:25] actor 106652640477184 switch to &NaiveActor::HandlerNormal
I1222 14:25:04.945891 80287 thread.cpp:99] Thread 50855942 construct Actor kNormalForward 106652640477184
I1222 14:25:04.945960 80296 naive_actor.cpp:25] actor 106652642574336 switch to &NaiveActor::HandlerNormal
I1222 14:25:04.944963 80286 thread.cpp:99] Thread 50855939 construct Actor kNormalForward 106652634185728
I1222 14:25:04.946113 80308 naive_actor.cpp:25] actor 106652768403456 switch to &NaiveActor::HandlerNormal
I1222 14:25:04.945134 80307 naive_actor.cpp:25] actor 107760731553793 switch to &NaiveActor::HandlerNormal
I1222 14:25:04.945153 80298 naive_actor.cpp:25] actor 107760735748105 switch to &NaiveActor::HandlerNormal
I1222 14:25:04.945217 80303 sink_actor.cpp:21] actor 106652766306304 switch to &SinkActor::HandlerNormal
I1222 14:25:04.946247 80303 thread.cpp:99] Thread 50856002 construct Actor kCallbackNotify 106652766306304
I1222 14:25:04.945273 80305 copy_comm_net_actor.cpp:66] actor 106652772597777 switch to &CopyCommNetActor::HandlerNormal
I1222 14:25:04.945744 80294 naive_actor.cpp:25] actor 107760729456672 switch to &NaiveActor::HandlerNormal
I1222 14:25:04.945806 80289 runtime_context.cpp:29] DecreaseCounter constructing_actor_cnt, current val is 3133
I1222 14:25:04.946025 80287 runtime_context.cpp:29] DecreaseCounter constructing_actor_cnt, current val is 3132
I1222 14:25:04.944980 80302 naive_actor.cpp:25] actor 107760733650944 switch to &NaiveActor::HandlerNormal
I1222 14:25:04.946066 80296 thread.cpp:99] Thread 50855943 construct Actor kNormalForward 106652642574336
I1222 14:25:04.946090 80299 naive_actor.cpp:25] actor 106652770500608 switch to &NaiveActor::HandlerNormal
I1222 14:25:04.945080 80290 thread.cpp:99] Thread 50855936 construct Actor kNormalForward 106652627894272
I1222 14:25:04.946117 80300 naive_actor.cpp:25] actor 106652644671488 switch to &NaiveActor::HandlerNormal
I1222 14:25:04.946153 80308 thread.cpp:99] Thread 50856003 construct Actor kCriticalSectionWaitTick 106652768403456
I1222 14:25:04.946169 80286 runtime_context.cpp:29] DecreaseCounter constructing_actor_cnt, current val is 3131
I1222 14:25:04.946185 80307 thread.cpp:99] Thread 51384321 construct Actor kCopyHd 107760731553793
I1222 14:25:04.946223 80298 thread.cpp:99] Thread 51384323 construct Actor kCollectiveBoxingGeneric 107760735748105
I1222 14:25:04.945252 80295 naive_actor.cpp:25] actor 106652762112001 switch to &NaiveActor::HandlerNormal
I1222 14:25:04.946282 80303 runtime_context.cpp:29] DecreaseCounter constructing_actor_cnt, current val is 3130
I1222 14:25:04.946305 80305 thread.cpp:99] Thread 50856005 construct Actor kCopyCommNet 106652772597777
I1222 14:25:04.946348 80294 thread.cpp:99] Thread 51384320 construct Actor kNormalForward 107760729456672
I1222 14:25:04.946478 80302 thread.cpp:99] Thread 51384322 construct Actor kCopyHd 107760733650944
I1222 14:25:04.946588 80296 runtime_context.cpp:29] DecreaseCounter constructing_actor_cnt, current val is 3129
I1222 14:25:04.946642 80299 thread.cpp:99] Thread 50856004 construct Actor kCriticalSectionWaitTick 106652770500608
I1222 14:25:04.946698 80300 thread.cpp:99] Thread 50855944 construct Actor kNormalForward 106652644671488
I1222 14:25:04.946710 80290 runtime_context.cpp:29] DecreaseCounter constructing_actor_cnt, current val is 3128
I1222 14:25:04.946758 80308 runtime_context.cpp:29] DecreaseCounter constructing_actor_cnt, current val is 3127
I1222 14:25:04.946782 80307 runtime_context.cpp:29] DecreaseCounter constructing_actor_cnt, current val is 3126
I1222 14:25:04.947118 80300 runtime_context.cpp:29] DecreaseCounter constructing_actor_cnt, current val is 3120
I1222 14:25:04.946851 80295 thread.cpp:99] Thread 50856000 construct Actor kTick 106652762112001
I1222 14:25:04.946910 80305 runtime_context.cpp:29] DecreaseCounter constructing_actor_cnt, current val is 3124
I1222 14:25:04.946947 80294 runtime_context.cpp:29] DecreaseCounter constructing_actor_cnt, current val is 3123
I1222 14:25:04.946961 80302 runtime_context.cpp:29] DecreaseCounter constructing_actor_cnt, current val is 3122
I1222 14:25:04.947118 80299 runtime_context.cpp:29] DecreaseCounter constructing_actor_cnt, current val is 3121
I1222 14:25:04.946818 80298 runtime_context.cpp:29] DecreaseCounter constructing_actor_cnt, current val is 3125
I1222 14:25:04.947212 80307 naive_actor.cpp:25] actor 107760731553792 switch to &NaiveActor::HandlerNormal
I1222 14:25:04.947978 80294 naive_actor.cpp:25] actor 107760729456704 switch to &NaiveActor::HandlerNormal
I1222 14:25:04.947841 80305 copy_comm_net_actor.cpp:66] actor 106652772597767 switch to &CopyCommNetActor::HandlerNormal
I1222 14:25:04.947944 80302 naive_actor.cpp:25] actor 107760733650949 switch to &NaiveActor::HandlerNormal
I1222 14:25:04.947981 80307 thread.cpp:99] Thread 51384321 construct Actor kCopyHd 107760731553792
I1222 14:25:04.947301 80295 runtime_context.cpp:29] DecreaseCounter constructing_actor_cnt, current val is 3119
I1222 14:25:04.948024 80294 thread.cpp:99] Thread 51384320 construct Actor kNormalForward 107760729456704
I1222 14:25:04.948051 80305 thread.cpp:99] Thread 50856005 construct Actor kCopyCommNet 106652772597767
I1222 14:25:04.948093 80302 thread.cpp:99] Thread 51384322 construct Actor kCopyHd 107760733650949
I1222 14:25:04.948097 80298 naive_actor.cpp:25] actor 107760735748127 switch to &NaiveActor::HandlerNormal
I1222 14:25:04.948128 80307 runtime_context.cpp:29] DecreaseCounter constructing_actor_cnt, current val is 3118
I1222 14:25:04.948231 80294 runtime_context.cpp:29] DecreaseCounter constructing_actor_cnt, current val is 3117
I1222 14:25:04.948235 80305 runtime_context.cpp:29] DecreaseCounter constructing_actor_cnt, current val is 3116
I1222 14:25:04.948266 80302 runtime_context.cpp:29] DecreaseCounter constructing_actor_cnt, current val is 3115
I1222 14:25:04.948295 80298 thread.cpp:99] Thread 51384323 construct Actor kCollectiveBoxingGeneric 107760735748127
I1222 14:25:04.948395 80307 naive_actor.cpp:25] actor 107760731553794 switch to &NaiveActor::HandlerNormal
I1222 14:25:04.948479 80307 thread.cpp:99] Thread 51384321 construct Actor kCopyHd 107760731553794
I1222 14:25:04.948444 80305 copy_comm_net_actor.cpp:66] actor 106652772597773 switch to &CopyCommNetActor::HandlerNormal
I1222 14:25:04.948542 80305 thread.cpp:99] Thread 50856005 construct Actor kCopyCommNet 106652772597773
I1222 14:25:04.948557 80294 naive_actor.cpp:25] actor 107760729456736 switch to &NaiveActor::HandlerNormal
I1222 14:25:04.948515 80302 naive_actor.cpp:25] actor 107760733650953 switch to &NaiveActor::HandlerNormal
I1222 14:25:04.948518 80307 runtime_context.cpp:29] DecreaseCounter constructing_actor_cnt, current val is 3113
I1222 14:25:04.948468 80298 runtime_context.cpp:29] DecreaseCounter constructing_actor_cnt, current val is 3114
I1222 14:25:04.948423 80295 naive_actor.cpp:25] actor 106652762112003 switch to &NaiveActor::HandlerNormal
I1222 14:25:04.948575 80305 runtime_context.cpp:29] DecreaseCounter constructing_actor_cnt, current val is 3112
I1222 14:25:04.948596 80294 thread.cpp:99] Thread 51384320 construct Actor kNormalForward 107760729456736
I1222 14:25:04.948626 80302 thread.cpp:99] Thread 51384322 construct Actor kCopyHd 107760733650953
I1222 14:25:04.948817 80294 runtime_context.cpp:29] DecreaseCounter constructing_actor_cnt, current val is 3111
I1222 14:25:04.948834 80302 runtime_context.cpp:29] DecreaseCounter constructing_actor_cnt, current val is 3110
I1222 14:25:04.948729 80295 thread.cpp:99] Thread 50856000 construct Actor kTick 106652762112003
I1222 14:25:04.948801 80298 naive_actor.cpp:25] actor 107760735748099 switch to &NaiveActor::HandlerNormal
I1222 14:25:04.948943 80295 runtime_context.cpp:29] DecreaseCounter constructing_actor_cnt, current val is 3109
I1222 14:25:04.948979 80302 naive_actor.cpp:25] actor 107760733650960 switch to &NaiveActor::HandlerNormal
I1222 14:25:04.948954 80298 thread.cpp:99] Thread 51384323 construct Actor kCollectiveBoxingGeneric 107760735748099
I1222 14:25:04.948839 80305 copy_comm_net_actor.cpp:66] actor 106652772597762 switch to &CopyCommNetActor::HandlerNormal
I1222 14:25:04.949558 80298 runtime_context.cpp:29] DecreaseCounter constructing_actor_cnt, current val is 3108
I1222 14:25:04.949375 80295 naive_actor.cpp:25] actor 106652762112002 switch to &NaiveActor::HandlerNormal
I1222 14:25:04.949405 80294 naive_actor.cpp:25] actor 107760729456649 switch to &NaiveActor::HandlerNormal
I1222 14:25:04.949082 80302 thread.cpp:99] Thread 51384322 construct Actor kCopyHd 107760733650960
I1222 14:25:04.949566 80305 thread.cpp:99] Thread 50856005 construct Actor kCopyCommNet 106652772597762
I1222 14:25:04.949640 80295 thread.cpp:99] Thread 50856000 construct Actor kDstSubsetTick 106652762112002
I1222 14:25:04.949690 80294 thread.cpp:99] Thread 51384320 construct Actor kNormalForward 107760729456649
I1222 14:25:04.949705 80298 naive_actor.cpp:25] actor 107760735748110 switch to &NaiveActor::HandlerNormal
I1222 14:25:04.949743 80302 runtime_context.cpp:29] DecreaseCounter constructing_actor_cnt, current val is 3107
I1222 14:25:04.949759 80305 runtime_context.cpp:29] DecreaseCounter constructing_actor_cnt, current val is 3106
I1222 14:25:04.949827 80295 runtime_context.cpp:29] DecreaseCounter constructing_actor_cnt, current val is 3105
I1222 14:25:04.949858 80294 runtime_context.cpp:29] DecreaseCounter constructing_actor_cnt, current val is 3104
I1222 14:25:04.949860 80298 thread.cpp:99] Thread 51384323 construct Actor kCollectiveBoxingGeneric 107760735748110
I1222 14:25:04.949980 80305 copy_comm_net_actor.cpp:66] actor 106652772597763 switch to &CopyCommNetActor::HandlerNormal
I1222 14:25:04.950071 80298 runtime_context.cpp:29] DecreaseCounter constructing_actor_cnt, current val is 3103
I1222 14:25:04.949996 80302 naive_actor.cpp:25] actor 107760733650951 switch to &NaiveActor::HandlerNormal
I1222 14:25:04.950074 80305 thread.cpp:99] Thread 50856005 construct Actor kCopyCommNet 106652772597763
I1222 14:25:04.950158 80302 thread.cpp:99] Thread 51384322 construct Actor kCopyHd 107760733650951
I1222 14:25:04.950198 80305 runtime_context.cpp:29] DecreaseCounter constructing_actor_cnt, current val is 3102
I1222 14:25:04.950232 80298 naive_actor.cpp:25] actor 107760735748133 switch to &NaiveActor::HandlerNormal
I1222 14:25:04.950237 80302 runtime_context.cpp:29] DecreaseCounter constructing_actor_cnt, current val is 3101
I1222 14:25:04.950276 80295 naive_actor.cpp:25] actor 106652762112009 switch to &NaiveActor::HandlerNormal
I1222 14:25:04.950295 80298 thread.cpp:99] Thread 51384323 construct Actor kCollectiveBoxingGeneric 107760735748133
I1222 14:25:04.950317 80305 copy_comm_net_actor.cpp:66] actor 106652772597766 switch to &CopyCommNetActor::HandlerNormal
I1222 14:25:04.950440 80305 thread.cpp:99] Thread 50856005 construct Actor kCopyCommNet 106652772597766
I1222 14:25:04.950423 80298 runtime_context.cpp:29] DecreaseCounter constructing_actor_cnt, current val is 3100
I1222 14:25:04.950511 80294 naive_actor.cpp:25] actor 107760729456768 switch to &NaiveActor::HandlerNormal
I1222 14:25:04.950474 80305 runtime_context.cpp:29] DecreaseCounter constructing_actor_cnt, current val is 3099
I1222 14:25:04.950381 80295 thread.cpp:99] Thread 50856000 construct Actor kDstSubsetTick 106652762112009
I1222 14:25:04.950624 80298 naive_actor.cpp:25] actor 107760735748137 switch to &NaiveActor::HandlerNormal
I1222 14:25:04.950666 80295 runtime_context.cpp:29] DecreaseCounter constructing_actor_cnt, current val is 3098
I1222 14:25:04.950563 80294 thread.cpp:99] Thread 51384320 construct Actor kNormalForward 107760729456768
I1222 14:25:04.950659 80305 copy_comm_net_actor.cpp:66] actor 106652772597776 switch to &CopyCommNetActor::HandlerNormal
I1222 14:25:04.950590 80302 naive_actor.cpp:25] actor 107760733650952 switch to &NaiveActor::HandlerNormal
I1222 14:25:04.950672 80298 thread.cpp:99] Thread 51384323 construct Actor kCollectiveBoxingGeneric 107760735748137
I1222 14:25:04.950776 80305 thread.cpp:99] Thread 50856005 construct Actor kCopyCommNet 106652772597776
I1222 14:25:04.950785 80294 runtime_context.cpp:29] DecreaseCounter constructing_actor_cnt, current val is 3097
I1222 14:25:04.950824 80302 thread.cpp:99] Thread 51384322 construct Actor kCopyHd 107760733650952
I1222 14:25:04.950935 80295 naive_actor.cpp:25] actor 106652762112007 switch to &NaiveActor::HandlerNormal
I1222 14:25:04.950938 80298 runtime_context.cpp:29] DecreaseCounter constructing_actor_cnt, current val is 3096
I1222 14:25:04.951440 80305 runtime_context.cpp:29] DecreaseCounter constructing_actor_cnt, current val is 3095
I1222 14:25:04.951493 80302 runtime_context.cpp:29] DecreaseCounter constructing_actor_cnt, current val is 3094
I1222 14:25:04.951534 80295 thread.cpp:99] Thread 50856000 construct Actor kDstSubsetTick 106652762112007
I1222 14:25:04.951689 80305 copy_comm_net_actor.cpp:66] actor 106652772597771 switch to &CopyCommNetActor::HandlerNormal
I1222 14:25:04.951727 80295 runtime_context.cpp:29] DecreaseCounter constructing_actor_cnt, current val is 3093
I1222 14:25:04.951690 80294 naive_actor.cpp:25] actor 107760729456681 switch to &NaiveActor::HandlerNormal
I1222 14:25:04.951736 80305 thread.cpp:99] Thread 50856005 construct Actor kCopyCommNet 106652772597771
I1222 14:25:04.951768 80298 naive_actor.cpp:25] actor 107760735748154 switch to &NaiveActor::HandlerNormal
I1222 14:25:04.951772 80302 naive_actor.cpp:25] actor 107760733650954 switch to &NaiveActor::HandlerNormal
I1222 14:25:04.951822 80294 thread.cpp:99] Thread 51384320 construct Actor kNormalForward 107760729456681
I1222 14:25:04.951861 80305 runtime_context.cpp:29] DecreaseCounter constructing_actor_cnt, current val is 3092
I1222 14:25:04.951982 80294 runtime_context.cpp:29] DecreaseCounter constructing_actor_cnt, current val is 3091
I1222 14:25:04.951922 80302 thread.cpp:99] Thread 51384322 construct Actor kCopyHd 107760733650954
I1222 14:25:04.951892 80298 thread.cpp:99] Thread 51384323 construct Actor kCollectiveBoxingGeneric 107760735748154
I1222 14:25:04.952054 80305 copy_comm_net_actor.cpp:66] actor 106652772597761 switch to &CopyCommNetActor::HandlerNormal
I1222 14:25:04.952065 80302 runtime_context.cpp:29] DecreaseCounter constructing_actor_cnt, current val is 3090
I1222 14:25:04.952102 80298 runtime_context.cpp:29] DecreaseCounter constructing_actor_cnt, current val is 3089
I1222 14:25:04.952104 80295 naive_actor.cpp:25] actor 106652762112008 switch to &NaiveActor::HandlerNormal
I1222 14:25:04.952133 80305 thread.cpp:99] Thread 50856005 construct Actor kCopyCommNet 106652772597761
I1222 14:25:04.952283 80302 naive_actor.cpp:25] actor 107760733650950 switch to &NaiveActor::HandlerNormal
I1222 14:25:04.952323 80298 naive_actor.cpp:25] actor 107760735748128 switch to &NaiveActor::HandlerNormal
I1222 14:25:04.952296 80305 runtime_context.cpp:29] DecreaseCounter constructing_actor_cnt, current val is 3088
I1222 14:25:04.952301 80294 naive_actor.cpp:25] actor 107760729456662 switch to &NaiveActor::HandlerNormal
I1222 14:25:04.952251 80295 thread.cpp:99] Thread 50856000 construct Actor kSrcSubsetTick 106652762112008
I1222 14:25:04.952332 80302 thread.cpp:99] Thread 51384322 construct Actor kCopyHd 107760733650950
I1222 14:25:04.952368 80298 thread.cpp:99] Thread 51384323 construct Actor kCollectiveBoxingGeneric 107760735748128
I1222 14:25:04.952441 80305 copy_comm_net_actor.cpp:66] actor 106652772597770 switch to &CopyCommNetActor::HandlerNormal
I1222 14:25:04.952608 80305 thread.cpp:99] Thread 50856005 construct Actor kCopyCommNet 106652772597770
I1222 14:25:04.952556 80295 runtime_context.cpp:29] DecreaseCounter constructing_actor_cnt, current val is 3087
I1222 14:25:04.952569 80302 runtime_context.cpp:29] DecreaseCounter constructing_actor_cnt, current val is 3086
I1222 14:25:04.952594 80298 runtime_context.cpp:29] DecreaseCounter constructing_actor_cnt, current val is 3085
I1222 14:25:04.952493 80294 thread.cpp:99] Thread 51384320 construct Actor kNormalForward 107760729456662
I1222 14:25:04.952639 80305 runtime_context.cpp:29] DecreaseCounter constructing_actor_cnt, current val is 3084
I1222 14:25:04.952797 80302 naive_actor.cpp:25] actor 107760733650955 switch to &NaiveActor::HandlerNormal
I1222 14:25:04.952888 80298 naive_actor.cpp:25] actor 107760735748158 switch to &NaiveActor::HandlerNormal
I1222 14:25:04.952898 80294 runtime_context.cpp:29] DecreaseCounter constructing_actor_cnt, current val is 3083
I1222 14:25:04.952960 80305 copy_comm_net_actor.cpp:66] actor 106652772597760 switch to &CopyCommNetActor::HandlerNormal
I1222 14:25:04.953490 80305 thread.cpp:99] Thread 50856005 construct Actor kCopyCommNet 106652772597760
I1222 14:25:04.953353 80302 thread.cpp:99] Thread 51384322 construct Actor kCopyHd 107760733650955
I1222 14:25:04.953394 80298 thread.cpp:99] Thread 51384323 construct Actor kCollectiveBoxingGeneric 107760735748158
I1222 14:25:04.952967 80295 naive_actor.cpp:25] actor 106652762112004 switch to &NaiveActor::HandlerNormal
I1222 14:25:04.953536 80305 runtime_context.cpp:29] DecreaseCounter constructing_actor_cnt, current val is 3082
I1222 14:25:04.953564 80302 runtime_context.cpp:29] DecreaseCounter constructing_actor_cnt, current val is 3081
I1222 14:25:04.953606 80298 runtime_context.cpp:29] DecreaseCounter constructing_actor_cnt, current val is 3080
I1222 14:25:04.953744 80305 copy_comm_net_actor.cpp:66] actor 106652772597779 switch to &CopyCommNetActor::HandlerNormal
I1222 14:25:04.953780 80305 thread.cpp:99] Thread 50856005 construct Actor kCopyCommNet 106652772597779
I1222 14:25:04.953644 80295 thread.cpp:99] Thread 50856000 construct Actor kTick 106652762112004
I1222 14:25:04.953814 80305 runtime_context.cpp:29] DecreaseCounter constructing_actor_cnt, current val is 3079
I1222 14:25:04.953810 80302 naive_actor.cpp:25] actor 107760733650956 switch to &NaiveActor::HandlerNormal
I1222 14:25:04.953873 80298 naive_actor.cpp:25] actor 107760735748155 switch to &NaiveActor::HandlerNormal
I1222 14:25:04.953874 80295 runtime_context.cpp:29] DecreaseCounter constructing_actor_cnt, current val is 3078
I1222 14:25:04.953892 80294 naive_actor.cpp:25] actor 107760729456650 switch to &NaiveActor::HandlerNormal
I1222 14:25:04.953923 80302 thread.cpp:99] Thread 51384322 construct Actor kCopyHd 107760733650956
I1222 14:25:04.953933 80305 copy_comm_net_actor.cpp:66] actor 106652772597780 switch to &CopyCommNetActor::HandlerNormal
I1222 14:25:04.953965 80298 thread.cpp:99] Thread 51384323 construct Actor kCollectiveBoxingGeneric 107760735748155
I1222 14:25:04.954089 80294 thread.cpp:99] Thread 51384320 construct Actor kNormalForward 107760729456650
I1222 14:25:04.954135 80302 runtime_context.cpp:29] DecreaseCounter constructing_actor_cnt, current val is 3077
I1222 14:25:04.954151 80305 thread.cpp:99] Thread 50856005 construct Actor kCopyCommNet 106652772597780
I1222 14:25:04.954202 80298 runtime_context.cpp:29] DecreaseCounter constructing_actor_cnt, current val is 3076
I1222 14:25:04.954236 80295 naive_actor.cpp:25] actor 106652762112005 switch to &NaiveActor::HandlerNormal
I1222 14:25:04.954388 80295 thread.cpp:99] Thread 50856000 construct Actor kTick 106652762112005
I1222 14:25:04.954308 80305 runtime_context.cpp:29] DecreaseCounter constructing_actor_cnt, current val is 3074
I1222 14:25:04.954372 80302 naive_actor.cpp:25] actor 107760733650958 switch to &NaiveActor::HandlerNormal
I1222 14:25:04.954298 80294 runtime_context.cpp:29] DecreaseCounter constructing_actor_cnt, current val is 3075
I1222 14:25:04.954442 80295 runtime_context.cpp:29] DecreaseCounter constructing_actor_cnt, current val is 3073
I1222 14:25:04.954454 80298 naive_actor.cpp:25] actor 107760735748124 switch to &NaiveActor::HandlerNormal
I1222 14:25:04.954480 80302 thread.cpp:99] Thread 51384322 construct Actor kCopyHd 107760733650958
I1222 14:25:04.954514 80305 copy_comm_net_actor.cpp:66] actor 106652772597764 switch to &CopyCommNetActor::HandlerNormal
I1222 14:25:04.954639 80298 thread.cpp:99] Thread 51384323 construct Actor kCollectiveBoxingGeneric 107760735748124
I1222 14:25:04.954691 80302 runtime_context.cpp:29] DecreaseCounter constructing_actor_cnt, current val is 3072
I1222 14:25:04.954710 80305 thread.cpp:99] Thread 50856005 construct Actor kCopyCommNet 106652772597764
I1222 14:25:04.954766 80298 runtime_context.cpp:29] DecreaseCounter constructing_actor_cnt, current val is 3071
I1222 14:25:04.954883 80295 naive_actor.cpp:25] actor 106652762112000 switch to &NaiveActor::HandlerNormal
I1222 14:25:04.954918 80302 naive_actor.cpp:25] actor 107760733650948 switch to &NaiveActor::HandlerNormal
I1222 14:25:04.955406 80305 runtime_context.cpp:29] DecreaseCounter constructing_actor_cnt, current val is 3070
I1222 14:25:04.955472 80295 thread.cpp:99] Thread 50856000 construct Actor kSrcSubsetTick 106652762112000
I1222 14:25:04.955524 80302 thread.cpp:99] Thread 51384322 construct Actor kCopyHd 107760733650948
I1222 14:25:04.955626 80295 runtime_context.cpp:29] DecreaseCounter constructing_actor_cnt, current val is 3069
I1222 14:25:04.955591 80294 naive_actor.cpp:25] actor 107760729456652 switch to &NaiveActor::HandlerNormal
I1222 14:25:04.955621 80305 copy_comm_net_actor.cpp:66] actor 106652772597765 switch to &CopyCommNetActor::HandlerNormal
I1222 14:25:04.955556 80298 naive_actor.cpp:25] actor 107760735748107 switch to &NaiveActor::HandlerNormal
I1222 14:25:04.955644 80302 runtime_context.cpp:29] DecreaseCounter constructing_actor_cnt, current val is 3068
I1222 14:25:04.955756 80294 thread.cpp:99] Thread 51384320 construct Actor kNormalForward 107760729456652
I1222 14:25:04.955783 80305 thread.cpp:99] Thread 50856005 construct Actor kCopyCommNet 106652772597765
I1222 14:25:04.955816 80298 thread.cpp:99] Thread 51384323 construct Actor kCollectiveBoxingGeneric 107760735748107
I1222 14:25:04.955946 80305 runtime_context.cpp:29] DecreaseCounter constructing_actor_cnt, current val is 3067
I1222 14:25:04.955965 80295 naive_actor.cpp:25] actor 106652762112006 switch to &NaiveActor::HandlerNormal
I1222 14:25:04.955971 80298 runtime_context.cpp:29] DecreaseCounter constructing_actor_cnt, current val is 3066
I1222 14:25:04.956058 80305 copy_comm_net_actor.cpp:66] actor 106652772597781 switch to &CopyCommNetActor::HandlerNormal
I1222 14:25:04.956081 80305 thread.cpp:99] Thread 50856005 construct Actor kCopyCommNet 106652772597781
I1222 14:25:04.956027 80295 thread.cpp:99] Thread 50856000 construct Actor kSrcSubsetTick 106652762112006
I1222 14:25:04.955961 80302 naive_actor.cpp:25] actor 107760733650946 switch to &NaiveActor::HandlerNormal
I1222 14:25:04.955986 80294 runtime_context.cpp:29] DecreaseCounter constructing_actor_cnt, current val is 3065
I1222 14:25:04.956115 80305 runtime_context.cpp:29] DecreaseCounter constructing_actor_cnt, current val is 3064
I1222 14:25:04.956168 80302 thread.cpp:99] Thread 51384322 construct Actor kCopyHd 107760733650946
I1222 14:25:04.956171 80295 runtime_context.cpp:29] DecreaseCounter constructing_actor_cnt, current val is 3063
I1222 14:25:04.956180 80298 naive_actor.cpp:25] actor 107760735748163 switch to &NaiveActor::HandlerNormal
I1222 14:25:04.956310 80302 runtime_context.cpp:29] DecreaseCounter constructing_actor_cnt, current val is 3062
I1222 14:25:04.956326 80305 copy_comm_net_actor.cpp:66] actor 106652772597772 switch to &CopyCommNetActor::HandlerNormal
I1222 14:25:04.956390 80298 thread.cpp:99] Thread 51384323 construct Actor kCollectiveBoxingGeneric 107760735748163
I1222 14:25:04.956449 80305 thread.cpp:99] Thread 50856005 construct Actor kCopyCommNet 106652772597772
I1222 14:25:04.956532 80302 naive_actor.cpp:25] actor 107760733650959 switch to &NaiveActor::HandlerNormal
I1222 14:25:04.956564 80302 thread.cpp:99] Thread 51384322 construct Actor kCopyHd 107760733650959
I1222 14:25:04.956686 80305 runtime_context.cpp:29] DecreaseCounter constructing_actor_cnt, current val is 3061
I1222 14:25:04.956689 80298 runtime_context.cpp:29] DecreaseCounter constructing_actor_cnt, current val is 3060
I1222 14:25:04.956701 80302 runtime_context.cpp:29] DecreaseCounter constructing_actor_cnt, current val is 3059
I1222 14:25:04.956800 80305 copy_comm_net_actor.cpp:66] actor 106652772597769 switch to &CopyCommNetActor::HandlerNormal
I1222 14:25:04.956862 80305 thread.cpp:99] Thread 50856005 construct Actor kCopyCommNet 106652772597769
I1222 14:25:04.956902 80302 naive_actor.cpp:25] actor 107760733650961 switch to &NaiveActor::HandlerNormal
I1222 14:25:04.956907 80298 naive_actor.cpp:25] actor 107760735748178 switch to &NaiveActor::HandlerNormal
I1222 14:25:04.957260 80305 runtime_context.cpp:29] DecreaseCounter constructing_actor_cnt, current val is 3058
I1222 14:25:04.957288 80302 thread.cpp:99] Thread 51384322 construct Actor kCopyHd 107760733650961
I1222 14:25:04.957329 80298 thread.cpp:99] Thread 51384323 construct Actor kCollectiveBoxingGeneric 107760735748178
