 Insert buffer op : [System-Pipeline-Buffer-Op_-base_model.m_stage0.encoder.layer.1.output.dropout-dropout_97-mask_0-stage_id_0](buffer_size:4) 
 from [base_model.m_stage0.encoder.layer.1.output.dropout-dropout_97] (stage_id:0) -> [base_model.m_stage0.encoder.layer.1.output.dropout-dropout_97_grad] (stage_id:0) 
I1222 14:55:03.956235 84590 pipeline_buffer_pass.cpp:117] 
 Insert buffer op : [System-Pipeline-Buffer-Op_-base_model.m_stage0.encoder.layer.1.intermediate.intermediate_act_fn-gelu_94-out_0-stage_id_0](buffer_size:4) 
 from [base_model.m_stage0.encoder.layer.1.intermediate.intermediate_act_fn-gelu_94] (stage_id:0) -> [base_model.m_stage0.encoder.layer.1.output.dense-broadcast_matmul_95_b_grad] (stage_id:0) 
I1222 14:55:03.956837 84590 pipeline_buffer_pass.cpp:117] 
 Insert buffer op : [System-Pipeline-Buffer-Op_-base_model.m_stage0.encoder.layer.1.intermediate.dense-broadcast_add_93-z_0-stage_id_0](buffer_size:4) 
 from [base_model.m_stage0.encoder.layer.1.intermediate.dense-broadcast_add_93] (stage_id:0) -> [base_model.m_stage0.encoder.layer.1.intermediate.intermediate_act_fn-gelu_94_grad] (stage_id:0) 
I1222 14:55:03.956921 84590 pipeline_buffer_pass.cpp:117] 
 Insert buffer op : [System-Pipeline-Buffer-Op_-base_model.m_stage0.encoder.layer.1.attention.output.LayerNorm-layer_norm_91-y_0-stage_id_0](buffer_size:4) 
 from [base_model.m_stage0.encoder.layer.1.attention.output.LayerNorm-layer_norm_91] (stage_id:0) -> [base_model.m_stage0.encoder.layer.1.intermediate.dense-broadcast_matmul_92_b_grad] (stage_id:0) 
I1222 14:55:03.956992 84590 pipeline_buffer_pass.cpp:117] 
 Insert buffer op : [System-Pipeline-Buffer-Op_-base_model.m_stage0.encoder.layer.1.attention.output.LayerNorm-layer_norm_91-normalized_0-stage_id_0](buffer_size:4) 
 from [base_model.m_stage0.encoder.layer.1.attention.output.LayerNorm-layer_norm_91] (stage_id:0) -> [base_model.m_stage0.encoder.layer.1.attention.output.LayerNorm-layer_norm_91_param_grad] (stage_id:0) 
I1222 14:55:03.957062 84590 pipeline_buffer_pass.cpp:117] 
 Insert buffer op : [System-Pipeline-Buffer-Op_-base_model.m_stage0.encoder.layer.1.attention.output-add_n_90-out_0-stage_id_0](buffer_size:4) 
 from [base_model.m_stage0.encoder.layer.1.attention.output-add_n_90] (stage_id:0) -> [base_model.m_stage0.encoder.layer.1.attention.output.LayerNorm-layer_norm_91_grad] (stage_id:0) 
I1222 14:55:03.957139 84590 pipeline_buffer_pass.cpp:117] 
 Insert buffer op : [System-Pipeline-Buffer-Op_-base_model.m_stage0.encoder.layer.1.attention.output.LayerNorm-layer_norm_91-mean_0-stage_id_0](buffer_size:4) 
 from [base_model.m_stage0.encoder.layer.1.attention.output.LayerNorm-layer_norm_91] (stage_id:0) -> [base_model.m_stage0.encoder.layer.1.attention.output.LayerNorm-layer_norm_91_grad] (stage_id:0) 
I1222 14:55:03.957209 84590 pipeline_buffer_pass.cpp:117] 
 Insert buffer op : [System-Pipeline-Buffer-Op_-base_model.m_stage0.encoder.layer.1.attention.output.LayerNorm-layer_norm_91-inv_variance_0-stage_id_0](buffer_size:4) 
 from [base_model.m_stage0.encoder.layer.1.attention.output.LayerNorm-layer_norm_91] (stage_id:0) -> [base_model.m_stage0.encoder.layer.1.attention.output.LayerNorm-layer_norm_91_grad] (stage_id:0) 
I1222 14:55:03.957278 84590 pipeline_buffer_pass.cpp:117] 
 Insert buffer op : [System-Pipeline-Buffer-Op_-base_model.m_stage0.encoder.layer.1.attention.output.dropout-dropout_89-mask_0-stage_id_0](buffer_size:4) 
 from [base_model.m_stage0.encoder.layer.1.attention.output.dropout-dropout_89] (stage_id:0) -> [base_model.m_stage0.encoder.layer.1.attention.output.dropout-dropout_89_grad] (stage_id:0) 
I1222 14:55:03.957360 84590 pipeline_buffer_pass.cpp:117] 
 Insert buffer op : [System-Pipeline-Buffer-Op_-base_model.m_stage0.encoder.layer.1.attention.self-reshape_86-out_0-stage_id_0](buffer_size:4) 
 from [base_model.m_stage0.encoder.layer.1.attention.self-reshape_86] (stage_id:0) -> [base_model.m_stage0.encoder.layer.1.attention.output.dense-broadcast_matmul_87_b_grad] (stage_id:0) 
I1222 14:55:03.957441 84590 pipeline_buffer_pass.cpp:117] 
 Insert buffer op : [System-Pipeline-Buffer-Op_-base_model.m_stage0.encoder.layer.1.attention.self-transpose_77-output_0-stage_id_0](buffer_size:4) 
 from [base_model.m_stage0.encoder.layer.1.attention.self-transpose_77] (stage_id:0) -> [base_model.m_stage0.encoder.layer.1.attention.self-batch_matmul_84_grad_a] (stage_id:0) 
I1222 14:55:03.957558 84590 pipeline_buffer_pass.cpp:117] 
 Insert buffer op : [System-Pipeline-Buffer-Op_-base_model.m_stage0.encoder.layer.1.attention.self.dropout-dropout_83-out_0-stage_id_0](buffer_size:4) 
 from [base_model.m_stage0.encoder.layer.1.attention.self.dropout-dropout_83] (stage_id:0) -> [base_model.m_stage0.encoder.layer.1.attention.self-batch_matmul_84_grad_b] (stage_id:0) 
I1222 14:55:03.958216 84590 pipeline_buffer_pass.cpp:117] 
 Insert buffer op : [System-Pipeline-Buffer-Op_-base_model.m_stage0.encoder.layer.1.attention.self.dropout-dropout_83-mask_0-stage_id_0](buffer_size:4) 
 from [base_model.m_stage0.encoder.layer.1.attention.self.dropout-dropout_83] (stage_id:0) -> [base_model.m_stage0.encoder.layer.1.attention.self.dropout-dropout_83_grad] (stage_id:0) 
I1222 14:55:03.958300 84590 pipeline_buffer_pass.cpp:117] 
 Insert buffer op : [System-Pipeline-Buffer-Op_-base_model.m_stage0.encoder.layer.1.attention.self-softmax_82-out_0-stage_id_0](buffer_size:4) 
 from [base_model.m_stage0.encoder.layer.1.attention.self-softmax_82] (stage_id:0) -> [base_model.m_stage0.encoder.layer.1.attention.self-softmax_82_grad] (stage_id:0) 
I1222 14:55:03.958384 84590 pipeline_buffer_pass.cpp:117] 
 Insert buffer op : [System-Pipeline-Buffer-Op_-base_model.m_stage0.encoder.layer.0.output.LayerNorm-layer_norm_65-y_0-stage_id_0](buffer_size:4) 
 from [base_model.m_stage0.encoder.layer.0.output.LayerNorm-layer_norm_65] (stage_id:0) -> [base_model.m_stage0.encoder.layer.1.attention.self.value-broadcast_matmul_74_b_grad] (stage_id:0) 
I1222 14:55:03.958461 84590 pipeline_buffer_pass.cpp:117] 
 Insert buffer op : [System-Pipeline-Buffer-Op_-base_model.m_stage0.encoder.layer.1.attention.self-transpose_78-output_0-stage_id_0](buffer_size:4) 
 from [base_model.m_stage0.encoder.layer.1.attention.self-transpose_78] (stage_id:0) -> [base_model.m_stage0.encoder.layer.1.attention.self-batch_matmul_79_grad_a] (stage_id:0) 
I1222 14:55:03.958544 84590 pipeline_buffer_pass.cpp:117] 
 Insert buffer op : [System-Pipeline-Buffer-Op_-base_model.m_stage0.encoder.layer.1.attention.self-transpose_69-output_0-stage_id_0](buffer_size:4) 
 from [base_model.m_stage0.encoder.layer.1.attention.self-transpose_69] (stage_id:0) -> [base_model.m_stage0.encoder.layer.1.attention.self-batch_matmul_79_grad_b] (stage_id:0) 
I1222 14:55:03.958670 84590 pipeline_buffer_pass.cpp:117] 
 Insert buffer op : [System-Pipeline-Buffer-Op_-base_model.m_stage0.encoder.layer.0.output.LayerNorm-layer_norm_65-normalized_0-stage_id_0](buffer_size:4) 
 from [base_model.m_stage0.encoder.layer.0.output.LayerNorm-layer_norm_65] (stage_id:0) -> [base_model.m_stage0.encoder.layer.0.output.LayerNorm-layer_norm_65_param_grad] (stage_id:0) 
I1222 14:55:03.958752 84590 pipeline_buffer_pass.cpp:117] 
 Insert buffer op : [System-Pipeline-Buffer-Op_-base_model.m_stage0.encoder.layer.0.output-add_n_64-out_0-stage_id_0](buffer_size:4) 
 from [base_model.m_stage0.encoder.layer.0.output-add_n_64] (stage_id:0) -> [base_model.m_stage0.encoder.layer.0.output.LayerNorm-layer_norm_65_grad] (stage_id:0) 
I1222 14:55:03.958830 84590 pipeline_buffer_pass.cpp:117] 
 Insert buffer op : [System-Pipeline-Buffer-Op_-base_model.m_stage0.encoder.layer.0.output.LayerNorm-layer_norm_65-mean_0-stage_id_0](buffer_size:4) 
 from [base_model.m_stage0.encoder.layer.0.output.LayerNorm-layer_norm_65] (stage_id:0) -> [base_model.m_stage0.encoder.layer.0.output.LayerNorm-layer_norm_65_grad] (stage_id:0) 
I1222 14:55:03.958892 84590 pipeline_buffer_pass.cpp:117] 
 Insert buffer op : [System-Pipeline-Buffer-Op_-base_model.m_stage0.encoder.layer.0.output.LayerNorm-layer_norm_65-inv_variance_0-stage_id_0](buffer_size:4) 
 from [base_model.m_stage0.encoder.layer.0.output.LayerNorm-layer_norm_65] (stage_id:0) -> [base_model.m_stage0.encoder.layer.0.output.LayerNorm-layer_norm_65_grad] (stage_id:0) 
I1222 14:55:03.958957 84590 pipeline_buffer_pass.cpp:117] 
 Insert buffer op : [System-Pipeline-Buffer-Op_-base_model.m_stage0.encoder.layer.0.output.dropout-dropout_63-mask_0-stage_id_0](buffer_size:4) 
 from [base_model.m_stage0.encoder.layer.0.output.dropout-dropout_63] (stage_id:0) -> [base_model.m_stage0.encoder.layer.0.output.dropout-dropout_63_grad] (stage_id:0) 
I1222 14:55:03.959071 84590 pipeline_buffer_pass.cpp:117] 
 Insert buffer op : [System-Pipeline-Buffer-Op_-base_model.m_stage0.encoder.layer.0.intermediate.intermediate_act_fn-gelu_60-out_0-stage_id_0](buffer_size:4) 
 from [base_model.m_stage0.encoder.layer.0.intermediate.intermediate_act_fn-gelu_60] (stage_id:0) -> [base_model.m_stage0.encoder.layer.0.output.dense-broadcast_matmul_61_b_grad] (stage_id:0) 
I1222 14:55:03.959686 84590 pipeline_buffer_pass.cpp:117] 
 Insert buffer op : [System-Pipeline-Buffer-Op_-base_model.m_stage0.encoder.layer.0.intermediate.dense-broadcast_add_59-z_0-stage_id_0](buffer_size:4) 
 from [base_model.m_stage0.encoder.layer.0.intermediate.dense-broadcast_add_59] (stage_id:0) -> [base_model.m_stage0.encoder.layer.0.intermediate.intermediate_act_fn-gelu_60_grad] (stage_id:0) 
I1222 14:55:03.959771 84590 pipeline_buffer_pass.cpp:117] 
 Insert buffer op : [System-Pipeline-Buffer-Op_-base_model.m_stage0.encoder.layer.0.attention.output.LayerNorm-layer_norm_57-y_0-stage_id_0](buffer_size:4) 
 from [base_model.m_stage0.encoder.layer.0.attention.output.LayerNorm-layer_norm_57] (stage_id:0) -> [base_model.m_stage0.encoder.layer.0.intermediate.dense-broadcast_matmul_58_b_grad] (stage_id:0) 
I1222 14:55:03.959851 84590 pipeline_buffer_pass.cpp:117] 
 Insert buffer op : [System-Pipeline-Buffer-Op_-base_model.m_stage0.encoder.layer.0.attention.output.LayerNorm-layer_norm_57-normalized_0-stage_id_0](buffer_size:4) 
 from [base_model.m_stage0.encoder.layer.0.attention.output.LayerNorm-layer_norm_57] (stage_id:0) -> [base_model.m_stage0.encoder.layer.0.attention.output.LayerNorm-layer_norm_57_param_grad] (stage_id:0) 
I1222 14:55:03.959923 84590 pipeline_buffer_pass.cpp:117] 
 Insert buffer op : [System-Pipeline-Buffer-Op_-base_model.m_stage0.encoder.layer.0.attention.output.LayerNorm-layer_norm_57-mean_0-stage_id_0](buffer_size:4) 
 from [base_model.m_stage0.encoder.layer.0.attention.output.LayerNorm-layer_norm_57] (stage_id:0) -> [base_model.m_stage0.encoder.layer.0.attention.output.LayerNorm-layer_norm_57_grad] (stage_id:0) 
I1222 14:55:03.959996 84590 pipeline_buffer_pass.cpp:117] 
 Insert buffer op : [System-Pipeline-Buffer-Op_-base_model.m_stage0.encoder.layer.0.attention.output.LayerNorm-layer_norm_57-inv_variance_0-stage_id_0](buffer_size:4) 
 from [base_model.m_stage0.encoder.layer.0.attention.output.LayerNorm-layer_norm_57] (stage_id:0) -> [base_model.m_stage0.encoder.layer.0.attention.output.LayerNorm-layer_norm_57_grad] (stage_id:0) 
I1222 14:55:03.960059 84590 pipeline_buffer_pass.cpp:117] 
 Insert buffer op : [System-Pipeline-Buffer-Op_-base_model.m_stage0.encoder.layer.0.attention.output-add_n_56-out_0-stage_id_0](buffer_size:4) 
 from [base_model.m_stage0.encoder.layer.0.attention.output-add_n_56] (stage_id:0) -> [base_model.m_stage0.encoder.layer.0.attention.output.LayerNorm-layer_norm_57_grad] (stage_id:0) 
I1222 14:55:03.960136 84590 pipeline_buffer_pass.cpp:117] 
 Insert buffer op : [System-Pipeline-Buffer-Op_-base_model.m_stage0.encoder.layer.0.attention.output.dropout-dropout_55-mask_0-stage_id_0](buffer_size:4) 
 from [base_model.m_stage0.encoder.layer.0.attention.output.dropout-dropout_55] (stage_id:0) -> [base_model.m_stage0.encoder.layer.0.attention.output.dropout-dropout_55_grad] (stage_id:0) 
I1222 14:55:03.960209 84590 pipeline_buffer_pass.cpp:117] 
 Insert buffer op : [System-Pipeline-Buffer-Op_-base_model.m_stage0.encoder.layer.0.attention.self-reshape_52-out_0-stage_id_0](buffer_size:4) 
 from [base_model.m_stage0.encoder.layer.0.attention.self-reshape_52] (stage_id:0) -> [base_model.m_stage0.encoder.layer.0.attention.output.dense-broadcast_matmul_53_b_grad] (stage_id:0) 
I1222 14:55:03.960291 84590 pipeline_buffer_pass.cpp:117] 
 Insert buffer op : [System-Pipeline-Buffer-Op_-base_model.m_stage0.encoder.layer.0.attention.self-transpose_43-output_0-stage_id_0](buffer_size:4) 
 from [base_model.m_stage0.encoder.layer.0.attention.self-transpose_43] (stage_id:0) -> [base_model.m_stage0.encoder.layer.0.attention.self-batch_matmul_50_grad_a] (stage_id:0) 
I1222 14:55:03.960402 84590 pipeline_buffer_pass.cpp:117] 
 Insert buffer op : [System-Pipeline-Buffer-Op_-base_model.m_stage0.encoder.layer.0.attention.self.dropout-dropout_49-out_0-stage_id_0](buffer_size:4) 
 from [base_model.m_stage0.encoder.layer.0.attention.self.dropout-dropout_49] (stage_id:0) -> [base_model.m_stage0.encoder.layer.0.attention.self-batch_matmul_50_grad_b] (stage_id:0) 
I1222 14:55:03.960882 84590 pipeline_buffer_pass.cpp:117] 
 Insert buffer op : [System-Pipeline-Buffer-Op_-base_model.m_stage0.encoder.layer.0.attention.self.dropout-dropout_49-mask_0-stage_id_0](buffer_size:4) 
 from [base_model.m_stage0.encoder.layer.0.attention.self.dropout-dropout_49] (stage_id:0) -> [base_model.m_stage0.encoder.layer.0.attention.self.dropout-dropout_49_grad] (stage_id:0) 
I1222 14:55:03.960963 84590 pipeline_buffer_pass.cpp:117] 
 Insert buffer op : [System-Pipeline-Buffer-Op_-base_model.m_stage0.encoder.layer.0.attention.self-softmax_48-out_0-stage_id_0](buffer_size:4) 
 from [base_model.m_stage0.encoder.layer.0.attention.self-softmax_48] (stage_id:0) -> [base_model.m_stage0.encoder.layer.0.attention.self-softmax_48_grad] (stage_id:0) 
I1222 14:55:03.961047 84590 pipeline_buffer_pass.cpp:117] 
 Insert buffer op : [System-Pipeline-Buffer-Op_-base_model.m_stage0.embeddings.dropout-dropout_25-out_0-stage_id_0](buffer_size:4) 
 from [base_model.m_stage0.embeddings.dropout-dropout_25] (stage_id:0) -> [base_model.m_stage0.encoder.layer.0.attention.self.value-broadcast_matmul_40_b_grad] (stage_id:0) 
I1222 14:55:03.961117 84590 pipeline_buffer_pass.cpp:117] 
 Insert buffer op : [System-Pipeline-Buffer-Op_-base_model.m_stage0.encoder.layer.0.attention.self-transpose_44-output_0-stage_id_0](buffer_size:4) 
 from [base_model.m_stage0.encoder.layer.0.attention.self-transpose_44] (stage_id:0) -> [base_model.m_stage0.encoder.layer.0.attention.self-batch_matmul_45_grad_a] (stage_id:0) 
I1222 14:55:03.961194 84590 pipeline_buffer_pass.cpp:117] 
 Insert buffer op : [System-Pipeline-Buffer-Op_-base_model.m_stage0.encoder.layer.0.attention.self-transpose_35-output_0-stage_id_0](buffer_size:4) 
 from [base_model.m_stage0.encoder.layer.0.attention.self-transpose_35] (stage_id:0) -> [base_model.m_stage0.encoder.layer.0.attention.self-batch_matmul_45_grad_b] (stage_id:0) 
I1222 14:55:03.961308 84590 pipeline_buffer_pass.cpp:117] 
 Insert buffer op : [System-Pipeline-Buffer-Op_-base_model.m_stage0.embeddings.dropout-dropout_25-mask_0-stage_id_0](buffer_size:4) 
 from [base_model.m_stage0.embeddings.dropout-dropout_25] (stage_id:0) -> [base_model.m_stage0.embeddings.dropout-dropout_25_grad] (stage_id:0) 
I1222 14:55:03.961380 84590 pipeline_buffer_pass.cpp:117] 
 Insert buffer op : [System-Pipeline-Buffer-Op_-base_model.m_stage0.embeddings.LayerNorm-layer_norm_24-normalized_0-stage_id_0](buffer_size:4) 
 from [base_model.m_stage0.embeddings.LayerNorm-layer_norm_24] (stage_id:0) -> [base_model.m_stage0.embeddings.LayerNorm-layer_norm_24_param_grad] (stage_id:0) 
I1222 14:55:03.961462 84590 pipeline_buffer_pass.cpp:117] 
 Insert buffer op : [System-Pipeline-Buffer-Op_-base_model.m_stage0.embeddings-broadcast_add_23-z_0-stage_id_0](buffer_size:4) 
 from [base_model.m_stage0.embeddings-broadcast_add_23] (stage_id:0) -> [base_model.m_stage0.embeddings.LayerNorm-layer_norm_24_grad] (stage_id:0) 
I1222 14:55:03.961552 84590 pipeline_buffer_pass.cpp:117] 
 Insert buffer op : [System-Pipeline-Buffer-Op_-base_model.m_stage0.embeddings.LayerNorm-layer_norm_24-mean_0-stage_id_0](buffer_size:4) 
 from [base_model.m_stage0.embeddings.LayerNorm-layer_norm_24] (stage_id:0) -> [base_model.m_stage0.embeddings.LayerNorm-layer_norm_24_grad] (stage_id:0) 
I1222 14:55:03.961616 84590 pipeline_buffer_pass.cpp:117] 
 Insert buffer op : [System-Pipeline-Buffer-Op_-base_model.m_stage0.embeddings.LayerNorm-layer_norm_24-inv_variance_0-stage_id_0](buffer_size:4) 
 from [base_model.m_stage0.embeddings.LayerNorm-layer_norm_24] (stage_id:0) -> [base_model.m_stage0.embeddings.LayerNorm-layer_norm_24_grad] (stage_id:0) 
I1222 14:55:03.961743 84590 pipeline_buffer_pass.cpp:117] 
 Insert buffer op : [System-Pipeline-Buffer-Op_-base_model.m_stage0.embeddings.position_embeddings-gather_20-out_0-stage_id_0](buffer_size:4) 
 from [base_model.m_stage0.embeddings.position_embeddings-gather_20] (stage_id:0) -> [base_model.m_stage0.embeddings-broadcast_add_23_y_grad_reduce_sum_like] (stage_id:0) 
I1222 14:55:03.962283 84590 pipeline_buffer_pass.cpp:117] 
 Insert buffer op : [System-Pipeline-Buffer-Op_-base_model.m_stage0.embeddings-slice_19-y_0-stage_id_0](buffer_size:4) 
 from [base_model.m_stage0.embeddings-slice_19] (stage_id:0) -> [base_model.m_stage0.embeddings.position_embeddings-gather_20_grad] (stage_id:0) 
I1222 14:55:03.962366 84590 pipeline_buffer_pass.cpp:117] 
 Insert buffer op : [System-Pipeline-Buffer-Op_-base_model-identity_15-out_0-stage_id_0](buffer_size:4) 
 from [base_model-identity_15] (stage_id:0) -> [base_model.m_stage0.embeddings.word_embeddings-gather_18_grad] (stage_id:0) 
I1222 14:55:03.962447 84590 pipeline_buffer_pass.cpp:117] 
 Insert buffer op : [System-Pipeline-Buffer-Op_-base_model-identity_16-out_0-stage_id_0](buffer_size:4) 
 from [base_model-identity_16] (stage_id:0) -> [base_model.m_stage0.embeddings.token_type_embeddings-gather_21_grad] (stage_id:0) 
I1222 14:55:03.963037 84590 pipeline_buffer_pass.cpp:117] 
 Insert buffer op : [System-Pipeline-Buffer-Op_-_train_data_loader-hierarchical_parallel_cast_8-out_0-stage_id_0](buffer_size:4) 
 from [_train_data_loader-hierarchical_parallel_cast_8] (stage_id:0) -> [base_model-identity_15] (stage_id:0) 
I1222 14:55:03.963135 84590 pipeline_buffer_pass.cpp:117] 
 Insert buffer op : [System-Pipeline-Buffer-Op_-_train_data_loader-hierarchical_parallel_cast_11-out_0-stage_id_0](buffer_size:4) 
 from [_train_data_loader-hierarchical_parallel_cast_11] (stage_id:0) -> [base_model-identity_16] (stage_id:0) 
I1222 14:55:03.963213 84590 pipeline_buffer_pass.cpp:117] 
 Insert buffer op : [System-Pipeline-Buffer-Op_-_train_data_loader-hierarchical_parallel_cast_10-out_0-stage_id_0](buffer_size:4) 
 from [_train_data_loader-hierarchical_parallel_cast_10] (stage_id:0) -> [base_model-identity_17] (stage_id:0) 
I1222 14:55:03.963830 84590 pipeline_buffer_pass.cpp:212] 
 Insert buffer op pair : src_buffer = <System-Pipeline-Buffer-Op_-base_model-identity_440-out_0>(buffer_size:1) , dst_buffer = <System-Pipeline-Buffer-Op_-base_model-identity_440-out_0-stage_id_1>(buffer_size:1) 
 from [base_model-identity_440] (stage_id:0) -> [base_model-identity_441] (stage_id:1) 
I1222 14:55:03.963918 84590 pipeline_buffer_pass.cpp:117] 
 Insert buffer op : [System-Pipeline-Buffer-Op_-_train_data_loader-hierarchical_parallel_cast_10-out_0-stage_id_1](buffer_size:4) 
 from [_train_data_loader-hierarchical_parallel_cast_10] (stage_id:0) -> [base_model-identity_442] (stage_id:1) 
I1222 14:55:03.964512 84590 pipeline_buffer_pass.cpp:117] 
 Insert buffer op : [System-Pipeline-Buffer-Op_-_train_data_loader-hierarchical_parallel_cast_9-out_0-stage_id_1](buffer_size:4) 
 from [_train_data_loader-hierarchical_parallel_cast_9] (stage_id:0) -> [reshape_872] (stage_id:1) 
I1222 14:55:03.964608 84590 pipeline_buffer_pass.cpp:117] 
 Insert buffer op : [System-Pipeline-Buffer-Op_-_train_data_loader-hierarchical_parallel_cast_13-out_0-stage_id_1](buffer_size:4) 
 from [_train_data_loader-hierarchical_parallel_cast_13] (stage_id:0) -> [expand_dims_880] (stage_id:1) 
I1222 14:55:03.964689 84590 pipeline_buffer_pass.cpp:117] 
 Insert buffer op : [System-Pipeline-Buffer-Op_-_train_data_loader-hierarchical_parallel_cast_12-out_0-stage_id_1](buffer_size:4) 
 from [_train_data_loader-hierarchical_parallel_cast_12] (stage_id:0) -> [reshape_884] (stage_id:1) 
I1222 14:55:03.964771 84590 pipeline_buffer_pass.cpp:117] 
 Insert buffer op : [System-Pipeline-Buffer-Op_-_train_data_loader-hierarchical_parallel_cast_14-out_0-stage_id_1](buffer_size:4) 
 from [_train_data_loader-hierarchical_parallel_cast_14] (stage_id:0) -> [multiply_891] (stage_id:1) 
I1222 14:55:03.966102 84590 pipeline_buffer_pass.cpp:212] 
 Insert buffer op pair : src_buffer = <System-Pipeline-Buffer-Op_-base_model-identity_441_grad-out_0>(buffer_size:1) , dst_buffer = <System-Pipeline-Buffer-Op_-base_model-identity_441_grad-out_0-stage_id_0>(buffer_size:1) 
 from [base_model-identity_441_grad] (stage_id:1) -> [base_model-identity_440_grad] (stage_id:0) 
I1222 14:55:05.228361 84590 global.h:43] DeleteGlobal N7oneflow7JobDescE
I1222 14:55:06.451050 84590 global.h:36] NewGlobal N7oneflow7JobDescE
I1222 14:55:23.869920 84590 runtime_context.cpp:21] NewCounter constructing_actor_cnt 3258
I1222 14:55:23.871086 84918 naive_actor.cpp:25] actor 72567767436216 switch to &NaiveActor::HandlerNormal
I1222 14:55:23.871153 84934 wait_and_send_ids_actor.cpp:53] actor 71468392120320 switch to &WaitAndSendIdsActor::HandlerWaitToStart
I1222 14:55:23.871198 84918 thread.cpp:99] Thread 34603008 construct Actor kDeviceTick 72567767436216
I1222 14:55:23.871376 84934 thread.cpp:99] Thread 34078785 construct Actor kWaitAndSendIds 71468392120320
I1222 14:55:23.871631 84918 runtime_context.cpp:29] DecreaseCounter constructing_actor_cnt, current val is 3257
I1222 14:55:23.871767 84934 runtime_context.cpp:29] DecreaseCounter constructing_actor_cnt, current val is 3256
I1222 14:55:23.983680 84918 naive_actor.cpp:25] actor 72567767433219 switch to &NaiveActor::HandlerNormal
I1222 14:55:23.983757 84918 thread.cpp:99] Thread 34603008 construct Actor kNormalForward 72567767433219
I1222 14:55:23.983880 84918 runtime_context.cpp:29] DecreaseCounter constructing_actor_cnt, current val is 3255
I1222 14:55:23.984268 84918 naive_actor.cpp:25] actor 72567767433251 switch to &NaiveActor::HandlerNormal
I1222 14:55:23.984303 84923 naive_actor.cpp:25] actor 71468255805440 switch to &NaiveActor::HandlerNormal
I1222 14:55:23.984334 84922 naive_actor.cpp:25] actor 71468262096896 switch to &NaiveActor::HandlerNormal
I1222 14:55:23.984341 84918 thread.cpp:99] Thread 34603008 construct Actor kNormalForward 72567767433251
I1222 14:55:23.984453 84920 naive_actor.cpp:25] actor 71468266291200 switch to &NaiveActor::HandlerNormal
I1222 14:55:23.984437 84922 thread.cpp:99] Thread 34078723 construct Actor kNormalForward 71468262096896
I1222 14:55:23.984392 84923 thread.cpp:99] Thread 34078720 construct Actor kNormalForward 71468255805440
I1222 14:55:23.984468 84919 naive_actor.cpp:25] actor 71468257902592 switch to &NaiveActor::HandlerNormal
I1222 14:55:23.984690 84923 runtime_context.cpp:29] DecreaseCounter constructing_actor_cnt, current val is 3252
I1222 14:55:23.984504 84918 runtime_context.cpp:29] DecreaseCounter constructing_actor_cnt, current val is 3254
I1222 14:55:23.984537 84920 thread.cpp:99] Thread 34078725 construct Actor kNormalForward 71468266291200
I1222 14:55:23.984658 84922 runtime_context.cpp:29] DecreaseCounter constructing_actor_cnt, current val is 3253
I1222 14:55:23.984479 84921 naive_actor.cpp:25] actor 71468264194048 switch to &NaiveActor::HandlerNormal
I1222 14:55:23.984699 84919 thread.cpp:99] Thread 34078721 construct Actor kNormalForward 71468257902592
I1222 14:55:23.984704 84924 naive_actor.cpp:25] actor 71468268388352 switch to &NaiveActor::HandlerNormal
I1222 14:55:23.984896 84920 runtime_context.cpp:29] DecreaseCounter constructing_actor_cnt, current val is 3251
I1222 14:55:23.985081 84919 runtime_context.cpp:29] DecreaseCounter constructing_actor_cnt, current val is 3250
I1222 14:55:23.985057 84924 thread.cpp:99] Thread 34078726 construct Actor kNormalForward 71468268388352
I1222 14:55:23.984928 84921 thread.cpp:99] Thread 34078724 construct Actor kNormalForward 71468264194048
I1222 14:55:23.985409 84932 naive_actor.cpp:25] actor 72567771627532 switch to &NaiveActor::HandlerNormal
I1222 14:55:23.985482 84932 thread.cpp:99] Thread 34603010 construct Actor kCopyHd 72567771627532
I1222 14:55:23.985558 84921 runtime_context.cpp:29] DecreaseCounter constructing_actor_cnt, current val is 3248
I1222 14:55:23.985617 84925 naive_actor.cpp:25] actor 71468259999744 switch to &NaiveActor::HandlerNormal
I1222 14:55:23.985520 84928 naive_actor.cpp:25] actor 72567769530380 switch to &NaiveActor::HandlerNormal
I1222 14:55:23.985595 84932 runtime_context.cpp:29] DecreaseCounter constructing_actor_cnt, current val is 3247
I1222 14:55:23.985556 84924 runtime_context.cpp:29] DecreaseCounter constructing_actor_cnt, current val is 3249
I1222 14:55:23.985680 84929 copy_comm_net_actor.cpp:66] actor 71468400508929 switch to &CopyCommNetActor::HandlerNormal
I1222 14:55:23.985746 84938 naive_actor.cpp:25] actor 72567773724672 switch to &NaiveActor::HandlerNormal
I1222 14:55:23.985821 84918 naive_actor.cpp:25] actor 72567767433222 switch to &NaiveActor::HandlerNormal
I1222 14:55:23.985939 84935 sink_actor.cpp:21] actor 71468394217472 switch to &SinkActor::HandlerNormal
I1222 14:55:23.985963 84925 thread.cpp:99] Thread 34078722 construct Actor kNormalForward 71468259999744
I1222 14:55:23.986024 84933 naive_actor.cpp:25] actor 71468398411776 switch to &NaiveActor::HandlerNormal
I1222 14:55:23.986893 84933 thread.cpp:99] Thread 34078788 construct Actor kCriticalSectionWaitTick 71468398411776
I1222 14:55:23.986269 84930 naive_actor.cpp:25] actor 71468270485504 switch to &NaiveActor::HandlerNormal
I1222 14:55:23.986414 84936 naive_actor.cpp:25] actor 71468396314624 switch to &NaiveActor::HandlerNormal
I1222 14:55:23.986469 84928 thread.cpp:99] Thread 34603009 construct Actor kCollectiveBoxingGeneric 72567769530380
I1222 14:55:23.986615 84939 naive_actor.cpp:25] actor 71468272582656 switch to &NaiveActor::HandlerNormal
I1222 14:55:23.986622 84929 thread.cpp:99] Thread 34078789 construct Actor kCopyCommNet 71468400508929
I1222 14:55:23.986645 84932 naive_actor.cpp:25] actor 72567771627529 switch to &NaiveActor::HandlerNormal
I1222 14:55:23.986703 84938 thread.cpp:99] Thread 34603011 construct Actor kCopyHd 72567773724672
I1222 14:55:23.986730 84918 thread.cpp:99] Thread 34603008 construct Actor kNormalForward 72567767433222
I1222 14:55:23.986779 84935 thread.cpp:99] Thread 34078786 construct Actor kCallbackNotify 71468394217472
I1222 14:55:23.987322 84918 runtime_context.cpp:29] DecreaseCounter constructing_actor_cnt, current val is 3241
I1222 14:55:23.986939 84925 runtime_context.cpp:29] DecreaseCounter constructing_actor_cnt, current val is 3246
I1222 14:55:23.986954 84933 runtime_context.cpp:29] DecreaseCounter constructing_actor_cnt, current val is 3245
I1222 14:55:23.986977 84930 thread.cpp:99] Thread 34078727 construct Actor kNormalForward 71468270485504
I1222 14:55:23.987076 84936 thread.cpp:99] Thread 34078787 construct Actor kCriticalSectionWaitTick 71468396314624
I1222 14:55:23.987128 84928 runtime_context.cpp:29] DecreaseCounter constructing_actor_cnt, current val is 3244
I1222 14:55:23.987164 84939 thread.cpp:99] Thread 34078728 construct Actor kNormalForward 71468272582656
I1222 14:55:23.987201 84929 runtime_context.cpp:29] DecreaseCounter constructing_actor_cnt, current val is 3243
I1222 14:55:23.987221 84932 thread.cpp:99] Thread 34603010 construct Actor kCopyHd 72567771627529
I1222 14:55:23.987300 84938 runtime_context.cpp:29] DecreaseCounter constructing_actor_cnt, current val is 3242
I1222 14:55:23.987826 84928 naive_actor.cpp:25] actor 72567769530374 switch to &NaiveActor::HandlerNormal
I1222 14:55:23.987357 84935 runtime_context.cpp:29] DecreaseCounter constructing_actor_cnt, current val is 3240
I1222 14:55:23.987601 84930 runtime_context.cpp:29] DecreaseCounter constructing_actor_cnt, current val is 3239
I1222 14:55:23.987812 84939 runtime_context.cpp:29] DecreaseCounter constructing_actor_cnt, current val is 3238
I1222 14:55:23.987823 84932 runtime_context.cpp:29] DecreaseCounter constructing_actor_cnt, current val is 3237
I1222 14:55:23.986127 84926 naive_actor.cpp:25] actor 71468390023175 switch to &NaiveActor::HandlerNormal
I1222 14:55:23.988154 84932 naive_actor.cpp:25] actor 72567771627523 switch to &NaiveActor::HandlerNormal
I1222 14:55:23.987877 84928 thread.cpp:99] Thread 34603009 construct Actor kCollectiveBoxingGeneric 72567769530374
I1222 14:55:23.987890 84929 copy_comm_net_actor.cpp:66] actor 71468400508932 switch to &CopyCommNetActor::HandlerNormal
I1222 14:55:23.988842 84929 thread.cpp:99] Thread 34078789 construct Actor kCopyCommNet 71468400508932
I1222 14:55:23.988165 84926 thread.cpp:99] Thread 34078784 construct Actor kDstSubsetTick 71468390023175
I1222 14:55:23.988195 84932 thread.cpp:99] Thread 34603010 construct Actor kCopyHd 72567771627523
I1222 14:55:23.988298 84928 runtime_context.cpp:29] DecreaseCounter constructing_actor_cnt, current val is 3235
I1222 14:55:23.988544 84918 naive_actor.cpp:25] actor 72567767433246 switch to &NaiveActor::HandlerNormal
I1222 14:55:23.989030 84918 thread.cpp:99] Thread 34603008 construct Actor kNormalForward 72567767433246
I1222 14:55:23.988880 84929 runtime_context.cpp:29] DecreaseCounter constructing_actor_cnt, current val is 3234
I1222 14:55:23.988976 84932 runtime_context.cpp:29] DecreaseCounter constructing_actor_cnt, current val is 3233
I1222 14:55:23.989106 84918 runtime_context.cpp:29] DecreaseCounter constructing_actor_cnt, current val is 3231
I1222 14:55:23.989138 84928 naive_actor.cpp:25] actor 72567769530396 switch to &NaiveActor::HandlerNormal
I1222 14:55:23.989008 84926 runtime_context.cpp:29] DecreaseCounter constructing_actor_cnt, current val is 3232
I1222 14:55:23.987854 84936 runtime_context.cpp:29] DecreaseCounter constructing_actor_cnt, current val is 3236
I1222 14:55:23.989156 84929 copy_comm_net_actor.cpp:66] actor 71468400508934 switch to &CopyCommNetActor::HandlerNormal
I1222 14:55:23.989185 84928 thread.cpp:99] Thread 34603009 construct Actor kCollectiveBoxingGeneric 72567769530396
I1222 14:55:23.989215 84932 naive_actor.cpp:25] actor 72567771627526 switch to &NaiveActor::HandlerNormal
I1222 14:55:23.989389 84929 thread.cpp:99] Thread 34078789 construct Actor kCopyCommNet 71468400508934
I1222 14:55:23.989449 84928 runtime_context.cpp:29] DecreaseCounter constructing_actor_cnt, current val is 3230
I1222 14:55:23.989475 84932 thread.cpp:99] Thread 34603010 construct Actor kCopyHd 72567771627526
I1222 14:55:23.989517 84929 runtime_context.cpp:29] DecreaseCounter constructing_actor_cnt, current val is 3229
I1222 14:55:23.989603 84932 runtime_context.cpp:29] DecreaseCounter constructing_actor_cnt, current val is 3228
I1222 14:55:23.989677 84918 naive_actor.cpp:25] actor 72567767433224 switch to &NaiveActor::HandlerNormal
I1222 14:55:23.989709 84929 copy_comm_net_actor.cpp:66] actor 71468400508940 switch to &CopyCommNetActor::HandlerNormal
I1222 14:55:23.989771 84918 thread.cpp:99] Thread 34603008 construct Actor kNormalForward 72567767433224
I1222 14:55:23.989773 84928 naive_actor.cpp:25] actor 72567769530430 switch to &NaiveActor::HandlerNormal
I1222 14:55:23.989800 84929 thread.cpp:99] Thread 34078789 construct Actor kCopyCommNet 71468400508940
I1222 14:55:23.989830 84932 naive_actor.cpp:25] actor 72567771627520 switch to &NaiveActor::HandlerNormal
I1222 14:55:23.989852 84918 runtime_context.cpp:29] DecreaseCounter constructing_actor_cnt, current val is 3227
I1222 14:55:23.989863 84928 thread.cpp:99] Thread 34603009 construct Actor kCollectiveBoxingGeneric 72567769530430
I1222 14:55:23.989977 84926 naive_actor.cpp:25] actor 71468390023168 switch to &NaiveActor::HandlerNormal
I1222 14:55:23.989919 84932 thread.cpp:99] Thread 34603010 construct Actor kCopyHd 72567771627520
I1222 14:55:23.989894 84929 runtime_context.cpp:29] DecreaseCounter constructing_actor_cnt, current val is 3226
I1222 14:55:23.990023 84928 runtime_context.cpp:29] DecreaseCounter constructing_actor_cnt, current val is 3225
I1222 14:55:23.990095 84926 thread.cpp:99] Thread 34078784 construct Actor kSrcSubsetTick 71468390023168
I1222 14:55:23.990134 84932 runtime_context.cpp:29] DecreaseCounter constructing_actor_cnt, current val is 3224
I1222 14:55:23.990257 84929 copy_comm_net_actor.cpp:66] actor 71468400508928 switch to &CopyCommNetActor::HandlerNormal
I1222 14:55:23.990322 84929 thread.cpp:99] Thread 34078789 construct Actor kCopyCommNet 71468400508928
I1222 14:55:23.990324 84928 naive_actor.cpp:25] actor 72567769530412 switch to &NaiveActor::HandlerNormal
I1222 14:55:23.990335 84926 runtime_context.cpp:29] DecreaseCounter constructing_actor_cnt, current val is 3223
I1222 14:55:23.990360 84929 runtime_context.cpp:29] DecreaseCounter constructing_actor_cnt, current val is 3222
I1222 14:55:23.990386 84932 naive_actor.cpp:25] actor 72567771627528 switch to &NaiveActor::HandlerNormal
I1222 14:55:23.990430 84928 thread.cpp:99] Thread 34603009 construct Actor kCollectiveBoxingGeneric 72567769530412
I1222 14:55:23.990504 84918 naive_actor.cpp:25] actor 72567767433220 switch to &NaiveActor::HandlerNormal
I1222 14:55:23.991098 84932 thread.cpp:99] Thread 34603010 construct Actor kCopyHd 72567771627528
I1222 14:55:23.991127 84929 copy_comm_net_actor.cpp:66] actor 71468400508943 switch to &CopyCommNetActor::HandlerNormal
I1222 14:55:23.991135 84928 runtime_context.cpp:29] DecreaseCounter constructing_actor_cnt, current val is 3221
I1222 14:55:23.991163 84918 thread.cpp:99] Thread 34603008 construct Actor kNormalForward 72567767433220
I1222 14:55:23.991211 84932 runtime_context.cpp:29] DecreaseCounter constructing_actor_cnt, current val is 3220
I1222 14:55:23.991305 84918 runtime_context.cpp:29] DecreaseCounter constructing_actor_cnt, current val is 3219
I1222 14:55:23.991231 84929 thread.cpp:99] Thread 34078789 construct Actor kCopyCommNet 71468400508943
I1222 14:55:23.991367 84929 runtime_context.cpp:29] DecreaseCounter constructing_actor_cnt, current val is 3218
I1222 14:55:23.991369 84928 naive_actor.cpp:25] actor 72567769530451 switch to &NaiveActor::HandlerNormal
I1222 14:55:23.991431 84928 thread.cpp:99] Thread 34603009 construct Actor kCollectiveBoxingGeneric 72567769530451
I1222 14:55:23.991468 84928 runtime_context.cpp:29] DecreaseCounter constructing_actor_cnt, current val is 3217
I1222 14:55:23.991474 84929 copy_comm_net_actor.cpp:66] actor 71468400508930 switch to &CopyCommNetActor::HandlerNormal
I1222 14:55:23.991531 84929 thread.cpp:99] Thread 34078789 construct Actor kCopyCommNet 71468400508930
I1222 14:55:23.991567 84929 runtime_context.cpp:29] DecreaseCounter constructing_actor_cnt, current val is 3216
I1222 14:55:23.991572 84926 naive_actor.cpp:25] actor 71468390023171 switch to &NaiveActor::HandlerNormal
I1222 14:55:23.991585 84932 naive_actor.cpp:25] actor 72567771627525 switch to &NaiveActor::HandlerNormal
I1222 14:55:23.991600 84928 naive_actor.cpp:25] actor 72567769530392 switch to &NaiveActor::HandlerNormal
I1222 14:55:23.991670 84929 copy_comm_net_actor.cpp:66] actor 71468400508938 switch to &CopyCommNetActor::HandlerNormal
I1222 14:55:23.991787 84929 thread.cpp:99] Thread 34078789 construct Actor kCopyCommNet 71468400508938
I1222 14:55:23.991732 84932 thread.cpp:99] Thread 34603010 construct Actor kCopyHd 72567771627525
I1222 14:55:23.991760 84928 thread.cpp:99] Thread 34603009 construct Actor kCollectiveBoxingGeneric 72567769530392
I1222 14:55:23.991859 84932 runtime_context.cpp:29] DecreaseCounter constructing_actor_cnt, current val is 3214
I1222 14:55:23.991787 84918 naive_actor.cpp:25] actor 72567767433256 switch to &NaiveActor::HandlerNormal
I1222 14:55:23.991823 84929 runtime_context.cpp:29] DecreaseCounter constructing_actor_cnt, current val is 3215
I1222 14:55:23.991694 84926 thread.cpp:99] Thread 34078784 construct Actor kTick 71468390023171
I1222 14:55:23.991873 84928 runtime_context.cpp:29] DecreaseCounter constructing_actor_cnt, current val is 3213
I1222 14:55:23.991926 84918 thread.cpp:99] Thread 34603008 construct Actor kNormalForward 72567767433256
I1222 14:55:23.991994 84932 naive_actor.cpp:25] actor 72567771627531 switch to &NaiveActor::HandlerNormal
I1222 14:55:23.992100 84918 runtime_context.cpp:29] DecreaseCounter constructing_actor_cnt, current val is 3211
I1222 14:55:23.992087 84926 runtime_context.cpp:29] DecreaseCounter constructing_actor_cnt, current val is 3212
I1222 14:55:23.992024 84929 copy_comm_net_actor.cpp:66] actor 71468400508931 switch to &CopyCommNetActor::HandlerNormal
I1222 14:55:23.992105 84932 thread.cpp:99] Thread 34603010 construct Actor kCopyHd 72567771627531
I1222 14:55:23.992133 84928 naive_actor.cpp:25] actor 72567769530431 switch to &NaiveActor::HandlerNormal
I1222 14:55:23.992226 84929 thread.cpp:99] Thread 34078789 construct Actor kCopyCommNet 71468400508931
I1222 14:55:23.992280 84932 runtime_context.cpp:29] DecreaseCounter constructing_actor_cnt, current val is 3210
I1222 14:55:23.992329 84928 thread.cpp:99] Thread 34603009 construct Actor kCollectiveBoxingGeneric 72567769530431
I1222 14:55:23.992532 84918 naive_actor.cpp:25] actor 72567767433216 switch to &NaiveActor::HandlerNormal
I1222 14:55:23.992710 84926 naive_actor.cpp:25] actor 71468390023169 switch to &NaiveActor::HandlerNormal
I1222 14:55:23.992892 84929 runtime_context.cpp:29] DecreaseCounter constructing_actor_cnt, current val is 3209
I1222 14:55:23.993055 84926 thread.cpp:99] Thread 34078784 construct Actor kTick 71468390023169
I1222 14:55:23.992969 84918 thread.cpp:99] Thread 34603008 construct Actor kNormalForward 72567767433216
I1222 14:55:23.993149 84929 copy_comm_net_actor.cpp:66] actor 71468400508947 switch to &CopyCommNetActor::HandlerNormal
I1222 14:55:23.992944 84928 runtime_context.cpp:29] DecreaseCounter constructing_actor_cnt, current val is 3208
I1222 14:55:23.993191 84918 runtime_context.cpp:29] DecreaseCounter constructing_actor_cnt, current val is 3207
I1222 14:55:23.993171 84929 thread.cpp:99] Thread 34078789 construct Actor kCopyCommNet 71468400508947
I1222 14:55:23.993026 84932 naive_actor.cpp:25] actor 72567771627524 switch to &NaiveActor::HandlerNormal
I1222 14:55:23.993197 84926 runtime_context.cpp:29] DecreaseCounter constructing_actor_cnt, current val is 3206
I1222 14:55:23.993252 84929 runtime_context.cpp:29] DecreaseCounter constructing_actor_cnt, current val is 3205
I1222 14:55:23.993283 84932 thread.cpp:99] Thread 34603010 construct Actor kCopyHd 72567771627524
I1222 14:55:23.993289 84928 naive_actor.cpp:25] actor 72567769530464 switch to &NaiveActor::HandlerNormal
I1222 14:55:23.993397 84918 naive_actor.cpp:25] actor 72567767433221 switch to &NaiveActor::HandlerNormal
I1222 14:55:23.993428 84932 runtime_context.cpp:29] DecreaseCounter constructing_actor_cnt, current val is 3204
I1222 14:55:23.993444 84928 thread.cpp:99] Thread 34603009 construct Actor kCollectiveBoxingGeneric 72567769530464
I1222 14:55:23.993444 84929 copy_comm_net_actor.cpp:66] actor 71468400508946 switch to &CopyCommNetActor::HandlerNormal
I1222 14:55:23.993484 84918 thread.cpp:99] Thread 34603008 construct Actor kNormalForward 72567767433221
I1222 14:55:23.993569 84928 runtime_context.cpp:29] DecreaseCounter constructing_actor_cnt, current val is 3203
I1222 14:55:23.993599 84929 thread.cpp:99] Thread 34078789 construct Actor kCopyCommNet 71468400508946
I1222 14:55:23.993638 84918 runtime_context.cpp:29] DecreaseCounter constructing_actor_cnt, current val is 3202
I1222 14:55:23.993636 84932 naive_actor.cpp:25] actor 72567771627530 switch to &NaiveActor::HandlerNormal
I1222 14:55:23.993690 84929 runtime_context.cpp:29] DecreaseCounter constructing_actor_cnt, current val is 3201
I1222 14:55:23.993741 84932 thread.cpp:99] Thread 34603010 construct Actor kCopyHd 72567771627530
I1222 14:55:23.993750 84928 naive_actor.cpp:25] actor 72567769530485 switch to &NaiveActor::HandlerNormal
I1222 14:55:23.993810 84932 runtime_context.cpp:29] DecreaseCounter constructing_actor_cnt, current val is 3200
I1222 14:55:23.993831 84928 thread.cpp:99] Thread 34603009 construct Actor kCollectiveBoxingGeneric 72567769530485
I1222 14:55:23.993835 84929 copy_comm_net_actor.cpp:66] actor 71468400508933 switch to &CopyCommNetActor::HandlerNormal
I1222 14:55:23.993876 84918 naive_actor.cpp:25] actor 72567767433253 switch to &NaiveActor::HandlerNormal
I1222 14:55:23.993903 84928 runtime_context.cpp:29] DecreaseCounter constructing_actor_cnt, current val is 3199
I1222 14:55:23.993921 84929 thread.cpp:99] Thread 34078789 construct Actor kCopyCommNet 71468400508933
I1222 14:55:23.993945 84918 thread.cpp:99] Thread 34603008 construct Actor kNormalForward 72567767433253
I1222 14:55:23.993960 84932 naive_actor.cpp:25] actor 72567771627522 switch to &NaiveActor::HandlerNormal
I1222 14:55:23.993995 84929 runtime_context.cpp:29] DecreaseCounter constructing_actor_cnt, current val is 3198
I1222 14:55:23.994040 84918 runtime_context.cpp:29] DecreaseCounter constructing_actor_cnt, current val is 3197
I1222 14:55:23.994056 84928 naive_actor.cpp:25] actor 72567769530429 switch to &NaiveActor::HandlerNormal
I1222 14:55:23.994582 84928 thread.cpp:99] Thread 34603009 construct Actor kCollectiveBoxingGeneric 72567769530429
I1222 14:55:23.994117 84932 thread.cpp:99] Thread 34603010 construct Actor kCopyHd 72567771627522
I1222 14:55:23.994051 84926 naive_actor.cpp:25] actor 71468390023177 switch to &NaiveActor::HandlerNormal
I1222 14:55:23.994604 84929 copy_comm_net_actor.cpp:66] actor 71468400508935 switch to &CopyCommNetActor::HandlerNormal
I1222 14:55:23.994616 84928 runtime_context.cpp:29] DecreaseCounter constructing_actor_cnt, current val is 3196
I1222 14:55:23.994657 84932 runtime_context.cpp:29] DecreaseCounter constructing_actor_cnt, current val is 3195
I1222 14:55:23.994721 84926 thread.cpp:99] Thread 34078784 construct Actor kDstSubsetTick 71468390023177
I1222 14:55:23.994733 84918 naive_actor.cpp:25] actor 72567767433225 switch to &NaiveActor::HandlerNormal
I1222 14:55:23.994748 84929 thread.cpp:99] Thread 34078789 construct Actor kCopyCommNet 71468400508935
I1222 14:55:23.994850 84928 naive_actor.cpp:25] actor 72567769530502 switch to &NaiveActor::HandlerNormal
I1222 14:55:23.994896 84918 thread.cpp:99] Thread 34603008 construct Actor kNormalForward 72567767433225
I1222 14:55:23.994904 84932 naive_actor.cpp:25] actor 72567771627527 switch to &NaiveActor::HandlerNormal
I1222 14:55:23.994935 84929 runtime_context.cpp:29] DecreaseCounter constructing_actor_cnt, current val is 3193
I1222 14:55:23.994942 84928 thread.cpp:99] Thread 34603009 construct Actor kCollectiveBoxingGeneric 72567769530502
I1222 14:55:23.994935 84926 runtime_context.cpp:29] DecreaseCounter constructing_actor_cnt, current val is 3194
I1222 14:55:23.994987 84918 runtime_context.cpp:29] DecreaseCounter constructing_actor_cnt, current val is 3192
I1222 14:55:23.995000 84932 thread.cpp:99] Thread 34603010 construct Actor kCopyHd 72567771627527
I1222 14:55:23.995056 84928 runtime_context.cpp:29] DecreaseCounter constructing_actor_cnt, current val is 3191
I1222 14:55:23.995090 84929 copy_comm_net_actor.cpp:66] actor 71468400508945 switch to &CopyCommNetActor::HandlerNormal
I1222 14:55:23.995182 84932 runtime_context.cpp:29] DecreaseCounter constructing_actor_cnt, current val is 3190
I1222 14:55:23.995226 84929 thread.cpp:99] Thread 34078789 construct Actor kCopyCommNet 71468400508945
I1222 14:55:23.995282 84928 naive_actor.cpp:25] actor 72567769530486 switch to &NaiveActor::HandlerNormal
I1222 14:55:23.995304 84929 runtime_context.cpp:29] DecreaseCounter constructing_actor_cnt, current val is 3189
I1222 14:55:23.995306 84918 naive_actor.cpp:25] actor 72567767433239 switch to &NaiveActor::HandlerNormal
I1222 14:55:23.995330 84928 thread.cpp:99] Thread 34603009 construct Actor kCollectiveBoxingGeneric 72567769530486
I1222 14:55:23.995363 84932 naive_actor.cpp:25] actor 72567771627521 switch to &NaiveActor::HandlerNormal
I1222 14:55:23.995394 84918 thread.cpp:99] Thread 34603008 construct Actor kNormalForward 72567767433239
I1222 14:55:23.995425 84928 runtime_context.cpp:29] DecreaseCounter constructing_actor_cnt, current val is 3188
I1222 14:55:23.995427 84929 copy_comm_net_actor.cpp:66] actor 71468400508936 switch to &CopyCommNetActor::HandlerNormal
I1222 14:55:23.995458 84932 thread.cpp:99] Thread 34603010 construct Actor kCopyHd 72567771627521
I1222 14:55:23.995496 84918 runtime_context.cpp:29] DecreaseCounter constructing_actor_cnt, current val is 3187
I1222 14:55:23.995533 84929 thread.cpp:99] Thread 34078789 construct Actor kCopyCommNet 71468400508936
I1222 14:55:23.995569 84932 runtime_context.cpp:29] DecreaseCounter constructing_actor_cnt, current val is 3186
I1222 14:55:23.995594 84928 naive_actor.cpp:25] actor 72567769530372 switch to &NaiveActor::HandlerNormal
I1222 14:55:23.995642 84929 runtime_context.cpp:29] DecreaseCounter constructing_actor_cnt, current val is 3185
I1222 14:55:23.995697 84928 thread.cpp:99] Thread 34603009 construct Actor kCollectiveBoxingGeneric 72567769530372
I1222 14:55:23.995770 84918 naive_actor.cpp:25] actor 72567767433223 switch to &NaiveActor::HandlerNormal
I1222 14:55:23.996281 84918 thread.cpp:99] Thread 34603008 construct Actor kNormalForward 72567767433223
I1222 14:55:23.995833 84929 copy_comm_net_actor.cpp:66] actor 71468400508941 switch to &CopyCommNetActor::HandlerNormal
I1222 14:55:23.996268 84928 runtime_context.cpp:29] DecreaseCounter constructing_actor_cnt, current val is 3184
I1222 14:55:23.995801 84926 naive_actor.cpp:25] actor 71468390023174 switch to &NaiveActor::HandlerNormal
I1222 14:55:23.996320 84929 thread.cpp:99] Thread 34078789 construct Actor kCopyCommNet 71468400508941
I1222 14:55:23.996435 84928 naive_actor.cpp:25] actor 72567769530397 switch to &NaiveActor::HandlerNormal
I1222 14:55:23.996472 84928 thread.cpp:99] Thread 34603009 construct Actor kCollectiveBoxingGeneric 72567769530397
I1222 14:55:23.996325 84918 runtime_context.cpp:29] DecreaseCounter constructing_actor_cnt, current val is 3183
I1222 14:55:23.996464 84929 runtime_context.cpp:29] DecreaseCounter constructing_actor_cnt, current val is 3182
I1222 14:55:23.996434 84926 thread.cpp:99] Thread 34078784 construct Actor kSrcSubsetTick 71468390023174
I1222 14:55:23.996500 84928 runtime_context.cpp:29] DecreaseCounter constructing_actor_cnt, current val is 3181
I1222 14:55:23.996598 84929 copy_comm_net_actor.cpp:66] actor 71468400508937 switch to &CopyCommNetActor::HandlerNormal
I1222 14:55:23.996645 84929 thread.cpp:99] Thread 34078789 construct Actor kCopyCommNet 71468400508937
I1222 14:55:23.996665 84926 runtime_context.cpp:29] DecreaseCounter constructing_actor_cnt, current val is 3180
I1222 14:55:23.996676 84929 runtime_context.cpp:29] DecreaseCounter constructing_actor_cnt, current val is 3179
I1222 14:55:23.996680 84918 naive_actor.cpp:25] actor 72567767433229 switch to &NaiveActor::HandlerNormal
I1222 14:55:23.996712 84928 naive_actor.cpp:25] actor 72567769530529 switch to &NaiveActor::HandlerNormal
I1222 14:55:23.996799 84918 thread.cpp:99] Thread 34603008 construct Actor kNormalForward 72567767433229
I1222 14:55:23.996832 84928 thread.cpp:99] Thread 34603009 construct Actor kCollectiveBoxingGeneric 72567769530529
I1222 14:55:23.996840 84929 copy_comm_net_actor.cpp:66] actor 71468400508942 switch to &CopyCommNetActor::HandlerNormal
I1222 14:55:23.996888 84918 runtime_context.cpp:29] DecreaseCounter constructing_actor_cnt, current val is 3178
I1222 14:55:23.996892 84928 runtime_context.cpp:29] DecreaseCounter constructing_actor_cnt, current val is 3177
I1222 14:55:23.996913 84929 thread.cpp:99] Thread 34078789 construct Actor kCopyCommNet 71468400508942
I1222 14:55:23.997001 84929 runtime_context.cpp:29] DecreaseCounter constructing_actor_cnt, current val is 3176
I1222 14:55:23.997049 84928 naive_actor.cpp:25] actor 72567769530503 switch to &NaiveActor::HandlerNormal
I1222 14:55:23.997081 84928 thread.cpp:99] Thread 34603009 construct Actor kCollectiveBoxingGeneric 72567769530503
I1222 14:55:23.997097 84929 copy_comm_net_actor.cpp:66] actor 71468400508944 switch to &CopyCommNetActor::HandlerNormal
I1222 14:55:23.997104 84928 runtime_context.cpp:29] DecreaseCounter constructing_actor_cnt, current val is 3175
I1222 14:55:23.997125 84929 thread.cpp:99] Thread 34078789 construct Actor kCopyCommNet 71468400508944
I1222 14:55:23.997201 84929 runtime_context.cpp:29] DecreaseCounter constructing_actor_cnt, current val is 3174
I1222 14:55:23.997234 84928 naive_actor.cpp:25] actor 72567769530378 switch to &NaiveActor::HandlerNormal
I1222 14:55:23.997272 84928 thread.cpp:99] Thread 34603009 construct Actor kCollectiveBoxingGeneric 72567769530378
I1222 14:55:23.997303 84928 runtime_context.cpp:29] DecreaseCounter constructing_actor_cnt, current val is 3173
I1222 14:55:23.997308 84929 copy_comm_net_actor.cpp:66] actor 71468400508939 switch to &CopyCommNetActor::HandlerNormal
I1222 14:55:23.997352 84929 thread.cpp:99] Thread 34078789 construct Actor kCopyCommNet 71468400508939
I1222 14:55:23.997413 84928 naive_actor.cpp:25] actor 72567769530547 switch to &NaiveActor::HandlerNormal
I1222 14:55:23.997431 84929 runtime_context.cpp:29] DecreaseCounter constructing_actor_cnt, current val is 3172
I1222 14:55:23.997422 84926 naive_actor.cpp:25] actor 71468390023172 switch to &NaiveActor::HandlerNormal
I1222 14:55:23.997454 84918 naive_actor.cpp:25] actor 72567767433228 switch to &NaiveActor::HandlerNormal
I1222 14:55:23.997830 84928 thread.cpp:99] Thread 34603009 construct Actor kCollectiveBoxingGeneric 72567769530547
