 Insert buffer op : [System-Pipeline-Buffer-Op_-base_model.m_stage0.encoder.layer.1.output.dropout-dropout_97-mask_0-stage_id_0](buffer_size:4) 
 from [base_model.m_stage0.encoder.layer.1.output.dropout-dropout_97] (stage_id:0) -> [base_model.m_stage0.encoder.layer.1.output.dropout-dropout_97_grad] (stage_id:0) 
I1222 14:27:41.015539 80470 pipeline_buffer_pass.cpp:117] 
 Insert buffer op : [System-Pipeline-Buffer-Op_-base_model.m_stage0.encoder.layer.1.intermediate.intermediate_act_fn-gelu_94-out_0-stage_id_0](buffer_size:4) 
 from [base_model.m_stage0.encoder.layer.1.intermediate.intermediate_act_fn-gelu_94] (stage_id:0) -> [base_model.m_stage0.encoder.layer.1.output.dense-broadcast_matmul_95_b_grad] (stage_id:0) 
I1222 14:27:41.016009 80470 pipeline_buffer_pass.cpp:117] 
 Insert buffer op : [System-Pipeline-Buffer-Op_-base_model.m_stage0.encoder.layer.1.intermediate.dense-broadcast_add_93-z_0-stage_id_0](buffer_size:4) 
 from [base_model.m_stage0.encoder.layer.1.intermediate.dense-broadcast_add_93] (stage_id:0) -> [base_model.m_stage0.encoder.layer.1.intermediate.intermediate_act_fn-gelu_94_grad] (stage_id:0) 
I1222 14:27:41.016072 80470 pipeline_buffer_pass.cpp:117] 
 Insert buffer op : [System-Pipeline-Buffer-Op_-base_model.m_stage0.encoder.layer.1.attention.output.LayerNorm-layer_norm_91-y_0-stage_id_0](buffer_size:4) 
 from [base_model.m_stage0.encoder.layer.1.attention.output.LayerNorm-layer_norm_91] (stage_id:0) -> [base_model.m_stage0.encoder.layer.1.intermediate.dense-broadcast_matmul_92_b_grad] (stage_id:0) 
I1222 14:27:41.016129 80470 pipeline_buffer_pass.cpp:117] 
 Insert buffer op : [System-Pipeline-Buffer-Op_-base_model.m_stage0.encoder.layer.1.attention.output.LayerNorm-layer_norm_91-normalized_0-stage_id_0](buffer_size:4) 
 from [base_model.m_stage0.encoder.layer.1.attention.output.LayerNorm-layer_norm_91] (stage_id:0) -> [base_model.m_stage0.encoder.layer.1.attention.output.LayerNorm-layer_norm_91_param_grad] (stage_id:0) 
I1222 14:27:41.016186 80470 pipeline_buffer_pass.cpp:117] 
 Insert buffer op : [System-Pipeline-Buffer-Op_-base_model.m_stage0.encoder.layer.1.attention.output-add_n_90-out_0-stage_id_0](buffer_size:4) 
 from [base_model.m_stage0.encoder.layer.1.attention.output-add_n_90] (stage_id:0) -> [base_model.m_stage0.encoder.layer.1.attention.output.LayerNorm-layer_norm_91_grad] (stage_id:0) 
I1222 14:27:41.016242 80470 pipeline_buffer_pass.cpp:117] 
 Insert buffer op : [System-Pipeline-Buffer-Op_-base_model.m_stage0.encoder.layer.1.attention.output.LayerNorm-layer_norm_91-mean_0-stage_id_0](buffer_size:4) 
 from [base_model.m_stage0.encoder.layer.1.attention.output.LayerNorm-layer_norm_91] (stage_id:0) -> [base_model.m_stage0.encoder.layer.1.attention.output.LayerNorm-layer_norm_91_grad] (stage_id:0) 
I1222 14:27:41.016290 80470 pipeline_buffer_pass.cpp:117] 
 Insert buffer op : [System-Pipeline-Buffer-Op_-base_model.m_stage0.encoder.layer.1.attention.output.LayerNorm-layer_norm_91-inv_variance_0-stage_id_0](buffer_size:4) 
 from [base_model.m_stage0.encoder.layer.1.attention.output.LayerNorm-layer_norm_91] (stage_id:0) -> [base_model.m_stage0.encoder.layer.1.attention.output.LayerNorm-layer_norm_91_grad] (stage_id:0) 
I1222 14:27:41.016346 80470 pipeline_buffer_pass.cpp:117] 
 Insert buffer op : [System-Pipeline-Buffer-Op_-base_model.m_stage0.encoder.layer.1.attention.output.dropout-dropout_89-mask_0-stage_id_0](buffer_size:4) 
 from [base_model.m_stage0.encoder.layer.1.attention.output.dropout-dropout_89] (stage_id:0) -> [base_model.m_stage0.encoder.layer.1.attention.output.dropout-dropout_89_grad] (stage_id:0) 
I1222 14:27:41.016407 80470 pipeline_buffer_pass.cpp:117] 
 Insert buffer op : [System-Pipeline-Buffer-Op_-base_model.m_stage0.encoder.layer.1.attention.self-reshape_86-out_0-stage_id_0](buffer_size:4) 
 from [base_model.m_stage0.encoder.layer.1.attention.self-reshape_86] (stage_id:0) -> [base_model.m_stage0.encoder.layer.1.attention.output.dense-broadcast_matmul_87_b_grad] (stage_id:0) 
I1222 14:27:41.016464 80470 pipeline_buffer_pass.cpp:117] 
 Insert buffer op : [System-Pipeline-Buffer-Op_-base_model.m_stage0.encoder.layer.1.attention.self-transpose_77-output_0-stage_id_0](buffer_size:4) 
 from [base_model.m_stage0.encoder.layer.1.attention.self-transpose_77] (stage_id:0) -> [base_model.m_stage0.encoder.layer.1.attention.self-batch_matmul_84_grad_a] (stage_id:0) 
I1222 14:27:41.016554 80470 pipeline_buffer_pass.cpp:117] 
 Insert buffer op : [System-Pipeline-Buffer-Op_-base_model.m_stage0.encoder.layer.1.attention.self.dropout-dropout_83-out_0-stage_id_0](buffer_size:4) 
 from [base_model.m_stage0.encoder.layer.1.attention.self.dropout-dropout_83] (stage_id:0) -> [base_model.m_stage0.encoder.layer.1.attention.self-batch_matmul_84_grad_b] (stage_id:0) 
I1222 14:27:41.016952 80470 pipeline_buffer_pass.cpp:117] 
 Insert buffer op : [System-Pipeline-Buffer-Op_-base_model.m_stage0.encoder.layer.1.attention.self.dropout-dropout_83-mask_0-stage_id_0](buffer_size:4) 
 from [base_model.m_stage0.encoder.layer.1.attention.self.dropout-dropout_83] (stage_id:0) -> [base_model.m_stage0.encoder.layer.1.attention.self.dropout-dropout_83_grad] (stage_id:0) 
I1222 14:27:41.017009 80470 pipeline_buffer_pass.cpp:117] 
 Insert buffer op : [System-Pipeline-Buffer-Op_-base_model.m_stage0.encoder.layer.1.attention.self-softmax_82-out_0-stage_id_0](buffer_size:4) 
 from [base_model.m_stage0.encoder.layer.1.attention.self-softmax_82] (stage_id:0) -> [base_model.m_stage0.encoder.layer.1.attention.self-softmax_82_grad] (stage_id:0) 
I1222 14:27:41.017071 80470 pipeline_buffer_pass.cpp:117] 
 Insert buffer op : [System-Pipeline-Buffer-Op_-base_model.m_stage0.encoder.layer.0.output.LayerNorm-layer_norm_65-y_0-stage_id_0](buffer_size:4) 
 from [base_model.m_stage0.encoder.layer.0.output.LayerNorm-layer_norm_65] (stage_id:0) -> [base_model.m_stage0.encoder.layer.1.attention.self.value-broadcast_matmul_74_b_grad] (stage_id:0) 
I1222 14:27:41.017127 80470 pipeline_buffer_pass.cpp:117] 
 Insert buffer op : [System-Pipeline-Buffer-Op_-base_model.m_stage0.encoder.layer.1.attention.self-transpose_78-output_0-stage_id_0](buffer_size:4) 
 from [base_model.m_stage0.encoder.layer.1.attention.self-transpose_78] (stage_id:0) -> [base_model.m_stage0.encoder.layer.1.attention.self-batch_matmul_79_grad_a] (stage_id:0) 
I1222 14:27:41.017179 80470 pipeline_buffer_pass.cpp:117] 
 Insert buffer op : [System-Pipeline-Buffer-Op_-base_model.m_stage0.encoder.layer.1.attention.self-transpose_69-output_0-stage_id_0](buffer_size:4) 
 from [base_model.m_stage0.encoder.layer.1.attention.self-transpose_69] (stage_id:0) -> [base_model.m_stage0.encoder.layer.1.attention.self-batch_matmul_79_grad_b] (stage_id:0) 
I1222 14:27:41.017274 80470 pipeline_buffer_pass.cpp:117] 
 Insert buffer op : [System-Pipeline-Buffer-Op_-base_model.m_stage0.encoder.layer.0.output.LayerNorm-layer_norm_65-normalized_0-stage_id_0](buffer_size:4) 
 from [base_model.m_stage0.encoder.layer.0.output.LayerNorm-layer_norm_65] (stage_id:0) -> [base_model.m_stage0.encoder.layer.0.output.LayerNorm-layer_norm_65_param_grad] (stage_id:0) 
I1222 14:27:41.017333 80470 pipeline_buffer_pass.cpp:117] 
 Insert buffer op : [System-Pipeline-Buffer-Op_-base_model.m_stage0.encoder.layer.0.output-add_n_64-out_0-stage_id_0](buffer_size:4) 
 from [base_model.m_stage0.encoder.layer.0.output-add_n_64] (stage_id:0) -> [base_model.m_stage0.encoder.layer.0.output.LayerNorm-layer_norm_65_grad] (stage_id:0) 
I1222 14:27:41.017387 80470 pipeline_buffer_pass.cpp:117] 
 Insert buffer op : [System-Pipeline-Buffer-Op_-base_model.m_stage0.encoder.layer.0.output.LayerNorm-layer_norm_65-mean_0-stage_id_0](buffer_size:4) 
 from [base_model.m_stage0.encoder.layer.0.output.LayerNorm-layer_norm_65] (stage_id:0) -> [base_model.m_stage0.encoder.layer.0.output.LayerNorm-layer_norm_65_grad] (stage_id:0) 
I1222 14:27:41.017436 80470 pipeline_buffer_pass.cpp:117] 
 Insert buffer op : [System-Pipeline-Buffer-Op_-base_model.m_stage0.encoder.layer.0.output.LayerNorm-layer_norm_65-inv_variance_0-stage_id_0](buffer_size:4) 
 from [base_model.m_stage0.encoder.layer.0.output.LayerNorm-layer_norm_65] (stage_id:0) -> [base_model.m_stage0.encoder.layer.0.output.LayerNorm-layer_norm_65_grad] (stage_id:0) 
I1222 14:27:41.017524 80470 pipeline_buffer_pass.cpp:117] 
 Insert buffer op : [System-Pipeline-Buffer-Op_-base_model.m_stage0.encoder.layer.0.output.dropout-dropout_63-mask_0-stage_id_0](buffer_size:4) 
 from [base_model.m_stage0.encoder.layer.0.output.dropout-dropout_63] (stage_id:0) -> [base_model.m_stage0.encoder.layer.0.output.dropout-dropout_63_grad] (stage_id:0) 
I1222 14:27:41.017617 80470 pipeline_buffer_pass.cpp:117] 
 Insert buffer op : [System-Pipeline-Buffer-Op_-base_model.m_stage0.encoder.layer.0.intermediate.intermediate_act_fn-gelu_60-out_0-stage_id_0](buffer_size:4) 
 from [base_model.m_stage0.encoder.layer.0.intermediate.intermediate_act_fn-gelu_60] (stage_id:0) -> [base_model.m_stage0.encoder.layer.0.output.dense-broadcast_matmul_61_b_grad] (stage_id:0) 
I1222 14:27:41.017983 80470 pipeline_buffer_pass.cpp:117] 
 Insert buffer op : [System-Pipeline-Buffer-Op_-base_model.m_stage0.encoder.layer.0.intermediate.dense-broadcast_add_59-z_0-stage_id_0](buffer_size:4) 
 from [base_model.m_stage0.encoder.layer.0.intermediate.dense-broadcast_add_59] (stage_id:0) -> [base_model.m_stage0.encoder.layer.0.intermediate.intermediate_act_fn-gelu_60_grad] (stage_id:0) 
I1222 14:27:41.018045 80470 pipeline_buffer_pass.cpp:117] 
 Insert buffer op : [System-Pipeline-Buffer-Op_-base_model.m_stage0.encoder.layer.0.attention.output.LayerNorm-layer_norm_57-y_0-stage_id_0](buffer_size:4) 
 from [base_model.m_stage0.encoder.layer.0.attention.output.LayerNorm-layer_norm_57] (stage_id:0) -> [base_model.m_stage0.encoder.layer.0.intermediate.dense-broadcast_matmul_58_b_grad] (stage_id:0) 
I1222 14:27:41.018105 80470 pipeline_buffer_pass.cpp:117] 
 Insert buffer op : [System-Pipeline-Buffer-Op_-base_model.m_stage0.encoder.layer.0.attention.output.LayerNorm-layer_norm_57-normalized_0-stage_id_0](buffer_size:4) 
 from [base_model.m_stage0.encoder.layer.0.attention.output.LayerNorm-layer_norm_57] (stage_id:0) -> [base_model.m_stage0.encoder.layer.0.attention.output.LayerNorm-layer_norm_57_param_grad] (stage_id:0) 
I1222 14:27:41.018175 80470 pipeline_buffer_pass.cpp:117] 
 Insert buffer op : [System-Pipeline-Buffer-Op_-base_model.m_stage0.encoder.layer.0.attention.output-add_n_56-out_0-stage_id_0](buffer_size:4) 
 from [base_model.m_stage0.encoder.layer.0.attention.output-add_n_56] (stage_id:0) -> [base_model.m_stage0.encoder.layer.0.attention.output.LayerNorm-layer_norm_57_grad] (stage_id:0) 
I1222 14:27:41.018232 80470 pipeline_buffer_pass.cpp:117] 
 Insert buffer op : [System-Pipeline-Buffer-Op_-base_model.m_stage0.encoder.layer.0.attention.output.LayerNorm-layer_norm_57-mean_0-stage_id_0](buffer_size:4) 
 from [base_model.m_stage0.encoder.layer.0.attention.output.LayerNorm-layer_norm_57] (stage_id:0) -> [base_model.m_stage0.encoder.layer.0.attention.output.LayerNorm-layer_norm_57_grad] (stage_id:0) 
I1222 14:27:41.018282 80470 pipeline_buffer_pass.cpp:117] 
 Insert buffer op : [System-Pipeline-Buffer-Op_-base_model.m_stage0.encoder.layer.0.attention.output.LayerNorm-layer_norm_57-inv_variance_0-stage_id_0](buffer_size:4) 
 from [base_model.m_stage0.encoder.layer.0.attention.output.LayerNorm-layer_norm_57] (stage_id:0) -> [base_model.m_stage0.encoder.layer.0.attention.output.LayerNorm-layer_norm_57_grad] (stage_id:0) 
I1222 14:27:41.018337 80470 pipeline_buffer_pass.cpp:117] 
 Insert buffer op : [System-Pipeline-Buffer-Op_-base_model.m_stage0.encoder.layer.0.attention.output.dropout-dropout_55-mask_0-stage_id_0](buffer_size:4) 
 from [base_model.m_stage0.encoder.layer.0.attention.output.dropout-dropout_55] (stage_id:0) -> [base_model.m_stage0.encoder.layer.0.attention.output.dropout-dropout_55_grad] (stage_id:0) 
I1222 14:27:41.018399 80470 pipeline_buffer_pass.cpp:117] 
 Insert buffer op : [System-Pipeline-Buffer-Op_-base_model.m_stage0.encoder.layer.0.attention.self-reshape_52-out_0-stage_id_0](buffer_size:4) 
 from [base_model.m_stage0.encoder.layer.0.attention.self-reshape_52] (stage_id:0) -> [base_model.m_stage0.encoder.layer.0.attention.output.dense-broadcast_matmul_53_b_grad] (stage_id:0) 
I1222 14:27:41.018458 80470 pipeline_buffer_pass.cpp:117] 
 Insert buffer op : [System-Pipeline-Buffer-Op_-base_model.m_stage0.encoder.layer.0.attention.self-transpose_43-output_0-stage_id_0](buffer_size:4) 
 from [base_model.m_stage0.encoder.layer.0.attention.self-transpose_43] (stage_id:0) -> [base_model.m_stage0.encoder.layer.0.attention.self-batch_matmul_50_grad_a] (stage_id:0) 
I1222 14:27:41.018551 80470 pipeline_buffer_pass.cpp:117] 
 Insert buffer op : [System-Pipeline-Buffer-Op_-base_model.m_stage0.encoder.layer.0.attention.self.dropout-dropout_49-out_0-stage_id_0](buffer_size:4) 
 from [base_model.m_stage0.encoder.layer.0.attention.self.dropout-dropout_49] (stage_id:0) -> [base_model.m_stage0.encoder.layer.0.attention.self-batch_matmul_50_grad_b] (stage_id:0) 
I1222 14:27:41.018927 80470 pipeline_buffer_pass.cpp:117] 
 Insert buffer op : [System-Pipeline-Buffer-Op_-base_model.m_stage0.encoder.layer.0.attention.self.dropout-dropout_49-mask_0-stage_id_0](buffer_size:4) 
 from [base_model.m_stage0.encoder.layer.0.attention.self.dropout-dropout_49] (stage_id:0) -> [base_model.m_stage0.encoder.layer.0.attention.self.dropout-dropout_49_grad] (stage_id:0) 
I1222 14:27:41.018986 80470 pipeline_buffer_pass.cpp:117] 
 Insert buffer op : [System-Pipeline-Buffer-Op_-base_model.m_stage0.encoder.layer.0.attention.self-softmax_48-out_0-stage_id_0](buffer_size:4) 
 from [base_model.m_stage0.encoder.layer.0.attention.self-softmax_48] (stage_id:0) -> [base_model.m_stage0.encoder.layer.0.attention.self-softmax_48_grad] (stage_id:0) 
I1222 14:27:41.019045 80470 pipeline_buffer_pass.cpp:117] 
 Insert buffer op : [System-Pipeline-Buffer-Op_-base_model.m_stage0.embeddings.dropout-dropout_25-out_0-stage_id_0](buffer_size:4) 
 from [base_model.m_stage0.embeddings.dropout-dropout_25] (stage_id:0) -> [base_model.m_stage0.encoder.layer.0.attention.self.value-broadcast_matmul_40_b_grad] (stage_id:0) 
I1222 14:27:41.019101 80470 pipeline_buffer_pass.cpp:117] 
 Insert buffer op : [System-Pipeline-Buffer-Op_-base_model.m_stage0.encoder.layer.0.attention.self-transpose_44-output_0-stage_id_0](buffer_size:4) 
 from [base_model.m_stage0.encoder.layer.0.attention.self-transpose_44] (stage_id:0) -> [base_model.m_stage0.encoder.layer.0.attention.self-batch_matmul_45_grad_a] (stage_id:0) 
I1222 14:27:41.019156 80470 pipeline_buffer_pass.cpp:117] 
 Insert buffer op : [System-Pipeline-Buffer-Op_-base_model.m_stage0.encoder.layer.0.attention.self-transpose_35-output_0-stage_id_0](buffer_size:4) 
 from [base_model.m_stage0.encoder.layer.0.attention.self-transpose_35] (stage_id:0) -> [base_model.m_stage0.encoder.layer.0.attention.self-batch_matmul_45_grad_b] (stage_id:0) 
I1222 14:27:41.019253 80470 pipeline_buffer_pass.cpp:117] 
 Insert buffer op : [System-Pipeline-Buffer-Op_-base_model.m_stage0.embeddings.dropout-dropout_25-mask_0-stage_id_0](buffer_size:4) 
 from [base_model.m_stage0.embeddings.dropout-dropout_25] (stage_id:0) -> [base_model.m_stage0.embeddings.dropout-dropout_25_grad] (stage_id:0) 
I1222 14:27:41.019310 80470 pipeline_buffer_pass.cpp:117] 
 Insert buffer op : [System-Pipeline-Buffer-Op_-base_model.m_stage0.embeddings.LayerNorm-layer_norm_24-normalized_0-stage_id_0](buffer_size:4) 
 from [base_model.m_stage0.embeddings.LayerNorm-layer_norm_24] (stage_id:0) -> [base_model.m_stage0.embeddings.LayerNorm-layer_norm_24_param_grad] (stage_id:0) 
I1222 14:27:41.019367 80470 pipeline_buffer_pass.cpp:117] 
 Insert buffer op : [System-Pipeline-Buffer-Op_-base_model.m_stage0.embeddings-broadcast_add_23-z_0-stage_id_0](buffer_size:4) 
 from [base_model.m_stage0.embeddings-broadcast_add_23] (stage_id:0) -> [base_model.m_stage0.embeddings.LayerNorm-layer_norm_24_grad] (stage_id:0) 
I1222 14:27:41.019423 80470 pipeline_buffer_pass.cpp:117] 
 Insert buffer op : [System-Pipeline-Buffer-Op_-base_model.m_stage0.embeddings.LayerNorm-layer_norm_24-mean_0-stage_id_0](buffer_size:4) 
 from [base_model.m_stage0.embeddings.LayerNorm-layer_norm_24] (stage_id:0) -> [base_model.m_stage0.embeddings.LayerNorm-layer_norm_24_grad] (stage_id:0) 
I1222 14:27:41.019474 80470 pipeline_buffer_pass.cpp:117] 
 Insert buffer op : [System-Pipeline-Buffer-Op_-base_model.m_stage0.embeddings.LayerNorm-layer_norm_24-inv_variance_0-stage_id_0](buffer_size:4) 
 from [base_model.m_stage0.embeddings.LayerNorm-layer_norm_24] (stage_id:0) -> [base_model.m_stage0.embeddings.LayerNorm-layer_norm_24_grad] (stage_id:0) 
I1222 14:27:41.019591 80470 pipeline_buffer_pass.cpp:117] 
 Insert buffer op : [System-Pipeline-Buffer-Op_-base_model.m_stage0.embeddings.position_embeddings-gather_20-out_0-stage_id_0](buffer_size:4) 
 from [base_model.m_stage0.embeddings.position_embeddings-gather_20] (stage_id:0) -> [base_model.m_stage0.embeddings-broadcast_add_23_y_grad_reduce_sum_like] (stage_id:0) 
I1222 14:27:41.019963 80470 pipeline_buffer_pass.cpp:117] 
 Insert buffer op : [System-Pipeline-Buffer-Op_-base_model.m_stage0.embeddings-slice_19-y_0-stage_id_0](buffer_size:4) 
 from [base_model.m_stage0.embeddings-slice_19] (stage_id:0) -> [base_model.m_stage0.embeddings.position_embeddings-gather_20_grad] (stage_id:0) 
I1222 14:27:41.020023 80470 pipeline_buffer_pass.cpp:117] 
 Insert buffer op : [System-Pipeline-Buffer-Op_-base_model-identity_15-out_0-stage_id_0](buffer_size:4) 
 from [base_model-identity_15] (stage_id:0) -> [base_model.m_stage0.embeddings.word_embeddings-gather_18_grad] (stage_id:0) 
I1222 14:27:41.020084 80470 pipeline_buffer_pass.cpp:117] 
 Insert buffer op : [System-Pipeline-Buffer-Op_-base_model-identity_16-out_0-stage_id_0](buffer_size:4) 
 from [base_model-identity_16] (stage_id:0) -> [base_model.m_stage0.embeddings.token_type_embeddings-gather_21_grad] (stage_id:0) 
I1222 14:27:41.020653 80470 pipeline_buffer_pass.cpp:117] 
 Insert buffer op : [System-Pipeline-Buffer-Op_-_train_data_loader-hierarchical_parallel_cast_8-out_0-stage_id_0](buffer_size:4) 
 from [_train_data_loader-hierarchical_parallel_cast_8] (stage_id:0) -> [base_model-identity_15] (stage_id:0) 
I1222 14:27:41.020723 80470 pipeline_buffer_pass.cpp:117] 
 Insert buffer op : [System-Pipeline-Buffer-Op_-_train_data_loader-hierarchical_parallel_cast_11-out_0-stage_id_0](buffer_size:4) 
 from [_train_data_loader-hierarchical_parallel_cast_11] (stage_id:0) -> [base_model-identity_16] (stage_id:0) 
I1222 14:27:41.020778 80470 pipeline_buffer_pass.cpp:117] 
 Insert buffer op : [System-Pipeline-Buffer-Op_-_train_data_loader-hierarchical_parallel_cast_10-out_0-stage_id_0](buffer_size:4) 
 from [_train_data_loader-hierarchical_parallel_cast_10] (stage_id:0) -> [base_model-identity_17] (stage_id:0) 
I1222 14:27:41.021338 80470 pipeline_buffer_pass.cpp:212] 
 Insert buffer op pair : src_buffer = <System-Pipeline-Buffer-Op_-base_model-identity_440-out_0>(buffer_size:1) , dst_buffer = <System-Pipeline-Buffer-Op_-base_model-identity_440-out_0-stage_id_1>(buffer_size:1) 
 from [base_model-identity_440] (stage_id:0) -> [base_model-identity_441] (stage_id:1) 
I1222 14:27:41.021400 80470 pipeline_buffer_pass.cpp:117] 
 Insert buffer op : [System-Pipeline-Buffer-Op_-_train_data_loader-hierarchical_parallel_cast_10-out_0-stage_id_1](buffer_size:4) 
 from [_train_data_loader-hierarchical_parallel_cast_10] (stage_id:0) -> [base_model-identity_442] (stage_id:1) 
I1222 14:27:41.021957 80470 pipeline_buffer_pass.cpp:117] 
 Insert buffer op : [System-Pipeline-Buffer-Op_-_train_data_loader-hierarchical_parallel_cast_9-out_0-stage_id_1](buffer_size:4) 
 from [_train_data_loader-hierarchical_parallel_cast_9] (stage_id:0) -> [reshape_872] (stage_id:1) 
I1222 14:27:41.022024 80470 pipeline_buffer_pass.cpp:117] 
 Insert buffer op : [System-Pipeline-Buffer-Op_-_train_data_loader-hierarchical_parallel_cast_13-out_0-stage_id_1](buffer_size:4) 
 from [_train_data_loader-hierarchical_parallel_cast_13] (stage_id:0) -> [expand_dims_880] (stage_id:1) 
I1222 14:27:41.022083 80470 pipeline_buffer_pass.cpp:117] 
 Insert buffer op : [System-Pipeline-Buffer-Op_-_train_data_loader-hierarchical_parallel_cast_12-out_0-stage_id_1](buffer_size:4) 
 from [_train_data_loader-hierarchical_parallel_cast_12] (stage_id:0) -> [reshape_884] (stage_id:1) 
I1222 14:27:41.022141 80470 pipeline_buffer_pass.cpp:117] 
 Insert buffer op : [System-Pipeline-Buffer-Op_-_train_data_loader-hierarchical_parallel_cast_14-out_0-stage_id_1](buffer_size:4) 
 from [_train_data_loader-hierarchical_parallel_cast_14] (stage_id:0) -> [multiply_891] (stage_id:1) 
I1222 14:27:41.023411 80470 pipeline_buffer_pass.cpp:212] 
 Insert buffer op pair : src_buffer = <System-Pipeline-Buffer-Op_-base_model-identity_441_grad-out_0>(buffer_size:1) , dst_buffer = <System-Pipeline-Buffer-Op_-base_model-identity_441_grad-out_0-stage_id_0>(buffer_size:1) 
 from [base_model-identity_441_grad] (stage_id:1) -> [base_model-identity_440_grad] (stage_id:0) 
I1222 14:27:42.029083 80470 global.h:43] DeleteGlobal N7oneflow7JobDescE
I1222 14:27:43.178985 80470 global.h:36] NewGlobal N7oneflow7JobDescE
I1222 14:28:02.745163 80470 runtime_context.cpp:21] NewCounter constructing_actor_cnt 3144
I1222 14:28:02.745968 80813 wait_and_send_ids_actor.cpp:53] actor 106652764209152 switch to &WaitAndSendIdsActor::HandlerWaitToStart
I1222 14:28:02.746075 80813 thread.cpp:99] Thread 50856001 construct Actor kWaitAndSendIds 106652764209152
I1222 14:28:02.746662 80813 runtime_context.cpp:29] DecreaseCounter constructing_actor_cnt, current val is 3143
I1222 14:28:02.746997 80804 naive_actor.cpp:25] actor 107760729459499 switch to &NaiveActor::HandlerNormal
I1222 14:28:02.747081 80804 thread.cpp:99] Thread 51384320 construct Actor kDeviceTick 107760729459499
I1222 14:28:02.747177 80804 runtime_context.cpp:29] DecreaseCounter constructing_actor_cnt, current val is 3142
I1222 14:28:02.747421 80804 naive_actor.cpp:25] actor 107760729459501 switch to &NaiveActor::HandlerNormal
I1222 14:28:02.747458 80804 thread.cpp:99] Thread 51384320 construct Actor kDeviceTick 107760729459501
I1222 14:28:02.747505 80804 runtime_context.cpp:29] DecreaseCounter constructing_actor_cnt, current val is 3141
I1222 14:28:02.747773 80804 naive_actor.cpp:25] actor 107760729459496 switch to &NaiveActor::HandlerNormal
I1222 14:28:02.747855 80804 thread.cpp:99] Thread 51384320 construct Actor kDeviceTick 107760729459496
I1222 14:28:02.747929 80804 runtime_context.cpp:29] DecreaseCounter constructing_actor_cnt, current val is 3140
I1222 14:28:02.748261 80804 naive_actor.cpp:25] actor 107760729459503 switch to &NaiveActor::HandlerNormal
I1222 14:28:02.748319 80804 thread.cpp:99] Thread 51384320 construct Actor kDeviceTick 107760729459503
I1222 14:28:02.748395 80804 runtime_context.cpp:29] DecreaseCounter constructing_actor_cnt, current val is 3139
I1222 14:28:02.748715 80804 naive_actor.cpp:25] actor 107760729459505 switch to &NaiveActor::HandlerNormal
I1222 14:28:02.748761 80804 thread.cpp:99] Thread 51384320 construct Actor kDeviceTick 107760729459505
I1222 14:28:02.748826 80804 runtime_context.cpp:29] DecreaseCounter constructing_actor_cnt, current val is 3138
I1222 14:28:02.856537 80797 naive_actor.cpp:25] actor 106652634185728 switch to &NaiveActor::HandlerNormal
I1222 14:28:02.856608 80797 thread.cpp:99] Thread 50855939 construct Actor kNormalForward 106652634185728
I1222 14:28:02.856724 80797 runtime_context.cpp:29] DecreaseCounter constructing_actor_cnt, current val is 3137
I1222 14:28:02.856873 80801 naive_actor.cpp:25] actor 106652627894272 switch to &NaiveActor::HandlerNormal
I1222 14:28:02.856938 80801 thread.cpp:99] Thread 50855936 construct Actor kNormalForward 106652627894272
I1222 14:28:02.856946 80799 naive_actor.cpp:25] actor 106652638380032 switch to &NaiveActor::HandlerNormal
I1222 14:28:02.857149 80801 runtime_context.cpp:29] DecreaseCounter constructing_actor_cnt, current val is 3136
I1222 14:28:02.857236 80798 naive_actor.cpp:25] actor 106652632088576 switch to &NaiveActor::HandlerNormal
I1222 14:28:02.857367 80798 thread.cpp:99] Thread 50855938 construct Actor kNormalForward 106652632088576
I1222 14:28:02.857394 80796 naive_actor.cpp:25] actor 106652640477184 switch to &NaiveActor::HandlerNormal
I1222 14:28:02.857160 80799 thread.cpp:99] Thread 50855941 construct Actor kNormalForward 106652638380032
I1222 14:28:02.857133 80802 naive_actor.cpp:25] actor 106652629991424 switch to &NaiveActor::HandlerNormal
I1222 14:28:02.857277 80805 copy_comm_net_actor.cpp:66] actor 106652772597760 switch to &CopyCommNetActor::HandlerNormal
I1222 14:28:02.857283 80807 naive_actor.cpp:25] actor 107760735748101 switch to &NaiveActor::HandlerNormal
I1222 14:28:02.857290 80800 naive_actor.cpp:25] actor 106652636282880 switch to &NaiveActor::HandlerNormal
I1222 14:28:02.857291 80812 naive_actor.cpp:25] actor 107760733650944 switch to &NaiveActor::HandlerNormal
I1222 14:28:02.857344 80816 naive_actor.cpp:25] actor 107760731553792 switch to &NaiveActor::HandlerNormal
I1222 14:28:02.858465 80816 thread.cpp:99] Thread 51384321 construct Actor kCopyHd 107760731553792
I1222 14:28:02.857529 80796 thread.cpp:99] Thread 50855942 construct Actor kNormalForward 106652640477184
I1222 14:28:02.857558 80814 sink_actor.cpp:21] actor 106652766306304 switch to &SinkActor::HandlerNormal
I1222 14:28:02.857097 80804 naive_actor.cpp:25] actor 107760729456667 switch to &NaiveActor::HandlerNormal
I1222 14:28:02.857632 80799 runtime_context.cpp:29] DecreaseCounter constructing_actor_cnt, current val is 3134
I1222 14:28:02.857715 80802 thread.cpp:99] Thread 50855937 construct Actor kNormalForward 106652629991424
I1222 14:28:02.857733 80808 naive_actor.cpp:25] actor 106652762112004 switch to &NaiveActor::HandlerNormal
I1222 14:28:02.857800 80805 thread.cpp:99] Thread 50856005 construct Actor kCopyCommNet 106652772597760
I1222 14:28:02.858878 80808 thread.cpp:99] Thread 50856000 construct Actor kTick 106652762112004
I1222 14:28:02.857950 80817 naive_actor.cpp:25] actor 106652644671488 switch to &NaiveActor::HandlerNormal
I1222 14:28:02.858111 80809 naive_actor.cpp:25] actor 106652642574336 switch to &NaiveActor::HandlerNormal
I1222 14:28:02.858135 80818 naive_actor.cpp:25] actor 106652768403456 switch to &NaiveActor::HandlerNormal
I1222 14:28:02.858317 80807 thread.cpp:99] Thread 51384323 construct Actor kCollectiveBoxingGeneric 107760735748101
I1222 14:28:02.858388 80800 thread.cpp:99] Thread 50855940 construct Actor kNormalForward 106652636282880
I1222 14:28:02.859176 80807 runtime_context.cpp:29] DecreaseCounter constructing_actor_cnt, current val is 3128
I1222 14:28:02.857482 80798 runtime_context.cpp:29] DecreaseCounter constructing_actor_cnt, current val is 3135
I1222 14:28:02.859244 80800 runtime_context.cpp:29] DecreaseCounter constructing_actor_cnt, current val is 3127
I1222 14:28:02.858618 80814 thread.cpp:99] Thread 50856002 construct Actor kCallbackNotify 106652766306304
I1222 14:28:02.858618 80796 runtime_context.cpp:29] DecreaseCounter constructing_actor_cnt, current val is 3132
I1222 14:28:02.858665 80804 thread.cpp:99] Thread 51384320 construct Actor kNormalForward 107760729456667
I1222 14:28:02.857851 80810 naive_actor.cpp:25] actor 106652770500608 switch to &NaiveActor::HandlerNormal
I1222 14:28:02.858891 80802 runtime_context.cpp:29] DecreaseCounter constructing_actor_cnt, current val is 3131
I1222 14:28:02.858906 80805 runtime_context.cpp:29] DecreaseCounter constructing_actor_cnt, current val is 3130
I1222 14:28:02.858994 80808 runtime_context.cpp:29] DecreaseCounter constructing_actor_cnt, current val is 3129
I1222 14:28:02.859011 80817 thread.cpp:99] Thread 50855944 construct Actor kNormalForward 106652644671488
I1222 14:28:02.859052 80809 thread.cpp:99] Thread 50855943 construct Actor kNormalForward 106652642574336
I1222 14:28:02.859120 80818 thread.cpp:99] Thread 50856003 construct Actor kCriticalSectionWaitTick 106652768403456
I1222 14:28:02.858440 80812 thread.cpp:99] Thread 51384322 construct Actor kCopyHd 107760733650944
I1222 14:28:02.858511 80816 runtime_context.cpp:29] DecreaseCounter constructing_actor_cnt, current val is 3133
I1222 14:28:02.859359 80814 runtime_context.cpp:29] DecreaseCounter constructing_actor_cnt, current val is 3126
I1222 14:28:02.859421 80807 naive_actor.cpp:25] actor 107760735748176 switch to &NaiveActor::HandlerNormal
I1222 14:28:02.859906 80816 naive_actor.cpp:25] actor 107760731553793 switch to &NaiveActor::HandlerNormal
I1222 14:28:02.859469 80804 runtime_context.cpp:29] DecreaseCounter constructing_actor_cnt, current val is 3125
I1222 14:28:02.859638 80805 copy_comm_net_actor.cpp:66] actor 106652772597767 switch to &CopyCommNetActor::HandlerNormal
I1222 14:28:02.859743 80817 runtime_context.cpp:29] DecreaseCounter constructing_actor_cnt, current val is 3124
I1222 14:28:02.859743 80809 runtime_context.cpp:29] DecreaseCounter constructing_actor_cnt, current val is 3123
I1222 14:28:02.859798 80818 runtime_context.cpp:29] DecreaseCounter constructing_actor_cnt, current val is 3122
I1222 14:28:02.859819 80812 runtime_context.cpp:29] DecreaseCounter constructing_actor_cnt, current val is 3121
I1222 14:28:02.859457 80810 thread.cpp:99] Thread 50856004 construct Actor kCriticalSectionWaitTick 106652770500608
I1222 14:28:02.859911 80807 thread.cpp:99] Thread 51384323 construct Actor kCollectiveBoxingGeneric 107760735748176
I1222 14:28:02.859933 80816 thread.cpp:99] Thread 51384321 construct Actor kCopyHd 107760731553793
I1222 14:28:02.860040 80805 thread.cpp:99] Thread 50856005 construct Actor kCopyCommNet 106652772597767
I1222 14:28:02.860175 80808 naive_actor.cpp:25] actor 106652762112009 switch to &NaiveActor::HandlerNormal
I1222 14:28:02.860695 80804 naive_actor.cpp:25] actor 107760729456699 switch to &NaiveActor::HandlerNormal
I1222 14:28:02.860769 80810 runtime_context.cpp:29] DecreaseCounter constructing_actor_cnt, current val is 3120
I1222 14:28:02.860797 80807 runtime_context.cpp:29] DecreaseCounter constructing_actor_cnt, current val is 3119
I1222 14:28:02.860816 80816 runtime_context.cpp:29] DecreaseCounter constructing_actor_cnt, current val is 3118
I1222 14:28:02.860833 80812 naive_actor.cpp:25] actor 107760733650948 switch to &NaiveActor::HandlerNormal
I1222 14:28:02.860842 80805 runtime_context.cpp:29] DecreaseCounter constructing_actor_cnt, current val is 3117
I1222 14:28:02.860894 80808 thread.cpp:99] Thread 50856000 construct Actor kDstSubsetTick 106652762112009
I1222 14:28:02.860939 80804 thread.cpp:99] Thread 51384320 construct Actor kNormalForward 107760729456699
I1222 14:28:02.861075 80812 thread.cpp:99] Thread 51384322 construct Actor kCopyHd 107760733650948
I1222 14:28:02.861111 80816 naive_actor.cpp:25] actor 107760731553794 switch to &NaiveActor::HandlerNormal
I1222 14:28:02.861233 80812 runtime_context.cpp:29] DecreaseCounter constructing_actor_cnt, current val is 3114
I1222 14:28:02.861174 80805 copy_comm_net_actor.cpp:66] actor 106652772597763 switch to &CopyCommNetActor::HandlerNormal
I1222 14:28:02.861189 80808 runtime_context.cpp:29] DecreaseCounter constructing_actor_cnt, current val is 3116
I1222 14:28:02.861222 80804 runtime_context.cpp:29] DecreaseCounter constructing_actor_cnt, current val is 3115
I1222 14:28:02.861145 80807 naive_actor.cpp:25] actor 107760735748103 switch to &NaiveActor::HandlerNormal
I1222 14:28:02.861371 80812 naive_actor.cpp:25] actor 107760733650946 switch to &NaiveActor::HandlerNormal
I1222 14:28:02.861282 80805 thread.cpp:99] Thread 50856005 construct Actor kCopyCommNet 106652772597763
I1222 14:28:02.861239 80816 thread.cpp:99] Thread 51384321 construct Actor kCopyHd 107760731553794
I1222 14:28:02.861387 80807 thread.cpp:99] Thread 51384323 construct Actor kCollectiveBoxingGeneric 107760735748103
I1222 14:28:02.861423 80812 thread.cpp:99] Thread 51384322 construct Actor kCopyHd 107760733650946
I1222 14:28:02.861471 80805 runtime_context.cpp:29] DecreaseCounter constructing_actor_cnt, current val is 3113
I1222 14:28:02.861501 80816 runtime_context.cpp:29] DecreaseCounter constructing_actor_cnt, current val is 3112
I1222 14:28:02.861584 80807 runtime_context.cpp:29] DecreaseCounter constructing_actor_cnt, current val is 3111
I1222 14:28:02.861615 80812 runtime_context.cpp:29] DecreaseCounter constructing_actor_cnt, current val is 3110
I1222 14:28:02.861692 80808 naive_actor.cpp:25] actor 106652762112006 switch to &NaiveActor::HandlerNormal
I1222 14:28:02.861707 80805 copy_comm_net_actor.cpp:66] actor 106652772597765 switch to &CopyCommNetActor::HandlerNormal
I1222 14:28:02.861783 80808 thread.cpp:99] Thread 50856000 construct Actor kSrcSubsetTick 106652762112006
I1222 14:28:02.861811 80805 thread.cpp:99] Thread 50856005 construct Actor kCopyCommNet 106652772597765
I1222 14:28:02.861822 80807 naive_actor.cpp:25] actor 107760735748191 switch to &NaiveActor::HandlerNormal
I1222 14:28:02.861838 80812 naive_actor.cpp:25] actor 107760733650958 switch to &NaiveActor::HandlerNormal
I1222 14:28:02.861882 80805 runtime_context.cpp:29] DecreaseCounter constructing_actor_cnt, current val is 3109
I1222 14:28:02.861892 80808 runtime_context.cpp:29] DecreaseCounter constructing_actor_cnt, current val is 3108
I1222 14:28:02.861970 80807 thread.cpp:99] Thread 51384323 construct Actor kCollectiveBoxingGeneric 107760735748191
I1222 14:28:02.862181 80804 naive_actor.cpp:25] actor 107760729456655 switch to &NaiveActor::HandlerNormal
I1222 14:28:02.862370 80812 thread.cpp:99] Thread 51384322 construct Actor kCopyHd 107760733650958
I1222 14:28:02.862466 80805 copy_comm_net_actor.cpp:66] actor 106652772597762 switch to &CopyCommNetActor::HandlerNormal
I1222 14:28:02.862651 80812 runtime_context.cpp:29] DecreaseCounter constructing_actor_cnt, current val is 3106
I1222 14:28:02.862603 80804 thread.cpp:99] Thread 51384320 construct Actor kNormalForward 107760729456655
I1222 14:28:02.862501 80807 runtime_context.cpp:29] DecreaseCounter constructing_actor_cnt, current val is 3107
I1222 14:28:02.862658 80805 thread.cpp:99] Thread 50856005 construct Actor kCopyCommNet 106652772597762
I1222 14:28:02.862716 80808 naive_actor.cpp:25] actor 106652762112003 switch to &NaiveActor::HandlerNormal
I1222 14:28:02.862767 80804 runtime_context.cpp:29] DecreaseCounter constructing_actor_cnt, current val is 3105
I1222 14:28:02.862792 80812 naive_actor.cpp:25] actor 107760733650961 switch to &NaiveActor::HandlerNormal
I1222 14:28:02.862798 80805 runtime_context.cpp:29] DecreaseCounter constructing_actor_cnt, current val is 3104
I1222 14:28:02.862829 80808 thread.cpp:99] Thread 50856000 construct Actor kTick 106652762112003
I1222 14:28:02.862876 80807 naive_actor.cpp:25] actor 107760735748203 switch to &NaiveActor::HandlerNormal
I1222 14:28:02.862898 80812 thread.cpp:99] Thread 51384322 construct Actor kCopyHd 107760733650961
I1222 14:28:02.862990 80805 copy_comm_net_actor.cpp:66] actor 106652772597764 switch to &CopyCommNetActor::HandlerNormal
I1222 14:28:02.862995 80808 runtime_context.cpp:29] DecreaseCounter constructing_actor_cnt, current val is 3103
I1222 14:28:02.863009 80807 thread.cpp:99] Thread 51384323 construct Actor kCollectiveBoxingGeneric 107760735748203
I1222 14:28:02.863055 80812 runtime_context.cpp:29] DecreaseCounter constructing_actor_cnt, current val is 3102
I1222 14:28:02.863070 80805 thread.cpp:99] Thread 50856005 construct Actor kCopyCommNet 106652772597764
I1222 14:28:02.863158 80807 runtime_context.cpp:29] DecreaseCounter constructing_actor_cnt, current val is 3101
I1222 14:28:02.863175 80804 naive_actor.cpp:25] actor 107760729456731 switch to &NaiveActor::HandlerNormal
I1222 14:28:02.863205 80805 runtime_context.cpp:29] DecreaseCounter constructing_actor_cnt, current val is 3100
I1222 14:28:02.863276 80804 thread.cpp:99] Thread 51384320 construct Actor kNormalForward 107760729456731
I1222 14:28:02.863286 80812 naive_actor.cpp:25] actor 107760733650954 switch to &NaiveActor::HandlerNormal
I1222 14:28:02.863377 80805 copy_comm_net_actor.cpp:66] actor 106652772597778 switch to &CopyCommNetActor::HandlerNormal
I1222 14:28:02.863346 80807 naive_actor.cpp:25] actor 107760735748131 switch to &NaiveActor::HandlerNormal
I1222 14:28:02.863381 80812 thread.cpp:99] Thread 51384322 construct Actor kCopyHd 107760733650954
I1222 14:28:02.863380 80804 runtime_context.cpp:29] DecreaseCounter constructing_actor_cnt, current val is 3099
I1222 14:28:02.863387 80808 naive_actor.cpp:25] actor 106652762112005 switch to &NaiveActor::HandlerNormal
I1222 14:28:02.863411 80805 thread.cpp:99] Thread 50856005 construct Actor kCopyCommNet 106652772597778
I1222 14:28:02.863448 80807 thread.cpp:99] Thread 51384323 construct Actor kCollectiveBoxingGeneric 107760735748131
I1222 14:28:02.863492 80812 runtime_context.cpp:29] DecreaseCounter constructing_actor_cnt, current val is 3098
I1222 14:28:02.863559 80808 thread.cpp:99] Thread 50856000 construct Actor kTick 106652762112005
I1222 14:28:02.863591 80805 runtime_context.cpp:29] DecreaseCounter constructing_actor_cnt, current val is 3097
I1222 14:28:02.863631 80807 runtime_context.cpp:29] DecreaseCounter constructing_actor_cnt, current val is 3096
I1222 14:28:02.863759 80812 naive_actor.cpp:25] actor 107760733650959 switch to &NaiveActor::HandlerNormal
I1222 14:28:02.863780 80808 runtime_context.cpp:29] DecreaseCounter constructing_actor_cnt, current val is 3095
I1222 14:28:02.864219 80805 copy_comm_net_actor.cpp:66] actor 106652772597777 switch to &CopyCommNetActor::HandlerNormal
I1222 14:28:02.864220 80812 thread.cpp:99] Thread 51384322 construct Actor kCopyHd 107760733650959
I1222 14:28:02.864315 80804 naive_actor.cpp:25] actor 107760729456763 switch to &NaiveActor::HandlerNormal
I1222 14:28:02.864305 80807 naive_actor.cpp:25] actor 107760735748232 switch to &NaiveActor::HandlerNormal
I1222 14:28:02.864289 80805 thread.cpp:99] Thread 50856005 construct Actor kCopyCommNet 106652772597777
I1222 14:28:02.864337 80812 runtime_context.cpp:29] DecreaseCounter constructing_actor_cnt, current val is 3094
I1222 14:28:02.864392 80804 thread.cpp:99] Thread 51384320 construct Actor kNormalForward 107760729456763
I1222 14:28:02.864431 80807 thread.cpp:99] Thread 51384323 construct Actor kCollectiveBoxingGeneric 107760735748232
I1222 14:28:02.864464 80805 runtime_context.cpp:29] DecreaseCounter constructing_actor_cnt, current val is 3093
I1222 14:28:02.864553 80808 naive_actor.cpp:25] actor 106652762112007 switch to &NaiveActor::HandlerNormal
I1222 14:28:02.864609 80812 naive_actor.cpp:25] actor 107760733650953 switch to &NaiveActor::HandlerNormal
I1222 14:28:02.864614 80807 runtime_context.cpp:29] DecreaseCounter constructing_actor_cnt, current val is 3091
I1222 14:28:02.864615 80804 runtime_context.cpp:29] DecreaseCounter constructing_actor_cnt, current val is 3092
I1222 14:28:02.864665 80808 thread.cpp:99] Thread 50856000 construct Actor kDstSubsetTick 106652762112007
I1222 14:28:02.864686 80805 copy_comm_net_actor.cpp:66] actor 106652772597782 switch to &CopyCommNetActor::HandlerNormal
I1222 14:28:02.864703 80812 thread.cpp:99] Thread 51384322 construct Actor kCopyHd 107760733650953
I1222 14:28:02.864842 80808 runtime_context.cpp:29] DecreaseCounter constructing_actor_cnt, current val is 3090
I1222 14:28:02.864845 80805 thread.cpp:99] Thread 50856005 construct Actor kCopyCommNet 106652772597782
I1222 14:28:02.864854 80807 naive_actor.cpp:25] actor 107760735748099 switch to &NaiveActor::HandlerNormal
I1222 14:28:02.864893 80812 runtime_context.cpp:29] DecreaseCounter constructing_actor_cnt, current val is 3089
I1222 14:28:02.864957 80805 runtime_context.cpp:29] DecreaseCounter constructing_actor_cnt, current val is 3088
I1222 14:28:02.864991 80807 thread.cpp:99] Thread 51384323 construct Actor kCollectiveBoxingGeneric 107760735748099
I1222 14:28:02.865098 80807 runtime_context.cpp:29] DecreaseCounter constructing_actor_cnt, current val is 3087
I1222 14:28:02.865118 80805 copy_comm_net_actor.cpp:66] actor 106652772597761 switch to &CopyCommNetActor::HandlerNormal
I1222 14:28:02.865134 80812 naive_actor.cpp:25] actor 107760733650950 switch to &NaiveActor::HandlerNormal
I1222 14:28:02.865176 80805 thread.cpp:99] Thread 50856005 construct Actor kCopyCommNet 106652772597761
I1222 14:28:02.865206 80812 thread.cpp:99] Thread 51384322 construct Actor kCopyHd 107760733650950
I1222 14:28:02.865243 80805 runtime_context.cpp:29] DecreaseCounter constructing_actor_cnt, current val is 3086
I1222 14:28:02.865258 80807 naive_actor.cpp:25] actor 107760735748249 switch to &NaiveActor::HandlerNormal
I1222 14:28:02.865284 80812 runtime_context.cpp:29] DecreaseCounter constructing_actor_cnt, current val is 3085
I1222 14:28:02.865285 80808 naive_actor.cpp:25] actor 106652762112000 switch to &NaiveActor::HandlerNormal
I1222 14:28:02.865345 80807 thread.cpp:99] Thread 51384323 construct Actor kCollectiveBoxingGeneric 107760735748249
I1222 14:28:02.865367 80805 copy_comm_net_actor.cpp:66] actor 106652772597766 switch to &CopyCommNetActor::HandlerNormal
I1222 14:28:02.865432 80808 thread.cpp:99] Thread 50856000 construct Actor kSrcSubsetTick 106652762112000
I1222 14:28:02.865476 80807 runtime_context.cpp:29] DecreaseCounter constructing_actor_cnt, current val is 3084
I1222 14:28:02.865521 80805 thread.cpp:99] Thread 50856005 construct Actor kCopyCommNet 106652772597766
I1222 14:28:02.865613 80808 runtime_context.cpp:29] DecreaseCounter constructing_actor_cnt, current val is 3083
I1222 14:28:02.865610 80804 naive_actor.cpp:25] actor 107760729456664 switch to &NaiveActor::HandlerNormal
I1222 14:28:02.865653 80805 runtime_context.cpp:29] DecreaseCounter constructing_actor_cnt, current val is 3082
I1222 14:28:02.865664 80812 naive_actor.cpp:25] actor 107760733650960 switch to &NaiveActor::HandlerNormal
I1222 14:28:02.865723 80807 naive_actor.cpp:25] actor 107760735748105 switch to &NaiveActor::HandlerNormal
I1222 14:28:02.865751 80804 thread.cpp:99] Thread 51384320 construct Actor kNormalForward 107760729456664
I1222 14:28:02.865825 80812 thread.cpp:99] Thread 51384322 construct Actor kCopyHd 107760733650960
I1222 14:28:02.865850 80805 copy_comm_net_actor.cpp:66] actor 106652772597768 switch to &CopyCommNetActor::HandlerNormal
I1222 14:28:02.865865 80807 thread.cpp:99] Thread 51384323 construct Actor kCollectiveBoxingGeneric 107760735748105
I1222 14:28:02.865944 80805 thread.cpp:99] Thread 50856005 construct Actor kCopyCommNet 106652772597768
I1222 14:28:02.865948 80812 runtime_context.cpp:29] DecreaseCounter constructing_actor_cnt, current val is 3080
I1222 14:28:02.865947 80808 naive_actor.cpp:25] actor 106652762112001 switch to &NaiveActor::HandlerNormal
I1222 14:28:02.865948 80804 runtime_context.cpp:29] DecreaseCounter constructing_actor_cnt, current val is 3081
I1222 14:28:02.865991 80807 runtime_context.cpp:29] DecreaseCounter constructing_actor_cnt, current val is 3079
I1222 14:28:02.866010 80805 runtime_context.cpp:29] DecreaseCounter constructing_actor_cnt, current val is 3078
I1222 14:28:02.866075 80808 thread.cpp:99] Thread 50856000 construct Actor kTick 106652762112001
I1222 14:28:02.866151 80812 naive_actor.cpp:25] actor 107760733650949 switch to &NaiveActor::HandlerNormal
I1222 14:28:02.866228 80808 runtime_context.cpp:29] DecreaseCounter constructing_actor_cnt, current val is 3077
I1222 14:28:02.866223 80805 copy_comm_net_actor.cpp:66] actor 106652772597771 switch to &CopyCommNetActor::HandlerNormal
I1222 14:28:02.866237 80812 thread.cpp:99] Thread 51384322 construct Actor kCopyHd 107760733650949
I1222 14:28:02.866252 80807 naive_actor.cpp:25] actor 107760735748123 switch to &NaiveActor::HandlerNormal
I1222 14:28:02.866303 80805 thread.cpp:99] Thread 50856005 construct Actor kCopyCommNet 106652772597771
I1222 14:28:02.866353 80812 runtime_context.cpp:29] DecreaseCounter constructing_actor_cnt, current val is 3076
I1222 14:28:02.866418 80804 naive_actor.cpp:25] actor 107760729456696 switch to &NaiveActor::HandlerNormal
I1222 14:28:02.866412 80805 runtime_context.cpp:29] DecreaseCounter constructing_actor_cnt, current val is 3075
I1222 14:28:02.866379 80807 thread.cpp:99] Thread 51384323 construct Actor kCollectiveBoxingGeneric 107760735748123
I1222 14:28:02.866490 80804 thread.cpp:99] Thread 51384320 construct Actor kNormalForward 107760729456696
I1222 14:28:02.866549 80812 naive_actor.cpp:25] actor 107760733650956 switch to &NaiveActor::HandlerNormal
I1222 14:28:02.866564 80807 runtime_context.cpp:29] DecreaseCounter constructing_actor_cnt, current val is 3074
I1222 14:28:02.866585 80805 copy_comm_net_actor.cpp:66] actor 106652772597779 switch to &CopyCommNetActor::HandlerNormal
I1222 14:28:02.866629 80804 runtime_context.cpp:29] DecreaseCounter constructing_actor_cnt, current val is 3073
I1222 14:28:02.866632 80812 thread.cpp:99] Thread 51384322 construct Actor kCopyHd 107760733650956
I1222 14:28:02.866688 80805 thread.cpp:99] Thread 50856005 construct Actor kCopyCommNet 106652772597779
I1222 14:28:02.866765 80812 runtime_context.cpp:29] DecreaseCounter constructing_actor_cnt, current val is 3072
I1222 14:28:02.866772 80808 naive_actor.cpp:25] actor 106652762112002 switch to &NaiveActor::HandlerNormal
I1222 14:28:02.866794 80807 naive_actor.cpp:25] actor 107760735748193 switch to &NaiveActor::HandlerNormal
I1222 14:28:02.866801 80805 runtime_context.cpp:29] DecreaseCounter constructing_actor_cnt, current val is 3071
I1222 14:28:02.866902 80812 naive_actor.cpp:25] actor 107760733650957 switch to &NaiveActor::HandlerNormal
I1222 14:28:02.866904 80808 thread.cpp:99] Thread 50856000 construct Actor kDstSubsetTick 106652762112002
I1222 14:28:02.867307 80807 thread.cpp:99] Thread 51384323 construct Actor kCollectiveBoxingGeneric 107760735748193
I1222 14:28:02.867372 80812 thread.cpp:99] Thread 51384322 construct Actor kCopyHd 107760733650957
I1222 14:28:02.867403 80805 copy_comm_net_actor.cpp:66] actor 106652772597770 switch to &CopyCommNetActor::HandlerNormal
I1222 14:28:02.867503 80805 thread.cpp:99] Thread 50856005 construct Actor kCopyCommNet 106652772597770
I1222 14:28:02.867460 80808 runtime_context.cpp:29] DecreaseCounter constructing_actor_cnt, current val is 3070
I1222 14:28:02.867465 80807 runtime_context.cpp:29] DecreaseCounter constructing_actor_cnt, current val is 3069
I1222 14:28:02.867489 80812 runtime_context.cpp:29] DecreaseCounter constructing_actor_cnt, current val is 3068
I1222 14:28:02.867408 80804 naive_actor.cpp:25] actor 107760729456670 switch to &NaiveActor::HandlerNormal
I1222 14:28:02.867544 80805 runtime_context.cpp:29] DecreaseCounter constructing_actor_cnt, current val is 3067
I1222 14:28:02.867718 80804 thread.cpp:99] Thread 51384320 construct Actor kNormalForward 107760729456670
I1222 14:28:02.867738 80807 naive_actor.cpp:25] actor 107760735748133 switch to &NaiveActor::HandlerNormal
I1222 14:28:02.867815 80805 copy_comm_net_actor.cpp:66] actor 106652772597783 switch to &CopyCommNetActor::HandlerNormal
I1222 14:28:02.867754 80812 naive_actor.cpp:25] actor 107760733650955 switch to &NaiveActor::HandlerNormal
I1222 14:28:02.867820 80804 runtime_context.cpp:29] DecreaseCounter constructing_actor_cnt, current val is 3066
I1222 14:28:02.867821 80807 thread.cpp:99] Thread 51384323 construct Actor kCollectiveBoxingGeneric 107760735748133
I1222 14:28:02.867847 80805 thread.cpp:99] Thread 50856005 construct Actor kCopyCommNet 106652772597783
I1222 14:28:02.867884 80812 thread.cpp:99] Thread 51384322 construct Actor kCopyHd 107760733650955
I1222 14:28:02.867952 80808 naive_actor.cpp:25] actor 106652762112008 switch to &NaiveActor::HandlerNormal
I1222 14:28:02.867962 80807 runtime_context.cpp:29] DecreaseCounter constructing_actor_cnt, current val is 3065
I1222 14:28:02.867982 80805 runtime_context.cpp:29] DecreaseCounter constructing_actor_cnt, current val is 3064
I1222 14:28:02.868026 80812 runtime_context.cpp:29] DecreaseCounter constructing_actor_cnt, current val is 3063
I1222 14:28:02.868060 80808 thread.cpp:99] Thread 50856000 construct Actor kSrcSubsetTick 106652762112008
I1222 14:28:02.868172 80805 copy_comm_net_actor.cpp:66] actor 106652772597769 switch to &CopyCommNetActor::HandlerNormal
I1222 14:28:02.868214 80805 thread.cpp:99] Thread 50856005 construct Actor kCopyCommNet 106652772597769
I1222 14:28:02.868211 80807 naive_actor.cpp:25] actor 107760735748128 switch to &NaiveActor::HandlerNormal
I1222 14:28:02.868212 80804 naive_actor.cpp:25] actor 107760729456656 switch to &NaiveActor::HandlerNormal
I1222 14:28:02.868221 80808 runtime_context.cpp:29] DecreaseCounter constructing_actor_cnt, current val is 3062
I1222 14:28:02.868247 80805 runtime_context.cpp:29] DecreaseCounter constructing_actor_cnt, current val is 3061
I1222 14:28:02.868257 80812 naive_actor.cpp:25] actor 107760733650945 switch to &NaiveActor::HandlerNormal
I1222 14:28:02.868278 80807 thread.cpp:99] Thread 51384323 construct Actor kCollectiveBoxingGeneric 107760735748128
I1222 14:28:02.868331 80804 thread.cpp:99] Thread 51384320 construct Actor kNormalForward 107760729456656
I1222 14:28:02.868494 80807 runtime_context.cpp:29] DecreaseCounter constructing_actor_cnt, current val is 3060
I1222 14:28:02.868460 80805 copy_comm_net_actor.cpp:66] actor 106652772597772 switch to &CopyCommNetActor::HandlerNormal
I1222 14:28:02.868430 80812 thread.cpp:99] Thread 51384322 construct Actor kCopyHd 107760733650945
I1222 14:28:02.868544 80804 runtime_context.cpp:29] DecreaseCounter constructing_actor_cnt, current val is 3059
I1222 14:28:02.868588 80805 thread.cpp:99] Thread 50856005 construct Actor kCopyCommNet 106652772597772
I1222 14:28:02.868655 80807 naive_actor.cpp:25] actor 107760735748204 switch to &NaiveActor::HandlerNormal
I1222 14:28:02.869001 80812 runtime_context.cpp:29] DecreaseCounter constructing_actor_cnt, current val is 3058
I1222 14:28:02.869046 80805 runtime_context.cpp:29] DecreaseCounter constructing_actor_cnt, current val is 3057
