Log file created at: 2021/12/22 14:33:21
Running on machine: cn2
Log line format: [IWEF]mmdd hh:mm:ss.uuuuuu threadid file:line] msg
I1222 14:33:21.881500 81504 global.h:36] NewGlobal N7oneflow7EnvDescE
I1222 14:33:21.883155 81504 global.h:36] NewGlobal N7oneflow10ProcessCtxE
I1222 14:33:21.883181 81504 env_global_objects_scope.cpp:157] using rpc backend: gRPC
I1222 14:33:21.883194 81504 global.h:36] NewGlobal N7oneflow10CtrlServerE
I1222 14:33:21.883970 81504 ctrl_server.cpp:40] CtrlServer listening on 0.0.0.0:39395
I1222 14:33:21.884092 81504 rank_info_bootstrap_server.cpp:47] RankInfoBootstrapServer listening on 0.0.0.0:38904
I1222 14:33:51.887444 81504 rpc_client.cpp:187] LoadServer cn1 Successful at 0 times
I1222 14:33:51.890235 81504 ctrl_bootstrap.cpp:77] 
ctrl_addr {
  host: "cn1"
  port: 38837
}
ctrl_addr {
  host: "172.16.0.11"
  port: 38913
}
ctrl_addr {
  host: "172.16.0.12"
  port: 35756
}
ctrl_addr {
  host: "172.16.0.12"
  port: 39395
}
rank: 3
node_size: 2
I1222 14:34:21.894012 81504 rpc_client.cpp:187] LoadServer cn1 Successful at 0 times
I1222 14:34:21.895081 81504 rpc_client.cpp:187] LoadServer 172.16.0.11 Successful at 0 times
I1222 14:34:21.895541 81504 rpc_client.cpp:187] LoadServer 172.16.0.12 Successful at 0 times
I1222 14:34:21.896462 81504 rpc_client.cpp:187] LoadServer 172.16.0.12 Successful at 0 times
I1222 14:34:21.910792 81504 global.h:36] NewGlobal N7oneflow12ResourceDescE
I1222 14:34:21.910861 81504 global.h:36] NewGlobal N7oneflow12ResourceDescE
I1222 14:34:21.917326 81504 net_ib_device_descriptor.cpp:110] Inactivate port: device mlx5_0 port 
I1222 14:34:21.920655 81504 net_ib_device_descriptor.cpp:110] Inactivate port: device mlx5_1 port 
I1222 14:34:21.927172 81504 net_ib_device_descriptor.cpp:110] Inactivate port: device mlx5_3 port 
I1222 14:34:22.085151 81504 global.h:36] NewGlobal N7oneflow2ep21DeviceManagerRegistryE
I1222 14:34:22.085191 81504 global.h:36] NewGlobal N7oneflow10ThreadPoolE
I1222 14:34:22.086653 81504 global.h:36] NewGlobal N7oneflow16EagerNcclCommMgrE
I1222 14:34:22.086673 81504 global.h:36] NewGlobal N7oneflow18CudnnConvAlgoCacheE
I1222 14:34:22.086683 81504 global.h:36] NewGlobal N7oneflow2vm19VirtualMachineScopeE
I1222 14:34:22.086699 81504 global.h:36] NewGlobal N7oneflow14VirtualMachineE
I1222 14:34:22.086954 81504 virtual_machine.cpp:80] transport stream type: N7oneflow2vm13CpuStreamTypeE
I1222 14:34:22.086969 81504 virtual_machine.cpp:80] transport stream type: N7oneflow2vm14CudaStreamTypeE
I1222 14:34:22.086978 81504 virtual_machine.cpp:80] transport stream type: N7oneflow2vm19AsyncCudaStreamTypeE
I1222 14:34:22.087083 81504 global.h:36] NewGlobal N7oneflow27EagerJobBuildAndInferCtxMgrE
I1222 14:34:22.087196 81504 global.h:36] NewGlobal N7oneflow12EpollCommNetE
I1222 14:34:22.087282 81504 epoll_comm_network.cpp:63] CommNet:Epoll listening on 0.0.0.0:42580
I1222 14:34:22.100668 81504 epoll_comm_network.cpp:197] machine 0 sockfd 60
I1222 14:34:22.100750 81504 epoll_comm_network.cpp:197] machine 1 sockfd 58
I1222 14:34:22.100781 81504 epoll_comm_network.cpp:197] machine 2 sockfd 62
I1222 14:34:22.100806 81504 epoll_comm_network.cpp:197] machine 3 sockfd -1
I1222 14:34:22.101013 81504 global.h:36] NewGlobal N7oneflow9TransportE
I1222 14:34:22.101267 81504 global.h:43] DeleteGlobal N7oneflow17ForeignLockHelperE
I1222 14:34:22.101598 81504 global.h:36] NewGlobal N7oneflow25MultiClientSessionContextE
I1222 14:34:29.837427 81504 version.cpp:22] OneFlow git version: v0.5.0-381-g3677dbf43-snapshot
I1222 14:34:29.837518 81504 cuda_device_manager_factory.cpp:63] CUDA runtime version: 11.1
I1222 14:34:29.837538 81504 cuda_device_manager_factory.cpp:72] cuDNN version: 8.0.5
I1222 14:34:29.837551 81504 cuda_device_manager_factory.cpp:85] NCCL version: 2.11.4
I1222 14:34:29.837594 81504 global.h:43] DeleteGlobal N7oneflow12ResourceDescE
I1222 14:34:29.837610 81504 global.h:36] NewGlobal N7oneflow12ResourceDescE
I1222 14:34:29.837621 81504 global.h:36] NewGlobal N7oneflow5IDMgrE
I1222 14:34:29.837632 81504 global.h:36] NewGlobal N7oneflow22TaskStreamIndexManagerE
I1222 14:34:29.837642 81504 global.h:36] NewGlobal N7oneflow26LazyJobBuildAndInferCtxMgrE
I1222 14:34:29.837781 81504 global.h:36] NewGlobal N7oneflow9BufferMgrISt10shared_ptrINS_11JobInstanceEEEE
I1222 14:34:29.838409 81504 global.h:36] NewGlobal N7oneflow9BufferMgrISt10shared_ptrINS_23CriticalSectionInstanceEEEE
I1222 14:34:29.838443 81504 global.h:36] NewGlobal N7oneflow10RuntimeCtxE
I1222 14:34:29.838474 81504 global.h:36] NewGlobal N7oneflow15MemoryAllocatorE
I1222 14:34:29.838500 81504 global.h:36] NewGlobal N7oneflow8ChunkMgrE
I1222 14:34:29.838541 81504 global.h:36] NewGlobal N7oneflow8RegstMgrE
I1222 14:34:29.838558 81504 global.h:36] NewGlobal N7oneflow11ActorMsgBusE
I1222 14:34:29.838572 81504 global.h:36] NewGlobal N7oneflow9ThreadMgrE
I1222 14:34:29.838588 81504 global.h:36] NewGlobal N7oneflow15RuntimeJobDescsE
I1222 14:34:29.838604 81504 global.h:36] NewGlobal N7oneflow7summary12EventsWriterE
I1222 14:34:29.838624 81504 global.h:36] NewGlobal N7oneflow6boxing10collective9SchedulerE
I1222 14:34:29.859238 81504 global.h:36] NewGlobal N7oneflow7JobDescE
I1222 14:34:29.889806 81714 eager_nccl_comm_manager.cpp:69]  EagerNcclCommMgr::ncclCommInitRank device_vec.size() = 2, nccl_unique_id = 0200ffffffe019ffffffac100a0b000000000000000000000000000000000000000000000000000000000000000000000000000000000000000000000000000000000000000000000000000000000000000000000000000000000000000000000000000000000000000000000000000000000000000000000000000000000000000000000000, rank = 1, key = {eager_nccl_unique_id_rpc_key,1:1,3:1}
I1222 14:34:31.512964 81504 global.h:43] DeleteGlobal N7oneflow7JobDescE
I1222 14:34:31.513137 81504 global.h:36] NewGlobal N7oneflow7JobDescE
I1222 14:34:38.950557 81504 global.h:43] DeleteGlobal N7oneflow7JobDescE
I1222 14:34:40.087808 81504 global.h:36] NewGlobal N7oneflow7JobDescE
I1222 14:34:56.854812 81504 runtime_context.cpp:21] NewCounter constructing_actor_cnt 2721
I1222 14:34:56.855720 81811 naive_actor.cpp:25] actor 107760729459088 switch to &NaiveActor::HandlerNormal
I1222 14:34:56.855842 81811 thread.cpp:99] Thread 51384320 construct Actor kDeviceTick 107760729459088
I1222 14:34:56.856367 81825 wait_and_send_ids_actor.cpp:53] actor 106652764209152 switch to &WaitAndSendIdsActor::HandlerWaitToStart
I1222 14:34:56.856453 81811 runtime_context.cpp:29] DecreaseCounter constructing_actor_cnt, current val is 2720
I1222 14:34:56.856529 81825 thread.cpp:99] Thread 50856001 construct Actor kWaitAndSendIds 106652764209152
I1222 14:34:56.856653 81825 runtime_context.cpp:29] DecreaseCounter constructing_actor_cnt, current val is 2719
I1222 14:34:56.856771 81811 naive_actor.cpp:25] actor 107760729459084 switch to &NaiveActor::HandlerNormal
I1222 14:34:56.856814 81811 thread.cpp:99] Thread 51384320 construct Actor kDeviceTick 107760729459084
I1222 14:34:56.856865 81811 runtime_context.cpp:29] DecreaseCounter constructing_actor_cnt, current val is 2718
I1222 14:34:56.857471 81811 naive_actor.cpp:25] actor 107760729459082 switch to &NaiveActor::HandlerNormal
I1222 14:34:56.857522 81811 thread.cpp:99] Thread 51384320 construct Actor kDeviceTick 107760729459082
I1222 14:34:56.857583 81811 runtime_context.cpp:29] DecreaseCounter constructing_actor_cnt, current val is 2717
I1222 14:34:56.857808 81811 naive_actor.cpp:25] actor 107760729459086 switch to &NaiveActor::HandlerNormal
I1222 14:34:56.857843 81811 thread.cpp:99] Thread 51384320 construct Actor kDeviceTick 107760729459086
I1222 14:34:56.857892 81811 runtime_context.cpp:29] DecreaseCounter constructing_actor_cnt, current val is 2716
I1222 14:34:56.920217 81808 naive_actor.cpp:25] actor 106652629991424 switch to &NaiveActor::HandlerNormal
I1222 14:34:56.920289 81809 naive_actor.cpp:25] actor 106652640477184 switch to &NaiveActor::HandlerNormal
I1222 14:34:56.920406 81808 thread.cpp:99] Thread 50855937 construct Actor kNormalForward 106652629991424
I1222 14:34:56.920424 81811 naive_actor.cpp:25] actor 107760729456652 switch to &NaiveActor::HandlerNormal
I1222 14:34:56.920435 81807 naive_actor.cpp:25] actor 106652638380032 switch to &NaiveActor::HandlerNormal
I1222 14:34:56.920542 81809 thread.cpp:99] Thread 50855942 construct Actor kNormalForward 106652640477184
I1222 14:34:56.920775 81821 naive_actor.cpp:25] actor 107760731553795 switch to &NaiveActor::HandlerNormal
I1222 14:34:56.920796 81815 naive_actor.cpp:25] actor 107760735748096 switch to &NaiveActor::HandlerNormal
I1222 14:34:56.920821 81804 naive_actor.cpp:25] actor 106652636282880 switch to &NaiveActor::HandlerNormal
I1222 14:34:56.920890 81811 thread.cpp:99] Thread 51384320 construct Actor kNormalForward 107760729456652
I1222 14:34:56.920917 81813 naive_actor.cpp:25] actor 107760733650961 switch to &NaiveActor::HandlerNormal
I1222 14:34:56.920958 81808 runtime_context.cpp:29] DecreaseCounter constructing_actor_cnt, current val is 2715
I1222 14:34:56.920996 81807 thread.cpp:99] Thread 50855941 construct Actor kNormalForward 106652638380032
I1222 14:34:56.921046 81806 naive_actor.cpp:25] actor 106652634185728 switch to &NaiveActor::HandlerNormal
I1222 14:34:56.921082 81818 sink_actor.cpp:21] actor 106652766306304 switch to &SinkActor::HandlerNormal
I1222 14:34:56.921133 81803 naive_actor.cpp:25] actor 106652632088576 switch to &NaiveActor::HandlerNormal
I1222 14:34:56.921175 81816 naive_actor.cpp:25] actor 106652762112004 switch to &NaiveActor::HandlerNormal
I1222 14:34:56.921197 81809 runtime_context.cpp:29] DecreaseCounter constructing_actor_cnt, current val is 2714
I1222 14:34:56.921247 81805 naive_actor.cpp:25] actor 106652627894272 switch to &NaiveActor::HandlerNormal
I1222 14:34:56.921290 81822 copy_comm_net_actor.cpp:66] actor 106652772597771 switch to &CopyCommNetActor::HandlerNormal
I1222 14:34:56.921316 81823 naive_actor.cpp:25] actor 106652768403456 switch to &NaiveActor::HandlerNormal
I1222 14:34:56.921326 81824 naive_actor.cpp:25] actor 106652644671488 switch to &NaiveActor::HandlerNormal
I1222 14:34:56.921416 81817 naive_actor.cpp:25] actor 106652642574336 switch to &NaiveActor::HandlerNormal
I1222 14:34:56.921730 81819 naive_actor.cpp:25] actor 106652770500608 switch to &NaiveActor::HandlerNormal
I1222 14:34:56.921937 81821 thread.cpp:99] Thread 51384321 construct Actor kCopyHd 107760731553795
I1222 14:34:56.921958 81815 thread.cpp:99] Thread 51384323 construct Actor kCopyHd 107760735748096
I1222 14:34:56.921996 81804 thread.cpp:99] Thread 50855940 construct Actor kNormalForward 106652636282880
I1222 14:34:56.922071 81813 thread.cpp:99] Thread 51384322 construct Actor kCollectiveBoxingGeneric 107760733650961
I1222 14:34:56.922091 81811 runtime_context.cpp:29] DecreaseCounter constructing_actor_cnt, current val is 2713
I1222 14:34:56.922194 81806 thread.cpp:99] Thread 50855939 construct Actor kNormalForward 106652634185728
I1222 14:34:56.922207 81807 runtime_context.cpp:29] DecreaseCounter constructing_actor_cnt, current val is 2712
I1222 14:34:56.922228 81818 thread.cpp:99] Thread 50856002 construct Actor kCallbackNotify 106652766306304
I1222 14:34:56.922273 81803 thread.cpp:99] Thread 50855938 construct Actor kNormalForward 106652632088576
I1222 14:34:56.922324 81816 thread.cpp:99] Thread 50856000 construct Actor kTick 106652762112004
I1222 14:34:56.922400 81805 thread.cpp:99] Thread 50855936 construct Actor kNormalForward 106652627894272
I1222 14:34:56.922552 81823 thread.cpp:99] Thread 50856003 construct Actor kCriticalSectionWaitTick 106652768403456
I1222 14:34:56.922588 81824 thread.cpp:99] Thread 50855944 construct Actor kNormalForward 106652644671488
I1222 14:34:56.923192 81823 runtime_context.cpp:29] DecreaseCounter constructing_actor_cnt, current val is 2702
I1222 14:34:56.923223 81824 runtime_context.cpp:29] DecreaseCounter constructing_actor_cnt, current val is 2701
I1222 14:34:56.922739 81819 thread.cpp:99] Thread 50856004 construct Actor kCriticalSectionWaitTick 106652770500608
I1222 14:34:56.922791 81821 runtime_context.cpp:29] DecreaseCounter constructing_actor_cnt, current val is 2711
I1222 14:34:56.922797 81815 runtime_context.cpp:29] DecreaseCounter constructing_actor_cnt, current val is 2710
I1222 14:34:56.922837 81804 runtime_context.cpp:29] DecreaseCounter constructing_actor_cnt, current val is 2709
I1222 14:34:56.922847 81813 runtime_context.cpp:29] DecreaseCounter constructing_actor_cnt, current val is 2708
I1222 14:34:56.922924 81806 runtime_context.cpp:29] DecreaseCounter constructing_actor_cnt, current val is 2707
I1222 14:34:56.923012 81818 runtime_context.cpp:29] DecreaseCounter constructing_actor_cnt, current val is 2706
I1222 14:34:56.923089 81803 runtime_context.cpp:29] DecreaseCounter constructing_actor_cnt, current val is 2705
I1222 14:34:56.923130 81816 runtime_context.cpp:29] DecreaseCounter constructing_actor_cnt, current val is 2704
I1222 14:34:56.923174 81805 runtime_context.cpp:29] DecreaseCounter constructing_actor_cnt, current val is 2703
I1222 14:34:56.922641 81817 thread.cpp:99] Thread 50855943 construct Actor kNormalForward 106652642574336
I1222 14:34:56.922727 81822 thread.cpp:99] Thread 50856005 construct Actor kCopyCommNet 106652772597771
I1222 14:34:56.923257 81811 naive_actor.cpp:25] actor 107760729456684 switch to &NaiveActor::HandlerNormal
I1222 14:34:56.924566 81822 runtime_context.cpp:29] DecreaseCounter constructing_actor_cnt, current val is 2698
I1222 14:34:56.923517 81821 naive_actor.cpp:25] actor 107760731553799 switch to &NaiveActor::HandlerNormal
I1222 14:34:56.924314 81813 naive_actor.cpp:25] actor 107760733651013 switch to &NaiveActor::HandlerNormal
I1222 14:34:56.924444 81817 runtime_context.cpp:29] DecreaseCounter constructing_actor_cnt, current val is 2699
I1222 14:34:56.923417 81819 runtime_context.cpp:29] DecreaseCounter constructing_actor_cnt, current val is 2700
I1222 14:34:56.924574 81811 thread.cpp:99] Thread 51384320 construct Actor kNormalForward 107760729456684
I1222 14:34:56.924691 81816 naive_actor.cpp:25] actor 106652762112006 switch to &NaiveActor::HandlerNormal
I1222 14:34:56.924989 81822 copy_comm_net_actor.cpp:66] actor 106652772597760 switch to &CopyCommNetActor::HandlerNormal
I1222 14:34:56.924778 81813 thread.cpp:99] Thread 51384322 construct Actor kCollectiveBoxingGeneric 107760733651013
I1222 14:34:56.925004 81811 runtime_context.cpp:29] DecreaseCounter constructing_actor_cnt, current val is 2697
I1222 14:34:56.924734 81821 thread.cpp:99] Thread 51384321 construct Actor kCopyHd 107760731553799
I1222 14:34:56.925020 81816 thread.cpp:99] Thread 50856000 construct Actor kSrcSubsetTick 106652762112006
I1222 14:34:56.925115 81822 thread.cpp:99] Thread 50856005 construct Actor kCopyCommNet 106652772597760
I1222 14:34:56.925169 81813 runtime_context.cpp:29] DecreaseCounter constructing_actor_cnt, current val is 2696
I1222 14:34:56.925249 81821 runtime_context.cpp:29] DecreaseCounter constructing_actor_cnt, current val is 2695
I1222 14:34:56.925325 81816 runtime_context.cpp:29] DecreaseCounter constructing_actor_cnt, current val is 2694
I1222 14:34:56.925406 81822 runtime_context.cpp:29] DecreaseCounter constructing_actor_cnt, current val is 2693
I1222 14:34:56.925537 81813 naive_actor.cpp:25] actor 107760733650972 switch to &NaiveActor::HandlerNormal
I1222 14:34:56.925565 81821 naive_actor.cpp:25] actor 107760731553797 switch to &NaiveActor::HandlerNormal
I1222 14:34:56.925626 81813 thread.cpp:99] Thread 51384322 construct Actor kCollectiveBoxingGeneric 107760733650972
I1222 14:34:56.925673 81821 thread.cpp:99] Thread 51384321 construct Actor kCopyHd 107760731553797
I1222 14:34:56.925724 81813 runtime_context.cpp:29] DecreaseCounter constructing_actor_cnt, current val is 2692
I1222 14:34:56.925750 81816 naive_actor.cpp:25] actor 106652762112001 switch to &NaiveActor::HandlerNormal
I1222 14:34:56.925770 81821 runtime_context.cpp:29] DecreaseCounter constructing_actor_cnt, current val is 2691
I1222 14:34:56.925823 81822 copy_comm_net_actor.cpp:66] actor 106652772597769 switch to &CopyCommNetActor::HandlerNormal
I1222 14:34:56.925850 81816 thread.cpp:99] Thread 50856000 construct Actor kTick 106652762112001
I1222 14:34:56.925906 81813 naive_actor.cpp:25] actor 107760733651029 switch to &NaiveActor::HandlerNormal
I1222 14:34:56.926048 81816 runtime_context.cpp:29] DecreaseCounter constructing_actor_cnt, current val is 2690
I1222 14:34:56.925992 81821 naive_actor.cpp:25] actor 107760731553793 switch to &NaiveActor::HandlerNormal
I1222 14:34:56.925989 81811 naive_actor.cpp:25] actor 107760729456716 switch to &NaiveActor::HandlerNormal
I1222 14:34:56.926051 81813 thread.cpp:99] Thread 51384322 construct Actor kCollectiveBoxingGeneric 107760733651029
I1222 14:34:56.925981 81822 thread.cpp:99] Thread 50856005 construct Actor kCopyCommNet 106652772597769
I1222 14:34:56.926204 81821 thread.cpp:99] Thread 51384321 construct Actor kCopyHd 107760731553793
I1222 14:34:56.926424 81816 naive_actor.cpp:25] actor 106652762112000 switch to &NaiveActor::HandlerNormal
I1222 14:34:56.926851 81811 thread.cpp:99] Thread 51384320 construct Actor kNormalForward 107760729456716
I1222 14:34:56.926896 81813 runtime_context.cpp:29] DecreaseCounter constructing_actor_cnt, current val is 2689
I1222 14:34:56.926991 81822 runtime_context.cpp:29] DecreaseCounter constructing_actor_cnt, current val is 2688
I1222 14:34:56.927006 81821 runtime_context.cpp:29] DecreaseCounter constructing_actor_cnt, current val is 2687
I1222 14:34:56.927048 81816 thread.cpp:99] Thread 50856000 construct Actor kSrcSubsetTick 106652762112000
I1222 14:34:56.927134 81811 runtime_context.cpp:29] DecreaseCounter constructing_actor_cnt, current val is 2686
I1222 14:34:56.927234 81813 naive_actor.cpp:25] actor 107760733651021 switch to &NaiveActor::HandlerNormal
I1222 14:34:56.927321 81816 runtime_context.cpp:29] DecreaseCounter constructing_actor_cnt, current val is 2685
I1222 14:34:56.927376 81813 thread.cpp:99] Thread 51384322 construct Actor kCollectiveBoxingGeneric 107760733651021
I1222 14:34:56.927438 81822 copy_comm_net_actor.cpp:66] actor 106652772597781 switch to &CopyCommNetActor::HandlerNormal
I1222 14:34:56.927484 81813 runtime_context.cpp:29] DecreaseCounter constructing_actor_cnt, current val is 2684
I1222 14:34:56.927552 81821 naive_actor.cpp:25] actor 107760731553800 switch to &NaiveActor::HandlerNormal
I1222 14:34:56.927651 81821 thread.cpp:99] Thread 51384321 construct Actor kCopyHd 107760731553800
I1222 14:34:56.927558 81822 thread.cpp:99] Thread 50856005 construct Actor kCopyCommNet 106652772597781
I1222 14:34:56.927670 81811 naive_actor.cpp:25] actor 107760729456748 switch to &NaiveActor::HandlerNormal
I1222 14:34:56.927711 81813 naive_actor.cpp:25] actor 107760733651070 switch to &NaiveActor::HandlerNormal
I1222 14:34:56.927714 81821 runtime_context.cpp:29] DecreaseCounter constructing_actor_cnt, current val is 2683
I1222 14:34:56.927901 81816 naive_actor.cpp:25] actor 106652762112002 switch to &NaiveActor::HandlerNormal
I1222 14:34:56.927829 81811 thread.cpp:99] Thread 51384320 construct Actor kNormalForward 107760729456748
I1222 14:34:56.927868 81813 thread.cpp:99] Thread 51384322 construct Actor kCollectiveBoxingGeneric 107760733651070
I1222 14:34:56.928037 81821 naive_actor.cpp:25] actor 107760731553803 switch to &NaiveActor::HandlerNormal
I1222 14:34:56.927961 81816 thread.cpp:99] Thread 50856000 construct Actor kDstSubsetTick 106652762112002
I1222 14:34:56.927801 81822 runtime_context.cpp:29] DecreaseCounter constructing_actor_cnt, current val is 2682
I1222 14:34:56.928045 81811 runtime_context.cpp:29] DecreaseCounter constructing_actor_cnt, current val is 2681
I1222 14:34:56.928053 81813 runtime_context.cpp:29] DecreaseCounter constructing_actor_cnt, current val is 2680
I1222 14:34:56.928081 81821 thread.cpp:99] Thread 51384321 construct Actor kCopyHd 107760731553803
I1222 14:34:56.928167 81816 runtime_context.cpp:29] DecreaseCounter constructing_actor_cnt, current val is 2679
I1222 14:34:56.928344 81821 runtime_context.cpp:29] DecreaseCounter constructing_actor_cnt, current val is 2678
I1222 14:34:56.928408 81813 naive_actor.cpp:25] actor 107760733651036 switch to &NaiveActor::HandlerNormal
I1222 14:34:56.928462 81813 thread.cpp:99] Thread 51384322 construct Actor kCollectiveBoxingGeneric 107760733651036
I1222 14:34:56.928426 81822 copy_comm_net_actor.cpp:66] actor 106652772597770 switch to &CopyCommNetActor::HandlerNormal
I1222 14:34:56.928529 81813 runtime_context.cpp:29] DecreaseCounter constructing_actor_cnt, current val is 2677
I1222 14:34:56.928540 81821 naive_actor.cpp:25] actor 107760731553792 switch to &NaiveActor::HandlerNormal
I1222 14:34:56.929280 81821 thread.cpp:99] Thread 51384321 construct Actor kCopyHd 107760731553792
I1222 14:34:56.928638 81816 naive_actor.cpp:25] actor 106652762112005 switch to &NaiveActor::HandlerNormal
I1222 14:34:56.928795 81813 naive_actor.cpp:25] actor 107760733651089 switch to &NaiveActor::HandlerNormal
I1222 14:34:56.928964 81811 naive_actor.cpp:25] actor 107760729456643 switch to &NaiveActor::HandlerNormal
I1222 14:34:56.928592 81822 thread.cpp:99] Thread 50856005 construct Actor kCopyCommNet 106652772597770
I1222 14:34:56.929333 81821 runtime_context.cpp:29] DecreaseCounter constructing_actor_cnt, current val is 2676
I1222 14:34:56.929378 81816 thread.cpp:99] Thread 50856000 construct Actor kTick 106652762112005
I1222 14:34:56.929414 81813 thread.cpp:99] Thread 51384322 construct Actor kCollectiveBoxingGeneric 107760733651089
I1222 14:34:56.929661 81816 runtime_context.cpp:29] DecreaseCounter constructing_actor_cnt, current val is 2674
I1222 14:34:56.929699 81821 naive_actor.cpp:25] actor 107760731553796 switch to &NaiveActor::HandlerNormal
I1222 14:34:56.929471 81811 thread.cpp:99] Thread 51384320 construct Actor kNormalForward 107760729456643
I1222 14:34:56.929684 81813 runtime_context.cpp:29] DecreaseCounter constructing_actor_cnt, current val is 2673
I1222 14:34:56.929585 81822 runtime_context.cpp:29] DecreaseCounter constructing_actor_cnt, current val is 2675
I1222 14:34:56.929749 81821 thread.cpp:99] Thread 51384321 construct Actor kCopyHd 107760731553796
I1222 14:34:56.929853 81811 runtime_context.cpp:29] DecreaseCounter constructing_actor_cnt, current val is 2672
I1222 14:34:56.929955 81813 naive_actor.cpp:25] actor 107760733650953 switch to &NaiveActor::HandlerNormal
I1222 14:34:56.929958 81821 runtime_context.cpp:29] DecreaseCounter constructing_actor_cnt, current val is 2671
I1222 14:34:56.930029 81813 thread.cpp:99] Thread 51384322 construct Actor kCollectiveBoxingGeneric 107760733650953
I1222 14:34:56.930069 81816 naive_actor.cpp:25] actor 106652762112009 switch to &NaiveActor::HandlerNormal
I1222 14:34:56.930115 81822 copy_comm_net_actor.cpp:66] actor 106652772597764 switch to &CopyCommNetActor::HandlerNormal
I1222 14:34:56.930115 81813 runtime_context.cpp:29] DecreaseCounter constructing_actor_cnt, current val is 2670
I1222 14:34:56.930161 81816 thread.cpp:99] Thread 50856000 construct Actor kDstSubsetTick 106652762112009
I1222 14:34:56.930172 81821 naive_actor.cpp:25] actor 107760731553807 switch to &NaiveActor::HandlerNormal
I1222 14:34:56.930364 81821 thread.cpp:99] Thread 51384321 construct Actor kCopyHd 107760731553807
I1222 14:34:56.930244 81822 thread.cpp:99] Thread 50856005 construct Actor kCopyCommNet 106652772597764
I1222 14:34:56.930375 81816 runtime_context.cpp:29] DecreaseCounter constructing_actor_cnt, current val is 2669
I1222 14:34:56.930400 81813 naive_actor.cpp:25] actor 107760733650981 switch to &NaiveActor::HandlerNormal
I1222 14:34:56.930411 81821 runtime_context.cpp:29] DecreaseCounter constructing_actor_cnt, current val is 2668
I1222 14:34:56.930501 81822 runtime_context.cpp:29] DecreaseCounter constructing_actor_cnt, current val is 2667
I1222 14:34:56.930552 81813 thread.cpp:99] Thread 51384322 construct Actor kCollectiveBoxingGeneric 107760733650981
I1222 14:34:56.930696 81821 naive_actor.cpp:25] actor 107760731553806 switch to &NaiveActor::HandlerNormal
I1222 14:34:56.930706 81813 runtime_context.cpp:29] DecreaseCounter constructing_actor_cnt, current val is 2666
I1222 14:34:56.930747 81821 thread.cpp:99] Thread 51384321 construct Actor kCopyHd 107760731553806
I1222 14:34:56.930799 81811 naive_actor.cpp:25] actor 107760729456780 switch to &NaiveActor::HandlerNormal
I1222 14:34:56.930876 81816 naive_actor.cpp:25] actor 106652762112008 switch to &NaiveActor::HandlerNormal
I1222 14:34:56.930932 81813 naive_actor.cpp:25] actor 107760733650946 switch to &NaiveActor::HandlerNormal
I1222 14:34:56.930886 81811 thread.cpp:99] Thread 51384320 construct Actor kNormalForward 107760729456780
I1222 14:34:56.930896 81822 copy_comm_net_actor.cpp:66] actor 106652772597772 switch to &CopyCommNetActor::HandlerNormal
I1222 14:34:56.930842 81821 runtime_context.cpp:29] DecreaseCounter constructing_actor_cnt, current val is 2665
I1222 14:34:56.930938 81816 thread.cpp:99] Thread 50856000 construct Actor kSrcSubsetTick 106652762112008
I1222 14:34:56.930967 81813 thread.cpp:99] Thread 51384322 construct Actor kCollectiveBoxingGeneric 107760733650946
I1222 14:34:56.931094 81811 runtime_context.cpp:29] DecreaseCounter constructing_actor_cnt, current val is 2664
I1222 14:34:56.931763 81822 thread.cpp:99] Thread 50856005 construct Actor kCopyCommNet 106652772597772
I1222 14:34:56.931881 81816 runtime_context.cpp:29] DecreaseCounter constructing_actor_cnt, current val is 2663
I1222 14:34:56.931902 81813 runtime_context.cpp:29] DecreaseCounter constructing_actor_cnt, current val is 2662
I1222 14:34:56.931924 81821 naive_actor.cpp:25] actor 107760731553798 switch to &NaiveActor::HandlerNormal
I1222 14:34:56.932035 81822 runtime_context.cpp:29] DecreaseCounter constructing_actor_cnt, current val is 2661
I1222 14:34:56.932125 81821 thread.cpp:99] Thread 51384321 construct Actor kCopyHd 107760731553798
I1222 14:34:56.932216 81813 naive_actor.cpp:25] actor 107760733650950 switch to &NaiveActor::HandlerNormal
I1222 14:34:56.932255 81821 runtime_context.cpp:29] DecreaseCounter constructing_actor_cnt, current val is 2660
I1222 14:34:56.932281 81813 thread.cpp:99] Thread 51384322 construct Actor kCollectiveBoxingGeneric 107760733650950
I1222 14:34:56.932320 81816 naive_actor.cpp:25] actor 106652762112007 switch to &NaiveActor::HandlerNormal
I1222 14:34:56.932375 81813 runtime_context.cpp:29] DecreaseCounter constructing_actor_cnt, current val is 2659
I1222 14:34:56.932411 81816 thread.cpp:99] Thread 50856000 construct Actor kDstSubsetTick 106652762112007
I1222 14:34:56.932415 81822 copy_comm_net_actor.cpp:66] actor 106652772597766 switch to &CopyCommNetActor::HandlerNormal
I1222 14:34:56.932436 81821 naive_actor.cpp:25] actor 107760731553802 switch to &NaiveActor::HandlerNormal
I1222 14:34:56.932547 81816 runtime_context.cpp:29] DecreaseCounter constructing_actor_cnt, current val is 2658
I1222 14:34:56.932590 81822 thread.cpp:99] Thread 50856005 construct Actor kCopyCommNet 106652772597766
I1222 14:34:56.932597 81813 naive_actor.cpp:25] actor 107760733651127 switch to &NaiveActor::HandlerNormal
I1222 14:34:56.932634 81821 thread.cpp:99] Thread 51384321 construct Actor kCopyHd 107760731553802
I1222 14:34:56.932763 81822 runtime_context.cpp:29] DecreaseCounter constructing_actor_cnt, current val is 2657
I1222 14:34:56.932768 81813 thread.cpp:99] Thread 51384322 construct Actor kCollectiveBoxingGeneric 107760733651127
I1222 14:34:56.932824 81821 runtime_context.cpp:29] DecreaseCounter constructing_actor_cnt, current val is 2656
I1222 14:34:56.932850 81811 naive_actor.cpp:25] actor 107760729456651 switch to &NaiveActor::HandlerNormal
I1222 14:34:56.932925 81816 naive_actor.cpp:25] actor 106652762112003 switch to &NaiveActor::HandlerNormal
I1222 14:34:56.933081 81821 naive_actor.cpp:25] actor 107760731553805 switch to &NaiveActor::HandlerNormal
I1222 14:34:56.933107 81822 copy_comm_net_actor.cpp:66] actor 106652772597765 switch to &CopyCommNetActor::HandlerNormal
I1222 14:34:56.932941 81813 runtime_context.cpp:29] DecreaseCounter constructing_actor_cnt, current val is 2655
I1222 14:34:56.933090 81816 thread.cpp:99] Thread 50856000 construct Actor kTick 106652762112003
I1222 14:34:56.933035 81811 thread.cpp:99] Thread 51384320 construct Actor kNormalForward 107760729456651
I1222 14:34:56.933133 81821 thread.cpp:99] Thread 51384321 construct Actor kCopyHd 107760731553805
I1222 14:34:56.933207 81822 thread.cpp:99] Thread 50856005 construct Actor kCopyCommNet 106652772597765
I1222 14:34:56.933319 81816 runtime_context.cpp:29] DecreaseCounter constructing_actor_cnt, current val is 2654
I1222 14:34:56.933473 81822 runtime_context.cpp:29] DecreaseCounter constructing_actor_cnt, current val is 2651
I1222 14:34:56.933387 81811 runtime_context.cpp:29] DecreaseCounter constructing_actor_cnt, current val is 2653
I1222 14:34:56.933395 81821 runtime_context.cpp:29] DecreaseCounter constructing_actor_cnt, current val is 2652
I1222 14:34:56.933364 81813 naive_actor.cpp:25] actor 107760733651006 switch to &NaiveActor::HandlerNormal
I1222 14:34:56.933780 81813 thread.cpp:99] Thread 51384322 construct Actor kCollectiveBoxingGeneric 107760733651006
I1222 14:34:56.933832 81813 runtime_context.cpp:29] DecreaseCounter constructing_actor_cnt, current val is 2650
I1222 14:34:56.933861 81821 naive_actor.cpp:25] actor 107760731553794 switch to &NaiveActor::HandlerNormal
I1222 14:34:56.933920 81821 thread.cpp:99] Thread 51384321 construct Actor kCopyHd 107760731553794
I1222 14:34:56.933866 81822 copy_comm_net_actor.cpp:66] actor 106652772597762 switch to &CopyCommNetActor::HandlerNormal
I1222 14:34:56.933974 81821 runtime_context.cpp:29] DecreaseCounter constructing_actor_cnt, current val is 2649
I1222 14:34:56.933992 81813 naive_actor.cpp:25] actor 107760733650975 switch to &NaiveActor::HandlerNormal
I1222 14:34:56.934149 81813 thread.cpp:99] Thread 51384322 construct Actor kCollectiveBoxingGeneric 107760733650975
I1222 14:34:56.934056 81822 thread.cpp:99] Thread 50856005 construct Actor kCopyCommNet 106652772597762
I1222 14:34:56.934197 81813 runtime_context.cpp:29] DecreaseCounter constructing_actor_cnt, current val is 2648
I1222 14:34:56.934217 81821 naive_actor.cpp:25] actor 107760731553801 switch to &NaiveActor::HandlerNormal
I1222 14:34:56.934357 81821 thread.cpp:99] Thread 51384321 construct Actor kCopyHd 107760731553801
I1222 14:34:56.934285 81822 runtime_context.cpp:29] DecreaseCounter constructing_actor_cnt, current val is 2647
I1222 14:34:56.934406 81821 runtime_context.cpp:29] DecreaseCounter constructing_actor_cnt, current val is 2646
I1222 14:34:56.934463 81813 naive_actor.cpp:25] actor 107760733650945 switch to &NaiveActor::HandlerNormal
I1222 14:34:56.934556 81813 thread.cpp:99] Thread 51384322 construct Actor kCollectiveBoxingGeneric 107760733650945
I1222 14:34:56.934476 81811 naive_actor.cpp:25] actor 107760729456658 switch to &NaiveActor::HandlerNormal
I1222 14:34:56.934607 81813 runtime_context.cpp:29] DecreaseCounter constructing_actor_cnt, current val is 2645
I1222 14:34:56.934624 81821 naive_actor.cpp:25] actor 107760731553808 switch to &NaiveActor::HandlerNormal
I1222 14:34:56.934767 81821 thread.cpp:99] Thread 51384321 construct Actor kCopyHd 107760731553808
I1222 14:34:56.934693 81811 thread.cpp:99] Thread 51384320 construct Actor kNormalForward 107760729456658
I1222 14:34:56.934672 81822 copy_comm_net_actor.cpp:66] actor 106652772597761 switch to &CopyCommNetActor::HandlerNormal
I1222 14:34:56.934815 81821 runtime_context.cpp:29] DecreaseCounter constructing_actor_cnt, current val is 2644
I1222 14:34:56.934839 81813 naive_actor.cpp:25] actor 107760733651120 switch to &NaiveActor::HandlerNormal
I1222 14:34:56.934993 81813 thread.cpp:99] Thread 51384322 construct Actor kCollectiveBoxingGeneric 107760733651120
I1222 14:34:56.934934 81811 runtime_context.cpp:29] DecreaseCounter constructing_actor_cnt, current val is 2643
I1222 14:34:56.934927 81822 thread.cpp:99] Thread 50856005 construct Actor kCopyCommNet 106652772597761
I1222 14:34:56.935037 81813 runtime_context.cpp:29] DecreaseCounter constructing_actor_cnt, current val is 2642
I1222 14:34:56.935168 81822 runtime_context.cpp:29] DecreaseCounter constructing_actor_cnt, current val is 2641
I1222 14:34:56.935073 81821 naive_actor.cpp:25] actor 107760731553804 switch to &NaiveActor::HandlerNormal
I1222 14:34:56.935285 81821 thread.cpp:99] Thread 51384321 construct Actor kCopyHd 107760731553804
I1222 14:34:56.935285 81813 naive_actor.cpp:25] actor 107760733650969 switch to &NaiveActor::HandlerNormal
I1222 14:34:56.935346 81821 runtime_context.cpp:29] DecreaseCounter constructing_actor_cnt, current val is 2640
I1222 14:34:56.935369 81813 thread.cpp:99] Thread 51384322 construct Actor kCollectiveBoxingGeneric 107760733650969
I1222 14:34:56.935442 81813 runtime_context.cpp:29] DecreaseCounter constructing_actor_cnt, current val is 2639
I1222 14:34:56.935438 81822 copy_comm_net_actor.cpp:66] actor 106652772597768 switch to &CopyCommNetActor::HandlerNormal
I1222 14:34:56.935596 81811 naive_actor.cpp:25] actor 107760729456675 switch to &NaiveActor::HandlerNormal
I1222 14:34:56.935652 81813 naive_actor.cpp:25] actor 107760733651026 switch to &NaiveActor::HandlerNormal
I1222 14:34:56.936460 81813 thread.cpp:99] Thread 51384322 construct Actor kCollectiveBoxingGeneric 107760733651026
I1222 14:34:56.936434 81811 thread.cpp:99] Thread 51384320 construct Actor kNormalForward 107760729456675
I1222 14:34:56.936354 81822 thread.cpp:99] Thread 50856005 construct Actor kCopyCommNet 106652772597768
I1222 14:34:56.936494 81813 runtime_context.cpp:29] DecreaseCounter constructing_actor_cnt, current val is 2638
I1222 14:34:56.936594 81811 runtime_context.cpp:29] DecreaseCounter constructing_actor_cnt, current val is 2637
I1222 14:34:56.936620 81822 runtime_context.cpp:29] DecreaseCounter constructing_actor_cnt, current val is 2636
I1222 14:34:56.936735 81813 naive_actor.cpp:25] actor 107760733651001 switch to &NaiveActor::HandlerNormal
I1222 14:34:56.936779 81813 thread.cpp:99] Thread 51384322 construct Actor kCollectiveBoxingGeneric 107760733651001
I1222 14:34:56.936836 81813 runtime_context.cpp:29] DecreaseCounter constructing_actor_cnt, current val is 2635
I1222 14:34:56.936962 81822 copy_comm_net_actor.cpp:66] actor 106652772597767 switch to &CopyCommNetActor::HandlerNormal
I1222 14:34:56.936987 81813 naive_actor.cpp:25] actor 107760733650973 switch to &NaiveActor::HandlerNormal
I1222 14:34:56.937093 81813 thread.cpp:99] Thread 51384322 construct Actor kCollectiveBoxingGeneric 107760733650973
I1222 14:34:56.937053 81822 thread.cpp:99] Thread 50856005 construct Actor kCopyCommNet 106652772597767
I1222 14:34:56.937129 81813 runtime_context.cpp:29] DecreaseCounter constructing_actor_cnt, current val is 2634
I1222 14:34:56.937201 81822 runtime_context.cpp:29] DecreaseCounter constructing_actor_cnt, current val is 2633
I1222 14:34:56.937325 81813 naive_actor.cpp:25] actor 107760733650999 switch to &NaiveActor::HandlerNormal
I1222 14:34:56.937372 81813 thread.cpp:99] Thread 51384322 construct Actor kCollectiveBoxingGeneric 107760733650999
I1222 14:34:56.937414 81813 runtime_context.cpp:29] DecreaseCounter constructing_actor_cnt, current val is 2632
I1222 14:34:56.937480 81822 copy_comm_net_actor.cpp:66] actor 106652772597773 switch to &CopyCommNetActor::HandlerNormal
I1222 14:34:56.937567 81813 naive_actor.cpp:25] actor 107760733651134 switch to &NaiveActor::HandlerNormal
I1222 14:34:56.937628 81813 thread.cpp:99] Thread 51384322 construct Actor kCollectiveBoxingGeneric 107760733651134
I1222 14:34:56.937588 81822 thread.cpp:99] Thread 50856005 construct Actor kCopyCommNet 106652772597773
I1222 14:34:56.937672 81813 runtime_context.cpp:29] DecreaseCounter constructing_actor_cnt, current val is 2631
I1222 14:34:56.937764 81822 runtime_context.cpp:29] DecreaseCounter constructing_actor_cnt, current val is 2630
I1222 14:34:56.937875 81813 naive_actor.cpp:25] actor 107760733650956 switch to &NaiveActor::HandlerNormal
I1222 14:34:56.937922 81813 thread.cpp:99] Thread 51384322 construct Actor kCollectiveBoxingGeneric 107760733650956
I1222 14:34:56.937990 81813 runtime_context.cpp:29] DecreaseCounter constructing_actor_cnt, current val is 2629
I1222 14:34:56.938056 81811 naive_actor.cpp:25] actor 107760729456649 switch to &NaiveActor::HandlerNormal
I1222 14:34:56.938062 81822 copy_comm_net_actor.cpp:66] actor 106652772597779 switch to &CopyCommNetActor::HandlerNormal
I1222 14:34:56.938130 81813 naive_actor.cpp:25] actor 107760733651023 switch to &NaiveActor::HandlerNormal
I1222 14:34:56.938163 81811 thread.cpp:99] Thread 51384320 construct Actor kNormalForward 107760729456649
I1222 14:34:56.938226 81822 thread.cpp:99] Thread 50856005 construct Actor kCopyCommNet 106652772597779
I1222 14:34:56.938256 81813 thread.cpp:99] Thread 51384322 construct Actor kCollectiveBoxingGeneric 107760733651023
I1222 14:34:56.938375 81811 runtime_context.cpp:29] DecreaseCounter constructing_actor_cnt, current val is 2628
I1222 14:34:56.938395 81813 runtime_context.cpp:29] DecreaseCounter constructing_actor_cnt, current val is 2627
I1222 14:34:56.938400 81822 runtime_context.cpp:29] DecreaseCounter constructing_actor_cnt, current val is 2626
I1222 14:34:56.939265 81813 naive_actor.cpp:25] actor 107760733650974 switch to &NaiveActor::HandlerNormal
I1222 14:34:56.939316 81813 thread.cpp:99] Thread 51384322 construct Actor kCollectiveBoxingGeneric 107760733650974
I1222 14:34:56.939363 81813 runtime_context.cpp:29] DecreaseCounter constructing_actor_cnt, current val is 2625
I1222 14:34:56.939421 81822 copy_comm_net_actor.cpp:66] actor 106652772597763 switch to &CopyCommNetActor::HandlerNormal
I1222 14:34:56.939502 81813 naive_actor.cpp:25] actor 107760733651000 switch to &NaiveActor::HandlerNormal
I1222 14:34:56.939559 81813 thread.cpp:99] Thread 51384322 construct Actor kCollectiveBoxingGeneric 107760733651000
I1222 14:34:56.939522 81822 thread.cpp:99] Thread 50856005 construct Actor kCopyCommNet 106652772597763
I1222 14:34:56.939596 81813 runtime_context.cpp:29] DecreaseCounter constructing_actor_cnt, current val is 2624
I1222 14:34:56.939671 81822 runtime_context.cpp:29] DecreaseCounter constructing_actor_cnt, current val is 2623
I1222 14:34:56.939786 81813 naive_actor.cpp:25] actor 107760733651022 switch to &NaiveActor::HandlerNormal
I1222 14:34:56.939796 81811 naive_actor.cpp:25] actor 107760729456657 switch to &NaiveActor::HandlerNormal
I1222 14:34:56.939837 81813 thread.cpp:99] Thread 51384322 construct Actor kCollectiveBoxingGeneric 107760733651022
I1222 14:34:56.939910 81811 thread.cpp:99] Thread 51384320 construct Actor kNormalForward 107760729456657
I1222 14:34:56.939942 81813 runtime_context.cpp:29] DecreaseCounter constructing_actor_cnt, current val is 2622
I1222 14:34:56.939939 81822 copy_comm_net_actor.cpp:66] actor 106652772597775 switch to &CopyCommNetActor::HandlerNormal
I1222 14:34:56.940058 81811 runtime_context.cpp:29] DecreaseCounter constructing_actor_cnt, current val is 2621
I1222 14:34:56.940096 81822 thread.cpp:99] Thread 50856005 construct Actor kCopyCommNet 106652772597775
I1222 14:34:56.940132 81813 naive_actor.cpp:25] actor 107760733651020 switch to &NaiveActor::HandlerNormal
I1222 14:34:56.940239 81822 runtime_context.cpp:29] DecreaseCounter constructing_actor_cnt, current val is 2620
I1222 14:34:56.940248 81813 thread.cpp:99] Thread 51384322 construct Actor kCollectiveBoxingGeneric 107760733651020
I1222 14:34:56.940359 81813 runtime_context.cpp:29] DecreaseCounter constructing_actor_cnt, current val is 2619
I1222 14:34:56.940542 81813 naive_actor.cpp:25] actor 107760733651009 switch to &NaiveActor::HandlerNormal
I1222 14:34:56.940593 81813 thread.cpp:99] Thread 51384322 construct Actor kCollectiveBoxingGeneric 107760733651009
I1222 14:34:56.940542 81822 copy_comm_net_actor.cpp:66] actor 106652772597776 switch to &CopyCommNetActor::HandlerNormal
I1222 14:34:56.940595 81811 naive_actor.cpp:25] actor 107760729456689 switch to &NaiveActor::HandlerNormal
I1222 14:34:56.940649 81813 runtime_context.cpp:29] DecreaseCounter constructing_actor_cnt, current val is 2618
I1222 14:34:56.940711 81822 thread.cpp:99] Thread 50856005 construct Actor kCopyCommNet 106652772597776
I1222 14:34:56.940773 81811 thread.cpp:99] Thread 51384320 construct Actor kNormalForward 107760729456689
I1222 14:34:56.940920 81813 naive_actor.cpp:25] actor 107760733651025 switch to &NaiveActor::HandlerNormal
I1222 14:34:56.940953 81813 thread.cpp:99] Thread 51384322 construct Actor kCollectiveBoxingGeneric 107760733651025
I1222 14:34:56.940896 81822 runtime_context.cpp:29] DecreaseCounter constructing_actor_cnt, current val is 2617
I1222 14:34:56.940987 81811 runtime_context.cpp:29] DecreaseCounter constructing_actor_cnt, current val is 2616
I1222 14:34:56.940997 81813 runtime_context.cpp:29] DecreaseCounter constructing_actor_cnt, current val is 2615
I1222 14:34:56.941247 81813 naive_actor.cpp:25] actor 107760733651050 switch to &NaiveActor::HandlerNormal
I1222 14:34:56.941339 81813 thread.cpp:99] Thread 51384322 construct Actor kCollectiveBoxingGeneric 107760733651050
I1222 14:34:56.941248 81822 copy_comm_net_actor.cpp:66] actor 106652772597778 switch to &CopyCommNetActor::HandlerNormal
I1222 14:34:56.941908 81813 runtime_context.cpp:29] DecreaseCounter constructing_actor_cnt, current val is 2614
I1222 14:34:56.941959 81822 thread.cpp:99] Thread 50856005 construct Actor kCopyCommNet 106652772597778
I1222 14:34:56.942098 81822 runtime_context.cpp:29] DecreaseCounter constructing_actor_cnt, current val is 2613
I1222 14:34:56.942126 81813 naive_actor.cpp:25] actor 107760733650962 switch to &NaiveActor::HandlerNormal
I1222 14:34:56.942142 81811 naive_actor.cpp:25] actor 107760729456645 switch to &NaiveActor::HandlerNormal
I1222 14:34:56.942206 81813 thread.cpp:99] Thread 51384322 construct Actor kCollectiveBoxingGeneric 107760733650962
I1222 14:34:56.942294 81811 thread.cpp:99] Thread 51384320 construct Actor kNormalForward 107760729456645
I1222 14:34:56.942327 81813 runtime_context.cpp:29] DecreaseCounter constructing_actor_cnt, current val is 2612
I1222 14:34:56.942366 81822 copy_comm_net_actor.cpp:66] actor 106652772597780 switch to &CopyCommNetActor::HandlerNormal
I1222 14:34:56.942415 81811 runtime_context.cpp:29] DecreaseCounter constructing_actor_cnt, current val is 2611
I1222 14:34:56.942467 81822 thread.cpp:99] Thread 50856005 construct Actor kCopyCommNet 106652772597780
I1222 14:34:56.942502 81813 naive_actor.cpp:25] actor 107760733650988 switch to &NaiveActor::HandlerNormal
I1222 14:34:56.942613 81822 runtime_context.cpp:29] DecreaseCounter constructing_actor_cnt, current val is 2610
I1222 14:34:56.942621 81813 thread.cpp:99] Thread 51384322 construct Actor kCollectiveBoxingGeneric 107760733650988
I1222 14:34:56.942739 81813 runtime_context.cpp:29] DecreaseCounter constructing_actor_cnt, current val is 2609
I1222 14:34:56.942875 81813 naive_actor.cpp:25] actor 107760733651067 switch to &NaiveActor::HandlerNormal
I1222 14:34:56.942919 81813 thread.cpp:99] Thread 51384322 construct Actor kCollectiveBoxingGeneric 107760733651067
I1222 14:34:56.942914 81822 copy_comm_net_actor.cpp:66] actor 106652772597774 switch to &CopyCommNetActor::HandlerNormal
I1222 14:34:56.942965 81813 runtime_context.cpp:29] DecreaseCounter constructing_actor_cnt, current val is 2608
I1222 14:34:56.943037 81822 thread.cpp:99] Thread 50856005 construct Actor kCopyCommNet 106652772597774
I1222 14:34:56.943176 81813 naive_actor.cpp:25] actor 107760733651040 switch to &NaiveActor::HandlerNormal
I1222 14:34:56.943222 81813 thread.cpp:99] Thread 51384322 construct Actor kCollectiveBoxingGeneric 107760733651040
I1222 14:34:56.943173 81822 runtime_context.cpp:29] DecreaseCounter constructing_actor_cnt, current val is 2607
I1222 14:34:56.943259 81813 runtime_context.cpp:29] DecreaseCounter constructing_actor_cnt, current val is 2606
I1222 14:34:56.943452 81813 naive_actor.cpp:25] actor 107760733650951 switch to &NaiveActor::HandlerNormal
I1222 14:34:56.943500 81813 thread.cpp:99] Thread 51384322 construct Actor kCollectiveBoxingGeneric 107760733650951
I1222 14:34:56.943542 81813 runtime_context.cpp:29] DecreaseCounter constructing_actor_cnt, current val is 2605
I1222 14:34:56.943567 81822 copy_comm_net_actor.cpp:66] actor 106652772597777 switch to &CopyCommNetActor::HandlerNormal
I1222 14:34:56.943651 81822 thread.cpp:99] Thread 50856005 construct Actor kCopyCommNet 106652772597777
I1222 14:34:56.943676 81813 naive_actor.cpp:25] actor 107760733650979 switch to &NaiveActor::HandlerNormal
I1222 14:34:56.943751 81822 runtime_context.cpp:29] DecreaseCounter constructing_actor_cnt, current val is 2604
I1222 14:34:56.943759 81813 thread.cpp:99] Thread 51384322 construct Actor kCollectiveBoxingGeneric 107760733650979
I1222 14:34:56.943764 81811 naive_actor.cpp:25] actor 107760729456661 switch to &NaiveActor::HandlerNormal
I1222 14:34:56.943876 81813 runtime_context.cpp:29] DecreaseCounter constructing_actor_cnt, current val is 2603
I1222 14:34:56.943944 81811 thread.cpp:99] Thread 51384320 construct Actor kNormalForward 107760729456661
I1222 14:34:56.944075 81813 naive_actor.cpp:25] actor 107760733651014 switch to &NaiveActor::HandlerNormal
I1222 14:34:56.944172 81811 runtime_context.cpp:29] DecreaseCounter constructing_actor_cnt, current val is 2602
I1222 14:34:56.944707 81813 thread.cpp:99] Thread 51384322 construct Actor kCollectiveBoxingGeneric 107760733651014
I1222 14:34:56.944813 81813 runtime_context.cpp:29] DecreaseCounter constructing_actor_cnt, current val is 2601
I1222 14:34:56.944947 81813 naive_actor.cpp:25] actor 107760733650960 switch to &NaiveActor::HandlerNormal
I1222 14:34:56.944986 81813 thread.cpp:99] Thread 51384322 construct Actor kCollectiveBoxingGeneric 107760733650960
I1222 14:34:56.945027 81813 runtime_context.cpp:29] DecreaseCounter constructing_actor_cnt, current val is 2600
I1222 14:34:56.945161 81813 naive_actor.cpp:25] actor 107760733650987 switch to &NaiveActor::HandlerNormal
I1222 14:34:56.945207 81813 thread.cpp:99] Thread 51384322 construct Actor kCollectiveBoxingGeneric 107760733650987
I1222 14:34:56.945240 81813 runtime_context.cpp:29] DecreaseCounter constructing_actor_cnt, current val is 2599
I1222 14:34:56.945371 81813 naive_actor.cpp:25] actor 107760733651052 switch to &NaiveActor::HandlerNormal
I1222 14:34:56.945410 81813 thread.cpp:99] Thread 51384322 construct Actor kCollectiveBoxingGeneric 107760733651052
I1222 14:34:56.945451 81813 runtime_context.cpp:29] DecreaseCounter constructing_actor_cnt, current val is 2598
I1222 14:34:56.945581 81813 naive_actor.cpp:25] actor 107760733651062 switch to &NaiveActor::HandlerNormal
I1222 14:34:56.945621 81813 thread.cpp:99] Thread 51384322 construct Actor kCollectiveBoxingGeneric 107760733651062
I1222 14:34:56.945662 81813 runtime_context.cpp:29] DecreaseCounter constructing_actor_cnt, current val is 2597
I1222 14:34:56.945791 81813 naive_actor.cpp:25] actor 107760733651049 switch to &NaiveActor::HandlerNormal
I1222 14:34:56.945829 81813 thread.cpp:99] Thread 51384322 construct Actor kCollectiveBoxingGeneric 107760733651049
I1222 14:34:56.945871 81813 runtime_context.cpp:29] DecreaseCounter constructing_actor_cnt, current val is 2596
I1222 14:34:56.945916 81811 naive_actor.cpp:25] actor 107760729456669 switch to &NaiveActor::HandlerNormal
I1222 14:34:56.946009 81813 naive_actor.cpp:25] actor 107760733651005 switch to &NaiveActor::HandlerNormal
I1222 14:34:56.946012 81811 thread.cpp:99] Thread 51384320 construct Actor kNormalForward 107760729456669
I1222 14:34:56.946051 81813 thread.cpp:99] Thread 51384322 construct Actor kCollectiveBoxingGeneric 107760733651005
I1222 14:34:56.946157 81813 runtime_context.cpp:29] DecreaseCounter constructing_actor_cnt, current val is 2595
I1222 14:34:56.946172 81811 runtime_context.cpp:29] DecreaseCounter constructing_actor_cnt, current val is 2594
I1222 14:34:56.946298 81813 naive_actor.cpp:25] actor 107760733650965 switch to &NaiveActor::HandlerNormal
I1222 14:34:56.946338 81813 thread.cpp:99] Thread 51384322 construct Actor kCollectiveBoxingGeneric 107760733650965
I1222 14:34:56.946381 81813 runtime_context.cpp:29] DecreaseCounter constructing_actor_cnt, current val is 2593
I1222 14:34:56.946517 81813 naive_actor.cpp:25] actor 107760733651084 switch to &NaiveActor::HandlerNormal
I1222 14:34:56.946557 81813 thread.cpp:99] Thread 51384322 construct Actor kCollectiveBoxingGeneric 107760733651084
I1222 14:34:56.946600 81813 runtime_context.cpp:29] DecreaseCounter constructing_actor_cnt, current val is 2592
I1222 14:34:56.946656 81811 naive_actor.cpp:25] actor 107760729456812 switch to &NaiveActor::HandlerNormal
I1222 14:34:56.946733 81813 naive_actor.cpp:25] actor 107760733650992 switch to &NaiveActor::HandlerNormal
I1222 14:34:56.946741 81811 thread.cpp:99] Thread 51384320 construct Actor kNormalForward 107760729456812
I1222 14:34:56.946775 81813 thread.cpp:99] Thread 51384322 construct Actor kCollectiveBoxingGeneric 107760733650992
I1222 14:34:56.946875 81813 runtime_context.cpp:29] DecreaseCounter constructing_actor_cnt, current val is 2591
I1222 14:34:56.946882 81811 runtime_context.cpp:29] DecreaseCounter constructing_actor_cnt, current val is 2590
I1222 14:34:56.947003 81813 naive_actor.cpp:25] actor 107760733651081 switch to &NaiveActor::HandlerNormal
I1222 14:34:56.947631 81813 thread.cpp:99] Thread 51384322 construct Actor kCollectiveBoxingGeneric 107760733651081
I1222 14:34:56.947679 81813 runtime_context.cpp:29] DecreaseCounter constructing_actor_cnt, current val is 2589
I1222 14:34:56.947813 81813 naive_actor.cpp:25] actor 107760733651055 switch to &NaiveActor::HandlerNormal
I1222 14:34:56.947852 81813 thread.cpp:99] Thread 51384322 construct Actor kCollectiveBoxingGeneric 107760733651055
I1222 14:34:56.947896 81813 runtime_context.cpp:29] DecreaseCounter constructing_actor_cnt, current val is 2588
I1222 14:34:56.948027 81813 naive_actor.cpp:25] actor 107760733651086 switch to &NaiveActor::HandlerNormal
