 from [base_model.m_stage0.embeddings.LayerNorm-layer_norm_24] (stage_id:0) -> [base_model.m_stage0.embeddings.LayerNorm-layer_norm_24_param_grad] (stage_id:0) 
I1222 14:08:53.561848 78405 pipeline_buffer_pass.cpp:117] 
 Insert buffer op : [System-Pipeline-Buffer-Op_-base_model.m_stage0.embeddings-broadcast_add_23-z_0-stage_id_0](buffer_size:4) 
 from [base_model.m_stage0.embeddings-broadcast_add_23] (stage_id:0) -> [base_model.m_stage0.embeddings.LayerNorm-layer_norm_24_grad] (stage_id:0) 
I1222 14:08:53.561908 78405 pipeline_buffer_pass.cpp:117] 
 Insert buffer op : [System-Pipeline-Buffer-Op_-base_model.m_stage0.embeddings.LayerNorm-layer_norm_24-mean_0-stage_id_0](buffer_size:4) 
 from [base_model.m_stage0.embeddings.LayerNorm-layer_norm_24] (stage_id:0) -> [base_model.m_stage0.embeddings.LayerNorm-layer_norm_24_grad] (stage_id:0) 
I1222 14:08:53.561959 78405 pipeline_buffer_pass.cpp:117] 
 Insert buffer op : [System-Pipeline-Buffer-Op_-base_model.m_stage0.embeddings.LayerNorm-layer_norm_24-inv_variance_0-stage_id_0](buffer_size:4) 
 from [base_model.m_stage0.embeddings.LayerNorm-layer_norm_24] (stage_id:0) -> [base_model.m_stage0.embeddings.LayerNorm-layer_norm_24_grad] (stage_id:0) 
I1222 14:08:53.562012 78405 pipeline_buffer_pass.cpp:117] 
 Insert buffer op : [System-Pipeline-Buffer-Op_-base_model.m_stage0.embeddings.position_embeddings-gather_20-out_0-stage_id_0](buffer_size:4) 
 from [base_model.m_stage0.embeddings.position_embeddings-gather_20] (stage_id:0) -> [base_model.m_stage0.embeddings-broadcast_add_23_y_grad_reduce_sum_like] (stage_id:0) 
I1222 14:08:53.562072 78405 pipeline_buffer_pass.cpp:117] 
 Insert buffer op : [System-Pipeline-Buffer-Op_-base_model.m_stage0.embeddings-slice_19-y_0-stage_id_0](buffer_size:4) 
 from [base_model.m_stage0.embeddings-slice_19] (stage_id:0) -> [base_model.m_stage0.embeddings.position_embeddings-gather_20_grad] (stage_id:0) 
I1222 14:08:53.562165 78405 pipeline_buffer_pass.cpp:117] 
 Insert buffer op : [System-Pipeline-Buffer-Op_-base_model-identity_15-out_0-stage_id_0](buffer_size:4) 
 from [base_model-identity_15] (stage_id:0) -> [base_model.m_stage0.embeddings.word_embeddings-gather_18_grad] (stage_id:0) 
I1222 14:08:53.562877 78405 pipeline_buffer_pass.cpp:117] 
 Insert buffer op : [System-Pipeline-Buffer-Op_-base_model-identity_16-out_0-stage_id_0](buffer_size:4) 
 from [base_model-identity_16] (stage_id:0) -> [base_model.m_stage0.embeddings.token_type_embeddings-gather_21_grad] (stage_id:0) 
I1222 14:08:53.563148 78405 pipeline_buffer_pass.cpp:117] 
 Insert buffer op : [System-Pipeline-Buffer-Op_-_train_data_loader-hierarchical_parallel_cast_8-out_0-stage_id_0](buffer_size:4) 
 from [_train_data_loader-hierarchical_parallel_cast_8] (stage_id:0) -> [base_model-identity_15] (stage_id:0) 
I1222 14:08:53.563212 78405 pipeline_buffer_pass.cpp:117] 
 Insert buffer op : [System-Pipeline-Buffer-Op_-_train_data_loader-hierarchical_parallel_cast_11-out_0-stage_id_0](buffer_size:4) 
 from [_train_data_loader-hierarchical_parallel_cast_11] (stage_id:0) -> [base_model-identity_16] (stage_id:0) 
I1222 14:08:53.563267 78405 pipeline_buffer_pass.cpp:117] 
 Insert buffer op : [System-Pipeline-Buffer-Op_-_train_data_loader-hierarchical_parallel_cast_10-out_0-stage_id_0](buffer_size:4) 
 from [_train_data_loader-hierarchical_parallel_cast_10] (stage_id:0) -> [base_model-identity_17] (stage_id:0) 
I1222 14:08:53.563633 78405 pipeline_buffer_pass.cpp:212] 
 Insert buffer op pair : src_buffer = <System-Pipeline-Buffer-Op_-base_model-identity_236-out_0>(buffer_size:1) , dst_buffer = <System-Pipeline-Buffer-Op_-base_model-identity_236-out_0-stage_id_1>(buffer_size:1) 
 from [base_model-identity_236] (stage_id:0) -> [base_model-identity_237] (stage_id:1) 
I1222 14:08:53.563695 78405 pipeline_buffer_pass.cpp:117] 
 Insert buffer op : [System-Pipeline-Buffer-Op_-_train_data_loader-hierarchical_parallel_cast_10-out_0-stage_id_1](buffer_size:4) 
 from [_train_data_loader-hierarchical_parallel_cast_10] (stage_id:0) -> [base_model-identity_238] (stage_id:1) 
I1222 14:08:53.563989 78405 pipeline_buffer_pass.cpp:117] 
 Insert buffer op : [System-Pipeline-Buffer-Op_-_train_data_loader-hierarchical_parallel_cast_9-out_0-stage_id_1](buffer_size:4) 
 from [_train_data_loader-hierarchical_parallel_cast_9] (stage_id:0) -> [reshape_464] (stage_id:1) 
I1222 14:08:53.564054 78405 pipeline_buffer_pass.cpp:117] 
 Insert buffer op : [System-Pipeline-Buffer-Op_-_train_data_loader-hierarchical_parallel_cast_13-out_0-stage_id_1](buffer_size:4) 
 from [_train_data_loader-hierarchical_parallel_cast_13] (stage_id:0) -> [expand_dims_472] (stage_id:1) 
I1222 14:08:53.564119 78405 pipeline_buffer_pass.cpp:117] 
 Insert buffer op : [System-Pipeline-Buffer-Op_-_train_data_loader-hierarchical_parallel_cast_12-out_0-stage_id_1](buffer_size:4) 
 from [_train_data_loader-hierarchical_parallel_cast_12] (stage_id:0) -> [reshape_476] (stage_id:1) 
I1222 14:08:53.564177 78405 pipeline_buffer_pass.cpp:117] 
 Insert buffer op : [System-Pipeline-Buffer-Op_-_train_data_loader-hierarchical_parallel_cast_14-out_0-stage_id_1](buffer_size:4) 
 from [_train_data_loader-hierarchical_parallel_cast_14] (stage_id:0) -> [multiply_483] (stage_id:1) 
I1222 14:08:53.564867 78405 pipeline_buffer_pass.cpp:212] 
 Insert buffer op pair : src_buffer = <System-Pipeline-Buffer-Op_-base_model-identity_237_grad-out_0>(buffer_size:1) , dst_buffer = <System-Pipeline-Buffer-Op_-base_model-identity_237_grad-out_0-stage_id_0>(buffer_size:1) 
 from [base_model-identity_237_grad] (stage_id:1) -> [base_model-identity_236_grad] (stage_id:0) 
I1222 14:08:54.059844 78405 global.h:43] DeleteGlobal N7oneflow7JobDescE
I1222 14:08:54.639333 78405 global.h:36] NewGlobal N7oneflow7JobDescE
I1222 14:09:03.064496 78405 runtime_context.cpp:21] NewCounter constructing_actor_cnt 1722
I1222 14:09:03.065608 78714 naive_actor.cpp:25] actor 107760729458173 switch to &NaiveActor::HandlerNormal
I1222 14:09:03.065905 78720 wait_and_send_ids_actor.cpp:53] actor 106652764209152 switch to &WaitAndSendIdsActor::HandlerWaitToStart
I1222 14:09:03.065734 78714 thread.cpp:99] Thread 51384320 construct Actor kDeviceTick 107760729458173
I1222 14:09:03.066056 78720 thread.cpp:99] Thread 50856001 construct Actor kWaitAndSendIds 106652764209152
I1222 14:09:03.066270 78714 runtime_context.cpp:29] DecreaseCounter constructing_actor_cnt, current val is 1721
I1222 14:09:03.066340 78720 runtime_context.cpp:29] DecreaseCounter constructing_actor_cnt, current val is 1720
I1222 14:09:03.066563 78714 naive_actor.cpp:25] actor 107760729458170 switch to &NaiveActor::HandlerNormal
I1222 14:09:03.066624 78714 thread.cpp:99] Thread 51384320 construct Actor kDeviceTick 107760729458170
I1222 14:09:03.066692 78714 runtime_context.cpp:29] DecreaseCounter constructing_actor_cnt, current val is 1719
I1222 14:09:03.066951 78714 naive_actor.cpp:25] actor 107760729458179 switch to &NaiveActor::HandlerNormal
I1222 14:09:03.067006 78714 thread.cpp:99] Thread 51384320 construct Actor kDeviceTick 107760729458179
I1222 14:09:03.067073 78714 runtime_context.cpp:29] DecreaseCounter constructing_actor_cnt, current val is 1718
I1222 14:09:03.067317 78714 naive_actor.cpp:25] actor 107760729458175 switch to &NaiveActor::HandlerNormal
I1222 14:09:03.067371 78714 thread.cpp:99] Thread 51384320 construct Actor kDeviceTick 107760729458175
I1222 14:09:03.067435 78714 runtime_context.cpp:29] DecreaseCounter constructing_actor_cnt, current val is 1717
I1222 14:09:03.067680 78714 naive_actor.cpp:25] actor 107760729458177 switch to &NaiveActor::HandlerNormal
I1222 14:09:03.067735 78714 thread.cpp:99] Thread 51384320 construct Actor kDeviceTick 107760729458177
I1222 14:09:03.067803 78714 runtime_context.cpp:29] DecreaseCounter constructing_actor_cnt, current val is 1716
I1222 14:09:03.112205 78712 naive_actor.cpp:25] actor 106652636282880 switch to &NaiveActor::HandlerNormal
I1222 14:09:03.112251 78719 copy_comm_net_actor.cpp:66] actor 106652772597764 switch to &CopyCommNetActor::HandlerNormal
I1222 14:09:03.112262 78716 naive_actor.cpp:25] actor 107760735748110 switch to &NaiveActor::HandlerNormal
I1222 14:09:03.112303 78724 naive_actor.cpp:25] actor 107760733650952 switch to &NaiveActor::HandlerNormal
I1222 14:09:03.112325 78722 naive_actor.cpp:25] actor 107760731553793 switch to &NaiveActor::HandlerNormal
I1222 14:09:03.112385 78718 naive_actor.cpp:25] actor 106652762112007 switch to &NaiveActor::HandlerNormal
I1222 14:09:03.112958 78717 naive_actor.cpp:25] actor 106652768403456 switch to &NaiveActor::HandlerNormal
I1222 14:09:03.112418 78708 naive_actor.cpp:25] actor 106652640477184 switch to &NaiveActor::HandlerNormal
I1222 14:09:03.112421 78707 naive_actor.cpp:25] actor 106652638380032 switch to &NaiveActor::HandlerNormal
I1222 14:09:03.112489 78725 sink_actor.cpp:21] actor 106652766306304 switch to &SinkActor::HandlerNormal
I1222 14:09:03.112540 78714 naive_actor.cpp:25] actor 107760729456646 switch to &NaiveActor::HandlerNormal
I1222 14:09:03.112560 78710 naive_actor.cpp:25] actor 106652632088576 switch to &NaiveActor::HandlerNormal
I1222 14:09:03.112623 78712 thread.cpp:99] Thread 50855940 construct Actor kNormalForward 106652636282880
I1222 14:09:03.112681 78726 naive_actor.cpp:25] actor 106652642574336 switch to &NaiveActor::HandlerNormal
I1222 14:09:03.112681 78711 naive_actor.cpp:25] actor 106652634185728 switch to &NaiveActor::HandlerNormal
I1222 14:09:03.112704 78719 thread.cpp:99] Thread 50856005 construct Actor kCopyCommNet 106652772597764
I1222 14:09:03.112710 78706 naive_actor.cpp:25] actor 106652629991424 switch to &NaiveActor::HandlerNormal
I1222 14:09:03.112787 78716 thread.cpp:99] Thread 51384323 construct Actor kCollectiveBoxingGeneric 107760735748110
I1222 14:09:03.112860 78724 thread.cpp:99] Thread 51384322 construct Actor kCopyHd 107760733650952
I1222 14:09:03.113742 78716 runtime_context.cpp:29] DecreaseCounter constructing_actor_cnt, current val is 1713
I1222 14:09:03.112908 78722 thread.cpp:99] Thread 51384321 construct Actor kCopyHd 107760731553793
I1222 14:09:03.112430 78709 naive_actor.cpp:25] actor 106652627894272 switch to &NaiveActor::HandlerNormal
I1222 14:09:03.112972 78718 thread.cpp:99] Thread 50856000 construct Actor kDstSubsetTick 106652762112007
I1222 14:09:03.113082 78717 thread.cpp:99] Thread 50856003 construct Actor kCriticalSectionWaitTick 106652768403456
I1222 14:09:03.113162 78708 thread.cpp:99] Thread 50855942 construct Actor kNormalForward 106652640477184
I1222 14:09:03.113234 78707 thread.cpp:99] Thread 50855941 construct Actor kNormalForward 106652638380032
I1222 14:09:03.113286 78725 thread.cpp:99] Thread 50856002 construct Actor kCallbackNotify 106652766306304
I1222 14:09:03.113368 78714 thread.cpp:99] Thread 51384320 construct Actor kNormalForward 107760729456646
I1222 14:09:03.113442 78710 thread.cpp:99] Thread 50855938 construct Actor kNormalForward 106652632088576
I1222 14:09:03.113497 78712 runtime_context.cpp:29] DecreaseCounter constructing_actor_cnt, current val is 1715
I1222 14:09:03.113554 78726 thread.cpp:99] Thread 50855943 construct Actor kNormalForward 106652642574336
I1222 14:09:03.113565 78728 naive_actor.cpp:25] actor 106652644671488 switch to &NaiveActor::HandlerNormal
I1222 14:09:03.113610 78711 thread.cpp:99] Thread 50855939 construct Actor kNormalForward 106652634185728
I1222 14:09:03.114948 78728 thread.cpp:99] Thread 50855944 construct Actor kNormalForward 106652644671488
I1222 14:09:03.113680 78706 thread.cpp:99] Thread 50855937 construct Actor kNormalForward 106652629991424
I1222 14:09:03.112908 78727 naive_actor.cpp:25] actor 106652770500608 switch to &NaiveActor::HandlerNormal
I1222 14:09:03.115159 78727 thread.cpp:99] Thread 50856004 construct Actor kCriticalSectionWaitTick 106652770500608
I1222 14:09:03.114049 78716 naive_actor.cpp:25] actor 107760735748109 switch to &NaiveActor::HandlerNormal
I1222 14:09:03.114418 78722 runtime_context.cpp:29] DecreaseCounter constructing_actor_cnt, current val is 1711
I1222 14:09:03.114462 78709 thread.cpp:99] Thread 50855936 construct Actor kNormalForward 106652627894272
I1222 14:09:03.114534 78718 runtime_context.cpp:29] DecreaseCounter constructing_actor_cnt, current val is 1710
I1222 14:09:03.114614 78717 runtime_context.cpp:29] DecreaseCounter constructing_actor_cnt, current val is 1709
I1222 14:09:03.114682 78708 runtime_context.cpp:29] DecreaseCounter constructing_actor_cnt, current val is 1708
I1222 14:09:03.114701 78725 runtime_context.cpp:29] DecreaseCounter constructing_actor_cnt, current val is 1707
I1222 14:09:03.114701 78707 runtime_context.cpp:29] DecreaseCounter constructing_actor_cnt, current val is 1706
I1222 14:09:03.114774 78714 runtime_context.cpp:29] DecreaseCounter constructing_actor_cnt, current val is 1705
I1222 14:09:03.114786 78710 runtime_context.cpp:29] DecreaseCounter constructing_actor_cnt, current val is 1704
I1222 14:09:03.114843 78726 runtime_context.cpp:29] DecreaseCounter constructing_actor_cnt, current val is 1703
I1222 14:09:03.113662 78719 runtime_context.cpp:29] DecreaseCounter constructing_actor_cnt, current val is 1714
I1222 14:09:03.115010 78711 runtime_context.cpp:29] DecreaseCounter constructing_actor_cnt, current val is 1702
I1222 14:09:03.113776 78724 runtime_context.cpp:29] DecreaseCounter constructing_actor_cnt, current val is 1712
I1222 14:09:03.115164 78706 runtime_context.cpp:29] DecreaseCounter constructing_actor_cnt, current val is 1701
I1222 14:09:03.115172 78728 runtime_context.cpp:29] DecreaseCounter constructing_actor_cnt, current val is 1700
I1222 14:09:03.115231 78727 runtime_context.cpp:29] DecreaseCounter constructing_actor_cnt, current val is 1699
I1222 14:09:03.115259 78716 thread.cpp:99] Thread 51384323 construct Actor kCollectiveBoxingGeneric 107760735748109
I1222 14:09:03.116120 78724 naive_actor.cpp:25] actor 107760733650946 switch to &NaiveActor::HandlerNormal
I1222 14:09:03.115383 78722 naive_actor.cpp:25] actor 107760731553792 switch to &NaiveActor::HandlerNormal
I1222 14:09:03.115553 78718 naive_actor.cpp:25] actor 106652762112003 switch to &NaiveActor::HandlerNormal
I1222 14:09:03.115837 78719 copy_comm_net_actor.cpp:66] actor 106652772597763 switch to &CopyCommNetActor::HandlerNormal
I1222 14:09:03.115360 78709 runtime_context.cpp:29] DecreaseCounter constructing_actor_cnt, current val is 1698
I1222 14:09:03.116151 78716 runtime_context.cpp:29] DecreaseCounter constructing_actor_cnt, current val is 1697
I1222 14:09:03.116189 78724 thread.cpp:99] Thread 51384322 construct Actor kCopyHd 107760733650946
I1222 14:09:03.116223 78722 thread.cpp:99] Thread 51384321 construct Actor kCopyHd 107760731553792
I1222 14:09:03.117005 78724 runtime_context.cpp:29] DecreaseCounter constructing_actor_cnt, current val is 1696
I1222 14:09:03.116515 78714 naive_actor.cpp:25] actor 107760729456669 switch to &NaiveActor::HandlerNormal
I1222 14:09:03.117107 78716 naive_actor.cpp:25] actor 107760735748129 switch to &NaiveActor::HandlerNormal
I1222 14:09:03.116307 78718 thread.cpp:99] Thread 50856000 construct Actor kTick 106652762112003
I1222 14:09:03.117020 78722 runtime_context.cpp:29] DecreaseCounter constructing_actor_cnt, current val is 1695
I1222 14:09:03.116843 78719 thread.cpp:99] Thread 50856005 construct Actor kCopyCommNet 106652772597763
I1222 14:09:03.117130 78714 thread.cpp:99] Thread 51384320 construct Actor kNormalForward 107760729456669
I1222 14:09:03.117179 78716 thread.cpp:99] Thread 51384323 construct Actor kCollectiveBoxingGeneric 107760735748129
I1222 14:09:03.117219 78724 naive_actor.cpp:25] actor 107760733650960 switch to &NaiveActor::HandlerNormal
I1222 14:09:03.117240 78718 runtime_context.cpp:29] DecreaseCounter constructing_actor_cnt, current val is 1694
I1222 14:09:03.117321 78719 runtime_context.cpp:29] DecreaseCounter constructing_actor_cnt, current val is 1693
I1222 14:09:03.117338 78722 naive_actor.cpp:25] actor 107760731553794 switch to &NaiveActor::HandlerNormal
I1222 14:09:03.117408 78714 runtime_context.cpp:29] DecreaseCounter constructing_actor_cnt, current val is 1692
I1222 14:09:03.117427 78716 runtime_context.cpp:29] DecreaseCounter constructing_actor_cnt, current val is 1691
I1222 14:09:03.117450 78724 thread.cpp:99] Thread 51384322 construct Actor kCopyHd 107760733650960
I1222 14:09:03.117628 78722 thread.cpp:99] Thread 51384321 construct Actor kCopyHd 107760731553794
I1222 14:09:03.117722 78719 copy_comm_net_actor.cpp:66] actor 106652772597767 switch to &CopyCommNetActor::HandlerNormal
I1222 14:09:03.117753 78718 naive_actor.cpp:25] actor 106652762112009 switch to &NaiveActor::HandlerNormal
I1222 14:09:03.117893 78716 naive_actor.cpp:25] actor 107760735748144 switch to &NaiveActor::HandlerNormal
I1222 14:09:03.117830 78722 runtime_context.cpp:29] DecreaseCounter constructing_actor_cnt, current val is 1689
I1222 14:09:03.117868 78719 thread.cpp:99] Thread 50856005 construct Actor kCopyCommNet 106652772597767
I1222 14:09:03.117816 78724 runtime_context.cpp:29] DecreaseCounter constructing_actor_cnt, current val is 1690
I1222 14:09:03.117911 78718 thread.cpp:99] Thread 50856000 construct Actor kDstSubsetTick 106652762112009
I1222 14:09:03.117964 78716 thread.cpp:99] Thread 51384323 construct Actor kCollectiveBoxingGeneric 107760735748144
I1222 14:09:03.118026 78719 runtime_context.cpp:29] DecreaseCounter constructing_actor_cnt, current val is 1688
I1222 14:09:03.118110 78718 runtime_context.cpp:29] DecreaseCounter constructing_actor_cnt, current val is 1687
I1222 14:09:03.118153 78716 runtime_context.cpp:29] DecreaseCounter constructing_actor_cnt, current val is 1686
I1222 14:09:03.118284 78719 copy_comm_net_actor.cpp:66] actor 106652772597766 switch to &CopyCommNetActor::HandlerNormal
I1222 14:09:03.118331 78719 thread.cpp:99] Thread 50856005 construct Actor kCopyCommNet 106652772597766
I1222 14:09:03.118398 78719 runtime_context.cpp:29] DecreaseCounter constructing_actor_cnt, current val is 1685
I1222 14:09:03.118399 78718 naive_actor.cpp:25] actor 106652762112001 switch to &NaiveActor::HandlerNormal
I1222 14:09:03.118486 78718 thread.cpp:99] Thread 50856000 construct Actor kTick 106652762112001
I1222 14:09:03.118432 78724 naive_actor.cpp:25] actor 107760733650953 switch to &NaiveActor::HandlerNormal
I1222 14:09:03.118417 78716 naive_actor.cpp:25] actor 107760735748100 switch to &NaiveActor::HandlerNormal
I1222 14:09:03.118551 78719 copy_comm_net_actor.cpp:66] actor 106652772597761 switch to &CopyCommNetActor::HandlerNormal
I1222 14:09:03.118587 78718 runtime_context.cpp:29] DecreaseCounter constructing_actor_cnt, current val is 1684
I1222 14:09:03.118597 78714 naive_actor.cpp:25] actor 107760729456701 switch to &NaiveActor::HandlerNormal
I1222 14:09:03.119078 78724 thread.cpp:99] Thread 51384322 construct Actor kCopyHd 107760733650953
I1222 14:09:03.119117 78716 thread.cpp:99] Thread 51384323 construct Actor kCollectiveBoxingGeneric 107760735748100
I1222 14:09:03.119339 78724 runtime_context.cpp:29] DecreaseCounter constructing_actor_cnt, current val is 1683
I1222 14:09:03.119256 78714 thread.cpp:99] Thread 51384320 construct Actor kNormalForward 107760729456701
I1222 14:09:03.119154 78719 thread.cpp:99] Thread 50856005 construct Actor kCopyCommNet 106652772597761
I1222 14:09:03.119371 78716 runtime_context.cpp:29] DecreaseCounter constructing_actor_cnt, current val is 1682
I1222 14:09:03.119421 78718 naive_actor.cpp:25] actor 106652762112006 switch to &NaiveActor::HandlerNormal
I1222 14:09:03.119585 78724 naive_actor.cpp:25] actor 107760733650961 switch to &NaiveActor::HandlerNormal
I1222 14:09:03.119498 78719 runtime_context.cpp:29] DecreaseCounter constructing_actor_cnt, current val is 1680
I1222 14:09:03.119488 78714 runtime_context.cpp:29] DecreaseCounter constructing_actor_cnt, current val is 1681
I1222 14:09:03.119590 78718 thread.cpp:99] Thread 50856000 construct Actor kSrcSubsetTick 106652762112006
I1222 14:09:03.119653 78724 thread.cpp:99] Thread 51384322 construct Actor kCopyHd 107760733650961
I1222 14:09:03.119815 78719 copy_comm_net_actor.cpp:66] actor 106652772597782 switch to &CopyCommNetActor::HandlerNormal
I1222 14:09:03.119719 78716 naive_actor.cpp:25] actor 107760735748113 switch to &NaiveActor::HandlerNormal
I1222 14:09:03.119818 78718 runtime_context.cpp:29] DecreaseCounter constructing_actor_cnt, current val is 1679
I1222 14:09:03.119840 78724 runtime_context.cpp:29] DecreaseCounter constructing_actor_cnt, current val is 1678
I1222 14:09:03.119876 78719 thread.cpp:99] Thread 50856005 construct Actor kCopyCommNet 106652772597782
I1222 14:09:03.119933 78716 thread.cpp:99] Thread 51384323 construct Actor kCollectiveBoxingGeneric 107760735748113
I1222 14:09:03.120108 78719 runtime_context.cpp:29] DecreaseCounter constructing_actor_cnt, current val is 1677
I1222 14:09:03.120164 78716 runtime_context.cpp:29] DecreaseCounter constructing_actor_cnt, current val is 1676
I1222 14:09:03.120201 78718 naive_actor.cpp:25] actor 106652762112000 switch to &NaiveActor::HandlerNormal
I1222 14:09:03.120223 78724 naive_actor.cpp:25] actor 107760733650957 switch to &NaiveActor::HandlerNormal
I1222 14:09:03.120311 78718 thread.cpp:99] Thread 50856000 construct Actor kSrcSubsetTick 106652762112000
I1222 14:09:03.120318 78719 copy_comm_net_actor.cpp:66] actor 106652772597768 switch to &CopyCommNetActor::HandlerNormal
I1222 14:09:03.120440 78716 naive_actor.cpp:25] actor 107760735748097 switch to &NaiveActor::HandlerNormal
I1222 14:09:03.120445 78718 runtime_context.cpp:29] DecreaseCounter constructing_actor_cnt, current val is 1675
I1222 14:09:03.120453 78719 thread.cpp:99] Thread 50856005 construct Actor kCopyCommNet 106652772597768
I1222 14:09:03.120362 78724 thread.cpp:99] Thread 51384322 construct Actor kCopyHd 107760733650957
I1222 14:09:03.120496 78716 thread.cpp:99] Thread 51384323 construct Actor kCollectiveBoxingGeneric 107760735748097
I1222 14:09:03.120560 78714 naive_actor.cpp:25] actor 107760729456678 switch to &NaiveActor::HandlerNormal
I1222 14:09:03.120587 78719 runtime_context.cpp:29] DecreaseCounter constructing_actor_cnt, current val is 1674
I1222 14:09:03.120647 78724 runtime_context.cpp:29] DecreaseCounter constructing_actor_cnt, current val is 1673
I1222 14:09:03.120693 78716 runtime_context.cpp:29] DecreaseCounter constructing_actor_cnt, current val is 1672
I1222 14:09:03.120723 78718 naive_actor.cpp:25] actor 106652762112005 switch to &NaiveActor::HandlerNormal
I1222 14:09:03.120725 78714 thread.cpp:99] Thread 51384320 construct Actor kNormalForward 107760729456678
I1222 14:09:03.120844 78719 copy_comm_net_actor.cpp:66] actor 106652772597781 switch to &CopyCommNetActor::HandlerNormal
I1222 14:09:03.121484 78719 thread.cpp:99] Thread 50856005 construct Actor kCopyCommNet 106652772597781
I1222 14:09:03.121129 78716 naive_actor.cpp:25] actor 107760735748107 switch to &NaiveActor::HandlerNormal
I1222 14:09:03.121433 78718 thread.cpp:99] Thread 50856000 construct Actor kTick 106652762112005
I1222 14:09:03.120949 78724 naive_actor.cpp:25] actor 107760733650944 switch to &NaiveActor::HandlerNormal
I1222 14:09:03.121484 78714 runtime_context.cpp:29] DecreaseCounter constructing_actor_cnt, current val is 1671
I1222 14:09:03.121526 78719 runtime_context.cpp:29] DecreaseCounter constructing_actor_cnt, current val is 1670
I1222 14:09:03.121567 78716 thread.cpp:99] Thread 51384323 construct Actor kCollectiveBoxingGeneric 107760735748107
I1222 14:09:03.121613 78718 runtime_context.cpp:29] DecreaseCounter constructing_actor_cnt, current val is 1669
I1222 14:09:03.121640 78724 thread.cpp:99] Thread 51384322 construct Actor kCopyHd 107760733650944
I1222 14:09:03.121776 78719 copy_comm_net_actor.cpp:66] actor 106652772597765 switch to &CopyCommNetActor::HandlerNormal
I1222 14:09:03.121882 78724 runtime_context.cpp:29] DecreaseCounter constructing_actor_cnt, current val is 1667
I1222 14:09:03.121891 78719 thread.cpp:99] Thread 50856005 construct Actor kCopyCommNet 106652772597765
I1222 14:09:03.121784 78716 runtime_context.cpp:29] DecreaseCounter constructing_actor_cnt, current val is 1668
I1222 14:09:03.121985 78719 runtime_context.cpp:29] DecreaseCounter constructing_actor_cnt, current val is 1666
I1222 14:09:03.122077 78718 naive_actor.cpp:25] actor 106652762112008 switch to &NaiveActor::HandlerNormal
I1222 14:09:03.122123 78724 naive_actor.cpp:25] actor 107760733650950 switch to &NaiveActor::HandlerNormal
I1222 14:09:03.122126 78718 thread.cpp:99] Thread 50856000 construct Actor kSrcSubsetTick 106652762112008
I1222 14:09:03.122144 78719 copy_comm_net_actor.cpp:66] actor 106652772597773 switch to &CopyCommNetActor::HandlerNormal
I1222 14:09:03.122256 78719 thread.cpp:99] Thread 50856005 construct Actor kCopyCommNet 106652772597773
I1222 14:09:03.122228 78716 naive_actor.cpp:25] actor 107760735748114 switch to &NaiveActor::HandlerNormal
I1222 14:09:03.122189 78724 thread.cpp:99] Thread 51384322 construct Actor kCopyHd 107760733650950
I1222 14:09:03.122260 78718 runtime_context.cpp:29] DecreaseCounter constructing_actor_cnt, current val is 1665
I1222 14:09:03.122303 78719 runtime_context.cpp:29] DecreaseCounter constructing_actor_cnt, current val is 1664
I1222 14:09:03.122360 78716 thread.cpp:99] Thread 51384323 construct Actor kCollectiveBoxingGeneric 107760735748114
I1222 14:09:03.122411 78724 runtime_context.cpp:29] DecreaseCounter constructing_actor_cnt, current val is 1663
I1222 14:09:03.122535 78719 copy_comm_net_actor.cpp:66] actor 106652772597770 switch to &CopyCommNetActor::HandlerNormal
I1222 14:09:03.122622 78719 thread.cpp:99] Thread 50856005 construct Actor kCopyCommNet 106652772597770
I1222 14:09:03.122548 78714 naive_actor.cpp:25] actor 107760729456733 switch to &NaiveActor::HandlerNormal
I1222 14:09:03.122550 78716 runtime_context.cpp:29] DecreaseCounter constructing_actor_cnt, current val is 1662
I1222 14:09:03.122661 78719 runtime_context.cpp:29] DecreaseCounter constructing_actor_cnt, current val is 1661
I1222 14:09:03.122678 78718 naive_actor.cpp:25] actor 106652762112004 switch to &NaiveActor::HandlerNormal
I1222 14:09:03.122697 78714 thread.cpp:99] Thread 51384320 construct Actor kNormalForward 107760729456733
I1222 14:09:03.122723 78724 naive_actor.cpp:25] actor 107760733650945 switch to &NaiveActor::HandlerNormal
I1222 14:09:03.122828 78718 thread.cpp:99] Thread 50856000 construct Actor kTick 106652762112004
I1222 14:09:03.122859 78719 copy_comm_net_actor.cpp:66] actor 106652772597783 switch to &CopyCommNetActor::HandlerNormal
I1222 14:09:03.123412 78719 thread.cpp:99] Thread 50856005 construct Actor kCopyCommNet 106652772597783
I1222 14:09:03.122928 78714 runtime_context.cpp:29] DecreaseCounter constructing_actor_cnt, current val is 1660
I1222 14:09:03.122942 78724 thread.cpp:99] Thread 51384322 construct Actor kCopyHd 107760733650945
I1222 14:09:03.123034 78718 runtime_context.cpp:29] DecreaseCounter constructing_actor_cnt, current val is 1659
I1222 14:09:03.122925 78716 naive_actor.cpp:25] actor 107760735748115 switch to &NaiveActor::HandlerNormal
I1222 14:09:03.123454 78719 runtime_context.cpp:29] DecreaseCounter constructing_actor_cnt, current val is 1658
I1222 14:09:03.123554 78724 runtime_context.cpp:29] DecreaseCounter constructing_actor_cnt, current val is 1657
I1222 14:09:03.123636 78716 thread.cpp:99] Thread 51384323 construct Actor kCollectiveBoxingGeneric 107760735748115
I1222 14:09:03.123677 78714 naive_actor.cpp:25] actor 107760729456710 switch to &NaiveActor::HandlerNormal
I1222 14:09:03.123749 78719 copy_comm_net_actor.cpp:66] actor 106652772597769 switch to &CopyCommNetActor::HandlerNormal
I1222 14:09:03.123876 78719 thread.cpp:99] Thread 50856005 construct Actor kCopyCommNet 106652772597769
I1222 14:09:03.123903 78724 naive_actor.cpp:25] actor 107760733650954 switch to &NaiveActor::HandlerNormal
I1222 14:09:03.123814 78716 runtime_context.cpp:29] DecreaseCounter constructing_actor_cnt, current val is 1656
I1222 14:09:03.123894 78718 naive_actor.cpp:25] actor 106652762112002 switch to &NaiveActor::HandlerNormal
I1222 14:09:03.123847 78714 thread.cpp:99] Thread 51384320 construct Actor kNormalForward 107760729456710
I1222 14:09:03.123917 78719 runtime_context.cpp:29] DecreaseCounter constructing_actor_cnt, current val is 1655
I1222 14:09:03.123955 78724 thread.cpp:99] Thread 51384322 construct Actor kCopyHd 107760733650954
I1222 14:09:03.124034 78718 thread.cpp:99] Thread 50856000 construct Actor kDstSubsetTick 106652762112002
I1222 14:09:03.124179 78716 naive_actor.cpp:25] actor 107760735748132 switch to &NaiveActor::HandlerNormal
I1222 14:09:03.124187 78719 copy_comm_net_actor.cpp:66] actor 106652772597776 switch to &CopyCommNetActor::HandlerNormal
I1222 14:09:03.124274 78719 thread.cpp:99] Thread 50856005 construct Actor kCopyCommNet 106652772597776
I1222 14:09:03.124190 78724 runtime_context.cpp:29] DecreaseCounter constructing_actor_cnt, current val is 1653
I1222 14:09:03.124219 78718 runtime_context.cpp:29] DecreaseCounter constructing_actor_cnt, current val is 1652
I1222 14:09:03.124245 78716 thread.cpp:99] Thread 51384323 construct Actor kCollectiveBoxingGeneric 107760735748132
I1222 14:09:03.124121 78714 runtime_context.cpp:29] DecreaseCounter constructing_actor_cnt, current val is 1654
I1222 14:09:03.124305 78719 runtime_context.cpp:29] DecreaseCounter constructing_actor_cnt, current val is 1651
I1222 14:09:03.124477 78716 runtime_context.cpp:29] DecreaseCounter constructing_actor_cnt, current val is 1650
I1222 14:09:03.124505 78724 naive_actor.cpp:25] actor 107760733650948 switch to &NaiveActor::HandlerNormal
I1222 14:09:03.124621 78719 copy_comm_net_actor.cpp:66] actor 106652772597774 switch to &CopyCommNetActor::HandlerNormal
I1222 14:09:03.124719 78719 thread.cpp:99] Thread 50856005 construct Actor kCopyCommNet 106652772597774
I1222 14:09:03.124694 78724 thread.cpp:99] Thread 51384322 construct Actor kCopyHd 107760733650948
I1222 14:09:03.124752 78719 runtime_context.cpp:29] DecreaseCounter constructing_actor_cnt, current val is 1649
I1222 14:09:03.124778 78716 naive_actor.cpp:25] actor 107760735748145 switch to &NaiveActor::HandlerNormal
I1222 14:09:03.124879 78719 copy_comm_net_actor.cpp:66] actor 106652772597760 switch to &CopyCommNetActor::HandlerNormal
I1222 14:09:03.124927 78719 thread.cpp:99] Thread 50856005 construct Actor kCopyCommNet 106652772597760
I1222 14:09:03.124886 78716 thread.cpp:99] Thread 51384323 construct Actor kCollectiveBoxingGeneric 107760735748145
I1222 14:09:03.124796 78724 runtime_context.cpp:29] DecreaseCounter constructing_actor_cnt, current val is 1648
I1222 14:09:03.124970 78719 runtime_context.cpp:29] DecreaseCounter constructing_actor_cnt, current val is 1647
I1222 14:09:03.125090 78716 runtime_context.cpp:29] DecreaseCounter constructing_actor_cnt, current val is 1646
I1222 14:09:03.125249 78714 naive_actor.cpp:25] actor 107760729456640 switch to &NaiveActor::HandlerNormal
I1222 14:09:03.125689 78719 copy_comm_net_actor.cpp:66] actor 106652772597775 switch to &CopyCommNetActor::HandlerNormal
I1222 14:09:03.125779 78719 thread.cpp:99] Thread 50856005 construct Actor kCopyCommNet 106652772597775
I1222 14:09:03.125749 78724 naive_actor.cpp:25] actor 107760733650959 switch to &NaiveActor::HandlerNormal
I1222 14:09:03.125860 78716 naive_actor.cpp:25] actor 107760735748124 switch to &NaiveActor::HandlerNormal
I1222 14:09:03.125819 78719 runtime_context.cpp:29] DecreaseCounter constructing_actor_cnt, current val is 1645
I1222 14:09:03.125756 78714 thread.cpp:99] Thread 51384320 construct Actor kNormalForward 107760729456640
I1222 14:09:03.125870 78724 thread.cpp:99] Thread 51384322 construct Actor kCopyHd 107760733650959
I1222 14:09:03.126055 78714 runtime_context.cpp:29] DecreaseCounter constructing_actor_cnt, current val is 1644
I1222 14:09:03.126083 78724 runtime_context.cpp:29] DecreaseCounter constructing_actor_cnt, current val is 1643
I1222 14:09:03.125922 78716 thread.cpp:99] Thread 51384323 construct Actor kCollectiveBoxingGeneric 107760735748124
I1222 14:09:03.126030 78719 copy_comm_net_actor.cpp:66] actor 106652772597772 switch to &CopyCommNetActor::HandlerNormal
I1222 14:09:03.126212 78719 thread.cpp:99] Thread 50856005 construct Actor kCopyCommNet 106652772597772
I1222 14:09:03.126197 78716 runtime_context.cpp:29] DecreaseCounter constructing_actor_cnt, current val is 1642
I1222 14:09:03.126256 78719 runtime_context.cpp:29] DecreaseCounter constructing_actor_cnt, current val is 1641
I1222 14:09:03.126271 78724 naive_actor.cpp:25] actor 107760733650958 switch to &NaiveActor::HandlerNormal
I1222 14:09:03.126394 78724 thread.cpp:99] Thread 51384322 construct Actor kCopyHd 107760733650958
I1222 14:09:03.126403 78719 copy_comm_net_actor.cpp:66] actor 106652772597762 switch to &CopyCommNetActor::HandlerNormal
I1222 14:09:03.126514 78719 thread.cpp:99] Thread 50856005 construct Actor kCopyCommNet 106652772597762
I1222 14:09:03.126479 78724 runtime_context.cpp:29] DecreaseCounter constructing_actor_cnt, current val is 1640
I1222 14:09:03.126464 78716 naive_actor.cpp:25] actor 107760735748133 switch to &NaiveActor::HandlerNormal
I1222 14:09:03.126546 78719 runtime_context.cpp:29] DecreaseCounter constructing_actor_cnt, current val is 1639
I1222 14:09:03.126648 78716 thread.cpp:99] Thread 51384323 construct Actor kCollectiveBoxingGeneric 107760735748133
I1222 14:09:03.126737 78724 naive_actor.cpp:25] actor 107760733650951 switch to &NaiveActor::HandlerNormal
I1222 14:09:03.126781 78716 runtime_context.cpp:29] DecreaseCounter constructing_actor_cnt, current val is 1638
I1222 14:09:03.126766 78719 copy_comm_net_actor.cpp:66] actor 106652772597779 switch to &CopyCommNetActor::HandlerNormal
I1222 14:09:03.126885 78719 thread.cpp:99] Thread 50856005 construct Actor kCopyCommNet 106652772597779
I1222 14:09:03.126802 78724 thread.cpp:99] Thread 51384322 construct Actor kCopyHd 107760733650951
I1222 14:09:03.126929 78719 runtime_context.cpp:29] DecreaseCounter constructing_actor_cnt, current val is 1637
I1222 14:09:03.126930 78714 naive_actor.cpp:25] actor 107760729456647 switch to &NaiveActor::HandlerNormal
I1222 14:09:03.127077 78719 copy_comm_net_actor.cpp:66] actor 106652772597778 switch to &CopyCommNetActor::HandlerNormal
I1222 14:09:03.127115 78719 thread.cpp:99] Thread 50856005 construct Actor kCopyCommNet 106652772597778
I1222 14:09:03.127010 78724 runtime_context.cpp:29] DecreaseCounter constructing_actor_cnt, current val is 1636
I1222 14:09:03.127086 78714 thread.cpp:99] Thread 51384320 construct Actor kNormalForward 107760729456647
I1222 14:09:03.127027 78716 naive_actor.cpp:25] actor 107760735748201 switch to &NaiveActor::HandlerNormal
I1222 14:09:03.127336 78724 naive_actor.cpp:25] actor 107760733650947 switch to &NaiveActor::HandlerNormal
I1222 14:09:03.127274 78714 runtime_context.cpp:29] DecreaseCounter constructing_actor_cnt, current val is 1634
I1222 14:09:03.127158 78719 runtime_context.cpp:29] DecreaseCounter constructing_actor_cnt, current val is 1635
I1222 14:09:03.127346 78716 thread.cpp:99] Thread 51384323 construct Actor kCollectiveBoxingGeneric 107760735748201
I1222 14:09:03.127903 78724 thread.cpp:99] Thread 51384322 construct Actor kCopyHd 107760733650947
I1222 14:09:03.128051 78719 copy_comm_net_actor.cpp:66] actor 106652772597777 switch to &CopyCommNetActor::HandlerNormal
I1222 14:09:03.128139 78719 thread.cpp:99] Thread 50856005 construct Actor kCopyCommNet 106652772597777
I1222 14:09:03.128111 78724 runtime_context.cpp:29] DecreaseCounter constructing_actor_cnt, current val is 1632
I1222 14:09:03.128065 78716 runtime_context.cpp:29] DecreaseCounter constructing_actor_cnt, current val is 1633
I1222 14:09:03.128183 78719 runtime_context.cpp:29] DecreaseCounter constructing_actor_cnt, current val is 1631
I1222 14:09:03.128388 78724 naive_actor.cpp:25] actor 107760733650949 switch to &NaiveActor::HandlerNormal
I1222 14:09:03.128455 78716 naive_actor.cpp:25] actor 107760735748160 switch to &NaiveActor::HandlerNormal
I1222 14:09:03.128394 78719 copy_comm_net_actor.cpp:66] actor 106652772597771 switch to &CopyCommNetActor::HandlerNormal
I1222 14:09:03.128566 78719 thread.cpp:99] Thread 50856005 construct Actor kCopyCommNet 106652772597771
I1222 14:09:03.128542 78716 thread.cpp:99] Thread 51384323 construct Actor kCollectiveBoxingGeneric 107760735748160
I1222 14:09:03.128477 78724 thread.cpp:99] Thread 51384322 construct Actor kCopyHd 107760733650949
I1222 14:09:03.128612 78719 runtime_context.cpp:29] DecreaseCounter constructing_actor_cnt, current val is 1630
I1222 14:09:03.128675 78716 runtime_context.cpp:29] DecreaseCounter constructing_actor_cnt, current val is 1629
I1222 14:09:03.128705 78714 naive_actor.cpp:25] actor 107760729456670 switch to &NaiveActor::HandlerNormal
I1222 14:09:03.128706 78724 runtime_context.cpp:29] DecreaseCounter constructing_actor_cnt, current val is 1628
I1222 14:09:03.128789 78719 copy_comm_net_actor.cpp:66] actor 106652772597780 switch to &CopyCommNetActor::HandlerNormal
I1222 14:09:03.128916 78719 thread.cpp:99] Thread 50856005 construct Actor kCopyCommNet 106652772597780
I1222 14:09:03.128845 78714 thread.cpp:99] Thread 51384320 construct Actor kNormalForward 107760729456670
I1222 14:09:03.128945 78716 naive_actor.cpp:25] actor 107760735748140 switch to &NaiveActor::HandlerNormal
I1222 14:09:03.129026 78714 runtime_context.cpp:29] DecreaseCounter constructing_actor_cnt, current val is 1626
I1222 14:09:03.128958 78719 runtime_context.cpp:29] DecreaseCounter constructing_actor_cnt, current val is 1627
I1222 14:09:03.129038 78716 thread.cpp:99] Thread 51384323 construct Actor kCollectiveBoxingGeneric 107760735748140
I1222 14:09:03.129040 78724 naive_actor.cpp:25] actor 107760733650955 switch to &NaiveActor::HandlerNormal
I1222 14:09:03.129184 78716 runtime_context.cpp:29] DecreaseCounter constructing_actor_cnt, current val is 1625
I1222 14:09:03.129221 78724 thread.cpp:99] Thread 51384322 construct Actor kCopyHd 107760733650955
I1222 14:09:03.129462 78716 naive_actor.cpp:25] actor 107760735748175 switch to &NaiveActor::HandlerNormal
I1222 14:09:03.129515 78716 thread.cpp:99] Thread 51384323 construct Actor kCollectiveBoxingGeneric 107760735748175
I1222 14:09:03.129694 78724 runtime_context.cpp:29] DecreaseCounter constructing_actor_cnt, current val is 1624
I1222 14:09:03.129695 78716 runtime_context.cpp:29] DecreaseCounter constructing_actor_cnt, current val is 1623
I1222 14:09:03.129933 78724 naive_actor.cpp:25] actor 107760733650956 switch to &NaiveActor::HandlerNormal
I1222 14:09:03.130008 78716 naive_actor.cpp:25] actor 107760735748185 switch to &NaiveActor::HandlerNormal
I1222 14:09:03.130040 78724 thread.cpp:99] Thread 51384322 construct Actor kCopyHd 107760733650956
I1222 14:09:03.130107 78716 thread.cpp:99] Thread 51384323 construct Actor kCollectiveBoxingGeneric 107760735748185
I1222 14:09:03.130249 78724 runtime_context.cpp:29] DecreaseCounter constructing_actor_cnt, current val is 1622
I1222 14:09:03.130722 78716 runtime_context.cpp:29] DecreaseCounter constructing_actor_cnt, current val is 1621
I1222 14:09:03.130761 78714 naive_actor.cpp:25] actor 107760729456667 switch to &NaiveActor::HandlerNormal
I1222 14:09:03.130864 78714 thread.cpp:99] Thread 51384320 construct Actor kNormalForward 107760729456667
I1222 14:09:03.130905 78724 naive_actor.cpp:25] actor 107760733650962 switch to &NaiveActor::HandlerNormal
I1222 14:09:03.130962 78714 runtime_context.cpp:29] DecreaseCounter constructing_actor_cnt, current val is 1620
I1222 14:09:03.130977 78724 thread.cpp:99] Thread 51384322 construct Actor kCopyHd 107760733650962
I1222 14:09:03.131001 78716 naive_actor.cpp:25] actor 107760735748151 switch to &NaiveActor::HandlerNormal
I1222 14:09:03.131076 78724 runtime_context.cpp:29] DecreaseCounter constructing_actor_cnt, current val is 1619
I1222 14:09:03.131100 78716 thread.cpp:99] Thread 51384323 construct Actor kCollectiveBoxingGeneric 107760735748151
I1222 14:09:03.131209 78716 runtime_context.cpp:29] DecreaseCounter constructing_actor_cnt, current val is 1618
I1222 14:09:03.131448 78716 naive_actor.cpp:25] actor 107760735748142 switch to &NaiveActor::HandlerNormal
I1222 14:09:03.131520 78716 thread.cpp:99] Thread 51384323 construct Actor kCollectiveBoxingGeneric 107760735748142
I1222 14:09:03.131587 78716 runtime_context.cpp:29] DecreaseCounter constructing_actor_cnt, current val is 1617
I1222 14:09:03.131780 78716 naive_actor.cpp:25] actor 107760735748156 switch to &NaiveActor::HandlerNormal
I1222 14:09:03.131834 78716 thread.cpp:99] Thread 51384323 construct Actor kCollectiveBoxingGeneric 107760735748156
I1222 14:09:03.131834 78714 naive_actor.cpp:25] actor 107760729456765 switch to &NaiveActor::HandlerNormal
I1222 14:09:03.131899 78716 runtime_context.cpp:29] DecreaseCounter constructing_actor_cnt, current val is 1616
I1222 14:09:03.131948 78714 thread.cpp:99] Thread 51384320 construct Actor kNormalForward 107760729456765
I1222 14:09:03.132066 78714 runtime_context.cpp:29] DecreaseCounter constructing_actor_cnt, current val is 1615
I1222 14:09:03.132129 78716 naive_actor.cpp:25] actor 107760735748154 switch to &NaiveActor::HandlerNormal
I1222 14:09:03.132186 78716 thread.cpp:99] Thread 51384323 construct Actor kCollectiveBoxingGeneric 107760735748154
I1222 14:09:03.132247 78716 runtime_context.cpp:29] DecreaseCounter constructing_actor_cnt, current val is 1614
I1222 14:09:03.132434 78716 naive_actor.cpp:25] actor 107760735748161 switch to &NaiveActor::HandlerNormal
I1222 14:09:03.132488 78716 thread.cpp:99] Thread 51384323 construct Actor kCollectiveBoxingGeneric 107760735748161
I1222 14:09:03.132557 78716 runtime_context.cpp:29] DecreaseCounter constructing_actor_cnt, current val is 1613
I1222 14:09:03.132748 78716 naive_actor.cpp:25] actor 107760735748173 switch to &NaiveActor::HandlerNormal
I1222 14:09:03.132794 78716 thread.cpp:99] Thread 51384323 construct Actor kCollectiveBoxingGeneric 107760735748173
I1222 14:09:03.132850 78716 runtime_context.cpp:29] DecreaseCounter constructing_actor_cnt, current val is 1612
I1222 14:09:03.132949 78714 naive_actor.cpp:25] actor 107760729456742 switch to &NaiveActor::HandlerNormal
I1222 14:09:03.133024 78714 thread.cpp:99] Thread 51384320 construct Actor kNormalForward 107760729456742
I1222 14:09:03.133049 78716 naive_actor.cpp:25] actor 107760735748119 switch to &NaiveActor::HandlerNormal
I1222 14:09:03.133117 78714 runtime_context.cpp:29] DecreaseCounter constructing_actor_cnt, current val is 1611
I1222 14:09:03.133118 78716 thread.cpp:99] Thread 51384323 construct Actor kCollectiveBoxingGeneric 107760735748119
I1222 14:09:03.133226 78716 runtime_context.cpp:29] DecreaseCounter constructing_actor_cnt, current val is 1610
I1222 14:09:03.133428 78716 naive_actor.cpp:25] actor 107760735748118 switch to &NaiveActor::HandlerNormal
I1222 14:09:03.133563 78716 thread.cpp:99] Thread 51384323 construct Actor kCollectiveBoxingGeneric 107760735748118
I1222 14:09:03.133925 78714 naive_actor.cpp:25] actor 107760729456774 switch to &NaiveActor::HandlerNormal
I1222 14:09:03.133988 78716 runtime_context.cpp:29] DecreaseCounter constructing_actor_cnt, current val is 1609
I1222 14:09:03.134027 78714 thread.cpp:99] Thread 51384320 construct Actor kNormalForward 107760729456774
I1222 14:09:03.134152 78714 runtime_context.cpp:29] DecreaseCounter constructing_actor_cnt, current val is 1608
I1222 14:09:03.134233 78716 naive_actor.cpp:25] actor 107760735748116 switch to &NaiveActor::HandlerNormal
I1222 14:09:03.134291 78716 thread.cpp:99] Thread 51384323 construct Actor kCollectiveBoxingGeneric 107760735748116
I1222 14:09:03.134364 78716 runtime_context.cpp:29] DecreaseCounter constructing_actor_cnt, current val is 1607
I1222 14:09:03.134527 78714 naive_actor.cpp:25] actor 107760729456806 switch to &NaiveActor::HandlerNormal
I1222 14:09:03.134572 78716 naive_actor.cpp:25] actor 107760735748135 switch to &NaiveActor::HandlerNormal
I1222 14:09:03.134598 78714 thread.cpp:99] Thread 51384320 construct Actor kNormalForward 107760729456806
I1222 14:09:03.134644 78716 thread.cpp:99] Thread 51384323 construct Actor kCollectiveBoxingGeneric 107760735748135
I1222 14:09:03.134724 78714 runtime_context.cpp:29] DecreaseCounter constructing_actor_cnt, current val is 1606
I1222 14:09:03.134749 78716 runtime_context.cpp:29] DecreaseCounter constructing_actor_cnt, current val is 1605
I1222 14:09:03.134968 78716 naive_actor.cpp:25] actor 107760735748177 switch to &NaiveActor::HandlerNormal
I1222 14:09:03.135031 78716 thread.cpp:99] Thread 51384323 construct Actor kCollectiveBoxingGeneric 107760735748177
I1222 14:09:03.135107 78716 runtime_context.cpp:29] DecreaseCounter constructing_actor_cnt, current val is 1604
I1222 14:09:03.135305 78716 naive_actor.cpp:25] actor 107760735748104 switch to &NaiveActor::HandlerNormal
I1222 14:09:03.135358 78716 thread.cpp:99] Thread 51384323 construct Actor kCollectiveBoxingGeneric 107760735748104
I1222 14:09:03.135417 78716 runtime_context.cpp:29] DecreaseCounter constructing_actor_cnt, current val is 1603
I1222 14:09:03.135607 78716 naive_actor.cpp:25] actor 107760735748168 switch to &NaiveActor::HandlerNormal
I1222 14:09:03.135655 78714 naive_actor.cpp:25] actor 107760729456649 switch to &NaiveActor::HandlerNormal
I1222 14:09:03.135666 78716 thread.cpp:99] Thread 51384323 construct Actor kCollectiveBoxingGeneric 107760735748168
I1222 14:09:03.135715 78714 thread.cpp:99] Thread 51384320 construct Actor kNormalForward 107760729456649
I1222 14:09:03.135761 78716 runtime_context.cpp:29] DecreaseCounter constructing_actor_cnt, current val is 1602
I1222 14:09:03.135818 78714 runtime_context.cpp:29] DecreaseCounter constructing_actor_cnt, current val is 1601
I1222 14:09:03.135943 78716 naive_actor.cpp:25] actor 107760735748147 switch to &NaiveActor::HandlerNormal
I1222 14:09:03.136018 78716 thread.cpp:99] Thread 51384323 construct Actor kCollectiveBoxingGeneric 107760735748147
I1222 14:09:03.136077 78716 runtime_context.cpp:29] DecreaseCounter constructing_actor_cnt, current val is 1600
I1222 14:09:03.136261 78716 naive_actor.cpp:25] actor 107760735748149 switch to &NaiveActor::HandlerNormal
I1222 14:09:03.136320 78716 thread.cpp:99] Thread 51384323 construct Actor kCollectiveBoxingGeneric 107760735748149
I1222 14:09:03.136394 78716 runtime_context.cpp:29] DecreaseCounter constructing_actor_cnt, current val is 1599
I1222 14:09:03.136587 78716 naive_actor.cpp:25] actor 107760735748162 switch to &NaiveActor::HandlerNormal
I1222 14:09:03.136643 78716 thread.cpp:99] Thread 51384323 construct Actor kCollectiveBoxingGeneric 107760735748162
I1222 14:09:03.136672 78714 naive_actor.cpp:25] actor 107760729456657 switch to &NaiveActor::HandlerNormal
I1222 14:09:03.136705 78716 runtime_context.cpp:29] DecreaseCounter constructing_actor_cnt, current val is 1598
I1222 14:09:03.136750 78714 thread.cpp:99] Thread 51384320 construct Actor kNormalForward 107760729456657
I1222 14:09:03.136947 78716 naive_actor.cpp:25] actor 107760735748199 switch to &NaiveActor::HandlerNormal
I1222 14:09:03.136961 78714 runtime_context.cpp:29] DecreaseCounter constructing_actor_cnt, current val is 1597
I1222 14:09:03.137375 78716 thread.cpp:99] Thread 51384323 construct Actor kCollectiveBoxingGeneric 107760735748199
I1222 14:09:03.137481 78716 runtime_context.cpp:29] DecreaseCounter constructing_actor_cnt, current val is 1596
I1222 14:09:03.137681 78716 naive_actor.cpp:25] actor 107760735748183 switch to &NaiveActor::HandlerNormal
I1222 14:09:03.137742 78716 thread.cpp:99] Thread 51384323 construct Actor kCollectiveBoxingGeneric 107760735748183
I1222 14:09:03.137791 78716 runtime_context.cpp:29] DecreaseCounter constructing_actor_cnt, current val is 1595
I1222 14:09:03.137997 78716 naive_actor.cpp:25] actor 107760735748105 switch to &NaiveActor::HandlerNormal
I1222 14:09:03.138062 78716 thread.cpp:99] Thread 51384323 construct Actor kCollectiveBoxingGeneric 107760735748105
I1222 14:09:03.138121 78716 runtime_context.cpp:29] DecreaseCounter constructing_actor_cnt, current val is 1594
I1222 14:09:03.138201 78714 naive_actor.cpp:25] actor 107760729456702 switch to &NaiveActor::HandlerNormal
I1222 14:09:03.138275 78714 thread.cpp:99] Thread 51384320 construct Actor kNormalForward 107760729456702
I1222 14:09:03.138319 78716 naive_actor.cpp:25] actor 107760735748106 switch to &NaiveActor::HandlerNormal
I1222 14:09:03.138361 78714 runtime_context.cpp:29] DecreaseCounter constructing_actor_cnt, current val is 1593
I1222 14:09:03.138381 78716 thread.cpp:99] Thread 51384323 construct Actor kCollectiveBoxingGeneric 107760735748106
I1222 14:09:03.138480 78716 runtime_context.cpp:29] DecreaseCounter constructing_actor_cnt, current val is 1592
I1222 14:09:03.138687 78716 naive_actor.cpp:25] actor 107760735748191 switch to &NaiveActor::HandlerNormal
I1222 14:09:03.138737 78716 thread.cpp:99] Thread 51384323 construct Actor kCollectiveBoxingGeneric 107760735748191
I1222 14:09:03.138798 78716 runtime_context.cpp:29] DecreaseCounter constructing_actor_cnt, current val is 1591
I1222 14:09:03.138990 78716 naive_actor.cpp:25] actor 107760735748121 switch to &NaiveActor::HandlerNormal
I1222 14:09:03.139052 78716 thread.cpp:99] Thread 51384323 construct Actor kCollectiveBoxingGeneric 107760735748121
I1222 14:09:03.139099 78716 runtime_context.cpp:29] DecreaseCounter constructing_actor_cnt, current val is 1590
I1222 14:09:03.139181 78714 naive_actor.cpp:25] actor 107760729456666 switch to &NaiveActor::HandlerNormal
I1222 14:09:03.139250 78714 thread.cpp:99] Thread 51384320 construct Actor kNormalForward 107760729456666
I1222 14:09:03.139266 78716 naive_actor.cpp:25] actor 107760735748130 switch to &NaiveActor::HandlerNormal
I1222 14:09:03.139340 78714 runtime_context.cpp:29] DecreaseCounter constructing_actor_cnt, current val is 1589
I1222 14:09:03.139348 78716 thread.cpp:99] Thread 51384323 construct Actor kCollectiveBoxingGeneric 107760735748130
I1222 14:09:03.139436 78716 runtime_context.cpp:29] DecreaseCounter constructing_actor_cnt, current val is 1588
