 from [base_model.m_stage0.embeddings.LayerNorm-layer_norm_24] (stage_id:0) -> [base_model.m_stage0.embeddings.LayerNorm-layer_norm_24_param_grad] (stage_id:0) 
I1222 14:12:24.941046 78923 pipeline_buffer_pass.cpp:117] 
 Insert buffer op : [System-Pipeline-Buffer-Op_-base_model.m_stage0.embeddings-broadcast_add_23-z_0-stage_id_0](buffer_size:4) 
 from [base_model.m_stage0.embeddings-broadcast_add_23] (stage_id:0) -> [base_model.m_stage0.embeddings.LayerNorm-layer_norm_24_grad] (stage_id:0) 
I1222 14:12:24.941099 78923 pipeline_buffer_pass.cpp:117] 
 Insert buffer op : [System-Pipeline-Buffer-Op_-base_model.m_stage0.embeddings.LayerNorm-layer_norm_24-mean_0-stage_id_0](buffer_size:4) 
 from [base_model.m_stage0.embeddings.LayerNorm-layer_norm_24] (stage_id:0) -> [base_model.m_stage0.embeddings.LayerNorm-layer_norm_24_grad] (stage_id:0) 
I1222 14:12:24.941146 78923 pipeline_buffer_pass.cpp:117] 
 Insert buffer op : [System-Pipeline-Buffer-Op_-base_model.m_stage0.embeddings.LayerNorm-layer_norm_24-inv_variance_0-stage_id_0](buffer_size:4) 
 from [base_model.m_stage0.embeddings.LayerNorm-layer_norm_24] (stage_id:0) -> [base_model.m_stage0.embeddings.LayerNorm-layer_norm_24_grad] (stage_id:0) 
I1222 14:12:24.941200 78923 pipeline_buffer_pass.cpp:117] 
 Insert buffer op : [System-Pipeline-Buffer-Op_-base_model.m_stage0.embeddings.position_embeddings-gather_20-out_0-stage_id_0](buffer_size:4) 
 from [base_model.m_stage0.embeddings.position_embeddings-gather_20] (stage_id:0) -> [base_model.m_stage0.embeddings-broadcast_add_23_y_grad_reduce_sum_like] (stage_id:0) 
I1222 14:12:24.941256 78923 pipeline_buffer_pass.cpp:117] 
 Insert buffer op : [System-Pipeline-Buffer-Op_-base_model.m_stage0.embeddings-slice_19-y_0-stage_id_0](buffer_size:4) 
 from [base_model.m_stage0.embeddings-slice_19] (stage_id:0) -> [base_model.m_stage0.embeddings.position_embeddings-gather_20_grad] (stage_id:0) 
I1222 14:12:24.941342 78923 pipeline_buffer_pass.cpp:117] 
 Insert buffer op : [System-Pipeline-Buffer-Op_-base_model-identity_15-out_0-stage_id_0](buffer_size:4) 
 from [base_model-identity_15] (stage_id:0) -> [base_model.m_stage0.embeddings.word_embeddings-gather_18_grad] (stage_id:0) 
I1222 14:12:24.941896 78923 pipeline_buffer_pass.cpp:117] 
 Insert buffer op : [System-Pipeline-Buffer-Op_-base_model-identity_16-out_0-stage_id_0](buffer_size:4) 
 from [base_model-identity_16] (stage_id:0) -> [base_model.m_stage0.embeddings.token_type_embeddings-gather_21_grad] (stage_id:0) 
I1222 14:12:24.942194 78923 pipeline_buffer_pass.cpp:117] 
 Insert buffer op : [System-Pipeline-Buffer-Op_-_train_data_loader-hierarchical_parallel_cast_8-out_0-stage_id_0](buffer_size:4) 
 from [_train_data_loader-hierarchical_parallel_cast_8] (stage_id:0) -> [base_model-identity_15] (stage_id:0) 
I1222 14:12:24.942257 78923 pipeline_buffer_pass.cpp:117] 
 Insert buffer op : [System-Pipeline-Buffer-Op_-_train_data_loader-hierarchical_parallel_cast_11-out_0-stage_id_0](buffer_size:4) 
 from [_train_data_loader-hierarchical_parallel_cast_11] (stage_id:0) -> [base_model-identity_16] (stage_id:0) 
I1222 14:12:24.942309 78923 pipeline_buffer_pass.cpp:117] 
 Insert buffer op : [System-Pipeline-Buffer-Op_-_train_data_loader-hierarchical_parallel_cast_10-out_0-stage_id_0](buffer_size:4) 
 from [_train_data_loader-hierarchical_parallel_cast_10] (stage_id:0) -> [base_model-identity_17] (stage_id:0) 
I1222 14:12:24.942658 78923 pipeline_buffer_pass.cpp:212] 
 Insert buffer op pair : src_buffer = <System-Pipeline-Buffer-Op_-base_model-identity_236-out_0>(buffer_size:1) , dst_buffer = <System-Pipeline-Buffer-Op_-base_model-identity_236-out_0-stage_id_1>(buffer_size:1) 
 from [base_model-identity_236] (stage_id:0) -> [base_model-identity_237] (stage_id:1) 
I1222 14:12:24.942720 78923 pipeline_buffer_pass.cpp:117] 
 Insert buffer op : [System-Pipeline-Buffer-Op_-_train_data_loader-hierarchical_parallel_cast_10-out_0-stage_id_1](buffer_size:4) 
 from [_train_data_loader-hierarchical_parallel_cast_10] (stage_id:0) -> [base_model-identity_238] (stage_id:1) 
I1222 14:12:24.943033 78923 pipeline_buffer_pass.cpp:117] 
 Insert buffer op : [System-Pipeline-Buffer-Op_-_train_data_loader-hierarchical_parallel_cast_9-out_0-stage_id_1](buffer_size:4) 
 from [_train_data_loader-hierarchical_parallel_cast_9] (stage_id:0) -> [reshape_464] (stage_id:1) 
I1222 14:12:24.943099 78923 pipeline_buffer_pass.cpp:117] 
 Insert buffer op : [System-Pipeline-Buffer-Op_-_train_data_loader-hierarchical_parallel_cast_13-out_0-stage_id_1](buffer_size:4) 
 from [_train_data_loader-hierarchical_parallel_cast_13] (stage_id:0) -> [expand_dims_472] (stage_id:1) 
I1222 14:12:24.943169 78923 pipeline_buffer_pass.cpp:117] 
 Insert buffer op : [System-Pipeline-Buffer-Op_-_train_data_loader-hierarchical_parallel_cast_12-out_0-stage_id_1](buffer_size:4) 
 from [_train_data_loader-hierarchical_parallel_cast_12] (stage_id:0) -> [reshape_476] (stage_id:1) 
I1222 14:12:24.943230 78923 pipeline_buffer_pass.cpp:117] 
 Insert buffer op : [System-Pipeline-Buffer-Op_-_train_data_loader-hierarchical_parallel_cast_14-out_0-stage_id_1](buffer_size:4) 
 from [_train_data_loader-hierarchical_parallel_cast_14] (stage_id:0) -> [multiply_483] (stage_id:1) 
I1222 14:12:24.943907 78923 pipeline_buffer_pass.cpp:212] 
 Insert buffer op pair : src_buffer = <System-Pipeline-Buffer-Op_-base_model-identity_237_grad-out_0>(buffer_size:1) , dst_buffer = <System-Pipeline-Buffer-Op_-base_model-identity_237_grad-out_0-stage_id_0>(buffer_size:1) 
 from [base_model-identity_237_grad] (stage_id:1) -> [base_model-identity_236_grad] (stage_id:0) 
I1222 14:12:25.613224 78923 global.h:43] DeleteGlobal N7oneflow7JobDescE
I1222 14:12:26.303158 78923 global.h:36] NewGlobal N7oneflow7JobDescE
I1222 14:12:34.958420 78923 runtime_context.cpp:21] NewCounter constructing_actor_cnt 1722
I1222 14:12:34.959192 79270 wait_and_send_ids_actor.cpp:53] actor 106652764209152 switch to &WaitAndSendIdsActor::HandlerWaitToStart
I1222 14:12:34.959208 79257 naive_actor.cpp:25] actor 107760729458177 switch to &NaiveActor::HandlerNormal
I1222 14:12:34.959273 79270 thread.cpp:99] Thread 50856001 construct Actor kWaitAndSendIds 106652764209152
I1222 14:12:34.959343 79257 thread.cpp:99] Thread 51384320 construct Actor kDeviceTick 107760729458177
I1222 14:12:34.959710 79270 runtime_context.cpp:29] DecreaseCounter constructing_actor_cnt, current val is 1721
I1222 14:12:34.959754 79257 runtime_context.cpp:29] DecreaseCounter constructing_actor_cnt, current val is 1720
I1222 14:12:34.959965 79257 naive_actor.cpp:25] actor 107760729458175 switch to &NaiveActor::HandlerNormal
I1222 14:12:34.959995 79257 thread.cpp:99] Thread 51384320 construct Actor kDeviceTick 107760729458175
I1222 14:12:34.960043 79257 runtime_context.cpp:29] DecreaseCounter constructing_actor_cnt, current val is 1719
I1222 14:12:34.960362 79257 naive_actor.cpp:25] actor 107760729458173 switch to &NaiveActor::HandlerNormal
I1222 14:12:34.960404 79257 thread.cpp:99] Thread 51384320 construct Actor kDeviceTick 107760729458173
I1222 14:12:34.960449 79257 runtime_context.cpp:29] DecreaseCounter constructing_actor_cnt, current val is 1718
I1222 14:12:34.960619 79257 naive_actor.cpp:25] actor 107760729458170 switch to &NaiveActor::HandlerNormal
I1222 14:12:34.960656 79257 thread.cpp:99] Thread 51384320 construct Actor kDeviceTick 107760729458170
I1222 14:12:34.960696 79257 runtime_context.cpp:29] DecreaseCounter constructing_actor_cnt, current val is 1717
I1222 14:12:34.960836 79257 naive_actor.cpp:25] actor 107760729458179 switch to &NaiveActor::HandlerNormal
I1222 14:12:34.960870 79257 thread.cpp:99] Thread 51384320 construct Actor kDeviceTick 107760729458179
I1222 14:12:34.960908 79257 runtime_context.cpp:29] DecreaseCounter constructing_actor_cnt, current val is 1716
I1222 14:12:35.002655 79249 naive_actor.cpp:25] actor 106652634185728 switch to &NaiveActor::HandlerNormal
I1222 14:12:35.002725 79249 thread.cpp:99] Thread 50855939 construct Actor kNormalForward 106652634185728
I1222 14:12:35.002740 79257 naive_actor.cpp:25] actor 107760729456653 switch to &NaiveActor::HandlerNormal
I1222 14:12:35.002861 79257 thread.cpp:99] Thread 51384320 construct Actor kNormalForward 107760729456653
I1222 14:12:35.002908 79254 naive_actor.cpp:25] actor 106652636282880 switch to &NaiveActor::HandlerNormal
I1222 14:12:35.003032 79260 naive_actor.cpp:25] actor 107760735748101 switch to &NaiveActor::HandlerNormal
I1222 14:12:35.003039 79249 runtime_context.cpp:29] DecreaseCounter constructing_actor_cnt, current val is 1715
I1222 14:12:35.003126 79265 naive_actor.cpp:25] actor 107760733650952 switch to &NaiveActor::HandlerNormal
I1222 14:12:35.003131 79257 runtime_context.cpp:29] DecreaseCounter constructing_actor_cnt, current val is 1714
I1222 14:12:35.003155 79258 copy_comm_net_actor.cpp:66] actor 106652772597760 switch to &CopyCommNetActor::HandlerNormal
I1222 14:12:35.003156 79253 naive_actor.cpp:25] actor 106652638380032 switch to &NaiveActor::HandlerNormal
I1222 14:12:35.003183 79267 naive_actor.cpp:25] actor 107760731553792 switch to &NaiveActor::HandlerNormal
I1222 14:12:35.003233 79252 naive_actor.cpp:25] actor 106652640477184 switch to &NaiveActor::HandlerNormal
I1222 14:12:35.003373 79261 naive_actor.cpp:25] actor 106652762112008 switch to &NaiveActor::HandlerNormal
I1222 14:12:35.003399 79250 naive_actor.cpp:25] actor 106652632088576 switch to &NaiveActor::HandlerNormal
I1222 14:12:35.003409 79271 sink_actor.cpp:21] actor 106652766306304 switch to &SinkActor::HandlerNormal
I1222 14:12:35.003461 79255 naive_actor.cpp:25] actor 106652629991424 switch to &NaiveActor::HandlerNormal
I1222 14:12:35.003602 79262 naive_actor.cpp:25] actor 106652768403456 switch to &NaiveActor::HandlerNormal
I1222 14:12:35.003629 79263 naive_actor.cpp:25] actor 106652642574336 switch to &NaiveActor::HandlerNormal
I1222 14:12:35.003755 79269 naive_actor.cpp:25] actor 106652770500608 switch to &NaiveActor::HandlerNormal
I1222 14:12:35.003829 79268 naive_actor.cpp:25] actor 106652644671488 switch to &NaiveActor::HandlerNormal
I1222 14:12:35.003981 79251 naive_actor.cpp:25] actor 106652627894272 switch to &NaiveActor::HandlerNormal
I1222 14:12:35.004115 79254 thread.cpp:99] Thread 50855940 construct Actor kNormalForward 106652636282880
I1222 14:12:35.004169 79260 thread.cpp:99] Thread 51384323 construct Actor kCollectiveBoxingGeneric 107760735748101
I1222 14:12:35.004248 79265 thread.cpp:99] Thread 51384322 construct Actor kCopyHd 107760733650952
I1222 14:12:35.004349 79258 thread.cpp:99] Thread 50856005 construct Actor kCopyCommNet 106652772597760
I1222 14:12:35.005904 79265 runtime_context.cpp:29] DecreaseCounter constructing_actor_cnt, current val is 1712
I1222 14:12:35.005928 79258 runtime_context.cpp:29] DecreaseCounter constructing_actor_cnt, current val is 1710
I1222 14:12:35.004549 79252 thread.cpp:99] Thread 50855942 construct Actor kNormalForward 106652640477184
I1222 14:12:35.004618 79261 thread.cpp:99] Thread 50856000 construct Actor kSrcSubsetTick 106652762112008
I1222 14:12:35.006119 79252 runtime_context.cpp:29] DecreaseCounter constructing_actor_cnt, current val is 1709
I1222 14:12:35.004745 79271 thread.cpp:99] Thread 50856002 construct Actor kCallbackNotify 106652766306304
I1222 14:12:35.004794 79255 thread.cpp:99] Thread 50855937 construct Actor kNormalForward 106652629991424
I1222 14:12:35.004838 79262 thread.cpp:99] Thread 50856003 construct Actor kCriticalSectionWaitTick 106652768403456
I1222 14:12:35.004868 79257 naive_actor.cpp:25] actor 107760729456649 switch to &NaiveActor::HandlerNormal
I1222 14:12:35.006284 79262 runtime_context.cpp:29] DecreaseCounter constructing_actor_cnt, current val is 1705
I1222 14:12:35.005038 79269 thread.cpp:99] Thread 50856004 construct Actor kCriticalSectionWaitTick 106652770500608
I1222 14:12:35.005609 79268 thread.cpp:99] Thread 50855944 construct Actor kNormalForward 106652644671488
I1222 14:12:35.005735 79251 thread.cpp:99] Thread 50855936 construct Actor kNormalForward 106652627894272
I1222 14:12:35.005892 79260 runtime_context.cpp:29] DecreaseCounter constructing_actor_cnt, current val is 1713
I1222 14:12:35.004431 79253 thread.cpp:99] Thread 50855941 construct Actor kNormalForward 106652638380032
I1222 14:12:35.004470 79267 thread.cpp:99] Thread 51384321 construct Actor kCopyHd 107760731553792
I1222 14:12:35.005924 79254 runtime_context.cpp:29] DecreaseCounter constructing_actor_cnt, current val is 1711
I1222 14:12:35.006026 79265 naive_actor.cpp:25] actor 107760733650947 switch to &NaiveActor::HandlerNormal
I1222 14:12:35.006063 79258 copy_comm_net_actor.cpp:66] actor 106652772597778 switch to &CopyCommNetActor::HandlerNormal
I1222 14:12:35.004669 79250 thread.cpp:99] Thread 50855938 construct Actor kNormalForward 106652632088576
I1222 14:12:35.006153 79261 runtime_context.cpp:29] DecreaseCounter constructing_actor_cnt, current val is 1708
I1222 14:12:35.006214 79271 runtime_context.cpp:29] DecreaseCounter constructing_actor_cnt, current val is 1707
I1222 14:12:35.006273 79255 runtime_context.cpp:29] DecreaseCounter constructing_actor_cnt, current val is 1706
I1222 14:12:35.004889 79263 thread.cpp:99] Thread 50855943 construct Actor kNormalForward 106652642574336
I1222 14:12:35.006289 79257 thread.cpp:99] Thread 51384320 construct Actor kNormalForward 107760729456649
I1222 14:12:35.006422 79268 runtime_context.cpp:29] DecreaseCounter constructing_actor_cnt, current val is 1703
I1222 14:12:35.006418 79269 runtime_context.cpp:29] DecreaseCounter constructing_actor_cnt, current val is 1704
I1222 14:12:35.006543 79251 runtime_context.cpp:29] DecreaseCounter constructing_actor_cnt, current val is 1702
I1222 14:12:35.006647 79253 runtime_context.cpp:29] DecreaseCounter constructing_actor_cnt, current val is 1701
I1222 14:12:35.006657 79267 runtime_context.cpp:29] DecreaseCounter constructing_actor_cnt, current val is 1700
I1222 14:12:35.006702 79260 naive_actor.cpp:25] actor 107760735748125 switch to &NaiveActor::HandlerNormal
I1222 14:12:35.006757 79265 thread.cpp:99] Thread 51384322 construct Actor kCopyHd 107760733650947
I1222 14:12:35.006795 79258 thread.cpp:99] Thread 50856005 construct Actor kCopyCommNet 106652772597778
I1222 14:12:35.006868 79250 runtime_context.cpp:29] DecreaseCounter constructing_actor_cnt, current val is 1699
I1222 14:12:35.007000 79263 runtime_context.cpp:29] DecreaseCounter constructing_actor_cnt, current val is 1698
I1222 14:12:35.007055 79257 runtime_context.cpp:29] DecreaseCounter constructing_actor_cnt, current val is 1697
I1222 14:12:35.007064 79261 naive_actor.cpp:25] actor 106652762112003 switch to &NaiveActor::HandlerNormal
I1222 14:12:35.007272 79260 thread.cpp:99] Thread 51384323 construct Actor kCollectiveBoxingGeneric 107760735748125
I1222 14:12:35.007315 79267 naive_actor.cpp:25] actor 107760731553794 switch to &NaiveActor::HandlerNormal
I1222 14:12:35.007344 79265 runtime_context.cpp:29] DecreaseCounter constructing_actor_cnt, current val is 1696
I1222 14:12:35.008038 79258 runtime_context.cpp:29] DecreaseCounter constructing_actor_cnt, current val is 1695
I1222 14:12:35.008145 79261 thread.cpp:99] Thread 50856000 construct Actor kTick 106652762112003
I1222 14:12:35.008208 79260 runtime_context.cpp:29] DecreaseCounter constructing_actor_cnt, current val is 1694
I1222 14:12:35.008231 79267 thread.cpp:99] Thread 51384321 construct Actor kCopyHd 107760731553794
I1222 14:12:35.008340 79265 naive_actor.cpp:25] actor 107760733650960 switch to &NaiveActor::HandlerNormal
I1222 14:12:35.008370 79261 runtime_context.cpp:29] DecreaseCounter constructing_actor_cnt, current val is 1693
I1222 14:12:35.008373 79258 copy_comm_net_actor.cpp:66] actor 106652772597762 switch to &CopyCommNetActor::HandlerNormal
I1222 14:12:35.008555 79260 naive_actor.cpp:25] actor 107760735748194 switch to &NaiveActor::HandlerNormal
I1222 14:12:35.008469 79265 thread.cpp:99] Thread 51384322 construct Actor kCopyHd 107760733650960
I1222 14:12:35.008422 79267 runtime_context.cpp:29] DecreaseCounter constructing_actor_cnt, current val is 1692
I1222 14:12:35.008654 79265 runtime_context.cpp:29] DecreaseCounter constructing_actor_cnt, current val is 1691
I1222 14:12:35.008607 79260 thread.cpp:99] Thread 51384323 construct Actor kCollectiveBoxingGeneric 107760735748194
I1222 14:12:35.008566 79258 thread.cpp:99] Thread 50856005 construct Actor kCopyCommNet 106652772597762
I1222 14:12:35.008710 79257 naive_actor.cpp:25] actor 107760729456642 switch to &NaiveActor::HandlerNormal
I1222 14:12:35.008749 79267 naive_actor.cpp:25] actor 107760731553793 switch to &NaiveActor::HandlerNormal
I1222 14:12:35.008766 79260 runtime_context.cpp:29] DecreaseCounter constructing_actor_cnt, current val is 1690
I1222 14:12:35.008802 79258 runtime_context.cpp:29] DecreaseCounter constructing_actor_cnt, current val is 1689
I1222 14:12:35.008833 79257 thread.cpp:99] Thread 51384320 construct Actor kNormalForward 107760729456642
I1222 14:12:35.008864 79267 thread.cpp:99] Thread 51384321 construct Actor kCopyHd 107760731553793
I1222 14:12:35.009006 79265 naive_actor.cpp:25] actor 107760733650948 switch to &NaiveActor::HandlerNormal
I1222 14:12:35.008966 79261 naive_actor.cpp:25] actor 106652762112005 switch to &NaiveActor::HandlerNormal
I1222 14:12:35.009021 79257 runtime_context.cpp:29] DecreaseCounter constructing_actor_cnt, current val is 1688
I1222 14:12:35.009033 79267 runtime_context.cpp:29] DecreaseCounter constructing_actor_cnt, current val is 1687
I1222 14:12:35.009047 79258 copy_comm_net_actor.cpp:66] actor 106652772597766 switch to &CopyCommNetActor::HandlerNormal
I1222 14:12:35.009191 79258 thread.cpp:99] Thread 50856005 construct Actor kCopyCommNet 106652772597766
I1222 14:12:35.009075 79265 thread.cpp:99] Thread 51384322 construct Actor kCopyHd 107760733650948
I1222 14:12:35.009109 79261 thread.cpp:99] Thread 50856000 construct Actor kTick 106652762112005
I1222 14:12:35.009048 79260 naive_actor.cpp:25] actor 107760735748118 switch to &NaiveActor::HandlerNormal
I1222 14:12:35.009229 79258 runtime_context.cpp:29] DecreaseCounter constructing_actor_cnt, current val is 1686
I1222 14:12:35.009281 79265 runtime_context.cpp:29] DecreaseCounter constructing_actor_cnt, current val is 1685
I1222 14:12:35.009313 79261 runtime_context.cpp:29] DecreaseCounter constructing_actor_cnt, current val is 1684
I1222 14:12:35.009328 79260 thread.cpp:99] Thread 51384323 construct Actor kCollectiveBoxingGeneric 107760735748118
I1222 14:12:35.009335 79257 naive_actor.cpp:25] actor 107760729456654 switch to &NaiveActor::HandlerNormal
I1222 14:12:35.009439 79258 copy_comm_net_actor.cpp:66] actor 106652772597764 switch to &CopyCommNetActor::HandlerNormal
I1222 14:12:35.010121 79258 thread.cpp:99] Thread 50856005 construct Actor kCopyCommNet 106652772597764
I1222 14:12:35.010064 79260 runtime_context.cpp:29] DecreaseCounter constructing_actor_cnt, current val is 1683
I1222 14:12:35.010082 79257 thread.cpp:99] Thread 51384320 construct Actor kNormalForward 107760729456654
I1222 14:12:35.009591 79265 naive_actor.cpp:25] actor 107760733650955 switch to &NaiveActor::HandlerNormal
I1222 14:12:35.010253 79261 naive_actor.cpp:25] actor 106652762112004 switch to &NaiveActor::HandlerNormal
I1222 14:12:35.010253 79257 runtime_context.cpp:29] DecreaseCounter constructing_actor_cnt, current val is 1681
I1222 14:12:35.010161 79258 runtime_context.cpp:29] DecreaseCounter constructing_actor_cnt, current val is 1682
I1222 14:12:35.010272 79265 thread.cpp:99] Thread 51384322 construct Actor kCopyHd 107760733650955
I1222 14:12:35.010301 79261 thread.cpp:99] Thread 50856000 construct Actor kTick 106652762112004
I1222 14:12:35.010334 79260 naive_actor.cpp:25] actor 107760735748117 switch to &NaiveActor::HandlerNormal
I1222 14:12:35.010422 79265 runtime_context.cpp:29] DecreaseCounter constructing_actor_cnt, current val is 1680
I1222 14:12:35.010453 79258 copy_comm_net_actor.cpp:66] actor 106652772597761 switch to &CopyCommNetActor::HandlerNormal
I1222 14:12:35.010464 79261 runtime_context.cpp:29] DecreaseCounter constructing_actor_cnt, current val is 1679
I1222 14:12:35.010483 79260 thread.cpp:99] Thread 51384323 construct Actor kCollectiveBoxingGeneric 107760735748117
I1222 14:12:35.010558 79258 thread.cpp:99] Thread 50856005 construct Actor kCopyCommNet 106652772597761
I1222 14:12:35.010634 79265 naive_actor.cpp:25] actor 107760733650954 switch to &NaiveActor::HandlerNormal
I1222 14:12:35.010648 79260 runtime_context.cpp:29] DecreaseCounter constructing_actor_cnt, current val is 1678
I1222 14:12:35.010679 79258 runtime_context.cpp:29] DecreaseCounter constructing_actor_cnt, current val is 1677
I1222 14:12:35.010716 79265 thread.cpp:99] Thread 51384322 construct Actor kCopyHd 107760733650954
I1222 14:12:35.010761 79261 naive_actor.cpp:25] actor 106652762112001 switch to &NaiveActor::HandlerNormal
I1222 14:12:35.010846 79258 copy_comm_net_actor.cpp:66] actor 106652772597763 switch to &CopyCommNetActor::HandlerNormal
I1222 14:12:35.010883 79258 thread.cpp:99] Thread 50856005 construct Actor kCopyCommNet 106652772597763
I1222 14:12:35.010810 79257 naive_actor.cpp:25] actor 107760729456668 switch to &NaiveActor::HandlerNormal
I1222 14:12:35.010854 79261 thread.cpp:99] Thread 50856000 construct Actor kTick 106652762112001
I1222 14:12:35.010831 79265 runtime_context.cpp:29] DecreaseCounter constructing_actor_cnt, current val is 1676
I1222 14:12:35.010989 79261 runtime_context.cpp:29] DecreaseCounter constructing_actor_cnt, current val is 1674
I1222 14:12:35.010928 79258 runtime_context.cpp:29] DecreaseCounter constructing_actor_cnt, current val is 1675
I1222 14:12:35.010953 79257 thread.cpp:99] Thread 51384320 construct Actor kNormalForward 107760729456668
I1222 14:12:35.010885 79260 naive_actor.cpp:25] actor 107760735748136 switch to &NaiveActor::HandlerNormal
I1222 14:12:35.011091 79265 naive_actor.cpp:25] actor 107760733650945 switch to &NaiveActor::HandlerNormal
I1222 14:12:35.011128 79257 runtime_context.cpp:29] DecreaseCounter constructing_actor_cnt, current val is 1673
I1222 14:12:35.011133 79258 copy_comm_net_actor.cpp:66] actor 106652772597770 switch to &CopyCommNetActor::HandlerNormal
I1222 14:12:35.011255 79258 thread.cpp:99] Thread 50856005 construct Actor kCopyCommNet 106652772597770
I1222 14:12:35.011189 79265 thread.cpp:99] Thread 51384322 construct Actor kCopyHd 107760733650945
I1222 14:12:35.011128 79260 thread.cpp:99] Thread 51384323 construct Actor kCollectiveBoxingGeneric 107760735748136
I1222 14:12:35.011341 79258 runtime_context.cpp:29] DecreaseCounter constructing_actor_cnt, current val is 1672
I1222 14:12:35.011358 79261 naive_actor.cpp:25] actor 106652762112002 switch to &NaiveActor::HandlerNormal
I1222 14:12:35.011682 79257 naive_actor.cpp:25] actor 107760729456685 switch to &NaiveActor::HandlerNormal
I1222 14:12:35.011873 79265 runtime_context.cpp:29] DecreaseCounter constructing_actor_cnt, current val is 1671
I1222 14:12:35.011914 79260 runtime_context.cpp:29] DecreaseCounter constructing_actor_cnt, current val is 1670
I1222 14:12:35.011968 79261 thread.cpp:99] Thread 50856000 construct Actor kDstSubsetTick 106652762112002
I1222 14:12:35.011999 79257 thread.cpp:99] Thread 51384320 construct Actor kNormalForward 107760729456685
I1222 14:12:35.012004 79258 copy_comm_net_actor.cpp:66] actor 106652772597775 switch to &CopyCommNetActor::HandlerNormal
I1222 14:12:35.012125 79261 runtime_context.cpp:29] DecreaseCounter constructing_actor_cnt, current val is 1669
I1222 14:12:35.012130 79265 naive_actor.cpp:25] actor 107760733650944 switch to &NaiveActor::HandlerNormal
I1222 14:12:35.012142 79257 runtime_context.cpp:29] DecreaseCounter constructing_actor_cnt, current val is 1668
I1222 14:12:35.012151 79258 thread.cpp:99] Thread 50856005 construct Actor kCopyCommNet 106652772597775
I1222 14:12:35.012192 79260 naive_actor.cpp:25] actor 107760735748163 switch to &NaiveActor::HandlerNormal
I1222 14:12:35.012219 79265 thread.cpp:99] Thread 51384322 construct Actor kCopyHd 107760733650944
I1222 14:12:35.012290 79258 runtime_context.cpp:29] DecreaseCounter constructing_actor_cnt, current val is 1667
I1222 14:12:35.012324 79260 thread.cpp:99] Thread 51384323 construct Actor kCollectiveBoxingGeneric 107760735748163
I1222 14:12:35.012363 79261 naive_actor.cpp:25] actor 106652762112007 switch to &NaiveActor::HandlerNormal
I1222 14:12:35.012367 79265 runtime_context.cpp:29] DecreaseCounter constructing_actor_cnt, current val is 1666
I1222 14:12:35.012437 79257 naive_actor.cpp:25] actor 107760729456681 switch to &NaiveActor::HandlerNormal
I1222 14:12:35.012446 79260 runtime_context.cpp:29] DecreaseCounter constructing_actor_cnt, current val is 1665
I1222 14:12:35.012465 79261 thread.cpp:99] Thread 50856000 construct Actor kDstSubsetTick 106652762112007
I1222 14:12:35.012475 79258 copy_comm_net_actor.cpp:66] actor 106652772597767 switch to &CopyCommNetActor::HandlerNormal
I1222 14:12:35.012532 79257 thread.cpp:99] Thread 51384320 construct Actor kNormalForward 107760729456681
I1222 14:12:35.012612 79265 naive_actor.cpp:25] actor 107760733650957 switch to &NaiveActor::HandlerNormal
I1222 14:12:35.012691 79257 runtime_context.cpp:29] DecreaseCounter constructing_actor_cnt, current val is 1663
I1222 14:12:35.012638 79258 thread.cpp:99] Thread 50856005 construct Actor kCopyCommNet 106652772597767
I1222 14:12:35.012616 79261 runtime_context.cpp:29] DecreaseCounter constructing_actor_cnt, current val is 1664
I1222 14:12:35.012696 79265 thread.cpp:99] Thread 51384322 construct Actor kCopyHd 107760733650957
I1222 14:12:35.012706 79260 naive_actor.cpp:25] actor 107760735748110 switch to &NaiveActor::HandlerNormal
I1222 14:12:35.012768 79258 runtime_context.cpp:29] DecreaseCounter constructing_actor_cnt, current val is 1662
I1222 14:12:35.012837 79265 runtime_context.cpp:29] DecreaseCounter constructing_actor_cnt, current val is 1661
I1222 14:12:35.012868 79260 thread.cpp:99] Thread 51384323 construct Actor kCollectiveBoxingGeneric 107760735748110
I1222 14:12:35.012981 79258 copy_comm_net_actor.cpp:66] actor 106652772597768 switch to &CopyCommNetActor::HandlerNormal
I1222 14:12:35.013000 79261 naive_actor.cpp:25] actor 106652762112009 switch to &NaiveActor::HandlerNormal
I1222 14:12:35.013000 79260 runtime_context.cpp:29] DecreaseCounter constructing_actor_cnt, current val is 1660
I1222 14:12:35.013033 79258 thread.cpp:99] Thread 50856005 construct Actor kCopyCommNet 106652772597768
I1222 14:12:35.013048 79265 naive_actor.cpp:25] actor 107760733650958 switch to &NaiveActor::HandlerNormal
I1222 14:12:35.013082 79261 thread.cpp:99] Thread 50856000 construct Actor kDstSubsetTick 106652762112009
I1222 14:12:35.013226 79257 naive_actor.cpp:25] actor 107760729456713 switch to &NaiveActor::HandlerNormal
I1222 14:12:35.013309 79260 naive_actor.cpp:25] actor 107760735748105 switch to &NaiveActor::HandlerNormal
I1222 14:12:35.013747 79258 runtime_context.cpp:29] DecreaseCounter constructing_actor_cnt, current val is 1659
I1222 14:12:35.013779 79265 thread.cpp:99] Thread 51384322 construct Actor kCopyHd 107760733650958
I1222 14:12:35.013828 79261 runtime_context.cpp:29] DecreaseCounter constructing_actor_cnt, current val is 1658
I1222 14:12:35.013842 79257 thread.cpp:99] Thread 51384320 construct Actor kNormalForward 107760729456713
I1222 14:12:35.013878 79260 thread.cpp:99] Thread 51384323 construct Actor kCollectiveBoxingGeneric 107760735748105
I1222 14:12:35.013967 79265 runtime_context.cpp:29] DecreaseCounter constructing_actor_cnt, current val is 1657
I1222 14:12:35.013994 79258 copy_comm_net_actor.cpp:66] actor 106652772597773 switch to &CopyCommNetActor::HandlerNormal
I1222 14:12:35.014040 79257 runtime_context.cpp:29] DecreaseCounter constructing_actor_cnt, current val is 1656
I1222 14:12:35.014060 79260 runtime_context.cpp:29] DecreaseCounter constructing_actor_cnt, current val is 1655
I1222 14:12:35.014113 79258 thread.cpp:99] Thread 50856005 construct Actor kCopyCommNet 106652772597773
I1222 14:12:35.014181 79265 naive_actor.cpp:25] actor 107760733650949 switch to &NaiveActor::HandlerNormal
I1222 14:12:35.014196 79261 naive_actor.cpp:25] actor 106652762112000 switch to &NaiveActor::HandlerNormal
I1222 14:12:35.014225 79258 runtime_context.cpp:29] DecreaseCounter constructing_actor_cnt, current val is 1654
I1222 14:12:35.014251 79265 thread.cpp:99] Thread 51384322 construct Actor kCopyHd 107760733650949
I1222 14:12:35.014286 79261 thread.cpp:99] Thread 50856000 construct Actor kSrcSubsetTick 106652762112000
I1222 14:12:35.014309 79260 naive_actor.cpp:25] actor 107760735748119 switch to &NaiveActor::HandlerNormal
I1222 14:12:35.014322 79257 naive_actor.cpp:25] actor 107760729456686 switch to &NaiveActor::HandlerNormal
I1222 14:12:35.014361 79265 runtime_context.cpp:29] DecreaseCounter constructing_actor_cnt, current val is 1653
I1222 14:12:35.014394 79258 copy_comm_net_actor.cpp:66] actor 106652772597783 switch to &CopyCommNetActor::HandlerNormal
I1222 14:12:35.014398 79261 runtime_context.cpp:29] DecreaseCounter constructing_actor_cnt, current val is 1652
I1222 14:12:35.014420 79260 thread.cpp:99] Thread 51384323 construct Actor kCollectiveBoxingGeneric 107760735748119
I1222 14:12:35.014446 79257 thread.cpp:99] Thread 51384320 construct Actor kNormalForward 107760729456686
I1222 14:12:35.014616 79260 runtime_context.cpp:29] DecreaseCounter constructing_actor_cnt, current val is 1651
I1222 14:12:35.014649 79257 runtime_context.cpp:29] DecreaseCounter constructing_actor_cnt, current val is 1650
I1222 14:12:35.014513 79258 thread.cpp:99] Thread 50856005 construct Actor kCopyCommNet 106652772597783
I1222 14:12:35.014575 79265 naive_actor.cpp:25] actor 107760733650956 switch to &NaiveActor::HandlerNormal
I1222 14:12:35.014729 79258 runtime_context.cpp:29] DecreaseCounter constructing_actor_cnt, current val is 1649
I1222 14:12:35.014796 79261 naive_actor.cpp:25] actor 106652762112006 switch to &NaiveActor::HandlerNormal
I1222 14:12:35.014760 79265 thread.cpp:99] Thread 51384322 construct Actor kCopyHd 107760733650956
I1222 14:12:35.014801 79260 naive_actor.cpp:25] actor 107760735748145 switch to &NaiveActor::HandlerNormal
I1222 14:12:35.014843 79261 thread.cpp:99] Thread 50856000 construct Actor kSrcSubsetTick 106652762112006
I1222 14:12:35.014876 79258 copy_comm_net_actor.cpp:66] actor 106652772597765 switch to &CopyCommNetActor::HandlerNormal
I1222 14:12:35.014887 79265 runtime_context.cpp:29] DecreaseCounter constructing_actor_cnt, current val is 1648
I1222 14:12:35.014923 79260 thread.cpp:99] Thread 51384323 construct Actor kCollectiveBoxingGeneric 107760735748145
I1222 14:12:35.014971 79261 runtime_context.cpp:29] DecreaseCounter constructing_actor_cnt, current val is 1647
I1222 14:12:35.014989 79258 thread.cpp:99] Thread 50856005 construct Actor kCopyCommNet 106652772597765
I1222 14:12:35.015159 79265 naive_actor.cpp:25] actor 107760733650951 switch to &NaiveActor::HandlerNormal
I1222 14:12:35.015457 79257 naive_actor.cpp:25] actor 107760729456671 switch to &NaiveActor::HandlerNormal
I1222 14:12:35.015698 79260 runtime_context.cpp:29] DecreaseCounter constructing_actor_cnt, current val is 1646
I1222 14:12:35.015753 79258 runtime_context.cpp:29] DecreaseCounter constructing_actor_cnt, current val is 1645
I1222 14:12:35.015785 79265 thread.cpp:99] Thread 51384322 construct Actor kCopyHd 107760733650951
I1222 14:12:35.015825 79257 thread.cpp:99] Thread 51384320 construct Actor kNormalForward 107760729456671
I1222 14:12:35.015956 79265 runtime_context.cpp:29] DecreaseCounter constructing_actor_cnt, current val is 1644
I1222 14:12:35.015985 79257 runtime_context.cpp:29] DecreaseCounter constructing_actor_cnt, current val is 1643
I1222 14:12:35.015977 79258 copy_comm_net_actor.cpp:66] actor 106652772597782 switch to &CopyCommNetActor::HandlerNormal
I1222 14:12:35.016074 79258 thread.cpp:99] Thread 50856005 construct Actor kCopyCommNet 106652772597782
I1222 14:12:35.015993 79260 naive_actor.cpp:25] actor 107760735748108 switch to &NaiveActor::HandlerNormal
I1222 14:12:35.016105 79265 naive_actor.cpp:25] actor 107760733650953 switch to &NaiveActor::HandlerNormal
I1222 14:12:35.016124 79258 runtime_context.cpp:29] DecreaseCounter constructing_actor_cnt, current val is 1642
I1222 14:12:35.016155 79260 thread.cpp:99] Thread 51384323 construct Actor kCollectiveBoxingGeneric 107760735748108
I1222 14:12:35.016192 79265 thread.cpp:99] Thread 51384322 construct Actor kCopyHd 107760733650953
I1222 14:12:35.016295 79258 copy_comm_net_actor.cpp:66] actor 106652772597776 switch to &CopyCommNetActor::HandlerNormal
I1222 14:12:35.016340 79258 thread.cpp:99] Thread 50856005 construct Actor kCopyCommNet 106652772597776
I1222 14:12:35.016443 79260 runtime_context.cpp:29] DecreaseCounter constructing_actor_cnt, current val is 1641
I1222 14:12:35.016449 79258 runtime_context.cpp:29] DecreaseCounter constructing_actor_cnt, current val is 1640
I1222 14:12:35.016451 79265 runtime_context.cpp:29] DecreaseCounter constructing_actor_cnt, current val is 1639
I1222 14:12:35.016605 79258 copy_comm_net_actor.cpp:66] actor 106652772597777 switch to &CopyCommNetActor::HandlerNormal
I1222 14:12:35.016647 79258 thread.cpp:99] Thread 50856005 construct Actor kCopyCommNet 106652772597777
I1222 14:12:35.016624 79260 naive_actor.cpp:25] actor 107760735748127 switch to &NaiveActor::HandlerNormal
I1222 14:12:35.016675 79265 naive_actor.cpp:25] actor 107760733650961 switch to &NaiveActor::HandlerNormal
I1222 14:12:35.016686 79258 runtime_context.cpp:29] DecreaseCounter constructing_actor_cnt, current val is 1638
I1222 14:12:35.016726 79260 thread.cpp:99] Thread 51384323 construct Actor kCollectiveBoxingGeneric 107760735748127
I1222 14:12:35.016752 79265 thread.cpp:99] Thread 51384322 construct Actor kCopyHd 107760733650961
I1222 14:12:35.016849 79260 runtime_context.cpp:29] DecreaseCounter constructing_actor_cnt, current val is 1637
I1222 14:12:35.016867 79258 copy_comm_net_actor.cpp:66] actor 106652772597769 switch to &CopyCommNetActor::HandlerNormal
I1222 14:12:35.016932 79258 thread.cpp:99] Thread 50856005 construct Actor kCopyCommNet 106652772597769
I1222 14:12:35.016871 79265 runtime_context.cpp:29] DecreaseCounter constructing_actor_cnt, current val is 1636
I1222 14:12:35.016974 79258 runtime_context.cpp:29] DecreaseCounter constructing_actor_cnt, current val is 1635
I1222 14:12:35.016996 79257 naive_actor.cpp:25] actor 107760729456665 switch to &NaiveActor::HandlerNormal
I1222 14:12:35.017033 79260 naive_actor.cpp:25] actor 107760735748130 switch to &NaiveActor::HandlerNormal
I1222 14:12:35.017076 79257 thread.cpp:99] Thread 51384320 construct Actor kNormalForward 107760729456665
I1222 14:12:35.017102 79265 naive_actor.cpp:25] actor 107760733650950 switch to &NaiveActor::HandlerNormal
I1222 14:12:35.017146 79260 thread.cpp:99] Thread 51384323 construct Actor kCollectiveBoxingGeneric 107760735748130
I1222 14:12:35.017167 79258 copy_comm_net_actor.cpp:66] actor 106652772597774 switch to &CopyCommNetActor::HandlerNormal
I1222 14:12:35.017645 79257 runtime_context.cpp:29] DecreaseCounter constructing_actor_cnt, current val is 1634
I1222 14:12:35.017664 79265 thread.cpp:99] Thread 51384322 construct Actor kCopyHd 107760733650950
I1222 14:12:35.017706 79260 runtime_context.cpp:29] DecreaseCounter constructing_actor_cnt, current val is 1633
I1222 14:12:35.017732 79258 thread.cpp:99] Thread 50856005 construct Actor kCopyCommNet 106652772597774
I1222 14:12:35.017802 79265 runtime_context.cpp:29] DecreaseCounter constructing_actor_cnt, current val is 1632
I1222 14:12:35.017887 79258 runtime_context.cpp:29] DecreaseCounter constructing_actor_cnt, current val is 1631
I1222 14:12:35.017942 79260 naive_actor.cpp:25] actor 107760735748149 switch to &NaiveActor::HandlerNormal
I1222 14:12:35.017983 79260 thread.cpp:99] Thread 51384323 construct Actor kCollectiveBoxingGeneric 107760735748149
I1222 14:12:35.018007 79265 naive_actor.cpp:25] actor 107760733650962 switch to &NaiveActor::HandlerNormal
I1222 14:12:35.018016 79260 runtime_context.cpp:29] DecreaseCounter constructing_actor_cnt, current val is 1630
I1222 14:12:35.018039 79258 copy_comm_net_actor.cpp:66] actor 106652772597780 switch to &CopyCommNetActor::HandlerNormal
I1222 14:12:35.018059 79265 thread.cpp:99] Thread 51384322 construct Actor kCopyHd 107760733650962
I1222 14:12:35.018126 79258 thread.cpp:99] Thread 50856005 construct Actor kCopyCommNet 106652772597780
I1222 14:12:35.018167 79265 runtime_context.cpp:29] DecreaseCounter constructing_actor_cnt, current val is 1629
I1222 14:12:35.018198 79258 runtime_context.cpp:29] DecreaseCounter constructing_actor_cnt, current val is 1628
I1222 14:12:35.018168 79260 naive_actor.cpp:25] actor 107760735748158 switch to &NaiveActor::HandlerNormal
I1222 14:12:35.018203 79257 naive_actor.cpp:25] actor 107760729456666 switch to &NaiveActor::HandlerNormal
I1222 14:12:35.018265 79260 thread.cpp:99] Thread 51384323 construct Actor kCollectiveBoxingGeneric 107760735748158
I1222 14:12:35.018298 79265 naive_actor.cpp:25] actor 107760733650959 switch to &NaiveActor::HandlerNormal
I1222 14:12:35.018313 79257 thread.cpp:99] Thread 51384320 construct Actor kNormalForward 107760729456666
I1222 14:12:35.018337 79258 copy_comm_net_actor.cpp:66] actor 106652772597771 switch to &CopyCommNetActor::HandlerNormal
I1222 14:12:35.018343 79260 runtime_context.cpp:29] DecreaseCounter constructing_actor_cnt, current val is 1627
I1222 14:12:35.018373 79265 thread.cpp:99] Thread 51384322 construct Actor kCopyHd 107760733650959
I1222 14:12:35.018419 79257 runtime_context.cpp:29] DecreaseCounter constructing_actor_cnt, current val is 1626
I1222 14:12:35.018499 79265 runtime_context.cpp:29] DecreaseCounter constructing_actor_cnt, current val is 1625
I1222 14:12:35.018435 79258 thread.cpp:99] Thread 50856005 construct Actor kCopyCommNet 106652772597771
I1222 14:12:35.018548 79260 naive_actor.cpp:25] actor 107760735748176 switch to &NaiveActor::HandlerNormal
I1222 14:12:35.018594 79258 runtime_context.cpp:29] DecreaseCounter constructing_actor_cnt, current val is 1624
I1222 14:12:35.018611 79260 thread.cpp:99] Thread 51384323 construct Actor kCollectiveBoxingGeneric 107760735748176
I1222 14:12:35.018649 79265 naive_actor.cpp:25] actor 107760733650946 switch to &NaiveActor::HandlerNormal
I1222 14:12:35.018678 79260 runtime_context.cpp:29] DecreaseCounter constructing_actor_cnt, current val is 1623
I1222 14:12:35.018704 79265 thread.cpp:99] Thread 51384322 construct Actor kCopyHd 107760733650946
I1222 14:12:35.018769 79258 copy_comm_net_actor.cpp:66] actor 106652772597772 switch to &CopyCommNetActor::HandlerNormal
I1222 14:12:35.018774 79265 runtime_context.cpp:29] DecreaseCounter constructing_actor_cnt, current val is 1622
I1222 14:12:35.018817 79260 naive_actor.cpp:25] actor 107760735748143 switch to &NaiveActor::HandlerNormal
I1222 14:12:35.018862 79258 thread.cpp:99] Thread 50856005 construct Actor kCopyCommNet 106652772597772
I1222 14:12:35.018985 79257 naive_actor.cpp:25] actor 107760729456670 switch to &NaiveActor::HandlerNormal
I1222 14:12:35.019373 79260 thread.cpp:99] Thread 51384323 construct Actor kCollectiveBoxingGeneric 107760735748143
I1222 14:12:35.019425 79258 runtime_context.cpp:29] DecreaseCounter constructing_actor_cnt, current val is 1621
I1222 14:12:35.019443 79257 thread.cpp:99] Thread 51384320 construct Actor kNormalForward 107760729456670
I1222 14:12:35.019474 79260 runtime_context.cpp:29] DecreaseCounter constructing_actor_cnt, current val is 1620
I1222 14:12:35.019567 79257 runtime_context.cpp:29] DecreaseCounter constructing_actor_cnt, current val is 1619
I1222 14:12:35.019613 79258 copy_comm_net_actor.cpp:66] actor 106652772597779 switch to &CopyCommNetActor::HandlerNormal
I1222 14:12:35.019630 79260 naive_actor.cpp:25] actor 107760735748098 switch to &NaiveActor::HandlerNormal
I1222 14:12:35.019668 79258 thread.cpp:99] Thread 50856005 construct Actor kCopyCommNet 106652772597779
I1222 14:12:35.019697 79260 thread.cpp:99] Thread 51384323 construct Actor kCollectiveBoxingGeneric 107760735748098
I1222 14:12:35.019745 79258 runtime_context.cpp:29] DecreaseCounter constructing_actor_cnt, current val is 1618
I1222 14:12:35.019754 79260 runtime_context.cpp:29] DecreaseCounter constructing_actor_cnt, current val is 1617
I1222 14:12:35.019886 79260 naive_actor.cpp:25] actor 107760735748113 switch to &NaiveActor::HandlerNormal
I1222 14:12:35.019882 79258 copy_comm_net_actor.cpp:66] actor 106652772597781 switch to &CopyCommNetActor::HandlerNormal
I1222 14:12:35.019922 79260 thread.cpp:99] Thread 51384323 construct Actor kCollectiveBoxingGeneric 107760735748113
I1222 14:12:35.019963 79258 thread.cpp:99] Thread 50856005 construct Actor kCopyCommNet 106652772597781
I1222 14:12:35.019996 79260 runtime_context.cpp:29] DecreaseCounter constructing_actor_cnt, current val is 1616
I1222 14:12:35.020045 79258 runtime_context.cpp:29] DecreaseCounter constructing_actor_cnt, current val is 1615
I1222 14:12:35.020135 79260 naive_actor.cpp:25] actor 107760735748132 switch to &NaiveActor::HandlerNormal
I1222 14:12:35.020166 79260 thread.cpp:99] Thread 51384323 construct Actor kCollectiveBoxingGeneric 107760735748132
I1222 14:12:35.020191 79260 runtime_context.cpp:29] DecreaseCounter constructing_actor_cnt, current val is 1614
I1222 14:12:35.020232 79257 naive_actor.cpp:25] actor 107760729456652 switch to &NaiveActor::HandlerNormal
I1222 14:12:35.020284 79260 naive_actor.cpp:25] actor 107760735748097 switch to &NaiveActor::HandlerNormal
I1222 14:12:35.020296 79257 thread.cpp:99] Thread 51384320 construct Actor kNormalForward 107760729456652
I1222 14:12:35.020323 79260 thread.cpp:99] Thread 51384323 construct Actor kCollectiveBoxingGeneric 107760735748097
I1222 14:12:35.020390 79260 runtime_context.cpp:29] DecreaseCounter constructing_actor_cnt, current val is 1613
I1222 14:12:35.020393 79257 runtime_context.cpp:29] DecreaseCounter constructing_actor_cnt, current val is 1612
I1222 14:12:35.020488 79260 naive_actor.cpp:25] actor 107760735748116 switch to &NaiveActor::HandlerNormal
I1222 14:12:35.020525 79260 thread.cpp:99] Thread 51384323 construct Actor kCollectiveBoxingGeneric 107760735748116
I1222 14:12:35.020558 79260 runtime_context.cpp:29] DecreaseCounter constructing_actor_cnt, current val is 1611
I1222 14:12:35.020650 79260 naive_actor.cpp:25] actor 107760735748107 switch to &NaiveActor::HandlerNormal
I1222 14:12:35.020678 79257 naive_actor.cpp:25] actor 107760729456660 switch to &NaiveActor::HandlerNormal
I1222 14:12:35.020678 79260 thread.cpp:99] Thread 51384323 construct Actor kCollectiveBoxingGeneric 107760735748107
I1222 14:12:35.020720 79257 thread.cpp:99] Thread 51384320 construct Actor kNormalForward 107760729456660
I1222 14:12:35.020745 79260 runtime_context.cpp:29] DecreaseCounter constructing_actor_cnt, current val is 1610
I1222 14:12:35.020846 79257 runtime_context.cpp:29] DecreaseCounter constructing_actor_cnt, current val is 1609
I1222 14:12:35.021323 79260 naive_actor.cpp:25] actor 107760735748103 switch to &NaiveActor::HandlerNormal
I1222 14:12:35.021356 79260 thread.cpp:99] Thread 51384323 construct Actor kCollectiveBoxingGeneric 107760735748103
I1222 14:12:35.021381 79260 runtime_context.cpp:29] DecreaseCounter constructing_actor_cnt, current val is 1608
I1222 14:12:35.021477 79260 naive_actor.cpp:25] actor 107760735748174 switch to &NaiveActor::HandlerNormal
I1222 14:12:35.021486 79257 naive_actor.cpp:25] actor 107760729456700 switch to &NaiveActor::HandlerNormal
I1222 14:12:35.021513 79260 thread.cpp:99] Thread 51384323 construct Actor kCollectiveBoxingGeneric 107760735748174
I1222 14:12:35.021548 79257 thread.cpp:99] Thread 51384320 construct Actor kNormalForward 107760729456700
I1222 14:12:35.021579 79260 runtime_context.cpp:29] DecreaseCounter constructing_actor_cnt, current val is 1607
I1222 14:12:35.021628 79257 runtime_context.cpp:29] DecreaseCounter constructing_actor_cnt, current val is 1606
I1222 14:12:35.021699 79260 naive_actor.cpp:25] actor 107760735748096 switch to &NaiveActor::HandlerNormal
I1222 14:12:35.021723 79260 thread.cpp:99] Thread 51384323 construct Actor kCollectiveBoxingGeneric 107760735748096
I1222 14:12:35.021756 79260 runtime_context.cpp:29] DecreaseCounter constructing_actor_cnt, current val is 1605
I1222 14:12:35.021854 79260 naive_actor.cpp:25] actor 107760735748124 switch to &NaiveActor::HandlerNormal
I1222 14:12:35.021874 79260 thread.cpp:99] Thread 51384323 construct Actor kCollectiveBoxingGeneric 107760735748124
I1222 14:12:35.021895 79260 runtime_context.cpp:29] DecreaseCounter constructing_actor_cnt, current val is 1604
I1222 14:12:35.021997 79260 naive_actor.cpp:25] actor 107760735748135 switch to &NaiveActor::HandlerNormal
I1222 14:12:35.022037 79260 thread.cpp:99] Thread 51384323 construct Actor kCollectiveBoxingGeneric 107760735748135
I1222 14:12:35.022069 79260 runtime_context.cpp:29] DecreaseCounter constructing_actor_cnt, current val is 1603
I1222 14:12:35.022171 79260 naive_actor.cpp:25] actor 107760735748140 switch to &NaiveActor::HandlerNormal
I1222 14:12:35.022199 79260 thread.cpp:99] Thread 51384323 construct Actor kCollectiveBoxingGeneric 107760735748140
I1222 14:12:35.022233 79260 runtime_context.cpp:29] DecreaseCounter constructing_actor_cnt, current val is 1602
I1222 14:12:35.022265 79257 naive_actor.cpp:25] actor 107760729456669 switch to &NaiveActor::HandlerNormal
I1222 14:12:35.022310 79257 thread.cpp:99] Thread 51384320 construct Actor kNormalForward 107760729456669
I1222 14:12:35.022337 79260 naive_actor.cpp:25] actor 107760735748151 switch to &NaiveActor::HandlerNormal
I1222 14:12:35.022365 79260 thread.cpp:99] Thread 51384323 construct Actor kCollectiveBoxingGeneric 107760735748151
I1222 14:12:35.022382 79257 runtime_context.cpp:29] DecreaseCounter constructing_actor_cnt, current val is 1601
I1222 14:12:35.022399 79260 runtime_context.cpp:29] DecreaseCounter constructing_actor_cnt, current val is 1600
I1222 14:12:35.022500 79260 naive_actor.cpp:25] actor 107760735748115 switch to &NaiveActor::HandlerNormal
I1222 14:12:35.022536 79260 thread.cpp:99] Thread 51384323 construct Actor kCollectiveBoxingGeneric 107760735748115
I1222 14:12:35.022560 79260 runtime_context.cpp:29] DecreaseCounter constructing_actor_cnt, current val is 1599
I1222 14:12:35.022660 79260 naive_actor.cpp:25] actor 107760735748123 switch to &NaiveActor::HandlerNormal
I1222 14:12:35.022689 79260 thread.cpp:99] Thread 51384323 construct Actor kCollectiveBoxingGeneric 107760735748123
I1222 14:12:35.022724 79260 runtime_context.cpp:29] DecreaseCounter constructing_actor_cnt, current val is 1598
I1222 14:12:35.022821 79260 naive_actor.cpp:25] actor 107760735748139 switch to &NaiveActor::HandlerNormal
I1222 14:12:35.022852 79260 thread.cpp:99] Thread 51384323 construct Actor kCollectiveBoxingGeneric 107760735748139
I1222 14:12:35.022925 79260 runtime_context.cpp:29] DecreaseCounter constructing_actor_cnt, current val is 1597
I1222 14:12:35.023017 79257 naive_actor.cpp:25] actor 107760729456644 switch to &NaiveActor::HandlerNormal
I1222 14:12:35.023439 79257 thread.cpp:99] Thread 51384320 construct Actor kNormalForward 107760729456644
I1222 14:12:35.023485 79260 naive_actor.cpp:25] actor 107760735748099 switch to &NaiveActor::HandlerNormal
I1222 14:12:35.023502 79257 runtime_context.cpp:29] DecreaseCounter constructing_actor_cnt, current val is 1596
I1222 14:12:35.023514 79260 thread.cpp:99] Thread 51384323 construct Actor kCollectiveBoxingGeneric 107760735748099
I1222 14:12:35.023571 79260 runtime_context.cpp:29] DecreaseCounter constructing_actor_cnt, current val is 1595
I1222 14:12:35.023670 79260 naive_actor.cpp:25] actor 107760735748160 switch to &NaiveActor::HandlerNormal
I1222 14:12:35.023692 79260 thread.cpp:99] Thread 51384323 construct Actor kCollectiveBoxingGeneric 107760735748160
I1222 14:12:35.023722 79260 runtime_context.cpp:29] DecreaseCounter constructing_actor_cnt, current val is 1594
I1222 14:12:35.023821 79260 naive_actor.cpp:25] actor 107760735748120 switch to &NaiveActor::HandlerNormal
I1222 14:12:35.023851 79260 thread.cpp:99] Thread 51384323 construct Actor kCollectiveBoxingGeneric 107760735748120
I1222 14:12:35.023881 79260 runtime_context.cpp:29] DecreaseCounter constructing_actor_cnt, current val is 1593
I1222 14:12:35.023985 79260 naive_actor.cpp:25] actor 107760735748142 switch to &NaiveActor::HandlerNormal
I1222 14:12:35.024005 79260 thread.cpp:99] Thread 51384323 construct Actor kCollectiveBoxingGeneric 107760735748142
I1222 14:12:35.024029 79260 runtime_context.cpp:29] DecreaseCounter constructing_actor_cnt, current val is 1592
I1222 14:12:35.024101 79257 naive_actor.cpp:25] actor 107760729456643 switch to &NaiveActor::HandlerNormal
I1222 14:12:35.024111 79260 naive_actor.cpp:25] actor 107760735748200 switch to &NaiveActor::HandlerNormal
I1222 14:12:35.024150 79257 thread.cpp:99] Thread 51384320 construct Actor kNormalForward 107760729456643
I1222 14:12:35.024169 79260 thread.cpp:99] Thread 51384323 construct Actor kCollectiveBoxingGeneric 107760735748200
I1222 14:12:35.024235 79260 runtime_context.cpp:29] DecreaseCounter constructing_actor_cnt, current val is 1591
I1222 14:12:35.024240 79257 runtime_context.cpp:29] DecreaseCounter constructing_actor_cnt, current val is 1590
I1222 14:12:35.024335 79260 naive_actor.cpp:25] actor 107760735748155 switch to &NaiveActor::HandlerNormal
I1222 14:12:35.024358 79260 thread.cpp:99] Thread 51384323 construct Actor kCollectiveBoxingGeneric 107760735748155
I1222 14:12:35.024389 79260 runtime_context.cpp:29] DecreaseCounter constructing_actor_cnt, current val is 1589
I1222 14:12:35.024487 79260 naive_actor.cpp:25] actor 107760735748175 switch to &NaiveActor::HandlerNormal
I1222 14:12:35.024525 79260 thread.cpp:99] Thread 51384323 construct Actor kCollectiveBoxingGeneric 107760735748175
I1222 14:12:35.024551 79260 runtime_context.cpp:29] DecreaseCounter constructing_actor_cnt, current val is 1588
