 Insert buffer op : [System-Pipeline-Buffer-Op_-base_model.m_stage0.encoder.layer.1.output.dropout-dropout_97-mask_0-stage_id_0](buffer_size:4) 
 from [base_model.m_stage0.encoder.layer.1.output.dropout-dropout_97] (stage_id:0) -> [base_model.m_stage0.encoder.layer.1.output.dropout-dropout_97_grad] (stage_id:0) 
I1222 14:27:41.598315 80469 pipeline_buffer_pass.cpp:117] 
 Insert buffer op : [System-Pipeline-Buffer-Op_-base_model.m_stage0.encoder.layer.1.intermediate.intermediate_act_fn-gelu_94-out_0-stage_id_0](buffer_size:4) 
 from [base_model.m_stage0.encoder.layer.1.intermediate.intermediate_act_fn-gelu_94] (stage_id:0) -> [base_model.m_stage0.encoder.layer.1.output.dense-broadcast_matmul_95_b_grad] (stage_id:0) 
I1222 14:27:41.598892 80469 pipeline_buffer_pass.cpp:117] 
 Insert buffer op : [System-Pipeline-Buffer-Op_-base_model.m_stage0.encoder.layer.1.intermediate.dense-broadcast_add_93-z_0-stage_id_0](buffer_size:4) 
 from [base_model.m_stage0.encoder.layer.1.intermediate.dense-broadcast_add_93] (stage_id:0) -> [base_model.m_stage0.encoder.layer.1.intermediate.intermediate_act_fn-gelu_94_grad] (stage_id:0) 
I1222 14:27:41.598955 80469 pipeline_buffer_pass.cpp:117] 
 Insert buffer op : [System-Pipeline-Buffer-Op_-base_model.m_stage0.encoder.layer.1.attention.output.LayerNorm-layer_norm_91-y_0-stage_id_0](buffer_size:4) 
 from [base_model.m_stage0.encoder.layer.1.attention.output.LayerNorm-layer_norm_91] (stage_id:0) -> [base_model.m_stage0.encoder.layer.1.intermediate.dense-broadcast_matmul_92_b_grad] (stage_id:0) 
I1222 14:27:41.599016 80469 pipeline_buffer_pass.cpp:117] 
 Insert buffer op : [System-Pipeline-Buffer-Op_-base_model.m_stage0.encoder.layer.1.attention.output.LayerNorm-layer_norm_91-normalized_0-stage_id_0](buffer_size:4) 
 from [base_model.m_stage0.encoder.layer.1.attention.output.LayerNorm-layer_norm_91] (stage_id:0) -> [base_model.m_stage0.encoder.layer.1.attention.output.LayerNorm-layer_norm_91_param_grad] (stage_id:0) 
I1222 14:27:41.599076 80469 pipeline_buffer_pass.cpp:117] 
 Insert buffer op : [System-Pipeline-Buffer-Op_-base_model.m_stage0.encoder.layer.1.attention.output-add_n_90-out_0-stage_id_0](buffer_size:4) 
 from [base_model.m_stage0.encoder.layer.1.attention.output-add_n_90] (stage_id:0) -> [base_model.m_stage0.encoder.layer.1.attention.output.LayerNorm-layer_norm_91_grad] (stage_id:0) 
I1222 14:27:41.599133 80469 pipeline_buffer_pass.cpp:117] 
 Insert buffer op : [System-Pipeline-Buffer-Op_-base_model.m_stage0.encoder.layer.1.attention.output.LayerNorm-layer_norm_91-mean_0-stage_id_0](buffer_size:4) 
 from [base_model.m_stage0.encoder.layer.1.attention.output.LayerNorm-layer_norm_91] (stage_id:0) -> [base_model.m_stage0.encoder.layer.1.attention.output.LayerNorm-layer_norm_91_grad] (stage_id:0) 
I1222 14:27:41.599184 80469 pipeline_buffer_pass.cpp:117] 
 Insert buffer op : [System-Pipeline-Buffer-Op_-base_model.m_stage0.encoder.layer.1.attention.output.LayerNorm-layer_norm_91-inv_variance_0-stage_id_0](buffer_size:4) 
 from [base_model.m_stage0.encoder.layer.1.attention.output.LayerNorm-layer_norm_91] (stage_id:0) -> [base_model.m_stage0.encoder.layer.1.attention.output.LayerNorm-layer_norm_91_grad] (stage_id:0) 
I1222 14:27:41.599239 80469 pipeline_buffer_pass.cpp:117] 
 Insert buffer op : [System-Pipeline-Buffer-Op_-base_model.m_stage0.encoder.layer.1.attention.output.dropout-dropout_89-mask_0-stage_id_0](buffer_size:4) 
 from [base_model.m_stage0.encoder.layer.1.attention.output.dropout-dropout_89] (stage_id:0) -> [base_model.m_stage0.encoder.layer.1.attention.output.dropout-dropout_89_grad] (stage_id:0) 
I1222 14:27:41.599301 80469 pipeline_buffer_pass.cpp:117] 
 Insert buffer op : [System-Pipeline-Buffer-Op_-base_model.m_stage0.encoder.layer.1.attention.self-reshape_86-out_0-stage_id_0](buffer_size:4) 
 from [base_model.m_stage0.encoder.layer.1.attention.self-reshape_86] (stage_id:0) -> [base_model.m_stage0.encoder.layer.1.attention.output.dense-broadcast_matmul_87_b_grad] (stage_id:0) 
I1222 14:27:41.599361 80469 pipeline_buffer_pass.cpp:117] 
 Insert buffer op : [System-Pipeline-Buffer-Op_-base_model.m_stage0.encoder.layer.1.attention.self-transpose_77-output_0-stage_id_0](buffer_size:4) 
 from [base_model.m_stage0.encoder.layer.1.attention.self-transpose_77] (stage_id:0) -> [base_model.m_stage0.encoder.layer.1.attention.self-batch_matmul_84_grad_a] (stage_id:0) 
I1222 14:27:41.599445 80469 pipeline_buffer_pass.cpp:117] 
 Insert buffer op : [System-Pipeline-Buffer-Op_-base_model.m_stage0.encoder.layer.1.attention.self.dropout-dropout_83-out_0-stage_id_0](buffer_size:4) 
 from [base_model.m_stage0.encoder.layer.1.attention.self.dropout-dropout_83] (stage_id:0) -> [base_model.m_stage0.encoder.layer.1.attention.self-batch_matmul_84_grad_b] (stage_id:0) 
I1222 14:27:41.600064 80469 pipeline_buffer_pass.cpp:117] 
 Insert buffer op : [System-Pipeline-Buffer-Op_-base_model.m_stage0.encoder.layer.1.attention.self.dropout-dropout_83-mask_0-stage_id_0](buffer_size:4) 
 from [base_model.m_stage0.encoder.layer.1.attention.self.dropout-dropout_83] (stage_id:0) -> [base_model.m_stage0.encoder.layer.1.attention.self.dropout-dropout_83_grad] (stage_id:0) 
I1222 14:27:41.600124 80469 pipeline_buffer_pass.cpp:117] 
 Insert buffer op : [System-Pipeline-Buffer-Op_-base_model.m_stage0.encoder.layer.1.attention.self-softmax_82-out_0-stage_id_0](buffer_size:4) 
 from [base_model.m_stage0.encoder.layer.1.attention.self-softmax_82] (stage_id:0) -> [base_model.m_stage0.encoder.layer.1.attention.self-softmax_82_grad] (stage_id:0) 
I1222 14:27:41.600186 80469 pipeline_buffer_pass.cpp:117] 
 Insert buffer op : [System-Pipeline-Buffer-Op_-base_model.m_stage0.encoder.layer.0.output.LayerNorm-layer_norm_65-y_0-stage_id_0](buffer_size:4) 
 from [base_model.m_stage0.encoder.layer.0.output.LayerNorm-layer_norm_65] (stage_id:0) -> [base_model.m_stage0.encoder.layer.1.attention.self.value-broadcast_matmul_74_b_grad] (stage_id:0) 
I1222 14:27:41.600244 80469 pipeline_buffer_pass.cpp:117] 
 Insert buffer op : [System-Pipeline-Buffer-Op_-base_model.m_stage0.encoder.layer.1.attention.self-transpose_78-output_0-stage_id_0](buffer_size:4) 
 from [base_model.m_stage0.encoder.layer.1.attention.self-transpose_78] (stage_id:0) -> [base_model.m_stage0.encoder.layer.1.attention.self-batch_matmul_79_grad_a] (stage_id:0) 
I1222 14:27:41.600301 80469 pipeline_buffer_pass.cpp:117] 
 Insert buffer op : [System-Pipeline-Buffer-Op_-base_model.m_stage0.encoder.layer.1.attention.self-transpose_69-output_0-stage_id_0](buffer_size:4) 
 from [base_model.m_stage0.encoder.layer.1.attention.self-transpose_69] (stage_id:0) -> [base_model.m_stage0.encoder.layer.1.attention.self-batch_matmul_79_grad_b] (stage_id:0) 
I1222 14:27:41.600404 80469 pipeline_buffer_pass.cpp:117] 
 Insert buffer op : [System-Pipeline-Buffer-Op_-base_model.m_stage0.encoder.layer.0.output.LayerNorm-layer_norm_65-normalized_0-stage_id_0](buffer_size:4) 
 from [base_model.m_stage0.encoder.layer.0.output.LayerNorm-layer_norm_65] (stage_id:0) -> [base_model.m_stage0.encoder.layer.0.output.LayerNorm-layer_norm_65_param_grad] (stage_id:0) 
I1222 14:27:41.600466 80469 pipeline_buffer_pass.cpp:117] 
 Insert buffer op : [System-Pipeline-Buffer-Op_-base_model.m_stage0.encoder.layer.0.output-add_n_64-out_0-stage_id_0](buffer_size:4) 
 from [base_model.m_stage0.encoder.layer.0.output-add_n_64] (stage_id:0) -> [base_model.m_stage0.encoder.layer.0.output.LayerNorm-layer_norm_65_grad] (stage_id:0) 
I1222 14:27:41.600533 80469 pipeline_buffer_pass.cpp:117] 
 Insert buffer op : [System-Pipeline-Buffer-Op_-base_model.m_stage0.encoder.layer.0.output.LayerNorm-layer_norm_65-mean_0-stage_id_0](buffer_size:4) 
 from [base_model.m_stage0.encoder.layer.0.output.LayerNorm-layer_norm_65] (stage_id:0) -> [base_model.m_stage0.encoder.layer.0.output.LayerNorm-layer_norm_65_grad] (stage_id:0) 
I1222 14:27:41.600586 80469 pipeline_buffer_pass.cpp:117] 
 Insert buffer op : [System-Pipeline-Buffer-Op_-base_model.m_stage0.encoder.layer.0.output.LayerNorm-layer_norm_65-inv_variance_0-stage_id_0](buffer_size:4) 
 from [base_model.m_stage0.encoder.layer.0.output.LayerNorm-layer_norm_65] (stage_id:0) -> [base_model.m_stage0.encoder.layer.0.output.LayerNorm-layer_norm_65_grad] (stage_id:0) 
I1222 14:27:41.600642 80469 pipeline_buffer_pass.cpp:117] 
 Insert buffer op : [System-Pipeline-Buffer-Op_-base_model.m_stage0.encoder.layer.0.output.dropout-dropout_63-mask_0-stage_id_0](buffer_size:4) 
 from [base_model.m_stage0.encoder.layer.0.output.dropout-dropout_63] (stage_id:0) -> [base_model.m_stage0.encoder.layer.0.output.dropout-dropout_63_grad] (stage_id:0) 
I1222 14:27:41.600733 80469 pipeline_buffer_pass.cpp:117] 
 Insert buffer op : [System-Pipeline-Buffer-Op_-base_model.m_stage0.encoder.layer.0.intermediate.intermediate_act_fn-gelu_60-out_0-stage_id_0](buffer_size:4) 
 from [base_model.m_stage0.encoder.layer.0.intermediate.intermediate_act_fn-gelu_60] (stage_id:0) -> [base_model.m_stage0.encoder.layer.0.output.dense-broadcast_matmul_61_b_grad] (stage_id:0) 
I1222 14:27:41.601253 80469 pipeline_buffer_pass.cpp:117] 
 Insert buffer op : [System-Pipeline-Buffer-Op_-base_model.m_stage0.encoder.layer.0.intermediate.dense-broadcast_add_59-z_0-stage_id_0](buffer_size:4) 
 from [base_model.m_stage0.encoder.layer.0.intermediate.dense-broadcast_add_59] (stage_id:0) -> [base_model.m_stage0.encoder.layer.0.intermediate.intermediate_act_fn-gelu_60_grad] (stage_id:0) 
I1222 14:27:41.601320 80469 pipeline_buffer_pass.cpp:117] 
 Insert buffer op : [System-Pipeline-Buffer-Op_-base_model.m_stage0.encoder.layer.0.attention.output.LayerNorm-layer_norm_57-y_0-stage_id_0](buffer_size:4) 
 from [base_model.m_stage0.encoder.layer.0.attention.output.LayerNorm-layer_norm_57] (stage_id:0) -> [base_model.m_stage0.encoder.layer.0.intermediate.dense-broadcast_matmul_58_b_grad] (stage_id:0) 
I1222 14:27:41.601380 80469 pipeline_buffer_pass.cpp:117] 
 Insert buffer op : [System-Pipeline-Buffer-Op_-base_model.m_stage0.encoder.layer.0.attention.output.LayerNorm-layer_norm_57-normalized_0-stage_id_0](buffer_size:4) 
 from [base_model.m_stage0.encoder.layer.0.attention.output.LayerNorm-layer_norm_57] (stage_id:0) -> [base_model.m_stage0.encoder.layer.0.attention.output.LayerNorm-layer_norm_57_param_grad] (stage_id:0) 
I1222 14:27:41.601442 80469 pipeline_buffer_pass.cpp:117] 
 Insert buffer op : [System-Pipeline-Buffer-Op_-base_model.m_stage0.encoder.layer.0.attention.output-add_n_56-out_0-stage_id_0](buffer_size:4) 
 from [base_model.m_stage0.encoder.layer.0.attention.output-add_n_56] (stage_id:0) -> [base_model.m_stage0.encoder.layer.0.attention.output.LayerNorm-layer_norm_57_grad] (stage_id:0) 
I1222 14:27:41.601498 80469 pipeline_buffer_pass.cpp:117] 
 Insert buffer op : [System-Pipeline-Buffer-Op_-base_model.m_stage0.encoder.layer.0.attention.output.LayerNorm-layer_norm_57-mean_0-stage_id_0](buffer_size:4) 
 from [base_model.m_stage0.encoder.layer.0.attention.output.LayerNorm-layer_norm_57] (stage_id:0) -> [base_model.m_stage0.encoder.layer.0.attention.output.LayerNorm-layer_norm_57_grad] (stage_id:0) 
I1222 14:27:41.601554 80469 pipeline_buffer_pass.cpp:117] 
 Insert buffer op : [System-Pipeline-Buffer-Op_-base_model.m_stage0.encoder.layer.0.attention.output.LayerNorm-layer_norm_57-inv_variance_0-stage_id_0](buffer_size:4) 
 from [base_model.m_stage0.encoder.layer.0.attention.output.LayerNorm-layer_norm_57] (stage_id:0) -> [base_model.m_stage0.encoder.layer.0.attention.output.LayerNorm-layer_norm_57_grad] (stage_id:0) 
I1222 14:27:41.601613 80469 pipeline_buffer_pass.cpp:117] 
 Insert buffer op : [System-Pipeline-Buffer-Op_-base_model.m_stage0.encoder.layer.0.attention.output.dropout-dropout_55-mask_0-stage_id_0](buffer_size:4) 
 from [base_model.m_stage0.encoder.layer.0.attention.output.dropout-dropout_55] (stage_id:0) -> [base_model.m_stage0.encoder.layer.0.attention.output.dropout-dropout_55_grad] (stage_id:0) 
I1222 14:27:41.601673 80469 pipeline_buffer_pass.cpp:117] 
 Insert buffer op : [System-Pipeline-Buffer-Op_-base_model.m_stage0.encoder.layer.0.attention.self-reshape_52-out_0-stage_id_0](buffer_size:4) 
 from [base_model.m_stage0.encoder.layer.0.attention.self-reshape_52] (stage_id:0) -> [base_model.m_stage0.encoder.layer.0.attention.output.dense-broadcast_matmul_53_b_grad] (stage_id:0) 
I1222 14:27:41.601734 80469 pipeline_buffer_pass.cpp:117] 
 Insert buffer op : [System-Pipeline-Buffer-Op_-base_model.m_stage0.encoder.layer.0.attention.self-transpose_43-output_0-stage_id_0](buffer_size:4) 
 from [base_model.m_stage0.encoder.layer.0.attention.self-transpose_43] (stage_id:0) -> [base_model.m_stage0.encoder.layer.0.attention.self-batch_matmul_50_grad_a] (stage_id:0) 
I1222 14:27:41.601820 80469 pipeline_buffer_pass.cpp:117] 
 Insert buffer op : [System-Pipeline-Buffer-Op_-base_model.m_stage0.encoder.layer.0.attention.self.dropout-dropout_49-out_0-stage_id_0](buffer_size:4) 
 from [base_model.m_stage0.encoder.layer.0.attention.self.dropout-dropout_49] (stage_id:0) -> [base_model.m_stage0.encoder.layer.0.attention.self-batch_matmul_50_grad_b] (stage_id:0) 
I1222 14:27:41.602320 80469 pipeline_buffer_pass.cpp:117] 
 Insert buffer op : [System-Pipeline-Buffer-Op_-base_model.m_stage0.encoder.layer.0.attention.self.dropout-dropout_49-mask_0-stage_id_0](buffer_size:4) 
 from [base_model.m_stage0.encoder.layer.0.attention.self.dropout-dropout_49] (stage_id:0) -> [base_model.m_stage0.encoder.layer.0.attention.self.dropout-dropout_49_grad] (stage_id:0) 
I1222 14:27:41.602380 80469 pipeline_buffer_pass.cpp:117] 
 Insert buffer op : [System-Pipeline-Buffer-Op_-base_model.m_stage0.encoder.layer.0.attention.self-softmax_48-out_0-stage_id_0](buffer_size:4) 
 from [base_model.m_stage0.encoder.layer.0.attention.self-softmax_48] (stage_id:0) -> [base_model.m_stage0.encoder.layer.0.attention.self-softmax_48_grad] (stage_id:0) 
I1222 14:27:41.602442 80469 pipeline_buffer_pass.cpp:117] 
 Insert buffer op : [System-Pipeline-Buffer-Op_-base_model.m_stage0.embeddings.dropout-dropout_25-out_0-stage_id_0](buffer_size:4) 
 from [base_model.m_stage0.embeddings.dropout-dropout_25] (stage_id:0) -> [base_model.m_stage0.encoder.layer.0.attention.self.value-broadcast_matmul_40_b_grad] (stage_id:0) 
I1222 14:27:41.602500 80469 pipeline_buffer_pass.cpp:117] 
 Insert buffer op : [System-Pipeline-Buffer-Op_-base_model.m_stage0.encoder.layer.0.attention.self-transpose_44-output_0-stage_id_0](buffer_size:4) 
 from [base_model.m_stage0.encoder.layer.0.attention.self-transpose_44] (stage_id:0) -> [base_model.m_stage0.encoder.layer.0.attention.self-batch_matmul_45_grad_a] (stage_id:0) 
I1222 14:27:41.602568 80469 pipeline_buffer_pass.cpp:117] 
 Insert buffer op : [System-Pipeline-Buffer-Op_-base_model.m_stage0.encoder.layer.0.attention.self-transpose_35-output_0-stage_id_0](buffer_size:4) 
 from [base_model.m_stage0.encoder.layer.0.attention.self-transpose_35] (stage_id:0) -> [base_model.m_stage0.encoder.layer.0.attention.self-batch_matmul_45_grad_b] (stage_id:0) 
I1222 14:27:41.602669 80469 pipeline_buffer_pass.cpp:117] 
 Insert buffer op : [System-Pipeline-Buffer-Op_-base_model.m_stage0.embeddings.dropout-dropout_25-mask_0-stage_id_0](buffer_size:4) 
 from [base_model.m_stage0.embeddings.dropout-dropout_25] (stage_id:0) -> [base_model.m_stage0.embeddings.dropout-dropout_25_grad] (stage_id:0) 
I1222 14:27:41.602728 80469 pipeline_buffer_pass.cpp:117] 
 Insert buffer op : [System-Pipeline-Buffer-Op_-base_model.m_stage0.embeddings.LayerNorm-layer_norm_24-normalized_0-stage_id_0](buffer_size:4) 
 from [base_model.m_stage0.embeddings.LayerNorm-layer_norm_24] (stage_id:0) -> [base_model.m_stage0.embeddings.LayerNorm-layer_norm_24_param_grad] (stage_id:0) 
I1222 14:27:41.602790 80469 pipeline_buffer_pass.cpp:117] 
 Insert buffer op : [System-Pipeline-Buffer-Op_-base_model.m_stage0.embeddings-broadcast_add_23-z_0-stage_id_0](buffer_size:4) 
 from [base_model.m_stage0.embeddings-broadcast_add_23] (stage_id:0) -> [base_model.m_stage0.embeddings.LayerNorm-layer_norm_24_grad] (stage_id:0) 
I1222 14:27:41.602849 80469 pipeline_buffer_pass.cpp:117] 
 Insert buffer op : [System-Pipeline-Buffer-Op_-base_model.m_stage0.embeddings.LayerNorm-layer_norm_24-mean_0-stage_id_0](buffer_size:4) 
 from [base_model.m_stage0.embeddings.LayerNorm-layer_norm_24] (stage_id:0) -> [base_model.m_stage0.embeddings.LayerNorm-layer_norm_24_grad] (stage_id:0) 
I1222 14:27:41.602900 80469 pipeline_buffer_pass.cpp:117] 
 Insert buffer op : [System-Pipeline-Buffer-Op_-base_model.m_stage0.embeddings.LayerNorm-layer_norm_24-inv_variance_0-stage_id_0](buffer_size:4) 
 from [base_model.m_stage0.embeddings.LayerNorm-layer_norm_24] (stage_id:0) -> [base_model.m_stage0.embeddings.LayerNorm-layer_norm_24_grad] (stage_id:0) 
I1222 14:27:41.603005 80469 pipeline_buffer_pass.cpp:117] 
 Insert buffer op : [System-Pipeline-Buffer-Op_-base_model.m_stage0.embeddings.position_embeddings-gather_20-out_0-stage_id_0](buffer_size:4) 
 from [base_model.m_stage0.embeddings.position_embeddings-gather_20] (stage_id:0) -> [base_model.m_stage0.embeddings-broadcast_add_23_y_grad_reduce_sum_like] (stage_id:0) 
I1222 14:27:41.603561 80469 pipeline_buffer_pass.cpp:117] 
 Insert buffer op : [System-Pipeline-Buffer-Op_-base_model.m_stage0.embeddings-slice_19-y_0-stage_id_0](buffer_size:4) 
 from [base_model.m_stage0.embeddings-slice_19] (stage_id:0) -> [base_model.m_stage0.embeddings.position_embeddings-gather_20_grad] (stage_id:0) 
I1222 14:27:41.603626 80469 pipeline_buffer_pass.cpp:117] 
 Insert buffer op : [System-Pipeline-Buffer-Op_-base_model-identity_15-out_0-stage_id_0](buffer_size:4) 
 from [base_model-identity_15] (stage_id:0) -> [base_model.m_stage0.embeddings.word_embeddings-gather_18_grad] (stage_id:0) 
I1222 14:27:41.603686 80469 pipeline_buffer_pass.cpp:117] 
 Insert buffer op : [System-Pipeline-Buffer-Op_-base_model-identity_16-out_0-stage_id_0](buffer_size:4) 
 from [base_model-identity_16] (stage_id:0) -> [base_model.m_stage0.embeddings.token_type_embeddings-gather_21_grad] (stage_id:0) 
I1222 14:27:41.604283 80469 pipeline_buffer_pass.cpp:117] 
 Insert buffer op : [System-Pipeline-Buffer-Op_-_train_data_loader-hierarchical_parallel_cast_8-out_0-stage_id_0](buffer_size:4) 
 from [_train_data_loader-hierarchical_parallel_cast_8] (stage_id:0) -> [base_model-identity_15] (stage_id:0) 
I1222 14:27:41.604357 80469 pipeline_buffer_pass.cpp:117] 
 Insert buffer op : [System-Pipeline-Buffer-Op_-_train_data_loader-hierarchical_parallel_cast_11-out_0-stage_id_0](buffer_size:4) 
 from [_train_data_loader-hierarchical_parallel_cast_11] (stage_id:0) -> [base_model-identity_16] (stage_id:0) 
I1222 14:27:41.604413 80469 pipeline_buffer_pass.cpp:117] 
 Insert buffer op : [System-Pipeline-Buffer-Op_-_train_data_loader-hierarchical_parallel_cast_10-out_0-stage_id_0](buffer_size:4) 
 from [_train_data_loader-hierarchical_parallel_cast_10] (stage_id:0) -> [base_model-identity_17] (stage_id:0) 
I1222 14:27:41.604996 80469 pipeline_buffer_pass.cpp:212] 
 Insert buffer op pair : src_buffer = <System-Pipeline-Buffer-Op_-base_model-identity_440-out_0>(buffer_size:1) , dst_buffer = <System-Pipeline-Buffer-Op_-base_model-identity_440-out_0-stage_id_1>(buffer_size:1) 
 from [base_model-identity_440] (stage_id:0) -> [base_model-identity_441] (stage_id:1) 
I1222 14:27:41.605062 80469 pipeline_buffer_pass.cpp:117] 
 Insert buffer op : [System-Pipeline-Buffer-Op_-_train_data_loader-hierarchical_parallel_cast_10-out_0-stage_id_1](buffer_size:4) 
 from [_train_data_loader-hierarchical_parallel_cast_10] (stage_id:0) -> [base_model-identity_442] (stage_id:1) 
I1222 14:27:41.605616 80469 pipeline_buffer_pass.cpp:117] 
 Insert buffer op : [System-Pipeline-Buffer-Op_-_train_data_loader-hierarchical_parallel_cast_9-out_0-stage_id_1](buffer_size:4) 
 from [_train_data_loader-hierarchical_parallel_cast_9] (stage_id:0) -> [reshape_872] (stage_id:1) 
I1222 14:27:41.605686 80469 pipeline_buffer_pass.cpp:117] 
 Insert buffer op : [System-Pipeline-Buffer-Op_-_train_data_loader-hierarchical_parallel_cast_13-out_0-stage_id_1](buffer_size:4) 
 from [_train_data_loader-hierarchical_parallel_cast_13] (stage_id:0) -> [expand_dims_880] (stage_id:1) 
I1222 14:27:41.605746 80469 pipeline_buffer_pass.cpp:117] 
 Insert buffer op : [System-Pipeline-Buffer-Op_-_train_data_loader-hierarchical_parallel_cast_12-out_0-stage_id_1](buffer_size:4) 
 from [_train_data_loader-hierarchical_parallel_cast_12] (stage_id:0) -> [reshape_884] (stage_id:1) 
I1222 14:27:41.605805 80469 pipeline_buffer_pass.cpp:117] 
 Insert buffer op : [System-Pipeline-Buffer-Op_-_train_data_loader-hierarchical_parallel_cast_14-out_0-stage_id_1](buffer_size:4) 
 from [_train_data_loader-hierarchical_parallel_cast_14] (stage_id:0) -> [multiply_891] (stage_id:1) 
I1222 14:27:41.607126 80469 pipeline_buffer_pass.cpp:212] 
 Insert buffer op pair : src_buffer = <System-Pipeline-Buffer-Op_-base_model-identity_441_grad-out_0>(buffer_size:1) , dst_buffer = <System-Pipeline-Buffer-Op_-base_model-identity_441_grad-out_0-stage_id_0>(buffer_size:1) 
 from [base_model-identity_441_grad] (stage_id:1) -> [base_model-identity_440_grad] (stage_id:0) 
I1222 14:27:42.811830 80469 global.h:43] DeleteGlobal N7oneflow7JobDescE
I1222 14:27:43.971276 80469 global.h:36] NewGlobal N7oneflow7JobDescE
I1222 14:28:02.744766 80469 runtime_context.cpp:21] NewCounter constructing_actor_cnt 3151
I1222 14:28:02.745853 80792 wait_and_send_ids_actor.cpp:53] actor 71468392120320 switch to &WaitAndSendIdsActor::HandlerWaitToStart
I1222 14:28:02.745980 80792 thread.cpp:99] Thread 34078785 construct Actor kWaitAndSendIds 71468392120320
I1222 14:28:02.746487 80792 runtime_context.cpp:29] DecreaseCounter constructing_actor_cnt, current val is 3150
I1222 14:28:02.747982 80779 naive_actor.cpp:25] actor 72567767436075 switch to &NaiveActor::HandlerNormal
I1222 14:28:02.748070 80779 thread.cpp:99] Thread 34603008 construct Actor kDeviceTick 72567767436075
I1222 14:28:02.748203 80779 runtime_context.cpp:29] DecreaseCounter constructing_actor_cnt, current val is 3149
I1222 14:28:02.748587 80779 naive_actor.cpp:25] actor 72567767436081 switch to &NaiveActor::HandlerNormal
I1222 14:28:02.748661 80779 thread.cpp:99] Thread 34603008 construct Actor kDeviceTick 72567767436081
I1222 14:28:02.748759 80779 runtime_context.cpp:29] DecreaseCounter constructing_actor_cnt, current val is 3148
I1222 14:28:02.749025 80779 naive_actor.cpp:25] actor 72567767436072 switch to &NaiveActor::HandlerNormal
I1222 14:28:02.749094 80779 thread.cpp:99] Thread 34603008 construct Actor kDeviceTick 72567767436072
I1222 14:28:02.749153 80779 runtime_context.cpp:29] DecreaseCounter constructing_actor_cnt, current val is 3147
I1222 14:28:02.749361 80779 naive_actor.cpp:25] actor 72567767436079 switch to &NaiveActor::HandlerNormal
I1222 14:28:02.749398 80779 thread.cpp:99] Thread 34603008 construct Actor kDeviceTick 72567767436079
I1222 14:28:02.749444 80779 runtime_context.cpp:29] DecreaseCounter constructing_actor_cnt, current val is 3146
I1222 14:28:02.749651 80779 naive_actor.cpp:25] actor 72567767436077 switch to &NaiveActor::HandlerNormal
I1222 14:28:02.749687 80779 thread.cpp:99] Thread 34603008 construct Actor kDeviceTick 72567767436077
I1222 14:28:02.749734 80779 runtime_context.cpp:29] DecreaseCounter constructing_actor_cnt, current val is 3145
I1222 14:28:02.820190 80776 naive_actor.cpp:25] actor 71468257902592 switch to &NaiveActor::HandlerNormal
I1222 14:28:02.820238 80774 naive_actor.cpp:25] actor 71468255805440 switch to &NaiveActor::HandlerNormal
I1222 14:28:02.820269 80776 thread.cpp:99] Thread 34078721 construct Actor kNormalForward 71468257902592
I1222 14:28:02.820331 80774 thread.cpp:99] Thread 34078720 construct Actor kNormalForward 71468255805440
I1222 14:28:02.820420 80777 naive_actor.cpp:25] actor 71468268388352 switch to &NaiveActor::HandlerNormal
I1222 14:28:02.820441 80775 naive_actor.cpp:25] actor 71468264194048 switch to &NaiveActor::HandlerNormal
I1222 14:28:02.820487 80776 runtime_context.cpp:29] DecreaseCounter constructing_actor_cnt, current val is 3144
I1222 14:28:02.820502 80774 runtime_context.cpp:29] DecreaseCounter constructing_actor_cnt, current val is 3143
I1222 14:28:02.820523 80777 thread.cpp:99] Thread 34078726 construct Actor kNormalForward 71468268388352
I1222 14:28:02.820572 80775 thread.cpp:99] Thread 34078724 construct Actor kNormalForward 71468264194048
I1222 14:28:02.820793 80772 naive_actor.cpp:25] actor 71468259999744 switch to &NaiveActor::HandlerNormal
I1222 14:28:02.820986 80772 thread.cpp:99] Thread 34078722 construct Actor kNormalForward 71468259999744
I1222 14:28:02.821074 80775 runtime_context.cpp:29] DecreaseCounter constructing_actor_cnt, current val is 3142
I1222 14:28:02.821177 80777 runtime_context.cpp:29] DecreaseCounter constructing_actor_cnt, current val is 3141
I1222 14:28:02.821192 80773 naive_actor.cpp:25] actor 71468266291200 switch to &NaiveActor::HandlerNormal
I1222 14:28:02.821199 80779 naive_actor.cpp:25] actor 72567767433218 switch to &NaiveActor::HandlerNormal
I1222 14:28:02.821285 80781 naive_actor.cpp:25] actor 72567773724674 switch to &NaiveActor::HandlerNormal
I1222 14:28:02.821301 80772 runtime_context.cpp:29] DecreaseCounter constructing_actor_cnt, current val is 3140
I1222 14:28:02.821301 80784 naive_actor.cpp:25] actor 72567771627520 switch to &NaiveActor::HandlerNormal
I1222 14:28:02.821303 80788 naive_actor.cpp:25] actor 72567769530368 switch to &NaiveActor::HandlerNormal
I1222 14:28:02.821398 80771 naive_actor.cpp:25] actor 71468262096896 switch to &NaiveActor::HandlerNormal
I1222 14:28:02.821485 80782 naive_actor.cpp:25] actor 71468390023171 switch to &NaiveActor::HandlerNormal
I1222 14:28:02.821491 80786 copy_comm_net_actor.cpp:66] actor 71468400508930 switch to &CopyCommNetActor::HandlerNormal
I1222 14:28:02.821626 80785 naive_actor.cpp:25] actor 71468396314624 switch to &NaiveActor::HandlerNormal
I1222 14:28:02.821710 80790 sink_actor.cpp:21] actor 71468394217472 switch to &SinkActor::HandlerNormal
I1222 14:28:02.821832 80789 naive_actor.cpp:25] actor 71468398411776 switch to &NaiveActor::HandlerNormal
I1222 14:28:02.821863 80791 naive_actor.cpp:25] actor 71468270485504 switch to &NaiveActor::HandlerNormal
I1222 14:28:02.821868 80793 naive_actor.cpp:25] actor 71468272582656 switch to &NaiveActor::HandlerNormal
I1222 14:28:02.822079 80773 thread.cpp:99] Thread 34078725 construct Actor kNormalForward 71468266291200
I1222 14:28:02.822144 80779 thread.cpp:99] Thread 34603008 construct Actor kNormalForward 72567767433218
I1222 14:28:02.822171 80781 thread.cpp:99] Thread 34603011 construct Actor kCollectiveBoxingGeneric 72567773724674
I1222 14:28:02.822235 80784 thread.cpp:99] Thread 34603010 construct Actor kCopyHd 72567771627520
I1222 14:28:02.822293 80788 thread.cpp:99] Thread 34603009 construct Actor kCopyHd 72567769530368
I1222 14:28:02.822381 80771 thread.cpp:99] Thread 34078723 construct Actor kNormalForward 71468262096896
I1222 14:28:02.822438 80782 thread.cpp:99] Thread 34078784 construct Actor kTick 71468390023171
I1222 14:28:02.822515 80786 thread.cpp:99] Thread 34078789 construct Actor kCopyCommNet 71468400508930
I1222 14:28:02.823071 80771 runtime_context.cpp:29] DecreaseCounter constructing_actor_cnt, current val is 3134
I1222 14:28:02.822643 80790 thread.cpp:99] Thread 34078786 construct Actor kCallbackNotify 71468394217472
I1222 14:28:02.822688 80789 thread.cpp:99] Thread 34078788 construct Actor kCriticalSectionWaitTick 71468398411776
I1222 14:28:02.822736 80791 thread.cpp:99] Thread 34078727 construct Actor kNormalForward 71468270485504
I1222 14:28:02.823231 80790 runtime_context.cpp:29] DecreaseCounter constructing_actor_cnt, current val is 3131
I1222 14:28:02.822849 80773 runtime_context.cpp:29] DecreaseCounter constructing_actor_cnt, current val is 3139
I1222 14:28:02.822890 80781 runtime_context.cpp:29] DecreaseCounter constructing_actor_cnt, current val is 3138
I1222 14:28:02.822911 80779 runtime_context.cpp:29] DecreaseCounter constructing_actor_cnt, current val is 3137
I1222 14:28:02.822926 80784 runtime_context.cpp:29] DecreaseCounter constructing_actor_cnt, current val is 3136
I1222 14:28:02.822974 80788 runtime_context.cpp:29] DecreaseCounter constructing_actor_cnt, current val is 3135
I1222 14:28:02.823074 80782 runtime_context.cpp:29] DecreaseCounter constructing_actor_cnt, current val is 3133
I1222 14:28:02.822561 80785 thread.cpp:99] Thread 34078787 construct Actor kCriticalSectionWaitTick 71468396314624
I1222 14:28:02.823112 80786 runtime_context.cpp:29] DecreaseCounter constructing_actor_cnt, current val is 3132
I1222 14:28:02.822778 80793 thread.cpp:99] Thread 34078728 construct Actor kNormalForward 71468272582656
I1222 14:28:02.823241 80789 runtime_context.cpp:29] DecreaseCounter constructing_actor_cnt, current val is 3130
I1222 14:28:02.823263 80791 runtime_context.cpp:29] DecreaseCounter constructing_actor_cnt, current val is 3129
I1222 14:28:02.823446 80781 naive_actor.cpp:25] actor 72567773724700 switch to &NaiveActor::HandlerNormal
I1222 14:28:02.823521 80784 naive_actor.cpp:25] actor 72567771627521 switch to &NaiveActor::HandlerNormal
I1222 14:28:02.823587 80785 runtime_context.cpp:29] DecreaseCounter constructing_actor_cnt, current val is 3128
I1222 14:28:02.823670 80793 runtime_context.cpp:29] DecreaseCounter constructing_actor_cnt, current val is 3127
I1222 14:28:02.823680 80788 naive_actor.cpp:25] actor 72567769530373 switch to &NaiveActor::HandlerNormal
I1222 14:28:02.823755 80786 copy_comm_net_actor.cpp:66] actor 71468400508929 switch to &CopyCommNetActor::HandlerNormal
I1222 14:28:02.823851 80782 naive_actor.cpp:25] actor 71468390023177 switch to &NaiveActor::HandlerNormal
I1222 14:28:02.824185 80779 naive_actor.cpp:25] actor 72567767433250 switch to &NaiveActor::HandlerNormal
I1222 14:28:02.824283 80781 thread.cpp:99] Thread 34603011 construct Actor kCollectiveBoxingGeneric 72567773724700
I1222 14:28:02.824313 80784 thread.cpp:99] Thread 34603010 construct Actor kCopyHd 72567771627521
I1222 14:28:02.824437 80788 thread.cpp:99] Thread 34603009 construct Actor kCopyHd 72567769530373
I1222 14:28:02.824487 80786 thread.cpp:99] Thread 34078789 construct Actor kCopyCommNet 71468400508929
I1222 14:28:02.824541 80782 thread.cpp:99] Thread 34078784 construct Actor kDstSubsetTick 71468390023177
I1222 14:28:02.824589 80779 thread.cpp:99] Thread 34603008 construct Actor kNormalForward 72567767433250
I1222 14:28:02.824784 80782 runtime_context.cpp:29] DecreaseCounter constructing_actor_cnt, current val is 3122
I1222 14:28:02.824645 80784 runtime_context.cpp:29] DecreaseCounter constructing_actor_cnt, current val is 3125
I1222 14:28:02.824695 80788 runtime_context.cpp:29] DecreaseCounter constructing_actor_cnt, current val is 3124
I1222 14:28:02.824735 80786 runtime_context.cpp:29] DecreaseCounter constructing_actor_cnt, current val is 3123
I1222 14:28:02.824623 80781 runtime_context.cpp:29] DecreaseCounter constructing_actor_cnt, current val is 3126
I1222 14:28:02.824827 80779 runtime_context.cpp:29] DecreaseCounter constructing_actor_cnt, current val is 3121
I1222 14:28:02.824924 80784 naive_actor.cpp:25] actor 72567771627523 switch to &NaiveActor::HandlerNormal
I1222 14:28:02.825057 80782 naive_actor.cpp:25] actor 71468390023173 switch to &NaiveActor::HandlerNormal
I1222 14:28:02.825067 80788 naive_actor.cpp:25] actor 72567769530383 switch to &NaiveActor::HandlerNormal
I1222 14:28:02.825067 80784 thread.cpp:99] Thread 34603010 construct Actor kCopyHd 72567771627523
I1222 14:28:02.825078 80786 copy_comm_net_actor.cpp:66] actor 71468400508933 switch to &CopyCommNetActor::HandlerNormal
I1222 14:28:02.825107 80781 naive_actor.cpp:25] actor 72567773724726 switch to &NaiveActor::HandlerNormal
I1222 14:28:02.825117 80782 thread.cpp:99] Thread 34078784 construct Actor kTick 71468390023173
I1222 14:28:02.825176 80788 thread.cpp:99] Thread 34603009 construct Actor kCopyHd 72567769530383
I1222 14:28:02.825356 80779 naive_actor.cpp:25] actor 72567767433282 switch to &NaiveActor::HandlerNormal
I1222 14:28:02.825255 80786 thread.cpp:99] Thread 34078789 construct Actor kCopyCommNet 71468400508933
I1222 14:28:02.825292 80781 thread.cpp:99] Thread 34603011 construct Actor kCollectiveBoxingGeneric 72567773724726
I1222 14:28:02.825345 80782 runtime_context.cpp:29] DecreaseCounter constructing_actor_cnt, current val is 3119
I1222 14:28:02.825206 80784 runtime_context.cpp:29] DecreaseCounter constructing_actor_cnt, current val is 3120
I1222 14:28:02.825404 80788 runtime_context.cpp:29] DecreaseCounter constructing_actor_cnt, current val is 3118
I1222 14:28:02.825423 80779 thread.cpp:99] Thread 34603008 construct Actor kNormalForward 72567767433282
I1222 14:28:02.825484 80786 runtime_context.cpp:29] DecreaseCounter constructing_actor_cnt, current val is 3117
I1222 14:28:02.825697 80779 runtime_context.cpp:29] DecreaseCounter constructing_actor_cnt, current val is 3115
I1222 14:28:02.825650 80784 naive_actor.cpp:25] actor 72567771627524 switch to &NaiveActor::HandlerNormal
I1222 14:28:02.825516 80781 runtime_context.cpp:29] DecreaseCounter constructing_actor_cnt, current val is 3116
I1222 14:28:02.825789 80788 naive_actor.cpp:25] actor 72567769530377 switch to &NaiveActor::HandlerNormal
I1222 14:28:02.825807 80782 naive_actor.cpp:25] actor 71468390023172 switch to &NaiveActor::HandlerNormal
I1222 14:28:02.826634 80781 naive_actor.cpp:25] actor 72567773724729 switch to &NaiveActor::HandlerNormal
I1222 14:28:02.825861 80784 thread.cpp:99] Thread 34603010 construct Actor kCopyHd 72567771627524
I1222 14:28:02.826400 80779 naive_actor.cpp:25] actor 72567767433314 switch to &NaiveActor::HandlerNormal
I1222 14:28:02.826598 80788 thread.cpp:99] Thread 34603009 construct Actor kCopyHd 72567769530377
I1222 14:28:02.825824 80786 copy_comm_net_actor.cpp:66] actor 71468400508932 switch to &CopyCommNetActor::HandlerNormal
I1222 14:28:02.826637 80782 thread.cpp:99] Thread 34078784 construct Actor kTick 71468390023172
I1222 14:28:02.826666 80781 thread.cpp:99] Thread 34603011 construct Actor kCollectiveBoxingGeneric 72567773724729
I1222 14:28:02.826717 80784 runtime_context.cpp:29] DecreaseCounter constructing_actor_cnt, current val is 3114
I1222 14:28:02.826746 80779 thread.cpp:99] Thread 34603008 construct Actor kNormalForward 72567767433314
I1222 14:28:02.826807 80788 runtime_context.cpp:29] DecreaseCounter constructing_actor_cnt, current val is 3113
I1222 14:28:02.826839 80786 thread.cpp:99] Thread 34078789 construct Actor kCopyCommNet 71468400508932
I1222 14:28:02.826910 80781 runtime_context.cpp:29] DecreaseCounter constructing_actor_cnt, current val is 3111
I1222 14:28:02.826911 80782 runtime_context.cpp:29] DecreaseCounter constructing_actor_cnt, current val is 3112
I1222 14:28:02.827024 80779 runtime_context.cpp:29] DecreaseCounter constructing_actor_cnt, current val is 3110
I1222 14:28:02.827059 80784 naive_actor.cpp:25] actor 72567771627522 switch to &NaiveActor::HandlerNormal
I1222 14:28:02.827080 80786 runtime_context.cpp:29] DecreaseCounter constructing_actor_cnt, current val is 3109
I1222 14:28:02.827167 80788 naive_actor.cpp:25] actor 72567769530386 switch to &NaiveActor::HandlerNormal
I1222 14:28:02.827174 80781 naive_actor.cpp:25] actor 72567773724751 switch to &NaiveActor::HandlerNormal
I1222 14:28:02.827226 80784 thread.cpp:99] Thread 34603010 construct Actor kCopyHd 72567771627522
I1222 14:28:02.827344 80788 thread.cpp:99] Thread 34603009 construct Actor kCopyHd 72567769530386
I1222 14:28:02.827441 80782 naive_actor.cpp:25] actor 71468390023174 switch to &NaiveActor::HandlerNormal
I1222 14:28:02.827484 80788 runtime_context.cpp:29] DecreaseCounter constructing_actor_cnt, current val is 3107
I1222 14:28:02.827432 80786 copy_comm_net_actor.cpp:66] actor 71468400508949 switch to &CopyCommNetActor::HandlerNormal
I1222 14:28:02.827375 80781 thread.cpp:99] Thread 34603011 construct Actor kCollectiveBoxingGeneric 72567773724751
I1222 14:28:02.827425 80784 runtime_context.cpp:29] DecreaseCounter constructing_actor_cnt, current val is 3108
I1222 14:28:02.827493 80782 thread.cpp:99] Thread 34078784 construct Actor kSrcSubsetTick 71468390023174
I1222 14:28:02.827606 80786 thread.cpp:99] Thread 34078789 construct Actor kCopyCommNet 71468400508949
I1222 14:28:02.827651 80781 runtime_context.cpp:29] DecreaseCounter constructing_actor_cnt, current val is 3106
I1222 14:28:02.827777 80786 runtime_context.cpp:29] DecreaseCounter constructing_actor_cnt, current val is 3104
I1222 14:28:02.827739 80782 runtime_context.cpp:29] DecreaseCounter constructing_actor_cnt, current val is 3105
I1222 14:28:02.827724 80788 naive_actor.cpp:25] actor 72567769530378 switch to &NaiveActor::HandlerNormal
I1222 14:28:02.827873 80781 naive_actor.cpp:25] actor 72567773724776 switch to &NaiveActor::HandlerNormal
I1222 14:28:02.827956 80786 copy_comm_net_actor.cpp:66] actor 71468400508948 switch to &CopyCommNetActor::HandlerNormal
I1222 14:28:02.827940 80788 thread.cpp:99] Thread 34603009 construct Actor kCopyHd 72567769530378
I1222 14:28:02.827965 80781 thread.cpp:99] Thread 34603011 construct Actor kCollectiveBoxingGeneric 72567773724776
I1222 14:28:02.828017 80786 thread.cpp:99] Thread 34078789 construct Actor kCopyCommNet 71468400508948
I1222 14:28:02.828083 80782 naive_actor.cpp:25] actor 71468390023175 switch to &NaiveActor::HandlerNormal
I1222 14:28:02.828168 80788 runtime_context.cpp:29] DecreaseCounter constructing_actor_cnt, current val is 3103
I1222 14:28:02.828279 80779 naive_actor.cpp:25] actor 72567767433237 switch to &NaiveActor::HandlerNormal
I1222 14:28:02.828733 80781 runtime_context.cpp:29] DecreaseCounter constructing_actor_cnt, current val is 3102
I1222 14:28:02.828785 80786 runtime_context.cpp:29] DecreaseCounter constructing_actor_cnt, current val is 3101
I1222 14:28:02.828816 80782 thread.cpp:99] Thread 34078784 construct Actor kDstSubsetTick 71468390023175
I1222 14:28:02.829028 80788 naive_actor.cpp:25] actor 72567769530382 switch to &NaiveActor::HandlerNormal
I1222 14:28:02.828922 80779 thread.cpp:99] Thread 34603008 construct Actor kNormalForward 72567767433237
I1222 14:28:02.829033 80781 naive_actor.cpp:25] actor 72567773724679 switch to &NaiveActor::HandlerNormal
I1222 14:28:02.829064 80782 runtime_context.cpp:29] DecreaseCounter constructing_actor_cnt, current val is 3100
I1222 14:28:02.829083 80788 thread.cpp:99] Thread 34603009 construct Actor kCopyHd 72567769530382
I1222 14:28:02.829129 80786 copy_comm_net_actor.cpp:66] actor 71468400508941 switch to &CopyCommNetActor::HandlerNormal
I1222 14:28:02.829161 80781 thread.cpp:99] Thread 34603011 construct Actor kCollectiveBoxingGeneric 72567773724679
I1222 14:28:02.829186 80779 runtime_context.cpp:29] DecreaseCounter constructing_actor_cnt, current val is 3099
I1222 14:28:02.829253 80788 runtime_context.cpp:29] DecreaseCounter constructing_actor_cnt, current val is 3098
I1222 14:28:02.829291 80786 thread.cpp:99] Thread 34078789 construct Actor kCopyCommNet 71468400508941
I1222 14:28:02.829332 80781 runtime_context.cpp:29] DecreaseCounter constructing_actor_cnt, current val is 3097
I1222 14:28:02.829483 80786 runtime_context.cpp:29] DecreaseCounter constructing_actor_cnt, current val is 3096
I1222 14:28:02.829413 80782 naive_actor.cpp:25] actor 71468390023169 switch to &NaiveActor::HandlerNormal
I1222 14:28:02.829589 80782 thread.cpp:99] Thread 34078784 construct Actor kTick 71468390023169
I1222 14:28:02.829593 80781 naive_actor.cpp:25] actor 72567773724823 switch to &NaiveActor::HandlerNormal
I1222 14:28:02.829658 80782 runtime_context.cpp:29] DecreaseCounter constructing_actor_cnt, current val is 3095
I1222 14:28:02.829597 80788 naive_actor.cpp:25] actor 72567769530370 switch to &NaiveActor::HandlerNormal
I1222 14:28:02.829660 80781 thread.cpp:99] Thread 34603011 construct Actor kCollectiveBoxingGeneric 72567773724823
I1222 14:28:02.829684 80786 copy_comm_net_actor.cpp:66] actor 71468400508940 switch to &CopyCommNetActor::HandlerNormal
I1222 14:28:02.829758 80788 thread.cpp:99] Thread 34603009 construct Actor kCopyHd 72567769530370
I1222 14:28:02.829793 80781 runtime_context.cpp:29] DecreaseCounter constructing_actor_cnt, current val is 3094
I1222 14:28:02.829839 80786 thread.cpp:99] Thread 34078789 construct Actor kCopyCommNet 71468400508940
I1222 14:28:02.829924 80788 runtime_context.cpp:29] DecreaseCounter constructing_actor_cnt, current val is 3093
I1222 14:28:02.829984 80782 naive_actor.cpp:25] actor 71468390023176 switch to &NaiveActor::HandlerNormal
I1222 14:28:02.829994 80786 runtime_context.cpp:29] DecreaseCounter constructing_actor_cnt, current val is 3092
I1222 14:28:02.830011 80781 naive_actor.cpp:25] actor 72567773724676 switch to &NaiveActor::HandlerNormal
I1222 14:28:02.830080 80782 thread.cpp:99] Thread 34078784 construct Actor kSrcSubsetTick 71468390023176
I1222 14:28:02.830163 80781 thread.cpp:99] Thread 34603011 construct Actor kCollectiveBoxingGeneric 72567773724676
I1222 14:28:02.830248 80781 runtime_context.cpp:29] DecreaseCounter constructing_actor_cnt, current val is 3091
I1222 14:28:02.830266 80786 copy_comm_net_actor.cpp:66] actor 71468400508934 switch to &CopyCommNetActor::HandlerNormal
I1222 14:28:02.830250 80782 runtime_context.cpp:29] DecreaseCounter constructing_actor_cnt, current val is 3090
I1222 14:28:02.830353 80781 naive_actor.cpp:25] actor 72567773724686 switch to &NaiveActor::HandlerNormal
I1222 14:28:02.831054 80781 thread.cpp:99] Thread 34603011 construct Actor kCollectiveBoxingGeneric 72567773724686
I1222 14:28:02.830401 80779 naive_actor.cpp:25] actor 72567767433229 switch to &NaiveActor::HandlerNormal
I1222 14:28:02.830441 80788 naive_actor.cpp:25] actor 72567769530376 switch to &NaiveActor::HandlerNormal
I1222 14:28:02.830392 80786 thread.cpp:99] Thread 34078789 construct Actor kCopyCommNet 71468400508934
I1222 14:28:02.831091 80781 runtime_context.cpp:29] DecreaseCounter constructing_actor_cnt, current val is 3089
I1222 14:28:02.831256 80786 runtime_context.cpp:29] DecreaseCounter constructing_actor_cnt, current val is 3088
I1222 14:28:02.831185 80788 thread.cpp:99] Thread 34603009 construct Actor kCopyHd 72567769530376
I1222 14:28:02.831140 80779 thread.cpp:99] Thread 34603008 construct Actor kNormalForward 72567767433229
I1222 14:28:02.831316 80782 naive_actor.cpp:25] actor 71468390023168 switch to &NaiveActor::HandlerNormal
I1222 14:28:02.831355 80781 naive_actor.cpp:25] actor 72567773724705 switch to &NaiveActor::HandlerNormal
I1222 14:28:02.831387 80788 runtime_context.cpp:29] DecreaseCounter constructing_actor_cnt, current val is 3087
I1222 14:28:02.831445 80782 thread.cpp:99] Thread 34078784 construct Actor kSrcSubsetTick 71468390023168
I1222 14:28:02.831451 80786 copy_comm_net_actor.cpp:66] actor 71468400508928 switch to &CopyCommNetActor::HandlerNormal
I1222 14:28:02.831451 80779 runtime_context.cpp:29] DecreaseCounter constructing_actor_cnt, current val is 3086
I1222 14:28:02.831478 80781 thread.cpp:99] Thread 34603011 construct Actor kCollectiveBoxingGeneric 72567773724705
I1222 14:28:02.831581 80782 runtime_context.cpp:29] DecreaseCounter constructing_actor_cnt, current val is 3085
I1222 14:28:02.831606 80786 thread.cpp:99] Thread 34078789 construct Actor kCopyCommNet 71468400508928
I1222 14:28:02.831681 80788 naive_actor.cpp:25] actor 72567769530371 switch to &NaiveActor::HandlerNormal
I1222 14:28:02.831704 80781 runtime_context.cpp:29] DecreaseCounter constructing_actor_cnt, current val is 3084
I1222 14:28:02.831809 80786 runtime_context.cpp:29] DecreaseCounter constructing_actor_cnt, current val is 3083
I1222 14:28:02.831843 80788 thread.cpp:99] Thread 34603009 construct Actor kCopyHd 72567769530371
I1222 14:28:02.831954 80781 naive_actor.cpp:25] actor 72567773724713 switch to &NaiveActor::HandlerNormal
I1222 14:28:02.832012 80788 runtime_context.cpp:29] DecreaseCounter constructing_actor_cnt, current val is 3082
I1222 14:28:02.832013 80781 thread.cpp:99] Thread 34603011 construct Actor kCollectiveBoxingGeneric 72567773724713
I1222 14:28:02.832051 80786 copy_comm_net_actor.cpp:66] actor 71468400508938 switch to &CopyCommNetActor::HandlerNormal
I1222 14:28:02.832118 80781 runtime_context.cpp:29] DecreaseCounter constructing_actor_cnt, current val is 3081
I1222 14:28:02.832132 80782 naive_actor.cpp:25] actor 71468390023170 switch to &NaiveActor::HandlerNormal
I1222 14:28:02.832162 80786 thread.cpp:99] Thread 34078789 construct Actor kCopyCommNet 71468400508938
I1222 14:28:02.832242 80782 thread.cpp:99] Thread 34078784 construct Actor kDstSubsetTick 71468390023170
I1222 14:28:02.832264 80788 naive_actor.cpp:25] actor 72567769530380 switch to &NaiveActor::HandlerNormal
I1222 14:28:02.832280 80781 naive_actor.cpp:25] actor 72567773724707 switch to &NaiveActor::HandlerNormal
I1222 14:28:02.832417 80781 thread.cpp:99] Thread 34603011 construct Actor kCollectiveBoxingGeneric 72567773724707
I1222 14:28:02.832367 80782 runtime_context.cpp:29] DecreaseCounter constructing_actor_cnt, current val is 3079
I1222 14:28:02.832393 80788 thread.cpp:99] Thread 34603009 construct Actor kCopyHd 72567769530380
I1222 14:28:02.832314 80786 runtime_context.cpp:29] DecreaseCounter constructing_actor_cnt, current val is 3080
I1222 14:28:02.832451 80781 runtime_context.cpp:29] DecreaseCounter constructing_actor_cnt, current val is 3078
I1222 14:28:02.832548 80788 runtime_context.cpp:29] DecreaseCounter constructing_actor_cnt, current val is 3077
I1222 14:28:02.832589 80779 naive_actor.cpp:25] actor 72567767433346 switch to &NaiveActor::HandlerNormal
I1222 14:28:02.832684 80786 copy_comm_net_actor.cpp:66] actor 71468400508936 switch to &CopyCommNetActor::HandlerNormal
I1222 14:28:02.832726 80781 naive_actor.cpp:25] actor 72567773724691 switch to &NaiveActor::HandlerNormal
I1222 14:28:02.833165 80779 thread.cpp:99] Thread 34603008 construct Actor kNormalForward 72567767433346
I1222 14:28:02.833221 80786 thread.cpp:99] Thread 34078789 construct Actor kCopyCommNet 71468400508936
I1222 14:28:02.833261 80781 thread.cpp:99] Thread 34603011 construct Actor kCollectiveBoxingGeneric 72567773724691
I1222 14:28:02.833262 80788 naive_actor.cpp:25] actor 72567769530374 switch to &NaiveActor::HandlerNormal
I1222 14:28:02.833355 80779 runtime_context.cpp:29] DecreaseCounter constructing_actor_cnt, current val is 3076
I1222 14:28:02.833372 80786 runtime_context.cpp:29] DecreaseCounter constructing_actor_cnt, current val is 3075
I1222 14:28:02.833397 80781 runtime_context.cpp:29] DecreaseCounter constructing_actor_cnt, current val is 3074
I1222 14:28:02.833428 80788 thread.cpp:99] Thread 34603009 construct Actor kCopyHd 72567769530374
I1222 14:28:02.833631 80788 runtime_context.cpp:29] DecreaseCounter constructing_actor_cnt, current val is 3073
I1222 14:28:02.833633 80786 copy_comm_net_actor.cpp:66] actor 71468400508952 switch to &CopyCommNetActor::HandlerNormal
I1222 14:28:02.833642 80781 naive_actor.cpp:25] actor 72567773724680 switch to &NaiveActor::HandlerNormal
I1222 14:28:02.833782 80781 thread.cpp:99] Thread 34603011 construct Actor kCollectiveBoxingGeneric 72567773724680
I1222 14:28:02.833746 80786 thread.cpp:99] Thread 34078789 construct Actor kCopyCommNet 71468400508952
I1222 14:28:02.833820 80781 runtime_context.cpp:29] DecreaseCounter constructing_actor_cnt, current val is 3072
I1222 14:28:02.833874 80786 runtime_context.cpp:29] DecreaseCounter constructing_actor_cnt, current val is 3071
I1222 14:28:02.833875 80788 naive_actor.cpp:25] actor 72567769530375 switch to &NaiveActor::HandlerNormal
I1222 14:28:02.833978 80781 naive_actor.cpp:25] actor 72567773724718 switch to &NaiveActor::HandlerNormal
I1222 14:28:02.834013 80788 thread.cpp:99] Thread 34603009 construct Actor kCopyHd 72567769530375
I1222 14:28:02.834046 80781 thread.cpp:99] Thread 34603011 construct Actor kCollectiveBoxingGeneric 72567773724718
I1222 14:28:02.834064 80786 copy_comm_net_actor.cpp:66] actor 71468400508931 switch to &CopyCommNetActor::HandlerNormal
I1222 14:28:02.834127 80788 runtime_context.cpp:29] DecreaseCounter constructing_actor_cnt, current val is 3070
I1222 14:28:02.834136 80781 runtime_context.cpp:29] DecreaseCounter constructing_actor_cnt, current val is 3069
I1222 14:28:02.834180 80786 thread.cpp:99] Thread 34078789 construct Actor kCopyCommNet 71468400508931
I1222 14:28:02.834333 80786 runtime_context.cpp:29] DecreaseCounter constructing_actor_cnt, current val is 3068
I1222 14:28:02.834354 80781 naive_actor.cpp:25] actor 72567773724739 switch to &NaiveActor::HandlerNormal
I1222 14:28:02.834417 80781 thread.cpp:99] Thread 34603011 construct Actor kCollectiveBoxingGeneric 72567773724739
I1222 14:28:02.834422 80788 naive_actor.cpp:25] actor 72567769530372 switch to &NaiveActor::HandlerNormal
I1222 14:28:02.834462 80781 runtime_context.cpp:29] DecreaseCounter constructing_actor_cnt, current val is 3067
I1222 14:28:02.834503 80779 naive_actor.cpp:25] actor 72567767433245 switch to &NaiveActor::HandlerNormal
I1222 14:28:02.834504 80788 thread.cpp:99] Thread 34603009 construct Actor kCopyHd 72567769530372
I1222 14:28:02.834540 80786 copy_comm_net_actor.cpp:66] actor 71468400508954 switch to &CopyCommNetActor::HandlerNormal
I1222 14:28:02.834592 80779 thread.cpp:99] Thread 34603008 construct Actor kNormalForward 72567767433245
I1222 14:28:02.834618 80781 naive_actor.cpp:25] actor 72567773724689 switch to &NaiveActor::HandlerNormal
I1222 14:28:02.834661 80788 runtime_context.cpp:29] DecreaseCounter constructing_actor_cnt, current val is 3066
I1222 14:28:02.834688 80786 thread.cpp:99] Thread 34078789 construct Actor kCopyCommNet 71468400508954
I1222 14:28:02.834774 80779 runtime_context.cpp:29] DecreaseCounter constructing_actor_cnt, current val is 3065
I1222 14:28:02.834791 80781 thread.cpp:99] Thread 34603011 construct Actor kCollectiveBoxingGeneric 72567773724689
I1222 14:28:02.835500 80786 runtime_context.cpp:29] DecreaseCounter constructing_actor_cnt, current val is 3064
