 from [base_model.m_stage0.embeddings.LayerNorm-layer_norm_24] (stage_id:0) -> [base_model.m_stage0.embeddings.LayerNorm-layer_norm_24_param_grad] (stage_id:0) 
I1222 14:12:25.432394 78922 pipeline_buffer_pass.cpp:117] 
 Insert buffer op : [System-Pipeline-Buffer-Op_-base_model.m_stage0.embeddings-broadcast_add_23-z_0-stage_id_0](buffer_size:4) 
 from [base_model.m_stage0.embeddings-broadcast_add_23] (stage_id:0) -> [base_model.m_stage0.embeddings.LayerNorm-layer_norm_24_grad] (stage_id:0) 
I1222 14:12:25.432451 78922 pipeline_buffer_pass.cpp:117] 
 Insert buffer op : [System-Pipeline-Buffer-Op_-base_model.m_stage0.embeddings.LayerNorm-layer_norm_24-mean_0-stage_id_0](buffer_size:4) 
 from [base_model.m_stage0.embeddings.LayerNorm-layer_norm_24] (stage_id:0) -> [base_model.m_stage0.embeddings.LayerNorm-layer_norm_24_grad] (stage_id:0) 
I1222 14:12:25.432502 78922 pipeline_buffer_pass.cpp:117] 
 Insert buffer op : [System-Pipeline-Buffer-Op_-base_model.m_stage0.embeddings.LayerNorm-layer_norm_24-inv_variance_0-stage_id_0](buffer_size:4) 
 from [base_model.m_stage0.embeddings.LayerNorm-layer_norm_24] (stage_id:0) -> [base_model.m_stage0.embeddings.LayerNorm-layer_norm_24_grad] (stage_id:0) 
I1222 14:12:25.432561 78922 pipeline_buffer_pass.cpp:117] 
 Insert buffer op : [System-Pipeline-Buffer-Op_-base_model.m_stage0.embeddings.position_embeddings-gather_20-out_0-stage_id_0](buffer_size:4) 
 from [base_model.m_stage0.embeddings.position_embeddings-gather_20] (stage_id:0) -> [base_model.m_stage0.embeddings-broadcast_add_23_y_grad_reduce_sum_like] (stage_id:0) 
I1222 14:12:25.432622 78922 pipeline_buffer_pass.cpp:117] 
 Insert buffer op : [System-Pipeline-Buffer-Op_-base_model.m_stage0.embeddings-slice_19-y_0-stage_id_0](buffer_size:4) 
 from [base_model.m_stage0.embeddings-slice_19] (stage_id:0) -> [base_model.m_stage0.embeddings.position_embeddings-gather_20_grad] (stage_id:0) 
I1222 14:12:25.432711 78922 pipeline_buffer_pass.cpp:117] 
 Insert buffer op : [System-Pipeline-Buffer-Op_-base_model-identity_15-out_0-stage_id_0](buffer_size:4) 
 from [base_model-identity_15] (stage_id:0) -> [base_model.m_stage0.embeddings.word_embeddings-gather_18_grad] (stage_id:0) 
I1222 14:12:25.433290 78922 pipeline_buffer_pass.cpp:117] 
 Insert buffer op : [System-Pipeline-Buffer-Op_-base_model-identity_16-out_0-stage_id_0](buffer_size:4) 
 from [base_model-identity_16] (stage_id:0) -> [base_model.m_stage0.embeddings.token_type_embeddings-gather_21_grad] (stage_id:0) 
I1222 14:12:25.433550 78922 pipeline_buffer_pass.cpp:117] 
 Insert buffer op : [System-Pipeline-Buffer-Op_-_train_data_loader-hierarchical_parallel_cast_8-out_0-stage_id_0](buffer_size:4) 
 from [_train_data_loader-hierarchical_parallel_cast_8] (stage_id:0) -> [base_model-identity_15] (stage_id:0) 
I1222 14:12:25.433616 78922 pipeline_buffer_pass.cpp:117] 
 Insert buffer op : [System-Pipeline-Buffer-Op_-_train_data_loader-hierarchical_parallel_cast_11-out_0-stage_id_0](buffer_size:4) 
 from [_train_data_loader-hierarchical_parallel_cast_11] (stage_id:0) -> [base_model-identity_16] (stage_id:0) 
I1222 14:12:25.433671 78922 pipeline_buffer_pass.cpp:117] 
 Insert buffer op : [System-Pipeline-Buffer-Op_-_train_data_loader-hierarchical_parallel_cast_10-out_0-stage_id_0](buffer_size:4) 
 from [_train_data_loader-hierarchical_parallel_cast_10] (stage_id:0) -> [base_model-identity_17] (stage_id:0) 
I1222 14:12:25.433985 78922 pipeline_buffer_pass.cpp:212] 
 Insert buffer op pair : src_buffer = <System-Pipeline-Buffer-Op_-base_model-identity_236-out_0>(buffer_size:1) , dst_buffer = <System-Pipeline-Buffer-Op_-base_model-identity_236-out_0-stage_id_1>(buffer_size:1) 
 from [base_model-identity_236] (stage_id:0) -> [base_model-identity_237] (stage_id:1) 
I1222 14:12:25.434046 78922 pipeline_buffer_pass.cpp:117] 
 Insert buffer op : [System-Pipeline-Buffer-Op_-_train_data_loader-hierarchical_parallel_cast_10-out_0-stage_id_1](buffer_size:4) 
 from [_train_data_loader-hierarchical_parallel_cast_10] (stage_id:0) -> [base_model-identity_238] (stage_id:1) 
I1222 14:12:25.434334 78922 pipeline_buffer_pass.cpp:117] 
 Insert buffer op : [System-Pipeline-Buffer-Op_-_train_data_loader-hierarchical_parallel_cast_9-out_0-stage_id_1](buffer_size:4) 
 from [_train_data_loader-hierarchical_parallel_cast_9] (stage_id:0) -> [reshape_464] (stage_id:1) 
I1222 14:12:25.434396 78922 pipeline_buffer_pass.cpp:117] 
 Insert buffer op : [System-Pipeline-Buffer-Op_-_train_data_loader-hierarchical_parallel_cast_13-out_0-stage_id_1](buffer_size:4) 
 from [_train_data_loader-hierarchical_parallel_cast_13] (stage_id:0) -> [expand_dims_472] (stage_id:1) 
I1222 14:12:25.434458 78922 pipeline_buffer_pass.cpp:117] 
 Insert buffer op : [System-Pipeline-Buffer-Op_-_train_data_loader-hierarchical_parallel_cast_12-out_0-stage_id_1](buffer_size:4) 
 from [_train_data_loader-hierarchical_parallel_cast_12] (stage_id:0) -> [reshape_476] (stage_id:1) 
I1222 14:12:25.434522 78922 pipeline_buffer_pass.cpp:117] 
 Insert buffer op : [System-Pipeline-Buffer-Op_-_train_data_loader-hierarchical_parallel_cast_14-out_0-stage_id_1](buffer_size:4) 
 from [_train_data_loader-hierarchical_parallel_cast_14] (stage_id:0) -> [multiply_483] (stage_id:1) 
I1222 14:12:25.435184 78922 pipeline_buffer_pass.cpp:212] 
 Insert buffer op pair : src_buffer = <System-Pipeline-Buffer-Op_-base_model-identity_237_grad-out_0>(buffer_size:1) , dst_buffer = <System-Pipeline-Buffer-Op_-base_model-identity_237_grad-out_0-stage_id_0>(buffer_size:1) 
 from [base_model-identity_237_grad] (stage_id:1) -> [base_model-identity_236_grad] (stage_id:0) 
I1222 14:12:25.951102 78922 global.h:43] DeleteGlobal N7oneflow7JobDescE
I1222 14:12:26.543521 78922 global.h:36] NewGlobal N7oneflow7JobDescE
I1222 14:12:34.950453 78922 runtime_context.cpp:21] NewCounter constructing_actor_cnt 1710
I1222 14:12:34.951443 79243 wait_and_send_ids_actor.cpp:53] actor 71468392120320 switch to &WaitAndSendIdsActor::HandlerWaitToStart
I1222 14:12:34.951619 79243 thread.cpp:99] Thread 34078785 construct Actor kWaitAndSendIds 71468392120320
I1222 14:12:34.952167 79243 runtime_context.cpp:29] DecreaseCounter constructing_actor_cnt, current val is 1709
I1222 14:12:34.952723 79225 naive_actor.cpp:25] actor 72567767434764 switch to &NaiveActor::HandlerNormal
I1222 14:12:34.952792 79225 thread.cpp:99] Thread 34603008 construct Actor kDeviceTick 72567767434764
I1222 14:12:34.952848 79225 runtime_context.cpp:29] DecreaseCounter constructing_actor_cnt, current val is 1708
I1222 14:12:34.990763 79234 naive_actor.cpp:25] actor 72567769530392 switch to &NaiveActor::HandlerNormal
I1222 14:12:34.990880 79234 thread.cpp:99] Thread 34603009 construct Actor kCollectiveBoxingGeneric 72567769530392
I1222 14:12:34.990952 79242 naive_actor.cpp:25] actor 72567773724680 switch to &NaiveActor::HandlerNormal
I1222 14:12:34.990916 79225 naive_actor.cpp:25] actor 72567767433222 switch to &NaiveActor::HandlerNormal
I1222 14:12:34.990993 79234 runtime_context.cpp:29] DecreaseCounter constructing_actor_cnt, current val is 1707
I1222 14:12:34.990993 79245 naive_actor.cpp:25] actor 72567771627520 switch to &NaiveActor::HandlerNormal
I1222 14:12:34.991009 79230 naive_actor.cpp:25] actor 71468262096896 switch to &NaiveActor::HandlerNormal
I1222 14:12:34.991034 79242 thread.cpp:99] Thread 34603011 construct Actor kCopyHd 72567773724680
I1222 14:12:34.991083 79225 thread.cpp:99] Thread 34603008 construct Actor kNormalForward 72567767433222
I1222 14:12:34.991086 79231 naive_actor.cpp:25] actor 71468257902592 switch to &NaiveActor::HandlerNormal
I1222 14:12:34.991174 79236 copy_comm_net_actor.cpp:66] actor 71468400508934 switch to &CopyCommNetActor::HandlerNormal
I1222 14:12:34.991194 79245 thread.cpp:99] Thread 34603010 construct Actor kCopyHd 72567771627520
I1222 14:12:34.991209 79229 naive_actor.cpp:25] actor 71468266291200 switch to &NaiveActor::HandlerNormal
I1222 14:12:34.991228 79226 naive_actor.cpp:25] actor 71468264194048 switch to &NaiveActor::HandlerNormal
I1222 14:12:34.991621 79228 naive_actor.cpp:25] actor 71468255805440 switch to &NaiveActor::HandlerNormal
I1222 14:12:34.991314 79235 sink_actor.cpp:21] actor 71468394217472 switch to &SinkActor::HandlerNormal
I1222 14:12:34.991339 79242 runtime_context.cpp:29] DecreaseCounter constructing_actor_cnt, current val is 1706
I1222 14:12:34.991358 79238 naive_actor.cpp:25] actor 71468390023169 switch to &NaiveActor::HandlerNormal
I1222 14:12:34.991379 79225 runtime_context.cpp:29] DecreaseCounter constructing_actor_cnt, current val is 1705
I1222 14:12:34.991386 79239 naive_actor.cpp:25] actor 71468270485504 switch to &NaiveActor::HandlerNormal
I1222 14:12:34.991400 79231 thread.cpp:99] Thread 34078721 construct Actor kNormalForward 71468257902592
I1222 14:12:34.991465 79236 thread.cpp:99] Thread 34078789 construct Actor kCopyCommNet 71468400508934
I1222 14:12:34.991473 79237 naive_actor.cpp:25] actor 71468398411776 switch to &NaiveActor::HandlerNormal
I1222 14:12:34.991521 79234 naive_actor.cpp:25] actor 72567769530411 switch to &NaiveActor::HandlerNormal
I1222 14:12:34.991547 79245 runtime_context.cpp:29] DecreaseCounter constructing_actor_cnt, current val is 1704
I1222 14:12:34.991571 79229 thread.cpp:99] Thread 34078725 construct Actor kNormalForward 71468266291200
I1222 14:12:34.991258 79230 thread.cpp:99] Thread 34078723 construct Actor kNormalForward 71468262096896
I1222 14:12:34.991631 79226 thread.cpp:99] Thread 34078724 construct Actor kNormalForward 71468264194048
I1222 14:12:34.991648 79227 naive_actor.cpp:25] actor 71468259999744 switch to &NaiveActor::HandlerNormal
I1222 14:12:34.991688 79240 naive_actor.cpp:25] actor 71468272582656 switch to &NaiveActor::HandlerNormal
I1222 14:12:34.991708 79228 thread.cpp:99] Thread 34078720 construct Actor kNormalForward 71468255805440
I1222 14:12:34.991755 79235 thread.cpp:99] Thread 34078786 construct Actor kCallbackNotify 71468394217472
I1222 14:12:34.991847 79238 thread.cpp:99] Thread 34078784 construct Actor kTick 71468390023169
I1222 14:12:34.991925 79239 thread.cpp:99] Thread 34078727 construct Actor kNormalForward 71468270485504
I1222 14:12:34.992038 79231 runtime_context.cpp:29] DecreaseCounter constructing_actor_cnt, current val is 1703
I1222 14:12:34.993206 79239 runtime_context.cpp:29] DecreaseCounter constructing_actor_cnt, current val is 1695
I1222 14:12:34.992053 79242 naive_actor.cpp:25] actor 72567773724676 switch to &NaiveActor::HandlerNormal
I1222 14:12:34.992081 79237 thread.cpp:99] Thread 34078788 construct Actor kCriticalSectionWaitTick 71468398411776
I1222 14:12:34.992094 79225 naive_actor.cpp:25] actor 72567767433219 switch to &NaiveActor::HandlerNormal
I1222 14:12:34.992115 79234 thread.cpp:99] Thread 34603009 construct Actor kCollectiveBoxingGeneric 72567769530411
I1222 14:12:34.992122 79246 naive_actor.cpp:25] actor 71468396314624 switch to &NaiveActor::HandlerNormal
I1222 14:12:34.992216 79229 runtime_context.cpp:29] DecreaseCounter constructing_actor_cnt, current val is 1701
I1222 14:12:34.992246 79230 runtime_context.cpp:29] DecreaseCounter constructing_actor_cnt, current val is 1700
I1222 14:12:34.992266 79226 runtime_context.cpp:29] DecreaseCounter constructing_actor_cnt, current val is 1699
I1222 14:12:34.992295 79227 thread.cpp:99] Thread 34078722 construct Actor kNormalForward 71468259999744
I1222 14:12:34.992348 79240 thread.cpp:99] Thread 34078728 construct Actor kNormalForward 71468272582656
I1222 14:12:34.992347 79232 naive_actor.cpp:25] actor 71468268388352 switch to &NaiveActor::HandlerNormal
I1222 14:12:34.992426 79228 runtime_context.cpp:29] DecreaseCounter constructing_actor_cnt, current val is 1698
I1222 14:12:34.992439 79235 runtime_context.cpp:29] DecreaseCounter constructing_actor_cnt, current val is 1697
I1222 14:12:34.992527 79238 runtime_context.cpp:29] DecreaseCounter constructing_actor_cnt, current val is 1696
I1222 14:12:34.992039 79236 runtime_context.cpp:29] DecreaseCounter constructing_actor_cnt, current val is 1702
I1222 14:12:34.993286 79242 thread.cpp:99] Thread 34603011 construct Actor kCopyHd 72567773724676
I1222 14:12:34.993362 79225 thread.cpp:99] Thread 34603008 construct Actor kNormalForward 72567767433219
I1222 14:12:34.993363 79237 runtime_context.cpp:29] DecreaseCounter constructing_actor_cnt, current val is 1694
I1222 14:12:34.993400 79234 runtime_context.cpp:29] DecreaseCounter constructing_actor_cnt, current val is 1693
I1222 14:12:34.993450 79246 thread.cpp:99] Thread 34078787 construct Actor kCriticalSectionWaitTick 71468396314624
I1222 14:12:34.993646 79227 runtime_context.cpp:29] DecreaseCounter constructing_actor_cnt, current val is 1692
I1222 14:12:34.994089 79246 runtime_context.cpp:29] DecreaseCounter constructing_actor_cnt, current val is 1688
I1222 14:12:34.993755 79232 thread.cpp:99] Thread 34078726 construct Actor kNormalForward 71468268388352
I1222 14:12:34.993937 79242 runtime_context.cpp:29] DecreaseCounter constructing_actor_cnt, current val is 1690
I1222 14:12:34.993973 79225 runtime_context.cpp:29] DecreaseCounter constructing_actor_cnt, current val is 1689
I1222 14:12:34.993985 79236 copy_comm_net_actor.cpp:66] actor 71468400508929 switch to &CopyCommNetActor::HandlerNormal
I1222 14:12:34.993667 79240 runtime_context.cpp:29] DecreaseCounter constructing_actor_cnt, current val is 1691
I1222 14:12:34.994134 79234 naive_actor.cpp:25] actor 72567769530429 switch to &NaiveActor::HandlerNormal
I1222 14:12:34.994202 79238 naive_actor.cpp:25] actor 71468390023170 switch to &NaiveActor::HandlerNormal
I1222 14:12:34.994410 79238 thread.cpp:99] Thread 34078784 construct Actor kDstSubsetTick 71468390023170
I1222 14:12:34.994299 79236 thread.cpp:99] Thread 34078789 construct Actor kCopyCommNet 71468400508929
I1222 14:12:34.994369 79242 naive_actor.cpp:25] actor 72567773724677 switch to &NaiveActor::HandlerNormal
I1222 14:12:34.994372 79234 thread.cpp:99] Thread 34603009 construct Actor kCollectiveBoxingGeneric 72567769530429
I1222 14:12:34.994297 79232 runtime_context.cpp:29] DecreaseCounter constructing_actor_cnt, current val is 1687
I1222 14:12:34.994472 79238 runtime_context.cpp:29] DecreaseCounter constructing_actor_cnt, current val is 1686
I1222 14:12:34.994473 79236 runtime_context.cpp:29] DecreaseCounter constructing_actor_cnt, current val is 1685
I1222 14:12:34.994501 79242 thread.cpp:99] Thread 34603011 construct Actor kCopyHd 72567773724677
I1222 14:12:34.994542 79234 runtime_context.cpp:29] DecreaseCounter constructing_actor_cnt, current val is 1684
I1222 14:12:34.994719 79225 naive_actor.cpp:25] actor 72567767433218 switch to &NaiveActor::HandlerNormal
I1222 14:12:34.995400 79242 runtime_context.cpp:29] DecreaseCounter constructing_actor_cnt, current val is 1683
I1222 14:12:34.995421 79236 copy_comm_net_actor.cpp:66] actor 71468400508933 switch to &CopyCommNetActor::HandlerNormal
I1222 14:12:34.995512 79238 naive_actor.cpp:25] actor 71468390023171 switch to &NaiveActor::HandlerNormal
I1222 14:12:34.995455 79225 thread.cpp:99] Thread 34603008 construct Actor kNormalForward 72567767433218
I1222 14:12:34.995515 79234 naive_actor.cpp:25] actor 72567769530446 switch to &NaiveActor::HandlerNormal
I1222 14:12:34.995607 79225 runtime_context.cpp:29] DecreaseCounter constructing_actor_cnt, current val is 1682
I1222 14:12:34.995558 79238 thread.cpp:99] Thread 34078784 construct Actor kTick 71468390023171
I1222 14:12:34.995523 79236 thread.cpp:99] Thread 34078789 construct Actor kCopyCommNet 71468400508933
I1222 14:12:34.995676 79238 runtime_context.cpp:29] DecreaseCounter constructing_actor_cnt, current val is 1681
I1222 14:12:34.995611 79234 thread.cpp:99] Thread 34603009 construct Actor kCollectiveBoxingGeneric 72567769530446
I1222 14:12:34.995608 79242 naive_actor.cpp:25] actor 72567773724683 switch to &NaiveActor::HandlerNormal
I1222 14:12:34.995689 79236 runtime_context.cpp:29] DecreaseCounter constructing_actor_cnt, current val is 1680
I1222 14:12:34.995738 79234 runtime_context.cpp:29] DecreaseCounter constructing_actor_cnt, current val is 1679
I1222 14:12:34.995769 79242 thread.cpp:99] Thread 34603011 construct Actor kCopyHd 72567773724683
I1222 14:12:34.995818 79225 naive_actor.cpp:25] actor 72567767433221 switch to &NaiveActor::HandlerNormal
I1222 14:12:34.995872 79236 copy_comm_net_actor.cpp:66] actor 71468400508930 switch to &CopyCommNetActor::HandlerNormal
I1222 14:12:34.995872 79242 runtime_context.cpp:29] DecreaseCounter constructing_actor_cnt, current val is 1678
I1222 14:12:34.995879 79238 naive_actor.cpp:25] actor 71468390023173 switch to &NaiveActor::HandlerNormal
I1222 14:12:34.995894 79225 thread.cpp:99] Thread 34603008 construct Actor kNormalForward 72567767433221
I1222 14:12:34.995908 79234 naive_actor.cpp:25] actor 72567769530385 switch to &NaiveActor::HandlerNormal
I1222 14:12:34.996037 79225 runtime_context.cpp:29] DecreaseCounter constructing_actor_cnt, current val is 1677
I1222 14:12:34.995990 79238 thread.cpp:99] Thread 34078784 construct Actor kTick 71468390023173
I1222 14:12:34.995923 79236 thread.cpp:99] Thread 34078789 construct Actor kCopyCommNet 71468400508930
I1222 14:12:34.996042 79234 thread.cpp:99] Thread 34603009 construct Actor kCollectiveBoxingGeneric 72567769530385
I1222 14:12:34.996069 79242 naive_actor.cpp:25] actor 72567773724679 switch to &NaiveActor::HandlerNormal
I1222 14:12:34.996117 79238 runtime_context.cpp:29] DecreaseCounter constructing_actor_cnt, current val is 1676
I1222 14:12:34.996129 79236 runtime_context.cpp:29] DecreaseCounter constructing_actor_cnt, current val is 1675
I1222 14:12:34.996155 79234 runtime_context.cpp:29] DecreaseCounter constructing_actor_cnt, current val is 1674
I1222 14:12:34.996179 79242 thread.cpp:99] Thread 34603011 construct Actor kCopyHd 72567773724679
I1222 14:12:34.996312 79236 copy_comm_net_actor.cpp:66] actor 71468400508935 switch to &CopyCommNetActor::HandlerNormal
I1222 14:12:34.996345 79234 naive_actor.cpp:25] actor 72567769530405 switch to &NaiveActor::HandlerNormal
I1222 14:12:34.996318 79242 runtime_context.cpp:29] DecreaseCounter constructing_actor_cnt, current val is 1673
I1222 14:12:34.996347 79236 thread.cpp:99] Thread 34078789 construct Actor kCopyCommNet 71468400508935
I1222 14:12:34.996376 79234 thread.cpp:99] Thread 34603009 construct Actor kCollectiveBoxingGeneric 72567769530405
I1222 14:12:34.996430 79238 naive_actor.cpp:25] actor 71468390023168 switch to &NaiveActor::HandlerNormal
I1222 14:12:34.996487 79236 runtime_context.cpp:29] DecreaseCounter constructing_actor_cnt, current val is 1672
I1222 14:12:34.996529 79242 naive_actor.cpp:25] actor 72567773724673 switch to &NaiveActor::HandlerNormal
I1222 14:12:34.996817 79225 naive_actor.cpp:25] actor 72567767433216 switch to &NaiveActor::HandlerNormal
I1222 14:12:34.997256 79236 copy_comm_net_actor.cpp:66] actor 71468400508936 switch to &CopyCommNetActor::HandlerNormal
I1222 14:12:34.997157 79238 thread.cpp:99] Thread 34078784 construct Actor kSrcSubsetTick 71468390023168
I1222 14:12:34.997223 79242 thread.cpp:99] Thread 34603011 construct Actor kCopyHd 72567773724673
I1222 14:12:34.997135 79234 runtime_context.cpp:29] DecreaseCounter constructing_actor_cnt, current val is 1671
I1222 14:12:34.997262 79225 thread.cpp:99] Thread 34603008 construct Actor kNormalForward 72567767433216
I1222 14:12:34.997285 79236 thread.cpp:99] Thread 34078789 construct Actor kCopyCommNet 71468400508936
I1222 14:12:34.997329 79238 runtime_context.cpp:29] DecreaseCounter constructing_actor_cnt, current val is 1670
I1222 14:12:34.997354 79242 runtime_context.cpp:29] DecreaseCounter constructing_actor_cnt, current val is 1669
I1222 14:12:34.997421 79225 runtime_context.cpp:29] DecreaseCounter constructing_actor_cnt, current val is 1668
I1222 14:12:34.997424 79236 runtime_context.cpp:29] DecreaseCounter constructing_actor_cnt, current val is 1667
I1222 14:12:34.997452 79234 naive_actor.cpp:25] actor 72567769530404 switch to &NaiveActor::HandlerNormal
I1222 14:12:34.997557 79234 thread.cpp:99] Thread 34603009 construct Actor kCollectiveBoxingGeneric 72567769530404
I1222 14:12:34.997586 79242 naive_actor.cpp:25] actor 72567773724674 switch to &NaiveActor::HandlerNormal
I1222 14:12:34.997593 79236 copy_comm_net_actor.cpp:66] actor 71468400508932 switch to &CopyCommNetActor::HandlerNormal
I1222 14:12:34.997596 79234 runtime_context.cpp:29] DecreaseCounter constructing_actor_cnt, current val is 1666
I1222 14:12:34.997633 79242 thread.cpp:99] Thread 34603011 construct Actor kCopyHd 72567773724674
I1222 14:12:34.997659 79236 thread.cpp:99] Thread 34078789 construct Actor kCopyCommNet 71468400508932
I1222 14:12:34.997664 79238 naive_actor.cpp:25] actor 71468390023176 switch to &NaiveActor::HandlerNormal
I1222 14:12:34.997774 79234 naive_actor.cpp:25] actor 72567769530422 switch to &NaiveActor::HandlerNormal
I1222 14:12:34.997751 79236 runtime_context.cpp:29] DecreaseCounter constructing_actor_cnt, current val is 1664
I1222 14:12:34.997731 79242 runtime_context.cpp:29] DecreaseCounter constructing_actor_cnt, current val is 1665
I1222 14:12:34.997777 79238 thread.cpp:99] Thread 34078784 construct Actor kSrcSubsetTick 71468390023176
I1222 14:12:34.997805 79234 thread.cpp:99] Thread 34603009 construct Actor kCollectiveBoxingGeneric 72567769530422
I1222 14:12:34.997907 79236 copy_comm_net_actor.cpp:66] actor 71468400508928 switch to &CopyCommNetActor::HandlerNormal
I1222 14:12:34.997915 79238 runtime_context.cpp:29] DecreaseCounter constructing_actor_cnt, current val is 1663
I1222 14:12:34.997915 79225 naive_actor.cpp:25] actor 72567767433217 switch to &NaiveActor::HandlerNormal
I1222 14:12:34.997925 79234 runtime_context.cpp:29] DecreaseCounter constructing_actor_cnt, current val is 1662
I1222 14:12:34.997944 79236 thread.cpp:99] Thread 34078789 construct Actor kCopyCommNet 71468400508928
I1222 14:12:34.997982 79242 naive_actor.cpp:25] actor 72567773724681 switch to &NaiveActor::HandlerNormal
I1222 14:12:34.998009 79225 thread.cpp:99] Thread 34603008 construct Actor kNormalForward 72567767433217
I1222 14:12:34.998070 79236 runtime_context.cpp:29] DecreaseCounter constructing_actor_cnt, current val is 1661
I1222 14:12:34.998098 79242 thread.cpp:99] Thread 34603011 construct Actor kCopyHd 72567773724681
I1222 14:12:34.998122 79234 naive_actor.cpp:25] actor 72567769530438 switch to &NaiveActor::HandlerNormal
I1222 14:12:34.998149 79225 runtime_context.cpp:29] DecreaseCounter constructing_actor_cnt, current val is 1660
I1222 14:12:34.998186 79238 naive_actor.cpp:25] actor 71468390023177 switch to &NaiveActor::HandlerNormal
I1222 14:12:34.998198 79242 runtime_context.cpp:29] DecreaseCounter constructing_actor_cnt, current val is 1659
I1222 14:12:34.998221 79236 copy_comm_net_actor.cpp:66] actor 71468400508947 switch to &CopyCommNetActor::HandlerNormal
I1222 14:12:34.998253 79234 thread.cpp:99] Thread 34603009 construct Actor kCollectiveBoxingGeneric 72567769530438
I1222 14:12:34.998924 79238 thread.cpp:99] Thread 34078784 construct Actor kDstSubsetTick 71468390023177
I1222 14:12:34.998991 79236 thread.cpp:99] Thread 34078789 construct Actor kCopyCommNet 71468400508947
I1222 14:12:34.999033 79234 runtime_context.cpp:29] DecreaseCounter constructing_actor_cnt, current val is 1658
I1222 14:12:34.999070 79238 runtime_context.cpp:29] DecreaseCounter constructing_actor_cnt, current val is 1657
I1222 14:12:34.999073 79242 naive_actor.cpp:25] actor 72567773724684 switch to &NaiveActor::HandlerNormal
I1222 14:12:34.999075 79236 runtime_context.cpp:29] DecreaseCounter constructing_actor_cnt, current val is 1656
I1222 14:12:34.999168 79242 thread.cpp:99] Thread 34603011 construct Actor kCopyHd 72567773724684
I1222 14:12:34.999197 79234 naive_actor.cpp:25] actor 72567769530437 switch to &NaiveActor::HandlerNormal
I1222 14:12:34.999246 79242 runtime_context.cpp:29] DecreaseCounter constructing_actor_cnt, current val is 1655
I1222 14:12:34.999259 79234 thread.cpp:99] Thread 34603009 construct Actor kCollectiveBoxingGeneric 72567769530437
I1222 14:12:34.999267 79236 copy_comm_net_actor.cpp:66] actor 71468400508931 switch to &CopyCommNetActor::HandlerNormal
I1222 14:12:34.999343 79234 runtime_context.cpp:29] DecreaseCounter constructing_actor_cnt, current val is 1654
I1222 14:12:34.999344 79238 naive_actor.cpp:25] actor 71468390023172 switch to &NaiveActor::HandlerNormal
I1222 14:12:34.999361 79236 thread.cpp:99] Thread 34078789 construct Actor kCopyCommNet 71468400508931
I1222 14:12:34.999418 79238 thread.cpp:99] Thread 34078784 construct Actor kTick 71468390023172
I1222 14:12:34.999452 79236 runtime_context.cpp:29] DecreaseCounter constructing_actor_cnt, current val is 1653
I1222 14:12:34.999490 79238 runtime_context.cpp:29] DecreaseCounter constructing_actor_cnt, current val is 1652
I1222 14:12:34.999485 79234 naive_actor.cpp:25] actor 72567769530381 switch to &NaiveActor::HandlerNormal
I1222 14:12:34.999476 79225 naive_actor.cpp:25] actor 72567767433226 switch to &NaiveActor::HandlerNormal
I1222 14:12:34.999552 79234 thread.cpp:99] Thread 34603009 construct Actor kCollectiveBoxingGeneric 72567769530381
I1222 14:12:34.999573 79236 copy_comm_net_actor.cpp:66] actor 71468400508939 switch to &CopyCommNetActor::HandlerNormal
I1222 14:12:34.999593 79225 thread.cpp:99] Thread 34603008 construct Actor kNormalForward 72567767433226
I1222 14:12:34.999615 79242 naive_actor.cpp:25] actor 72567773724672 switch to &NaiveActor::HandlerNormal
I1222 14:12:34.999629 79234 runtime_context.cpp:29] DecreaseCounter constructing_actor_cnt, current val is 1651
I1222 14:12:34.999648 79236 thread.cpp:99] Thread 34078789 construct Actor kCopyCommNet 71468400508939
I1222 14:12:34.999684 79238 naive_actor.cpp:25] actor 71468390023175 switch to &NaiveActor::HandlerNormal
I1222 14:12:34.999703 79225 runtime_context.cpp:29] DecreaseCounter constructing_actor_cnt, current val is 1650
I1222 14:12:34.999719 79242 thread.cpp:99] Thread 34603011 construct Actor kCopyHd 72567773724672
I1222 14:12:34.999773 79236 runtime_context.cpp:29] DecreaseCounter constructing_actor_cnt, current val is 1649
I1222 14:12:34.999871 79242 runtime_context.cpp:29] DecreaseCounter constructing_actor_cnt, current val is 1648
I1222 14:12:34.999825 79234 naive_actor.cpp:25] actor 72567769530370 switch to &NaiveActor::HandlerNormal
I1222 14:12:34.999796 79238 thread.cpp:99] Thread 34078784 construct Actor kDstSubsetTick 71468390023175
I1222 14:12:34.999934 79234 thread.cpp:99] Thread 34603009 construct Actor kCollectiveBoxingGeneric 72567769530370
I1222 14:12:34.999948 79236 copy_comm_net_actor.cpp:66] actor 71468400508946 switch to &CopyCommNetActor::HandlerNormal
I1222 14:12:35.000012 79238 runtime_context.cpp:29] DecreaseCounter constructing_actor_cnt, current val is 1647
I1222 14:12:35.000041 79242 naive_actor.cpp:25] actor 72567773724678 switch to &NaiveActor::HandlerNormal
I1222 14:12:35.000298 79225 naive_actor.cpp:25] actor 72567767433224 switch to &NaiveActor::HandlerNormal
I1222 14:12:35.000627 79234 runtime_context.cpp:29] DecreaseCounter constructing_actor_cnt, current val is 1646
I1222 14:12:35.000644 79236 thread.cpp:99] Thread 34078789 construct Actor kCopyCommNet 71468400508946
I1222 14:12:35.000711 79242 thread.cpp:99] Thread 34603011 construct Actor kCopyHd 72567773724678
I1222 14:12:35.000749 79225 thread.cpp:99] Thread 34603008 construct Actor kNormalForward 72567767433224
I1222 14:12:35.000809 79236 runtime_context.cpp:29] DecreaseCounter constructing_actor_cnt, current val is 1645
I1222 14:12:35.000847 79242 runtime_context.cpp:29] DecreaseCounter constructing_actor_cnt, current val is 1644
I1222 14:12:35.000866 79234 naive_actor.cpp:25] actor 72567769530369 switch to &NaiveActor::HandlerNormal
I1222 14:12:35.000888 79225 runtime_context.cpp:29] DecreaseCounter constructing_actor_cnt, current val is 1643
I1222 14:12:35.000892 79238 naive_actor.cpp:25] actor 71468390023174 switch to &NaiveActor::HandlerNormal
I1222 14:12:35.000948 79234 thread.cpp:99] Thread 34603009 construct Actor kCollectiveBoxingGeneric 72567769530369
I1222 14:12:35.000957 79236 copy_comm_net_actor.cpp:66] actor 71468400508944 switch to &CopyCommNetActor::HandlerNormal
I1222 14:12:35.001010 79238 thread.cpp:99] Thread 34078784 construct Actor kSrcSubsetTick 71468390023174
I1222 14:12:35.001044 79234 runtime_context.cpp:29] DecreaseCounter constructing_actor_cnt, current val is 1642
I1222 14:12:35.001042 79242 naive_actor.cpp:25] actor 72567773724675 switch to &NaiveActor::HandlerNormal
I1222 14:12:35.001061 79236 thread.cpp:99] Thread 34078789 construct Actor kCopyCommNet 71468400508944
I1222 14:12:35.001107 79238 runtime_context.cpp:29] DecreaseCounter constructing_actor_cnt, current val is 1641
I1222 14:12:35.001152 79242 thread.cpp:99] Thread 34603011 construct Actor kCopyHd 72567773724675
I1222 14:12:35.001173 79225 naive_actor.cpp:25] actor 72567767433223 switch to &NaiveActor::HandlerNormal
I1222 14:12:35.001185 79236 runtime_context.cpp:29] DecreaseCounter constructing_actor_cnt, current val is 1640
I1222 14:12:35.001200 79234 naive_actor.cpp:25] actor 72567769530383 switch to &NaiveActor::HandlerNormal
I1222 14:12:35.001247 79242 runtime_context.cpp:29] DecreaseCounter constructing_actor_cnt, current val is 1639
I1222 14:12:35.001266 79225 thread.cpp:99] Thread 34603008 construct Actor kNormalForward 72567767433223
I1222 14:12:35.001317 79234 thread.cpp:99] Thread 34603009 construct Actor kCollectiveBoxingGeneric 72567769530383
I1222 14:12:35.001363 79236 copy_comm_net_actor.cpp:66] actor 71468400508940 switch to &CopyCommNetActor::HandlerNormal
I1222 14:12:35.001399 79225 runtime_context.cpp:29] DecreaseCounter constructing_actor_cnt, current val is 1638
I1222 14:12:35.001412 79234 runtime_context.cpp:29] DecreaseCounter constructing_actor_cnt, current val is 1637
I1222 14:12:35.001427 79236 thread.cpp:99] Thread 34078789 construct Actor kCopyCommNet 71468400508940
I1222 14:12:35.001458 79242 naive_actor.cpp:25] actor 72567773724682 switch to &NaiveActor::HandlerNormal
I1222 14:12:35.001519 79236 runtime_context.cpp:29] DecreaseCounter constructing_actor_cnt, current val is 1636
I1222 14:12:35.001550 79242 thread.cpp:99] Thread 34603011 construct Actor kCopyHd 72567773724682
I1222 14:12:35.001577 79234 naive_actor.cpp:25] actor 72567769530386 switch to &NaiveActor::HandlerNormal
I1222 14:12:35.001626 79242 runtime_context.cpp:29] DecreaseCounter constructing_actor_cnt, current val is 1635
I1222 14:12:35.001641 79234 thread.cpp:99] Thread 34603009 construct Actor kCollectiveBoxingGeneric 72567769530386
I1222 14:12:35.001646 79236 copy_comm_net_actor.cpp:66] actor 71468400508938 switch to &CopyCommNetActor::HandlerNormal
I1222 14:12:35.001744 79234 runtime_context.cpp:29] DecreaseCounter constructing_actor_cnt, current val is 1634
I1222 14:12:35.001921 79225 naive_actor.cpp:25] actor 72567767433220 switch to &NaiveActor::HandlerNormal
I1222 14:12:35.002893 79236 thread.cpp:99] Thread 34078789 construct Actor kCopyCommNet 71468400508938
I1222 14:12:35.003041 79225 thread.cpp:99] Thread 34603008 construct Actor kNormalForward 72567767433220
I1222 14:12:35.003098 79234 naive_actor.cpp:25] actor 72567769530380 switch to &NaiveActor::HandlerNormal
I1222 14:12:35.004040 79236 runtime_context.cpp:29] DecreaseCounter constructing_actor_cnt, current val is 1633
I1222 14:12:35.004133 79234 thread.cpp:99] Thread 34603009 construct Actor kCollectiveBoxingGeneric 72567769530380
I1222 14:12:35.004138 79225 runtime_context.cpp:29] DecreaseCounter constructing_actor_cnt, current val is 1632
I1222 14:12:35.004177 79234 runtime_context.cpp:29] DecreaseCounter constructing_actor_cnt, current val is 1631
I1222 14:12:35.004220 79236 copy_comm_net_actor.cpp:66] actor 71468400508943 switch to &CopyCommNetActor::HandlerNormal
I1222 14:12:35.004245 79236 thread.cpp:99] Thread 34078789 construct Actor kCopyCommNet 71468400508943
I1222 14:12:35.004276 79236 runtime_context.cpp:29] DecreaseCounter constructing_actor_cnt, current val is 1630
I1222 14:12:35.004299 79234 naive_actor.cpp:25] actor 72567769530462 switch to &NaiveActor::HandlerNormal
I1222 14:12:35.004361 79234 thread.cpp:99] Thread 34603009 construct Actor kCollectiveBoxingGeneric 72567769530462
I1222 14:12:35.004372 79236 copy_comm_net_actor.cpp:66] actor 71468400508942 switch to &CopyCommNetActor::HandlerNormal
I1222 14:12:35.004395 79225 naive_actor.cpp:25] actor 72567767433225 switch to &NaiveActor::HandlerNormal
I1222 14:12:35.004400 79234 runtime_context.cpp:29] DecreaseCounter constructing_actor_cnt, current val is 1629
I1222 14:12:35.004434 79236 thread.cpp:99] Thread 34078789 construct Actor kCopyCommNet 71468400508942
I1222 14:12:35.004462 79225 thread.cpp:99] Thread 34603008 construct Actor kNormalForward 72567767433225
I1222 14:12:35.004523 79236 runtime_context.cpp:29] DecreaseCounter constructing_actor_cnt, current val is 1628
I1222 14:12:35.004570 79225 runtime_context.cpp:29] DecreaseCounter constructing_actor_cnt, current val is 1627
I1222 14:12:35.004590 79234 naive_actor.cpp:25] actor 72567769530461 switch to &NaiveActor::HandlerNormal
I1222 14:12:35.004629 79234 thread.cpp:99] Thread 34603009 construct Actor kCollectiveBoxingGeneric 72567769530461
I1222 14:12:35.004660 79236 copy_comm_net_actor.cpp:66] actor 71468400508937 switch to &CopyCommNetActor::HandlerNormal
I1222 14:12:35.004663 79234 runtime_context.cpp:29] DecreaseCounter constructing_actor_cnt, current val is 1626
I1222 14:12:35.004691 79236 thread.cpp:99] Thread 34078789 construct Actor kCopyCommNet 71468400508937
I1222 14:12:35.004760 79236 runtime_context.cpp:29] DecreaseCounter constructing_actor_cnt, current val is 1625
I1222 14:12:35.004832 79234 naive_actor.cpp:25] actor 72567769530398 switch to &NaiveActor::HandlerNormal
I1222 14:12:35.004861 79234 thread.cpp:99] Thread 34603009 construct Actor kCollectiveBoxingGeneric 72567769530398
I1222 14:12:35.004864 79236 copy_comm_net_actor.cpp:66] actor 71468400508941 switch to &CopyCommNetActor::HandlerNormal
I1222 14:12:35.004907 79234 runtime_context.cpp:29] DecreaseCounter constructing_actor_cnt, current val is 1624
I1222 14:12:35.004923 79236 thread.cpp:99] Thread 34078789 construct Actor kCopyCommNet 71468400508941
I1222 14:12:35.004997 79236 runtime_context.cpp:29] DecreaseCounter constructing_actor_cnt, current val is 1623
I1222 14:12:35.005070 79234 naive_actor.cpp:25] actor 72567769530400 switch to &NaiveActor::HandlerNormal
I1222 14:12:35.005100 79234 thread.cpp:99] Thread 34603009 construct Actor kCollectiveBoxingGeneric 72567769530400
I1222 14:12:35.005106 79236 copy_comm_net_actor.cpp:66] actor 71468400508945 switch to &CopyCommNetActor::HandlerNormal
I1222 14:12:35.005107 79225 naive_actor.cpp:25] actor 72567767433227 switch to &NaiveActor::HandlerNormal
I1222 14:12:35.005136 79234 runtime_context.cpp:29] DecreaseCounter constructing_actor_cnt, current val is 1622
I1222 14:12:35.005180 79236 thread.cpp:99] Thread 34078789 construct Actor kCopyCommNet 71468400508945
I1222 14:12:35.005717 79225 thread.cpp:99] Thread 34603008 construct Actor kNormalForward 72567767433227
I1222 14:12:35.005770 79236 runtime_context.cpp:29] DecreaseCounter constructing_actor_cnt, current val is 1621
I1222 14:12:35.005815 79225 runtime_context.cpp:29] DecreaseCounter constructing_actor_cnt, current val is 1620
I1222 14:12:35.005829 79234 naive_actor.cpp:25] actor 72567769530416 switch to &NaiveActor::HandlerNormal
I1222 14:12:35.005863 79234 thread.cpp:99] Thread 34603009 construct Actor kCollectiveBoxingGeneric 72567769530416
I1222 14:12:35.005896 79234 runtime_context.cpp:29] DecreaseCounter constructing_actor_cnt, current val is 1619
I1222 14:12:35.006006 79234 naive_actor.cpp:25] actor 72567769530418 switch to &NaiveActor::HandlerNormal
I1222 14:12:35.006094 79234 thread.cpp:99] Thread 34603009 construct Actor kCollectiveBoxingGeneric 72567769530418
I1222 14:12:35.006119 79234 runtime_context.cpp:29] DecreaseCounter constructing_actor_cnt, current val is 1618
I1222 14:12:35.006234 79234 naive_actor.cpp:25] actor 72567769530396 switch to &NaiveActor::HandlerNormal
I1222 14:12:35.006263 79234 thread.cpp:99] Thread 34603009 construct Actor kCollectiveBoxingGeneric 72567769530396
I1222 14:12:35.006287 79234 runtime_context.cpp:29] DecreaseCounter constructing_actor_cnt, current val is 1617
I1222 14:12:35.006318 79225 naive_actor.cpp:25] actor 72567767433234 switch to &NaiveActor::HandlerNormal
I1222 14:12:35.006374 79225 thread.cpp:99] Thread 34603008 construct Actor kNormalForward 72567767433234
I1222 14:12:35.006404 79234 naive_actor.cpp:25] actor 72567769530456 switch to &NaiveActor::HandlerNormal
I1222 14:12:35.006424 79225 runtime_context.cpp:29] DecreaseCounter constructing_actor_cnt, current val is 1616
I1222 14:12:35.006426 79234 thread.cpp:99] Thread 34603009 construct Actor kCollectiveBoxingGeneric 72567769530456
I1222 14:12:35.006470 79234 runtime_context.cpp:29] DecreaseCounter constructing_actor_cnt, current val is 1615
I1222 14:12:35.006587 79234 naive_actor.cpp:25] actor 72567769530377 switch to &NaiveActor::HandlerNormal
I1222 14:12:35.006608 79234 thread.cpp:99] Thread 34603009 construct Actor kCollectiveBoxingGeneric 72567769530377
I1222 14:12:35.006646 79234 runtime_context.cpp:29] DecreaseCounter constructing_actor_cnt, current val is 1614
I1222 14:12:35.006652 79225 naive_actor.cpp:25] actor 72567767433229 switch to &NaiveActor::HandlerNormal
I1222 14:12:35.006731 79225 thread.cpp:99] Thread 34603008 construct Actor kNormalForward 72567767433229
I1222 14:12:35.006765 79234 naive_actor.cpp:25] actor 72567769530432 switch to &NaiveActor::HandlerNormal
I1222 14:12:35.006778 79225 runtime_context.cpp:29] DecreaseCounter constructing_actor_cnt, current val is 1613
I1222 14:12:35.006796 79234 thread.cpp:99] Thread 34603009 construct Actor kCollectiveBoxingGeneric 72567769530432
I1222 14:12:35.006839 79234 runtime_context.cpp:29] DecreaseCounter constructing_actor_cnt, current val is 1612
I1222 14:12:35.006942 79234 naive_actor.cpp:25] actor 72567769530454 switch to &NaiveActor::HandlerNormal
I1222 14:12:35.006971 79234 thread.cpp:99] Thread 34603009 construct Actor kCollectiveBoxingGeneric 72567769530454
I1222 14:12:35.007005 79234 runtime_context.cpp:29] DecreaseCounter constructing_actor_cnt, current val is 1611
I1222 14:12:35.007108 79234 naive_actor.cpp:25] actor 72567769530419 switch to &NaiveActor::HandlerNormal
I1222 14:12:35.007136 79234 thread.cpp:99] Thread 34603009 construct Actor kCollectiveBoxingGeneric 72567769530419
I1222 14:12:35.007169 79234 runtime_context.cpp:29] DecreaseCounter constructing_actor_cnt, current val is 1610
I1222 14:12:35.007261 79225 naive_actor.cpp:25] actor 72567767433261 switch to &NaiveActor::HandlerNormal
I1222 14:12:35.007277 79234 naive_actor.cpp:25] actor 72567769530401 switch to &NaiveActor::HandlerNormal
I1222 14:12:35.007336 79225 thread.cpp:99] Thread 34603008 construct Actor kNormalForward 72567767433261
I1222 14:12:35.008028 79234 thread.cpp:99] Thread 34603009 construct Actor kCollectiveBoxingGeneric 72567769530401
I1222 14:12:35.008078 79234 runtime_context.cpp:29] DecreaseCounter constructing_actor_cnt, current val is 1609
I1222 14:12:35.008080 79225 runtime_context.cpp:29] DecreaseCounter constructing_actor_cnt, current val is 1608
I1222 14:12:35.008183 79234 naive_actor.cpp:25] actor 72567769530379 switch to &NaiveActor::HandlerNormal
I1222 14:12:35.008214 79234 thread.cpp:99] Thread 34603009 construct Actor kCollectiveBoxingGeneric 72567769530379
I1222 14:12:35.008251 79234 runtime_context.cpp:29] DecreaseCounter constructing_actor_cnt, current val is 1607
I1222 14:12:35.008359 79234 naive_actor.cpp:25] actor 72567769530384 switch to &NaiveActor::HandlerNormal
I1222 14:12:35.008397 79234 thread.cpp:99] Thread 34603009 construct Actor kCollectiveBoxingGeneric 72567769530384
I1222 14:12:35.008431 79234 runtime_context.cpp:29] DecreaseCounter constructing_actor_cnt, current val is 1606
I1222 14:12:35.008538 79234 naive_actor.cpp:25] actor 72567769530394 switch to &NaiveActor::HandlerNormal
I1222 14:12:35.008574 79234 thread.cpp:99] Thread 34603009 construct Actor kCollectiveBoxingGeneric 72567769530394
I1222 14:12:35.008579 79225 naive_actor.cpp:25] actor 72567767433293 switch to &NaiveActor::HandlerNormal
I1222 14:12:35.008608 79234 runtime_context.cpp:29] DecreaseCounter constructing_actor_cnt, current val is 1605
I1222 14:12:35.008630 79225 thread.cpp:99] Thread 34603008 construct Actor kNormalForward 72567767433293
I1222 14:12:35.008702 79225 runtime_context.cpp:29] DecreaseCounter constructing_actor_cnt, current val is 1604
I1222 14:12:35.008742 79234 naive_actor.cpp:25] actor 72567769530414 switch to &NaiveActor::HandlerNormal
I1222 14:12:35.008774 79234 thread.cpp:99] Thread 34603009 construct Actor kCollectiveBoxingGeneric 72567769530414
I1222 14:12:35.008807 79234 runtime_context.cpp:29] DecreaseCounter constructing_actor_cnt, current val is 1603
I1222 14:12:35.008932 79234 naive_actor.cpp:25] actor 72567769530373 switch to &NaiveActor::HandlerNormal
I1222 14:12:35.008966 79234 thread.cpp:99] Thread 34603009 construct Actor kCollectiveBoxingGeneric 72567769530373
I1222 14:12:35.009009 79234 runtime_context.cpp:29] DecreaseCounter constructing_actor_cnt, current val is 1602
I1222 14:12:35.009119 79234 naive_actor.cpp:25] actor 72567769530430 switch to &NaiveActor::HandlerNormal
I1222 14:12:35.009145 79234 thread.cpp:99] Thread 34603009 construct Actor kCollectiveBoxingGeneric 72567769530430
I1222 14:12:35.009168 79234 runtime_context.cpp:29] DecreaseCounter constructing_actor_cnt, current val is 1601
I1222 14:12:35.009232 79225 naive_actor.cpp:25] actor 72567767433254 switch to &NaiveActor::HandlerNormal
I1222 14:12:35.009284 79225 thread.cpp:99] Thread 34603008 construct Actor kNormalForward 72567767433254
I1222 14:12:35.009280 79234 naive_actor.cpp:25] actor 72567769530374 switch to &NaiveActor::HandlerNormal
I1222 14:12:35.009327 79234 thread.cpp:99] Thread 34603009 construct Actor kCollectiveBoxingGeneric 72567769530374
I1222 14:12:35.009338 79225 runtime_context.cpp:29] DecreaseCounter constructing_actor_cnt, current val is 1600
I1222 14:12:35.009363 79234 runtime_context.cpp:29] DecreaseCounter constructing_actor_cnt, current val is 1599
I1222 14:12:35.009490 79234 naive_actor.cpp:25] actor 72567769530389 switch to &NaiveActor::HandlerNormal
I1222 14:12:35.009529 79234 thread.cpp:99] Thread 34603009 construct Actor kCollectiveBoxingGeneric 72567769530389
I1222 14:12:35.009563 79234 runtime_context.cpp:29] DecreaseCounter constructing_actor_cnt, current val is 1598
I1222 14:12:35.009666 79234 naive_actor.cpp:25] actor 72567769530403 switch to &NaiveActor::HandlerNormal
I1222 14:12:35.009696 79234 thread.cpp:99] Thread 34603009 construct Actor kCollectiveBoxingGeneric 72567769530403
I1222 14:12:35.009760 79234 runtime_context.cpp:29] DecreaseCounter constructing_actor_cnt, current val is 1597
I1222 14:12:35.009889 79225 naive_actor.cpp:25] actor 72567767433246 switch to &NaiveActor::HandlerNormal
I1222 14:12:35.010239 79225 thread.cpp:99] Thread 34603008 construct Actor kNormalForward 72567767433246
I1222 14:12:35.010298 79234 naive_actor.cpp:25] actor 72567769530427 switch to &NaiveActor::HandlerNormal
I1222 14:12:35.010303 79225 runtime_context.cpp:29] DecreaseCounter constructing_actor_cnt, current val is 1596
I1222 14:12:35.010332 79234 thread.cpp:99] Thread 34603009 construct Actor kCollectiveBoxingGeneric 72567769530427
I1222 14:12:35.010396 79234 runtime_context.cpp:29] DecreaseCounter constructing_actor_cnt, current val is 1595
I1222 14:12:35.010515 79234 naive_actor.cpp:25] actor 72567769530444 switch to &NaiveActor::HandlerNormal
I1222 14:12:35.010543 79234 thread.cpp:99] Thread 34603009 construct Actor kCollectiveBoxingGeneric 72567769530444
I1222 14:12:35.010576 79234 runtime_context.cpp:29] DecreaseCounter constructing_actor_cnt, current val is 1594
I1222 14:12:35.010684 79234 naive_actor.cpp:25] actor 72567769530452 switch to &NaiveActor::HandlerNormal
I1222 14:12:35.010715 79234 thread.cpp:99] Thread 34603009 construct Actor kCollectiveBoxingGeneric 72567769530452
I1222 14:12:35.010740 79234 runtime_context.cpp:29] DecreaseCounter constructing_actor_cnt, current val is 1593
I1222 14:12:35.010829 79225 naive_actor.cpp:25] actor 72567767433244 switch to &NaiveActor::HandlerNormal
I1222 14:12:35.010845 79234 naive_actor.cpp:25] actor 72567769530368 switch to &NaiveActor::HandlerNormal
I1222 14:12:35.010882 79225 thread.cpp:99] Thread 34603008 construct Actor kNormalForward 72567767433244
I1222 14:12:35.010915 79234 thread.cpp:99] Thread 34603009 construct Actor kCollectiveBoxingGeneric 72567769530368
I1222 14:12:35.010962 79234 runtime_context.cpp:29] DecreaseCounter constructing_actor_cnt, current val is 1592
I1222 14:12:35.010964 79225 runtime_context.cpp:29] DecreaseCounter constructing_actor_cnt, current val is 1591
I1222 14:12:35.011062 79234 naive_actor.cpp:25] actor 72567769530409 switch to &NaiveActor::HandlerNormal
I1222 14:12:35.011103 79234 thread.cpp:99] Thread 34603009 construct Actor kCollectiveBoxingGeneric 72567769530409
I1222 14:12:35.011144 79234 runtime_context.cpp:29] DecreaseCounter constructing_actor_cnt, current val is 1590
I1222 14:12:35.011194 79225 naive_actor.cpp:25] actor 72567767433251 switch to &NaiveActor::HandlerNormal
I1222 14:12:35.011234 79225 thread.cpp:99] Thread 34603008 construct Actor kNormalForward 72567767433251
I1222 14:12:35.011258 79234 naive_actor.cpp:25] actor 72567769530371 switch to &NaiveActor::HandlerNormal
I1222 14:12:35.011281 79225 runtime_context.cpp:29] DecreaseCounter constructing_actor_cnt, current val is 1589
I1222 14:12:35.011294 79234 thread.cpp:99] Thread 34603009 construct Actor kCollectiveBoxingGeneric 72567769530371
I1222 14:12:35.011356 79234 runtime_context.cpp:29] DecreaseCounter constructing_actor_cnt, current val is 1588
I1222 14:12:35.011456 79234 naive_actor.cpp:25] actor 72567769530372 switch to &NaiveActor::HandlerNormal
I1222 14:12:35.011482 79234 thread.cpp:99] Thread 34603009 construct Actor kCollectiveBoxingGeneric 72567769530372
I1222 14:12:35.011518 79234 runtime_context.cpp:29] DecreaseCounter constructing_actor_cnt, current val is 1587
I1222 14:12:35.011617 79234 naive_actor.cpp:25] actor 72567769530435 switch to &NaiveActor::HandlerNormal
I1222 14:12:35.011644 79234 thread.cpp:99] Thread 34603009 construct Actor kCollectiveBoxingGeneric 72567769530435
I1222 14:12:35.011677 79234 runtime_context.cpp:29] DecreaseCounter constructing_actor_cnt, current val is 1586
I1222 14:12:35.011775 79225 naive_actor.cpp:25] actor 72567767433250 switch to &NaiveActor::HandlerNormal
I1222 14:12:35.011780 79234 naive_actor.cpp:25] actor 72567769530423 switch to &NaiveActor::HandlerNormal
I1222 14:12:35.011819 79225 thread.cpp:99] Thread 34603008 construct Actor kNormalForward 72567767433250
I1222 14:12:35.011852 79234 thread.cpp:99] Thread 34603009 construct Actor kCollectiveBoxingGeneric 72567769530423
I1222 14:12:35.011935 79225 runtime_context.cpp:29] DecreaseCounter constructing_actor_cnt, current val is 1585
I1222 14:12:35.012362 79234 runtime_context.cpp:29] DecreaseCounter constructing_actor_cnt, current val is 1584
I1222 14:12:35.012492 79234 naive_actor.cpp:25] actor 72567769530468 switch to &NaiveActor::HandlerNormal
I1222 14:12:35.012526 79234 thread.cpp:99] Thread 34603009 construct Actor kCollectiveBoxingGeneric 72567769530468
I1222 14:12:35.012562 79234 runtime_context.cpp:29] DecreaseCounter constructing_actor_cnt, current val is 1583
I1222 14:12:35.012574 79225 naive_actor.cpp:25] actor 72567767433253 switch to &NaiveActor::HandlerNormal
I1222 14:12:35.012616 79225 thread.cpp:99] Thread 34603008 construct Actor kNormalForward 72567767433253
I1222 14:12:35.012670 79234 naive_actor.cpp:25] actor 72567769530410 switch to &NaiveActor::HandlerNormal
I1222 14:12:35.012671 79225 runtime_context.cpp:29] DecreaseCounter constructing_actor_cnt, current val is 1582
I1222 14:12:35.012692 79234 thread.cpp:99] Thread 34603009 construct Actor kCollectiveBoxingGeneric 72567769530410
I1222 14:12:35.012743 79234 runtime_context.cpp:29] DecreaseCounter constructing_actor_cnt, current val is 1581
I1222 14:12:35.012861 79234 naive_actor.cpp:25] actor 72567769530428 switch to &NaiveActor::HandlerNormal
I1222 14:12:35.012892 79234 thread.cpp:99] Thread 34603009 construct Actor kCollectiveBoxingGeneric 72567769530428
I1222 14:12:35.012924 79234 runtime_context.cpp:29] DecreaseCounter constructing_actor_cnt, current val is 1580
I1222 14:12:35.013037 79234 naive_actor.cpp:25] actor 72567769530443 switch to &NaiveActor::HandlerNormal
I1222 14:12:35.013072 79234 thread.cpp:99] Thread 34603009 construct Actor kCollectiveBoxingGeneric 72567769530443
I1222 14:12:35.013103 79234 runtime_context.cpp:29] DecreaseCounter constructing_actor_cnt, current val is 1579
I1222 14:12:35.013211 79234 naive_actor.cpp:25] actor 72567769530458 switch to &NaiveActor::HandlerNormal
I1222 14:12:35.013242 79234 thread.cpp:99] Thread 34603009 construct Actor kCollectiveBoxingGeneric 72567769530458
I1222 14:12:35.013268 79234 runtime_context.cpp:29] DecreaseCounter constructing_actor_cnt, current val is 1578
I1222 14:12:35.013355 79234 naive_actor.cpp:25] actor 72567769530421 switch to &NaiveActor::HandlerNormal
I1222 14:12:35.013384 79234 thread.cpp:99] Thread 34603009 construct Actor kCollectiveBoxingGeneric 72567769530421
I1222 14:12:35.013408 79234 runtime_context.cpp:29] DecreaseCounter constructing_actor_cnt, current val is 1577
I1222 14:12:35.013494 79234 naive_actor.cpp:25] actor 72567769530445 switch to &NaiveActor::HandlerNormal
I1222 14:12:35.013527 79234 thread.cpp:99] Thread 34603009 construct Actor kCollectiveBoxingGeneric 72567769530445
I1222 14:12:35.013553 79234 runtime_context.cpp:29] DecreaseCounter constructing_actor_cnt, current val is 1576
I1222 14:12:35.013581 79225 naive_actor.cpp:25] actor 72567767433232 switch to &NaiveActor::HandlerNormal
