Log file created at: 2021/12/22 14:36:33
Running on machine: cn2
Log line format: [IWEF]mmdd hh:mm:ss.uuuuuu threadid file:line] msg
I1222 14:36:33.907792 82013 global.h:36] NewGlobal N7oneflow7EnvDescE
I1222 14:36:33.909343 82013 global.h:36] NewGlobal N7oneflow10ProcessCtxE
I1222 14:36:33.909368 82013 env_global_objects_scope.cpp:157] using rpc backend: gRPC
I1222 14:36:33.909379 82013 global.h:36] NewGlobal N7oneflow10CtrlServerE
I1222 14:36:33.910146 82013 ctrl_server.cpp:40] CtrlServer listening on 0.0.0.0:36135
I1222 14:36:33.910270 82013 rank_info_bootstrap_server.cpp:47] RankInfoBootstrapServer listening on 0.0.0.0:36428
I1222 14:37:01.816222 82013 rpc_client.cpp:187] LoadServer cn1 Successful at 0 times
I1222 14:37:01.817978 82013 ctrl_bootstrap.cpp:77] 
ctrl_addr {
  host: "cn1"
  port: 35115
}
ctrl_addr {
  host: "172.16.0.11"
  port: 41784
}
ctrl_addr {
  host: "172.16.0.12"
  port: 36135
}
ctrl_addr {
  host: "172.16.0.12"
  port: 41487
}
rank: 2
node_size: 2
I1222 14:37:31.821357 82013 rpc_client.cpp:187] LoadServer cn1 Successful at 0 times
I1222 14:37:31.822366 82013 rpc_client.cpp:187] LoadServer 172.16.0.11 Successful at 0 times
I1222 14:37:31.823035 82013 rpc_client.cpp:187] LoadServer 172.16.0.12 Successful at 0 times
I1222 14:37:31.823622 82013 rpc_client.cpp:187] LoadServer 172.16.0.12 Successful at 0 times
I1222 14:37:31.844811 82013 global.h:36] NewGlobal N7oneflow12ResourceDescE
I1222 14:37:31.844867 82013 global.h:36] NewGlobal N7oneflow12ResourceDescE
I1222 14:37:31.851104 82013 net_ib_device_descriptor.cpp:110] Inactivate port: device mlx5_0 port 
I1222 14:37:31.853926 82013 net_ib_device_descriptor.cpp:110] Inactivate port: device mlx5_1 port 
I1222 14:37:31.859450 82013 net_ib_device_descriptor.cpp:110] Inactivate port: device mlx5_3 port 
I1222 14:37:31.985069 82013 global.h:36] NewGlobal N7oneflow2ep21DeviceManagerRegistryE
I1222 14:37:31.985116 82013 global.h:36] NewGlobal N7oneflow10ThreadPoolE
I1222 14:37:31.986423 82013 global.h:36] NewGlobal N7oneflow16EagerNcclCommMgrE
I1222 14:37:31.986465 82013 global.h:36] NewGlobal N7oneflow18CudnnConvAlgoCacheE
I1222 14:37:31.986482 82013 global.h:36] NewGlobal N7oneflow2vm19VirtualMachineScopeE
I1222 14:37:31.986514 82013 global.h:36] NewGlobal N7oneflow14VirtualMachineE
I1222 14:37:31.986884 82013 virtual_machine.cpp:80] transport stream type: N7oneflow2vm13CpuStreamTypeE
I1222 14:37:31.986905 82013 virtual_machine.cpp:80] transport stream type: N7oneflow2vm14CudaStreamTypeE
I1222 14:37:31.986919 82013 virtual_machine.cpp:80] transport stream type: N7oneflow2vm19AsyncCudaStreamTypeE
I1222 14:37:31.987028 82013 global.h:36] NewGlobal N7oneflow27EagerJobBuildAndInferCtxMgrE
I1222 14:37:31.987107 82013 global.h:36] NewGlobal N7oneflow12EpollCommNetE
I1222 14:37:31.987228 82013 epoll_comm_network.cpp:63] CommNet:Epoll listening on 0.0.0.0:41731
I1222 14:37:31.999270 82013 epoll_comm_network.cpp:197] machine 0 sockfd 60
I1222 14:37:31.999338 82013 epoll_comm_network.cpp:197] machine 1 sockfd 58
I1222 14:37:31.999369 82013 epoll_comm_network.cpp:197] machine 2 sockfd -1
I1222 14:37:31.999393 82013 epoll_comm_network.cpp:197] machine 3 sockfd 56
I1222 14:37:31.999615 82013 global.h:36] NewGlobal N7oneflow9TransportE
I1222 14:37:31.999785 82013 global.h:43] DeleteGlobal N7oneflow17ForeignLockHelperE
I1222 14:37:32.000128 82013 global.h:36] NewGlobal N7oneflow25MultiClientSessionContextE
I1222 14:37:39.589218 82013 version.cpp:22] OneFlow git version: v0.5.0-381-g3677dbf43-snapshot
I1222 14:37:39.589305 82013 cuda_device_manager_factory.cpp:63] CUDA runtime version: 11.1
I1222 14:37:39.589329 82013 cuda_device_manager_factory.cpp:72] cuDNN version: 8.0.5
I1222 14:37:39.589345 82013 cuda_device_manager_factory.cpp:85] NCCL version: 2.11.4
I1222 14:37:39.589385 82013 global.h:43] DeleteGlobal N7oneflow12ResourceDescE
I1222 14:37:39.589409 82013 global.h:36] NewGlobal N7oneflow12ResourceDescE
I1222 14:37:39.589426 82013 global.h:36] NewGlobal N7oneflow5IDMgrE
I1222 14:37:39.589442 82013 global.h:36] NewGlobal N7oneflow22TaskStreamIndexManagerE
I1222 14:37:39.589452 82013 global.h:36] NewGlobal N7oneflow26LazyJobBuildAndInferCtxMgrE
I1222 14:37:39.589751 82013 global.h:36] NewGlobal N7oneflow9BufferMgrISt10shared_ptrINS_11JobInstanceEEEE
I1222 14:37:39.590224 82013 global.h:36] NewGlobal N7oneflow9BufferMgrISt10shared_ptrINS_23CriticalSectionInstanceEEEE
I1222 14:37:39.590246 82013 global.h:36] NewGlobal N7oneflow10RuntimeCtxE
I1222 14:37:39.590266 82013 global.h:36] NewGlobal N7oneflow15MemoryAllocatorE
I1222 14:37:39.590286 82013 global.h:36] NewGlobal N7oneflow8ChunkMgrE
I1222 14:37:39.590304 82013 global.h:36] NewGlobal N7oneflow8RegstMgrE
I1222 14:37:39.590322 82013 global.h:36] NewGlobal N7oneflow11ActorMsgBusE
I1222 14:37:39.590342 82013 global.h:36] NewGlobal N7oneflow9ThreadMgrE
I1222 14:37:39.590358 82013 global.h:36] NewGlobal N7oneflow15RuntimeJobDescsE
I1222 14:37:39.590377 82013 global.h:36] NewGlobal N7oneflow7summary12EventsWriterE
I1222 14:37:39.590396 82013 global.h:36] NewGlobal N7oneflow6boxing10collective9SchedulerE
I1222 14:37:39.611640 82013 global.h:36] NewGlobal N7oneflow7JobDescE
I1222 14:37:39.669332 82225 eager_nccl_comm_manager.cpp:69]  EagerNcclCommMgr::ncclCommInitRank device_vec.size() = 2, nccl_unique_id = 0200ffffffe5ffffff99ffffffac100a0b000000000000000000000000000000000000000000000000000000000000000000000000000000000000000000000000000000000000000000000000000000000000000000000000000000000000000000000000000000000000000000000000000000000000000000000000000000000000000000000000, rank = 1, key = {eager_nccl_unique_id_rpc_key,0:0,2:0}
I1222 14:37:41.491549 82013 global.h:43] DeleteGlobal N7oneflow7JobDescE
I1222 14:37:41.491684 82013 global.h:36] NewGlobal N7oneflow7JobDescE
I1222 14:37:49.445777 82013 global.h:43] DeleteGlobal N7oneflow7JobDescE
I1222 14:37:50.362401 82013 global.h:36] NewGlobal N7oneflow7JobDescE
I1222 14:38:07.421038 82013 runtime_context.cpp:21] NewCounter constructing_actor_cnt 2597
I1222 14:38:07.422060 82342 naive_actor.cpp:25] actor 72567767435555 switch to &NaiveActor::HandlerNormal
I1222 14:38:07.422140 82356 wait_and_send_ids_actor.cpp:53] actor 71468392120320 switch to &WaitAndSendIdsActor::HandlerWaitToStart
I1222 14:38:07.422134 82342 thread.cpp:99] Thread 34603008 construct Actor kDeviceTick 72567767435555
I1222 14:38:07.422196 82356 thread.cpp:99] Thread 34078785 construct Actor kWaitAndSendIds 71468392120320
I1222 14:38:07.422457 82356 runtime_context.cpp:29] DecreaseCounter constructing_actor_cnt, current val is 2596
I1222 14:38:07.422462 82342 runtime_context.cpp:29] DecreaseCounter constructing_actor_cnt, current val is 2595
I1222 14:38:07.491631 82342 naive_actor.cpp:25] actor 72567767433229 switch to &NaiveActor::HandlerNormal
I1222 14:38:07.491727 82342 thread.cpp:99] Thread 34603008 construct Actor kNormalForward 72567767433229
I1222 14:38:07.491896 82342 runtime_context.cpp:29] DecreaseCounter constructing_actor_cnt, current val is 2594
I1222 14:38:07.492166 82346 naive_actor.cpp:25] actor 71468268388352 switch to &NaiveActor::HandlerNormal
I1222 14:38:07.492208 82343 naive_actor.cpp:25] actor 71468255805440 switch to &NaiveActor::HandlerNormal
I1222 14:38:07.492223 82346 thread.cpp:99] Thread 34078726 construct Actor kNormalForward 71468268388352
I1222 14:38:07.492239 82348 naive_actor.cpp:25] actor 71468257902592 switch to &NaiveActor::HandlerNormal
I1222 14:38:07.492269 82343 thread.cpp:99] Thread 34078720 construct Actor kNormalForward 71468255805440
I1222 14:38:07.492355 82348 thread.cpp:99] Thread 34078721 construct Actor kNormalForward 71468257902592
I1222 14:38:07.492426 82349 naive_actor.cpp:25] actor 71468266291200 switch to &NaiveActor::HandlerNormal
I1222 14:38:07.492403 82342 naive_actor.cpp:25] actor 72567767433225 switch to &NaiveActor::HandlerNormal
I1222 14:38:07.492399 82347 naive_actor.cpp:25] actor 71468264194048 switch to &NaiveActor::HandlerNormal
I1222 14:38:07.492434 82346 runtime_context.cpp:29] DecreaseCounter constructing_actor_cnt, current val is 2593
I1222 14:38:07.492514 82349 thread.cpp:99] Thread 34078725 construct Actor kNormalForward 71468266291200
I1222 14:38:07.492561 82343 runtime_context.cpp:29] DecreaseCounter constructing_actor_cnt, current val is 2592
I1222 14:38:07.492573 82344 naive_actor.cpp:25] actor 71468262096896 switch to &NaiveActor::HandlerNormal
I1222 14:38:07.492596 82348 runtime_context.cpp:29] DecreaseCounter constructing_actor_cnt, current val is 2591
I1222 14:38:07.492720 82342 thread.cpp:99] Thread 34603008 construct Actor kNormalForward 72567767433225
I1222 14:38:07.492779 82352 naive_actor.cpp:25] actor 72567769530369 switch to &NaiveActor::HandlerNormal
I1222 14:38:07.492823 82347 thread.cpp:99] Thread 34078724 construct Actor kNormalForward 71468264194048
I1222 14:38:07.493692 82342 runtime_context.cpp:29] DecreaseCounter constructing_actor_cnt, current val is 2589
I1222 14:38:07.492846 82357 copy_comm_net_actor.cpp:66] actor 71468400508934 switch to &CopyCommNetActor::HandlerNormal
I1222 14:38:07.492898 82354 naive_actor.cpp:25] actor 72567773724675 switch to &NaiveActor::HandlerNormal
I1222 14:38:07.492995 82349 runtime_context.cpp:29] DecreaseCounter constructing_actor_cnt, current val is 2590
I1222 14:38:07.493124 82359 naive_actor.cpp:25] actor 71468398411776 switch to &NaiveActor::HandlerNormal
I1222 14:38:07.493141 82362 sink_actor.cpp:21] actor 71468394217472 switch to &SinkActor::HandlerNormal
I1222 14:38:07.493170 82355 naive_actor.cpp:25] actor 71468390023170 switch to &NaiveActor::HandlerNormal
I1222 14:38:07.493209 82358 naive_actor.cpp:25] actor 71468272582656 switch to &NaiveActor::HandlerNormal
I1222 14:38:07.493243 82350 naive_actor.cpp:25] actor 71468396314624 switch to &NaiveActor::HandlerNormal
I1222 14:38:07.494172 82350 thread.cpp:99] Thread 34078787 construct Actor kCriticalSectionWaitTick 71468396314624
I1222 14:38:07.493382 82363 naive_actor.cpp:25] actor 71468270485504 switch to &NaiveActor::HandlerNormal
I1222 14:38:07.493517 82344 thread.cpp:99] Thread 34078723 construct Actor kNormalForward 71468262096896
I1222 14:38:07.493662 82352 thread.cpp:99] Thread 34603009 construct Actor kCopyHd 72567769530369
I1222 14:38:07.492838 82361 naive_actor.cpp:25] actor 72567771627520 switch to &NaiveActor::HandlerNormal
I1222 14:38:07.493739 82347 runtime_context.cpp:29] DecreaseCounter constructing_actor_cnt, current val is 2588
I1222 14:38:07.493808 82357 thread.cpp:99] Thread 34078789 construct Actor kCopyCommNet 71468400508934
I1222 14:38:07.493856 82354 thread.cpp:99] Thread 34603011 construct Actor kCollectiveBoxingGeneric 72567773724675
I1222 14:38:07.493952 82359 thread.cpp:99] Thread 34078788 construct Actor kCriticalSectionWaitTick 71468398411776
I1222 14:38:07.494035 82362 thread.cpp:99] Thread 34078786 construct Actor kCallbackNotify 71468394217472
I1222 14:38:07.494077 82355 thread.cpp:99] Thread 34078784 construct Actor kDstSubsetTick 71468390023170
I1222 14:38:07.494606 82362 runtime_context.cpp:29] DecreaseCounter constructing_actor_cnt, current val is 2581
I1222 14:38:07.493360 82345 naive_actor.cpp:25] actor 71468259999744 switch to &NaiveActor::HandlerNormal
I1222 14:38:07.494227 82350 runtime_context.cpp:29] DecreaseCounter constructing_actor_cnt, current val is 2587
I1222 14:38:07.494256 82363 thread.cpp:99] Thread 34078727 construct Actor kNormalForward 71468270485504
I1222 14:38:07.494326 82344 runtime_context.cpp:29] DecreaseCounter constructing_actor_cnt, current val is 2586
I1222 14:38:07.494356 82352 runtime_context.cpp:29] DecreaseCounter constructing_actor_cnt, current val is 2585
I1222 14:38:07.494392 82361 thread.cpp:99] Thread 34603010 construct Actor kCopyHd 72567771627520
I1222 14:38:07.494464 82357 runtime_context.cpp:29] DecreaseCounter constructing_actor_cnt, current val is 2584
I1222 14:38:07.494976 82361 runtime_context.cpp:29] DecreaseCounter constructing_actor_cnt, current val is 2578
I1222 14:38:07.494554 82359 runtime_context.cpp:29] DecreaseCounter constructing_actor_cnt, current val is 2582
I1222 14:38:07.494115 82358 thread.cpp:99] Thread 34078728 construct Actor kNormalForward 71468272582656
I1222 14:38:07.495070 82357 copy_comm_net_actor.cpp:66] actor 71468400508928 switch to &CopyCommNetActor::HandlerNormal
I1222 14:38:07.495133 82357 thread.cpp:99] Thread 34078789 construct Actor kCopyCommNet 71468400508928
I1222 14:38:07.494882 82363 runtime_context.cpp:29] DecreaseCounter constructing_actor_cnt, current val is 2579
I1222 14:38:07.494503 82354 runtime_context.cpp:29] DecreaseCounter constructing_actor_cnt, current val is 2583
I1222 14:38:07.495045 82352 naive_actor.cpp:25] actor 72567769530372 switch to &NaiveActor::HandlerNormal
I1222 14:38:07.494652 82355 runtime_context.cpp:29] DecreaseCounter constructing_actor_cnt, current val is 2580
I1222 14:38:07.495100 82358 runtime_context.cpp:29] DecreaseCounter constructing_actor_cnt, current val is 2577
I1222 14:38:07.494763 82345 thread.cpp:99] Thread 34078722 construct Actor kNormalForward 71468259999744
I1222 14:38:07.495352 82342 naive_actor.cpp:25] actor 72567767433228 switch to &NaiveActor::HandlerNormal
I1222 14:38:07.495625 82357 runtime_context.cpp:29] DecreaseCounter constructing_actor_cnt, current val is 2576
I1222 14:38:07.495990 82342 thread.cpp:99] Thread 34603008 construct Actor kNormalForward 72567767433228
I1222 14:38:07.495800 82354 naive_actor.cpp:25] actor 72567773724708 switch to &NaiveActor::HandlerNormal
I1222 14:38:07.496126 82354 thread.cpp:99] Thread 34603011 construct Actor kCollectiveBoxingGeneric 72567773724708
I1222 14:38:07.495723 82352 thread.cpp:99] Thread 34603009 construct Actor kCopyHd 72567769530372
I1222 14:38:07.496037 82355 naive_actor.cpp:25] actor 71468390023169 switch to &NaiveActor::HandlerNormal
I1222 14:38:07.496074 82357 copy_comm_net_actor.cpp:66] actor 71468400508933 switch to &CopyCommNetActor::HandlerNormal
I1222 14:38:07.496258 82357 thread.cpp:99] Thread 34078789 construct Actor kCopyCommNet 71468400508933
I1222 14:38:07.496162 82354 runtime_context.cpp:29] DecreaseCounter constructing_actor_cnt, current val is 2574
I1222 14:38:07.496188 82342 runtime_context.cpp:29] DecreaseCounter constructing_actor_cnt, current val is 2573
I1222 14:38:07.496213 82352 runtime_context.cpp:29] DecreaseCounter constructing_actor_cnt, current val is 2572
I1222 14:38:07.496230 82355 thread.cpp:99] Thread 34078784 construct Actor kTick 71468390023169
I1222 14:38:07.495959 82345 runtime_context.cpp:29] DecreaseCounter constructing_actor_cnt, current val is 2575
I1222 14:38:07.496556 82352 naive_actor.cpp:25] actor 72567769530370 switch to &NaiveActor::HandlerNormal
I1222 14:38:07.496393 82354 naive_actor.cpp:25] actor 72567773724698 switch to &NaiveActor::HandlerNormal
I1222 14:38:07.496485 82355 runtime_context.cpp:29] DecreaseCounter constructing_actor_cnt, current val is 2570
I1222 14:38:07.496284 82357 runtime_context.cpp:29] DecreaseCounter constructing_actor_cnt, current val is 2571
I1222 14:38:07.496608 82352 thread.cpp:99] Thread 34603009 construct Actor kCopyHd 72567769530370
I1222 14:38:07.496642 82354 thread.cpp:99] Thread 34603011 construct Actor kCollectiveBoxingGeneric 72567773724698
I1222 14:38:07.496915 82354 runtime_context.cpp:29] DecreaseCounter constructing_actor_cnt, current val is 2569
I1222 14:38:07.496922 82352 runtime_context.cpp:29] DecreaseCounter constructing_actor_cnt, current val is 2568
I1222 14:38:07.496943 82355 naive_actor.cpp:25] actor 71468390023171 switch to &NaiveActor::HandlerNormal
I1222 14:38:07.496981 82357 copy_comm_net_actor.cpp:66] actor 71468400508932 switch to &CopyCommNetActor::HandlerNormal
I1222 14:38:07.497074 82354 naive_actor.cpp:25] actor 72567773724727 switch to &NaiveActor::HandlerNormal
I1222 14:38:07.497062 82355 thread.cpp:99] Thread 34078784 construct Actor kTick 71468390023171
I1222 14:38:07.497092 82357 thread.cpp:99] Thread 34078789 construct Actor kCopyCommNet 71468400508932
I1222 14:38:07.497148 82354 thread.cpp:99] Thread 34603011 construct Actor kCollectiveBoxingGeneric 72567773724727
I1222 14:38:07.497306 82357 runtime_context.cpp:29] DecreaseCounter constructing_actor_cnt, current val is 2567
I1222 14:38:07.497334 82355 runtime_context.cpp:29] DecreaseCounter constructing_actor_cnt, current val is 2566
I1222 14:38:07.497386 82354 runtime_context.cpp:29] DecreaseCounter constructing_actor_cnt, current val is 2565
I1222 14:38:07.497387 82352 naive_actor.cpp:25] actor 72567769530373 switch to &NaiveActor::HandlerNormal
I1222 14:38:07.497412 82357 copy_comm_net_actor.cpp:66] actor 71468400508937 switch to &CopyCommNetActor::HandlerNormal
I1222 14:38:07.497656 82354 naive_actor.cpp:25] actor 72567773724684 switch to &NaiveActor::HandlerNormal
I1222 14:38:07.497697 82355 naive_actor.cpp:25] actor 71468390023172 switch to &NaiveActor::HandlerNormal
I1222 14:38:07.497997 82352 thread.cpp:99] Thread 34603009 construct Actor kCopyHd 72567769530373
I1222 14:38:07.498016 82357 thread.cpp:99] Thread 34078789 construct Actor kCopyCommNet 71468400508937
I1222 14:38:07.498162 82352 runtime_context.cpp:29] DecreaseCounter constructing_actor_cnt, current val is 2564
I1222 14:38:07.498106 82355 thread.cpp:99] Thread 34078784 construct Actor kTick 71468390023172
I1222 14:38:07.498064 82354 thread.cpp:99] Thread 34603011 construct Actor kCollectiveBoxingGeneric 72567773724684
I1222 14:38:07.498175 82357 runtime_context.cpp:29] DecreaseCounter constructing_actor_cnt, current val is 2563
I1222 14:38:07.498270 82355 runtime_context.cpp:29] DecreaseCounter constructing_actor_cnt, current val is 2562
I1222 14:38:07.498283 82354 runtime_context.cpp:29] DecreaseCounter constructing_actor_cnt, current val is 2561
I1222 14:38:07.498366 82357 copy_comm_net_actor.cpp:66] actor 71468400508929 switch to &CopyCommNetActor::HandlerNormal
I1222 14:38:07.498342 82352 naive_actor.cpp:25] actor 72567769530371 switch to &NaiveActor::HandlerNormal
I1222 14:38:07.498407 82357 thread.cpp:99] Thread 34078789 construct Actor kCopyCommNet 71468400508929
I1222 14:38:07.498454 82352 thread.cpp:99] Thread 34603009 construct Actor kCopyHd 72567769530371
I1222 14:38:07.498490 82357 runtime_context.cpp:29] DecreaseCounter constructing_actor_cnt, current val is 2560
I1222 14:38:07.498550 82352 runtime_context.cpp:29] DecreaseCounter constructing_actor_cnt, current val is 2559
I1222 14:38:07.498497 82354 naive_actor.cpp:25] actor 72567773724714 switch to &NaiveActor::HandlerNormal
I1222 14:38:07.498620 82357 copy_comm_net_actor.cpp:66] actor 71468400508936 switch to &CopyCommNetActor::HandlerNormal
I1222 14:38:07.498641 82354 thread.cpp:99] Thread 34603011 construct Actor kCollectiveBoxingGeneric 72567773724714
I1222 14:38:07.498669 82357 thread.cpp:99] Thread 34078789 construct Actor kCopyCommNet 71468400508936
I1222 14:38:07.498710 82355 naive_actor.cpp:25] actor 71468390023168 switch to &NaiveActor::HandlerNormal
I1222 14:38:07.498718 82354 runtime_context.cpp:29] DecreaseCounter constructing_actor_cnt, current val is 2558
I1222 14:38:07.498736 82357 runtime_context.cpp:29] DecreaseCounter constructing_actor_cnt, current val is 2557
I1222 14:38:07.498746 82352 naive_actor.cpp:25] actor 72567769530368 switch to &NaiveActor::HandlerNormal
I1222 14:38:07.498775 82355 thread.cpp:99] Thread 34078784 construct Actor kSrcSubsetTick 71468390023168
I1222 14:38:07.498899 82357 copy_comm_net_actor.cpp:66] actor 71468400508945 switch to &CopyCommNetActor::HandlerNormal
I1222 14:38:07.498872 82352 thread.cpp:99] Thread 34603009 construct Actor kCopyHd 72567769530368
I1222 14:38:07.498944 82357 thread.cpp:99] Thread 34078789 construct Actor kCopyCommNet 71468400508945
I1222 14:38:07.498986 82352 runtime_context.cpp:29] DecreaseCounter constructing_actor_cnt, current val is 2555
I1222 14:38:07.498935 82355 runtime_context.cpp:29] DecreaseCounter constructing_actor_cnt, current val is 2556
I1222 14:38:07.498939 82354 naive_actor.cpp:25] actor 72567773724700 switch to &NaiveActor::HandlerNormal
I1222 14:38:07.498925 82342 naive_actor.cpp:25] actor 72567767433217 switch to &NaiveActor::HandlerNormal
I1222 14:38:07.498998 82357 runtime_context.cpp:29] DecreaseCounter constructing_actor_cnt, current val is 2554
I1222 14:38:07.499096 82354 thread.cpp:99] Thread 34603011 construct Actor kCollectiveBoxingGeneric 72567773724700
I1222 14:38:07.499155 82352 naive_actor.cpp:25] actor 72567769530374 switch to &NaiveActor::HandlerNormal
I1222 14:38:07.499204 82342 thread.cpp:99] Thread 34603008 construct Actor kNormalForward 72567767433217
I1222 14:38:07.499271 82354 runtime_context.cpp:29] DecreaseCounter constructing_actor_cnt, current val is 2553
I1222 14:38:07.499296 82357 copy_comm_net_actor.cpp:66] actor 71468400508931 switch to &CopyCommNetActor::HandlerNormal
I1222 14:38:07.499311 82352 thread.cpp:99] Thread 34603009 construct Actor kCopyHd 72567769530374
I1222 14:38:07.499377 82355 naive_actor.cpp:25] actor 71468390023176 switch to &NaiveActor::HandlerNormal
I1222 14:38:07.499577 82342 runtime_context.cpp:29] DecreaseCounter constructing_actor_cnt, current val is 2552
I1222 14:38:07.499913 82357 thread.cpp:99] Thread 34078789 construct Actor kCopyCommNet 71468400508931
I1222 14:38:07.499975 82352 runtime_context.cpp:29] DecreaseCounter constructing_actor_cnt, current val is 2551
I1222 14:38:07.499998 82355 thread.cpp:99] Thread 34078784 construct Actor kSrcSubsetTick 71468390023176
I1222 14:38:07.500003 82354 naive_actor.cpp:25] actor 72567773724710 switch to &NaiveActor::HandlerNormal
I1222 14:38:07.500103 82357 runtime_context.cpp:29] DecreaseCounter constructing_actor_cnt, current val is 2550
I1222 14:38:07.500203 82355 runtime_context.cpp:29] DecreaseCounter constructing_actor_cnt, current val is 2549
I1222 14:38:07.500267 82352 naive_actor.cpp:25] actor 72567769530375 switch to &NaiveActor::HandlerNormal
I1222 14:38:07.500209 82354 thread.cpp:99] Thread 34603011 construct Actor kCollectiveBoxingGeneric 72567773724710
I1222 14:38:07.500311 82357 copy_comm_net_actor.cpp:66] actor 71468400508930 switch to &CopyCommNetActor::HandlerNormal
I1222 14:38:07.500336 82352 thread.cpp:99] Thread 34603009 construct Actor kCopyHd 72567769530375
I1222 14:38:07.500382 82354 runtime_context.cpp:29] DecreaseCounter constructing_actor_cnt, current val is 2548
I1222 14:38:07.500455 82352 runtime_context.cpp:29] DecreaseCounter constructing_actor_cnt, current val is 2547
I1222 14:38:07.500401 82357 thread.cpp:99] Thread 34078789 construct Actor kCopyCommNet 71468400508930
I1222 14:38:07.500559 82357 runtime_context.cpp:29] DecreaseCounter constructing_actor_cnt, current val is 2546
I1222 14:38:07.500598 82354 naive_actor.cpp:25] actor 72567773724672 switch to &NaiveActor::HandlerNormal
I1222 14:38:07.500640 82354 thread.cpp:99] Thread 34603011 construct Actor kCollectiveBoxingGeneric 72567773724672
I1222 14:38:07.500660 82352 naive_actor.cpp:25] actor 72567769530380 switch to &NaiveActor::HandlerNormal
I1222 14:38:07.500686 82354 runtime_context.cpp:29] DecreaseCounter constructing_actor_cnt, current val is 2545
I1222 14:38:07.500684 82355 naive_actor.cpp:25] actor 71468390023174 switch to &NaiveActor::HandlerNormal
I1222 14:38:07.500699 82357 copy_comm_net_actor.cpp:66] actor 71468400508940 switch to &CopyCommNetActor::HandlerNormal
I1222 14:38:07.500721 82352 thread.cpp:99] Thread 34603009 construct Actor kCopyHd 72567769530380
I1222 14:38:07.500798 82355 thread.cpp:99] Thread 34078784 construct Actor kSrcSubsetTick 71468390023174
I1222 14:38:07.500825 82357 thread.cpp:99] Thread 34078789 construct Actor kCopyCommNet 71468400508940
I1222 14:38:07.500877 82352 runtime_context.cpp:29] DecreaseCounter constructing_actor_cnt, current val is 2544
I1222 14:38:07.500895 82354 naive_actor.cpp:25] actor 72567773724694 switch to &NaiveActor::HandlerNormal
I1222 14:38:07.500924 82355 runtime_context.cpp:29] DecreaseCounter constructing_actor_cnt, current val is 2543
I1222 14:38:07.500939 82357 runtime_context.cpp:29] DecreaseCounter constructing_actor_cnt, current val is 2542
I1222 14:38:07.501004 82354 thread.cpp:99] Thread 34603011 construct Actor kCollectiveBoxingGeneric 72567773724694
I1222 14:38:07.501092 82352 naive_actor.cpp:25] actor 72567769530376 switch to &NaiveActor::HandlerNormal
I1222 14:38:07.501137 82354 runtime_context.cpp:29] DecreaseCounter constructing_actor_cnt, current val is 2541
I1222 14:38:07.501171 82352 thread.cpp:99] Thread 34603009 construct Actor kCopyHd 72567769530376
I1222 14:38:07.501179 82357 copy_comm_net_actor.cpp:66] actor 71468400508939 switch to &CopyCommNetActor::HandlerNormal
I1222 14:38:07.501263 82352 runtime_context.cpp:29] DecreaseCounter constructing_actor_cnt, current val is 2540
I1222 14:38:07.501319 82355 naive_actor.cpp:25] actor 71468390023175 switch to &NaiveActor::HandlerNormal
I1222 14:38:07.501322 82357 thread.cpp:99] Thread 34078789 construct Actor kCopyCommNet 71468400508939
I1222 14:38:07.501336 82354 naive_actor.cpp:25] actor 72567773724734 switch to &NaiveActor::HandlerNormal
I1222 14:38:07.501442 82342 naive_actor.cpp:25] actor 72567767433249 switch to &NaiveActor::HandlerNormal
I1222 14:38:07.501876 82355 thread.cpp:99] Thread 34078784 construct Actor kDstSubsetTick 71468390023175
I1222 14:38:07.501920 82357 runtime_context.cpp:29] DecreaseCounter constructing_actor_cnt, current val is 2539
I1222 14:38:07.501940 82354 thread.cpp:99] Thread 34603011 construct Actor kCollectiveBoxingGeneric 72567773724734
I1222 14:38:07.501955 82352 naive_actor.cpp:25] actor 72567769530378 switch to &NaiveActor::HandlerNormal
I1222 14:38:07.502024 82342 thread.cpp:99] Thread 34603008 construct Actor kNormalForward 72567767433249
I1222 14:38:07.502074 82355 runtime_context.cpp:29] DecreaseCounter constructing_actor_cnt, current val is 2538
I1222 14:38:07.502115 82354 runtime_context.cpp:29] DecreaseCounter constructing_actor_cnt, current val is 2537
I1222 14:38:07.502141 82352 thread.cpp:99] Thread 34603009 construct Actor kCopyHd 72567769530378
I1222 14:38:07.502166 82357 copy_comm_net_actor.cpp:66] actor 71468400508938 switch to &CopyCommNetActor::HandlerNormal
I1222 14:38:07.502277 82342 runtime_context.cpp:29] DecreaseCounter constructing_actor_cnt, current val is 2536
I1222 14:38:07.502331 82352 runtime_context.cpp:29] DecreaseCounter constructing_actor_cnt, current val is 2535
I1222 14:38:07.502360 82357 thread.cpp:99] Thread 34078789 construct Actor kCopyCommNet 71468400508938
I1222 14:38:07.502385 82354 naive_actor.cpp:25] actor 72567773724728 switch to &NaiveActor::HandlerNormal
I1222 14:38:07.502521 82357 runtime_context.cpp:29] DecreaseCounter constructing_actor_cnt, current val is 2534
I1222 14:38:07.502552 82354 thread.cpp:99] Thread 34603011 construct Actor kCollectiveBoxingGeneric 72567773724728
I1222 14:38:07.502580 82355 naive_actor.cpp:25] actor 71468390023177 switch to &NaiveActor::HandlerNormal
I1222 14:38:07.502602 82352 naive_actor.cpp:25] actor 72567769530379 switch to &NaiveActor::HandlerNormal
I1222 14:38:07.502636 82354 runtime_context.cpp:29] DecreaseCounter constructing_actor_cnt, current val is 2533
I1222 14:38:07.502669 82355 thread.cpp:99] Thread 34078784 construct Actor kDstSubsetTick 71468390023177
I1222 14:38:07.502681 82357 copy_comm_net_actor.cpp:66] actor 71468400508935 switch to &CopyCommNetActor::HandlerNormal
I1222 14:38:07.502795 82355 runtime_context.cpp:29] DecreaseCounter constructing_actor_cnt, current val is 2532
I1222 14:38:07.502707 82352 thread.cpp:99] Thread 34603009 construct Actor kCopyHd 72567769530379
I1222 14:38:07.502801 82357 thread.cpp:99] Thread 34078789 construct Actor kCopyCommNet 71468400508935
I1222 14:38:07.502868 82354 naive_actor.cpp:25] actor 72567773724762 switch to &NaiveActor::HandlerNormal
I1222 14:38:07.502889 82352 runtime_context.cpp:29] DecreaseCounter constructing_actor_cnt, current val is 2531
I1222 14:38:07.502920 82357 runtime_context.cpp:29] DecreaseCounter constructing_actor_cnt, current val is 2530
I1222 14:38:07.502945 82354 thread.cpp:99] Thread 34603011 construct Actor kCollectiveBoxingGeneric 72567773724762
I1222 14:38:07.503059 82354 runtime_context.cpp:29] DecreaseCounter constructing_actor_cnt, current val is 2529
I1222 14:38:07.503113 82357 copy_comm_net_actor.cpp:66] actor 71468400508941 switch to &CopyCommNetActor::HandlerNormal
I1222 14:38:07.503118 82355 naive_actor.cpp:25] actor 71468390023173 switch to &NaiveActor::HandlerNormal
I1222 14:38:07.503123 82352 naive_actor.cpp:25] actor 72567769530377 switch to &NaiveActor::HandlerNormal
I1222 14:38:07.503156 82357 thread.cpp:99] Thread 34078789 construct Actor kCopyCommNet 71468400508941
I1222 14:38:07.503202 82355 thread.cpp:99] Thread 34078784 construct Actor kTick 71468390023173
I1222 14:38:07.503206 82354 naive_actor.cpp:25] actor 72567773724691 switch to &NaiveActor::HandlerNormal
I1222 14:38:07.503242 82352 thread.cpp:99] Thread 34603009 construct Actor kCopyHd 72567769530377
I1222 14:38:07.503284 82357 runtime_context.cpp:29] DecreaseCounter constructing_actor_cnt, current val is 2528
I1222 14:38:07.503379 82355 runtime_context.cpp:29] DecreaseCounter constructing_actor_cnt, current val is 2527
I1222 14:38:07.503674 82342 naive_actor.cpp:25] actor 72567767433216 switch to &NaiveActor::HandlerNormal
I1222 14:38:07.503769 82354 thread.cpp:99] Thread 34603011 construct Actor kCollectiveBoxingGeneric 72567773724691
I1222 14:38:07.503808 82352 runtime_context.cpp:29] DecreaseCounter constructing_actor_cnt, current val is 2526
I1222 14:38:07.503908 82357 copy_comm_net_actor.cpp:66] actor 71468400508943 switch to &CopyCommNetActor::HandlerNormal
I1222 14:38:07.503944 82342 thread.cpp:99] Thread 34603008 construct Actor kNormalForward 72567767433216
I1222 14:38:07.503986 82354 runtime_context.cpp:29] DecreaseCounter constructing_actor_cnt, current val is 2525
I1222 14:38:07.504010 82357 thread.cpp:99] Thread 34078789 construct Actor kCopyCommNet 71468400508943
I1222 14:38:07.504144 82342 runtime_context.cpp:29] DecreaseCounter constructing_actor_cnt, current val is 2524
I1222 14:38:07.504144 82357 runtime_context.cpp:29] DecreaseCounter constructing_actor_cnt, current val is 2523
I1222 14:38:07.504248 82354 naive_actor.cpp:25] actor 72567773724753 switch to &NaiveActor::HandlerNormal
I1222 14:38:07.504287 82354 thread.cpp:99] Thread 34603011 construct Actor kCollectiveBoxingGeneric 72567773724753
I1222 14:38:07.504333 82354 runtime_context.cpp:29] DecreaseCounter constructing_actor_cnt, current val is 2522
I1222 14:38:07.504343 82357 copy_comm_net_actor.cpp:66] actor 71468400508947 switch to &CopyCommNetActor::HandlerNormal
I1222 14:38:07.504403 82357 thread.cpp:99] Thread 34078789 construct Actor kCopyCommNet 71468400508947
I1222 14:38:07.504444 82357 runtime_context.cpp:29] DecreaseCounter constructing_actor_cnt, current val is 2521
I1222 14:38:07.504488 82354 naive_actor.cpp:25] actor 72567773724755 switch to &NaiveActor::HandlerNormal
I1222 14:38:07.504534 82354 thread.cpp:99] Thread 34603011 construct Actor kCollectiveBoxingGeneric 72567773724755
I1222 14:38:07.504567 82357 copy_comm_net_actor.cpp:66] actor 71468400508944 switch to &CopyCommNetActor::HandlerNormal
I1222 14:38:07.504578 82354 runtime_context.cpp:29] DecreaseCounter constructing_actor_cnt, current val is 2520
I1222 14:38:07.504597 82357 thread.cpp:99] Thread 34078789 construct Actor kCopyCommNet 71468400508944
I1222 14:38:07.504648 82357 runtime_context.cpp:29] DecreaseCounter constructing_actor_cnt, current val is 2519
I1222 14:38:07.504740 82354 naive_actor.cpp:25] actor 72567773724768 switch to &NaiveActor::HandlerNormal
I1222 14:38:07.504760 82357 copy_comm_net_actor.cpp:66] actor 71468400508946 switch to &CopyCommNetActor::HandlerNormal
I1222 14:38:07.504779 82354 thread.cpp:99] Thread 34603011 construct Actor kCollectiveBoxingGeneric 72567773724768
I1222 14:38:07.504806 82357 thread.cpp:99] Thread 34078789 construct Actor kCopyCommNet 71468400508946
I1222 14:38:07.504849 82354 runtime_context.cpp:29] DecreaseCounter constructing_actor_cnt, current val is 2518
I1222 14:38:07.504879 82357 runtime_context.cpp:29] DecreaseCounter constructing_actor_cnt, current val is 2517
I1222 14:38:07.504998 82354 naive_actor.cpp:25] actor 72567773724747 switch to &NaiveActor::HandlerNormal
I1222 14:38:07.505007 82357 copy_comm_net_actor.cpp:66] actor 71468400508942 switch to &CopyCommNetActor::HandlerNormal
I1222 14:38:07.505043 82354 thread.cpp:99] Thread 34603011 construct Actor kCollectiveBoxingGeneric 72567773724747
I1222 14:38:07.505076 82357 thread.cpp:99] Thread 34078789 construct Actor kCopyCommNet 71468400508942
I1222 14:38:07.505120 82354 runtime_context.cpp:29] DecreaseCounter constructing_actor_cnt, current val is 2516
I1222 14:38:07.505151 82357 runtime_context.cpp:29] DecreaseCounter constructing_actor_cnt, current val is 2515
I1222 14:38:07.505262 82354 naive_actor.cpp:25] actor 72567773724776 switch to &NaiveActor::HandlerNormal
I1222 14:38:07.505622 82354 thread.cpp:99] Thread 34603011 construct Actor kCollectiveBoxingGeneric 72567773724776
I1222 14:38:07.505637 82342 naive_actor.cpp:25] actor 72567767433227 switch to &NaiveActor::HandlerNormal
I1222 14:38:07.505668 82354 runtime_context.cpp:29] DecreaseCounter constructing_actor_cnt, current val is 2514
I1222 14:38:07.505759 82342 thread.cpp:99] Thread 34603008 construct Actor kNormalForward 72567767433227
I1222 14:38:07.505894 82354 naive_actor.cpp:25] actor 72567773724676 switch to &NaiveActor::HandlerNormal
I1222 14:38:07.505913 82342 runtime_context.cpp:29] DecreaseCounter constructing_actor_cnt, current val is 2513
I1222 14:38:07.505934 82354 thread.cpp:99] Thread 34603011 construct Actor kCollectiveBoxingGeneric 72567773724676
I1222 14:38:07.506036 82354 runtime_context.cpp:29] DecreaseCounter constructing_actor_cnt, current val is 2512
I1222 14:38:07.506184 82354 naive_actor.cpp:25] actor 72567773724703 switch to &NaiveActor::HandlerNormal
I1222 14:38:07.506227 82354 thread.cpp:99] Thread 34603011 construct Actor kCollectiveBoxingGeneric 72567773724703
I1222 14:38:07.506270 82354 runtime_context.cpp:29] DecreaseCounter constructing_actor_cnt, current val is 2511
I1222 14:38:07.506397 82354 naive_actor.cpp:25] actor 72567773724805 switch to &NaiveActor::HandlerNormal
I1222 14:38:07.506424 82354 thread.cpp:99] Thread 34603011 construct Actor kCollectiveBoxingGeneric 72567773724805
I1222 14:38:07.506462 82354 runtime_context.cpp:29] DecreaseCounter constructing_actor_cnt, current val is 2510
I1222 14:38:07.506599 82354 naive_actor.cpp:25] actor 72567773724681 switch to &NaiveActor::HandlerNormal
I1222 14:38:07.506642 82354 thread.cpp:99] Thread 34603011 construct Actor kCollectiveBoxingGeneric 72567773724681
I1222 14:38:07.506675 82354 runtime_context.cpp:29] DecreaseCounter constructing_actor_cnt, current val is 2509
I1222 14:38:07.506796 82354 naive_actor.cpp:25] actor 72567773724673 switch to &NaiveActor::HandlerNormal
I1222 14:38:07.506835 82354 thread.cpp:99] Thread 34603011 construct Actor kCollectiveBoxingGeneric 72567773724673
I1222 14:38:07.506875 82354 runtime_context.cpp:29] DecreaseCounter constructing_actor_cnt, current val is 2508
I1222 14:38:07.507002 82354 naive_actor.cpp:25] actor 72567773724731 switch to &NaiveActor::HandlerNormal
I1222 14:38:07.507038 82354 thread.cpp:99] Thread 34603011 construct Actor kCollectiveBoxingGeneric 72567773724731
I1222 14:38:07.507078 82354 runtime_context.cpp:29] DecreaseCounter constructing_actor_cnt, current val is 2507
I1222 14:38:07.507197 82354 naive_actor.cpp:25] actor 72567773724693 switch to &NaiveActor::HandlerNormal
I1222 14:38:07.507243 82354 thread.cpp:99] Thread 34603011 construct Actor kCollectiveBoxingGeneric 72567773724693
I1222 14:38:07.507187 82342 naive_actor.cpp:25] actor 72567767433261 switch to &NaiveActor::HandlerNormal
I1222 14:38:07.507275 82354 runtime_context.cpp:29] DecreaseCounter constructing_actor_cnt, current val is 2506
I1222 14:38:07.507345 82342 thread.cpp:99] Thread 34603008 construct Actor kNormalForward 72567767433261
I1222 14:38:07.507488 82354 naive_actor.cpp:25] actor 72567773724764 switch to &NaiveActor::HandlerNormal
I1222 14:38:07.507498 82342 runtime_context.cpp:29] DecreaseCounter constructing_actor_cnt, current val is 2505
I1222 14:38:07.507525 82354 thread.cpp:99] Thread 34603011 construct Actor kCollectiveBoxingGeneric 72567773724764
I1222 14:38:07.507609 82354 runtime_context.cpp:29] DecreaseCounter constructing_actor_cnt, current val is 2504
I1222 14:38:07.507735 82354 naive_actor.cpp:25] actor 72567773724730 switch to &NaiveActor::HandlerNormal
I1222 14:38:07.507778 82354 thread.cpp:99] Thread 34603011 construct Actor kCollectiveBoxingGeneric 72567773724730
I1222 14:38:07.507817 82354 runtime_context.cpp:29] DecreaseCounter constructing_actor_cnt, current val is 2503
I1222 14:38:07.507951 82354 naive_actor.cpp:25] actor 72567773724765 switch to &NaiveActor::HandlerNormal
I1222 14:38:07.508025 82354 thread.cpp:99] Thread 34603011 construct Actor kCollectiveBoxingGeneric 72567773724765
I1222 14:38:07.508060 82342 naive_actor.cpp:25] actor 72567767433221 switch to &NaiveActor::HandlerNormal
I1222 14:38:07.508450 82354 runtime_context.cpp:29] DecreaseCounter constructing_actor_cnt, current val is 2502
I1222 14:38:07.508522 82342 thread.cpp:99] Thread 34603008 construct Actor kNormalForward 72567767433221
I1222 14:38:07.508653 82342 runtime_context.cpp:29] DecreaseCounter constructing_actor_cnt, current val is 2501
I1222 14:38:07.508659 82354 naive_actor.cpp:25] actor 72567773724682 switch to &NaiveActor::HandlerNormal
I1222 14:38:07.508734 82354 thread.cpp:99] Thread 34603011 construct Actor kCollectiveBoxingGeneric 72567773724682
I1222 14:38:07.508778 82354 runtime_context.cpp:29] DecreaseCounter constructing_actor_cnt, current val is 2500
I1222 14:38:07.508915 82354 naive_actor.cpp:25] actor 72567773724687 switch to &NaiveActor::HandlerNormal
I1222 14:38:07.508955 82354 thread.cpp:99] Thread 34603011 construct Actor kCollectiveBoxingGeneric 72567773724687
I1222 14:38:07.508987 82354 runtime_context.cpp:29] DecreaseCounter constructing_actor_cnt, current val is 2499
I1222 14:38:07.509107 82354 naive_actor.cpp:25] actor 72567773724831 switch to &NaiveActor::HandlerNormal
I1222 14:38:07.509145 82354 thread.cpp:99] Thread 34603011 construct Actor kCollectiveBoxingGeneric 72567773724831
I1222 14:38:07.509183 82354 runtime_context.cpp:29] DecreaseCounter constructing_actor_cnt, current val is 2498
I1222 14:38:07.509313 82354 naive_actor.cpp:25] actor 72567773724849 switch to &NaiveActor::HandlerNormal
I1222 14:38:07.509352 82354 thread.cpp:99] Thread 34603011 construct Actor kCollectiveBoxingGeneric 72567773724849
I1222 14:38:07.509383 82354 runtime_context.cpp:29] DecreaseCounter constructing_actor_cnt, current val is 2497
I1222 14:38:07.509514 82354 naive_actor.cpp:25] actor 72567773724778 switch to &NaiveActor::HandlerNormal
I1222 14:38:07.509554 82354 thread.cpp:99] Thread 34603011 construct Actor kCollectiveBoxingGeneric 72567773724778
I1222 14:38:07.509588 82354 runtime_context.cpp:29] DecreaseCounter constructing_actor_cnt, current val is 2496
I1222 14:38:07.509732 82354 naive_actor.cpp:25] actor 72567773724800 switch to &NaiveActor::HandlerNormal
I1222 14:38:07.509758 82354 thread.cpp:99] Thread 34603011 construct Actor kCollectiveBoxingGeneric 72567773724800
I1222 14:38:07.509785 82354 runtime_context.cpp:29] DecreaseCounter constructing_actor_cnt, current val is 2495
I1222 14:38:07.509908 82354 naive_actor.cpp:25] actor 72567773724781 switch to &NaiveActor::HandlerNormal
I1222 14:38:07.509945 82354 thread.cpp:99] Thread 34603011 construct Actor kCollectiveBoxingGeneric 72567773724781
I1222 14:38:07.509975 82354 runtime_context.cpp:29] DecreaseCounter constructing_actor_cnt, current val is 2494
I1222 14:38:07.510085 82354 naive_actor.cpp:25] actor 72567773724748 switch to &NaiveActor::HandlerNormal
I1222 14:38:07.510120 82354 thread.cpp:99] Thread 34603011 construct Actor kCollectiveBoxingGeneric 72567773724748
I1222 14:38:07.510159 82354 runtime_context.cpp:29] DecreaseCounter constructing_actor_cnt, current val is 2493
I1222 14:38:07.510205 82342 naive_actor.cpp:25] actor 72567767433224 switch to &NaiveActor::HandlerNormal
I1222 14:38:07.510285 82354 naive_actor.cpp:25] actor 72567773724779 switch to &NaiveActor::HandlerNormal
I1222 14:38:07.510322 82342 thread.cpp:99] Thread 34603008 construct Actor kNormalForward 72567767433224
I1222 14:38:07.510346 82354 thread.cpp:99] Thread 34603011 construct Actor kCollectiveBoxingGeneric 72567773724779
I1222 14:38:07.510442 82354 runtime_context.cpp:29] DecreaseCounter constructing_actor_cnt, current val is 2492
I1222 14:38:07.510481 82342 runtime_context.cpp:29] DecreaseCounter constructing_actor_cnt, current val is 2491
I1222 14:38:07.510587 82354 naive_actor.cpp:25] actor 72567773724741 switch to &NaiveActor::HandlerNormal
I1222 14:38:07.510617 82354 thread.cpp:99] Thread 34603011 construct Actor kCollectiveBoxingGeneric 72567773724741
I1222 14:38:07.510696 82354 runtime_context.cpp:29] DecreaseCounter constructing_actor_cnt, current val is 2490
I1222 14:38:07.511168 82354 naive_actor.cpp:25] actor 72567773724789 switch to &NaiveActor::HandlerNormal
I1222 14:38:07.511210 82354 thread.cpp:99] Thread 34603011 construct Actor kCollectiveBoxingGeneric 72567773724789
I1222 14:38:07.511243 82354 runtime_context.cpp:29] DecreaseCounter constructing_actor_cnt, current val is 2489
I1222 14:38:07.511369 82354 naive_actor.cpp:25] actor 72567773724799 switch to &NaiveActor::HandlerNormal
I1222 14:38:07.511409 82354 thread.cpp:99] Thread 34603011 construct Actor kCollectiveBoxingGeneric 72567773724799
I1222 14:38:07.511451 82354 runtime_context.cpp:29] DecreaseCounter constructing_actor_cnt, current val is 2488
I1222 14:38:07.511574 82354 naive_actor.cpp:25] actor 72567773724819 switch to &NaiveActor::HandlerNormal
I1222 14:38:07.511615 82354 thread.cpp:99] Thread 34603011 construct Actor kCollectiveBoxingGeneric 72567773724819
I1222 14:38:07.511646 82354 runtime_context.cpp:29] DecreaseCounter constructing_actor_cnt, current val is 2487
I1222 14:38:07.511763 82354 naive_actor.cpp:25] actor 72567773724801 switch to &NaiveActor::HandlerNormal
I1222 14:38:07.511798 82354 thread.cpp:99] Thread 34603011 construct Actor kCollectiveBoxingGeneric 72567773724801
I1222 14:38:07.511828 82354 runtime_context.cpp:29] DecreaseCounter constructing_actor_cnt, current val is 2486
I1222 14:38:07.511947 82354 naive_actor.cpp:25] actor 72567773724803 switch to &NaiveActor::HandlerNormal
I1222 14:38:07.511984 82354 thread.cpp:99] Thread 34603011 construct Actor kCollectiveBoxingGeneric 72567773724803
I1222 14:38:07.511988 82342 naive_actor.cpp:25] actor 72567767433226 switch to &NaiveActor::HandlerNormal
I1222 14:38:07.512022 82354 runtime_context.cpp:29] DecreaseCounter constructing_actor_cnt, current val is 2485
I1222 14:38:07.512095 82342 thread.cpp:99] Thread 34603008 construct Actor kNormalForward 72567767433226
I1222 14:38:07.512219 82354 naive_actor.cpp:25] actor 72567773724806 switch to &NaiveActor::HandlerNormal
I1222 14:38:07.512248 82342 runtime_context.cpp:29] DecreaseCounter constructing_actor_cnt, current val is 2484
I1222 14:38:07.512256 82354 thread.cpp:99] Thread 34603011 construct Actor kCollectiveBoxingGeneric 72567773724806
I1222 14:38:07.512356 82354 runtime_context.cpp:29] DecreaseCounter constructing_actor_cnt, current val is 2483
I1222 14:38:07.512496 82354 naive_actor.cpp:25] actor 72567773724820 switch to &NaiveActor::HandlerNormal
I1222 14:38:07.512543 82354 thread.cpp:99] Thread 34603011 construct Actor kCollectiveBoxingGeneric 72567773724820
I1222 14:38:07.512586 82354 runtime_context.cpp:29] DecreaseCounter constructing_actor_cnt, current val is 2482
I1222 14:38:07.512709 82354 naive_actor.cpp:25] actor 72567773724833 switch to &NaiveActor::HandlerNormal
I1222 14:38:07.512748 82354 thread.cpp:99] Thread 34603011 construct Actor kCollectiveBoxingGeneric 72567773724833
I1222 14:38:07.512779 82354 runtime_context.cpp:29] DecreaseCounter constructing_actor_cnt, current val is 2481
I1222 14:38:07.512902 82354 naive_actor.cpp:25] actor 72567773724842 switch to &NaiveActor::HandlerNormal
I1222 14:38:07.512941 82354 thread.cpp:99] Thread 34603011 construct Actor kCollectiveBoxingGeneric 72567773724842
I1222 14:38:07.512984 82354 runtime_context.cpp:29] DecreaseCounter constructing_actor_cnt, current val is 2480
I1222 14:38:07.513100 82354 naive_actor.cpp:25] actor 72567773724718 switch to &NaiveActor::HandlerNormal
I1222 14:38:07.513139 82354 thread.cpp:99] Thread 34603011 construct Actor kCollectiveBoxingGeneric 72567773724718
I1222 14:38:07.513168 82354 runtime_context.cpp:29] DecreaseCounter constructing_actor_cnt, current val is 2479
I1222 14:38:07.513301 82354 naive_actor.cpp:25] actor 72567773724851 switch to &NaiveActor::HandlerNormal
I1222 14:38:07.513334 82354 thread.cpp:99] Thread 34603011 construct Actor kCollectiveBoxingGeneric 72567773724851
I1222 14:38:07.513376 82354 runtime_context.cpp:29] DecreaseCounter constructing_actor_cnt, current val is 2478
I1222 14:38:07.513545 82354 naive_actor.cpp:25] actor 72567773724841 switch to &NaiveActor::HandlerNormal
I1222 14:38:07.513715 82342 naive_actor.cpp:25] actor 72567767433222 switch to &NaiveActor::HandlerNormal
I1222 14:38:07.513844 82354 thread.cpp:99] Thread 34603011 construct Actor kCollectiveBoxingGeneric 72567773724841
I1222 14:38:07.513926 82342 thread.cpp:99] Thread 34603008 construct Actor kNormalForward 72567767433222
I1222 14:38:07.513967 82354 runtime_context.cpp:29] DecreaseCounter constructing_actor_cnt, current val is 2477
I1222 14:38:07.514075 82342 runtime_context.cpp:29] DecreaseCounter constructing_actor_cnt, current val is 2476
I1222 14:38:07.514147 82354 naive_actor.cpp:25] actor 72567773724824 switch to &NaiveActor::HandlerNormal
I1222 14:38:07.514183 82354 thread.cpp:99] Thread 34603011 construct Actor kCollectiveBoxingGeneric 72567773724824
I1222 14:38:07.514223 82354 runtime_context.cpp:29] DecreaseCounter constructing_actor_cnt, current val is 2475
I1222 14:38:07.514359 82354 naive_actor.cpp:25] actor 72567773724865 switch to &NaiveActor::HandlerNormal
I1222 14:38:07.514398 82354 thread.cpp:99] Thread 34603011 construct Actor kCollectiveBoxingGeneric 72567773724865
I1222 14:38:07.514436 82354 runtime_context.cpp:29] DecreaseCounter constructing_actor_cnt, current val is 2474
I1222 14:38:07.514564 82354 naive_actor.cpp:25] actor 72567773724709 switch to &NaiveActor::HandlerNormal
I1222 14:38:07.514598 82354 thread.cpp:99] Thread 34603011 construct Actor kCollectiveBoxingGeneric 72567773724709
I1222 14:38:07.514627 82354 runtime_context.cpp:29] DecreaseCounter constructing_actor_cnt, current val is 2473
I1222 14:38:07.514744 82354 naive_actor.cpp:25] actor 72567773724723 switch to &NaiveActor::HandlerNormal
I1222 14:38:07.514783 82354 thread.cpp:99] Thread 34603011 construct Actor kCollectiveBoxingGeneric 72567773724723
I1222 14:38:07.514813 82354 runtime_context.cpp:29] DecreaseCounter constructing_actor_cnt, current val is 2472
I1222 14:38:07.514936 82354 naive_actor.cpp:25] actor 72567773724743 switch to &NaiveActor::HandlerNormal
I1222 14:38:07.514976 82354 thread.cpp:99] Thread 34603011 construct Actor kCollectiveBoxingGeneric 72567773724743
I1222 14:38:07.515018 82354 runtime_context.cpp:29] DecreaseCounter constructing_actor_cnt, current val is 2471
I1222 14:38:07.515148 82354 naive_actor.cpp:25] actor 72567773724692 switch to &NaiveActor::HandlerNormal
I1222 14:38:07.515175 82354 thread.cpp:99] Thread 34603011 construct Actor kCollectiveBoxingGeneric 72567773724692
I1222 14:38:07.515205 82354 runtime_context.cpp:29] DecreaseCounter constructing_actor_cnt, current val is 2470
I1222 14:38:07.515316 82354 naive_actor.cpp:25] actor 72567773724679 switch to &NaiveActor::HandlerNormal
I1222 14:38:07.515350 82354 thread.cpp:99] Thread 34603011 construct Actor kCollectiveBoxingGeneric 72567773724679
I1222 14:38:07.515380 82354 runtime_context.cpp:29] DecreaseCounter constructing_actor_cnt, current val is 2469
I1222 14:38:07.515378 82342 naive_actor.cpp:25] actor 72567767433244 switch to &NaiveActor::HandlerNormal
I1222 14:38:07.515528 82342 thread.cpp:99] Thread 34603008 construct Actor kNormalForward 72567767433244
I1222 14:38:07.515542 82354 naive_actor.cpp:25] actor 72567773724780 switch to &NaiveActor::HandlerNormal
I1222 14:38:07.515628 82354 thread.cpp:99] Thread 34603011 construct Actor kCollectiveBoxingGeneric 72567773724780
I1222 14:38:07.515673 82354 runtime_context.cpp:29] DecreaseCounter constructing_actor_cnt, current val is 2467
I1222 14:38:07.515676 82342 runtime_context.cpp:29] DecreaseCounter constructing_actor_cnt, current val is 2468
I1222 14:38:07.515815 82354 naive_actor.cpp:25] actor 72567773724840 switch to &NaiveActor::HandlerNormal
I1222 14:38:07.515856 82354 thread.cpp:99] Thread 34603011 construct Actor kCollectiveBoxingGeneric 72567773724840
I1222 14:38:07.515914 82354 runtime_context.cpp:29] DecreaseCounter constructing_actor_cnt, current val is 2466
I1222 14:38:07.516045 82354 naive_actor.cpp:25] actor 72567773724738 switch to &NaiveActor::HandlerNormal
I1222 14:38:07.516124 82354 thread.cpp:99] Thread 34603011 construct Actor kCollectiveBoxingGeneric 72567773724738
I1222 14:38:07.516516 82354 runtime_context.cpp:29] DecreaseCounter constructing_actor_cnt, current val is 2465
I1222 14:38:07.516669 82354 naive_actor.cpp:25] actor 72567773724861 switch to &NaiveActor::HandlerNormal
I1222 14:38:07.516702 82354 thread.cpp:99] Thread 34603011 construct Actor kCollectiveBoxingGeneric 72567773724861
I1222 14:38:07.516744 82354 runtime_context.cpp:29] DecreaseCounter constructing_actor_cnt, current val is 2464
I1222 14:38:07.516870 82354 naive_actor.cpp:25] actor 72567773724674 switch to &NaiveActor::HandlerNormal
I1222 14:38:07.516906 82354 thread.cpp:99] Thread 34603011 construct Actor kCollectiveBoxingGeneric 72567773724674
