 Insert buffer op : [System-Pipeline-Buffer-Op_-base_model.m_stage0.encoder.layer.1.output.dropout-dropout_97-mask_0-stage_id_0](buffer_size:4) 
 from [base_model.m_stage0.encoder.layer.1.output.dropout-dropout_97] (stage_id:0) -> [base_model.m_stage0.encoder.layer.1.output.dropout-dropout_97_grad] (stage_id:0) 
I1222 14:48:45.451133 83557 pipeline_buffer_pass.cpp:117] 
 Insert buffer op : [System-Pipeline-Buffer-Op_-base_model.m_stage0.encoder.layer.1.intermediate.intermediate_act_fn-gelu_94-out_0-stage_id_0](buffer_size:4) 
 from [base_model.m_stage0.encoder.layer.1.intermediate.intermediate_act_fn-gelu_94] (stage_id:0) -> [base_model.m_stage0.encoder.layer.1.output.dense-broadcast_matmul_95_b_grad] (stage_id:0) 
I1222 14:48:45.451716 83557 pipeline_buffer_pass.cpp:117] 
 Insert buffer op : [System-Pipeline-Buffer-Op_-base_model.m_stage0.encoder.layer.1.intermediate.dense-broadcast_add_93-z_0-stage_id_0](buffer_size:4) 
 from [base_model.m_stage0.encoder.layer.1.intermediate.dense-broadcast_add_93] (stage_id:0) -> [base_model.m_stage0.encoder.layer.1.intermediate.intermediate_act_fn-gelu_94_grad] (stage_id:0) 
I1222 14:48:45.451783 83557 pipeline_buffer_pass.cpp:117] 
 Insert buffer op : [System-Pipeline-Buffer-Op_-base_model.m_stage0.encoder.layer.1.attention.output.LayerNorm-layer_norm_91-y_0-stage_id_0](buffer_size:4) 
 from [base_model.m_stage0.encoder.layer.1.attention.output.LayerNorm-layer_norm_91] (stage_id:0) -> [base_model.m_stage0.encoder.layer.1.intermediate.dense-broadcast_matmul_92_b_grad] (stage_id:0) 
I1222 14:48:45.451844 83557 pipeline_buffer_pass.cpp:117] 
 Insert buffer op : [System-Pipeline-Buffer-Op_-base_model.m_stage0.encoder.layer.1.attention.output.LayerNorm-layer_norm_91-normalized_0-stage_id_0](buffer_size:4) 
 from [base_model.m_stage0.encoder.layer.1.attention.output.LayerNorm-layer_norm_91] (stage_id:0) -> [base_model.m_stage0.encoder.layer.1.attention.output.LayerNorm-layer_norm_91_param_grad] (stage_id:0) 
I1222 14:48:45.451905 83557 pipeline_buffer_pass.cpp:117] 
 Insert buffer op : [System-Pipeline-Buffer-Op_-base_model.m_stage0.encoder.layer.1.attention.output-add_n_90-out_0-stage_id_0](buffer_size:4) 
 from [base_model.m_stage0.encoder.layer.1.attention.output-add_n_90] (stage_id:0) -> [base_model.m_stage0.encoder.layer.1.attention.output.LayerNorm-layer_norm_91_grad] (stage_id:0) 
I1222 14:48:45.451961 83557 pipeline_buffer_pass.cpp:117] 
 Insert buffer op : [System-Pipeline-Buffer-Op_-base_model.m_stage0.encoder.layer.1.attention.output.LayerNorm-layer_norm_91-mean_0-stage_id_0](buffer_size:4) 
 from [base_model.m_stage0.encoder.layer.1.attention.output.LayerNorm-layer_norm_91] (stage_id:0) -> [base_model.m_stage0.encoder.layer.1.attention.output.LayerNorm-layer_norm_91_grad] (stage_id:0) 
I1222 14:48:45.452010 83557 pipeline_buffer_pass.cpp:117] 
 Insert buffer op : [System-Pipeline-Buffer-Op_-base_model.m_stage0.encoder.layer.1.attention.output.LayerNorm-layer_norm_91-inv_variance_0-stage_id_0](buffer_size:4) 
 from [base_model.m_stage0.encoder.layer.1.attention.output.LayerNorm-layer_norm_91] (stage_id:0) -> [base_model.m_stage0.encoder.layer.1.attention.output.LayerNorm-layer_norm_91_grad] (stage_id:0) 
I1222 14:48:45.452067 83557 pipeline_buffer_pass.cpp:117] 
 Insert buffer op : [System-Pipeline-Buffer-Op_-base_model.m_stage0.encoder.layer.1.attention.output.dropout-dropout_89-mask_0-stage_id_0](buffer_size:4) 
 from [base_model.m_stage0.encoder.layer.1.attention.output.dropout-dropout_89] (stage_id:0) -> [base_model.m_stage0.encoder.layer.1.attention.output.dropout-dropout_89_grad] (stage_id:0) 
I1222 14:48:45.452131 83557 pipeline_buffer_pass.cpp:117] 
 Insert buffer op : [System-Pipeline-Buffer-Op_-base_model.m_stage0.encoder.layer.1.attention.self-reshape_86-out_0-stage_id_0](buffer_size:4) 
 from [base_model.m_stage0.encoder.layer.1.attention.self-reshape_86] (stage_id:0) -> [base_model.m_stage0.encoder.layer.1.attention.output.dense-broadcast_matmul_87_b_grad] (stage_id:0) 
I1222 14:48:45.452193 83557 pipeline_buffer_pass.cpp:117] 
 Insert buffer op : [System-Pipeline-Buffer-Op_-base_model.m_stage0.encoder.layer.1.attention.self-transpose_77-output_0-stage_id_0](buffer_size:4) 
 from [base_model.m_stage0.encoder.layer.1.attention.self-transpose_77] (stage_id:0) -> [base_model.m_stage0.encoder.layer.1.attention.self-batch_matmul_84_grad_a] (stage_id:0) 
I1222 14:48:45.452278 83557 pipeline_buffer_pass.cpp:117] 
 Insert buffer op : [System-Pipeline-Buffer-Op_-base_model.m_stage0.encoder.layer.1.attention.self.dropout-dropout_83-out_0-stage_id_0](buffer_size:4) 
 from [base_model.m_stage0.encoder.layer.1.attention.self.dropout-dropout_83] (stage_id:0) -> [base_model.m_stage0.encoder.layer.1.attention.self-batch_matmul_84_grad_b] (stage_id:0) 
I1222 14:48:45.452785 83557 pipeline_buffer_pass.cpp:117] 
 Insert buffer op : [System-Pipeline-Buffer-Op_-base_model.m_stage0.encoder.layer.1.attention.self.dropout-dropout_83-mask_0-stage_id_0](buffer_size:4) 
 from [base_model.m_stage0.encoder.layer.1.attention.self.dropout-dropout_83] (stage_id:0) -> [base_model.m_stage0.encoder.layer.1.attention.self.dropout-dropout_83_grad] (stage_id:0) 
I1222 14:48:45.452844 83557 pipeline_buffer_pass.cpp:117] 
 Insert buffer op : [System-Pipeline-Buffer-Op_-base_model.m_stage0.encoder.layer.1.attention.self-softmax_82-out_0-stage_id_0](buffer_size:4) 
 from [base_model.m_stage0.encoder.layer.1.attention.self-softmax_82] (stage_id:0) -> [base_model.m_stage0.encoder.layer.1.attention.self-softmax_82_grad] (stage_id:0) 
I1222 14:48:45.452909 83557 pipeline_buffer_pass.cpp:117] 
 Insert buffer op : [System-Pipeline-Buffer-Op_-base_model.m_stage0.encoder.layer.0.output.LayerNorm-layer_norm_65-y_0-stage_id_0](buffer_size:4) 
 from [base_model.m_stage0.encoder.layer.0.output.LayerNorm-layer_norm_65] (stage_id:0) -> [base_model.m_stage0.encoder.layer.1.attention.self.value-broadcast_matmul_74_b_grad] (stage_id:0) 
I1222 14:48:45.452966 83557 pipeline_buffer_pass.cpp:117] 
 Insert buffer op : [System-Pipeline-Buffer-Op_-base_model.m_stage0.encoder.layer.1.attention.self-transpose_78-output_0-stage_id_0](buffer_size:4) 
 from [base_model.m_stage0.encoder.layer.1.attention.self-transpose_78] (stage_id:0) -> [base_model.m_stage0.encoder.layer.1.attention.self-batch_matmul_79_grad_a] (stage_id:0) 
I1222 14:48:45.453022 83557 pipeline_buffer_pass.cpp:117] 
 Insert buffer op : [System-Pipeline-Buffer-Op_-base_model.m_stage0.encoder.layer.1.attention.self-transpose_69-output_0-stage_id_0](buffer_size:4) 
 from [base_model.m_stage0.encoder.layer.1.attention.self-transpose_69] (stage_id:0) -> [base_model.m_stage0.encoder.layer.1.attention.self-batch_matmul_79_grad_b] (stage_id:0) 
I1222 14:48:45.453128 83557 pipeline_buffer_pass.cpp:117] 
 Insert buffer op : [System-Pipeline-Buffer-Op_-base_model.m_stage0.encoder.layer.0.output.LayerNorm-layer_norm_65-normalized_0-stage_id_0](buffer_size:4) 
 from [base_model.m_stage0.encoder.layer.0.output.LayerNorm-layer_norm_65] (stage_id:0) -> [base_model.m_stage0.encoder.layer.0.output.LayerNorm-layer_norm_65_param_grad] (stage_id:0) 
I1222 14:48:45.453188 83557 pipeline_buffer_pass.cpp:117] 
 Insert buffer op : [System-Pipeline-Buffer-Op_-base_model.m_stage0.encoder.layer.0.output-add_n_64-out_0-stage_id_0](buffer_size:4) 
 from [base_model.m_stage0.encoder.layer.0.output-add_n_64] (stage_id:0) -> [base_model.m_stage0.encoder.layer.0.output.LayerNorm-layer_norm_65_grad] (stage_id:0) 
I1222 14:48:45.453245 83557 pipeline_buffer_pass.cpp:117] 
 Insert buffer op : [System-Pipeline-Buffer-Op_-base_model.m_stage0.encoder.layer.0.output.LayerNorm-layer_norm_65-mean_0-stage_id_0](buffer_size:4) 
 from [base_model.m_stage0.encoder.layer.0.output.LayerNorm-layer_norm_65] (stage_id:0) -> [base_model.m_stage0.encoder.layer.0.output.LayerNorm-layer_norm_65_grad] (stage_id:0) 
I1222 14:48:45.453295 83557 pipeline_buffer_pass.cpp:117] 
 Insert buffer op : [System-Pipeline-Buffer-Op_-base_model.m_stage0.encoder.layer.0.output.LayerNorm-layer_norm_65-inv_variance_0-stage_id_0](buffer_size:4) 
 from [base_model.m_stage0.encoder.layer.0.output.LayerNorm-layer_norm_65] (stage_id:0) -> [base_model.m_stage0.encoder.layer.0.output.LayerNorm-layer_norm_65_grad] (stage_id:0) 
I1222 14:48:45.453353 83557 pipeline_buffer_pass.cpp:117] 
 Insert buffer op : [System-Pipeline-Buffer-Op_-base_model.m_stage0.encoder.layer.0.output.dropout-dropout_63-mask_0-stage_id_0](buffer_size:4) 
 from [base_model.m_stage0.encoder.layer.0.output.dropout-dropout_63] (stage_id:0) -> [base_model.m_stage0.encoder.layer.0.output.dropout-dropout_63_grad] (stage_id:0) 
I1222 14:48:45.453444 83557 pipeline_buffer_pass.cpp:117] 
 Insert buffer op : [System-Pipeline-Buffer-Op_-base_model.m_stage0.encoder.layer.0.intermediate.intermediate_act_fn-gelu_60-out_0-stage_id_0](buffer_size:4) 
 from [base_model.m_stage0.encoder.layer.0.intermediate.intermediate_act_fn-gelu_60] (stage_id:0) -> [base_model.m_stage0.encoder.layer.0.output.dense-broadcast_matmul_61_b_grad] (stage_id:0) 
I1222 14:48:45.453958 83557 pipeline_buffer_pass.cpp:117] 
 Insert buffer op : [System-Pipeline-Buffer-Op_-base_model.m_stage0.encoder.layer.0.intermediate.dense-broadcast_add_59-z_0-stage_id_0](buffer_size:4) 
 from [base_model.m_stage0.encoder.layer.0.intermediate.dense-broadcast_add_59] (stage_id:0) -> [base_model.m_stage0.encoder.layer.0.intermediate.intermediate_act_fn-gelu_60_grad] (stage_id:0) 
I1222 14:48:45.454022 83557 pipeline_buffer_pass.cpp:117] 
 Insert buffer op : [System-Pipeline-Buffer-Op_-base_model.m_stage0.encoder.layer.0.attention.output.LayerNorm-layer_norm_57-y_0-stage_id_0](buffer_size:4) 
 from [base_model.m_stage0.encoder.layer.0.attention.output.LayerNorm-layer_norm_57] (stage_id:0) -> [base_model.m_stage0.encoder.layer.0.intermediate.dense-broadcast_matmul_58_b_grad] (stage_id:0) 
I1222 14:48:45.454082 83557 pipeline_buffer_pass.cpp:117] 
 Insert buffer op : [System-Pipeline-Buffer-Op_-base_model.m_stage0.encoder.layer.0.attention.output.LayerNorm-layer_norm_57-normalized_0-stage_id_0](buffer_size:4) 
 from [base_model.m_stage0.encoder.layer.0.attention.output.LayerNorm-layer_norm_57] (stage_id:0) -> [base_model.m_stage0.encoder.layer.0.attention.output.LayerNorm-layer_norm_57_param_grad] (stage_id:0) 
I1222 14:48:45.454141 83557 pipeline_buffer_pass.cpp:117] 
 Insert buffer op : [System-Pipeline-Buffer-Op_-base_model.m_stage0.encoder.layer.0.attention.output.LayerNorm-layer_norm_57-mean_0-stage_id_0](buffer_size:4) 
 from [base_model.m_stage0.encoder.layer.0.attention.output.LayerNorm-layer_norm_57] (stage_id:0) -> [base_model.m_stage0.encoder.layer.0.attention.output.LayerNorm-layer_norm_57_grad] (stage_id:0) 
I1222 14:48:45.454196 83557 pipeline_buffer_pass.cpp:117] 
 Insert buffer op : [System-Pipeline-Buffer-Op_-base_model.m_stage0.encoder.layer.0.attention.output.LayerNorm-layer_norm_57-inv_variance_0-stage_id_0](buffer_size:4) 
 from [base_model.m_stage0.encoder.layer.0.attention.output.LayerNorm-layer_norm_57] (stage_id:0) -> [base_model.m_stage0.encoder.layer.0.attention.output.LayerNorm-layer_norm_57_grad] (stage_id:0) 
I1222 14:48:45.454247 83557 pipeline_buffer_pass.cpp:117] 
 Insert buffer op : [System-Pipeline-Buffer-Op_-base_model.m_stage0.encoder.layer.0.attention.output-add_n_56-out_0-stage_id_0](buffer_size:4) 
 from [base_model.m_stage0.encoder.layer.0.attention.output-add_n_56] (stage_id:0) -> [base_model.m_stage0.encoder.layer.0.attention.output.LayerNorm-layer_norm_57_grad] (stage_id:0) 
I1222 14:48:45.454303 83557 pipeline_buffer_pass.cpp:117] 
 Insert buffer op : [System-Pipeline-Buffer-Op_-base_model.m_stage0.encoder.layer.0.attention.output.dropout-dropout_55-mask_0-stage_id_0](buffer_size:4) 
 from [base_model.m_stage0.encoder.layer.0.attention.output.dropout-dropout_55] (stage_id:0) -> [base_model.m_stage0.encoder.layer.0.attention.output.dropout-dropout_55_grad] (stage_id:0) 
I1222 14:48:45.454365 83557 pipeline_buffer_pass.cpp:117] 
 Insert buffer op : [System-Pipeline-Buffer-Op_-base_model.m_stage0.encoder.layer.0.attention.self-reshape_52-out_0-stage_id_0](buffer_size:4) 
 from [base_model.m_stage0.encoder.layer.0.attention.self-reshape_52] (stage_id:0) -> [base_model.m_stage0.encoder.layer.0.attention.output.dense-broadcast_matmul_53_b_grad] (stage_id:0) 
I1222 14:48:45.454427 83557 pipeline_buffer_pass.cpp:117] 
 Insert buffer op : [System-Pipeline-Buffer-Op_-base_model.m_stage0.encoder.layer.0.attention.self-transpose_43-output_0-stage_id_0](buffer_size:4) 
 from [base_model.m_stage0.encoder.layer.0.attention.self-transpose_43] (stage_id:0) -> [base_model.m_stage0.encoder.layer.0.attention.self-batch_matmul_50_grad_a] (stage_id:0) 
I1222 14:48:45.454535 83557 pipeline_buffer_pass.cpp:117] 
 Insert buffer op : [System-Pipeline-Buffer-Op_-base_model.m_stage0.encoder.layer.0.attention.self.dropout-dropout_49-out_0-stage_id_0](buffer_size:4) 
 from [base_model.m_stage0.encoder.layer.0.attention.self.dropout-dropout_49] (stage_id:0) -> [base_model.m_stage0.encoder.layer.0.attention.self-batch_matmul_50_grad_b] (stage_id:0) 
I1222 14:48:45.455031 83557 pipeline_buffer_pass.cpp:117] 
 Insert buffer op : [System-Pipeline-Buffer-Op_-base_model.m_stage0.encoder.layer.0.attention.self.dropout-dropout_49-mask_0-stage_id_0](buffer_size:4) 
 from [base_model.m_stage0.encoder.layer.0.attention.self.dropout-dropout_49] (stage_id:0) -> [base_model.m_stage0.encoder.layer.0.attention.self.dropout-dropout_49_grad] (stage_id:0) 
I1222 14:48:45.455092 83557 pipeline_buffer_pass.cpp:117] 
 Insert buffer op : [System-Pipeline-Buffer-Op_-base_model.m_stage0.encoder.layer.0.attention.self-softmax_48-out_0-stage_id_0](buffer_size:4) 
 from [base_model.m_stage0.encoder.layer.0.attention.self-softmax_48] (stage_id:0) -> [base_model.m_stage0.encoder.layer.0.attention.self-softmax_48_grad] (stage_id:0) 
I1222 14:48:45.455157 83557 pipeline_buffer_pass.cpp:117] 
 Insert buffer op : [System-Pipeline-Buffer-Op_-base_model.m_stage0.embeddings.dropout-dropout_25-out_0-stage_id_0](buffer_size:4) 
 from [base_model.m_stage0.embeddings.dropout-dropout_25] (stage_id:0) -> [base_model.m_stage0.encoder.layer.0.attention.self.value-broadcast_matmul_40_b_grad] (stage_id:0) 
I1222 14:48:45.455216 83557 pipeline_buffer_pass.cpp:117] 
 Insert buffer op : [System-Pipeline-Buffer-Op_-base_model.m_stage0.encoder.layer.0.attention.self-transpose_44-output_0-stage_id_0](buffer_size:4) 
 from [base_model.m_stage0.encoder.layer.0.attention.self-transpose_44] (stage_id:0) -> [base_model.m_stage0.encoder.layer.0.attention.self-batch_matmul_45_grad_a] (stage_id:0) 
I1222 14:48:45.455271 83557 pipeline_buffer_pass.cpp:117] 
 Insert buffer op : [System-Pipeline-Buffer-Op_-base_model.m_stage0.encoder.layer.0.attention.self-transpose_35-output_0-stage_id_0](buffer_size:4) 
 from [base_model.m_stage0.encoder.layer.0.attention.self-transpose_35] (stage_id:0) -> [base_model.m_stage0.encoder.layer.0.attention.self-batch_matmul_45_grad_b] (stage_id:0) 
I1222 14:48:45.455376 83557 pipeline_buffer_pass.cpp:117] 
 Insert buffer op : [System-Pipeline-Buffer-Op_-base_model.m_stage0.embeddings.dropout-dropout_25-mask_0-stage_id_0](buffer_size:4) 
 from [base_model.m_stage0.embeddings.dropout-dropout_25] (stage_id:0) -> [base_model.m_stage0.embeddings.dropout-dropout_25_grad] (stage_id:0) 
I1222 14:48:45.455436 83557 pipeline_buffer_pass.cpp:117] 
 Insert buffer op : [System-Pipeline-Buffer-Op_-base_model.m_stage0.embeddings.LayerNorm-layer_norm_24-normalized_0-stage_id_0](buffer_size:4) 
 from [base_model.m_stage0.embeddings.LayerNorm-layer_norm_24] (stage_id:0) -> [base_model.m_stage0.embeddings.LayerNorm-layer_norm_24_param_grad] (stage_id:0) 
I1222 14:48:45.455500 83557 pipeline_buffer_pass.cpp:117] 
 Insert buffer op : [System-Pipeline-Buffer-Op_-base_model.m_stage0.embeddings-broadcast_add_23-z_0-stage_id_0](buffer_size:4) 
 from [base_model.m_stage0.embeddings-broadcast_add_23] (stage_id:0) -> [base_model.m_stage0.embeddings.LayerNorm-layer_norm_24_grad] (stage_id:0) 
I1222 14:48:45.455565 83557 pipeline_buffer_pass.cpp:117] 
 Insert buffer op : [System-Pipeline-Buffer-Op_-base_model.m_stage0.embeddings.LayerNorm-layer_norm_24-mean_0-stage_id_0](buffer_size:4) 
 from [base_model.m_stage0.embeddings.LayerNorm-layer_norm_24] (stage_id:0) -> [base_model.m_stage0.embeddings.LayerNorm-layer_norm_24_grad] (stage_id:0) 
I1222 14:48:45.455616 83557 pipeline_buffer_pass.cpp:117] 
 Insert buffer op : [System-Pipeline-Buffer-Op_-base_model.m_stage0.embeddings.LayerNorm-layer_norm_24-inv_variance_0-stage_id_0](buffer_size:4) 
 from [base_model.m_stage0.embeddings.LayerNorm-layer_norm_24] (stage_id:0) -> [base_model.m_stage0.embeddings.LayerNorm-layer_norm_24_grad] (stage_id:0) 
I1222 14:48:45.455721 83557 pipeline_buffer_pass.cpp:117] 
 Insert buffer op : [System-Pipeline-Buffer-Op_-base_model.m_stage0.embeddings.position_embeddings-gather_20-out_0-stage_id_0](buffer_size:4) 
 from [base_model.m_stage0.embeddings.position_embeddings-gather_20] (stage_id:0) -> [base_model.m_stage0.embeddings-broadcast_add_23_y_grad_reduce_sum_like] (stage_id:0) 
I1222 14:48:45.456239 83557 pipeline_buffer_pass.cpp:117] 
 Insert buffer op : [System-Pipeline-Buffer-Op_-base_model.m_stage0.embeddings-slice_19-y_0-stage_id_0](buffer_size:4) 
 from [base_model.m_stage0.embeddings-slice_19] (stage_id:0) -> [base_model.m_stage0.embeddings.position_embeddings-gather_20_grad] (stage_id:0) 
I1222 14:48:45.456302 83557 pipeline_buffer_pass.cpp:117] 
 Insert buffer op : [System-Pipeline-Buffer-Op_-base_model-identity_15-out_0-stage_id_0](buffer_size:4) 
 from [base_model-identity_15] (stage_id:0) -> [base_model.m_stage0.embeddings.word_embeddings-gather_18_grad] (stage_id:0) 
I1222 14:48:45.456365 83557 pipeline_buffer_pass.cpp:117] 
 Insert buffer op : [System-Pipeline-Buffer-Op_-base_model-identity_16-out_0-stage_id_0](buffer_size:4) 
 from [base_model-identity_16] (stage_id:0) -> [base_model.m_stage0.embeddings.token_type_embeddings-gather_21_grad] (stage_id:0) 
I1222 14:48:45.457123 83557 pipeline_buffer_pass.cpp:117] 
 Insert buffer op : [System-Pipeline-Buffer-Op_-_train_data_loader-hierarchical_parallel_cast_8-out_0-stage_id_0](buffer_size:4) 
 from [_train_data_loader-hierarchical_parallel_cast_8] (stage_id:0) -> [base_model-identity_15] (stage_id:0) 
I1222 14:48:45.457196 83557 pipeline_buffer_pass.cpp:117] 
 Insert buffer op : [System-Pipeline-Buffer-Op_-_train_data_loader-hierarchical_parallel_cast_11-out_0-stage_id_0](buffer_size:4) 
 from [_train_data_loader-hierarchical_parallel_cast_11] (stage_id:0) -> [base_model-identity_16] (stage_id:0) 
I1222 14:48:45.457254 83557 pipeline_buffer_pass.cpp:117] 
 Insert buffer op : [System-Pipeline-Buffer-Op_-_train_data_loader-hierarchical_parallel_cast_10-out_0-stage_id_0](buffer_size:4) 
 from [_train_data_loader-hierarchical_parallel_cast_10] (stage_id:0) -> [base_model-identity_17] (stage_id:0) 
I1222 14:48:45.457885 83557 pipeline_buffer_pass.cpp:212] 
 Insert buffer op pair : src_buffer = <System-Pipeline-Buffer-Op_-base_model-identity_440-out_0>(buffer_size:1) , dst_buffer = <System-Pipeline-Buffer-Op_-base_model-identity_440-out_0-stage_id_1>(buffer_size:1) 
 from [base_model-identity_440] (stage_id:0) -> [base_model-identity_441] (stage_id:1) 
I1222 14:48:45.457950 83557 pipeline_buffer_pass.cpp:117] 
 Insert buffer op : [System-Pipeline-Buffer-Op_-_train_data_loader-hierarchical_parallel_cast_10-out_0-stage_id_1](buffer_size:4) 
 from [_train_data_loader-hierarchical_parallel_cast_10] (stage_id:0) -> [base_model-identity_442] (stage_id:1) 
I1222 14:48:45.458521 83557 pipeline_buffer_pass.cpp:117] 
 Insert buffer op : [System-Pipeline-Buffer-Op_-_train_data_loader-hierarchical_parallel_cast_9-out_0-stage_id_1](buffer_size:4) 
 from [_train_data_loader-hierarchical_parallel_cast_9] (stage_id:0) -> [reshape_872] (stage_id:1) 
I1222 14:48:45.458592 83557 pipeline_buffer_pass.cpp:117] 
 Insert buffer op : [System-Pipeline-Buffer-Op_-_train_data_loader-hierarchical_parallel_cast_13-out_0-stage_id_1](buffer_size:4) 
 from [_train_data_loader-hierarchical_parallel_cast_13] (stage_id:0) -> [expand_dims_880] (stage_id:1) 
I1222 14:48:45.458652 83557 pipeline_buffer_pass.cpp:117] 
 Insert buffer op : [System-Pipeline-Buffer-Op_-_train_data_loader-hierarchical_parallel_cast_12-out_0-stage_id_1](buffer_size:4) 
 from [_train_data_loader-hierarchical_parallel_cast_12] (stage_id:0) -> [reshape_884] (stage_id:1) 
I1222 14:48:45.458712 83557 pipeline_buffer_pass.cpp:117] 
 Insert buffer op : [System-Pipeline-Buffer-Op_-_train_data_loader-hierarchical_parallel_cast_14-out_0-stage_id_1](buffer_size:4) 
 from [_train_data_loader-hierarchical_parallel_cast_14] (stage_id:0) -> [multiply_891] (stage_id:1) 
I1222 14:48:45.460067 83557 pipeline_buffer_pass.cpp:212] 
 Insert buffer op pair : src_buffer = <System-Pipeline-Buffer-Op_-base_model-identity_441_grad-out_0>(buffer_size:1) , dst_buffer = <System-Pipeline-Buffer-Op_-base_model-identity_441_grad-out_0-stage_id_0>(buffer_size:1) 
 from [base_model-identity_441_grad] (stage_id:1) -> [base_model-identity_440_grad] (stage_id:0) 
I1222 14:48:46.773051 83557 global.h:43] DeleteGlobal N7oneflow7JobDescE
I1222 14:48:48.083305 83557 global.h:36] NewGlobal N7oneflow7JobDescE
I1222 14:49:04.935235 83557 runtime_context.cpp:21] NewCounter constructing_actor_cnt 3151
I1222 14:49:04.936414 83879 wait_and_send_ids_actor.cpp:53] actor 71468392120320 switch to &WaitAndSendIdsActor::HandlerWaitToStart
I1222 14:49:04.936585 83869 naive_actor.cpp:25] actor 72567767436072 switch to &NaiveActor::HandlerNormal
I1222 14:49:04.936748 83879 thread.cpp:99] Thread 34078785 construct Actor kWaitAndSendIds 71468392120320
I1222 14:49:04.937228 83869 thread.cpp:99] Thread 34603008 construct Actor kDeviceTick 72567767436072
I1222 14:49:04.937404 83879 runtime_context.cpp:29] DecreaseCounter constructing_actor_cnt, current val is 3150
I1222 14:49:04.937418 83869 runtime_context.cpp:29] DecreaseCounter constructing_actor_cnt, current val is 3149
I1222 14:49:04.937738 83869 naive_actor.cpp:25] actor 72567767436081 switch to &NaiveActor::HandlerNormal
I1222 14:49:04.937785 83869 thread.cpp:99] Thread 34603008 construct Actor kDeviceTick 72567767436081
I1222 14:49:04.937839 83869 runtime_context.cpp:29] DecreaseCounter constructing_actor_cnt, current val is 3148
I1222 14:49:04.938060 83869 naive_actor.cpp:25] actor 72567767436079 switch to &NaiveActor::HandlerNormal
I1222 14:49:04.938107 83869 thread.cpp:99] Thread 34603008 construct Actor kDeviceTick 72567767436079
I1222 14:49:04.938154 83869 runtime_context.cpp:29] DecreaseCounter constructing_actor_cnt, current val is 3147
I1222 14:49:04.938757 83869 naive_actor.cpp:25] actor 72567767436075 switch to &NaiveActor::HandlerNormal
I1222 14:49:04.938810 83869 thread.cpp:99] Thread 34603008 construct Actor kDeviceTick 72567767436075
I1222 14:49:04.938877 83869 runtime_context.cpp:29] DecreaseCounter constructing_actor_cnt, current val is 3146
I1222 14:49:04.939088 83869 naive_actor.cpp:25] actor 72567767436077 switch to &NaiveActor::HandlerNormal
I1222 14:49:04.939137 83869 thread.cpp:99] Thread 34603008 construct Actor kDeviceTick 72567767436077
I1222 14:49:04.939194 83869 runtime_context.cpp:29] DecreaseCounter constructing_actor_cnt, current val is 3145
I1222 14:49:05.018018 83869 naive_actor.cpp:25] actor 72567767433228 switch to &NaiveActor::HandlerNormal
I1222 14:49:05.018060 83865 naive_actor.cpp:25] actor 71468264194048 switch to &NaiveActor::HandlerNormal
I1222 14:49:05.018117 83869 thread.cpp:99] Thread 34603008 construct Actor kNormalForward 72567767433228
I1222 14:49:05.018276 83867 naive_actor.cpp:25] actor 71468262096896 switch to &NaiveActor::HandlerNormal
I1222 14:49:05.018321 83865 thread.cpp:99] Thread 34078724 construct Actor kNormalForward 71468264194048
I1222 14:49:05.018332 83862 naive_actor.cpp:25] actor 71468255805440 switch to &NaiveActor::HandlerNormal
I1222 14:49:05.018332 83861 naive_actor.cpp:25] actor 71468266291200 switch to &NaiveActor::HandlerNormal
I1222 14:49:05.018355 83866 naive_actor.cpp:25] actor 71468257902592 switch to &NaiveActor::HandlerNormal
I1222 14:49:05.018492 83867 thread.cpp:99] Thread 34078723 construct Actor kNormalForward 71468262096896
I1222 14:49:05.018955 83871 naive_actor.cpp:25] actor 71468390023169 switch to &NaiveActor::HandlerNormal
I1222 14:49:05.018671 83862 thread.cpp:99] Thread 34078720 construct Actor kNormalForward 71468255805440
I1222 14:49:05.019114 83862 runtime_context.cpp:29] DecreaseCounter constructing_actor_cnt, current val is 3141
I1222 14:49:05.018733 83861 thread.cpp:99] Thread 34078725 construct Actor kNormalForward 71468266291200
I1222 14:49:05.018815 83873 naive_actor.cpp:25] actor 72567773724696 switch to &NaiveActor::HandlerNormal
I1222 14:49:05.018821 83878 naive_actor.cpp:25] actor 72567769530380 switch to &NaiveActor::HandlerNormal
I1222 14:49:05.018823 83870 copy_comm_net_actor.cpp:66] actor 71468400508930 switch to &CopyCommNetActor::HandlerNormal
I1222 14:49:05.018821 83864 naive_actor.cpp:25] actor 71468268388352 switch to &NaiveActor::HandlerNormal
I1222 14:49:05.018851 83865 runtime_context.cpp:29] DecreaseCounter constructing_actor_cnt, current val is 3143
I1222 14:49:05.018865 83866 thread.cpp:99] Thread 34078721 construct Actor kNormalForward 71468257902592
I1222 14:49:05.018879 83881 naive_actor.cpp:25] actor 72567771627520 switch to &NaiveActor::HandlerNormal
I1222 14:49:05.018626 83863 naive_actor.cpp:25] actor 71468259999744 switch to &NaiveActor::HandlerNormal
I1222 14:49:05.019013 83871 thread.cpp:99] Thread 34078784 construct Actor kTick 71468390023169
I1222 14:49:05.019039 83867 runtime_context.cpp:29] DecreaseCounter constructing_actor_cnt, current val is 3142
I1222 14:49:05.018693 83869 runtime_context.cpp:29] DecreaseCounter constructing_actor_cnt, current val is 3144
I1222 14:49:05.019258 83874 naive_actor.cpp:25] actor 71468270485504 switch to &NaiveActor::HandlerNormal
I1222 14:49:05.019279 83883 sink_actor.cpp:21] actor 71468394217472 switch to &SinkActor::HandlerNormal
I1222 14:49:05.019299 83861 runtime_context.cpp:29] DecreaseCounter constructing_actor_cnt, current val is 3140
I1222 14:49:05.019320 83876 naive_actor.cpp:25] actor 71468272582656 switch to &NaiveActor::HandlerNormal
I1222 14:49:05.019367 83873 thread.cpp:99] Thread 34603011 construct Actor kCollectiveBoxingGeneric 72567773724696
I1222 14:49:05.019452 83875 naive_actor.cpp:25] actor 71468398411776 switch to &NaiveActor::HandlerNormal
I1222 14:49:05.019474 83882 naive_actor.cpp:25] actor 71468396314624 switch to &NaiveActor::HandlerNormal
I1222 14:49:05.019925 83878 thread.cpp:99] Thread 34603009 construct Actor kCopyHd 72567769530380
I1222 14:49:05.019971 83870 thread.cpp:99] Thread 34078789 construct Actor kCopyCommNet 71468400508930
I1222 14:49:05.020046 83864 thread.cpp:99] Thread 34078726 construct Actor kNormalForward 71468268388352
I1222 14:49:05.020146 83866 runtime_context.cpp:29] DecreaseCounter constructing_actor_cnt, current val is 3139
I1222 14:49:05.020155 83881 thread.cpp:99] Thread 34603010 construct Actor kCopyHd 72567771627520
I1222 14:49:05.020231 83863 thread.cpp:99] Thread 34078722 construct Actor kNormalForward 71468259999744
I1222 14:49:05.020280 83871 runtime_context.cpp:29] DecreaseCounter constructing_actor_cnt, current val is 3138
I1222 14:49:05.020831 83863 runtime_context.cpp:29] DecreaseCounter constructing_actor_cnt, current val is 3132
I1222 14:49:05.020421 83883 thread.cpp:99] Thread 34078786 construct Actor kCallbackNotify 71468394217472
I1222 14:49:05.020498 83876 thread.cpp:99] Thread 34078728 construct Actor kNormalForward 71468272582656
I1222 14:49:05.020934 83883 runtime_context.cpp:29] DecreaseCounter constructing_actor_cnt, current val is 3131
I1222 14:49:05.020551 83869 naive_actor.cpp:25] actor 72567767433260 switch to &NaiveActor::HandlerNormal
I1222 14:49:05.020598 83875 thread.cpp:99] Thread 34078788 construct Actor kCriticalSectionWaitTick 71468398411776
I1222 14:49:05.020639 83882 thread.cpp:99] Thread 34078787 construct Actor kCriticalSectionWaitTick 71468396314624
I1222 14:49:05.020695 83878 runtime_context.cpp:29] DecreaseCounter constructing_actor_cnt, current val is 3136
I1222 14:49:05.021174 83882 runtime_context.cpp:29] DecreaseCounter constructing_actor_cnt, current val is 3128
I1222 14:49:05.020787 83864 runtime_context.cpp:29] DecreaseCounter constructing_actor_cnt, current val is 3134
I1222 14:49:05.020792 83881 runtime_context.cpp:29] DecreaseCounter constructing_actor_cnt, current val is 3133
I1222 14:49:05.020352 83874 thread.cpp:99] Thread 34078727 construct Actor kNormalForward 71468270485504
I1222 14:49:05.020542 83873 runtime_context.cpp:29] DecreaseCounter constructing_actor_cnt, current val is 3137
I1222 14:49:05.020977 83876 runtime_context.cpp:29] DecreaseCounter constructing_actor_cnt, current val is 3130
I1222 14:49:05.021034 83869 thread.cpp:99] Thread 34603008 construct Actor kNormalForward 72567767433260
I1222 14:49:05.021133 83875 runtime_context.cpp:29] DecreaseCounter constructing_actor_cnt, current val is 3129
I1222 14:49:05.020707 83870 runtime_context.cpp:29] DecreaseCounter constructing_actor_cnt, current val is 3135
I1222 14:49:05.021230 83871 naive_actor.cpp:25] actor 71468390023170 switch to &NaiveActor::HandlerNormal
I1222 14:49:05.021347 83878 naive_actor.cpp:25] actor 72567769530368 switch to &NaiveActor::HandlerNormal
I1222 14:49:05.021420 83874 runtime_context.cpp:29] DecreaseCounter constructing_actor_cnt, current val is 3127
I1222 14:49:05.022405 83870 copy_comm_net_actor.cpp:66] actor 71468400508928 switch to &CopyCommNetActor::HandlerNormal
I1222 14:49:05.022434 83870 thread.cpp:99] Thread 34078789 construct Actor kCopyCommNet 71468400508928
I1222 14:49:05.022243 83869 runtime_context.cpp:29] DecreaseCounter constructing_actor_cnt, current val is 3126
I1222 14:49:05.022330 83871 thread.cpp:99] Thread 34078784 construct Actor kDstSubsetTick 71468390023170
I1222 14:49:05.022382 83878 thread.cpp:99] Thread 34603009 construct Actor kCopyHd 72567769530368
I1222 14:49:05.021550 83873 naive_actor.cpp:25] actor 72567773724747 switch to &NaiveActor::HandlerNormal
I1222 14:49:05.022583 83873 thread.cpp:99] Thread 34603011 construct Actor kCollectiveBoxingGeneric 72567773724747
I1222 14:49:05.022464 83870 runtime_context.cpp:29] DecreaseCounter constructing_actor_cnt, current val is 3125
I1222 14:49:05.022549 83871 runtime_context.cpp:29] DecreaseCounter constructing_actor_cnt, current val is 3124
I1222 14:49:05.022568 83878 runtime_context.cpp:29] DecreaseCounter constructing_actor_cnt, current val is 3123
I1222 14:49:05.021718 83881 naive_actor.cpp:25] actor 72567771627524 switch to &NaiveActor::HandlerNormal
I1222 14:49:05.022619 83873 runtime_context.cpp:29] DecreaseCounter constructing_actor_cnt, current val is 3122
I1222 14:49:05.022730 83870 copy_comm_net_actor.cpp:66] actor 71468400508932 switch to &CopyCommNetActor::HandlerNormal
I1222 14:49:05.022866 83878 naive_actor.cpp:25] actor 72567769530376 switch to &NaiveActor::HandlerNormal
I1222 14:49:05.022862 83881 thread.cpp:99] Thread 34603010 construct Actor kCopyHd 72567771627524
I1222 14:49:05.022936 83870 thread.cpp:99] Thread 34078789 construct Actor kCopyCommNet 71468400508932
I1222 14:49:05.022948 83871 naive_actor.cpp:25] actor 71468390023174 switch to &NaiveActor::HandlerNormal
I1222 14:49:05.023129 83881 runtime_context.cpp:29] DecreaseCounter constructing_actor_cnt, current val is 3120
I1222 14:49:05.023026 83869 naive_actor.cpp:25] actor 72567767433234 switch to &NaiveActor::HandlerNormal
I1222 14:49:05.023028 83873 naive_actor.cpp:25] actor 72567773724717 switch to &NaiveActor::HandlerNormal
I1222 14:49:05.023118 83870 runtime_context.cpp:29] DecreaseCounter constructing_actor_cnt, current val is 3121
I1222 14:49:05.022990 83878 thread.cpp:99] Thread 34603009 construct Actor kCopyHd 72567769530376
I1222 14:49:05.023140 83871 thread.cpp:99] Thread 34078784 construct Actor kSrcSubsetTick 71468390023174
I1222 14:49:05.023270 83869 thread.cpp:99] Thread 34603008 construct Actor kNormalForward 72567767433234
I1222 14:49:05.023435 83871 runtime_context.cpp:29] DecreaseCounter constructing_actor_cnt, current val is 3118
I1222 14:49:05.023393 83878 runtime_context.cpp:29] DecreaseCounter constructing_actor_cnt, current val is 3119
I1222 14:49:05.023413 83870 copy_comm_net_actor.cpp:66] actor 71468400508934 switch to &CopyCommNetActor::HandlerNormal
I1222 14:49:05.023311 83873 thread.cpp:99] Thread 34603011 construct Actor kCollectiveBoxingGeneric 72567773724717
I1222 14:49:05.023459 83881 naive_actor.cpp:25] actor 72567771627523 switch to &NaiveActor::HandlerNormal
I1222 14:49:05.023478 83869 runtime_context.cpp:29] DecreaseCounter constructing_actor_cnt, current val is 3117
I1222 14:49:05.023576 83870 thread.cpp:99] Thread 34078789 construct Actor kCopyCommNet 71468400508934
I1222 14:49:05.023623 83873 runtime_context.cpp:29] DecreaseCounter constructing_actor_cnt, current val is 3116
I1222 14:49:05.023660 83878 naive_actor.cpp:25] actor 72567769530373 switch to &NaiveActor::HandlerNormal
I1222 14:49:05.023703 83881 thread.cpp:99] Thread 34603010 construct Actor kCopyHd 72567771627523
I1222 14:49:05.023751 83871 naive_actor.cpp:25] actor 71468390023176 switch to &NaiveActor::HandlerNormal
I1222 14:49:05.024427 83881 runtime_context.cpp:29] DecreaseCounter constructing_actor_cnt, current val is 3114
I1222 14:49:05.024194 83869 naive_actor.cpp:25] actor 72567767433244 switch to &NaiveActor::HandlerNormal
I1222 14:49:05.024331 83878 thread.cpp:99] Thread 34603009 construct Actor kCopyHd 72567769530373
I1222 14:49:05.024395 83873 naive_actor.cpp:25] actor 72567773724673 switch to &NaiveActor::HandlerNormal
I1222 14:49:05.023828 83870 runtime_context.cpp:29] DecreaseCounter constructing_actor_cnt, current val is 3115
I1222 14:49:05.024438 83871 thread.cpp:99] Thread 34078784 construct Actor kSrcSubsetTick 71468390023176
I1222 14:49:05.024523 83869 thread.cpp:99] Thread 34603008 construct Actor kNormalForward 72567767433244
I1222 14:49:05.024679 83871 runtime_context.cpp:29] DecreaseCounter constructing_actor_cnt, current val is 3112
I1222 14:49:05.024595 83873 thread.cpp:99] Thread 34603011 construct Actor kCollectiveBoxingGeneric 72567773724673
I1222 14:49:05.024586 83878 runtime_context.cpp:29] DecreaseCounter constructing_actor_cnt, current val is 3113
I1222 14:49:05.024725 83869 runtime_context.cpp:29] DecreaseCounter constructing_actor_cnt, current val is 3111
I1222 14:49:05.024729 83870 copy_comm_net_actor.cpp:66] actor 71468400508929 switch to &CopyCommNetActor::HandlerNormal
I1222 14:49:05.024852 83870 thread.cpp:99] Thread 34078789 construct Actor kCopyCommNet 71468400508929
I1222 14:49:05.024762 83873 runtime_context.cpp:29] DecreaseCounter constructing_actor_cnt, current val is 3110
I1222 14:49:05.024730 83881 naive_actor.cpp:25] actor 72567771627521 switch to &NaiveActor::HandlerNormal
I1222 14:49:05.024896 83870 runtime_context.cpp:29] DecreaseCounter constructing_actor_cnt, current val is 3109
I1222 14:49:05.025027 83873 naive_actor.cpp:25] actor 72567773724743 switch to &NaiveActor::HandlerNormal
I1222 14:49:05.024906 83871 naive_actor.cpp:25] actor 71468390023173 switch to &NaiveActor::HandlerNormal
I1222 14:49:05.025106 83870 copy_comm_net_actor.cpp:66] actor 71468400508938 switch to &CopyCommNetActor::HandlerNormal
I1222 14:49:05.024900 83878 naive_actor.cpp:25] actor 72567769530381 switch to &NaiveActor::HandlerNormal
I1222 14:49:05.025038 83869 naive_actor.cpp:25] actor 72567767433226 switch to &NaiveActor::HandlerNormal
I1222 14:49:05.025079 83873 thread.cpp:99] Thread 34603011 construct Actor kCollectiveBoxingGeneric 72567773724743
I1222 14:49:05.025111 83871 thread.cpp:99] Thread 34078784 construct Actor kTick 71468390023173
I1222 14:49:05.025007 83881 thread.cpp:99] Thread 34603010 construct Actor kCopyHd 72567771627521
I1222 14:49:05.025144 83870 thread.cpp:99] Thread 34078789 construct Actor kCopyCommNet 71468400508938
I1222 14:49:05.025190 83878 thread.cpp:99] Thread 34603009 construct Actor kCopyHd 72567769530381
I1222 14:49:05.025229 83869 thread.cpp:99] Thread 34603008 construct Actor kNormalForward 72567767433226
I1222 14:49:05.025264 83873 runtime_context.cpp:29] DecreaseCounter constructing_actor_cnt, current val is 3108
I1222 14:49:05.025310 83871 runtime_context.cpp:29] DecreaseCounter constructing_actor_cnt, current val is 3107
I1222 14:49:05.025403 83881 runtime_context.cpp:29] DecreaseCounter constructing_actor_cnt, current val is 3106
I1222 14:49:05.025414 83870 runtime_context.cpp:29] DecreaseCounter constructing_actor_cnt, current val is 3105
I1222 14:49:05.025458 83878 runtime_context.cpp:29] DecreaseCounter constructing_actor_cnt, current val is 3104
I1222 14:49:05.025493 83869 runtime_context.cpp:29] DecreaseCounter constructing_actor_cnt, current val is 3103
I1222 14:49:05.025712 83870 copy_comm_net_actor.cpp:66] actor 71468400508944 switch to &CopyCommNetActor::HandlerNormal
I1222 14:49:05.025588 83873 naive_actor.cpp:25] actor 72567773724672 switch to &NaiveActor::HandlerNormal
I1222 14:49:05.025728 83871 naive_actor.cpp:25] actor 71468390023171 switch to &NaiveActor::HandlerNormal
I1222 14:49:05.025799 83870 thread.cpp:99] Thread 34078789 construct Actor kCopyCommNet 71468400508944
I1222 14:49:05.025813 83878 naive_actor.cpp:25] actor 72567769530383 switch to &NaiveActor::HandlerNormal
I1222 14:49:05.025830 83881 naive_actor.cpp:25] actor 72567771627522 switch to &NaiveActor::HandlerNormal
I1222 14:49:05.026158 83869 naive_actor.cpp:25] actor 72567767433292 switch to &NaiveActor::HandlerNormal
I1222 14:49:05.026502 83873 thread.cpp:99] Thread 34603011 construct Actor kCollectiveBoxingGeneric 72567773724672
I1222 14:49:05.026554 83871 thread.cpp:99] Thread 34078784 construct Actor kTick 71468390023171
I1222 14:49:05.026587 83870 runtime_context.cpp:29] DecreaseCounter constructing_actor_cnt, current val is 3102
I1222 14:49:05.026628 83878 thread.cpp:99] Thread 34603009 construct Actor kCopyHd 72567769530383
I1222 14:49:05.026695 83881 thread.cpp:99] Thread 34603010 construct Actor kCopyHd 72567771627522
I1222 14:49:05.026722 83869 thread.cpp:99] Thread 34603008 construct Actor kNormalForward 72567767433292
I1222 14:49:05.026751 83873 runtime_context.cpp:29] DecreaseCounter constructing_actor_cnt, current val is 3101
I1222 14:49:05.026796 83871 runtime_context.cpp:29] DecreaseCounter constructing_actor_cnt, current val is 3100
I1222 14:49:05.026865 83878 runtime_context.cpp:29] DecreaseCounter constructing_actor_cnt, current val is 3099
I1222 14:49:05.026886 83870 copy_comm_net_actor.cpp:66] actor 71468400508935 switch to &CopyCommNetActor::HandlerNormal
I1222 14:49:05.027078 83870 thread.cpp:99] Thread 34078789 construct Actor kCopyCommNet 71468400508935
I1222 14:49:05.026964 83869 runtime_context.cpp:29] DecreaseCounter constructing_actor_cnt, current val is 3097
I1222 14:49:05.027053 83873 naive_actor.cpp:25] actor 72567773724702 switch to &NaiveActor::HandlerNormal
I1222 14:49:05.027184 83873 thread.cpp:99] Thread 34603011 construct Actor kCollectiveBoxingGeneric 72567773724702
I1222 14:49:05.027124 83870 runtime_context.cpp:29] DecreaseCounter constructing_actor_cnt, current val is 3096
I1222 14:49:05.027149 83878 naive_actor.cpp:25] actor 72567769530386 switch to &NaiveActor::HandlerNormal
I1222 14:49:05.026940 83881 runtime_context.cpp:29] DecreaseCounter constructing_actor_cnt, current val is 3098
I1222 14:49:05.027227 83873 runtime_context.cpp:29] DecreaseCounter constructing_actor_cnt, current val is 3095
I1222 14:49:05.027261 83871 naive_actor.cpp:25] actor 71468390023177 switch to &NaiveActor::HandlerNormal
I1222 14:49:05.027299 83878 thread.cpp:99] Thread 34603009 construct Actor kCopyHd 72567769530386
I1222 14:49:05.027316 83870 copy_comm_net_actor.cpp:66] actor 71468400508947 switch to &CopyCommNetActor::HandlerNormal
I1222 14:49:05.027441 83871 thread.cpp:99] Thread 34078784 construct Actor kDstSubsetTick 71468390023177
I1222 14:49:05.027493 83873 naive_actor.cpp:25] actor 72567773724758 switch to &NaiveActor::HandlerNormal
I1222 14:49:05.027595 83871 runtime_context.cpp:29] DecreaseCounter constructing_actor_cnt, current val is 3093
I1222 14:49:05.027539 83870 thread.cpp:99] Thread 34078789 construct Actor kCopyCommNet 71468400508947
I1222 14:49:05.027496 83878 runtime_context.cpp:29] DecreaseCounter constructing_actor_cnt, current val is 3094
I1222 14:49:05.027598 83873 thread.cpp:99] Thread 34603011 construct Actor kCollectiveBoxingGeneric 72567773724758
I1222 14:49:05.027657 83870 runtime_context.cpp:29] DecreaseCounter constructing_actor_cnt, current val is 3092
I1222 14:49:05.027742 83873 runtime_context.cpp:29] DecreaseCounter constructing_actor_cnt, current val is 3091
I1222 14:49:05.027839 83869 naive_actor.cpp:25] actor 72567767433266 switch to &NaiveActor::HandlerNormal
I1222 14:49:05.027854 83870 copy_comm_net_actor.cpp:66] actor 71468400508933 switch to &CopyCommNetActor::HandlerNormal
I1222 14:49:05.027882 83871 naive_actor.cpp:25] actor 71468390023168 switch to &NaiveActor::HandlerNormal
I1222 14:49:05.027887 83873 naive_actor.cpp:25] actor 72567773724787 switch to &NaiveActor::HandlerNormal
I1222 14:49:05.027902 83869 thread.cpp:99] Thread 34603008 construct Actor kNormalForward 72567767433266
I1222 14:49:05.027961 83870 thread.cpp:99] Thread 34078789 construct Actor kCopyCommNet 71468400508933
I1222 14:49:05.028007 83878 naive_actor.cpp:25] actor 72567769530377 switch to &NaiveActor::HandlerNormal
I1222 14:49:05.028039 83871 thread.cpp:99] Thread 34078784 construct Actor kSrcSubsetTick 71468390023168
I1222 14:49:05.028635 83873 thread.cpp:99] Thread 34603011 construct Actor kCollectiveBoxingGeneric 72567773724787
I1222 14:49:05.028703 83869 runtime_context.cpp:29] DecreaseCounter constructing_actor_cnt, current val is 3090
I1222 14:49:05.028730 83870 runtime_context.cpp:29] DecreaseCounter constructing_actor_cnt, current val is 3089
I1222 14:49:05.028766 83878 thread.cpp:99] Thread 34603009 construct Actor kCopyHd 72567769530377
I1222 14:49:05.028816 83871 runtime_context.cpp:29] DecreaseCounter constructing_actor_cnt, current val is 3088
I1222 14:49:05.028837 83873 runtime_context.cpp:29] DecreaseCounter constructing_actor_cnt, current val is 3087
I1222 14:49:05.028961 83878 runtime_context.cpp:29] DecreaseCounter constructing_actor_cnt, current val is 3086
I1222 14:49:05.029011 83870 copy_comm_net_actor.cpp:66] actor 71468400508941 switch to &CopyCommNetActor::HandlerNormal
I1222 14:49:05.029078 83870 thread.cpp:99] Thread 34078789 construct Actor kCopyCommNet 71468400508941
I1222 14:49:05.029083 83869 naive_actor.cpp:25] actor 72567767433276 switch to &NaiveActor::HandlerNormal
I1222 14:49:05.029167 83878 naive_actor.cpp:25] actor 72567769530371 switch to &NaiveActor::HandlerNormal
I1222 14:49:05.029124 83870 runtime_context.cpp:29] DecreaseCounter constructing_actor_cnt, current val is 3085
I1222 14:49:05.029151 83871 naive_actor.cpp:25] actor 71468390023175 switch to &NaiveActor::HandlerNormal
I1222 14:49:05.029096 83873 naive_actor.cpp:25] actor 72567773724701 switch to &NaiveActor::HandlerNormal
I1222 14:49:05.029177 83869 thread.cpp:99] Thread 34603008 construct Actor kNormalForward 72567767433276
I1222 14:49:05.029211 83878 thread.cpp:99] Thread 34603009 construct Actor kCopyHd 72567769530371
I1222 14:49:05.029269 83871 thread.cpp:99] Thread 34078784 construct Actor kDstSubsetTick 71468390023175
I1222 14:49:05.029295 83873 thread.cpp:99] Thread 34603011 construct Actor kCollectiveBoxingGeneric 72567773724701
I1222 14:49:05.029311 83870 copy_comm_net_actor.cpp:66] actor 71468400508952 switch to &CopyCommNetActor::HandlerNormal
I1222 14:49:05.029337 83869 runtime_context.cpp:29] DecreaseCounter constructing_actor_cnt, current val is 3084
I1222 14:49:05.029361 83878 runtime_context.cpp:29] DecreaseCounter constructing_actor_cnt, current val is 3083
I1222 14:49:05.029392 83871 runtime_context.cpp:29] DecreaseCounter constructing_actor_cnt, current val is 3082
I1222 14:49:05.029402 83873 runtime_context.cpp:29] DecreaseCounter constructing_actor_cnt, current val is 3081
I1222 14:49:05.029415 83870 thread.cpp:99] Thread 34078789 construct Actor kCopyCommNet 71468400508952
I1222 14:49:05.029610 83870 runtime_context.cpp:29] DecreaseCounter constructing_actor_cnt, current val is 3080
I1222 14:49:05.029611 83878 naive_actor.cpp:25] actor 72567769530370 switch to &NaiveActor::HandlerNormal
I1222 14:49:05.029659 83873 naive_actor.cpp:25] actor 72567773724728 switch to &NaiveActor::HandlerNormal
I1222 14:49:05.029691 83878 thread.cpp:99] Thread 34603009 construct Actor kCopyHd 72567769530370
I1222 14:49:05.029721 83870 copy_comm_net_actor.cpp:66] actor 71468400508936 switch to &CopyCommNetActor::HandlerNormal
I1222 14:49:05.029779 83871 naive_actor.cpp:25] actor 71468390023172 switch to &NaiveActor::HandlerNormal
I1222 14:49:05.029721 83873 thread.cpp:99] Thread 34603011 construct Actor kCollectiveBoxingGeneric 72567773724728
I1222 14:49:05.029793 83870 thread.cpp:99] Thread 34078789 construct Actor kCopyCommNet 71468400508936
I1222 14:49:05.029783 83878 runtime_context.cpp:29] DecreaseCounter constructing_actor_cnt, current val is 3079
I1222 14:49:05.029845 83871 thread.cpp:99] Thread 34078784 construct Actor kTick 71468390023172
I1222 14:49:05.029884 83873 runtime_context.cpp:29] DecreaseCounter constructing_actor_cnt, current val is 3078
I1222 14:49:05.029908 83870 runtime_context.cpp:29] DecreaseCounter constructing_actor_cnt, current val is 3077
I1222 14:49:05.029927 83869 naive_actor.cpp:25] actor 72567767433223 switch to &NaiveActor::HandlerNormal
I1222 14:49:05.030099 83878 naive_actor.cpp:25] actor 72567769530374 switch to &NaiveActor::HandlerNormal
I1222 14:49:05.030503 83871 runtime_context.cpp:29] DecreaseCounter constructing_actor_cnt, current val is 3076
I1222 14:49:05.030575 83869 thread.cpp:99] Thread 34603008 construct Actor kNormalForward 72567767433223
I1222 14:49:05.030603 83873 naive_actor.cpp:25] actor 72567773724802 switch to &NaiveActor::HandlerNormal
I1222 14:49:05.030752 83869 runtime_context.cpp:29] DecreaseCounter constructing_actor_cnt, current val is 3075
I1222 14:49:05.030634 83870 copy_comm_net_actor.cpp:66] actor 71468400508943 switch to &CopyCommNetActor::HandlerNormal
I1222 14:49:05.030622 83878 thread.cpp:99] Thread 34603009 construct Actor kCopyHd 72567769530374
I1222 14:49:05.030755 83873 thread.cpp:99] Thread 34603011 construct Actor kCollectiveBoxingGeneric 72567773724802
I1222 14:49:05.030794 83870 thread.cpp:99] Thread 34078789 construct Actor kCopyCommNet 71468400508943
I1222 14:49:05.030853 83878 runtime_context.cpp:29] DecreaseCounter constructing_actor_cnt, current val is 3074
I1222 14:49:05.030874 83873 runtime_context.cpp:29] DecreaseCounter constructing_actor_cnt, current val is 3073
I1222 14:49:05.030938 83870 runtime_context.cpp:29] DecreaseCounter constructing_actor_cnt, current val is 3072
I1222 14:49:05.030982 83869 naive_actor.cpp:25] actor 72567767433258 switch to &NaiveActor::HandlerNormal
I1222 14:49:05.031044 83869 thread.cpp:99] Thread 34603008 construct Actor kNormalForward 72567767433258
I1222 14:49:05.031066 83873 naive_actor.cpp:25] actor 72567773724700 switch to &NaiveActor::HandlerNormal
I1222 14:49:05.031093 83869 runtime_context.cpp:29] DecreaseCounter constructing_actor_cnt, current val is 3071
I1222 14:49:05.031078 83870 copy_comm_net_actor.cpp:66] actor 71468400508937 switch to &CopyCommNetActor::HandlerNormal
I1222 14:49:05.031073 83878 naive_actor.cpp:25] actor 72567769530382 switch to &NaiveActor::HandlerNormal
I1222 14:49:05.031097 83873 thread.cpp:99] Thread 34603011 construct Actor kCollectiveBoxingGeneric 72567773724700
I1222 14:49:05.031142 83870 thread.cpp:99] Thread 34078789 construct Actor kCopyCommNet 71468400508937
I1222 14:49:05.031172 83878 thread.cpp:99] Thread 34603009 construct Actor kCopyHd 72567769530382
I1222 14:49:05.031204 83873 runtime_context.cpp:29] DecreaseCounter constructing_actor_cnt, current val is 3070
I1222 14:49:05.031227 83870 runtime_context.cpp:29] DecreaseCounter constructing_actor_cnt, current val is 3069
I1222 14:49:05.031262 83878 runtime_context.cpp:29] DecreaseCounter constructing_actor_cnt, current val is 3068
I1222 14:49:05.031303 83869 naive_actor.cpp:25] actor 72567767433324 switch to &NaiveActor::HandlerNormal
I1222 14:49:05.031352 83873 naive_actor.cpp:25] actor 72567773724727 switch to &NaiveActor::HandlerNormal
I1222 14:49:05.031368 83869 thread.cpp:99] Thread 34603008 construct Actor kNormalForward 72567767433324
I1222 14:49:05.031373 83870 copy_comm_net_actor.cpp:66] actor 71468400508955 switch to &CopyCommNetActor::HandlerNormal
I1222 14:49:05.031440 83869 runtime_context.cpp:29] DecreaseCounter constructing_actor_cnt, current val is 3067
I1222 14:49:05.031397 83873 thread.cpp:99] Thread 34603011 construct Actor kCollectiveBoxingGeneric 72567773724727
I1222 14:49:05.031441 83870 thread.cpp:99] Thread 34078789 construct Actor kCopyCommNet 71468400508955
I1222 14:49:05.031453 83878 naive_actor.cpp:25] actor 72567769530369 switch to &NaiveActor::HandlerNormal
I1222 14:49:05.031522 83873 runtime_context.cpp:29] DecreaseCounter constructing_actor_cnt, current val is 3066
I1222 14:49:05.031541 83870 runtime_context.cpp:29] DecreaseCounter constructing_actor_cnt, current val is 3065
I1222 14:49:05.031584 83878 thread.cpp:99] Thread 34603009 construct Actor kCopyHd 72567769530369
I1222 14:49:05.031736 83873 naive_actor.cpp:25] actor 72567773724750 switch to &NaiveActor::HandlerNormal
I1222 14:49:05.031934 83869 naive_actor.cpp:25] actor 72567767433219 switch to &NaiveActor::HandlerNormal
I1222 14:49:05.032150 83878 runtime_context.cpp:29] DecreaseCounter constructing_actor_cnt, current val is 3064
