 Insert buffer op : [System-Pipeline-Buffer-Op_-base_model.m_stage0.encoder.layer.1.output.dropout-dropout_97-mask_0-stage_id_0](buffer_size:4) 
 from [base_model.m_stage0.encoder.layer.1.output.dropout-dropout_97] (stage_id:0) -> [base_model.m_stage0.encoder.layer.1.output.dropout-dropout_97_grad] (stage_id:0) 
I1222 14:51:40.479174 84077 pipeline_buffer_pass.cpp:117] 
 Insert buffer op : [System-Pipeline-Buffer-Op_-base_model.m_stage0.encoder.layer.1.intermediate.intermediate_act_fn-gelu_94-out_0-stage_id_0](buffer_size:4) 
 from [base_model.m_stage0.encoder.layer.1.intermediate.intermediate_act_fn-gelu_94] (stage_id:0) -> [base_model.m_stage0.encoder.layer.1.output.dense-broadcast_matmul_95_b_grad] (stage_id:0) 
I1222 14:51:40.479554 84077 pipeline_buffer_pass.cpp:117] 
 Insert buffer op : [System-Pipeline-Buffer-Op_-base_model.m_stage0.encoder.layer.1.intermediate.dense-broadcast_add_93-z_0-stage_id_0](buffer_size:4) 
 from [base_model.m_stage0.encoder.layer.1.intermediate.dense-broadcast_add_93] (stage_id:0) -> [base_model.m_stage0.encoder.layer.1.intermediate.intermediate_act_fn-gelu_94_grad] (stage_id:0) 
I1222 14:51:40.479614 84077 pipeline_buffer_pass.cpp:117] 
 Insert buffer op : [System-Pipeline-Buffer-Op_-base_model.m_stage0.encoder.layer.1.attention.output.LayerNorm-layer_norm_91-y_0-stage_id_0](buffer_size:4) 
 from [base_model.m_stage0.encoder.layer.1.attention.output.LayerNorm-layer_norm_91] (stage_id:0) -> [base_model.m_stage0.encoder.layer.1.intermediate.dense-broadcast_matmul_92_b_grad] (stage_id:0) 
I1222 14:51:40.479671 84077 pipeline_buffer_pass.cpp:117] 
 Insert buffer op : [System-Pipeline-Buffer-Op_-base_model.m_stage0.encoder.layer.1.attention.output.LayerNorm-layer_norm_91-normalized_0-stage_id_0](buffer_size:4) 
 from [base_model.m_stage0.encoder.layer.1.attention.output.LayerNorm-layer_norm_91] (stage_id:0) -> [base_model.m_stage0.encoder.layer.1.attention.output.LayerNorm-layer_norm_91_param_grad] (stage_id:0) 
I1222 14:51:40.479725 84077 pipeline_buffer_pass.cpp:117] 
 Insert buffer op : [System-Pipeline-Buffer-Op_-base_model.m_stage0.encoder.layer.1.attention.output-add_n_90-out_0-stage_id_0](buffer_size:4) 
 from [base_model.m_stage0.encoder.layer.1.attention.output-add_n_90] (stage_id:0) -> [base_model.m_stage0.encoder.layer.1.attention.output.LayerNorm-layer_norm_91_grad] (stage_id:0) 
I1222 14:51:40.479779 84077 pipeline_buffer_pass.cpp:117] 
 Insert buffer op : [System-Pipeline-Buffer-Op_-base_model.m_stage0.encoder.layer.1.attention.output.LayerNorm-layer_norm_91-mean_0-stage_id_0](buffer_size:4) 
 from [base_model.m_stage0.encoder.layer.1.attention.output.LayerNorm-layer_norm_91] (stage_id:0) -> [base_model.m_stage0.encoder.layer.1.attention.output.LayerNorm-layer_norm_91_grad] (stage_id:0) 
I1222 14:51:40.479826 84077 pipeline_buffer_pass.cpp:117] 
 Insert buffer op : [System-Pipeline-Buffer-Op_-base_model.m_stage0.encoder.layer.1.attention.output.LayerNorm-layer_norm_91-inv_variance_0-stage_id_0](buffer_size:4) 
 from [base_model.m_stage0.encoder.layer.1.attention.output.LayerNorm-layer_norm_91] (stage_id:0) -> [base_model.m_stage0.encoder.layer.1.attention.output.LayerNorm-layer_norm_91_grad] (stage_id:0) 
I1222 14:51:40.479880 84077 pipeline_buffer_pass.cpp:117] 
 Insert buffer op : [System-Pipeline-Buffer-Op_-base_model.m_stage0.encoder.layer.1.attention.output.dropout-dropout_89-mask_0-stage_id_0](buffer_size:4) 
 from [base_model.m_stage0.encoder.layer.1.attention.output.dropout-dropout_89] (stage_id:0) -> [base_model.m_stage0.encoder.layer.1.attention.output.dropout-dropout_89_grad] (stage_id:0) 
I1222 14:51:40.479938 84077 pipeline_buffer_pass.cpp:117] 
 Insert buffer op : [System-Pipeline-Buffer-Op_-base_model.m_stage0.encoder.layer.1.attention.self-reshape_86-out_0-stage_id_0](buffer_size:4) 
 from [base_model.m_stage0.encoder.layer.1.attention.self-reshape_86] (stage_id:0) -> [base_model.m_stage0.encoder.layer.1.attention.output.dense-broadcast_matmul_87_b_grad] (stage_id:0) 
I1222 14:51:40.479993 84077 pipeline_buffer_pass.cpp:117] 
 Insert buffer op : [System-Pipeline-Buffer-Op_-base_model.m_stage0.encoder.layer.1.attention.self-transpose_77-output_0-stage_id_0](buffer_size:4) 
 from [base_model.m_stage0.encoder.layer.1.attention.self-transpose_77] (stage_id:0) -> [base_model.m_stage0.encoder.layer.1.attention.self-batch_matmul_84_grad_a] (stage_id:0) 
I1222 14:51:40.480074 84077 pipeline_buffer_pass.cpp:117] 
 Insert buffer op : [System-Pipeline-Buffer-Op_-base_model.m_stage0.encoder.layer.1.attention.self.dropout-dropout_83-out_0-stage_id_0](buffer_size:4) 
 from [base_model.m_stage0.encoder.layer.1.attention.self.dropout-dropout_83] (stage_id:0) -> [base_model.m_stage0.encoder.layer.1.attention.self-batch_matmul_84_grad_b] (stage_id:0) 
I1222 14:51:40.480449 84077 pipeline_buffer_pass.cpp:117] 
 Insert buffer op : [System-Pipeline-Buffer-Op_-base_model.m_stage0.encoder.layer.1.attention.self.dropout-dropout_83-mask_0-stage_id_0](buffer_size:4) 
 from [base_model.m_stage0.encoder.layer.1.attention.self.dropout-dropout_83] (stage_id:0) -> [base_model.m_stage0.encoder.layer.1.attention.self.dropout-dropout_83_grad] (stage_id:0) 
I1222 14:51:40.480516 84077 pipeline_buffer_pass.cpp:117] 
 Insert buffer op : [System-Pipeline-Buffer-Op_-base_model.m_stage0.encoder.layer.1.attention.self-softmax_82-out_0-stage_id_0](buffer_size:4) 
 from [base_model.m_stage0.encoder.layer.1.attention.self-softmax_82] (stage_id:0) -> [base_model.m_stage0.encoder.layer.1.attention.self-softmax_82_grad] (stage_id:0) 
I1222 14:51:40.480578 84077 pipeline_buffer_pass.cpp:117] 
 Insert buffer op : [System-Pipeline-Buffer-Op_-base_model.m_stage0.encoder.layer.0.output.LayerNorm-layer_norm_65-y_0-stage_id_0](buffer_size:4) 
 from [base_model.m_stage0.encoder.layer.0.output.LayerNorm-layer_norm_65] (stage_id:0) -> [base_model.m_stage0.encoder.layer.1.attention.self.value-broadcast_matmul_74_b_grad] (stage_id:0) 
I1222 14:51:40.480633 84077 pipeline_buffer_pass.cpp:117] 
 Insert buffer op : [System-Pipeline-Buffer-Op_-base_model.m_stage0.encoder.layer.1.attention.self-transpose_78-output_0-stage_id_0](buffer_size:4) 
 from [base_model.m_stage0.encoder.layer.1.attention.self-transpose_78] (stage_id:0) -> [base_model.m_stage0.encoder.layer.1.attention.self-batch_matmul_79_grad_a] (stage_id:0) 
I1222 14:51:40.480685 84077 pipeline_buffer_pass.cpp:117] 
 Insert buffer op : [System-Pipeline-Buffer-Op_-base_model.m_stage0.encoder.layer.1.attention.self-transpose_69-output_0-stage_id_0](buffer_size:4) 
 from [base_model.m_stage0.encoder.layer.1.attention.self-transpose_69] (stage_id:0) -> [base_model.m_stage0.encoder.layer.1.attention.self-batch_matmul_79_grad_b] (stage_id:0) 
I1222 14:51:40.480779 84077 pipeline_buffer_pass.cpp:117] 
 Insert buffer op : [System-Pipeline-Buffer-Op_-base_model.m_stage0.encoder.layer.0.output.LayerNorm-layer_norm_65-normalized_0-stage_id_0](buffer_size:4) 
 from [base_model.m_stage0.encoder.layer.0.output.LayerNorm-layer_norm_65] (stage_id:0) -> [base_model.m_stage0.encoder.layer.0.output.LayerNorm-layer_norm_65_param_grad] (stage_id:0) 
I1222 14:51:40.480839 84077 pipeline_buffer_pass.cpp:117] 
 Insert buffer op : [System-Pipeline-Buffer-Op_-base_model.m_stage0.encoder.layer.0.output-add_n_64-out_0-stage_id_0](buffer_size:4) 
 from [base_model.m_stage0.encoder.layer.0.output-add_n_64] (stage_id:0) -> [base_model.m_stage0.encoder.layer.0.output.LayerNorm-layer_norm_65_grad] (stage_id:0) 
I1222 14:51:40.480891 84077 pipeline_buffer_pass.cpp:117] 
 Insert buffer op : [System-Pipeline-Buffer-Op_-base_model.m_stage0.encoder.layer.0.output.LayerNorm-layer_norm_65-mean_0-stage_id_0](buffer_size:4) 
 from [base_model.m_stage0.encoder.layer.0.output.LayerNorm-layer_norm_65] (stage_id:0) -> [base_model.m_stage0.encoder.layer.0.output.LayerNorm-layer_norm_65_grad] (stage_id:0) 
I1222 14:51:40.480938 84077 pipeline_buffer_pass.cpp:117] 
 Insert buffer op : [System-Pipeline-Buffer-Op_-base_model.m_stage0.encoder.layer.0.output.LayerNorm-layer_norm_65-inv_variance_0-stage_id_0](buffer_size:4) 
 from [base_model.m_stage0.encoder.layer.0.output.LayerNorm-layer_norm_65] (stage_id:0) -> [base_model.m_stage0.encoder.layer.0.output.LayerNorm-layer_norm_65_grad] (stage_id:0) 
I1222 14:51:40.480990 84077 pipeline_buffer_pass.cpp:117] 
 Insert buffer op : [System-Pipeline-Buffer-Op_-base_model.m_stage0.encoder.layer.0.output.dropout-dropout_63-mask_0-stage_id_0](buffer_size:4) 
 from [base_model.m_stage0.encoder.layer.0.output.dropout-dropout_63] (stage_id:0) -> [base_model.m_stage0.encoder.layer.0.output.dropout-dropout_63_grad] (stage_id:0) 
I1222 14:51:40.481076 84077 pipeline_buffer_pass.cpp:117] 
 Insert buffer op : [System-Pipeline-Buffer-Op_-base_model.m_stage0.encoder.layer.0.intermediate.intermediate_act_fn-gelu_60-out_0-stage_id_0](buffer_size:4) 
 from [base_model.m_stage0.encoder.layer.0.intermediate.intermediate_act_fn-gelu_60] (stage_id:0) -> [base_model.m_stage0.encoder.layer.0.output.dense-broadcast_matmul_61_b_grad] (stage_id:0) 
I1222 14:51:40.481453 84077 pipeline_buffer_pass.cpp:117] 
 Insert buffer op : [System-Pipeline-Buffer-Op_-base_model.m_stage0.encoder.layer.0.intermediate.dense-broadcast_add_59-z_0-stage_id_0](buffer_size:4) 
 from [base_model.m_stage0.encoder.layer.0.intermediate.dense-broadcast_add_59] (stage_id:0) -> [base_model.m_stage0.encoder.layer.0.intermediate.intermediate_act_fn-gelu_60_grad] (stage_id:0) 
I1222 14:51:40.481518 84077 pipeline_buffer_pass.cpp:117] 
 Insert buffer op : [System-Pipeline-Buffer-Op_-base_model.m_stage0.encoder.layer.0.attention.output.LayerNorm-layer_norm_57-y_0-stage_id_0](buffer_size:4) 
 from [base_model.m_stage0.encoder.layer.0.attention.output.LayerNorm-layer_norm_57] (stage_id:0) -> [base_model.m_stage0.encoder.layer.0.intermediate.dense-broadcast_matmul_58_b_grad] (stage_id:0) 
I1222 14:51:40.481575 84077 pipeline_buffer_pass.cpp:117] 
 Insert buffer op : [System-Pipeline-Buffer-Op_-base_model.m_stage0.encoder.layer.0.attention.output.LayerNorm-layer_norm_57-normalized_0-stage_id_0](buffer_size:4) 
 from [base_model.m_stage0.encoder.layer.0.attention.output.LayerNorm-layer_norm_57] (stage_id:0) -> [base_model.m_stage0.encoder.layer.0.attention.output.LayerNorm-layer_norm_57_param_grad] (stage_id:0) 
I1222 14:51:40.481628 84077 pipeline_buffer_pass.cpp:117] 
 Insert buffer op : [System-Pipeline-Buffer-Op_-base_model.m_stage0.encoder.layer.0.attention.output-add_n_56-out_0-stage_id_0](buffer_size:4) 
 from [base_model.m_stage0.encoder.layer.0.attention.output-add_n_56] (stage_id:0) -> [base_model.m_stage0.encoder.layer.0.attention.output.LayerNorm-layer_norm_57_grad] (stage_id:0) 
I1222 14:51:40.481681 84077 pipeline_buffer_pass.cpp:117] 
 Insert buffer op : [System-Pipeline-Buffer-Op_-base_model.m_stage0.encoder.layer.0.attention.output.LayerNorm-layer_norm_57-mean_0-stage_id_0](buffer_size:4) 
 from [base_model.m_stage0.encoder.layer.0.attention.output.LayerNorm-layer_norm_57] (stage_id:0) -> [base_model.m_stage0.encoder.layer.0.attention.output.LayerNorm-layer_norm_57_grad] (stage_id:0) 
I1222 14:51:40.481729 84077 pipeline_buffer_pass.cpp:117] 
 Insert buffer op : [System-Pipeline-Buffer-Op_-base_model.m_stage0.encoder.layer.0.attention.output.LayerNorm-layer_norm_57-inv_variance_0-stage_id_0](buffer_size:4) 
 from [base_model.m_stage0.encoder.layer.0.attention.output.LayerNorm-layer_norm_57] (stage_id:0) -> [base_model.m_stage0.encoder.layer.0.attention.output.LayerNorm-layer_norm_57_grad] (stage_id:0) 
I1222 14:51:40.481781 84077 pipeline_buffer_pass.cpp:117] 
 Insert buffer op : [System-Pipeline-Buffer-Op_-base_model.m_stage0.encoder.layer.0.attention.output.dropout-dropout_55-mask_0-stage_id_0](buffer_size:4) 
 from [base_model.m_stage0.encoder.layer.0.attention.output.dropout-dropout_55] (stage_id:0) -> [base_model.m_stage0.encoder.layer.0.attention.output.dropout-dropout_55_grad] (stage_id:0) 
I1222 14:51:40.481839 84077 pipeline_buffer_pass.cpp:117] 
 Insert buffer op : [System-Pipeline-Buffer-Op_-base_model.m_stage0.encoder.layer.0.attention.self-reshape_52-out_0-stage_id_0](buffer_size:4) 
 from [base_model.m_stage0.encoder.layer.0.attention.self-reshape_52] (stage_id:0) -> [base_model.m_stage0.encoder.layer.0.attention.output.dense-broadcast_matmul_53_b_grad] (stage_id:0) 
I1222 14:51:40.481895 84077 pipeline_buffer_pass.cpp:117] 
 Insert buffer op : [System-Pipeline-Buffer-Op_-base_model.m_stage0.encoder.layer.0.attention.self-transpose_43-output_0-stage_id_0](buffer_size:4) 
 from [base_model.m_stage0.encoder.layer.0.attention.self-transpose_43] (stage_id:0) -> [base_model.m_stage0.encoder.layer.0.attention.self-batch_matmul_50_grad_a] (stage_id:0) 
I1222 14:51:40.481977 84077 pipeline_buffer_pass.cpp:117] 
 Insert buffer op : [System-Pipeline-Buffer-Op_-base_model.m_stage0.encoder.layer.0.attention.self.dropout-dropout_49-out_0-stage_id_0](buffer_size:4) 
 from [base_model.m_stage0.encoder.layer.0.attention.self.dropout-dropout_49] (stage_id:0) -> [base_model.m_stage0.encoder.layer.0.attention.self-batch_matmul_50_grad_b] (stage_id:0) 
I1222 14:51:40.482347 84077 pipeline_buffer_pass.cpp:117] 
 Insert buffer op : [System-Pipeline-Buffer-Op_-base_model.m_stage0.encoder.layer.0.attention.self.dropout-dropout_49-mask_0-stage_id_0](buffer_size:4) 
 from [base_model.m_stage0.encoder.layer.0.attention.self.dropout-dropout_49] (stage_id:0) -> [base_model.m_stage0.encoder.layer.0.attention.self.dropout-dropout_49_grad] (stage_id:0) 
I1222 14:51:40.482403 84077 pipeline_buffer_pass.cpp:117] 
 Insert buffer op : [System-Pipeline-Buffer-Op_-base_model.m_stage0.encoder.layer.0.attention.self-softmax_48-out_0-stage_id_0](buffer_size:4) 
 from [base_model.m_stage0.encoder.layer.0.attention.self-softmax_48] (stage_id:0) -> [base_model.m_stage0.encoder.layer.0.attention.self-softmax_48_grad] (stage_id:0) 
I1222 14:51:40.482460 84077 pipeline_buffer_pass.cpp:117] 
 Insert buffer op : [System-Pipeline-Buffer-Op_-base_model.m_stage0.embeddings.dropout-dropout_25-out_0-stage_id_0](buffer_size:4) 
 from [base_model.m_stage0.embeddings.dropout-dropout_25] (stage_id:0) -> [base_model.m_stage0.encoder.layer.0.attention.self.value-broadcast_matmul_40_b_grad] (stage_id:0) 
I1222 14:51:40.482523 84077 pipeline_buffer_pass.cpp:117] 
 Insert buffer op : [System-Pipeline-Buffer-Op_-base_model.m_stage0.encoder.layer.0.attention.self-transpose_44-output_0-stage_id_0](buffer_size:4) 
 from [base_model.m_stage0.encoder.layer.0.attention.self-transpose_44] (stage_id:0) -> [base_model.m_stage0.encoder.layer.0.attention.self-batch_matmul_45_grad_a] (stage_id:0) 
I1222 14:51:40.482578 84077 pipeline_buffer_pass.cpp:117] 
 Insert buffer op : [System-Pipeline-Buffer-Op_-base_model.m_stage0.encoder.layer.0.attention.self-transpose_35-output_0-stage_id_0](buffer_size:4) 
 from [base_model.m_stage0.encoder.layer.0.attention.self-transpose_35] (stage_id:0) -> [base_model.m_stage0.encoder.layer.0.attention.self-batch_matmul_45_grad_b] (stage_id:0) 
I1222 14:51:40.482669 84077 pipeline_buffer_pass.cpp:117] 
 Insert buffer op : [System-Pipeline-Buffer-Op_-base_model.m_stage0.embeddings.dropout-dropout_25-mask_0-stage_id_0](buffer_size:4) 
 from [base_model.m_stage0.embeddings.dropout-dropout_25] (stage_id:0) -> [base_model.m_stage0.embeddings.dropout-dropout_25_grad] (stage_id:0) 
I1222 14:51:40.482725 84077 pipeline_buffer_pass.cpp:117] 
 Insert buffer op : [System-Pipeline-Buffer-Op_-base_model.m_stage0.embeddings.LayerNorm-layer_norm_24-normalized_0-stage_id_0](buffer_size:4) 
 from [base_model.m_stage0.embeddings.LayerNorm-layer_norm_24] (stage_id:0) -> [base_model.m_stage0.embeddings.LayerNorm-layer_norm_24_param_grad] (stage_id:0) 
I1222 14:51:40.482784 84077 pipeline_buffer_pass.cpp:117] 
 Insert buffer op : [System-Pipeline-Buffer-Op_-base_model.m_stage0.embeddings-broadcast_add_23-z_0-stage_id_0](buffer_size:4) 
 from [base_model.m_stage0.embeddings-broadcast_add_23] (stage_id:0) -> [base_model.m_stage0.embeddings.LayerNorm-layer_norm_24_grad] (stage_id:0) 
I1222 14:51:40.482837 84077 pipeline_buffer_pass.cpp:117] 
 Insert buffer op : [System-Pipeline-Buffer-Op_-base_model.m_stage0.embeddings.LayerNorm-layer_norm_24-mean_0-stage_id_0](buffer_size:4) 
 from [base_model.m_stage0.embeddings.LayerNorm-layer_norm_24] (stage_id:0) -> [base_model.m_stage0.embeddings.LayerNorm-layer_norm_24_grad] (stage_id:0) 
I1222 14:51:40.482885 84077 pipeline_buffer_pass.cpp:117] 
 Insert buffer op : [System-Pipeline-Buffer-Op_-base_model.m_stage0.embeddings.LayerNorm-layer_norm_24-inv_variance_0-stage_id_0](buffer_size:4) 
 from [base_model.m_stage0.embeddings.LayerNorm-layer_norm_24] (stage_id:0) -> [base_model.m_stage0.embeddings.LayerNorm-layer_norm_24_grad] (stage_id:0) 
I1222 14:51:40.482985 84077 pipeline_buffer_pass.cpp:117] 
 Insert buffer op : [System-Pipeline-Buffer-Op_-base_model.m_stage0.embeddings.position_embeddings-gather_20-out_0-stage_id_0](buffer_size:4) 
 from [base_model.m_stage0.embeddings.position_embeddings-gather_20] (stage_id:0) -> [base_model.m_stage0.embeddings-broadcast_add_23_y_grad_reduce_sum_like] (stage_id:0) 
I1222 14:51:40.483341 84077 pipeline_buffer_pass.cpp:117] 
 Insert buffer op : [System-Pipeline-Buffer-Op_-base_model.m_stage0.embeddings-slice_19-y_0-stage_id_0](buffer_size:4) 
 from [base_model.m_stage0.embeddings-slice_19] (stage_id:0) -> [base_model.m_stage0.embeddings.position_embeddings-gather_20_grad] (stage_id:0) 
I1222 14:51:40.483402 84077 pipeline_buffer_pass.cpp:117] 
 Insert buffer op : [System-Pipeline-Buffer-Op_-base_model-identity_15-out_0-stage_id_0](buffer_size:4) 
 from [base_model-identity_15] (stage_id:0) -> [base_model.m_stage0.embeddings.word_embeddings-gather_18_grad] (stage_id:0) 
I1222 14:51:40.483459 84077 pipeline_buffer_pass.cpp:117] 
 Insert buffer op : [System-Pipeline-Buffer-Op_-base_model-identity_16-out_0-stage_id_0](buffer_size:4) 
 from [base_model-identity_16] (stage_id:0) -> [base_model.m_stage0.embeddings.token_type_embeddings-gather_21_grad] (stage_id:0) 
I1222 14:51:40.484028 84077 pipeline_buffer_pass.cpp:117] 
 Insert buffer op : [System-Pipeline-Buffer-Op_-_train_data_loader-hierarchical_parallel_cast_8-out_0-stage_id_0](buffer_size:4) 
 from [_train_data_loader-hierarchical_parallel_cast_8] (stage_id:0) -> [base_model-identity_15] (stage_id:0) 
I1222 14:51:40.484097 84077 pipeline_buffer_pass.cpp:117] 
 Insert buffer op : [System-Pipeline-Buffer-Op_-_train_data_loader-hierarchical_parallel_cast_11-out_0-stage_id_0](buffer_size:4) 
 from [_train_data_loader-hierarchical_parallel_cast_11] (stage_id:0) -> [base_model-identity_16] (stage_id:0) 
I1222 14:51:40.484150 84077 pipeline_buffer_pass.cpp:117] 
 Insert buffer op : [System-Pipeline-Buffer-Op_-_train_data_loader-hierarchical_parallel_cast_10-out_0-stage_id_0](buffer_size:4) 
 from [_train_data_loader-hierarchical_parallel_cast_10] (stage_id:0) -> [base_model-identity_17] (stage_id:0) 
I1222 14:51:40.484721 84077 pipeline_buffer_pass.cpp:212] 
 Insert buffer op pair : src_buffer = <System-Pipeline-Buffer-Op_-base_model-identity_440-out_0>(buffer_size:1) , dst_buffer = <System-Pipeline-Buffer-Op_-base_model-identity_440-out_0-stage_id_1>(buffer_size:1) 
 from [base_model-identity_440] (stage_id:0) -> [base_model-identity_441] (stage_id:1) 
I1222 14:51:40.484786 84077 pipeline_buffer_pass.cpp:117] 
 Insert buffer op : [System-Pipeline-Buffer-Op_-_train_data_loader-hierarchical_parallel_cast_10-out_0-stage_id_1](buffer_size:4) 
 from [_train_data_loader-hierarchical_parallel_cast_10] (stage_id:0) -> [base_model-identity_442] (stage_id:1) 
I1222 14:51:40.485311 84077 pipeline_buffer_pass.cpp:117] 
 Insert buffer op : [System-Pipeline-Buffer-Op_-_train_data_loader-hierarchical_parallel_cast_9-out_0-stage_id_1](buffer_size:4) 
 from [_train_data_loader-hierarchical_parallel_cast_9] (stage_id:0) -> [reshape_872] (stage_id:1) 
I1222 14:51:40.485376 84077 pipeline_buffer_pass.cpp:117] 
 Insert buffer op : [System-Pipeline-Buffer-Op_-_train_data_loader-hierarchical_parallel_cast_13-out_0-stage_id_1](buffer_size:4) 
 from [_train_data_loader-hierarchical_parallel_cast_13] (stage_id:0) -> [expand_dims_880] (stage_id:1) 
I1222 14:51:40.485430 84077 pipeline_buffer_pass.cpp:117] 
 Insert buffer op : [System-Pipeline-Buffer-Op_-_train_data_loader-hierarchical_parallel_cast_12-out_0-stage_id_1](buffer_size:4) 
 from [_train_data_loader-hierarchical_parallel_cast_12] (stage_id:0) -> [reshape_884] (stage_id:1) 
I1222 14:51:40.485487 84077 pipeline_buffer_pass.cpp:117] 
 Insert buffer op : [System-Pipeline-Buffer-Op_-_train_data_loader-hierarchical_parallel_cast_14-out_0-stage_id_1](buffer_size:4) 
 from [_train_data_loader-hierarchical_parallel_cast_14] (stage_id:0) -> [multiply_891] (stage_id:1) 
I1222 14:51:40.486765 84077 pipeline_buffer_pass.cpp:212] 
 Insert buffer op pair : src_buffer = <System-Pipeline-Buffer-Op_-base_model-identity_441_grad-out_0>(buffer_size:1) , dst_buffer = <System-Pipeline-Buffer-Op_-base_model-identity_441_grad-out_0-stage_id_0>(buffer_size:1) 
 from [base_model-identity_441_grad] (stage_id:1) -> [base_model-identity_440_grad] (stage_id:0) 
I1222 14:51:41.457556 84077 global.h:43] DeleteGlobal N7oneflow7JobDescE
I1222 14:51:42.584663 84077 global.h:36] NewGlobal N7oneflow7JobDescE
I1222 14:52:03.622275 84077 runtime_context.cpp:21] NewCounter constructing_actor_cnt 3151
I1222 14:52:03.623163 84387 naive_actor.cpp:25] actor 72567767436079 switch to &NaiveActor::HandlerNormal
I1222 14:52:03.623503 84389 wait_and_send_ids_actor.cpp:53] actor 71468392120320 switch to &WaitAndSendIdsActor::HandlerWaitToStart
I1222 14:52:03.623317 84387 thread.cpp:99] Thread 34603008 construct Actor kDeviceTick 72567767436079
I1222 14:52:03.623629 84389 thread.cpp:99] Thread 34078785 construct Actor kWaitAndSendIds 71468392120320
I1222 14:52:03.623883 84387 runtime_context.cpp:29] DecreaseCounter constructing_actor_cnt, current val is 3150
I1222 14:52:03.623901 84389 runtime_context.cpp:29] DecreaseCounter constructing_actor_cnt, current val is 3149
I1222 14:52:03.624212 84387 naive_actor.cpp:25] actor 72567767436072 switch to &NaiveActor::HandlerNormal
I1222 14:52:03.624290 84387 thread.cpp:99] Thread 34603008 construct Actor kDeviceTick 72567767436072
I1222 14:52:03.624382 84387 runtime_context.cpp:29] DecreaseCounter constructing_actor_cnt, current val is 3148
I1222 14:52:03.625059 84387 naive_actor.cpp:25] actor 72567767436075 switch to &NaiveActor::HandlerNormal
I1222 14:52:03.625103 84387 thread.cpp:99] Thread 34603008 construct Actor kDeviceTick 72567767436075
I1222 14:52:03.625174 84387 runtime_context.cpp:29] DecreaseCounter constructing_actor_cnt, current val is 3147
I1222 14:52:03.625376 84387 naive_actor.cpp:25] actor 72567767436081 switch to &NaiveActor::HandlerNormal
I1222 14:52:03.625423 84387 thread.cpp:99] Thread 34603008 construct Actor kDeviceTick 72567767436081
I1222 14:52:03.625478 84387 runtime_context.cpp:29] DecreaseCounter constructing_actor_cnt, current val is 3146
I1222 14:52:03.625666 84387 naive_actor.cpp:25] actor 72567767436077 switch to &NaiveActor::HandlerNormal
I1222 14:52:03.625713 84387 thread.cpp:99] Thread 34603008 construct Actor kDeviceTick 72567767436077
I1222 14:52:03.625756 84387 runtime_context.cpp:29] DecreaseCounter constructing_actor_cnt, current val is 3145
I1222 14:52:03.695681 84382 naive_actor.cpp:25] actor 71468262096896 switch to &NaiveActor::HandlerNormal
I1222 14:52:03.695755 84382 thread.cpp:99] Thread 34078723 construct Actor kNormalForward 71468262096896
I1222 14:52:03.695888 84382 runtime_context.cpp:29] DecreaseCounter constructing_actor_cnt, current val is 3144
I1222 14:52:03.695941 84380 naive_actor.cpp:25] actor 71468259999744 switch to &NaiveActor::HandlerNormal
I1222 14:52:03.696023 84380 thread.cpp:99] Thread 34078722 construct Actor kNormalForward 71468259999744
I1222 14:52:03.696290 84383 naive_actor.cpp:25] actor 71468264194048 switch to &NaiveActor::HandlerNormal
I1222 14:52:03.696323 84379 naive_actor.cpp:25] actor 71468255805440 switch to &NaiveActor::HandlerNormal
I1222 14:52:03.696501 84383 thread.cpp:99] Thread 34078724 construct Actor kNormalForward 71468264194048
I1222 14:52:03.696887 84392 naive_actor.cpp:25] actor 72567773724696 switch to &NaiveActor::HandlerNormal
I1222 14:52:03.696955 84390 copy_comm_net_actor.cpp:66] actor 71468400508928 switch to &CopyCommNetActor::HandlerNormal
I1222 14:52:03.696758 84381 naive_actor.cpp:25] actor 71468268388352 switch to &NaiveActor::HandlerNormal
I1222 14:52:03.696768 84396 naive_actor.cpp:25] actor 72567769530380 switch to &NaiveActor::HandlerNormal
I1222 14:52:03.696838 84398 naive_actor.cpp:25] actor 72567771627520 switch to &NaiveActor::HandlerNormal
I1222 14:52:03.696679 84379 thread.cpp:99] Thread 34078720 construct Actor kNormalForward 71468255805440
I1222 14:52:03.696691 84380 runtime_context.cpp:29] DecreaseCounter constructing_actor_cnt, current val is 3143
I1222 14:52:03.696965 84392 thread.cpp:99] Thread 34603011 construct Actor kCollectiveBoxingGeneric 72567773724696
I1222 14:52:03.696977 84383 runtime_context.cpp:29] DecreaseCounter constructing_actor_cnt, current val is 3142
I1222 14:52:03.697010 84393 naive_actor.cpp:25] actor 71468390023169 switch to &NaiveActor::HandlerNormal
I1222 14:52:03.697034 84390 thread.cpp:99] Thread 34078789 construct Actor kCopyCommNet 71468400508928
I1222 14:52:03.697054 84384 naive_actor.cpp:25] actor 71468266291200 switch to &NaiveActor::HandlerNormal
I1222 14:52:03.697151 84381 thread.cpp:99] Thread 34078726 construct Actor kNormalForward 71468268388352
I1222 14:52:03.697182 84400 naive_actor.cpp:25] actor 71468396314624 switch to &NaiveActor::HandlerNormal
I1222 14:52:03.697237 84396 thread.cpp:99] Thread 34603009 construct Actor kCopyHd 72567769530380
I1222 14:52:03.697289 84388 naive_actor.cpp:25] actor 71468270485504 switch to &NaiveActor::HandlerNormal
I1222 14:52:03.697293 84385 naive_actor.cpp:25] actor 71468257902592 switch to &NaiveActor::HandlerNormal
I1222 14:52:03.697324 84387 naive_actor.cpp:25] actor 72567767433219 switch to &NaiveActor::HandlerNormal
I1222 14:52:03.697381 84401 sink_actor.cpp:21] actor 71468394217472 switch to &SinkActor::HandlerNormal
I1222 14:52:03.697422 84398 thread.cpp:99] Thread 34603010 construct Actor kCopyHd 72567771627520
I1222 14:52:03.697443 84394 naive_actor.cpp:25] actor 71468272582656 switch to &NaiveActor::HandlerNormal
I1222 14:52:03.697604 84379 runtime_context.cpp:29] DecreaseCounter constructing_actor_cnt, current val is 3141
I1222 14:52:03.697729 84399 naive_actor.cpp:25] actor 71468398411776 switch to &NaiveActor::HandlerNormal
I1222 14:52:03.698501 84392 runtime_context.cpp:29] DecreaseCounter constructing_actor_cnt, current val is 3140
I1222 14:52:03.698602 84393 thread.cpp:99] Thread 34078784 construct Actor kTick 71468390023169
I1222 14:52:03.698654 84390 runtime_context.cpp:29] DecreaseCounter constructing_actor_cnt, current val is 3139
I1222 14:52:03.698693 84384 thread.cpp:99] Thread 34078725 construct Actor kNormalForward 71468266291200
I1222 14:52:03.698793 84400 thread.cpp:99] Thread 34078787 construct Actor kCriticalSectionWaitTick 71468396314624
I1222 14:52:03.699652 84384 runtime_context.cpp:29] DecreaseCounter constructing_actor_cnt, current val is 3134
I1222 14:52:03.698841 84396 runtime_context.cpp:29] DecreaseCounter constructing_actor_cnt, current val is 3137
I1222 14:52:03.698902 84388 thread.cpp:99] Thread 34078727 construct Actor kNormalForward 71468270485504
I1222 14:52:03.699023 84385 thread.cpp:99] Thread 34078721 construct Actor kNormalForward 71468257902592
I1222 14:52:03.699841 84396 naive_actor.cpp:25] actor 72567769530370 switch to &NaiveActor::HandlerNormal
I1222 14:52:03.699887 84396 thread.cpp:99] Thread 34603009 construct Actor kCopyHd 72567769530370
I1222 14:52:03.699273 84398 runtime_context.cpp:29] DecreaseCounter constructing_actor_cnt, current val is 3136
I1222 14:52:03.699935 84396 runtime_context.cpp:29] DecreaseCounter constructing_actor_cnt, current val is 3130
I1222 14:52:03.699460 84399 thread.cpp:99] Thread 34078788 construct Actor kCriticalSectionWaitTick 71468398411776
I1222 14:52:03.700039 84398 naive_actor.cpp:25] actor 72567771627521 switch to &NaiveActor::HandlerNormal
I1222 14:52:03.700076 84398 thread.cpp:99] Thread 34603010 construct Actor kCopyHd 72567771627521
I1222 14:52:03.699657 84392 naive_actor.cpp:25] actor 72567773724681 switch to &NaiveActor::HandlerNormal
I1222 14:52:03.699676 84400 runtime_context.cpp:29] DecreaseCounter constructing_actor_cnt, current val is 3133
I1222 14:52:03.699685 84390 copy_comm_net_actor.cpp:66] actor 71468400508944 switch to &CopyCommNetActor::HandlerNormal
I1222 14:52:03.699826 84388 runtime_context.cpp:29] DecreaseCounter constructing_actor_cnt, current val is 3132
I1222 14:52:03.699098 84387 thread.cpp:99] Thread 34603008 construct Actor kNormalForward 72567767433219
I1222 14:52:03.699234 84401 thread.cpp:99] Thread 34078786 construct Actor kCallbackNotify 71468394217472
I1222 14:52:03.699301 84394 thread.cpp:99] Thread 34078728 construct Actor kNormalForward 71468272582656
I1222 14:52:03.699936 84385 runtime_context.cpp:29] DecreaseCounter constructing_actor_cnt, current val is 3131
I1222 14:52:03.699570 84393 runtime_context.cpp:29] DecreaseCounter constructing_actor_cnt, current val is 3135
I1222 14:52:03.700048 84396 naive_actor.cpp:25] actor 72567769530376 switch to &NaiveActor::HandlerNormal
I1222 14:52:03.701750 84396 thread.cpp:99] Thread 34603009 construct Actor kCopyHd 72567769530376
I1222 14:52:03.700115 84398 runtime_context.cpp:29] DecreaseCounter constructing_actor_cnt, current val is 3128
I1222 14:52:03.700117 84399 runtime_context.cpp:29] DecreaseCounter constructing_actor_cnt, current val is 3129
I1222 14:52:03.701879 84398 naive_actor.cpp:25] actor 72567771627522 switch to &NaiveActor::HandlerNormal
I1222 14:52:03.701915 84398 thread.cpp:99] Thread 34603010 construct Actor kCopyHd 72567771627522
I1222 14:52:03.700464 84387 runtime_context.cpp:29] DecreaseCounter constructing_actor_cnt, current val is 3127
I1222 14:52:03.701596 84401 runtime_context.cpp:29] DecreaseCounter constructing_actor_cnt, current val is 3126
I1222 14:52:03.701608 84394 runtime_context.cpp:29] DecreaseCounter constructing_actor_cnt, current val is 3125
I1222 14:52:03.698807 84381 runtime_context.cpp:29] DecreaseCounter constructing_actor_cnt, current val is 3138
I1222 14:52:03.701790 84396 runtime_context.cpp:29] DecreaseCounter constructing_actor_cnt, current val is 3124
I1222 14:52:03.700140 84392 thread.cpp:99] Thread 34603011 construct Actor kCollectiveBoxingGeneric 72567773724681
I1222 14:52:03.700208 84390 thread.cpp:99] Thread 34078789 construct Actor kCopyCommNet 71468400508944
I1222 14:52:03.701949 84398 runtime_context.cpp:29] DecreaseCounter constructing_actor_cnt, current val is 3123
I1222 14:52:03.701985 84393 naive_actor.cpp:25] actor 71468390023176 switch to &NaiveActor::HandlerNormal
I1222 14:52:03.702289 84392 runtime_context.cpp:29] DecreaseCounter constructing_actor_cnt, current val is 3122
I1222 14:52:03.702322 84390 runtime_context.cpp:29] DecreaseCounter constructing_actor_cnt, current val is 3121
I1222 14:52:03.702325 84396 naive_actor.cpp:25] actor 72567769530384 switch to &NaiveActor::HandlerNormal
I1222 14:52:03.702360 84387 naive_actor.cpp:25] actor 72567767433238 switch to &NaiveActor::HandlerNormal
I1222 14:52:03.702399 84393 thread.cpp:99] Thread 34078784 construct Actor kSrcSubsetTick 71468390023176
I1222 14:52:03.702417 84398 naive_actor.cpp:25] actor 72567771627523 switch to &NaiveActor::HandlerNormal
I1222 14:52:03.702499 84396 thread.cpp:99] Thread 34603009 construct Actor kCopyHd 72567769530384
I1222 14:52:03.702546 84390 copy_comm_net_actor.cpp:66] actor 71468400508933 switch to &CopyCommNetActor::HandlerNormal
I1222 14:52:03.702553 84392 naive_actor.cpp:25] actor 72567773724709 switch to &NaiveActor::HandlerNormal
I1222 14:52:03.702579 84387 thread.cpp:99] Thread 34603008 construct Actor kNormalForward 72567767433238
I1222 14:52:03.702636 84398 thread.cpp:99] Thread 34603010 construct Actor kCopyHd 72567771627523
I1222 14:52:03.702636 84393 runtime_context.cpp:29] DecreaseCounter constructing_actor_cnt, current val is 3120
I1222 14:52:03.702667 84396 runtime_context.cpp:29] DecreaseCounter constructing_actor_cnt, current val is 3119
I1222 14:52:03.702844 84387 runtime_context.cpp:29] DecreaseCounter constructing_actor_cnt, current val is 3117
I1222 14:52:03.702735 84392 thread.cpp:99] Thread 34603011 construct Actor kCollectiveBoxingGeneric 72567773724709
I1222 14:52:03.702819 84398 runtime_context.cpp:29] DecreaseCounter constructing_actor_cnt, current val is 3118
I1222 14:52:03.702694 84390 thread.cpp:99] Thread 34078789 construct Actor kCopyCommNet 71468400508933
I1222 14:52:03.702948 84392 runtime_context.cpp:29] DecreaseCounter constructing_actor_cnt, current val is 3116
I1222 14:52:03.703012 84390 runtime_context.cpp:29] DecreaseCounter constructing_actor_cnt, current val is 3115
I1222 14:52:03.703016 84393 naive_actor.cpp:25] actor 71468390023171 switch to &NaiveActor::HandlerNormal
I1222 14:52:03.703040 84398 naive_actor.cpp:25] actor 72567771627524 switch to &NaiveActor::HandlerNormal
I1222 14:52:03.703048 84396 naive_actor.cpp:25] actor 72567769530383 switch to &NaiveActor::HandlerNormal
I1222 14:52:03.703143 84392 naive_actor.cpp:25] actor 72567773724734 switch to &NaiveActor::HandlerNormal
I1222 14:52:03.703188 84390 copy_comm_net_actor.cpp:66] actor 71468400508929 switch to &CopyCommNetActor::HandlerNormal
I1222 14:52:03.704072 84390 thread.cpp:99] Thread 34078789 construct Actor kCopyCommNet 71468400508929
I1222 14:52:03.703934 84393 thread.cpp:99] Thread 34078784 construct Actor kTick 71468390023171
I1222 14:52:03.703963 84398 thread.cpp:99] Thread 34603010 construct Actor kCopyHd 72567771627524
I1222 14:52:03.704154 84393 runtime_context.cpp:29] DecreaseCounter constructing_actor_cnt, current val is 3113
I1222 14:52:03.704033 84392 thread.cpp:99] Thread 34603011 construct Actor kCollectiveBoxingGeneric 72567773724734
I1222 14:52:03.703763 84387 naive_actor.cpp:25] actor 72567767433241 switch to &NaiveActor::HandlerNormal
I1222 14:52:03.704110 84390 runtime_context.cpp:29] DecreaseCounter constructing_actor_cnt, current val is 3114
I1222 14:52:03.703997 84396 thread.cpp:99] Thread 34603009 construct Actor kCopyHd 72567769530383
I1222 14:52:03.704166 84398 runtime_context.cpp:29] DecreaseCounter constructing_actor_cnt, current val is 3112
I1222 14:52:03.704224 84392 runtime_context.cpp:29] DecreaseCounter constructing_actor_cnt, current val is 3111
I1222 14:52:03.704279 84387 thread.cpp:99] Thread 34603008 construct Actor kNormalForward 72567767433241
I1222 14:52:03.704352 84393 naive_actor.cpp:25] actor 71468390023175 switch to &NaiveActor::HandlerNormal
I1222 14:52:03.704355 84396 runtime_context.cpp:29] DecreaseCounter constructing_actor_cnt, current val is 3110
I1222 14:52:03.704397 84390 copy_comm_net_actor.cpp:66] actor 71468400508950 switch to &CopyCommNetActor::HandlerNormal
I1222 14:52:03.704484 84393 thread.cpp:99] Thread 34078784 construct Actor kDstSubsetTick 71468390023175
I1222 14:52:03.704516 84392 naive_actor.cpp:25] actor 72567773724747 switch to &NaiveActor::HandlerNormal
I1222 14:52:03.704519 84387 runtime_context.cpp:29] DecreaseCounter constructing_actor_cnt, current val is 3109
I1222 14:52:03.704553 84390 thread.cpp:99] Thread 34078789 construct Actor kCopyCommNet 71468400508950
I1222 14:52:03.704597 84396 naive_actor.cpp:25] actor 72567769530373 switch to &NaiveActor::HandlerNormal
I1222 14:52:03.704604 84393 runtime_context.cpp:29] DecreaseCounter constructing_actor_cnt, current val is 3108
I1222 14:52:03.704624 84392 thread.cpp:99] Thread 34603011 construct Actor kCollectiveBoxingGeneric 72567773724747
I1222 14:52:03.704716 84390 runtime_context.cpp:29] DecreaseCounter constructing_actor_cnt, current val is 3107
I1222 14:52:03.704738 84396 thread.cpp:99] Thread 34603009 construct Actor kCopyHd 72567769530373
I1222 14:52:03.704814 84392 runtime_context.cpp:29] DecreaseCounter constructing_actor_cnt, current val is 3106
I1222 14:52:03.704885 84396 runtime_context.cpp:29] DecreaseCounter constructing_actor_cnt, current val is 3105
I1222 14:52:03.704910 84390 copy_comm_net_actor.cpp:66] actor 71468400508930 switch to &CopyCommNetActor::HandlerNormal
I1222 14:52:03.704972 84390 thread.cpp:99] Thread 34078789 construct Actor kCopyCommNet 71468400508930
I1222 14:52:03.705020 84390 runtime_context.cpp:29] DecreaseCounter constructing_actor_cnt, current val is 3104
I1222 14:52:03.705022 84392 naive_actor.cpp:25] actor 72567773724754 switch to &NaiveActor::HandlerNormal
I1222 14:52:03.705027 84396 naive_actor.cpp:25] actor 72567769530381 switch to &NaiveActor::HandlerNormal
I1222 14:52:03.705097 84392 thread.cpp:99] Thread 34603011 construct Actor kCollectiveBoxingGeneric 72567773724754
I1222 14:52:03.705104 84393 naive_actor.cpp:25] actor 71468390023170 switch to &NaiveActor::HandlerNormal
I1222 14:52:03.705127 84396 thread.cpp:99] Thread 34603009 construct Actor kCopyHd 72567769530381
I1222 14:52:03.705143 84390 copy_comm_net_actor.cpp:66] actor 71468400508938 switch to &CopyCommNetActor::HandlerNormal
I1222 14:52:03.705174 84392 runtime_context.cpp:29] DecreaseCounter constructing_actor_cnt, current val is 3103
I1222 14:52:03.705236 84393 thread.cpp:99] Thread 34078784 construct Actor kDstSubsetTick 71468390023170
I1222 14:52:03.705654 84387 naive_actor.cpp:25] actor 72567767433222 switch to &NaiveActor::HandlerNormal
I1222 14:52:03.705889 84396 runtime_context.cpp:29] DecreaseCounter constructing_actor_cnt, current val is 3102
I1222 14:52:03.705919 84390 thread.cpp:99] Thread 34078789 construct Actor kCopyCommNet 71468400508938
I1222 14:52:03.706022 84393 runtime_context.cpp:29] DecreaseCounter constructing_actor_cnt, current val is 3101
I1222 14:52:03.706053 84387 thread.cpp:99] Thread 34603008 construct Actor kNormalForward 72567767433222
I1222 14:52:03.706075 84392 naive_actor.cpp:25] actor 72567773724674 switch to &NaiveActor::HandlerNormal
I1222 14:52:03.706113 84390 runtime_context.cpp:29] DecreaseCounter constructing_actor_cnt, current val is 3100
I1222 14:52:03.706142 84396 naive_actor.cpp:25] actor 72567769530368 switch to &NaiveActor::HandlerNormal
I1222 14:52:03.706212 84392 thread.cpp:99] Thread 34603011 construct Actor kCollectiveBoxingGeneric 72567773724674
I1222 14:52:03.706243 84387 runtime_context.cpp:29] DecreaseCounter constructing_actor_cnt, current val is 3099
I1222 14:52:03.706281 84396 thread.cpp:99] Thread 34603009 construct Actor kCopyHd 72567769530368
I1222 14:52:03.706322 84390 copy_comm_net_actor.cpp:66] actor 71468400508948 switch to &CopyCommNetActor::HandlerNormal
I1222 14:52:03.706322 84392 runtime_context.cpp:29] DecreaseCounter constructing_actor_cnt, current val is 3098
I1222 14:52:03.706390 84393 naive_actor.cpp:25] actor 71468390023174 switch to &NaiveActor::HandlerNormal
I1222 14:52:03.706395 84396 runtime_context.cpp:29] DecreaseCounter constructing_actor_cnt, current val is 3097
I1222 14:52:03.706424 84390 thread.cpp:99] Thread 34078789 construct Actor kCopyCommNet 71468400508948
I1222 14:52:03.706501 84393 thread.cpp:99] Thread 34078784 construct Actor kSrcSubsetTick 71468390023174
I1222 14:52:03.706580 84390 runtime_context.cpp:29] DecreaseCounter constructing_actor_cnt, current val is 3096
I1222 14:52:03.706585 84392 naive_actor.cpp:25] actor 72567773724677 switch to &NaiveActor::HandlerNormal
I1222 14:52:03.706617 84396 naive_actor.cpp:25] actor 72567769530377 switch to &NaiveActor::HandlerNormal
I1222 14:52:03.706629 84393 runtime_context.cpp:29] DecreaseCounter constructing_actor_cnt, current val is 3095
I1222 14:52:03.706683 84392 thread.cpp:99] Thread 34603011 construct Actor kCollectiveBoxingGeneric 72567773724677
I1222 14:52:03.706717 84396 thread.cpp:99] Thread 34603009 construct Actor kCopyHd 72567769530377
I1222 14:52:03.706703 84387 naive_actor.cpp:25] actor 72567767433251 switch to &NaiveActor::HandlerNormal
I1222 14:52:03.706709 84390 copy_comm_net_actor.cpp:66] actor 71468400508935 switch to &CopyCommNetActor::HandlerNormal
I1222 14:52:03.706791 84392 runtime_context.cpp:29] DecreaseCounter constructing_actor_cnt, current val is 3094
I1222 14:52:03.706811 84396 runtime_context.cpp:29] DecreaseCounter constructing_actor_cnt, current val is 3093
I1222 14:52:03.706863 84387 thread.cpp:99] Thread 34603008 construct Actor kNormalForward 72567767433251
I1222 14:52:03.706897 84390 thread.cpp:99] Thread 34078789 construct Actor kCopyCommNet 71468400508935
I1222 14:52:03.706974 84393 naive_actor.cpp:25] actor 71468390023177 switch to &NaiveActor::HandlerNormal
I1222 14:52:03.707029 84396 naive_actor.cpp:25] actor 72567769530382 switch to &NaiveActor::HandlerNormal
I1222 14:52:03.707051 84392 naive_actor.cpp:25] actor 72567773724676 switch to &NaiveActor::HandlerNormal
I1222 14:52:03.707057 84390 runtime_context.cpp:29] DecreaseCounter constructing_actor_cnt, current val is 3091
I1222 14:52:03.707058 84387 runtime_context.cpp:29] DecreaseCounter constructing_actor_cnt, current val is 3092
I1222 14:52:03.707082 84393 thread.cpp:99] Thread 34078784 construct Actor kDstSubsetTick 71468390023177
I1222 14:52:03.707109 84396 thread.cpp:99] Thread 34603009 construct Actor kCopyHd 72567769530382
I1222 14:52:03.708007 84393 runtime_context.cpp:29] DecreaseCounter constructing_actor_cnt, current val is 3090
I1222 14:52:03.707237 84390 copy_comm_net_actor.cpp:66] actor 71468400508952 switch to &CopyCommNetActor::HandlerNormal
I1222 14:52:03.707145 84392 thread.cpp:99] Thread 34603011 construct Actor kCollectiveBoxingGeneric 72567773724676
I1222 14:52:03.708019 84396 runtime_context.cpp:29] DecreaseCounter constructing_actor_cnt, current val is 3089
I1222 14:52:03.708074 84390 thread.cpp:99] Thread 34078789 construct Actor kCopyCommNet 71468400508952
I1222 14:52:03.708127 84392 runtime_context.cpp:29] DecreaseCounter constructing_actor_cnt, current val is 3088
I1222 14:52:03.708205 84393 naive_actor.cpp:25] actor 71468390023173 switch to &NaiveActor::HandlerNormal
I1222 14:52:03.708189 84390 runtime_context.cpp:29] DecreaseCounter constructing_actor_cnt, current val is 3087
I1222 14:52:03.708180 84387 naive_actor.cpp:25] actor 72567767433283 switch to &NaiveActor::HandlerNormal
I1222 14:52:03.708346 84390 copy_comm_net_actor.cpp:66] actor 71468400508934 switch to &CopyCommNetActor::HandlerNormal
I1222 14:52:03.708245 84393 thread.cpp:99] Thread 34078784 construct Actor kTick 71468390023173
I1222 14:52:03.708325 84392 naive_actor.cpp:25] actor 72567773724705 switch to &NaiveActor::HandlerNormal
I1222 14:52:03.708214 84396 naive_actor.cpp:25] actor 72567769530371 switch to &NaiveActor::HandlerNormal
I1222 14:52:03.708353 84387 thread.cpp:99] Thread 34603008 construct Actor kNormalForward 72567767433283
I1222 14:52:03.708382 84390 thread.cpp:99] Thread 34078789 construct Actor kCopyCommNet 71468400508934
I1222 14:52:03.708432 84393 runtime_context.cpp:29] DecreaseCounter constructing_actor_cnt, current val is 3086
I1222 14:52:03.708451 84392 thread.cpp:99] Thread 34603011 construct Actor kCollectiveBoxingGeneric 72567773724705
I1222 14:52:03.708478 84396 thread.cpp:99] Thread 34603009 construct Actor kCopyHd 72567769530371
I1222 14:52:03.708581 84390 runtime_context.cpp:29] DecreaseCounter constructing_actor_cnt, current val is 3085
I1222 14:52:03.708595 84387 runtime_context.cpp:29] DecreaseCounter constructing_actor_cnt, current val is 3084
I1222 14:52:03.708642 84392 runtime_context.cpp:29] DecreaseCounter constructing_actor_cnt, current val is 3083
I1222 14:52:03.708660 84396 runtime_context.cpp:29] DecreaseCounter constructing_actor_cnt, current val is 3082
I1222 14:52:03.708751 84390 copy_comm_net_actor.cpp:66] actor 71468400508941 switch to &CopyCommNetActor::HandlerNormal
I1222 14:52:03.708840 84393 naive_actor.cpp:25] actor 71468390023168 switch to &NaiveActor::HandlerNormal
I1222 14:52:03.708892 84396 naive_actor.cpp:25] actor 72567769530372 switch to &NaiveActor::HandlerNormal
I1222 14:52:03.708851 84390 thread.cpp:99] Thread 34078789 construct Actor kCopyCommNet 71468400508941
I1222 14:52:03.708896 84392 naive_actor.cpp:25] actor 72567773724729 switch to &NaiveActor::HandlerNormal
I1222 14:52:03.708896 84393 thread.cpp:99] Thread 34078784 construct Actor kSrcSubsetTick 71468390023168
I1222 14:52:03.708923 84396 thread.cpp:99] Thread 34603009 construct Actor kCopyHd 72567769530372
I1222 14:52:03.709048 84393 runtime_context.cpp:29] DecreaseCounter constructing_actor_cnt, current val is 3080
I1222 14:52:03.709000 84392 thread.cpp:99] Thread 34603011 construct Actor kCollectiveBoxingGeneric 72567773724729
I1222 14:52:03.708968 84390 runtime_context.cpp:29] DecreaseCounter constructing_actor_cnt, current val is 3081
I1222 14:52:03.709059 84396 runtime_context.cpp:29] DecreaseCounter constructing_actor_cnt, current val is 3079
I1222 14:52:03.709097 84387 naive_actor.cpp:25] actor 72567767433232 switch to &NaiveActor::HandlerNormal
I1222 14:52:03.709123 84392 runtime_context.cpp:29] DecreaseCounter constructing_actor_cnt, current val is 3078
I1222 14:52:03.709225 84390 copy_comm_net_actor.cpp:66] actor 71468400508942 switch to &CopyCommNetActor::HandlerNormal
I1222 14:52:03.709349 84390 thread.cpp:99] Thread 34078789 construct Actor kCopyCommNet 71468400508942
I1222 14:52:03.709245 84396 naive_actor.cpp:25] actor 72567769530386 switch to &NaiveActor::HandlerNormal
I1222 14:52:03.709280 84393 naive_actor.cpp:25] actor 71468390023172 switch to &NaiveActor::HandlerNormal
I1222 14:52:03.710055 84393 thread.cpp:99] Thread 34078784 construct Actor kTick 71468390023172
I1222 14:52:03.709375 84392 naive_actor.cpp:25] actor 72567773724781 switch to &NaiveActor::HandlerNormal
I1222 14:52:03.709997 84390 runtime_context.cpp:29] DecreaseCounter constructing_actor_cnt, current val is 3077
I1222 14:52:03.710021 84396 thread.cpp:99] Thread 34603009 construct Actor kCopyHd 72567769530386
I1222 14:52:03.709236 84387 thread.cpp:99] Thread 34603008 construct Actor kNormalForward 72567767433232
I1222 14:52:03.710235 84390 copy_comm_net_actor.cpp:66] actor 71468400508949 switch to &CopyCommNetActor::HandlerNormal
I1222 14:52:03.710274 84390 thread.cpp:99] Thread 34078789 construct Actor kCopyCommNet 71468400508949
I1222 14:52:03.710292 84387 runtime_context.cpp:29] DecreaseCounter constructing_actor_cnt, current val is 3074
I1222 14:52:03.710103 84393 runtime_context.cpp:29] DecreaseCounter constructing_actor_cnt, current val is 3076
I1222 14:52:03.710116 84392 thread.cpp:99] Thread 34603011 construct Actor kCollectiveBoxingGeneric 72567773724781
I1222 14:52:03.710194 84396 runtime_context.cpp:29] DecreaseCounter constructing_actor_cnt, current val is 3075
I1222 14:52:03.710316 84390 runtime_context.cpp:29] DecreaseCounter constructing_actor_cnt, current val is 3073
I1222 14:52:03.710425 84392 runtime_context.cpp:29] DecreaseCounter constructing_actor_cnt, current val is 3072
I1222 14:52:03.710517 84396 naive_actor.cpp:25] actor 72567769530379 switch to &NaiveActor::HandlerNormal
I1222 14:52:03.710553 84390 copy_comm_net_actor.cpp:66] actor 71468400508940 switch to &CopyCommNetActor::HandlerNormal
I1222 14:52:03.710556 84396 thread.cpp:99] Thread 34603009 construct Actor kCopyHd 72567769530379
I1222 14:52:03.710592 84390 thread.cpp:99] Thread 34078789 construct Actor kCopyCommNet 71468400508940
I1222 14:52:03.710630 84392 naive_actor.cpp:25] actor 72567773724751 switch to &NaiveActor::HandlerNormal
I1222 14:52:03.710633 84396 runtime_context.cpp:29] DecreaseCounter constructing_actor_cnt, current val is 3071
I1222 14:52:03.710669 84390 runtime_context.cpp:29] DecreaseCounter constructing_actor_cnt, current val is 3070
I1222 14:52:03.710702 84392 thread.cpp:99] Thread 34603011 construct Actor kCollectiveBoxingGeneric 72567773724751
I1222 14:52:03.710805 84396 naive_actor.cpp:25] actor 72567769530369 switch to &NaiveActor::HandlerNormal
I1222 14:52:03.710834 84390 copy_comm_net_actor.cpp:66] actor 71468400508939 switch to &CopyCommNetActor::HandlerNormal
I1222 14:52:03.710817 84392 runtime_context.cpp:29] DecreaseCounter constructing_actor_cnt, current val is 3069
I1222 14:52:03.710837 84396 thread.cpp:99] Thread 34603009 construct Actor kCopyHd 72567769530369
I1222 14:52:03.710871 84390 thread.cpp:99] Thread 34078789 construct Actor kCopyCommNet 71468400508939
I1222 14:52:03.710943 84396 runtime_context.cpp:29] DecreaseCounter constructing_actor_cnt, current val is 3068
I1222 14:52:03.710983 84390 runtime_context.cpp:29] DecreaseCounter constructing_actor_cnt, current val is 3067
I1222 14:52:03.711028 84392 naive_actor.cpp:25] actor 72567773724795 switch to &NaiveActor::HandlerNormal
I1222 14:52:03.711071 84396 naive_actor.cpp:25] actor 72567769530374 switch to &NaiveActor::HandlerNormal
I1222 14:52:03.711103 84390 copy_comm_net_actor.cpp:66] actor 71468400508946 switch to &CopyCommNetActor::HandlerNormal
I1222 14:52:03.711078 84392 thread.cpp:99] Thread 34603011 construct Actor kCollectiveBoxingGeneric 72567773724795
I1222 14:52:03.711107 84396 thread.cpp:99] Thread 34603009 construct Actor kCopyHd 72567769530374
I1222 14:52:03.711140 84390 thread.cpp:99] Thread 34078789 construct Actor kCopyCommNet 71468400508946
I1222 14:52:03.711192 84392 runtime_context.cpp:29] DecreaseCounter constructing_actor_cnt, current val is 3066
I1222 14:52:03.711210 84396 runtime_context.cpp:29] DecreaseCounter constructing_actor_cnt, current val is 3065
I1222 14:52:03.711282 84390 runtime_context.cpp:29] DecreaseCounter constructing_actor_cnt, current val is 3064
I1222 14:52:03.711338 84387 naive_actor.cpp:25] actor 72567767433239 switch to &NaiveActor::HandlerNormal
I1222 14:52:03.711858 84396 naive_actor.cpp:25] actor 72567769530378 switch to &NaiveActor::HandlerNormal
I1222 14:52:03.711879 84392 naive_actor.cpp:25] actor 72567773724752 switch to &NaiveActor::HandlerNormal
