 Insert buffer op : [System-Pipeline-Buffer-Op_-base_model.m_stage0.encoder.layer.1.output.dropout-dropout_97-mask_0-stage_id_0](buffer_size:4) 
 from [base_model.m_stage0.encoder.layer.1.output.dropout-dropout_97] (stage_id:0) -> [base_model.m_stage0.encoder.layer.1.output.dropout-dropout_97_grad] (stage_id:0) 
I1222 14:51:41.838502 84078 pipeline_buffer_pass.cpp:117] 
 Insert buffer op : [System-Pipeline-Buffer-Op_-base_model.m_stage0.encoder.layer.1.intermediate.intermediate_act_fn-gelu_94-out_0-stage_id_0](buffer_size:4) 
 from [base_model.m_stage0.encoder.layer.1.intermediate.intermediate_act_fn-gelu_94] (stage_id:0) -> [base_model.m_stage0.encoder.layer.1.output.dense-broadcast_matmul_95_b_grad] (stage_id:0) 
I1222 14:51:41.839102 84078 pipeline_buffer_pass.cpp:117] 
 Insert buffer op : [System-Pipeline-Buffer-Op_-base_model.m_stage0.encoder.layer.1.intermediate.dense-broadcast_add_93-z_0-stage_id_0](buffer_size:4) 
 from [base_model.m_stage0.encoder.layer.1.intermediate.dense-broadcast_add_93] (stage_id:0) -> [base_model.m_stage0.encoder.layer.1.intermediate.intermediate_act_fn-gelu_94_grad] (stage_id:0) 
I1222 14:51:41.839176 84078 pipeline_buffer_pass.cpp:117] 
 Insert buffer op : [System-Pipeline-Buffer-Op_-base_model.m_stage0.encoder.layer.1.attention.output.LayerNorm-layer_norm_91-y_0-stage_id_0](buffer_size:4) 
 from [base_model.m_stage0.encoder.layer.1.attention.output.LayerNorm-layer_norm_91] (stage_id:0) -> [base_model.m_stage0.encoder.layer.1.intermediate.dense-broadcast_matmul_92_b_grad] (stage_id:0) 
I1222 14:51:41.839244 84078 pipeline_buffer_pass.cpp:117] 
 Insert buffer op : [System-Pipeline-Buffer-Op_-base_model.m_stage0.encoder.layer.1.attention.output.LayerNorm-layer_norm_91-normalized_0-stage_id_0](buffer_size:4) 
 from [base_model.m_stage0.encoder.layer.1.attention.output.LayerNorm-layer_norm_91] (stage_id:0) -> [base_model.m_stage0.encoder.layer.1.attention.output.LayerNorm-layer_norm_91_param_grad] (stage_id:0) 
I1222 14:51:41.839313 84078 pipeline_buffer_pass.cpp:117] 
 Insert buffer op : [System-Pipeline-Buffer-Op_-base_model.m_stage0.encoder.layer.1.attention.output-add_n_90-out_0-stage_id_0](buffer_size:4) 
 from [base_model.m_stage0.encoder.layer.1.attention.output-add_n_90] (stage_id:0) -> [base_model.m_stage0.encoder.layer.1.attention.output.LayerNorm-layer_norm_91_grad] (stage_id:0) 
I1222 14:51:41.839380 84078 pipeline_buffer_pass.cpp:117] 
 Insert buffer op : [System-Pipeline-Buffer-Op_-base_model.m_stage0.encoder.layer.1.attention.output.LayerNorm-layer_norm_91-mean_0-stage_id_0](buffer_size:4) 
 from [base_model.m_stage0.encoder.layer.1.attention.output.LayerNorm-layer_norm_91] (stage_id:0) -> [base_model.m_stage0.encoder.layer.1.attention.output.LayerNorm-layer_norm_91_grad] (stage_id:0) 
I1222 14:51:41.839437 84078 pipeline_buffer_pass.cpp:117] 
 Insert buffer op : [System-Pipeline-Buffer-Op_-base_model.m_stage0.encoder.layer.1.attention.output.LayerNorm-layer_norm_91-inv_variance_0-stage_id_0](buffer_size:4) 
 from [base_model.m_stage0.encoder.layer.1.attention.output.LayerNorm-layer_norm_91] (stage_id:0) -> [base_model.m_stage0.encoder.layer.1.attention.output.LayerNorm-layer_norm_91_grad] (stage_id:0) 
I1222 14:51:41.839502 84078 pipeline_buffer_pass.cpp:117] 
 Insert buffer op : [System-Pipeline-Buffer-Op_-base_model.m_stage0.encoder.layer.1.attention.output.dropout-dropout_89-mask_0-stage_id_0](buffer_size:4) 
 from [base_model.m_stage0.encoder.layer.1.attention.output.dropout-dropout_89] (stage_id:0) -> [base_model.m_stage0.encoder.layer.1.attention.output.dropout-dropout_89_grad] (stage_id:0) 
I1222 14:51:41.839586 84078 pipeline_buffer_pass.cpp:117] 
 Insert buffer op : [System-Pipeline-Buffer-Op_-base_model.m_stage0.encoder.layer.1.attention.self-reshape_86-out_0-stage_id_0](buffer_size:4) 
 from [base_model.m_stage0.encoder.layer.1.attention.self-reshape_86] (stage_id:0) -> [base_model.m_stage0.encoder.layer.1.attention.output.dense-broadcast_matmul_87_b_grad] (stage_id:0) 
I1222 14:51:41.839654 84078 pipeline_buffer_pass.cpp:117] 
 Insert buffer op : [System-Pipeline-Buffer-Op_-base_model.m_stage0.encoder.layer.1.attention.self-transpose_77-output_0-stage_id_0](buffer_size:4) 
 from [base_model.m_stage0.encoder.layer.1.attention.self-transpose_77] (stage_id:0) -> [base_model.m_stage0.encoder.layer.1.attention.self-batch_matmul_84_grad_a] (stage_id:0) 
I1222 14:51:41.839752 84078 pipeline_buffer_pass.cpp:117] 
 Insert buffer op : [System-Pipeline-Buffer-Op_-base_model.m_stage0.encoder.layer.1.attention.self.dropout-dropout_83-out_0-stage_id_0](buffer_size:4) 
 from [base_model.m_stage0.encoder.layer.1.attention.self.dropout-dropout_83] (stage_id:0) -> [base_model.m_stage0.encoder.layer.1.attention.self-batch_matmul_84_grad_b] (stage_id:0) 
I1222 14:51:41.840165 84078 pipeline_buffer_pass.cpp:117] 
 Insert buffer op : [System-Pipeline-Buffer-Op_-base_model.m_stage0.encoder.layer.1.attention.self.dropout-dropout_83-mask_0-stage_id_0](buffer_size:4) 
 from [base_model.m_stage0.encoder.layer.1.attention.self.dropout-dropout_83] (stage_id:0) -> [base_model.m_stage0.encoder.layer.1.attention.self.dropout-dropout_83_grad] (stage_id:0) 
I1222 14:51:41.840236 84078 pipeline_buffer_pass.cpp:117] 
 Insert buffer op : [System-Pipeline-Buffer-Op_-base_model.m_stage0.encoder.layer.1.attention.self-softmax_82-out_0-stage_id_0](buffer_size:4) 
 from [base_model.m_stage0.encoder.layer.1.attention.self-softmax_82] (stage_id:0) -> [base_model.m_stage0.encoder.layer.1.attention.self-softmax_82_grad] (stage_id:0) 
I1222 14:51:41.840308 84078 pipeline_buffer_pass.cpp:117] 
 Insert buffer op : [System-Pipeline-Buffer-Op_-base_model.m_stage0.encoder.layer.0.output.LayerNorm-layer_norm_65-y_0-stage_id_0](buffer_size:4) 
 from [base_model.m_stage0.encoder.layer.0.output.LayerNorm-layer_norm_65] (stage_id:0) -> [base_model.m_stage0.encoder.layer.1.attention.self.value-broadcast_matmul_74_b_grad] (stage_id:0) 
I1222 14:51:41.840375 84078 pipeline_buffer_pass.cpp:117] 
 Insert buffer op : [System-Pipeline-Buffer-Op_-base_model.m_stage0.encoder.layer.1.attention.self-transpose_78-output_0-stage_id_0](buffer_size:4) 
 from [base_model.m_stage0.encoder.layer.1.attention.self-transpose_78] (stage_id:0) -> [base_model.m_stage0.encoder.layer.1.attention.self-batch_matmul_79_grad_a] (stage_id:0) 
I1222 14:51:41.840441 84078 pipeline_buffer_pass.cpp:117] 
 Insert buffer op : [System-Pipeline-Buffer-Op_-base_model.m_stage0.encoder.layer.1.attention.self-transpose_69-output_0-stage_id_0](buffer_size:4) 
 from [base_model.m_stage0.encoder.layer.1.attention.self-transpose_69] (stage_id:0) -> [base_model.m_stage0.encoder.layer.1.attention.self-batch_matmul_79_grad_b] (stage_id:0) 
I1222 14:51:41.840561 84078 pipeline_buffer_pass.cpp:117] 
 Insert buffer op : [System-Pipeline-Buffer-Op_-base_model.m_stage0.encoder.layer.0.output.LayerNorm-layer_norm_65-normalized_0-stage_id_0](buffer_size:4) 
 from [base_model.m_stage0.encoder.layer.0.output.LayerNorm-layer_norm_65] (stage_id:0) -> [base_model.m_stage0.encoder.layer.0.output.LayerNorm-layer_norm_65_param_grad] (stage_id:0) 
I1222 14:51:41.840631 84078 pipeline_buffer_pass.cpp:117] 
 Insert buffer op : [System-Pipeline-Buffer-Op_-base_model.m_stage0.encoder.layer.0.output-add_n_64-out_0-stage_id_0](buffer_size:4) 
 from [base_model.m_stage0.encoder.layer.0.output-add_n_64] (stage_id:0) -> [base_model.m_stage0.encoder.layer.0.output.LayerNorm-layer_norm_65_grad] (stage_id:0) 
I1222 14:51:41.840695 84078 pipeline_buffer_pass.cpp:117] 
 Insert buffer op : [System-Pipeline-Buffer-Op_-base_model.m_stage0.encoder.layer.0.output.LayerNorm-layer_norm_65-mean_0-stage_id_0](buffer_size:4) 
 from [base_model.m_stage0.encoder.layer.0.output.LayerNorm-layer_norm_65] (stage_id:0) -> [base_model.m_stage0.encoder.layer.0.output.LayerNorm-layer_norm_65_grad] (stage_id:0) 
I1222 14:51:41.840754 84078 pipeline_buffer_pass.cpp:117] 
 Insert buffer op : [System-Pipeline-Buffer-Op_-base_model.m_stage0.encoder.layer.0.output.LayerNorm-layer_norm_65-inv_variance_0-stage_id_0](buffer_size:4) 
 from [base_model.m_stage0.encoder.layer.0.output.LayerNorm-layer_norm_65] (stage_id:0) -> [base_model.m_stage0.encoder.layer.0.output.LayerNorm-layer_norm_65_grad] (stage_id:0) 
I1222 14:51:41.840819 84078 pipeline_buffer_pass.cpp:117] 
 Insert buffer op : [System-Pipeline-Buffer-Op_-base_model.m_stage0.encoder.layer.0.output.dropout-dropout_63-mask_0-stage_id_0](buffer_size:4) 
 from [base_model.m_stage0.encoder.layer.0.output.dropout-dropout_63] (stage_id:0) -> [base_model.m_stage0.encoder.layer.0.output.dropout-dropout_63_grad] (stage_id:0) 
I1222 14:51:41.840919 84078 pipeline_buffer_pass.cpp:117] 
 Insert buffer op : [System-Pipeline-Buffer-Op_-base_model.m_stage0.encoder.layer.0.intermediate.intermediate_act_fn-gelu_60-out_0-stage_id_0](buffer_size:4) 
 from [base_model.m_stage0.encoder.layer.0.intermediate.intermediate_act_fn-gelu_60] (stage_id:0) -> [base_model.m_stage0.encoder.layer.0.output.dense-broadcast_matmul_61_b_grad] (stage_id:0) 
I1222 14:51:41.841485 84078 pipeline_buffer_pass.cpp:117] 
 Insert buffer op : [System-Pipeline-Buffer-Op_-base_model.m_stage0.encoder.layer.0.intermediate.dense-broadcast_add_59-z_0-stage_id_0](buffer_size:4) 
 from [base_model.m_stage0.encoder.layer.0.intermediate.dense-broadcast_add_59] (stage_id:0) -> [base_model.m_stage0.encoder.layer.0.intermediate.intermediate_act_fn-gelu_60_grad] (stage_id:0) 
I1222 14:51:41.841562 84078 pipeline_buffer_pass.cpp:117] 
 Insert buffer op : [System-Pipeline-Buffer-Op_-base_model.m_stage0.encoder.layer.0.attention.output.LayerNorm-layer_norm_57-y_0-stage_id_0](buffer_size:4) 
 from [base_model.m_stage0.encoder.layer.0.attention.output.LayerNorm-layer_norm_57] (stage_id:0) -> [base_model.m_stage0.encoder.layer.0.intermediate.dense-broadcast_matmul_58_b_grad] (stage_id:0) 
I1222 14:51:41.841632 84078 pipeline_buffer_pass.cpp:117] 
 Insert buffer op : [System-Pipeline-Buffer-Op_-base_model.m_stage0.encoder.layer.0.attention.output.LayerNorm-layer_norm_57-normalized_0-stage_id_0](buffer_size:4) 
 from [base_model.m_stage0.encoder.layer.0.attention.output.LayerNorm-layer_norm_57] (stage_id:0) -> [base_model.m_stage0.encoder.layer.0.attention.output.LayerNorm-layer_norm_57_param_grad] (stage_id:0) 
I1222 14:51:41.841699 84078 pipeline_buffer_pass.cpp:117] 
 Insert buffer op : [System-Pipeline-Buffer-Op_-base_model.m_stage0.encoder.layer.0.attention.output-add_n_56-out_0-stage_id_0](buffer_size:4) 
 from [base_model.m_stage0.encoder.layer.0.attention.output-add_n_56] (stage_id:0) -> [base_model.m_stage0.encoder.layer.0.attention.output.LayerNorm-layer_norm_57_grad] (stage_id:0) 
I1222 14:51:41.841765 84078 pipeline_buffer_pass.cpp:117] 
 Insert buffer op : [System-Pipeline-Buffer-Op_-base_model.m_stage0.encoder.layer.0.attention.output.LayerNorm-layer_norm_57-mean_0-stage_id_0](buffer_size:4) 
 from [base_model.m_stage0.encoder.layer.0.attention.output.LayerNorm-layer_norm_57] (stage_id:0) -> [base_model.m_stage0.encoder.layer.0.attention.output.LayerNorm-layer_norm_57_grad] (stage_id:0) 
I1222 14:51:41.841823 84078 pipeline_buffer_pass.cpp:117] 
 Insert buffer op : [System-Pipeline-Buffer-Op_-base_model.m_stage0.encoder.layer.0.attention.output.LayerNorm-layer_norm_57-inv_variance_0-stage_id_0](buffer_size:4) 
 from [base_model.m_stage0.encoder.layer.0.attention.output.LayerNorm-layer_norm_57] (stage_id:0) -> [base_model.m_stage0.encoder.layer.0.attention.output.LayerNorm-layer_norm_57_grad] (stage_id:0) 
I1222 14:51:41.841887 84078 pipeline_buffer_pass.cpp:117] 
 Insert buffer op : [System-Pipeline-Buffer-Op_-base_model.m_stage0.encoder.layer.0.attention.output.dropout-dropout_55-mask_0-stage_id_0](buffer_size:4) 
 from [base_model.m_stage0.encoder.layer.0.attention.output.dropout-dropout_55] (stage_id:0) -> [base_model.m_stage0.encoder.layer.0.attention.output.dropout-dropout_55_grad] (stage_id:0) 
I1222 14:51:41.841957 84078 pipeline_buffer_pass.cpp:117] 
 Insert buffer op : [System-Pipeline-Buffer-Op_-base_model.m_stage0.encoder.layer.0.attention.self-reshape_52-out_0-stage_id_0](buffer_size:4) 
 from [base_model.m_stage0.encoder.layer.0.attention.self-reshape_52] (stage_id:0) -> [base_model.m_stage0.encoder.layer.0.attention.output.dense-broadcast_matmul_53_b_grad] (stage_id:0) 
I1222 14:51:41.842026 84078 pipeline_buffer_pass.cpp:117] 
 Insert buffer op : [System-Pipeline-Buffer-Op_-base_model.m_stage0.encoder.layer.0.attention.self-transpose_43-output_0-stage_id_0](buffer_size:4) 
 from [base_model.m_stage0.encoder.layer.0.attention.self-transpose_43] (stage_id:0) -> [base_model.m_stage0.encoder.layer.0.attention.self-batch_matmul_50_grad_a] (stage_id:0) 
I1222 14:51:41.842124 84078 pipeline_buffer_pass.cpp:117] 
 Insert buffer op : [System-Pipeline-Buffer-Op_-base_model.m_stage0.encoder.layer.0.attention.self.dropout-dropout_49-out_0-stage_id_0](buffer_size:4) 
 from [base_model.m_stage0.encoder.layer.0.attention.self.dropout-dropout_49] (stage_id:0) -> [base_model.m_stage0.encoder.layer.0.attention.self-batch_matmul_50_grad_b] (stage_id:0) 
I1222 14:51:41.842741 84078 pipeline_buffer_pass.cpp:117] 
 Insert buffer op : [System-Pipeline-Buffer-Op_-base_model.m_stage0.encoder.layer.0.attention.self.dropout-dropout_49-mask_0-stage_id_0](buffer_size:4) 
 from [base_model.m_stage0.encoder.layer.0.attention.self.dropout-dropout_49] (stage_id:0) -> [base_model.m_stage0.encoder.layer.0.attention.self.dropout-dropout_49_grad] (stage_id:0) 
I1222 14:51:41.842810 84078 pipeline_buffer_pass.cpp:117] 
 Insert buffer op : [System-Pipeline-Buffer-Op_-base_model.m_stage0.encoder.layer.0.attention.self-softmax_48-out_0-stage_id_0](buffer_size:4) 
 from [base_model.m_stage0.encoder.layer.0.attention.self-softmax_48] (stage_id:0) -> [base_model.m_stage0.encoder.layer.0.attention.self-softmax_48_grad] (stage_id:0) 
I1222 14:51:41.842883 84078 pipeline_buffer_pass.cpp:117] 
 Insert buffer op : [System-Pipeline-Buffer-Op_-base_model.m_stage0.embeddings.dropout-dropout_25-out_0-stage_id_0](buffer_size:4) 
 from [base_model.m_stage0.embeddings.dropout-dropout_25] (stage_id:0) -> [base_model.m_stage0.encoder.layer.0.attention.self.value-broadcast_matmul_40_b_grad] (stage_id:0) 
I1222 14:51:41.842950 84078 pipeline_buffer_pass.cpp:117] 
 Insert buffer op : [System-Pipeline-Buffer-Op_-base_model.m_stage0.encoder.layer.0.attention.self-transpose_44-output_0-stage_id_0](buffer_size:4) 
 from [base_model.m_stage0.encoder.layer.0.attention.self-transpose_44] (stage_id:0) -> [base_model.m_stage0.encoder.layer.0.attention.self-batch_matmul_45_grad_a] (stage_id:0) 
I1222 14:51:41.843015 84078 pipeline_buffer_pass.cpp:117] 
 Insert buffer op : [System-Pipeline-Buffer-Op_-base_model.m_stage0.encoder.layer.0.attention.self-transpose_35-output_0-stage_id_0](buffer_size:4) 
 from [base_model.m_stage0.encoder.layer.0.attention.self-transpose_35] (stage_id:0) -> [base_model.m_stage0.encoder.layer.0.attention.self-batch_matmul_45_grad_b] (stage_id:0) 
I1222 14:51:41.843127 84078 pipeline_buffer_pass.cpp:117] 
 Insert buffer op : [System-Pipeline-Buffer-Op_-base_model.m_stage0.embeddings.dropout-dropout_25-mask_0-stage_id_0](buffer_size:4) 
 from [base_model.m_stage0.embeddings.dropout-dropout_25] (stage_id:0) -> [base_model.m_stage0.embeddings.dropout-dropout_25_grad] (stage_id:0) 
I1222 14:51:41.843194 84078 pipeline_buffer_pass.cpp:117] 
 Insert buffer op : [System-Pipeline-Buffer-Op_-base_model.m_stage0.embeddings.LayerNorm-layer_norm_24-normalized_0-stage_id_0](buffer_size:4) 
 from [base_model.m_stage0.embeddings.LayerNorm-layer_norm_24] (stage_id:0) -> [base_model.m_stage0.embeddings.LayerNorm-layer_norm_24_param_grad] (stage_id:0) 
I1222 14:51:41.843262 84078 pipeline_buffer_pass.cpp:117] 
 Insert buffer op : [System-Pipeline-Buffer-Op_-base_model.m_stage0.embeddings-broadcast_add_23-z_0-stage_id_0](buffer_size:4) 
 from [base_model.m_stage0.embeddings-broadcast_add_23] (stage_id:0) -> [base_model.m_stage0.embeddings.LayerNorm-layer_norm_24_grad] (stage_id:0) 
I1222 14:51:41.843329 84078 pipeline_buffer_pass.cpp:117] 
 Insert buffer op : [System-Pipeline-Buffer-Op_-base_model.m_stage0.embeddings.LayerNorm-layer_norm_24-mean_0-stage_id_0](buffer_size:4) 
 from [base_model.m_stage0.embeddings.LayerNorm-layer_norm_24] (stage_id:0) -> [base_model.m_stage0.embeddings.LayerNorm-layer_norm_24_grad] (stage_id:0) 
I1222 14:51:41.843389 84078 pipeline_buffer_pass.cpp:117] 
 Insert buffer op : [System-Pipeline-Buffer-Op_-base_model.m_stage0.embeddings.LayerNorm-layer_norm_24-inv_variance_0-stage_id_0](buffer_size:4) 
 from [base_model.m_stage0.embeddings.LayerNorm-layer_norm_24] (stage_id:0) -> [base_model.m_stage0.embeddings.LayerNorm-layer_norm_24_grad] (stage_id:0) 
I1222 14:51:41.843499 84078 pipeline_buffer_pass.cpp:117] 
 Insert buffer op : [System-Pipeline-Buffer-Op_-base_model.m_stage0.embeddings.position_embeddings-gather_20-out_0-stage_id_0](buffer_size:4) 
 from [base_model.m_stage0.embeddings.position_embeddings-gather_20] (stage_id:0) -> [base_model.m_stage0.embeddings-broadcast_add_23_y_grad_reduce_sum_like] (stage_id:0) 
I1222 14:51:41.843973 84078 pipeline_buffer_pass.cpp:117] 
 Insert buffer op : [System-Pipeline-Buffer-Op_-base_model.m_stage0.embeddings-slice_19-y_0-stage_id_0](buffer_size:4) 
 from [base_model.m_stage0.embeddings-slice_19] (stage_id:0) -> [base_model.m_stage0.embeddings.position_embeddings-gather_20_grad] (stage_id:0) 
I1222 14:51:41.844044 84078 pipeline_buffer_pass.cpp:117] 
 Insert buffer op : [System-Pipeline-Buffer-Op_-base_model-identity_15-out_0-stage_id_0](buffer_size:4) 
 from [base_model-identity_15] (stage_id:0) -> [base_model.m_stage0.embeddings.word_embeddings-gather_18_grad] (stage_id:0) 
I1222 14:51:41.844115 84078 pipeline_buffer_pass.cpp:117] 
 Insert buffer op : [System-Pipeline-Buffer-Op_-base_model-identity_16-out_0-stage_id_0](buffer_size:4) 
 from [base_model-identity_16] (stage_id:0) -> [base_model.m_stage0.embeddings.token_type_embeddings-gather_21_grad] (stage_id:0) 
I1222 14:51:41.844696 84078 pipeline_buffer_pass.cpp:117] 
 Insert buffer op : [System-Pipeline-Buffer-Op_-_train_data_loader-hierarchical_parallel_cast_8-out_0-stage_id_0](buffer_size:4) 
 from [_train_data_loader-hierarchical_parallel_cast_8] (stage_id:0) -> [base_model-identity_15] (stage_id:0) 
I1222 14:51:41.844780 84078 pipeline_buffer_pass.cpp:117] 
 Insert buffer op : [System-Pipeline-Buffer-Op_-_train_data_loader-hierarchical_parallel_cast_11-out_0-stage_id_0](buffer_size:4) 
 from [_train_data_loader-hierarchical_parallel_cast_11] (stage_id:0) -> [base_model-identity_16] (stage_id:0) 
I1222 14:51:41.844846 84078 pipeline_buffer_pass.cpp:117] 
 Insert buffer op : [System-Pipeline-Buffer-Op_-_train_data_loader-hierarchical_parallel_cast_10-out_0-stage_id_0](buffer_size:4) 
 from [_train_data_loader-hierarchical_parallel_cast_10] (stage_id:0) -> [base_model-identity_17] (stage_id:0) 
I1222 14:51:41.845430 84078 pipeline_buffer_pass.cpp:212] 
 Insert buffer op pair : src_buffer = <System-Pipeline-Buffer-Op_-base_model-identity_440-out_0>(buffer_size:1) , dst_buffer = <System-Pipeline-Buffer-Op_-base_model-identity_440-out_0-stage_id_1>(buffer_size:1) 
 from [base_model-identity_440] (stage_id:0) -> [base_model-identity_441] (stage_id:1) 
I1222 14:51:41.845504 84078 pipeline_buffer_pass.cpp:117] 
 Insert buffer op : [System-Pipeline-Buffer-Op_-_train_data_loader-hierarchical_parallel_cast_10-out_0-stage_id_1](buffer_size:4) 
 from [_train_data_loader-hierarchical_parallel_cast_10] (stage_id:0) -> [base_model-identity_442] (stage_id:1) 
I1222 14:51:41.846076 84078 pipeline_buffer_pass.cpp:117] 
 Insert buffer op : [System-Pipeline-Buffer-Op_-_train_data_loader-hierarchical_parallel_cast_9-out_0-stage_id_1](buffer_size:4) 
 from [_train_data_loader-hierarchical_parallel_cast_9] (stage_id:0) -> [reshape_872] (stage_id:1) 
I1222 14:51:41.846155 84078 pipeline_buffer_pass.cpp:117] 
 Insert buffer op : [System-Pipeline-Buffer-Op_-_train_data_loader-hierarchical_parallel_cast_13-out_0-stage_id_1](buffer_size:4) 
 from [_train_data_loader-hierarchical_parallel_cast_13] (stage_id:0) -> [expand_dims_880] (stage_id:1) 
I1222 14:51:41.846222 84078 pipeline_buffer_pass.cpp:117] 
 Insert buffer op : [System-Pipeline-Buffer-Op_-_train_data_loader-hierarchical_parallel_cast_12-out_0-stage_id_1](buffer_size:4) 
 from [_train_data_loader-hierarchical_parallel_cast_12] (stage_id:0) -> [reshape_884] (stage_id:1) 
I1222 14:51:41.846292 84078 pipeline_buffer_pass.cpp:117] 
 Insert buffer op : [System-Pipeline-Buffer-Op_-_train_data_loader-hierarchical_parallel_cast_14-out_0-stage_id_1](buffer_size:4) 
 from [_train_data_loader-hierarchical_parallel_cast_14] (stage_id:0) -> [multiply_891] (stage_id:1) 
I1222 14:51:41.847600 84078 pipeline_buffer_pass.cpp:212] 
 Insert buffer op pair : src_buffer = <System-Pipeline-Buffer-Op_-base_model-identity_441_grad-out_0>(buffer_size:1) , dst_buffer = <System-Pipeline-Buffer-Op_-base_model-identity_441_grad-out_0-stage_id_0>(buffer_size:1) 
 from [base_model-identity_441_grad] (stage_id:1) -> [base_model-identity_440_grad] (stage_id:0) 
I1222 14:51:42.965543 84078 global.h:43] DeleteGlobal N7oneflow7JobDescE
I1222 14:51:44.272799 84078 global.h:36] NewGlobal N7oneflow7JobDescE
I1222 14:52:03.623643 84078 runtime_context.cpp:21] NewCounter constructing_actor_cnt 3144
I1222 14:52:03.624867 84412 naive_actor.cpp:25] actor 107760729459496 switch to &NaiveActor::HandlerNormal
I1222 14:52:03.625046 84412 thread.cpp:99] Thread 51384320 construct Actor kDeviceTick 107760729459496
I1222 14:52:03.625895 84412 runtime_context.cpp:29] DecreaseCounter constructing_actor_cnt, current val is 3143
I1222 14:52:03.626471 84412 naive_actor.cpp:25] actor 107760729459501 switch to &NaiveActor::HandlerNormal
I1222 14:52:03.626617 84412 thread.cpp:99] Thread 51384320 construct Actor kDeviceTick 107760729459501
I1222 14:52:03.626772 84412 runtime_context.cpp:29] DecreaseCounter constructing_actor_cnt, current val is 3142
I1222 14:52:03.626833 84420 wait_and_send_ids_actor.cpp:53] actor 106652764209152 switch to &WaitAndSendIdsActor::HandlerWaitToStart
I1222 14:52:03.626927 84420 thread.cpp:99] Thread 50856001 construct Actor kWaitAndSendIds 106652764209152
I1222 14:52:03.627014 84420 runtime_context.cpp:29] DecreaseCounter constructing_actor_cnt, current val is 3141
I1222 14:52:03.628096 84412 naive_actor.cpp:25] actor 107760729459499 switch to &NaiveActor::HandlerNormal
I1222 14:52:03.628201 84412 thread.cpp:99] Thread 51384320 construct Actor kDeviceTick 107760729459499
I1222 14:52:03.628338 84412 runtime_context.cpp:29] DecreaseCounter constructing_actor_cnt, current val is 3140
I1222 14:52:03.628764 84412 naive_actor.cpp:25] actor 107760729459505 switch to &NaiveActor::HandlerNormal
I1222 14:52:03.628856 84412 thread.cpp:99] Thread 51384320 construct Actor kDeviceTick 107760729459505
I1222 14:52:03.628962 84412 runtime_context.cpp:29] DecreaseCounter constructing_actor_cnt, current val is 3139
I1222 14:52:03.629345 84412 naive_actor.cpp:25] actor 107760729459503 switch to &NaiveActor::HandlerNormal
I1222 14:52:03.629436 84412 thread.cpp:99] Thread 51384320 construct Actor kDeviceTick 107760729459503
I1222 14:52:03.629554 84412 runtime_context.cpp:29] DecreaseCounter constructing_actor_cnt, current val is 3138
I1222 14:52:03.737530 84410 naive_actor.cpp:25] actor 106652629991424 switch to &NaiveActor::HandlerNormal
I1222 14:52:03.737530 84408 naive_actor.cpp:25] actor 106652640477184 switch to &NaiveActor::HandlerNormal
I1222 14:52:03.737550 84409 naive_actor.cpp:25] actor 106652632088576 switch to &NaiveActor::HandlerNormal
I1222 14:52:03.737596 84410 thread.cpp:99] Thread 50855937 construct Actor kNormalForward 106652629991424
I1222 14:52:03.737612 84406 naive_actor.cpp:25] actor 106652638380032 switch to &NaiveActor::HandlerNormal
I1222 14:52:03.737614 84407 naive_actor.cpp:25] actor 106652627894272 switch to &NaiveActor::HandlerNormal
I1222 14:52:03.737651 84408 thread.cpp:99] Thread 50855942 construct Actor kNormalForward 106652640477184
I1222 14:52:03.737710 84409 thread.cpp:99] Thread 50855938 construct Actor kNormalForward 106652632088576
I1222 14:52:03.737747 84405 naive_actor.cpp:25] actor 106652636282880 switch to &NaiveActor::HandlerNormal
I1222 14:52:03.737807 84410 runtime_context.cpp:29] DecreaseCounter constructing_actor_cnt, current val is 3137
I1222 14:52:03.737807 84406 thread.cpp:99] Thread 50855941 construct Actor kNormalForward 106652638380032
I1222 14:52:03.737862 84407 thread.cpp:99] Thread 50855936 construct Actor kNormalForward 106652627894272
I1222 14:52:03.737977 84412 naive_actor.cpp:25] actor 107760729456668 switch to &NaiveActor::HandlerNormal
I1222 14:52:03.738020 84405 thread.cpp:99] Thread 50855940 construct Actor kNormalForward 106652636282880
I1222 14:52:03.738023 84408 runtime_context.cpp:29] DecreaseCounter constructing_actor_cnt, current val is 3136
I1222 14:52:03.738049 84413 copy_comm_net_actor.cpp:66] actor 106652772597764 switch to &CopyCommNetActor::HandlerNormal
I1222 14:52:03.738057 84415 naive_actor.cpp:25] actor 107760735748141 switch to &NaiveActor::HandlerNormal
I1222 14:52:03.738068 84409 runtime_context.cpp:29] DecreaseCounter constructing_actor_cnt, current val is 3135
I1222 14:52:03.738142 84406 runtime_context.cpp:29] DecreaseCounter constructing_actor_cnt, current val is 3134
I1222 14:52:03.738204 84412 thread.cpp:99] Thread 51384320 construct Actor kNormalForward 107760729456668
I1222 14:52:03.738284 84407 runtime_context.cpp:29] DecreaseCounter constructing_actor_cnt, current val is 3133
I1222 14:52:03.738294 84418 naive_actor.cpp:25] actor 107760731553792 switch to &NaiveActor::HandlerNormal
I1222 14:52:03.739395 84419 naive_actor.cpp:25] actor 106652768403456 switch to &NaiveActor::HandlerNormal
I1222 14:52:03.738390 84405 runtime_context.cpp:29] DecreaseCounter constructing_actor_cnt, current val is 3132
I1222 14:52:03.738445 84423 naive_actor.cpp:25] actor 107760733650949 switch to &NaiveActor::HandlerNormal
I1222 14:52:03.738956 84424 naive_actor.cpp:25] actor 106652770500608 switch to &NaiveActor::HandlerNormal
I1222 14:52:03.738961 84425 naive_actor.cpp:25] actor 106652642574336 switch to &NaiveActor::HandlerNormal
I1222 14:52:03.739013 84413 thread.cpp:99] Thread 50856005 construct Actor kCopyCommNet 106652772597764
I1222 14:52:03.739082 84421 sink_actor.cpp:21] actor 106652766306304 switch to &SinkActor::HandlerNormal
I1222 14:52:03.739091 84415 thread.cpp:99] Thread 51384323 construct Actor kCollectiveBoxingGeneric 107760735748141
I1222 14:52:03.739174 84426 naive_actor.cpp:25] actor 106652644671488 switch to &NaiveActor::HandlerNormal
I1222 14:52:03.739802 84415 runtime_context.cpp:29] DecreaseCounter constructing_actor_cnt, current val is 3129
I1222 14:52:03.739305 84404 naive_actor.cpp:25] actor 106652634185728 switch to &NaiveActor::HandlerNormal
I1222 14:52:03.739986 84415 naive_actor.cpp:25] actor 107760735748167 switch to &NaiveActor::HandlerNormal
I1222 14:52:03.740033 84415 thread.cpp:99] Thread 51384323 construct Actor kCollectiveBoxingGeneric 107760735748167
I1222 14:52:03.739471 84419 thread.cpp:99] Thread 50856003 construct Actor kCriticalSectionWaitTick 106652768403456
I1222 14:52:03.739555 84423 thread.cpp:99] Thread 51384322 construct Actor kCopyHd 107760733650949
I1222 14:52:03.739573 84424 thread.cpp:99] Thread 50856004 construct Actor kCriticalSectionWaitTick 106652770500608
I1222 14:52:03.739619 84425 thread.cpp:99] Thread 50855943 construct Actor kNormalForward 106652642574336
I1222 14:52:03.740166 84419 runtime_context.cpp:29] DecreaseCounter constructing_actor_cnt, current val is 3126
I1222 14:52:03.739750 84421 thread.cpp:99] Thread 50856002 construct Actor kCallbackNotify 106652766306304
I1222 14:52:03.739270 84412 runtime_context.cpp:29] DecreaseCounter constructing_actor_cnt, current val is 3131
I1222 14:52:03.739811 84426 thread.cpp:99] Thread 50855944 construct Actor kNormalForward 106652644671488
I1222 14:52:03.738346 84416 naive_actor.cpp:25] actor 106652762112003 switch to &NaiveActor::HandlerNormal
I1222 14:52:03.740000 84404 thread.cpp:99] Thread 50855939 construct Actor kNormalForward 106652634185728
I1222 14:52:03.739418 84418 thread.cpp:99] Thread 51384321 construct Actor kCopyHd 107760731553792
I1222 14:52:03.740072 84415 runtime_context.cpp:29] DecreaseCounter constructing_actor_cnt, current val is 3128
I1222 14:52:03.740157 84423 runtime_context.cpp:29] DecreaseCounter constructing_actor_cnt, current val is 3127
I1222 14:52:03.740172 84424 runtime_context.cpp:29] DecreaseCounter constructing_actor_cnt, current val is 3125
I1222 14:52:03.739692 84413 runtime_context.cpp:29] DecreaseCounter constructing_actor_cnt, current val is 3130
I1222 14:52:03.740196 84425 runtime_context.cpp:29] DecreaseCounter constructing_actor_cnt, current val is 3124
I1222 14:52:03.740839 84415 naive_actor.cpp:25] actor 107760735748182 switch to &NaiveActor::HandlerNormal
I1222 14:52:03.740324 84426 runtime_context.cpp:29] DecreaseCounter constructing_actor_cnt, current val is 3122
I1222 14:52:03.740360 84416 thread.cpp:99] Thread 50856000 construct Actor kTick 106652762112003
I1222 14:52:03.740581 84404 runtime_context.cpp:29] DecreaseCounter constructing_actor_cnt, current val is 3121
I1222 14:52:03.740661 84418 runtime_context.cpp:29] DecreaseCounter constructing_actor_cnt, current val is 3120
I1222 14:52:03.740799 84423 naive_actor.cpp:25] actor 107760733650944 switch to &NaiveActor::HandlerNormal
I1222 14:52:03.740286 84421 runtime_context.cpp:29] DecreaseCounter constructing_actor_cnt, current val is 3123
I1222 14:52:03.740895 84413 copy_comm_net_actor.cpp:66] actor 106652772597761 switch to &CopyCommNetActor::HandlerNormal
I1222 14:52:03.741017 84412 naive_actor.cpp:25] actor 107760729456659 switch to &NaiveActor::HandlerNormal
I1222 14:52:03.741268 84415 thread.cpp:99] Thread 51384323 construct Actor kCollectiveBoxingGeneric 107760735748182
I1222 14:52:03.741355 84416 runtime_context.cpp:29] DecreaseCounter constructing_actor_cnt, current val is 3119
I1222 14:52:03.741511 84423 thread.cpp:99] Thread 51384322 construct Actor kCopyHd 107760733650944
I1222 14:52:03.741578 84413 thread.cpp:99] Thread 50856005 construct Actor kCopyCommNet 106652772597761
I1222 14:52:03.741644 84412 thread.cpp:99] Thread 51384320 construct Actor kNormalForward 107760729456659
I1222 14:52:03.741685 84415 runtime_context.cpp:29] DecreaseCounter constructing_actor_cnt, current val is 3118
I1222 14:52:03.741745 84423 runtime_context.cpp:29] DecreaseCounter constructing_actor_cnt, current val is 3117
I1222 14:52:03.741791 84413 runtime_context.cpp:29] DecreaseCounter constructing_actor_cnt, current val is 3116
I1222 14:52:03.741824 84418 naive_actor.cpp:25] actor 107760731553794 switch to &NaiveActor::HandlerNormal
I1222 14:52:03.741863 84412 runtime_context.cpp:29] DecreaseCounter constructing_actor_cnt, current val is 3115
I1222 14:52:03.741940 84416 naive_actor.cpp:25] actor 106652762112007 switch to &NaiveActor::HandlerNormal
I1222 14:52:03.741977 84423 naive_actor.cpp:25] actor 107760733650955 switch to &NaiveActor::HandlerNormal
I1222 14:52:03.741997 84415 naive_actor.cpp:25] actor 107760735748223 switch to &NaiveActor::HandlerNormal
I1222 14:52:03.742033 84413 copy_comm_net_actor.cpp:66] actor 106652772597762 switch to &CopyCommNetActor::HandlerNormal
I1222 14:52:03.742271 84413 thread.cpp:99] Thread 50856005 construct Actor kCopyCommNet 106652772597762
I1222 14:52:03.742151 84416 thread.cpp:99] Thread 50856000 construct Actor kDstSubsetTick 106652762112007
I1222 14:52:03.742184 84423 thread.cpp:99] Thread 51384322 construct Actor kCopyHd 107760733650955
I1222 14:52:03.742223 84415 thread.cpp:99] Thread 51384323 construct Actor kCollectiveBoxingGeneric 107760735748223
I1222 14:52:03.742062 84418 thread.cpp:99] Thread 51384321 construct Actor kCopyHd 107760731553794
I1222 14:52:03.742327 84413 runtime_context.cpp:29] DecreaseCounter constructing_actor_cnt, current val is 3114
I1222 14:52:03.742378 84416 runtime_context.cpp:29] DecreaseCounter constructing_actor_cnt, current val is 3113
I1222 14:52:03.742383 84423 runtime_context.cpp:29] DecreaseCounter constructing_actor_cnt, current val is 3112
I1222 14:52:03.742419 84415 runtime_context.cpp:29] DecreaseCounter constructing_actor_cnt, current val is 3111
I1222 14:52:03.742539 84418 runtime_context.cpp:29] DecreaseCounter constructing_actor_cnt, current val is 3110
I1222 14:52:03.742631 84413 copy_comm_net_actor.cpp:66] actor 106652772597763 switch to &CopyCommNetActor::HandlerNormal
I1222 14:52:03.742694 84423 naive_actor.cpp:25] actor 107760733650953 switch to &NaiveActor::HandlerNormal
I1222 14:52:03.742745 84412 naive_actor.cpp:25] actor 107760729456658 switch to &NaiveActor::HandlerNormal
I1222 14:52:03.742756 84415 naive_actor.cpp:25] actor 107760735748242 switch to &NaiveActor::HandlerNormal
I1222 14:52:03.742784 84413 thread.cpp:99] Thread 50856005 construct Actor kCopyCommNet 106652772597763
I1222 14:52:03.742841 84423 thread.cpp:99] Thread 51384322 construct Actor kCopyHd 107760733650953
I1222 14:52:03.742893 84412 thread.cpp:99] Thread 51384320 construct Actor kNormalForward 107760729456658
I1222 14:52:03.742888 84416 naive_actor.cpp:25] actor 106652762112006 switch to &NaiveActor::HandlerNormal
I1222 14:52:03.743455 84412 runtime_context.cpp:29] DecreaseCounter constructing_actor_cnt, current val is 3107
I1222 14:52:03.743017 84418 naive_actor.cpp:25] actor 107760731553793 switch to &NaiveActor::HandlerNormal
I1222 14:52:03.743371 84413 runtime_context.cpp:29] DecreaseCounter constructing_actor_cnt, current val is 3109
I1222 14:52:03.743397 84423 runtime_context.cpp:29] DecreaseCounter constructing_actor_cnt, current val is 3108
I1222 14:52:03.742974 84415 thread.cpp:99] Thread 51384323 construct Actor kCollectiveBoxingGeneric 107760735748242
I1222 14:52:03.743464 84416 thread.cpp:99] Thread 50856000 construct Actor kSrcSubsetTick 106652762112006
I1222 14:52:03.743626 84418 thread.cpp:99] Thread 51384321 construct Actor kCopyHd 107760731553793
I1222 14:52:03.743748 84412 naive_actor.cpp:25] actor 107760729456650 switch to &NaiveActor::HandlerNormal
I1222 14:52:03.743767 84415 runtime_context.cpp:29] DecreaseCounter constructing_actor_cnt, current val is 3106
I1222 14:52:03.743793 84423 naive_actor.cpp:25] actor 107760733650950 switch to &NaiveActor::HandlerNormal
I1222 14:52:03.743783 84413 copy_comm_net_actor.cpp:66] actor 106652772597767 switch to &CopyCommNetActor::HandlerNormal
I1222 14:52:03.743814 84416 runtime_context.cpp:29] DecreaseCounter constructing_actor_cnt, current val is 3105
I1222 14:52:03.743892 84412 thread.cpp:99] Thread 51384320 construct Actor kNormalForward 107760729456650
I1222 14:52:03.743906 84418 runtime_context.cpp:29] DecreaseCounter constructing_actor_cnt, current val is 3104
I1222 14:52:03.743949 84423 thread.cpp:99] Thread 51384322 construct Actor kCopyHd 107760733650950
I1222 14:52:03.743999 84413 thread.cpp:99] Thread 50856005 construct Actor kCopyCommNet 106652772597767
I1222 14:52:03.744045 84415 naive_actor.cpp:25] actor 107760735748100 switch to &NaiveActor::HandlerNormal
I1222 14:52:03.744118 84412 runtime_context.cpp:29] DecreaseCounter constructing_actor_cnt, current val is 3103
I1222 14:52:03.744223 84423 runtime_context.cpp:29] DecreaseCounter constructing_actor_cnt, current val is 3102
I1222 14:52:03.744259 84416 naive_actor.cpp:25] actor 106652762112005 switch to &NaiveActor::HandlerNormal
I1222 14:52:03.744266 84413 runtime_context.cpp:29] DecreaseCounter constructing_actor_cnt, current val is 3101
I1222 14:52:03.744429 84423 naive_actor.cpp:25] actor 107760733650960 switch to &NaiveActor::HandlerNormal
I1222 14:52:03.744393 84416 thread.cpp:99] Thread 50856000 construct Actor kTick 106652762112005
I1222 14:52:03.744300 84415 thread.cpp:99] Thread 51384323 construct Actor kCollectiveBoxingGeneric 107760735748100
I1222 14:52:03.744477 84423 thread.cpp:99] Thread 51384322 construct Actor kCopyHd 107760733650960
I1222 14:52:03.744546 84416 runtime_context.cpp:29] DecreaseCounter constructing_actor_cnt, current val is 3100
I1222 14:52:03.744556 84412 naive_actor.cpp:25] actor 107760729456654 switch to &NaiveActor::HandlerNormal
I1222 14:52:03.744558 84415 runtime_context.cpp:29] DecreaseCounter constructing_actor_cnt, current val is 3099
I1222 14:52:03.744591 84423 runtime_context.cpp:29] DecreaseCounter constructing_actor_cnt, current val is 3098
I1222 14:52:03.744663 84412 thread.cpp:99] Thread 51384320 construct Actor kNormalForward 107760729456654
I1222 14:52:03.744709 84413 copy_comm_net_actor.cpp:66] actor 106652772597760 switch to &CopyCommNetActor::HandlerNormal
I1222 14:52:03.744812 84415 naive_actor.cpp:25] actor 107760735748251 switch to &NaiveActor::HandlerNormal
I1222 14:52:03.744825 84412 runtime_context.cpp:29] DecreaseCounter constructing_actor_cnt, current val is 3097
I1222 14:52:03.744836 84423 naive_actor.cpp:25] actor 107760733650956 switch to &NaiveActor::HandlerNormal
I1222 14:52:03.744863 84413 thread.cpp:99] Thread 50856005 construct Actor kCopyCommNet 106652772597760
I1222 14:52:03.744905 84415 thread.cpp:99] Thread 51384323 construct Actor kCollectiveBoxingGeneric 107760735748251
I1222 14:52:03.745494 84412 naive_actor.cpp:25] actor 107760729456640 switch to &NaiveActor::HandlerNormal
I1222 14:52:03.745023 84423 thread.cpp:99] Thread 51384322 construct Actor kCopyHd 107760733650956
I1222 14:52:03.745462 84413 runtime_context.cpp:29] DecreaseCounter constructing_actor_cnt, current val is 3096
I1222 14:52:03.744935 84416 naive_actor.cpp:25] actor 106652762112009 switch to &NaiveActor::HandlerNormal
I1222 14:52:03.745558 84412 thread.cpp:99] Thread 51384320 construct Actor kNormalForward 107760729456640
I1222 14:52:03.745564 84415 runtime_context.cpp:29] DecreaseCounter constructing_actor_cnt, current val is 3095
I1222 14:52:03.745606 84423 runtime_context.cpp:29] DecreaseCounter constructing_actor_cnt, current val is 3094
I1222 14:52:03.745693 84416 thread.cpp:99] Thread 50856000 construct Actor kDstSubsetTick 106652762112009
I1222 14:52:03.745748 84413 copy_comm_net_actor.cpp:66] actor 106652772597769 switch to &CopyCommNetActor::HandlerNormal
I1222 14:52:03.745755 84412 runtime_context.cpp:29] DecreaseCounter constructing_actor_cnt, current val is 3093
I1222 14:52:03.745846 84416 runtime_context.cpp:29] DecreaseCounter constructing_actor_cnt, current val is 3092
I1222 14:52:03.745867 84413 thread.cpp:99] Thread 50856005 construct Actor kCopyCommNet 106652772597769
I1222 14:52:03.745869 84415 naive_actor.cpp:25] actor 107760735748266 switch to &NaiveActor::HandlerNormal
I1222 14:52:03.745877 84423 naive_actor.cpp:25] actor 107760733650957 switch to &NaiveActor::HandlerNormal
I1222 14:52:03.746001 84413 runtime_context.cpp:29] DecreaseCounter constructing_actor_cnt, current val is 3091
I1222 14:52:03.746027 84415 thread.cpp:99] Thread 51384323 construct Actor kCollectiveBoxingGeneric 107760735748266
I1222 14:52:03.746062 84423 thread.cpp:99] Thread 51384322 construct Actor kCopyHd 107760733650957
I1222 14:52:03.746160 84415 runtime_context.cpp:29] DecreaseCounter constructing_actor_cnt, current val is 3090
I1222 14:52:03.746177 84423 runtime_context.cpp:29] DecreaseCounter constructing_actor_cnt, current val is 3089
I1222 14:52:03.746172 84416 naive_actor.cpp:25] actor 106652762112001 switch to &NaiveActor::HandlerNormal
I1222 14:52:03.746220 84413 copy_comm_net_actor.cpp:66] actor 106652772597782 switch to &CopyCommNetActor::HandlerNormal
I1222 14:52:03.746304 84416 thread.cpp:99] Thread 50856000 construct Actor kTick 106652762112001
I1222 14:52:03.746341 84423 naive_actor.cpp:25] actor 107760733650945 switch to &NaiveActor::HandlerNormal
I1222 14:52:03.746326 84415 naive_actor.cpp:25] actor 107760735748129 switch to &NaiveActor::HandlerNormal
I1222 14:52:03.746361 84413 thread.cpp:99] Thread 50856005 construct Actor kCopyCommNet 106652772597782
I1222 14:52:03.746413 84423 thread.cpp:99] Thread 51384322 construct Actor kCopyHd 107760733650945
I1222 14:52:03.746414 84416 runtime_context.cpp:29] DecreaseCounter constructing_actor_cnt, current val is 3088
I1222 14:52:03.746526 84412 naive_actor.cpp:25] actor 107760729456645 switch to &NaiveActor::HandlerNormal
I1222 14:52:03.746490 84413 runtime_context.cpp:29] DecreaseCounter constructing_actor_cnt, current val is 3087
I1222 14:52:03.746516 84423 runtime_context.cpp:29] DecreaseCounter constructing_actor_cnt, current val is 3086
I1222 14:52:03.746443 84415 thread.cpp:99] Thread 51384323 construct Actor kCollectiveBoxingGeneric 107760735748129
I1222 14:52:03.746601 84412 thread.cpp:99] Thread 51384320 construct Actor kNormalForward 107760729456645
I1222 14:52:03.746749 84415 runtime_context.cpp:29] DecreaseCounter constructing_actor_cnt, current val is 3085
I1222 14:52:03.746758 84413 copy_comm_net_actor.cpp:66] actor 106652772597781 switch to &CopyCommNetActor::HandlerNormal
I1222 14:52:03.746796 84412 runtime_context.cpp:29] DecreaseCounter constructing_actor_cnt, current val is 3084
I1222 14:52:03.746848 84413 thread.cpp:99] Thread 50856005 construct Actor kCopyCommNet 106652772597781
I1222 14:52:03.746898 84415 naive_actor.cpp:25] actor 107760735748273 switch to &NaiveActor::HandlerNormal
I1222 14:52:03.746912 84423 naive_actor.cpp:25] actor 107760733650946 switch to &NaiveActor::HandlerNormal
I1222 14:52:03.746961 84416 naive_actor.cpp:25] actor 106652762112002 switch to &NaiveActor::HandlerNormal
I1222 14:52:03.747022 84413 runtime_context.cpp:29] DecreaseCounter constructing_actor_cnt, current val is 3083
I1222 14:52:03.747124 84412 naive_actor.cpp:25] actor 107760729456700 switch to &NaiveActor::HandlerNormal
I1222 14:52:03.747399 84415 thread.cpp:99] Thread 51384323 construct Actor kCollectiveBoxingGeneric 107760735748273
I1222 14:52:03.747431 84423 thread.cpp:99] Thread 51384322 construct Actor kCopyHd 107760733650946
I1222 14:52:03.747613 84415 runtime_context.cpp:29] DecreaseCounter constructing_actor_cnt, current val is 3082
I1222 14:52:03.747560 84412 thread.cpp:99] Thread 51384320 construct Actor kNormalForward 107760729456700
I1222 14:52:03.747467 84416 thread.cpp:99] Thread 50856000 construct Actor kDstSubsetTick 106652762112002
I1222 14:52:03.747629 84423 runtime_context.cpp:29] DecreaseCounter constructing_actor_cnt, current val is 3081
I1222 14:52:03.747628 84413 copy_comm_net_actor.cpp:66] actor 106652772597765 switch to &CopyCommNetActor::HandlerNormal
I1222 14:52:03.747725 84412 runtime_context.cpp:29] DecreaseCounter constructing_actor_cnt, current val is 3080
I1222 14:52:03.747843 84423 naive_actor.cpp:25] actor 107760733650962 switch to &NaiveActor::HandlerNormal
I1222 14:52:03.747772 84415 naive_actor.cpp:25] actor 107760735748096 switch to &NaiveActor::HandlerNormal
I1222 14:52:03.747807 84413 thread.cpp:99] Thread 50856005 construct Actor kCopyCommNet 106652772597765
I1222 14:52:03.747762 84416 runtime_context.cpp:29] DecreaseCounter constructing_actor_cnt, current val is 3079
I1222 14:52:03.747880 84423 thread.cpp:99] Thread 51384322 construct Actor kCopyHd 107760733650962
I1222 14:52:03.747921 84415 thread.cpp:99] Thread 51384323 construct Actor kCollectiveBoxingGeneric 107760735748096
I1222 14:52:03.748072 84412 naive_actor.cpp:25] actor 107760729456691 switch to &NaiveActor::HandlerNormal
I1222 14:52:03.748054 84423 runtime_context.cpp:29] DecreaseCounter constructing_actor_cnt, current val is 3077
I1222 14:52:03.748008 84413 runtime_context.cpp:29] DecreaseCounter constructing_actor_cnt, current val is 3078
I1222 14:52:03.748090 84415 runtime_context.cpp:29] DecreaseCounter constructing_actor_cnt, current val is 3076
I1222 14:52:03.748121 84412 thread.cpp:99] Thread 51384320 construct Actor kNormalForward 107760729456691
I1222 14:52:03.748245 84423 naive_actor.cpp:25] actor 107760733650961 switch to &NaiveActor::HandlerNormal
I1222 14:52:03.748302 84423 thread.cpp:99] Thread 51384322 construct Actor kCopyHd 107760733650961
I1222 14:52:03.748307 84413 copy_comm_net_actor.cpp:66] actor 106652772597766 switch to &CopyCommNetActor::HandlerNormal
I1222 14:52:03.748312 84416 naive_actor.cpp:25] actor 106652762112000 switch to &NaiveActor::HandlerNormal
I1222 14:52:03.748319 84412 runtime_context.cpp:29] DecreaseCounter constructing_actor_cnt, current val is 3075
I1222 14:52:03.748355 84423 runtime_context.cpp:29] DecreaseCounter constructing_actor_cnt, current val is 3074
I1222 14:52:03.748366 84415 naive_actor.cpp:25] actor 107760735748287 switch to &NaiveActor::HandlerNormal
I1222 14:52:03.748400 84413 thread.cpp:99] Thread 50856005 construct Actor kCopyCommNet 106652772597766
I1222 14:52:03.748447 84416 thread.cpp:99] Thread 50856000 construct Actor kSrcSubsetTick 106652762112000
I1222 14:52:03.748555 84415 thread.cpp:99] Thread 51384323 construct Actor kCollectiveBoxingGeneric 107760735748287
I1222 14:52:03.748579 84423 naive_actor.cpp:25] actor 107760733650954 switch to &NaiveActor::HandlerNormal
I1222 14:52:03.748621 84413 runtime_context.cpp:29] DecreaseCounter constructing_actor_cnt, current val is 3073
I1222 14:52:03.748677 84416 runtime_context.cpp:29] DecreaseCounter constructing_actor_cnt, current val is 3072
I1222 14:52:03.748701 84415 runtime_context.cpp:29] DecreaseCounter constructing_actor_cnt, current val is 3071
I1222 14:52:03.748731 84423 thread.cpp:99] Thread 51384322 construct Actor kCopyHd 107760733650954
I1222 14:52:03.748881 84413 copy_comm_net_actor.cpp:66] actor 106652772597778 switch to &CopyCommNetActor::HandlerNormal
I1222 14:52:03.749135 84412 naive_actor.cpp:25] actor 107760729456657 switch to &NaiveActor::HandlerNormal
I1222 14:52:03.749153 84416 naive_actor.cpp:25] actor 106652762112004 switch to &NaiveActor::HandlerNormal
I1222 14:52:03.749296 84423 runtime_context.cpp:29] DecreaseCounter constructing_actor_cnt, current val is 3070
I1222 14:52:03.749325 84413 thread.cpp:99] Thread 50856005 construct Actor kCopyCommNet 106652772597778
I1222 14:52:03.749378 84415 naive_actor.cpp:25] actor 107760735748148 switch to &NaiveActor::HandlerNormal
I1222 14:52:03.749379 84412 thread.cpp:99] Thread 51384320 construct Actor kNormalForward 107760729456657
I1222 14:52:03.749428 84416 thread.cpp:99] Thread 50856000 construct Actor kTick 106652762112004
I1222 14:52:03.749527 84413 runtime_context.cpp:29] DecreaseCounter constructing_actor_cnt, current val is 3069
I1222 14:52:03.749543 84415 thread.cpp:99] Thread 51384323 construct Actor kCollectiveBoxingGeneric 107760735748148
I1222 14:52:03.749547 84423 naive_actor.cpp:25] actor 107760733650958 switch to &NaiveActor::HandlerNormal
I1222 14:52:03.749616 84412 runtime_context.cpp:29] DecreaseCounter constructing_actor_cnt, current val is 3068
I1222 14:52:03.749640 84416 runtime_context.cpp:29] DecreaseCounter constructing_actor_cnt, current val is 3067
I1222 14:52:03.749712 84415 runtime_context.cpp:29] DecreaseCounter constructing_actor_cnt, current val is 3066
I1222 14:52:03.749737 84423 thread.cpp:99] Thread 51384322 construct Actor kCopyHd 107760733650958
I1222 14:52:03.749771 84413 copy_comm_net_actor.cpp:66] actor 106652772597779 switch to &CopyCommNetActor::HandlerNormal
I1222 14:52:03.749886 84423 runtime_context.cpp:29] DecreaseCounter constructing_actor_cnt, current val is 3065
I1222 14:52:03.749924 84413 thread.cpp:99] Thread 50856005 construct Actor kCopyCommNet 106652772597779
I1222 14:52:03.749943 84415 naive_actor.cpp:25] actor 107760735748108 switch to &NaiveActor::HandlerNormal
I1222 14:52:03.750026 84413 runtime_context.cpp:29] DecreaseCounter constructing_actor_cnt, current val is 3064
I1222 14:52:03.750054 84415 thread.cpp:99] Thread 51384323 construct Actor kCollectiveBoxingGeneric 107760735748108
I1222 14:52:03.750061 84423 naive_actor.cpp:25] actor 107760733650951 switch to &NaiveActor::HandlerNormal
I1222 14:52:03.750114 84416 naive_actor.cpp:25] actor 106652762112008 switch to &NaiveActor::HandlerNormal
I1222 14:52:03.750218 84413 copy_comm_net_actor.cpp:66] actor 106652772597773 switch to &CopyCommNetActor::HandlerNormal
I1222 14:52:03.750182 84423 thread.cpp:99] Thread 51384322 construct Actor kCopyHd 107760733650951
I1222 14:52:03.750166 84415 runtime_context.cpp:29] DecreaseCounter constructing_actor_cnt, current val is 3063
I1222 14:52:03.750237 84416 thread.cpp:99] Thread 50856000 construct Actor kSrcSubsetTick 106652762112008
I1222 14:52:03.750293 84413 thread.cpp:99] Thread 50856005 construct Actor kCopyCommNet 106652772597773
I1222 14:52:03.750433 84416 runtime_context.cpp:29] DecreaseCounter constructing_actor_cnt, current val is 3061
I1222 14:52:03.750463 84413 runtime_context.cpp:29] DecreaseCounter constructing_actor_cnt, current val is 3060
I1222 14:52:03.750341 84423 runtime_context.cpp:29] DecreaseCounter constructing_actor_cnt, current val is 3062
I1222 14:52:03.750429 84412 naive_actor.cpp:25] actor 107760729456646 switch to &NaiveActor::HandlerNormal
I1222 14:52:03.750488 84415 naive_actor.cpp:25] actor 107760735748125 switch to &NaiveActor::HandlerNormal
I1222 14:52:03.750627 84412 thread.cpp:99] Thread 51384320 construct Actor kNormalForward 107760729456646
I1222 14:52:03.750645 84413 copy_comm_net_actor.cpp:66] actor 106652772597776 switch to &CopyCommNetActor::HandlerNormal
I1222 14:52:03.750664 84423 naive_actor.cpp:25] actor 107760733650947 switch to &NaiveActor::HandlerNormal
I1222 14:52:03.750675 84415 thread.cpp:99] Thread 51384323 construct Actor kCollectiveBoxingGeneric 107760735748125
I1222 14:52:03.750746 84412 runtime_context.cpp:29] DecreaseCounter constructing_actor_cnt, current val is 3059
I1222 14:52:03.750766 84413 thread.cpp:99] Thread 50856005 construct Actor kCopyCommNet 106652772597776
I1222 14:52:03.750836 84423 thread.cpp:99] Thread 51384322 construct Actor kCopyHd 107760733650947
I1222 14:52:03.751232 84415 runtime_context.cpp:29] DecreaseCounter constructing_actor_cnt, current val is 3058
