Log file created at: 2021/12/22 14:33:21
Running on machine: cn2
Log line format: [IWEF]mmdd hh:mm:ss.uuuuuu threadid file:line] msg
I1222 14:33:21.934099 81503 global.h:36] NewGlobal N7oneflow7EnvDescE
I1222 14:33:21.935709 81503 global.h:36] NewGlobal N7oneflow10ProcessCtxE
I1222 14:33:21.935739 81503 env_global_objects_scope.cpp:157] using rpc backend: gRPC
I1222 14:33:21.935755 81503 global.h:36] NewGlobal N7oneflow10CtrlServerE
I1222 14:33:21.936547 81503 ctrl_server.cpp:40] CtrlServer listening on 0.0.0.0:35756
I1222 14:33:21.936693 81503 rank_info_bootstrap_server.cpp:47] RankInfoBootstrapServer listening on 0.0.0.0:35241
I1222 14:33:51.887639 81503 rpc_client.cpp:187] LoadServer cn1 Successful at 0 times
I1222 14:33:51.890236 81503 ctrl_bootstrap.cpp:77] 
ctrl_addr {
  host: "cn1"
  port: 38837
}
ctrl_addr {
  host: "172.16.0.11"
  port: 38913
}
ctrl_addr {
  host: "172.16.0.12"
  port: 35756
}
ctrl_addr {
  host: "172.16.0.12"
  port: 39395
}
rank: 2
node_size: 2
I1222 14:34:21.894098 81503 rpc_client.cpp:187] LoadServer cn1 Successful at 0 times
I1222 14:34:21.894925 81503 rpc_client.cpp:187] LoadServer 172.16.0.11 Successful at 0 times
I1222 14:34:21.895922 81503 rpc_client.cpp:187] LoadServer 172.16.0.12 Successful at 0 times
I1222 14:34:21.897078 81503 rpc_client.cpp:187] LoadServer 172.16.0.12 Successful at 0 times
I1222 14:34:21.930969 81503 global.h:36] NewGlobal N7oneflow12ResourceDescE
I1222 14:34:21.931052 81503 global.h:36] NewGlobal N7oneflow12ResourceDescE
I1222 14:34:21.939186 81503 net_ib_device_descriptor.cpp:110] Inactivate port: device mlx5_0 port 
I1222 14:34:21.943382 81503 net_ib_device_descriptor.cpp:110] Inactivate port: device mlx5_1 port 
I1222 14:34:21.949927 81503 net_ib_device_descriptor.cpp:110] Inactivate port: device mlx5_3 port 
I1222 14:34:22.097913 81503 global.h:36] NewGlobal N7oneflow2ep21DeviceManagerRegistryE
I1222 14:34:22.097959 81503 global.h:36] NewGlobal N7oneflow10ThreadPoolE
I1222 14:34:22.099225 81503 global.h:36] NewGlobal N7oneflow16EagerNcclCommMgrE
I1222 14:34:22.099249 81503 global.h:36] NewGlobal N7oneflow18CudnnConvAlgoCacheE
I1222 14:34:22.099261 81503 global.h:36] NewGlobal N7oneflow2vm19VirtualMachineScopeE
I1222 14:34:22.099282 81503 global.h:36] NewGlobal N7oneflow14VirtualMachineE
I1222 14:34:22.099603 81503 virtual_machine.cpp:80] transport stream type: N7oneflow2vm13CpuStreamTypeE
I1222 14:34:22.099624 81503 virtual_machine.cpp:80] transport stream type: N7oneflow2vm14CudaStreamTypeE
I1222 14:34:22.099637 81503 virtual_machine.cpp:80] transport stream type: N7oneflow2vm19AsyncCudaStreamTypeE
I1222 14:34:22.099747 81503 global.h:36] NewGlobal N7oneflow27EagerJobBuildAndInferCtxMgrE
I1222 14:34:22.099859 81503 global.h:36] NewGlobal N7oneflow12EpollCommNetE
I1222 14:34:22.099972 81503 epoll_comm_network.cpp:63] CommNet:Epoll listening on 0.0.0.0:37094
I1222 14:34:22.100657 81503 epoll_comm_network.cpp:197] machine 0 sockfd 58
I1222 14:34:22.100689 81503 epoll_comm_network.cpp:197] machine 1 sockfd 60
I1222 14:34:22.100703 81503 epoll_comm_network.cpp:197] machine 2 sockfd -1
I1222 14:34:22.100713 81503 epoll_comm_network.cpp:197] machine 3 sockfd 56
I1222 14:34:22.100816 81503 global.h:36] NewGlobal N7oneflow9TransportE
I1222 14:34:22.100899 81503 global.h:43] DeleteGlobal N7oneflow17ForeignLockHelperE
I1222 14:34:22.101017 81503 global.h:36] NewGlobal N7oneflow25MultiClientSessionContextE
I1222 14:34:29.838771 81503 version.cpp:22] OneFlow git version: v0.5.0-381-g3677dbf43-snapshot
I1222 14:34:29.838868 81503 cuda_device_manager_factory.cpp:63] CUDA runtime version: 11.1
I1222 14:34:29.838896 81503 cuda_device_manager_factory.cpp:72] cuDNN version: 8.0.5
I1222 14:34:29.838912 81503 cuda_device_manager_factory.cpp:85] NCCL version: 2.11.4
I1222 14:34:29.838951 81503 global.h:43] DeleteGlobal N7oneflow12ResourceDescE
I1222 14:34:29.838969 81503 global.h:36] NewGlobal N7oneflow12ResourceDescE
I1222 14:34:29.838981 81503 global.h:36] NewGlobal N7oneflow5IDMgrE
I1222 14:34:29.838994 81503 global.h:36] NewGlobal N7oneflow22TaskStreamIndexManagerE
I1222 14:34:29.839004 81503 global.h:36] NewGlobal N7oneflow26LazyJobBuildAndInferCtxMgrE
I1222 14:34:29.839088 81503 global.h:36] NewGlobal N7oneflow9BufferMgrISt10shared_ptrINS_11JobInstanceEEEE
I1222 14:34:29.839756 81503 global.h:36] NewGlobal N7oneflow9BufferMgrISt10shared_ptrINS_23CriticalSectionInstanceEEEE
I1222 14:34:29.839779 81503 global.h:36] NewGlobal N7oneflow10RuntimeCtxE
I1222 14:34:29.839802 81503 global.h:36] NewGlobal N7oneflow15MemoryAllocatorE
I1222 14:34:29.839821 81503 global.h:36] NewGlobal N7oneflow8ChunkMgrE
I1222 14:34:29.839848 81503 global.h:36] NewGlobal N7oneflow8RegstMgrE
I1222 14:34:29.839874 81503 global.h:36] NewGlobal N7oneflow11ActorMsgBusE
I1222 14:34:29.839895 81503 global.h:36] NewGlobal N7oneflow9ThreadMgrE
I1222 14:34:29.839915 81503 global.h:36] NewGlobal N7oneflow15RuntimeJobDescsE
I1222 14:34:29.839936 81503 global.h:36] NewGlobal N7oneflow7summary12EventsWriterE
I1222 14:34:29.839962 81503 global.h:36] NewGlobal N7oneflow6boxing10collective9SchedulerE
I1222 14:34:29.861732 81503 global.h:36] NewGlobal N7oneflow7JobDescE
I1222 14:34:29.892225 81783 eager_nccl_comm_manager.cpp:69]  EagerNcclCommMgr::ncclCommInitRank device_vec.size() = 2, nccl_unique_id = 0200ffffffbeffffffebffffffac100a0b000000000000000000000000000000000000000000000000000000000000000000000000000000000000000000000000000000000000000000000000000000000000000000000000000000000000000000000000000000000000000000000000000000000000000000000000000000000000000000000000, rank = 1, key = {eager_nccl_unique_id_rpc_key,0:0,2:0}
I1222 14:34:31.514034 81503 global.h:43] DeleteGlobal N7oneflow7JobDescE
I1222 14:34:31.514164 81503 global.h:36] NewGlobal N7oneflow7JobDescE
I1222 14:34:38.823820 81503 global.h:43] DeleteGlobal N7oneflow7JobDescE
I1222 14:34:39.779635 81503 global.h:36] NewGlobal N7oneflow7JobDescE
I1222 14:34:56.943760 81503 runtime_context.cpp:21] NewCounter constructing_actor_cnt 2597
I1222 14:34:56.944595 81848 wait_and_send_ids_actor.cpp:53] actor 71468392120320 switch to &WaitAndSendIdsActor::HandlerWaitToStart
I1222 14:34:56.944676 81848 thread.cpp:99] Thread 34078785 construct Actor kWaitAndSendIds 71468392120320
I1222 14:34:56.945196 81830 naive_actor.cpp:25] actor 72567767435555 switch to &NaiveActor::HandlerNormal
I1222 14:34:56.945225 81848 runtime_context.cpp:29] DecreaseCounter constructing_actor_cnt, current val is 2596
I1222 14:34:56.945264 81830 thread.cpp:99] Thread 34603008 construct Actor kDeviceTick 72567767435555
I1222 14:34:56.945389 81830 runtime_context.cpp:29] DecreaseCounter constructing_actor_cnt, current val is 2595
I1222 14:34:57.012259 81830 naive_actor.cpp:25] actor 72567767433239 switch to &NaiveActor::HandlerNormal
I1222 14:34:57.012351 81830 thread.cpp:99] Thread 34603008 construct Actor kNormalForward 72567767433239
I1222 14:34:57.012542 81830 runtime_context.cpp:29] DecreaseCounter constructing_actor_cnt, current val is 2594
I1222 14:34:57.012744 81832 naive_actor.cpp:25] actor 71468268388352 switch to &NaiveActor::HandlerNormal
I1222 14:34:57.012771 81836 naive_actor.cpp:25] actor 71468264194048 switch to &NaiveActor::HandlerNormal
I1222 14:34:57.012825 81832 thread.cpp:99] Thread 34078726 construct Actor kNormalForward 71468268388352
I1222 14:34:57.012884 81836 thread.cpp:99] Thread 34078724 construct Actor kNormalForward 71468264194048
I1222 14:34:57.012991 81832 runtime_context.cpp:29] DecreaseCounter constructing_actor_cnt, current val is 2593
I1222 14:34:57.012985 81835 naive_actor.cpp:25] actor 71468262096896 switch to &NaiveActor::HandlerNormal
I1222 14:34:57.013103 81836 runtime_context.cpp:29] DecreaseCounter constructing_actor_cnt, current val is 2592
I1222 14:34:57.013155 81835 thread.cpp:99] Thread 34078723 construct Actor kNormalForward 71468262096896
I1222 14:34:57.013335 81843 naive_actor.cpp:25] actor 72567769530369 switch to &NaiveActor::HandlerNormal
I1222 14:34:57.013341 81833 naive_actor.cpp:25] actor 71468255805440 switch to &NaiveActor::HandlerNormal
I1222 14:34:57.013350 81835 runtime_context.cpp:29] DecreaseCounter constructing_actor_cnt, current val is 2591
I1222 14:34:57.013383 81839 naive_actor.cpp:25] actor 72567773724678 switch to &NaiveActor::HandlerNormal
I1222 14:34:57.013396 81843 thread.cpp:99] Thread 34603009 construct Actor kCopyHd 72567769530369
I1222 14:34:57.013445 81850 naive_actor.cpp:25] actor 72567771627520 switch to &NaiveActor::HandlerNormal
I1222 14:34:57.013458 81841 copy_comm_net_actor.cpp:66] actor 71468400508937 switch to &CopyCommNetActor::HandlerNormal
I1222 14:34:57.013463 81833 thread.cpp:99] Thread 34078720 construct Actor kNormalForward 71468255805440
I1222 14:34:57.013463 81837 naive_actor.cpp:25] actor 71468390023175 switch to &NaiveActor::HandlerNormal
I1222 14:34:57.013479 81834 naive_actor.cpp:25] actor 71468257902592 switch to &NaiveActor::HandlerNormal
I1222 14:34:57.013538 81845 sink_actor.cpp:21] actor 71468394217472 switch to &SinkActor::HandlerNormal
I1222 14:34:57.013646 81839 thread.cpp:99] Thread 34603011 construct Actor kCollectiveBoxingGeneric 72567773724678
I1222 14:34:57.013756 81840 naive_actor.cpp:25] actor 71468396314624 switch to &NaiveActor::HandlerNormal
I1222 14:34:57.013829 81847 naive_actor.cpp:25] actor 71468272582656 switch to &NaiveActor::HandlerNormal
I1222 14:34:57.013896 81844 naive_actor.cpp:25] actor 71468398411776 switch to &NaiveActor::HandlerNormal
I1222 14:34:57.014073 81828 naive_actor.cpp:25] actor 71468259999744 switch to &NaiveActor::HandlerNormal
I1222 14:34:57.014096 81846 naive_actor.cpp:25] actor 71468270485504 switch to &NaiveActor::HandlerNormal
I1222 14:34:57.014134 81831 naive_actor.cpp:25] actor 71468266291200 switch to &NaiveActor::HandlerNormal
I1222 14:34:57.014185 81830 naive_actor.cpp:25] actor 72567767433226 switch to &NaiveActor::HandlerNormal
I1222 14:34:57.014325 81843 runtime_context.cpp:29] DecreaseCounter constructing_actor_cnt, current val is 2590
I1222 14:34:57.014384 81850 thread.cpp:99] Thread 34603010 construct Actor kCopyHd 72567771627520
I1222 14:34:57.014416 81841 thread.cpp:99] Thread 34078789 construct Actor kCopyCommNet 71468400508937
I1222 14:34:57.014484 81837 thread.cpp:99] Thread 34078784 construct Actor kDstSubsetTick 71468390023175
I1222 14:34:57.014488 81833 runtime_context.cpp:29] DecreaseCounter constructing_actor_cnt, current val is 2589
I1222 14:34:57.015226 81837 runtime_context.cpp:29] DecreaseCounter constructing_actor_cnt, current val is 2585
I1222 14:34:57.014561 81845 thread.cpp:99] Thread 34078786 construct Actor kCallbackNotify 71468394217472
I1222 14:34:57.014614 81839 runtime_context.cpp:29] DecreaseCounter constructing_actor_cnt, current val is 2588
I1222 14:34:57.014640 81840 thread.cpp:99] Thread 34078787 construct Actor kCriticalSectionWaitTick 71468396314624
I1222 14:34:57.014678 81847 thread.cpp:99] Thread 34078728 construct Actor kNormalForward 71468272582656
I1222 14:34:57.014729 81844 thread.cpp:99] Thread 34078788 construct Actor kCriticalSectionWaitTick 71468398411776
I1222 14:34:57.014808 81828 thread.cpp:99] Thread 34078722 construct Actor kNormalForward 71468259999744
I1222 14:34:57.014863 81846 thread.cpp:99] Thread 34078727 construct Actor kNormalForward 71468270485504
I1222 14:34:57.014989 81831 thread.cpp:99] Thread 34078725 construct Actor kNormalForward 71468266291200
I1222 14:34:57.015048 81830 thread.cpp:99] Thread 34603008 construct Actor kNormalForward 72567767433226
I1222 14:34:57.015141 81850 runtime_context.cpp:29] DecreaseCounter constructing_actor_cnt, current val is 2587
I1222 14:34:57.015174 81841 runtime_context.cpp:29] DecreaseCounter constructing_actor_cnt, current val is 2586
I1222 14:34:57.014545 81834 thread.cpp:99] Thread 34078721 construct Actor kNormalForward 71468257902592
I1222 14:34:57.015280 81845 runtime_context.cpp:29] DecreaseCounter constructing_actor_cnt, current val is 2584
I1222 14:34:57.015302 81843 naive_actor.cpp:25] actor 72567769530368 switch to &NaiveActor::HandlerNormal
I1222 14:34:57.015357 81840 runtime_context.cpp:29] DecreaseCounter constructing_actor_cnt, current val is 2583
I1222 14:34:57.015875 81841 copy_comm_net_actor.cpp:66] actor 71468400508928 switch to &CopyCommNetActor::HandlerNormal
I1222 14:34:57.015431 81844 runtime_context.cpp:29] DecreaseCounter constructing_actor_cnt, current val is 2581
I1222 14:34:57.015446 81837 naive_actor.cpp:25] actor 71468390023173 switch to &NaiveActor::HandlerNormal
I1222 14:34:57.015462 81839 naive_actor.cpp:25] actor 72567773724680 switch to &NaiveActor::HandlerNormal
I1222 14:34:57.016692 81839 thread.cpp:99] Thread 34603011 construct Actor kCollectiveBoxingGeneric 72567773724680
I1222 14:34:57.015609 81846 runtime_context.cpp:29] DecreaseCounter constructing_actor_cnt, current val is 2579
I1222 14:34:57.015730 81831 runtime_context.cpp:29] DecreaseCounter constructing_actor_cnt, current val is 2578
I1222 14:34:57.015753 81830 runtime_context.cpp:29] DecreaseCounter constructing_actor_cnt, current val is 2577
I1222 14:34:57.015874 81834 runtime_context.cpp:29] DecreaseCounter constructing_actor_cnt, current val is 2576
I1222 14:34:57.015874 81843 thread.cpp:99] Thread 34603009 construct Actor kCopyHd 72567769530368
I1222 14:34:57.015383 81847 runtime_context.cpp:29] DecreaseCounter constructing_actor_cnt, current val is 2582
I1222 14:34:57.015969 81841 thread.cpp:99] Thread 34078789 construct Actor kCopyCommNet 71468400508928
I1222 14:34:57.016649 81837 thread.cpp:99] Thread 34078784 construct Actor kTick 71468390023173
I1222 14:34:57.015604 81828 runtime_context.cpp:29] DecreaseCounter constructing_actor_cnt, current val is 2580
I1222 14:34:57.016743 81839 runtime_context.cpp:29] DecreaseCounter constructing_actor_cnt, current val is 2575
I1222 14:34:57.016996 81843 runtime_context.cpp:29] DecreaseCounter constructing_actor_cnt, current val is 2574
I1222 14:34:57.017073 81841 runtime_context.cpp:29] DecreaseCounter constructing_actor_cnt, current val is 2573
I1222 14:34:57.017120 81837 runtime_context.cpp:29] DecreaseCounter constructing_actor_cnt, current val is 2572
I1222 14:34:57.017329 81843 naive_actor.cpp:25] actor 72567769530374 switch to &NaiveActor::HandlerNormal
I1222 14:34:57.017351 81839 naive_actor.cpp:25] actor 72567773724716 switch to &NaiveActor::HandlerNormal
I1222 14:34:57.017370 81843 thread.cpp:99] Thread 34603009 construct Actor kCopyHd 72567769530374
I1222 14:34:57.017376 81841 copy_comm_net_actor.cpp:66] actor 71468400508936 switch to &CopyCommNetActor::HandlerNormal
I1222 14:34:57.017408 81839 thread.cpp:99] Thread 34603011 construct Actor kCollectiveBoxingGeneric 72567773724716
I1222 14:34:57.017444 81843 runtime_context.cpp:29] DecreaseCounter constructing_actor_cnt, current val is 2571
I1222 14:34:57.017472 81841 thread.cpp:99] Thread 34078789 construct Actor kCopyCommNet 71468400508936
I1222 14:34:57.017488 81837 naive_actor.cpp:25] actor 71468390023169 switch to &NaiveActor::HandlerNormal
I1222 14:34:57.017542 81839 runtime_context.cpp:29] DecreaseCounter constructing_actor_cnt, current val is 2570
I1222 14:34:57.017601 81841 runtime_context.cpp:29] DecreaseCounter constructing_actor_cnt, current val is 2569
I1222 14:34:57.017630 81837 thread.cpp:99] Thread 34078784 construct Actor kTick 71468390023169
I1222 14:34:57.017642 81843 naive_actor.cpp:25] actor 72567769530372 switch to &NaiveActor::HandlerNormal
I1222 14:34:57.017768 81837 runtime_context.cpp:29] DecreaseCounter constructing_actor_cnt, current val is 2568
I1222 14:34:57.017768 81843 thread.cpp:99] Thread 34603009 construct Actor kCopyHd 72567769530372
I1222 14:34:57.017815 81830 naive_actor.cpp:25] actor 72567767433243 switch to &NaiveActor::HandlerNormal
I1222 14:34:57.017819 81841 copy_comm_net_actor.cpp:66] actor 71468400508944 switch to &CopyCommNetActor::HandlerNormal
I1222 14:34:57.017798 81839 naive_actor.cpp:25] actor 72567773724735 switch to &NaiveActor::HandlerNormal
I1222 14:34:57.017843 81843 runtime_context.cpp:29] DecreaseCounter constructing_actor_cnt, current val is 2567
I1222 14:34:57.017887 81830 thread.cpp:99] Thread 34603008 construct Actor kNormalForward 72567767433243
I1222 14:34:57.017920 81841 thread.cpp:99] Thread 34078789 construct Actor kCopyCommNet 71468400508944
I1222 14:34:57.017966 81839 thread.cpp:99] Thread 34603011 construct Actor kCollectiveBoxingGeneric 72567773724735
I1222 14:34:57.018028 81837 naive_actor.cpp:25] actor 71468390023177 switch to &NaiveActor::HandlerNormal
I1222 14:34:57.018071 81843 naive_actor.cpp:25] actor 72567769530377 switch to &NaiveActor::HandlerNormal
I1222 14:34:57.018085 81841 runtime_context.cpp:29] DecreaseCounter constructing_actor_cnt, current val is 2566
I1222 14:34:57.018100 81830 runtime_context.cpp:29] DecreaseCounter constructing_actor_cnt, current val is 2565
I1222 14:34:57.018167 81839 runtime_context.cpp:29] DecreaseCounter constructing_actor_cnt, current val is 2564
I1222 14:34:57.018756 81837 thread.cpp:99] Thread 34078784 construct Actor kDstSubsetTick 71468390023177
I1222 14:34:57.018776 81843 thread.cpp:99] Thread 34603009 construct Actor kCopyHd 72567769530377
I1222 14:34:57.018888 81841 copy_comm_net_actor.cpp:66] actor 71468400508929 switch to &CopyCommNetActor::HandlerNormal
I1222 14:34:57.018978 81837 runtime_context.cpp:29] DecreaseCounter constructing_actor_cnt, current val is 2563
I1222 14:34:57.018985 81843 runtime_context.cpp:29] DecreaseCounter constructing_actor_cnt, current val is 2562
I1222 14:34:57.018996 81841 thread.cpp:99] Thread 34078789 construct Actor kCopyCommNet 71468400508929
I1222 14:34:57.019109 81841 runtime_context.cpp:29] DecreaseCounter constructing_actor_cnt, current val is 2561
I1222 14:34:57.019145 81843 naive_actor.cpp:25] actor 72567769530370 switch to &NaiveActor::HandlerNormal
I1222 14:34:57.019174 81839 naive_actor.cpp:25] actor 72567773724726 switch to &NaiveActor::HandlerNormal
I1222 14:34:57.019232 81841 copy_comm_net_actor.cpp:66] actor 71468400508933 switch to &CopyCommNetActor::HandlerNormal
I1222 14:34:57.019198 81843 thread.cpp:99] Thread 34603009 construct Actor kCopyHd 72567769530370
I1222 14:34:57.019239 81839 thread.cpp:99] Thread 34603011 construct Actor kCollectiveBoxingGeneric 72567773724726
I1222 14:34:57.019266 81841 thread.cpp:99] Thread 34078789 construct Actor kCopyCommNet 71468400508933
I1222 14:34:57.019296 81837 naive_actor.cpp:25] actor 71468390023176 switch to &NaiveActor::HandlerNormal
I1222 14:34:57.019381 81839 runtime_context.cpp:29] DecreaseCounter constructing_actor_cnt, current val is 2558
I1222 14:34:57.019377 81843 runtime_context.cpp:29] DecreaseCounter constructing_actor_cnt, current val is 2559
I1222 14:34:57.019376 81841 runtime_context.cpp:29] DecreaseCounter constructing_actor_cnt, current val is 2560
I1222 14:34:57.019385 81837 thread.cpp:99] Thread 34078784 construct Actor kSrcSubsetTick 71468390023176
I1222 14:34:57.019553 81843 naive_actor.cpp:25] actor 72567769530373 switch to &NaiveActor::HandlerNormal
I1222 14:34:57.019567 81841 copy_comm_net_actor.cpp:66] actor 71468400508934 switch to &CopyCommNetActor::HandlerNormal
I1222 14:34:57.019589 81839 naive_actor.cpp:25] actor 72567773724745 switch to &NaiveActor::HandlerNormal
I1222 14:34:57.019593 81843 thread.cpp:99] Thread 34603009 construct Actor kCopyHd 72567769530373
I1222 14:34:57.019596 81837 runtime_context.cpp:29] DecreaseCounter constructing_actor_cnt, current val is 2557
I1222 14:34:57.019631 81841 thread.cpp:99] Thread 34078789 construct Actor kCopyCommNet 71468400508934
I1222 14:34:57.019678 81839 thread.cpp:99] Thread 34603011 construct Actor kCollectiveBoxingGeneric 72567773724745
I1222 14:34:57.019718 81843 runtime_context.cpp:29] DecreaseCounter constructing_actor_cnt, current val is 2556
I1222 14:34:57.019775 81841 runtime_context.cpp:29] DecreaseCounter constructing_actor_cnt, current val is 2555
I1222 14:34:57.019819 81839 runtime_context.cpp:29] DecreaseCounter constructing_actor_cnt, current val is 2554
I1222 14:34:57.019930 81843 naive_actor.cpp:25] actor 72567769530378 switch to &NaiveActor::HandlerNormal
I1222 14:34:57.019966 81843 thread.cpp:99] Thread 34603009 construct Actor kCopyHd 72567769530378
I1222 14:34:57.019973 81841 copy_comm_net_actor.cpp:66] actor 71468400508947 switch to &CopyCommNetActor::HandlerNormal
I1222 14:34:57.020025 81843 runtime_context.cpp:29] DecreaseCounter constructing_actor_cnt, current val is 2553
I1222 14:34:57.020040 81841 thread.cpp:99] Thread 34078789 construct Actor kCopyCommNet 71468400508947
I1222 14:34:57.020076 81839 naive_actor.cpp:25] actor 72567773724760 switch to &NaiveActor::HandlerNormal
I1222 14:34:57.020112 81837 naive_actor.cpp:25] actor 71468390023170 switch to &NaiveActor::HandlerNormal
I1222 14:34:57.020160 81841 runtime_context.cpp:29] DecreaseCounter constructing_actor_cnt, current val is 2552
I1222 14:34:57.020161 81843 naive_actor.cpp:25] actor 72567769530380 switch to &NaiveActor::HandlerNormal
I1222 14:34:57.020584 81830 naive_actor.cpp:25] actor 72567767433217 switch to &NaiveActor::HandlerNormal
I1222 14:34:57.020709 81839 thread.cpp:99] Thread 34603011 construct Actor kCollectiveBoxingGeneric 72567773724760
I1222 14:34:57.020736 81837 thread.cpp:99] Thread 34078784 construct Actor kDstSubsetTick 71468390023170
I1222 14:34:57.020893 81839 runtime_context.cpp:29] DecreaseCounter constructing_actor_cnt, current val is 2551
I1222 14:34:57.020843 81841 copy_comm_net_actor.cpp:66] actor 71468400508935 switch to &CopyCommNetActor::HandlerNormal
I1222 14:34:57.020866 81830 thread.cpp:99] Thread 34603008 construct Actor kNormalForward 72567767433217
I1222 14:34:57.020798 81843 thread.cpp:99] Thread 34603009 construct Actor kCopyHd 72567769530380
I1222 14:34:57.020927 81837 runtime_context.cpp:29] DecreaseCounter constructing_actor_cnt, current val is 2550
I1222 14:34:57.021013 81843 runtime_context.cpp:29] DecreaseCounter constructing_actor_cnt, current val is 2549
I1222 14:34:57.020938 81841 thread.cpp:99] Thread 34078789 construct Actor kCopyCommNet 71468400508935
I1222 14:34:57.021039 81839 naive_actor.cpp:25] actor 72567773724775 switch to &NaiveActor::HandlerNormal
I1222 14:34:57.021041 81830 runtime_context.cpp:29] DecreaseCounter constructing_actor_cnt, current val is 2548
I1222 14:34:57.021088 81841 runtime_context.cpp:29] DecreaseCounter constructing_actor_cnt, current val is 2547
I1222 14:34:57.021111 81839 thread.cpp:99] Thread 34603011 construct Actor kCollectiveBoxingGeneric 72567773724775
I1222 14:34:57.021121 81843 naive_actor.cpp:25] actor 72567769530371 switch to &NaiveActor::HandlerNormal
I1222 14:34:57.021231 81839 runtime_context.cpp:29] DecreaseCounter constructing_actor_cnt, current val is 2546
I1222 14:34:57.021245 81843 thread.cpp:99] Thread 34603009 construct Actor kCopyHd 72567769530371
I1222 14:34:57.021257 81837 naive_actor.cpp:25] actor 71468390023172 switch to &NaiveActor::HandlerNormal
I1222 14:34:57.021262 81841 copy_comm_net_actor.cpp:66] actor 71468400508932 switch to &CopyCommNetActor::HandlerNormal
I1222 14:34:57.021313 81843 runtime_context.cpp:29] DecreaseCounter constructing_actor_cnt, current val is 2545
I1222 14:34:57.021380 81839 naive_actor.cpp:25] actor 72567773724797 switch to &NaiveActor::HandlerNormal
I1222 14:34:57.021361 81841 thread.cpp:99] Thread 34078789 construct Actor kCopyCommNet 71468400508932
I1222 14:34:57.021337 81837 thread.cpp:99] Thread 34078784 construct Actor kTick 71468390023172
I1222 14:34:57.021477 81843 naive_actor.cpp:25] actor 72567769530379 switch to &NaiveActor::HandlerNormal
I1222 14:34:57.021505 81837 runtime_context.cpp:29] DecreaseCounter constructing_actor_cnt, current val is 2543
I1222 14:34:57.021417 81839 thread.cpp:99] Thread 34603011 construct Actor kCollectiveBoxingGeneric 72567773724797
I1222 14:34:57.021486 81830 naive_actor.cpp:25] actor 72567767433219 switch to &NaiveActor::HandlerNormal
I1222 14:34:57.021462 81841 runtime_context.cpp:29] DecreaseCounter constructing_actor_cnt, current val is 2544
I1222 14:34:57.021514 81843 thread.cpp:99] Thread 34603009 construct Actor kCopyHd 72567769530379
I1222 14:34:57.021560 81839 runtime_context.cpp:29] DecreaseCounter constructing_actor_cnt, current val is 2542
I1222 14:34:57.021677 81843 runtime_context.cpp:29] DecreaseCounter constructing_actor_cnt, current val is 2541
I1222 14:34:57.021598 81830 thread.cpp:99] Thread 34603008 construct Actor kNormalForward 72567767433219
I1222 14:34:57.021708 81841 copy_comm_net_actor.cpp:66] actor 71468400508930 switch to &CopyCommNetActor::HandlerNormal
I1222 14:34:57.021772 81830 runtime_context.cpp:29] DecreaseCounter constructing_actor_cnt, current val is 2540
I1222 14:34:57.021777 81837 naive_actor.cpp:25] actor 71468390023168 switch to &NaiveActor::HandlerNormal
I1222 14:34:57.022406 81837 thread.cpp:99] Thread 34078784 construct Actor kSrcSubsetTick 71468390023168
I1222 14:34:57.021777 81841 thread.cpp:99] Thread 34078789 construct Actor kCopyCommNet 71468400508930
I1222 14:34:57.021786 81843 naive_actor.cpp:25] actor 72567769530376 switch to &NaiveActor::HandlerNormal
I1222 14:34:57.022297 81830 naive_actor.cpp:25] actor 72567767433238 switch to &NaiveActor::HandlerNormal
I1222 14:34:57.021776 81839 naive_actor.cpp:25] actor 72567773724816 switch to &NaiveActor::HandlerNormal
I1222 14:34:57.022449 81837 runtime_context.cpp:29] DecreaseCounter constructing_actor_cnt, current val is 2539
I1222 14:34:57.022459 81841 runtime_context.cpp:29] DecreaseCounter constructing_actor_cnt, current val is 2538
I1222 14:34:57.022477 81843 thread.cpp:99] Thread 34603009 construct Actor kCopyHd 72567769530376
I1222 14:34:57.022516 81830 thread.cpp:99] Thread 34603008 construct Actor kNormalForward 72567767433238
I1222 14:34:57.022531 81839 thread.cpp:99] Thread 34603011 construct Actor kCollectiveBoxingGeneric 72567773724816
I1222 14:34:57.022630 81843 runtime_context.cpp:29] DecreaseCounter constructing_actor_cnt, current val is 2537
I1222 14:34:57.022683 81830 runtime_context.cpp:29] DecreaseCounter constructing_actor_cnt, current val is 2536
I1222 14:34:57.022683 81839 runtime_context.cpp:29] DecreaseCounter constructing_actor_cnt, current val is 2535
I1222 14:34:57.022670 81841 copy_comm_net_actor.cpp:66] actor 71468400508943 switch to &CopyCommNetActor::HandlerNormal
I1222 14:34:57.022764 81843 naive_actor.cpp:25] actor 72567769530375 switch to &NaiveActor::HandlerNormal
I1222 14:34:57.022737 81837 naive_actor.cpp:25] actor 71468390023171 switch to &NaiveActor::HandlerNormal
I1222 14:34:57.022835 81839 naive_actor.cpp:25] actor 72567773724790 switch to &NaiveActor::HandlerNormal
I1222 14:34:57.022801 81843 thread.cpp:99] Thread 34603009 construct Actor kCopyHd 72567769530375
I1222 14:34:57.022766 81841 thread.cpp:99] Thread 34078789 construct Actor kCopyCommNet 71468400508943
I1222 14:34:57.022840 81837 thread.cpp:99] Thread 34078784 construct Actor kTick 71468390023171
I1222 14:34:57.022873 81839 thread.cpp:99] Thread 34603011 construct Actor kCollectiveBoxingGeneric 72567773724790
I1222 14:34:57.022898 81843 runtime_context.cpp:29] DecreaseCounter constructing_actor_cnt, current val is 2534
I1222 14:34:57.022976 81839 runtime_context.cpp:29] DecreaseCounter constructing_actor_cnt, current val is 2531
I1222 14:34:57.022931 81841 runtime_context.cpp:29] DecreaseCounter constructing_actor_cnt, current val is 2533
I1222 14:34:57.022972 81837 runtime_context.cpp:29] DecreaseCounter constructing_actor_cnt, current val is 2532
I1222 14:34:57.022897 81830 naive_actor.cpp:25] actor 72567767433223 switch to &NaiveActor::HandlerNormal
I1222 14:34:57.023092 81839 naive_actor.cpp:25] actor 72567773724859 switch to &NaiveActor::HandlerNormal
I1222 14:34:57.023098 81841 copy_comm_net_actor.cpp:66] actor 71468400508931 switch to &CopyCommNetActor::HandlerNormal
I1222 14:34:57.023100 81830 thread.cpp:99] Thread 34603008 construct Actor kNormalForward 72567767433223
I1222 14:34:57.023133 81839 thread.cpp:99] Thread 34603011 construct Actor kCollectiveBoxingGeneric 72567773724859
I1222 14:34:57.023169 81841 thread.cpp:99] Thread 34078789 construct Actor kCopyCommNet 71468400508931
I1222 14:34:57.023222 81830 runtime_context.cpp:29] DecreaseCounter constructing_actor_cnt, current val is 2530
I1222 14:34:57.023232 81839 runtime_context.cpp:29] DecreaseCounter constructing_actor_cnt, current val is 2529
I1222 14:34:57.023253 81841 runtime_context.cpp:29] DecreaseCounter constructing_actor_cnt, current val is 2528
I1222 14:34:57.023293 81837 naive_actor.cpp:25] actor 71468390023174 switch to &NaiveActor::HandlerNormal
I1222 14:34:57.023370 81837 thread.cpp:99] Thread 34078784 construct Actor kSrcSubsetTick 71468390023174
I1222 14:34:57.023376 81839 naive_actor.cpp:25] actor 72567773724807 switch to &NaiveActor::HandlerNormal
I1222 14:34:57.023401 81841 copy_comm_net_actor.cpp:66] actor 71468400508945 switch to &CopyCommNetActor::HandlerNormal
I1222 14:34:57.023440 81830 naive_actor.cpp:25] actor 72567767433221 switch to &NaiveActor::HandlerNormal
I1222 14:34:57.023463 81837 runtime_context.cpp:29] DecreaseCounter constructing_actor_cnt, current val is 2527
I1222 14:34:57.023945 81839 thread.cpp:99] Thread 34603011 construct Actor kCollectiveBoxingGeneric 72567773724807
I1222 14:34:57.023986 81841 thread.cpp:99] Thread 34078789 construct Actor kCopyCommNet 71468400508945
I1222 14:34:57.024019 81830 thread.cpp:99] Thread 34603008 construct Actor kNormalForward 72567767433221
I1222 14:34:57.024065 81839 runtime_context.cpp:29] DecreaseCounter constructing_actor_cnt, current val is 2526
I1222 14:34:57.024086 81841 runtime_context.cpp:29] DecreaseCounter constructing_actor_cnt, current val is 2525
I1222 14:34:57.024119 81830 runtime_context.cpp:29] DecreaseCounter constructing_actor_cnt, current val is 2524
I1222 14:34:57.024214 81839 naive_actor.cpp:25] actor 72567773724676 switch to &NaiveActor::HandlerNormal
I1222 14:34:57.024219 81841 copy_comm_net_actor.cpp:66] actor 71468400508938 switch to &CopyCommNetActor::HandlerNormal
I1222 14:34:57.024251 81839 thread.cpp:99] Thread 34603011 construct Actor kCollectiveBoxingGeneric 72567773724676
I1222 14:34:57.024289 81841 thread.cpp:99] Thread 34078789 construct Actor kCopyCommNet 71468400508938
I1222 14:34:57.024333 81839 runtime_context.cpp:29] DecreaseCounter constructing_actor_cnt, current val is 2523
I1222 14:34:57.024363 81841 runtime_context.cpp:29] DecreaseCounter constructing_actor_cnt, current val is 2522
I1222 14:34:57.024475 81839 naive_actor.cpp:25] actor 72567773724679 switch to &NaiveActor::HandlerNormal
I1222 14:34:57.024477 81841 copy_comm_net_actor.cpp:66] actor 71468400508941 switch to &CopyCommNetActor::HandlerNormal
I1222 14:34:57.024518 81839 thread.cpp:99] Thread 34603011 construct Actor kCollectiveBoxingGeneric 72567773724679
I1222 14:34:57.024544 81841 thread.cpp:99] Thread 34078789 construct Actor kCopyCommNet 71468400508941
I1222 14:34:57.024580 81839 runtime_context.cpp:29] DecreaseCounter constructing_actor_cnt, current val is 2521
I1222 14:34:57.024596 81841 runtime_context.cpp:29] DecreaseCounter constructing_actor_cnt, current val is 2520
I1222 14:34:57.024653 81830 naive_actor.cpp:25] actor 72567767433255 switch to &NaiveActor::HandlerNormal
I1222 14:34:57.024674 81839 naive_actor.cpp:25] actor 72567773724711 switch to &NaiveActor::HandlerNormal
I1222 14:34:57.024698 81830 thread.cpp:99] Thread 34603008 construct Actor kNormalForward 72567767433255
I1222 14:34:57.024706 81841 copy_comm_net_actor.cpp:66] actor 71468400508940 switch to &CopyCommNetActor::HandlerNormal
I1222 14:34:57.024771 81830 runtime_context.cpp:29] DecreaseCounter constructing_actor_cnt, current val is 2519
I1222 14:34:57.024727 81839 thread.cpp:99] Thread 34603011 construct Actor kCollectiveBoxingGeneric 72567773724711
I1222 14:34:57.024775 81841 thread.cpp:99] Thread 34078789 construct Actor kCopyCommNet 71468400508940
I1222 14:34:57.024816 81839 runtime_context.cpp:29] DecreaseCounter constructing_actor_cnt, current val is 2518
I1222 14:34:57.024838 81841 runtime_context.cpp:29] DecreaseCounter constructing_actor_cnt, current val is 2517
I1222 14:34:57.024938 81839 naive_actor.cpp:25] actor 72567773724677 switch to &NaiveActor::HandlerNormal
I1222 14:34:57.024943 81841 copy_comm_net_actor.cpp:66] actor 71468400508946 switch to &CopyCommNetActor::HandlerNormal
I1222 14:34:57.024968 81839 thread.cpp:99] Thread 34603011 construct Actor kCollectiveBoxingGeneric 72567773724677
I1222 14:34:57.024988 81841 thread.cpp:99] Thread 34078789 construct Actor kCopyCommNet 71468400508946
I1222 14:34:57.025027 81839 runtime_context.cpp:29] DecreaseCounter constructing_actor_cnt, current val is 2516
I1222 14:34:57.025048 81841 runtime_context.cpp:29] DecreaseCounter constructing_actor_cnt, current val is 2515
I1222 14:34:57.025162 81839 naive_actor.cpp:25] actor 72567773724682 switch to &NaiveActor::HandlerNormal
I1222 14:34:57.025182 81841 copy_comm_net_actor.cpp:66] actor 71468400508939 switch to &CopyCommNetActor::HandlerNormal
I1222 14:34:57.025238 81830 naive_actor.cpp:25] actor 72567767433216 switch to &NaiveActor::HandlerNormal
I1222 14:34:57.025718 81839 thread.cpp:99] Thread 34603011 construct Actor kCollectiveBoxingGeneric 72567773724682
I1222 14:34:57.025741 81841 thread.cpp:99] Thread 34078789 construct Actor kCopyCommNet 71468400508939
I1222 14:34:57.025769 81830 thread.cpp:99] Thread 34603008 construct Actor kNormalForward 72567767433216
I1222 14:34:57.025833 81841 runtime_context.cpp:29] DecreaseCounter constructing_actor_cnt, current val is 2513
I1222 14:34:57.025810 81839 runtime_context.cpp:29] DecreaseCounter constructing_actor_cnt, current val is 2514
I1222 14:34:57.025866 81830 runtime_context.cpp:29] DecreaseCounter constructing_actor_cnt, current val is 2512
I1222 14:34:57.025924 81841 copy_comm_net_actor.cpp:66] actor 71468400508942 switch to &CopyCommNetActor::HandlerNormal
I1222 14:34:57.025954 81841 thread.cpp:99] Thread 34078789 construct Actor kCopyCommNet 71468400508942
I1222 14:34:57.025965 81839 naive_actor.cpp:25] actor 72567773724690 switch to &NaiveActor::HandlerNormal
I1222 14:34:57.025986 81841 runtime_context.cpp:29] DecreaseCounter constructing_actor_cnt, current val is 2511
I1222 14:34:57.026006 81839 thread.cpp:99] Thread 34603011 construct Actor kCollectiveBoxingGeneric 72567773724690
I1222 14:34:57.026065 81839 runtime_context.cpp:29] DecreaseCounter constructing_actor_cnt, current val is 2510
I1222 14:34:57.026177 81839 naive_actor.cpp:25] actor 72567773724732 switch to &NaiveActor::HandlerNormal
I1222 14:34:57.026207 81839 thread.cpp:99] Thread 34603011 construct Actor kCollectiveBoxingGeneric 72567773724732
I1222 14:34:57.026239 81839 runtime_context.cpp:29] DecreaseCounter constructing_actor_cnt, current val is 2509
I1222 14:34:57.026342 81839 naive_actor.cpp:25] actor 72567773724709 switch to &NaiveActor::HandlerNormal
I1222 14:34:57.026373 81839 thread.cpp:99] Thread 34603011 construct Actor kCollectiveBoxingGeneric 72567773724709
I1222 14:34:57.026376 81830 naive_actor.cpp:25] actor 72567767433227 switch to &NaiveActor::HandlerNormal
I1222 14:34:57.026407 81839 runtime_context.cpp:29] DecreaseCounter constructing_actor_cnt, current val is 2508
I1222 14:34:57.026427 81830 thread.cpp:99] Thread 34603008 construct Actor kNormalForward 72567767433227
I1222 14:34:57.026495 81830 runtime_context.cpp:29] DecreaseCounter constructing_actor_cnt, current val is 2507
I1222 14:34:57.026544 81839 naive_actor.cpp:25] actor 72567773724708 switch to &NaiveActor::HandlerNormal
I1222 14:34:57.026574 81839 thread.cpp:99] Thread 34603011 construct Actor kCollectiveBoxingGeneric 72567773724708
I1222 14:34:57.026607 81839 runtime_context.cpp:29] DecreaseCounter constructing_actor_cnt, current val is 2506
I1222 14:34:57.026715 81839 naive_actor.cpp:25] actor 72567773724705 switch to &NaiveActor::HandlerNormal
I1222 14:34:57.026746 81839 thread.cpp:99] Thread 34603011 construct Actor kCollectiveBoxingGeneric 72567773724705
I1222 14:34:57.026779 81839 runtime_context.cpp:29] DecreaseCounter constructing_actor_cnt, current val is 2505
I1222 14:34:57.026881 81839 naive_actor.cpp:25] actor 72567773724697 switch to &NaiveActor::HandlerNormal
I1222 14:34:57.026912 81839 thread.cpp:99] Thread 34603011 construct Actor kCollectiveBoxingGeneric 72567773724697
I1222 14:34:57.026937 81839 runtime_context.cpp:29] DecreaseCounter constructing_actor_cnt, current val is 2504
I1222 14:34:57.027026 81830 naive_actor.cpp:25] actor 72567767433220 switch to &NaiveActor::HandlerNormal
I1222 14:34:57.027034 81839 naive_actor.cpp:25] actor 72567773724727 switch to &NaiveActor::HandlerNormal
I1222 14:34:57.027069 81830 thread.cpp:99] Thread 34603008 construct Actor kNormalForward 72567767433220
I1222 14:34:57.027089 81839 thread.cpp:99] Thread 34603011 construct Actor kCollectiveBoxingGeneric 72567773724727
I1222 14:34:57.027133 81830 runtime_context.cpp:29] DecreaseCounter constructing_actor_cnt, current val is 2503
I1222 14:34:57.027173 81839 runtime_context.cpp:29] DecreaseCounter constructing_actor_cnt, current val is 2502
I1222 14:34:57.027822 81839 naive_actor.cpp:25] actor 72567773724707 switch to &NaiveActor::HandlerNormal
I1222 14:34:57.027854 81839 thread.cpp:99] Thread 34603011 construct Actor kCollectiveBoxingGeneric 72567773724707
I1222 14:34:57.027881 81839 runtime_context.cpp:29] DecreaseCounter constructing_actor_cnt, current val is 2501
I1222 14:34:57.027989 81839 naive_actor.cpp:25] actor 72567773724713 switch to &NaiveActor::HandlerNormal
I1222 14:34:57.028020 81839 thread.cpp:99] Thread 34603011 construct Actor kCollectiveBoxingGeneric 72567773724713
I1222 14:34:57.028046 81839 runtime_context.cpp:29] DecreaseCounter constructing_actor_cnt, current val is 2500
I1222 14:34:57.028144 81839 naive_actor.cpp:25] actor 72567773724749 switch to &NaiveActor::HandlerNormal
I1222 14:34:57.028156 81830 naive_actor.cpp:25] actor 72567767433259 switch to &NaiveActor::HandlerNormal
I1222 14:34:57.028177 81839 thread.cpp:99] Thread 34603011 construct Actor kCollectiveBoxingGeneric 72567773724749
I1222 14:34:57.028205 81830 thread.cpp:99] Thread 34603008 construct Actor kNormalForward 72567767433259
I1222 14:34:57.028230 81839 runtime_context.cpp:29] DecreaseCounter constructing_actor_cnt, current val is 2499
I1222 14:34:57.028263 81830 runtime_context.cpp:29] DecreaseCounter constructing_actor_cnt, current val is 2498
I1222 14:34:57.028337 81839 naive_actor.cpp:25] actor 72567773724762 switch to &NaiveActor::HandlerNormal
I1222 14:34:57.028364 81839 thread.cpp:99] Thread 34603011 construct Actor kCollectiveBoxingGeneric 72567773724762
I1222 14:34:57.028396 81839 runtime_context.cpp:29] DecreaseCounter constructing_actor_cnt, current val is 2497
I1222 14:34:57.028466 81830 naive_actor.cpp:25] actor 72567767433225 switch to &NaiveActor::HandlerNormal
I1222 14:34:57.028494 81830 thread.cpp:99] Thread 34603008 construct Actor kNormalForward 72567767433225
I1222 14:34:57.028519 81839 naive_actor.cpp:25] actor 72567773724746 switch to &NaiveActor::HandlerNormal
I1222 14:34:57.028542 81839 thread.cpp:99] Thread 34603011 construct Actor kCollectiveBoxingGeneric 72567773724746
I1222 14:34:57.028542 81830 runtime_context.cpp:29] DecreaseCounter constructing_actor_cnt, current val is 2496
I1222 14:34:57.028570 81839 runtime_context.cpp:29] DecreaseCounter constructing_actor_cnt, current val is 2495
I1222 14:34:57.028676 81839 naive_actor.cpp:25] actor 72567773724722 switch to &NaiveActor::HandlerNormal
I1222 14:34:57.028704 81839 thread.cpp:99] Thread 34603011 construct Actor kCollectiveBoxingGeneric 72567773724722
I1222 14:34:57.028739 81839 runtime_context.cpp:29] DecreaseCounter constructing_actor_cnt, current val is 2494
I1222 14:34:57.028846 81839 naive_actor.cpp:25] actor 72567773724701 switch to &NaiveActor::HandlerNormal
I1222 14:34:57.028875 81839 thread.cpp:99] Thread 34603011 construct Actor kCollectiveBoxingGeneric 72567773724701
I1222 14:34:57.028900 81839 runtime_context.cpp:29] DecreaseCounter constructing_actor_cnt, current val is 2493
I1222 14:34:57.028970 81830 naive_actor.cpp:25] actor 72567767433218 switch to &NaiveActor::HandlerNormal
I1222 14:34:57.028990 81839 naive_actor.cpp:25] actor 72567773724783 switch to &NaiveActor::HandlerNormal
I1222 14:34:57.029017 81830 thread.cpp:99] Thread 34603008 construct Actor kNormalForward 72567767433218
I1222 14:34:57.029037 81839 thread.cpp:99] Thread 34603011 construct Actor kCollectiveBoxingGeneric 72567773724783
I1222 14:34:57.029085 81839 runtime_context.cpp:29] DecreaseCounter constructing_actor_cnt, current val is 2492
I1222 14:34:57.029085 81830 runtime_context.cpp:29] DecreaseCounter constructing_actor_cnt, current val is 2491
I1222 14:34:57.029181 81839 naive_actor.cpp:25] actor 72567773724685 switch to &NaiveActor::HandlerNormal
I1222 14:34:57.029213 81839 thread.cpp:99] Thread 34603011 construct Actor kCollectiveBoxingGeneric 72567773724685
I1222 14:34:57.029246 81839 runtime_context.cpp:29] DecreaseCounter constructing_actor_cnt, current val is 2490
I1222 14:34:57.029407 81839 naive_actor.cpp:25] actor 72567773724684 switch to &NaiveActor::HandlerNormal
I1222 14:34:57.029554 81830 naive_actor.cpp:25] actor 72567767433271 switch to &NaiveActor::HandlerNormal
I1222 14:34:57.029875 81839 thread.cpp:99] Thread 34603011 construct Actor kCollectiveBoxingGeneric 72567773724684
I1222 14:34:57.029903 81830 thread.cpp:99] Thread 34603008 construct Actor kNormalForward 72567767433271
I1222 14:34:57.029932 81839 runtime_context.cpp:29] DecreaseCounter constructing_actor_cnt, current val is 2489
I1222 14:34:57.029961 81830 runtime_context.cpp:29] DecreaseCounter constructing_actor_cnt, current val is 2488
I1222 14:34:57.030035 81839 naive_actor.cpp:25] actor 72567773724700 switch to &NaiveActor::HandlerNormal
I1222 14:34:57.030063 81839 thread.cpp:99] Thread 34603011 construct Actor kCollectiveBoxingGeneric 72567773724700
I1222 14:34:57.030097 81839 runtime_context.cpp:29] DecreaseCounter constructing_actor_cnt, current val is 2487
I1222 14:34:57.030194 81839 naive_actor.cpp:25] actor 72567773724751 switch to &NaiveActor::HandlerNormal
I1222 14:34:57.030220 81839 thread.cpp:99] Thread 34603011 construct Actor kCollectiveBoxingGeneric 72567773724751
I1222 14:34:57.030252 81839 runtime_context.cpp:29] DecreaseCounter constructing_actor_cnt, current val is 2486
I1222 14:34:57.030356 81839 naive_actor.cpp:25] actor 72567773724776 switch to &NaiveActor::HandlerNormal
I1222 14:34:57.030388 81839 thread.cpp:99] Thread 34603011 construct Actor kCollectiveBoxingGeneric 72567773724776
I1222 14:34:57.030413 81839 runtime_context.cpp:29] DecreaseCounter constructing_actor_cnt, current val is 2485
I1222 14:34:57.030436 81830 naive_actor.cpp:25] actor 72567767433257 switch to &NaiveActor::HandlerNormal
I1222 14:34:57.030476 81830 thread.cpp:99] Thread 34603008 construct Actor kNormalForward 72567767433257
I1222 14:34:57.030519 81839 naive_actor.cpp:25] actor 72567773724761 switch to &NaiveActor::HandlerNormal
I1222 14:34:57.030529 81830 runtime_context.cpp:29] DecreaseCounter constructing_actor_cnt, current val is 2484
I1222 14:34:57.030563 81839 thread.cpp:99] Thread 34603011 construct Actor kCollectiveBoxingGeneric 72567773724761
I1222 14:34:57.030608 81839 runtime_context.cpp:29] DecreaseCounter constructing_actor_cnt, current val is 2483
I1222 14:34:57.030707 81839 naive_actor.cpp:25] actor 72567773724694 switch to &NaiveActor::HandlerNormal
I1222 14:34:57.030735 81839 thread.cpp:99] Thread 34603011 construct Actor kCollectiveBoxingGeneric 72567773724694
I1222 14:34:57.030766 81839 runtime_context.cpp:29] DecreaseCounter constructing_actor_cnt, current val is 2482
I1222 14:34:57.030871 81839 naive_actor.cpp:25] actor 72567773724672 switch to &NaiveActor::HandlerNormal
I1222 14:34:57.030901 81839 thread.cpp:99] Thread 34603011 construct Actor kCollectiveBoxingGeneric 72567773724672
I1222 14:34:57.030932 81839 runtime_context.cpp:29] DecreaseCounter constructing_actor_cnt, current val is 2481
I1222 14:34:57.031025 81839 naive_actor.cpp:25] actor 72567773724786 switch to &NaiveActor::HandlerNormal
I1222 14:34:57.031051 81830 naive_actor.cpp:25] actor 72567767433224 switch to &NaiveActor::HandlerNormal
I1222 14:34:57.031054 81839 thread.cpp:99] Thread 34603011 construct Actor kCollectiveBoxingGeneric 72567773724786
I1222 14:34:57.031085 81830 thread.cpp:99] Thread 34603008 construct Actor kNormalForward 72567767433224
I1222 14:34:57.031118 81839 runtime_context.cpp:29] DecreaseCounter constructing_actor_cnt, current val is 2480
I1222 14:34:57.031152 81830 runtime_context.cpp:29] DecreaseCounter constructing_actor_cnt, current val is 2479
I1222 14:34:57.031232 81839 naive_actor.cpp:25] actor 72567773724734 switch to &NaiveActor::HandlerNormal
I1222 14:34:57.031262 81839 thread.cpp:99] Thread 34603011 construct Actor kCollectiveBoxingGeneric 72567773724734
I1222 14:34:57.031297 81839 runtime_context.cpp:29] DecreaseCounter constructing_actor_cnt, current val is 2478
I1222 14:34:57.031353 81830 naive_actor.cpp:25] actor 72567767433230 switch to &NaiveActor::HandlerNormal
I1222 14:34:57.031424 81830 thread.cpp:99] Thread 34603008 construct Actor kNormalForward 72567767433230
I1222 14:34:57.031402 81839 naive_actor.cpp:25] actor 72567773724763 switch to &NaiveActor::HandlerNormal
I1222 14:34:57.031986 81839 thread.cpp:99] Thread 34603011 construct Actor kCollectiveBoxingGeneric 72567773724763
I1222 14:34:57.031988 81830 runtime_context.cpp:29] DecreaseCounter constructing_actor_cnt, current val is 2477
I1222 14:34:57.032012 81839 runtime_context.cpp:29] DecreaseCounter constructing_actor_cnt, current val is 2476
I1222 14:34:57.032124 81839 naive_actor.cpp:25] actor 72567773724719 switch to &NaiveActor::HandlerNormal
I1222 14:34:57.032155 81839 thread.cpp:99] Thread 34603011 construct Actor kCollectiveBoxingGeneric 72567773724719
I1222 14:34:57.032189 81839 runtime_context.cpp:29] DecreaseCounter constructing_actor_cnt, current val is 2475
I1222 14:34:57.032302 81839 naive_actor.cpp:25] actor 72567773724823 switch to &NaiveActor::HandlerNormal
I1222 14:34:57.032332 81839 thread.cpp:99] Thread 34603011 construct Actor kCollectiveBoxingGeneric 72567773724823
I1222 14:34:57.032366 81839 runtime_context.cpp:29] DecreaseCounter constructing_actor_cnt, current val is 2474
I1222 14:34:57.032470 81839 naive_actor.cpp:25] actor 72567773724804 switch to &NaiveActor::HandlerNormal
I1222 14:34:57.032503 81839 thread.cpp:99] Thread 34603011 construct Actor kCollectiveBoxingGeneric 72567773724804
I1222 14:34:57.032533 81839 runtime_context.cpp:29] DecreaseCounter constructing_actor_cnt, current val is 2473
I1222 14:34:57.032640 81839 naive_actor.cpp:25] actor 72567773724755 switch to &NaiveActor::HandlerNormal
I1222 14:34:57.032641 81830 naive_actor.cpp:25] actor 72567767433222 switch to &NaiveActor::HandlerNormal
I1222 14:34:57.032673 81839 thread.cpp:99] Thread 34603011 construct Actor kCollectiveBoxingGeneric 72567773724755
I1222 14:34:57.032745 81830 thread.cpp:99] Thread 34603008 construct Actor kNormalForward 72567767433222
I1222 14:34:57.032766 81839 runtime_context.cpp:29] DecreaseCounter constructing_actor_cnt, current val is 2472
I1222 14:34:57.032830 81830 runtime_context.cpp:29] DecreaseCounter constructing_actor_cnt, current val is 2471
I1222 14:34:57.032893 81839 naive_actor.cpp:25] actor 72567773724799 switch to &NaiveActor::HandlerNormal
I1222 14:34:57.032914 81839 thread.cpp:99] Thread 34603011 construct Actor kCollectiveBoxingGeneric 72567773724799
I1222 14:34:57.032949 81839 runtime_context.cpp:29] DecreaseCounter constructing_actor_cnt, current val is 2470
I1222 14:34:57.033051 81839 naive_actor.cpp:25] actor 72567773724691 switch to &NaiveActor::HandlerNormal
I1222 14:34:57.033080 81839 thread.cpp:99] Thread 34603011 construct Actor kCollectiveBoxingGeneric 72567773724691
I1222 14:34:57.033107 81839 runtime_context.cpp:29] DecreaseCounter constructing_actor_cnt, current val is 2469
I1222 14:34:57.033206 81839 naive_actor.cpp:25] actor 72567773724864 switch to &NaiveActor::HandlerNormal
I1222 14:34:57.033241 81839 thread.cpp:99] Thread 34603011 construct Actor kCollectiveBoxingGeneric 72567773724864
I1222 14:34:57.033282 81839 runtime_context.cpp:29] DecreaseCounter constructing_actor_cnt, current val is 2468
I1222 14:34:57.033389 81839 naive_actor.cpp:25] actor 72567773724689 switch to &NaiveActor::HandlerNormal
I1222 14:34:57.033424 81839 thread.cpp:99] Thread 34603011 construct Actor kCollectiveBoxingGeneric 72567773724689
I1222 14:34:57.033457 81839 runtime_context.cpp:29] DecreaseCounter constructing_actor_cnt, current val is 2467
I1222 14:34:57.033576 81839 naive_actor.cpp:25] actor 72567773724798 switch to &NaiveActor::HandlerNormal
I1222 14:34:57.033607 81839 thread.cpp:99] Thread 34603011 construct Actor kCollectiveBoxingGeneric 72567773724798
I1222 14:34:57.033632 81839 runtime_context.cpp:29] DecreaseCounter constructing_actor_cnt, current val is 2466
I1222 14:34:57.033676 81830 naive_actor.cpp:25] actor 72567767433228 switch to &NaiveActor::HandlerNormal
I1222 14:34:57.033725 81839 naive_actor.cpp:25] actor 72567773724706 switch to &NaiveActor::HandlerNormal
I1222 14:34:57.033752 81830 thread.cpp:99] Thread 34603008 construct Actor kNormalForward 72567767433228
I1222 14:34:57.033819 81839 thread.cpp:99] Thread 34603011 construct Actor kCollectiveBoxingGeneric 72567773724706
I1222 14:34:57.034276 81839 runtime_context.cpp:29] DecreaseCounter constructing_actor_cnt, current val is 2465
I1222 14:34:57.034292 81830 runtime_context.cpp:29] DecreaseCounter constructing_actor_cnt, current val is 2464
I1222 14:34:57.034381 81839 naive_actor.cpp:25] actor 72567773724817 switch to &NaiveActor::HandlerNormal
I1222 14:34:57.034416 81839 thread.cpp:99] Thread 34603011 construct Actor kCollectiveBoxingGeneric 72567773724817
I1222 14:34:57.034443 81839 runtime_context.cpp:29] DecreaseCounter constructing_actor_cnt, current val is 2463
