 Insert buffer op : [System-Pipeline-Buffer-Op_-base_model.m_stage0.encoder.layer.1.output.dropout-dropout_97-mask_0-stage_id_0](buffer_size:4) 
 from [base_model.m_stage0.encoder.layer.1.output.dropout-dropout_97] (stage_id:0) -> [base_model.m_stage0.encoder.layer.1.output.dropout-dropout_97_grad] (stage_id:0) 
I1222 14:55:03.836700 86897 pipeline_buffer_pass.cpp:117] 
 Insert buffer op : [System-Pipeline-Buffer-Op_-base_model.m_stage0.encoder.layer.1.intermediate.intermediate_act_fn-gelu_94-out_0-stage_id_0](buffer_size:4) 
 from [base_model.m_stage0.encoder.layer.1.intermediate.intermediate_act_fn-gelu_94] (stage_id:0) -> [base_model.m_stage0.encoder.layer.1.output.dense-broadcast_matmul_95_b_grad] (stage_id:0) 
I1222 14:55:03.837249 86897 pipeline_buffer_pass.cpp:117] 
 Insert buffer op : [System-Pipeline-Buffer-Op_-base_model.m_stage0.encoder.layer.1.intermediate.dense-broadcast_add_93-z_0-stage_id_0](buffer_size:4) 
 from [base_model.m_stage0.encoder.layer.1.intermediate.dense-broadcast_add_93] (stage_id:0) -> [base_model.m_stage0.encoder.layer.1.intermediate.intermediate_act_fn-gelu_94_grad] (stage_id:0) 
I1222 14:55:03.837334 86897 pipeline_buffer_pass.cpp:117] 
 Insert buffer op : [System-Pipeline-Buffer-Op_-base_model.m_stage0.encoder.layer.1.attention.output.LayerNorm-layer_norm_91-y_0-stage_id_0](buffer_size:4) 
 from [base_model.m_stage0.encoder.layer.1.attention.output.LayerNorm-layer_norm_91] (stage_id:0) -> [base_model.m_stage0.encoder.layer.1.intermediate.dense-broadcast_matmul_92_b_grad] (stage_id:0) 
I1222 14:55:03.837417 86897 pipeline_buffer_pass.cpp:117] 
 Insert buffer op : [System-Pipeline-Buffer-Op_-base_model.m_stage0.encoder.layer.1.attention.output.LayerNorm-layer_norm_91-normalized_0-stage_id_0](buffer_size:4) 
 from [base_model.m_stage0.encoder.layer.1.attention.output.LayerNorm-layer_norm_91] (stage_id:0) -> [base_model.m_stage0.encoder.layer.1.attention.output.LayerNorm-layer_norm_91_param_grad] (stage_id:0) 
I1222 14:55:03.837499 86897 pipeline_buffer_pass.cpp:117] 
 Insert buffer op : [System-Pipeline-Buffer-Op_-base_model.m_stage0.encoder.layer.1.attention.output-add_n_90-out_0-stage_id_0](buffer_size:4) 
 from [base_model.m_stage0.encoder.layer.1.attention.output-add_n_90] (stage_id:0) -> [base_model.m_stage0.encoder.layer.1.attention.output.LayerNorm-layer_norm_91_grad] (stage_id:0) 
I1222 14:55:03.837577 86897 pipeline_buffer_pass.cpp:117] 
 Insert buffer op : [System-Pipeline-Buffer-Op_-base_model.m_stage0.encoder.layer.1.attention.output.LayerNorm-layer_norm_91-mean_0-stage_id_0](buffer_size:4) 
 from [base_model.m_stage0.encoder.layer.1.attention.output.LayerNorm-layer_norm_91] (stage_id:0) -> [base_model.m_stage0.encoder.layer.1.attention.output.LayerNorm-layer_norm_91_grad] (stage_id:0) 
I1222 14:55:03.837647 86897 pipeline_buffer_pass.cpp:117] 
 Insert buffer op : [System-Pipeline-Buffer-Op_-base_model.m_stage0.encoder.layer.1.attention.output.LayerNorm-layer_norm_91-inv_variance_0-stage_id_0](buffer_size:4) 
 from [base_model.m_stage0.encoder.layer.1.attention.output.LayerNorm-layer_norm_91] (stage_id:0) -> [base_model.m_stage0.encoder.layer.1.attention.output.LayerNorm-layer_norm_91_grad] (stage_id:0) 
I1222 14:55:03.837725 86897 pipeline_buffer_pass.cpp:117] 
 Insert buffer op : [System-Pipeline-Buffer-Op_-base_model.m_stage0.encoder.layer.1.attention.output.dropout-dropout_89-mask_0-stage_id_0](buffer_size:4) 
 from [base_model.m_stage0.encoder.layer.1.attention.output.dropout-dropout_89] (stage_id:0) -> [base_model.m_stage0.encoder.layer.1.attention.output.dropout-dropout_89_grad] (stage_id:0) 
I1222 14:55:03.837818 86897 pipeline_buffer_pass.cpp:117] 
 Insert buffer op : [System-Pipeline-Buffer-Op_-base_model.m_stage0.encoder.layer.1.attention.self-reshape_86-out_0-stage_id_0](buffer_size:4) 
 from [base_model.m_stage0.encoder.layer.1.attention.self-reshape_86] (stage_id:0) -> [base_model.m_stage0.encoder.layer.1.attention.output.dense-broadcast_matmul_87_b_grad] (stage_id:0) 
I1222 14:55:03.837901 86897 pipeline_buffer_pass.cpp:117] 
 Insert buffer op : [System-Pipeline-Buffer-Op_-base_model.m_stage0.encoder.layer.1.attention.self-transpose_77-output_0-stage_id_0](buffer_size:4) 
 from [base_model.m_stage0.encoder.layer.1.attention.self-transpose_77] (stage_id:0) -> [base_model.m_stage0.encoder.layer.1.attention.self-batch_matmul_84_grad_a] (stage_id:0) 
I1222 14:55:03.838016 86897 pipeline_buffer_pass.cpp:117] 
 Insert buffer op : [System-Pipeline-Buffer-Op_-base_model.m_stage0.encoder.layer.1.attention.self.dropout-dropout_83-out_0-stage_id_0](buffer_size:4) 
 from [base_model.m_stage0.encoder.layer.1.attention.self.dropout-dropout_83] (stage_id:0) -> [base_model.m_stage0.encoder.layer.1.attention.self-batch_matmul_84_grad_b] (stage_id:0) 
I1222 14:55:03.838538 86897 pipeline_buffer_pass.cpp:117] 
 Insert buffer op : [System-Pipeline-Buffer-Op_-base_model.m_stage0.encoder.layer.1.attention.self.dropout-dropout_83-mask_0-stage_id_0](buffer_size:4) 
 from [base_model.m_stage0.encoder.layer.1.attention.self.dropout-dropout_83] (stage_id:0) -> [base_model.m_stage0.encoder.layer.1.attention.self.dropout-dropout_83_grad] (stage_id:0) 
I1222 14:55:03.838621 86897 pipeline_buffer_pass.cpp:117] 
 Insert buffer op : [System-Pipeline-Buffer-Op_-base_model.m_stage0.encoder.layer.1.attention.self-softmax_82-out_0-stage_id_0](buffer_size:4) 
 from [base_model.m_stage0.encoder.layer.1.attention.self-softmax_82] (stage_id:0) -> [base_model.m_stage0.encoder.layer.1.attention.self-softmax_82_grad] (stage_id:0) 
I1222 14:55:03.838707 86897 pipeline_buffer_pass.cpp:117] 
 Insert buffer op : [System-Pipeline-Buffer-Op_-base_model.m_stage0.encoder.layer.0.output.LayerNorm-layer_norm_65-y_0-stage_id_0](buffer_size:4) 
 from [base_model.m_stage0.encoder.layer.0.output.LayerNorm-layer_norm_65] (stage_id:0) -> [base_model.m_stage0.encoder.layer.1.attention.self.value-broadcast_matmul_74_b_grad] (stage_id:0) 
I1222 14:55:03.838790 86897 pipeline_buffer_pass.cpp:117] 
 Insert buffer op : [System-Pipeline-Buffer-Op_-base_model.m_stage0.encoder.layer.1.attention.self-transpose_78-output_0-stage_id_0](buffer_size:4) 
 from [base_model.m_stage0.encoder.layer.1.attention.self-transpose_78] (stage_id:0) -> [base_model.m_stage0.encoder.layer.1.attention.self-batch_matmul_79_grad_a] (stage_id:0) 
I1222 14:55:03.838869 86897 pipeline_buffer_pass.cpp:117] 
 Insert buffer op : [System-Pipeline-Buffer-Op_-base_model.m_stage0.encoder.layer.1.attention.self-transpose_69-output_0-stage_id_0](buffer_size:4) 
 from [base_model.m_stage0.encoder.layer.1.attention.self-transpose_69] (stage_id:0) -> [base_model.m_stage0.encoder.layer.1.attention.self-batch_matmul_79_grad_b] (stage_id:0) 
I1222 14:55:03.839000 86897 pipeline_buffer_pass.cpp:117] 
 Insert buffer op : [System-Pipeline-Buffer-Op_-base_model.m_stage0.encoder.layer.0.output.LayerNorm-layer_norm_65-normalized_0-stage_id_0](buffer_size:4) 
 from [base_model.m_stage0.encoder.layer.0.output.LayerNorm-layer_norm_65] (stage_id:0) -> [base_model.m_stage0.encoder.layer.0.output.LayerNorm-layer_norm_65_param_grad] (stage_id:0) 
I1222 14:55:03.839083 86897 pipeline_buffer_pass.cpp:117] 
 Insert buffer op : [System-Pipeline-Buffer-Op_-base_model.m_stage0.encoder.layer.0.output-add_n_64-out_0-stage_id_0](buffer_size:4) 
 from [base_model.m_stage0.encoder.layer.0.output-add_n_64] (stage_id:0) -> [base_model.m_stage0.encoder.layer.0.output.LayerNorm-layer_norm_65_grad] (stage_id:0) 
I1222 14:55:03.839162 86897 pipeline_buffer_pass.cpp:117] 
 Insert buffer op : [System-Pipeline-Buffer-Op_-base_model.m_stage0.encoder.layer.0.output.LayerNorm-layer_norm_65-mean_0-stage_id_0](buffer_size:4) 
 from [base_model.m_stage0.encoder.layer.0.output.LayerNorm-layer_norm_65] (stage_id:0) -> [base_model.m_stage0.encoder.layer.0.output.LayerNorm-layer_norm_65_grad] (stage_id:0) 
I1222 14:55:03.839232 86897 pipeline_buffer_pass.cpp:117] 
 Insert buffer op : [System-Pipeline-Buffer-Op_-base_model.m_stage0.encoder.layer.0.output.LayerNorm-layer_norm_65-inv_variance_0-stage_id_0](buffer_size:4) 
 from [base_model.m_stage0.encoder.layer.0.output.LayerNorm-layer_norm_65] (stage_id:0) -> [base_model.m_stage0.encoder.layer.0.output.LayerNorm-layer_norm_65_grad] (stage_id:0) 
I1222 14:55:03.839311 86897 pipeline_buffer_pass.cpp:117] 
 Insert buffer op : [System-Pipeline-Buffer-Op_-base_model.m_stage0.encoder.layer.0.output.dropout-dropout_63-mask_0-stage_id_0](buffer_size:4) 
 from [base_model.m_stage0.encoder.layer.0.output.dropout-dropout_63] (stage_id:0) -> [base_model.m_stage0.encoder.layer.0.output.dropout-dropout_63_grad] (stage_id:0) 
I1222 14:55:03.839434 86897 pipeline_buffer_pass.cpp:117] 
 Insert buffer op : [System-Pipeline-Buffer-Op_-base_model.m_stage0.encoder.layer.0.intermediate.intermediate_act_fn-gelu_60-out_0-stage_id_0](buffer_size:4) 
 from [base_model.m_stage0.encoder.layer.0.intermediate.intermediate_act_fn-gelu_60] (stage_id:0) -> [base_model.m_stage0.encoder.layer.0.output.dense-broadcast_matmul_61_b_grad] (stage_id:0) 
I1222 14:55:03.839979 86897 pipeline_buffer_pass.cpp:117] 
 Insert buffer op : [System-Pipeline-Buffer-Op_-base_model.m_stage0.encoder.layer.0.intermediate.dense-broadcast_add_59-z_0-stage_id_0](buffer_size:4) 
 from [base_model.m_stage0.encoder.layer.0.intermediate.dense-broadcast_add_59] (stage_id:0) -> [base_model.m_stage0.encoder.layer.0.intermediate.intermediate_act_fn-gelu_60_grad] (stage_id:0) 
I1222 14:55:03.840066 86897 pipeline_buffer_pass.cpp:117] 
 Insert buffer op : [System-Pipeline-Buffer-Op_-base_model.m_stage0.encoder.layer.0.attention.output.LayerNorm-layer_norm_57-y_0-stage_id_0](buffer_size:4) 
 from [base_model.m_stage0.encoder.layer.0.attention.output.LayerNorm-layer_norm_57] (stage_id:0) -> [base_model.m_stage0.encoder.layer.0.intermediate.dense-broadcast_matmul_58_b_grad] (stage_id:0) 
I1222 14:55:03.840152 86897 pipeline_buffer_pass.cpp:117] 
 Insert buffer op : [System-Pipeline-Buffer-Op_-base_model.m_stage0.encoder.layer.0.attention.output.LayerNorm-layer_norm_57-normalized_0-stage_id_0](buffer_size:4) 
 from [base_model.m_stage0.encoder.layer.0.attention.output.LayerNorm-layer_norm_57] (stage_id:0) -> [base_model.m_stage0.encoder.layer.0.attention.output.LayerNorm-layer_norm_57_param_grad] (stage_id:0) 
I1222 14:55:03.840232 86897 pipeline_buffer_pass.cpp:117] 
 Insert buffer op : [System-Pipeline-Buffer-Op_-base_model.m_stage0.encoder.layer.0.attention.output.LayerNorm-layer_norm_57-mean_0-stage_id_0](buffer_size:4) 
 from [base_model.m_stage0.encoder.layer.0.attention.output.LayerNorm-layer_norm_57] (stage_id:0) -> [base_model.m_stage0.encoder.layer.0.attention.output.LayerNorm-layer_norm_57_grad] (stage_id:0) 
I1222 14:55:03.840307 86897 pipeline_buffer_pass.cpp:117] 
 Insert buffer op : [System-Pipeline-Buffer-Op_-base_model.m_stage0.encoder.layer.0.attention.output.LayerNorm-layer_norm_57-inv_variance_0-stage_id_0](buffer_size:4) 
 from [base_model.m_stage0.encoder.layer.0.attention.output.LayerNorm-layer_norm_57] (stage_id:0) -> [base_model.m_stage0.encoder.layer.0.attention.output.LayerNorm-layer_norm_57_grad] (stage_id:0) 
I1222 14:55:03.840382 86897 pipeline_buffer_pass.cpp:117] 
 Insert buffer op : [System-Pipeline-Buffer-Op_-base_model.m_stage0.encoder.layer.0.attention.output-add_n_56-out_0-stage_id_0](buffer_size:4) 
 from [base_model.m_stage0.encoder.layer.0.attention.output-add_n_56] (stage_id:0) -> [base_model.m_stage0.encoder.layer.0.attention.output.LayerNorm-layer_norm_57_grad] (stage_id:0) 
I1222 14:55:03.840459 86897 pipeline_buffer_pass.cpp:117] 
 Insert buffer op : [System-Pipeline-Buffer-Op_-base_model.m_stage0.encoder.layer.0.attention.output.dropout-dropout_55-mask_0-stage_id_0](buffer_size:4) 
 from [base_model.m_stage0.encoder.layer.0.attention.output.dropout-dropout_55] (stage_id:0) -> [base_model.m_stage0.encoder.layer.0.attention.output.dropout-dropout_55_grad] (stage_id:0) 
I1222 14:55:03.840544 86897 pipeline_buffer_pass.cpp:117] 
 Insert buffer op : [System-Pipeline-Buffer-Op_-base_model.m_stage0.encoder.layer.0.attention.self-reshape_52-out_0-stage_id_0](buffer_size:4) 
 from [base_model.m_stage0.encoder.layer.0.attention.self-reshape_52] (stage_id:0) -> [base_model.m_stage0.encoder.layer.0.attention.output.dense-broadcast_matmul_53_b_grad] (stage_id:0) 
I1222 14:55:03.840628 86897 pipeline_buffer_pass.cpp:117] 
 Insert buffer op : [System-Pipeline-Buffer-Op_-base_model.m_stage0.encoder.layer.0.attention.self-transpose_43-output_0-stage_id_0](buffer_size:4) 
 from [base_model.m_stage0.encoder.layer.0.attention.self-transpose_43] (stage_id:0) -> [base_model.m_stage0.encoder.layer.0.attention.self-batch_matmul_50_grad_a] (stage_id:0) 
I1222 14:55:03.840745 86897 pipeline_buffer_pass.cpp:117] 
 Insert buffer op : [System-Pipeline-Buffer-Op_-base_model.m_stage0.encoder.layer.0.attention.self.dropout-dropout_49-out_0-stage_id_0](buffer_size:4) 
 from [base_model.m_stage0.encoder.layer.0.attention.self.dropout-dropout_49] (stage_id:0) -> [base_model.m_stage0.encoder.layer.0.attention.self-batch_matmul_50_grad_b] (stage_id:0) 
I1222 14:55:03.841289 86897 pipeline_buffer_pass.cpp:117] 
 Insert buffer op : [System-Pipeline-Buffer-Op_-base_model.m_stage0.encoder.layer.0.attention.self.dropout-dropout_49-mask_0-stage_id_0](buffer_size:4) 
 from [base_model.m_stage0.encoder.layer.0.attention.self.dropout-dropout_49] (stage_id:0) -> [base_model.m_stage0.encoder.layer.0.attention.self.dropout-dropout_49_grad] (stage_id:0) 
I1222 14:55:03.841382 86897 pipeline_buffer_pass.cpp:117] 
 Insert buffer op : [System-Pipeline-Buffer-Op_-base_model.m_stage0.encoder.layer.0.attention.self-softmax_48-out_0-stage_id_0](buffer_size:4) 
 from [base_model.m_stage0.encoder.layer.0.attention.self-softmax_48] (stage_id:0) -> [base_model.m_stage0.encoder.layer.0.attention.self-softmax_48_grad] (stage_id:0) 
I1222 14:55:03.841481 86897 pipeline_buffer_pass.cpp:117] 
 Insert buffer op : [System-Pipeline-Buffer-Op_-base_model.m_stage0.embeddings.dropout-dropout_25-out_0-stage_id_0](buffer_size:4) 
 from [base_model.m_stage0.embeddings.dropout-dropout_25] (stage_id:0) -> [base_model.m_stage0.encoder.layer.0.attention.self.value-broadcast_matmul_40_b_grad] (stage_id:0) 
I1222 14:55:03.841573 86897 pipeline_buffer_pass.cpp:117] 
 Insert buffer op : [System-Pipeline-Buffer-Op_-base_model.m_stage0.encoder.layer.0.attention.self-transpose_44-output_0-stage_id_0](buffer_size:4) 
 from [base_model.m_stage0.encoder.layer.0.attention.self-transpose_44] (stage_id:0) -> [base_model.m_stage0.encoder.layer.0.attention.self-batch_matmul_45_grad_a] (stage_id:0) 
I1222 14:55:03.841661 86897 pipeline_buffer_pass.cpp:117] 
 Insert buffer op : [System-Pipeline-Buffer-Op_-base_model.m_stage0.encoder.layer.0.attention.self-transpose_35-output_0-stage_id_0](buffer_size:4) 
 from [base_model.m_stage0.encoder.layer.0.attention.self-transpose_35] (stage_id:0) -> [base_model.m_stage0.encoder.layer.0.attention.self-batch_matmul_45_grad_b] (stage_id:0) 
I1222 14:55:03.841817 86897 pipeline_buffer_pass.cpp:117] 
 Insert buffer op : [System-Pipeline-Buffer-Op_-base_model.m_stage0.embeddings.dropout-dropout_25-mask_0-stage_id_0](buffer_size:4) 
 from [base_model.m_stage0.embeddings.dropout-dropout_25] (stage_id:0) -> [base_model.m_stage0.embeddings.dropout-dropout_25_grad] (stage_id:0) 
I1222 14:55:03.841917 86897 pipeline_buffer_pass.cpp:117] 
 Insert buffer op : [System-Pipeline-Buffer-Op_-base_model.m_stage0.embeddings.LayerNorm-layer_norm_24-normalized_0-stage_id_0](buffer_size:4) 
 from [base_model.m_stage0.embeddings.LayerNorm-layer_norm_24] (stage_id:0) -> [base_model.m_stage0.embeddings.LayerNorm-layer_norm_24_param_grad] (stage_id:0) 
I1222 14:55:03.842005 86897 pipeline_buffer_pass.cpp:117] 
 Insert buffer op : [System-Pipeline-Buffer-Op_-base_model.m_stage0.embeddings-broadcast_add_23-z_0-stage_id_0](buffer_size:4) 
 from [base_model.m_stage0.embeddings-broadcast_add_23] (stage_id:0) -> [base_model.m_stage0.embeddings.LayerNorm-layer_norm_24_grad] (stage_id:0) 
I1222 14:55:03.842084 86897 pipeline_buffer_pass.cpp:117] 
 Insert buffer op : [System-Pipeline-Buffer-Op_-base_model.m_stage0.embeddings.LayerNorm-layer_norm_24-mean_0-stage_id_0](buffer_size:4) 
 from [base_model.m_stage0.embeddings.LayerNorm-layer_norm_24] (stage_id:0) -> [base_model.m_stage0.embeddings.LayerNorm-layer_norm_24_grad] (stage_id:0) 
I1222 14:55:03.842156 86897 pipeline_buffer_pass.cpp:117] 
 Insert buffer op : [System-Pipeline-Buffer-Op_-base_model.m_stage0.embeddings.LayerNorm-layer_norm_24-inv_variance_0-stage_id_0](buffer_size:4) 
 from [base_model.m_stage0.embeddings.LayerNorm-layer_norm_24] (stage_id:0) -> [base_model.m_stage0.embeddings.LayerNorm-layer_norm_24_grad] (stage_id:0) 
I1222 14:55:03.842299 86897 pipeline_buffer_pass.cpp:117] 
 Insert buffer op : [System-Pipeline-Buffer-Op_-base_model.m_stage0.embeddings.position_embeddings-gather_20-out_0-stage_id_0](buffer_size:4) 
 from [base_model.m_stage0.embeddings.position_embeddings-gather_20] (stage_id:0) -> [base_model.m_stage0.embeddings-broadcast_add_23_y_grad_reduce_sum_like] (stage_id:0) 
I1222 14:55:03.842808 86897 pipeline_buffer_pass.cpp:117] 
 Insert buffer op : [System-Pipeline-Buffer-Op_-base_model.m_stage0.embeddings-slice_19-y_0-stage_id_0](buffer_size:4) 
 from [base_model.m_stage0.embeddings-slice_19] (stage_id:0) -> [base_model.m_stage0.embeddings.position_embeddings-gather_20_grad] (stage_id:0) 
I1222 14:55:03.842898 86897 pipeline_buffer_pass.cpp:117] 
 Insert buffer op : [System-Pipeline-Buffer-Op_-base_model-identity_15-out_0-stage_id_0](buffer_size:4) 
 from [base_model-identity_15] (stage_id:0) -> [base_model.m_stage0.embeddings.word_embeddings-gather_18_grad] (stage_id:0) 
I1222 14:55:03.842995 86897 pipeline_buffer_pass.cpp:117] 
 Insert buffer op : [System-Pipeline-Buffer-Op_-base_model-identity_16-out_0-stage_id_0](buffer_size:4) 
 from [base_model-identity_16] (stage_id:0) -> [base_model.m_stage0.embeddings.token_type_embeddings-gather_21_grad] (stage_id:0) 
I1222 14:55:03.843677 86897 pipeline_buffer_pass.cpp:117] 
 Insert buffer op : [System-Pipeline-Buffer-Op_-_train_data_loader-hierarchical_parallel_cast_8-out_0-stage_id_0](buffer_size:4) 
 from [_train_data_loader-hierarchical_parallel_cast_8] (stage_id:0) -> [base_model-identity_15] (stage_id:0) 
I1222 14:55:03.843773 86897 pipeline_buffer_pass.cpp:117] 
 Insert buffer op : [System-Pipeline-Buffer-Op_-_train_data_loader-hierarchical_parallel_cast_11-out_0-stage_id_0](buffer_size:4) 
 from [_train_data_loader-hierarchical_parallel_cast_11] (stage_id:0) -> [base_model-identity_16] (stage_id:0) 
I1222 14:55:03.843861 86897 pipeline_buffer_pass.cpp:117] 
 Insert buffer op : [System-Pipeline-Buffer-Op_-_train_data_loader-hierarchical_parallel_cast_10-out_0-stage_id_0](buffer_size:4) 
 from [_train_data_loader-hierarchical_parallel_cast_10] (stage_id:0) -> [base_model-identity_17] (stage_id:0) 
I1222 14:55:03.844619 86897 pipeline_buffer_pass.cpp:212] 
 Insert buffer op pair : src_buffer = <System-Pipeline-Buffer-Op_-base_model-identity_440-out_0>(buffer_size:1) , dst_buffer = <System-Pipeline-Buffer-Op_-base_model-identity_440-out_0-stage_id_1>(buffer_size:1) 
 from [base_model-identity_440] (stage_id:0) -> [base_model-identity_441] (stage_id:1) 
I1222 14:55:03.844707 86897 pipeline_buffer_pass.cpp:117] 
 Insert buffer op : [System-Pipeline-Buffer-Op_-_train_data_loader-hierarchical_parallel_cast_10-out_0-stage_id_1](buffer_size:4) 
 from [_train_data_loader-hierarchical_parallel_cast_10] (stage_id:0) -> [base_model-identity_442] (stage_id:1) 
I1222 14:55:03.845424 86897 pipeline_buffer_pass.cpp:117] 
 Insert buffer op : [System-Pipeline-Buffer-Op_-_train_data_loader-hierarchical_parallel_cast_9-out_0-stage_id_1](buffer_size:4) 
 from [_train_data_loader-hierarchical_parallel_cast_9] (stage_id:0) -> [reshape_872] (stage_id:1) 
I1222 14:55:03.845520 86897 pipeline_buffer_pass.cpp:117] 
 Insert buffer op : [System-Pipeline-Buffer-Op_-_train_data_loader-hierarchical_parallel_cast_13-out_0-stage_id_1](buffer_size:4) 
 from [_train_data_loader-hierarchical_parallel_cast_13] (stage_id:0) -> [expand_dims_880] (stage_id:1) 
I1222 14:55:03.845602 86897 pipeline_buffer_pass.cpp:117] 
 Insert buffer op : [System-Pipeline-Buffer-Op_-_train_data_loader-hierarchical_parallel_cast_12-out_0-stage_id_1](buffer_size:4) 
 from [_train_data_loader-hierarchical_parallel_cast_12] (stage_id:0) -> [reshape_884] (stage_id:1) 
I1222 14:55:03.845685 86897 pipeline_buffer_pass.cpp:117] 
 Insert buffer op : [System-Pipeline-Buffer-Op_-_train_data_loader-hierarchical_parallel_cast_14-out_0-stage_id_1](buffer_size:4) 
 from [_train_data_loader-hierarchical_parallel_cast_14] (stage_id:0) -> [multiply_891] (stage_id:1) 
I1222 14:55:03.847553 86897 pipeline_buffer_pass.cpp:212] 
 Insert buffer op pair : src_buffer = <System-Pipeline-Buffer-Op_-base_model-identity_441_grad-out_0>(buffer_size:1) , dst_buffer = <System-Pipeline-Buffer-Op_-base_model-identity_441_grad-out_0-stage_id_0>(buffer_size:1) 
 from [base_model-identity_441_grad] (stage_id:1) -> [base_model-identity_440_grad] (stage_id:0) 
I1222 14:55:04.876144 86897 global.h:43] DeleteGlobal N7oneflow7JobDescE
I1222 14:55:06.031816 86897 global.h:36] NewGlobal N7oneflow7JobDescE
I1222 14:55:18.938063 86897 global.h:36] NewGlobal N7oneflow7OpGraphE
I1222 14:55:22.288107 86897 global.h:43] DeleteGlobal N7oneflow7OpGraphE
I1222 14:55:22.642235 86897 nn_graph.cpp:267] 
job_id: 0 , job_name: PipelineGraph_0 , compile time: 16.6102 seconds.
I1222 14:55:22.741384 86897 plan_util.cpp:927]  Plan: PipelineGraph_0 needs to allocate [ 9655.92 MiB ] device memory in Rank: 3 , Device: 1
I1222 14:55:22.741508 86897 plan_util.cpp:927]  Plan: PipelineGraph_0 needs to allocate [ 9655.92 MiB ] device memory in Rank: 1 , Device: 1
I1222 14:55:22.741526 86897 plan_util.cpp:927]  Plan: PipelineGraph_0 needs to allocate [ 19041.8 MiB ] device memory in Rank: 0 , Device: 0
I1222 14:55:22.741542 86897 plan_util.cpp:927]  Plan: PipelineGraph_0 needs to allocate [ 19041.8 MiB ] device memory in Rank: 2 , Device: 0
I1222 14:55:23.874616 86897 runtime_context.cpp:21] NewCounter constructing_actor_cnt 3318
I1222 14:55:23.875514 87358 naive_actor.cpp:25] actor 2199023258562 switch to &NaiveActor::HandlerNormal
I1222 14:55:23.875603 87358 thread.cpp:99] Thread 1048576 construct Actor kDeviceTick 2199023258562
I1222 14:55:23.876066 87358 runtime_context.cpp:29] DecreaseCounter constructing_actor_cnt, current val is 3317
I1222 14:55:23.876255 87411 naive_actor.cpp:25] actor 1099582930944 switch to &NaiveActor::HandlerNormal
I1222 14:55:23.876444 87411 thread.cpp:99] Thread 524322 construct Actor kDeviceTick 1099582930944
I1222 14:55:23.876530 87423 wait_and_send_ids_actor.cpp:53] actor 1099647942656 switch to &WaitAndSendIdsActor::HandlerWaitToStart
I1222 14:55:23.876616 87411 runtime_context.cpp:29] DecreaseCounter constructing_actor_cnt, current val is 3316
I1222 14:55:23.876695 87423 thread.cpp:99] Thread 524353 construct Actor kWaitAndSendIds 1099647942656
I1222 14:55:23.876811 87358 naive_actor.cpp:25] actor 2199023258565 switch to &NaiveActor::HandlerNormal
I1222 14:55:23.876924 87358 thread.cpp:99] Thread 1048576 construct Actor kDeviceTick 2199023258565
I1222 14:55:23.876940 87423 runtime_context.cpp:29] DecreaseCounter constructing_actor_cnt, current val is 3315
I1222 14:55:23.876998 87358 runtime_context.cpp:29] DecreaseCounter constructing_actor_cnt, current val is 3314
I1222 14:55:23.985548 87358 naive_actor.cpp:25] actor 2199023255565 switch to &NaiveActor::HandlerNormal
I1222 14:55:23.986217 87358 thread.cpp:99] Thread 1048576 construct Actor kNormalForward 2199023255565
I1222 14:55:23.986778 87358 runtime_context.cpp:29] DecreaseCounter constructing_actor_cnt, current val is 3313
I1222 14:55:23.988294 87406 naive_actor.cpp:25] actor 2199027449857 switch to &NaiveActor::HandlerNormal
I1222 14:55:23.988564 87429 naive_actor.cpp:25] actor 2199029547020 switch to &NaiveActor::HandlerNormal
I1222 14:55:23.988672 87406 thread.cpp:99] Thread 1048578 construct Actor kCopyHd 2199027449857
I1222 14:55:23.989038 87394 naive_actor.cpp:25] actor 2199025352706 switch to &NaiveActor::HandlerNormal
I1222 14:55:23.989135 87429 thread.cpp:99] Thread 1048579 construct Actor kCopyHd 2199029547020
I1222 14:55:23.989975 87429 runtime_context.cpp:29] DecreaseCounter constructing_actor_cnt, current val is 3311
I1222 14:55:23.989653 87394 thread.cpp:99] Thread 1048577 construct Actor kCollectiveBoxingGeneric 2199025352706
I1222 14:55:23.989730 87416 naive_actor.cpp:25] actor 1099597611008 switch to &NaiveActor::HandlerNormal
I1222 14:55:23.989781 87415 naive_actor.cpp:25] actor 1099616485376 switch to &NaiveActor::HandlerNormal
I1222 14:55:23.989886 87420 naive_actor.cpp:25] actor 1099626971136 switch to &NaiveActor::HandlerNormal
I1222 14:55:23.989910 87426 naive_actor.cpp:25] actor 1099641651200 switch to &NaiveActor::HandlerNormal
I1222 14:55:23.989419 87406 runtime_context.cpp:29] DecreaseCounter constructing_actor_cnt, current val is 3312
I1222 14:55:23.990063 87358 naive_actor.cpp:25] actor 2199023255557 switch to &NaiveActor::HandlerNormal
I1222 14:55:23.990254 87394 runtime_context.cpp:29] DecreaseCounter constructing_actor_cnt, current val is 3310
I1222 14:55:23.990257 87421 naive_actor.cpp:25] actor 1099610193920 switch to &NaiveActor::HandlerNormal
I1222 14:55:23.990259 87425 naive_actor.cpp:25] actor 1099601805312 switch to &NaiveActor::HandlerNormal
I1222 14:55:23.990367 87414 naive_actor.cpp:25] actor 1099629068288 switch to &NaiveActor::HandlerNormal
I1222 14:55:23.991643 87400 naive_actor.cpp:25] actor 1099612291072 switch to &NaiveActor::HandlerNormal
I1222 14:55:23.990557 87415 thread.cpp:99] Thread 524338 construct Actor kSliceBoxing 1099616485376
I1222 14:55:23.990790 87417 naive_actor.cpp:25] actor 1099599708160 switch to &NaiveActor::HandlerNormal
I1222 14:55:23.990885 87378 naive_actor.cpp:25] actor 1099549376512 switch to &NaiveActor::HandlerNormal
I1222 14:55:23.991995 87415 runtime_context.cpp:29] DecreaseCounter constructing_actor_cnt, current val is 3309
I1222 14:55:23.990968 87433 naive_actor.cpp:25] actor 1099635359744 switch to &NaiveActor::HandlerNormal
I1222 14:55:23.991055 87420 thread.cpp:99] Thread 524343 construct Actor kSliceBoxing 1099626971136
I1222 14:55:23.991065 87397 naive_actor.cpp:25] actor 1099618582528 switch to &NaiveActor::HandlerNormal
I1222 14:55:23.991073 87430 naive_actor.cpp:25] actor 1099591319552 switch to &NaiveActor::HandlerNormal
I1222 14:55:23.991127 87426 thread.cpp:99] Thread 524350 construct Actor kSliceBoxing 1099641651200
I1222 14:55:23.991246 87404 naive_actor.cpp:25] actor 1099605999616 switch to &NaiveActor::HandlerNormal
I1222 14:55:23.991251 87387 naive_actor.cpp:25] actor 1099564056576 switch to &NaiveActor::HandlerNormal
I1222 14:55:23.991252 87395 naive_actor.cpp:25] actor 1099643748352 switch to &NaiveActor::HandlerNormal
I1222 14:55:23.991266 87407 naive_actor.cpp:25] actor 1099631165440 switch to &NaiveActor::HandlerNormal
I1222 14:55:23.991314 87358 thread.cpp:99] Thread 1048576 construct Actor kNormalForward 2199023255557
I1222 14:55:23.991354 87391 naive_actor.cpp:25] actor 1099620679680 switch to &NaiveActor::HandlerNormal
I1222 14:55:23.991370 87432 naive_actor.cpp:25] actor 1099624873984 switch to &NaiveActor::HandlerNormal
I1222 14:55:23.991400 87377 naive_actor.cpp:25] actor 1099555667968 switch to &NaiveActor::HandlerNormal
I1222 14:55:23.991436 87421 thread.cpp:99] Thread 524335 construct Actor kSliceBoxing 1099610193920
I1222 14:55:23.991497 87425 thread.cpp:99] Thread 524331 construct Actor kSliceBoxing 1099601805312
I1222 14:55:23.991556 87380 naive_actor.cpp:25] actor 1099557765120 switch to &NaiveActor::HandlerNormal
I1222 14:55:23.991662 87381 naive_actor.cpp:25] actor 1099561959424 switch to &NaiveActor::HandlerNormal
I1222 14:55:23.990370 87416 thread.cpp:99] Thread 524329 construct Actor kSliceBoxing 1099597611008
I1222 14:55:23.991672 87414 thread.cpp:99] Thread 524344 construct Actor kSliceBoxing 1099629068288
I1222 14:55:23.991808 87400 thread.cpp:99] Thread 524336 construct Actor kSliceBoxing 1099612291072
I1222 14:55:23.991832 87398 sink_actor.cpp:21] actor 1099650039808 switch to &SinkActor::HandlerNormal
I1222 14:55:23.991842 87408 naive_actor.cpp:25] actor 1099637456896 switch to &NaiveActor::HandlerNormal
I1222 14:55:23.991876 87431 naive_actor.cpp:25] actor 1099589222400 switch to &NaiveActor::HandlerNormal
I1222 14:55:23.991950 87402 naive_actor.cpp:25] actor 1099585028096 switch to &NaiveActor::HandlerNormal
I1222 14:55:23.991976 87417 thread.cpp:99] Thread 524330 construct Actor kSliceBoxing 1099599708160
I1222 14:55:23.992010 87378 thread.cpp:99] Thread 524306 construct Actor kNormalForward 1099549376512
I1222 14:55:23.990902 87424 naive_actor.cpp:25] actor 1099608096768 switch to &NaiveActor::HandlerNormal
I1222 14:55:23.992086 87369 naive_actor.cpp:25] actor 1099526307840 switch to &NaiveActor::HandlerNormal
I1222 14:55:23.992096 87389 naive_actor.cpp:25] actor 1099574542336 switch to &NaiveActor::HandlerNormal
I1222 14:55:23.992128 87392 naive_actor.cpp:25] actor 1099622776832 switch to &NaiveActor::HandlerNormal
I1222 14:55:23.992177 87418 naive_actor.cpp:25] actor 1099654234112 switch to &NaiveActor::HandlerNormal
I1222 14:55:23.992236 87356 naive_actor.cpp:25] actor 1099534696448 switch to &NaiveActor::HandlerNormal
I1222 14:55:23.992241 87433 thread.cpp:99] Thread 524347 construct Actor kSliceBoxing 1099635359744
I1222 14:55:23.992298 87403 naive_actor.cpp:25] actor 1099633262592 switch to &NaiveActor::HandlerNormal
I1222 14:55:23.992311 87410 naive_actor.cpp:25] actor 1099595513856 switch to &NaiveActor::HandlerNormal
I1222 14:55:23.992344 87401 naive_actor.cpp:25] actor 1099580833792 switch to &NaiveActor::HandlerNormal
I1222 14:55:23.992358 87420 runtime_context.cpp:29] DecreaseCounter constructing_actor_cnt, current val is 3308
I1222 14:55:23.992414 87397 thread.cpp:99] Thread 524339 construct Actor kSliceBoxing 1099618582528
I1222 14:55:23.992527 87430 thread.cpp:99] Thread 524326 construct Actor kSliceBoxing 1099591319552
I1222 14:55:23.992591 87367 naive_actor.cpp:25] actor 1099528404992 switch to &NaiveActor::HandlerNormal
I1222 14:55:23.992662 87426 runtime_context.cpp:29] DecreaseCounter constructing_actor_cnt, current val is 3307
I1222 14:55:23.992686 87404 thread.cpp:99] Thread 524333 construct Actor kSliceBoxing 1099605999616
I1222 14:55:23.992719 87409 copy_comm_net_actor.cpp:66] actor 1099656331271 switch to &CopyCommNetActor::HandlerNormal
I1222 14:55:23.992821 87387 thread.cpp:99] Thread 524313 construct Actor kNormalForward 1099564056576
I1222 14:55:23.992843 87412 naive_actor.cpp:25] actor 1099603902464 switch to &NaiveActor::HandlerNormal
I1222 14:55:23.992897 87422 naive_actor.cpp:25] actor 1099639554048 switch to &NaiveActor::HandlerNormal
I1222 14:55:23.992923 87395 thread.cpp:99] Thread 524351 construct Actor kSliceBoxing 1099643748352
I1222 14:55:23.992995 87427 naive_actor.cpp:25] actor 1099587125248 switch to &NaiveActor::HandlerNormal
I1222 14:55:23.993022 87407 thread.cpp:99] Thread 524345 construct Actor kSliceBoxing 1099631165440
I1222 14:55:23.993091 87366 naive_actor.cpp:25] actor 1099530502144 switch to &NaiveActor::HandlerNormal
I1222 14:55:23.997496 87407 runtime_context.cpp:29] DecreaseCounter constructing_actor_cnt, current val is 3292
I1222 14:55:23.993207 87391 thread.cpp:99] Thread 524340 construct Actor kSliceBoxing 1099620679680
I1222 14:55:23.993218 87419 naive_actor.cpp:25] actor 1099652136960 switch to &NaiveActor::HandlerNormal
I1222 14:55:23.993263 87368 naive_actor.cpp:25] actor 1099517919232 switch to &NaiveActor::HandlerNormal
I1222 14:55:23.997761 87368 thread.cpp:99] Thread 524291 construct Actor kNormalForward 1099517919232
I1222 14:55:23.993273 87399 naive_actor.cpp:25] actor 1099614388224 switch to &NaiveActor::HandlerNormal
I1222 14:55:23.993275 87370 naive_actor.cpp:25] actor 1099532599296 switch to &NaiveActor::HandlerNormal
I1222 14:55:23.993301 87364 naive_actor.cpp:25] actor 1099524210688 switch to &NaiveActor::HandlerNormal
I1222 14:55:23.998082 87364 thread.cpp:99] Thread 524294 construct Actor kNormalForward 1099524210688
I1222 14:55:23.993391 87379 naive_actor.cpp:25] actor 1099551473664 switch to &NaiveActor::HandlerNormal
I1222 14:55:23.993439 87377 thread.cpp:99] Thread 524309 construct Actor kNormalForward 1099555667968
I1222 14:55:23.993594 87421 runtime_context.cpp:29] DecreaseCounter constructing_actor_cnt, current val is 3305
I1222 14:55:23.993628 87375 naive_actor.cpp:25] actor 1099547279360 switch to &NaiveActor::HandlerNormal
I1222 14:55:23.993669 87371 naive_actor.cpp:25] actor 1099538890752 switch to &NaiveActor::HandlerNormal
I1222 14:55:23.993747 87425 runtime_context.cpp:29] DecreaseCounter constructing_actor_cnt, current val is 3304
I1222 14:55:23.993835 87390 naive_actor.cpp:25] actor 1099576639488 switch to &NaiveActor::HandlerNormal
I1222 14:55:23.993914 87380 thread.cpp:99] Thread 524310 construct Actor kNormalForward 1099557765120
I1222 14:55:23.993943 87394 naive_actor.cpp:25] actor 2199025352720 switch to &NaiveActor::HandlerNormal
I1222 14:55:23.999120 87394 thread.cpp:99] Thread 1048577 construct Actor kCollectiveBoxingGeneric 2199025352720
I1222 14:55:23.994055 87374 naive_actor.cpp:25] actor 1099543085056 switch to &NaiveActor::HandlerNormal
I1222 14:55:23.994063 87406 naive_actor.cpp:25] actor 2199027449858 switch to &NaiveActor::HandlerNormal
I1222 14:55:23.994100 87381 thread.cpp:99] Thread 524312 construct Actor kNormalForward 1099561959424
I1222 14:55:23.994184 87413 naive_actor.cpp:25] actor 1099593416704 switch to &NaiveActor::HandlerNormal
I1222 14:55:23.994201 87361 naive_actor.cpp:25] actor 1099536793600 switch to &NaiveActor::HandlerNormal
I1222 14:55:23.994359 87416 runtime_context.cpp:29] DecreaseCounter constructing_actor_cnt, current val is 3303
I1222 14:55:23.994500 87373 repeat_actor.cpp:69] actor 1099545182208 switch to &RepeatActor::HandlerNormal
I1222 14:55:23.999586 87373 thread.cpp:99] Thread 524304 construct Actor kRepeat 1099545182208
I1222 14:55:23.994581 87386 naive_actor.cpp:25] actor 1099578736640 switch to &NaiveActor::HandlerNormal
I1222 14:55:23.994596 87383 naive_actor.cpp:25] actor 1099559862272 switch to &NaiveActor::HandlerNormal
I1222 14:55:23.994614 87360 naive_actor.cpp:25] actor 1099515822080 switch to &NaiveActor::HandlerNormal
I1222 14:55:23.994726 87400 runtime_context.cpp:29] DecreaseCounter constructing_actor_cnt, current val is 3301
I1222 14:55:23.994735 87365 naive_actor.cpp:25] actor 1099520016384 switch to &NaiveActor::HandlerNormal
I1222 14:55:23.994812 87388 naive_actor.cpp:25] actor 1099572445184 switch to &NaiveActor::HandlerNormal
I1222 14:55:23.999961 87388 thread.cpp:99] Thread 524317 construct Actor kNormalForward 1099572445184
I1222 14:55:23.994838 87384 naive_actor.cpp:25] actor 1099570348032 switch to &NaiveActor::HandlerNormal
I1222 14:55:23.994976 87385 naive_actor.cpp:25] actor 1099568250880 switch to &NaiveActor::HandlerNormal
I1222 14:55:23.994988 87408 thread.cpp:99] Thread 524348 construct Actor kSliceBoxing 1099637456896
I1222 14:55:23.995041 87362 naive_actor.cpp:25] actor 1099540987904 switch to &NaiveActor::HandlerNormal
I1222 14:55:23.995148 87431 thread.cpp:99] Thread 524325 construct Actor kSliceBoxing 1099589222400
I1222 14:55:23.995210 87402 thread.cpp:99] Thread 524323 construct Actor kNormalForward 1099585028096
I1222 14:55:24.000397 87431 runtime_context.cpp:29] DecreaseCounter constructing_actor_cnt, current val is 3281
I1222 14:55:24.000437 87402 runtime_context.cpp:29] DecreaseCounter constructing_actor_cnt, current val is 3280
I1222 14:55:23.995318 87417 runtime_context.cpp:29] DecreaseCounter constructing_actor_cnt, current val is 3300
I1222 14:55:23.995375 87378 runtime_context.cpp:29] DecreaseCounter constructing_actor_cnt, current val is 3299
I1222 14:55:23.995618 87424 thread.cpp:99] Thread 524334 construct Actor kSliceBoxing 1099608096768
I1222 14:55:23.995648 87376 naive_actor.cpp:25] actor 1099553570816 switch to &NaiveActor::HandlerNormal
I1222 14:55:23.995775 87363 naive_actor.cpp:25] actor 1099513724928 switch to &NaiveActor::HandlerNormal
I1222 14:55:23.996116 87369 thread.cpp:99] Thread 524295 construct Actor kNormalForward 1099526307840
I1222 14:55:23.996150 87389 thread.cpp:99] Thread 524318 construct Actor kNormalForward 1099574542336
I1222 14:55:23.996204 87392 thread.cpp:99] Thread 524341 construct Actor kSliceBoxing 1099622776832
I1222 14:55:23.996268 87418 thread.cpp:99] Thread 524356 construct Actor kCriticalSectionWaitTick 1099654234112
I1222 14:55:23.996331 87356 thread.cpp:99] Thread 524299 construct Actor kNormalForward 1099534696448
I1222 14:55:23.996470 87403 thread.cpp:99] Thread 524346 construct Actor kSliceBoxing 1099633262592
I1222 14:55:23.996466 87433 runtime_context.cpp:29] DecreaseCounter constructing_actor_cnt, current val is 3298
I1222 14:55:23.996532 87410 thread.cpp:99] Thread 524328 construct Actor kSliceBoxing 1099595513856
I1222 14:55:23.996623 87401 thread.cpp:99] Thread 524321 construct Actor kDeviceTick 1099580833792
I1222 14:55:23.996740 87397 runtime_context.cpp:29] DecreaseCounter constructing_actor_cnt, current val is 3297
I1222 14:55:23.996874 87430 runtime_context.cpp:29] DecreaseCounter constructing_actor_cnt, current val is 3296
I1222 14:55:23.996908 87367 thread.cpp:99] Thread 524296 construct Actor kNormalForward 1099528404992
I1222 14:55:23.997004 87404 runtime_context.cpp:29] DecreaseCounter constructing_actor_cnt, current val is 3295
I1222 14:55:23.997126 87409 thread.cpp:99] Thread 524357 construct Actor kCopyCommNet 1099656331271
I1222 14:55:23.997207 87387 runtime_context.cpp:29] DecreaseCounter constructing_actor_cnt, current val is 3294
I1222 14:55:23.997308 87422 thread.cpp:99] Thread 524349 construct Actor kSliceBoxing 1099639554048
I1222 14:55:24.002009 87409 runtime_context.cpp:29] DecreaseCounter constructing_actor_cnt, current val is 3269
I1222 14:55:23.997381 87395 runtime_context.cpp:29] DecreaseCounter constructing_actor_cnt, current val is 3293
I1222 14:55:23.997418 87427 thread.cpp:99] Thread 524324 construct Actor kNormalForward 1099587125248
I1222 14:55:23.993134 87358 runtime_context.cpp:29] DecreaseCounter constructing_actor_cnt, current val is 3306
I1222 14:55:23.997505 87366 thread.cpp:99] Thread 524297 construct Actor kNormalForward 1099530502144
I1222 14:55:23.997694 87391 runtime_context.cpp:29] DecreaseCounter constructing_actor_cnt, current val is 3291
I1222 14:55:23.997715 87419 thread.cpp:99] Thread 524355 construct Actor kCriticalSectionWaitTick 1099652136960
I1222 14:55:24.002454 87409 copy_comm_net_actor.cpp:66] actor 1099656331266 switch to &CopyCommNetActor::HandlerNormal
I1222 14:55:23.997857 87368 runtime_context.cpp:29] DecreaseCounter constructing_actor_cnt, current val is 3290
I1222 14:55:24.002573 87419 runtime_context.cpp:29] DecreaseCounter constructing_actor_cnt, current val is 3265
I1222 14:55:23.998045 87370 thread.cpp:99] Thread 524298 construct Actor kNormalForward 1099532599296
I1222 14:55:23.993373 87432 thread.cpp:99] Thread 524342 construct Actor kSliceBoxing 1099624873984
I1222 14:55:23.998153 87364 runtime_context.cpp:29] DecreaseCounter constructing_actor_cnt, current val is 3289
I1222 14:55:23.998191 87379 thread.cpp:99] Thread 524307 construct Actor kNormalForward 1099551473664
I1222 14:55:23.998270 87377 runtime_context.cpp:29] DecreaseCounter constructing_actor_cnt, current val is 3288
I1222 14:55:23.998327 87375 thread.cpp:99] Thread 524305 construct Actor kNormalForward 1099547279360
I1222 14:55:23.998389 87371 thread.cpp:99] Thread 524301 construct Actor kNormalForward 1099538890752
I1222 14:55:24.003079 87375 runtime_context.cpp:29] DecreaseCounter constructing_actor_cnt, current val is 3261
I1222 14:55:23.998700 87372 naive_actor.cpp:25] actor 1099511627776 switch to &NaiveActor::HandlerNormal
I1222 14:55:23.999107 87380 runtime_context.cpp:29] DecreaseCounter constructing_actor_cnt, current val is 3287
I1222 14:55:23.993994 87429 naive_actor.cpp:25] actor 2199029547017 switch to &NaiveActor::HandlerNormal
I1222 14:55:23.999156 87394 runtime_context.cpp:29] DecreaseCounter constructing_actor_cnt, current val is 3286
I1222 14:55:23.999212 87374 thread.cpp:99] Thread 524303 construct Actor kDeviceTick 1099543085056
I1222 14:55:23.999239 87406 thread.cpp:99] Thread 1048578 construct Actor kCopyHd 2199027449858
I1222 14:55:23.999312 87381 runtime_context.cpp:29] DecreaseCounter constructing_actor_cnt, current val is 3285
I1222 14:55:24.003535 87394 naive_actor.cpp:25] actor 2199025352711 switch to &NaiveActor::HandlerNormal
I1222 14:55:23.999464 87361 thread.cpp:99] Thread 524300 construct Actor kNormalForward 1099536793600
I1222 14:55:23.994524 87414 runtime_context.cpp:29] DecreaseCounter constructing_actor_cnt, current val is 3302
I1222 14:55:23.999668 87373 runtime_context.cpp:29] DecreaseCounter constructing_actor_cnt, current val is 3284
I1222 14:55:23.999682 87386 thread.cpp:99] Thread 524320 construct Actor kNormalForward 1099578736640
I1222 14:55:23.999730 87383 thread.cpp:99] Thread 524311 construct Actor kNormalForward 1099559862272
I1222 14:55:23.999763 87360 thread.cpp:99] Thread 524290 construct Actor kNormalForward 1099515822080
I1222 14:55:23.999876 87365 thread.cpp:99] Thread 524292 construct Actor kNormalForward 1099520016384
I1222 14:55:23.994820 87398 thread.cpp:99] Thread 524354 construct Actor kCallbackNotify 1099650039808
I1222 14:55:24.000023 87384 thread.cpp:99] Thread 524316 construct Actor kNormalForward 1099570348032
I1222 14:55:24.000047 87388 runtime_context.cpp:29] DecreaseCounter constructing_actor_cnt, current val is 3283
I1222 14:55:24.000116 87385 thread.cpp:99] Thread 524315 construct Actor kNormalForward 1099568250880
I1222 14:55:24.000222 87408 runtime_context.cpp:29] DecreaseCounter constructing_actor_cnt, current val is 3282
I1222 14:55:24.004930 87385 runtime_context.cpp:29] DecreaseCounter constructing_actor_cnt, current val is 3250
I1222 14:55:23.995213 87382 naive_actor.cpp:25] actor 1099566153728 switch to &NaiveActor::HandlerNormal
I1222 14:55:23.995220 87359 naive_actor.cpp:25] actor 1099522113536 switch to &NaiveActor::HandlerNormal
I1222 14:55:24.000696 87424 runtime_context.cpp:29] DecreaseCounter constructing_actor_cnt, current val is 3279
I1222 14:55:24.000763 87376 thread.cpp:99] Thread 524308 construct Actor kNormalForward 1099553570816
I1222 14:55:24.000906 87363 thread.cpp:99] Thread 524289 construct Actor kNormalForward 1099513724928
I1222 14:55:24.000973 87369 runtime_context.cpp:29] DecreaseCounter constructing_actor_cnt, current val is 3278
I1222 14:55:24.001003 87389 runtime_context.cpp:29] DecreaseCounter constructing_actor_cnt, current val is 3277
I1222 14:55:24.001008 87392 runtime_context.cpp:29] DecreaseCounter constructing_actor_cnt, current val is 3276
I1222 14:55:24.001047 87418 runtime_context.cpp:29] DecreaseCounter constructing_actor_cnt, current val is 3275
I1222 14:55:24.001104 87403 runtime_context.cpp:29] DecreaseCounter constructing_actor_cnt, current val is 3273
I1222 14:55:24.001104 87356 runtime_context.cpp:29] DecreaseCounter constructing_actor_cnt, current val is 3274
I1222 14:55:24.001224 87410 runtime_context.cpp:29] DecreaseCounter constructing_actor_cnt, current val is 3272
I1222 14:55:24.001816 87401 runtime_context.cpp:29] DecreaseCounter constructing_actor_cnt, current val is 3271
I1222 14:55:24.001919 87367 runtime_context.cpp:29] DecreaseCounter constructing_actor_cnt, current val is 3270
I1222 14:55:23.997295 87412 thread.cpp:99] Thread 524332 construct Actor kSliceBoxing 1099603902464
I1222 14:55:24.002027 87422 runtime_context.cpp:29] DecreaseCounter constructing_actor_cnt, current val is 3268
I1222 14:55:24.002208 87427 runtime_context.cpp:29] DecreaseCounter constructing_actor_cnt, current val is 3267
I1222 14:55:24.002313 87366 runtime_context.cpp:29] DecreaseCounter constructing_actor_cnt, current val is 3266
I1222 14:55:23.993259 87396 naive_actor.cpp:25] actor 1099645845511 switch to &NaiveActor::HandlerNormal
I1222 14:55:24.002532 87409 thread.cpp:99] Thread 524357 construct Actor kCopyCommNet 1099656331266
I1222 14:55:23.997977 87399 thread.cpp:99] Thread 524337 construct Actor kSliceBoxing 1099614388224
I1222 14:55:24.002746 87370 runtime_context.cpp:29] DecreaseCounter constructing_actor_cnt, current val is 3264
I1222 14:55:24.002949 87432 runtime_context.cpp:29] DecreaseCounter constructing_actor_cnt, current val is 3263
I1222 14:55:24.003046 87379 runtime_context.cpp:29] DecreaseCounter constructing_actor_cnt, current val is 3262
I1222 14:55:23.998669 87390 thread.cpp:99] Thread 524319 construct Actor kNormalForward 1099576639488
I1222 14:55:24.003158 87371 runtime_context.cpp:29] DecreaseCounter constructing_actor_cnt, current val is 3260
I1222 14:55:24.003245 87372 thread.cpp:99] Thread 524288 construct Actor kNormalForward 1099511627776
I1222 14:55:24.003361 87429 thread.cpp:99] Thread 1048579 construct Actor kCopyHd 2199029547017
I1222 14:55:24.003473 87374 runtime_context.cpp:29] DecreaseCounter constructing_actor_cnt, current val is 3259
I1222 14:55:24.003513 87406 runtime_context.cpp:29] DecreaseCounter constructing_actor_cnt, current val is 3258
I1222 14:55:23.999436 87413 thread.cpp:99] Thread 524327 construct Actor kSliceBoxing 1099593416704
I1222 14:55:24.003587 87394 thread.cpp:99] Thread 1048577 construct Actor kCollectiveBoxingGeneric 2199025352711
I1222 14:55:24.007578 87406 naive_actor.cpp:25] actor 2199027449856 switch to &NaiveActor::HandlerNormal
I1222 14:55:24.007625 87406 thread.cpp:99] Thread 1048578 construct Actor kCopyHd 2199027449856
I1222 14:55:24.004349 87358 naive_actor.cpp:25] actor 2199023255567 switch to &NaiveActor::HandlerNormal
I1222 14:55:24.004436 87383 runtime_context.cpp:29] DecreaseCounter constructing_actor_cnt, current val is 3255
I1222 14:55:24.004510 87360 runtime_context.cpp:29] DecreaseCounter constructing_actor_cnt, current val is 3254
I1222 14:55:24.004519 87365 runtime_context.cpp:29] DecreaseCounter constructing_actor_cnt, current val is 3253
I1222 14:55:24.004653 87398 runtime_context.cpp:29] DecreaseCounter constructing_actor_cnt, current val is 3252
I1222 14:55:24.004700 87384 runtime_context.cpp:29] DecreaseCounter constructing_actor_cnt, current val is 3251
I1222 14:55:24.000294 87362 thread.cpp:99] Thread 524302 construct Actor kNormalForward 1099540987904
I1222 14:55:24.005111 87382 thread.cpp:99] Thread 524314 construct Actor kNormalForward 1099566153728
I1222 14:55:24.005219 87359 thread.cpp:99] Thread 524293 construct Actor kNormalForward 1099522113536
I1222 14:55:24.005462 87376 runtime_context.cpp:29] DecreaseCounter constructing_actor_cnt, current val is 3249
I1222 14:55:24.008232 87359 runtime_context.cpp:29] DecreaseCounter constructing_actor_cnt, current val is 3236
I1222 14:55:24.005964 87412 runtime_context.cpp:29] DecreaseCounter constructing_actor_cnt, current val is 3247
I1222 14:55:24.006106 87396 thread.cpp:99] Thread 524352 construct Actor kDstSubsetTick 1099645845511
I1222 14:55:24.006237 87409 runtime_context.cpp:29] DecreaseCounter constructing_actor_cnt, current val is 3246
I1222 14:55:24.006372 87399 runtime_context.cpp:29] DecreaseCounter constructing_actor_cnt, current val is 3245
I1222 14:55:24.006743 87390 runtime_context.cpp:29] DecreaseCounter constructing_actor_cnt, current val is 3244
I1222 14:55:24.006871 87372 runtime_context.cpp:29] DecreaseCounter constructing_actor_cnt, current val is 3243
I1222 14:55:24.006886 87429 runtime_context.cpp:29] DecreaseCounter constructing_actor_cnt, current val is 3242
I1222 14:55:24.003661 87361 runtime_context.cpp:29] DecreaseCounter constructing_actor_cnt, current val is 3257
I1222 14:55:24.007586 87413 runtime_context.cpp:29] DecreaseCounter constructing_actor_cnt, current val is 3241
I1222 14:55:24.007602 87394 runtime_context.cpp:29] DecreaseCounter constructing_actor_cnt, current val is 3240
I1222 14:55:24.004011 87386 runtime_context.cpp:29] DecreaseCounter constructing_actor_cnt, current val is 3256
I1222 14:55:24.007661 87406 runtime_context.cpp:29] DecreaseCounter constructing_actor_cnt, current val is 3239
I1222 14:55:24.007678 87358 thread.cpp:99] Thread 1048576 construct Actor kNormalForward 2199023255567
I1222 14:55:24.008103 87382 runtime_context.cpp:29] DecreaseCounter constructing_actor_cnt, current val is 3238
I1222 14:55:24.008111 87362 runtime_context.cpp:29] DecreaseCounter constructing_actor_cnt, current val is 3237
I1222 14:55:24.005522 87363 runtime_context.cpp:29] DecreaseCounter constructing_actor_cnt, current val is 3248
I1222 14:55:24.008580 87396 runtime_context.cpp:29] DecreaseCounter constructing_actor_cnt, current val is 3235
I1222 14:55:24.008934 87409 copy_comm_net_actor.cpp:66] actor 1099656331269 switch to &CopyCommNetActor::HandlerNormal
I1222 14:55:24.009354 87394 naive_actor.cpp:25] actor 2199025352707 switch to &NaiveActor::HandlerNormal
I1222 14:55:24.009830 87394 thread.cpp:99] Thread 1048577 construct Actor kCollectiveBoxingGeneric 2199025352707
I1222 14:55:24.009395 87372 naive_actor.cpp:25] actor 1099511627777 switch to &NaiveActor::HandlerNormal
I1222 14:55:24.009459 87358 runtime_context.cpp:29] DecreaseCounter constructing_actor_cnt, current val is 3234
I1222 14:55:24.009799 87409 thread.cpp:99] Thread 524357 construct Actor kCopyCommNet 1099656331269
I1222 14:55:24.009387 87429 naive_actor.cpp:25] actor 2199029547009 switch to &NaiveActor::HandlerNormal
I1222 14:55:24.009949 87394 runtime_context.cpp:29] DecreaseCounter constructing_actor_cnt, current val is 3233
I1222 14:55:24.010093 87372 thread.cpp:99] Thread 524288 construct Actor kSliceBoxing 1099511627777
I1222 14:55:24.010478 87396 naive_actor.cpp:25] actor 1099645845509 switch to &NaiveActor::HandlerNormal
