 Insert buffer op : [System-Pipeline-Buffer-Op_-base_model.m_stage0.encoder.layer.1.output.dropout-dropout_97-mask_0-stage_id_0](buffer_size:4) 
 from [base_model.m_stage0.encoder.layer.1.output.dropout-dropout_97] (stage_id:0) -> [base_model.m_stage0.encoder.layer.1.output.dropout-dropout_97_grad] (stage_id:0) 
I1222 14:27:41.341507 81258 pipeline_buffer_pass.cpp:117] 
 Insert buffer op : [System-Pipeline-Buffer-Op_-base_model.m_stage0.encoder.layer.1.intermediate.intermediate_act_fn-gelu_94-out_0-stage_id_0](buffer_size:4) 
 from [base_model.m_stage0.encoder.layer.1.intermediate.intermediate_act_fn-gelu_94] (stage_id:0) -> [base_model.m_stage0.encoder.layer.1.output.dense-broadcast_matmul_95_b_grad] (stage_id:0) 
I1222 14:27:41.342217 81258 pipeline_buffer_pass.cpp:117] 
 Insert buffer op : [System-Pipeline-Buffer-Op_-base_model.m_stage0.encoder.layer.1.intermediate.dense-broadcast_add_93-z_0-stage_id_0](buffer_size:4) 
 from [base_model.m_stage0.encoder.layer.1.intermediate.dense-broadcast_add_93] (stage_id:0) -> [base_model.m_stage0.encoder.layer.1.intermediate.intermediate_act_fn-gelu_94_grad] (stage_id:0) 
I1222 14:27:41.342370 81258 pipeline_buffer_pass.cpp:117] 
 Insert buffer op : [System-Pipeline-Buffer-Op_-base_model.m_stage0.encoder.layer.1.attention.output.LayerNorm-layer_norm_91-y_0-stage_id_0](buffer_size:4) 
 from [base_model.m_stage0.encoder.layer.1.attention.output.LayerNorm-layer_norm_91] (stage_id:0) -> [base_model.m_stage0.encoder.layer.1.intermediate.dense-broadcast_matmul_92_b_grad] (stage_id:0) 
I1222 14:27:41.342511 81258 pipeline_buffer_pass.cpp:117] 
 Insert buffer op : [System-Pipeline-Buffer-Op_-base_model.m_stage0.encoder.layer.1.attention.output.LayerNorm-layer_norm_91-normalized_0-stage_id_0](buffer_size:4) 
 from [base_model.m_stage0.encoder.layer.1.attention.output.LayerNorm-layer_norm_91] (stage_id:0) -> [base_model.m_stage0.encoder.layer.1.attention.output.LayerNorm-layer_norm_91_param_grad] (stage_id:0) 
I1222 14:27:41.342655 81258 pipeline_buffer_pass.cpp:117] 
 Insert buffer op : [System-Pipeline-Buffer-Op_-base_model.m_stage0.encoder.layer.1.attention.output-add_n_90-out_0-stage_id_0](buffer_size:4) 
 from [base_model.m_stage0.encoder.layer.1.attention.output-add_n_90] (stage_id:0) -> [base_model.m_stage0.encoder.layer.1.attention.output.LayerNorm-layer_norm_91_grad] (stage_id:0) 
I1222 14:27:41.342803 81258 pipeline_buffer_pass.cpp:117] 
 Insert buffer op : [System-Pipeline-Buffer-Op_-base_model.m_stage0.encoder.layer.1.attention.output.LayerNorm-layer_norm_91-mean_0-stage_id_0](buffer_size:4) 
 from [base_model.m_stage0.encoder.layer.1.attention.output.LayerNorm-layer_norm_91] (stage_id:0) -> [base_model.m_stage0.encoder.layer.1.attention.output.LayerNorm-layer_norm_91_grad] (stage_id:0) 
I1222 14:27:41.342932 81258 pipeline_buffer_pass.cpp:117] 
 Insert buffer op : [System-Pipeline-Buffer-Op_-base_model.m_stage0.encoder.layer.1.attention.output.LayerNorm-layer_norm_91-inv_variance_0-stage_id_0](buffer_size:4) 
 from [base_model.m_stage0.encoder.layer.1.attention.output.LayerNorm-layer_norm_91] (stage_id:0) -> [base_model.m_stage0.encoder.layer.1.attention.output.LayerNorm-layer_norm_91_grad] (stage_id:0) 
I1222 14:27:41.343067 81258 pipeline_buffer_pass.cpp:117] 
 Insert buffer op : [System-Pipeline-Buffer-Op_-base_model.m_stage0.encoder.layer.1.attention.output.dropout-dropout_89-mask_0-stage_id_0](buffer_size:4) 
 from [base_model.m_stage0.encoder.layer.1.attention.output.dropout-dropout_89] (stage_id:0) -> [base_model.m_stage0.encoder.layer.1.attention.output.dropout-dropout_89_grad] (stage_id:0) 
I1222 14:27:41.343214 81258 pipeline_buffer_pass.cpp:117] 
 Insert buffer op : [System-Pipeline-Buffer-Op_-base_model.m_stage0.encoder.layer.1.attention.self-reshape_86-out_0-stage_id_0](buffer_size:4) 
 from [base_model.m_stage0.encoder.layer.1.attention.self-reshape_86] (stage_id:0) -> [base_model.m_stage0.encoder.layer.1.attention.output.dense-broadcast_matmul_87_b_grad] (stage_id:0) 
I1222 14:27:41.343359 81258 pipeline_buffer_pass.cpp:117] 
 Insert buffer op : [System-Pipeline-Buffer-Op_-base_model.m_stage0.encoder.layer.1.attention.self-transpose_77-output_0-stage_id_0](buffer_size:4) 
 from [base_model.m_stage0.encoder.layer.1.attention.self-transpose_77] (stage_id:0) -> [base_model.m_stage0.encoder.layer.1.attention.self-batch_matmul_84_grad_a] (stage_id:0) 
I1222 14:27:41.343561 81258 pipeline_buffer_pass.cpp:117] 
 Insert buffer op : [System-Pipeline-Buffer-Op_-base_model.m_stage0.encoder.layer.1.attention.self.dropout-dropout_83-out_0-stage_id_0](buffer_size:4) 
 from [base_model.m_stage0.encoder.layer.1.attention.self.dropout-dropout_83] (stage_id:0) -> [base_model.m_stage0.encoder.layer.1.attention.self-batch_matmul_84_grad_b] (stage_id:0) 
I1222 14:27:41.344177 81258 pipeline_buffer_pass.cpp:117] 
 Insert buffer op : [System-Pipeline-Buffer-Op_-base_model.m_stage0.encoder.layer.1.attention.self.dropout-dropout_83-mask_0-stage_id_0](buffer_size:4) 
 from [base_model.m_stage0.encoder.layer.1.attention.self.dropout-dropout_83] (stage_id:0) -> [base_model.m_stage0.encoder.layer.1.attention.self.dropout-dropout_83_grad] (stage_id:0) 
I1222 14:27:41.344322 81258 pipeline_buffer_pass.cpp:117] 
 Insert buffer op : [System-Pipeline-Buffer-Op_-base_model.m_stage0.encoder.layer.1.attention.self-softmax_82-out_0-stage_id_0](buffer_size:4) 
 from [base_model.m_stage0.encoder.layer.1.attention.self-softmax_82] (stage_id:0) -> [base_model.m_stage0.encoder.layer.1.attention.self-softmax_82_grad] (stage_id:0) 
I1222 14:27:41.344471 81258 pipeline_buffer_pass.cpp:117] 
 Insert buffer op : [System-Pipeline-Buffer-Op_-base_model.m_stage0.encoder.layer.0.output.LayerNorm-layer_norm_65-y_0-stage_id_0](buffer_size:4) 
 from [base_model.m_stage0.encoder.layer.0.output.LayerNorm-layer_norm_65] (stage_id:0) -> [base_model.m_stage0.encoder.layer.1.attention.self.value-broadcast_matmul_74_b_grad] (stage_id:0) 
I1222 14:27:41.344609 81258 pipeline_buffer_pass.cpp:117] 
 Insert buffer op : [System-Pipeline-Buffer-Op_-base_model.m_stage0.encoder.layer.1.attention.self-transpose_78-output_0-stage_id_0](buffer_size:4) 
 from [base_model.m_stage0.encoder.layer.1.attention.self-transpose_78] (stage_id:0) -> [base_model.m_stage0.encoder.layer.1.attention.self-batch_matmul_79_grad_a] (stage_id:0) 
I1222 14:27:41.344744 81258 pipeline_buffer_pass.cpp:117] 
 Insert buffer op : [System-Pipeline-Buffer-Op_-base_model.m_stage0.encoder.layer.1.attention.self-transpose_69-output_0-stage_id_0](buffer_size:4) 
 from [base_model.m_stage0.encoder.layer.1.attention.self-transpose_69] (stage_id:0) -> [base_model.m_stage0.encoder.layer.1.attention.self-batch_matmul_79_grad_b] (stage_id:0) 
I1222 14:27:41.344985 81258 pipeline_buffer_pass.cpp:117] 
 Insert buffer op : [System-Pipeline-Buffer-Op_-base_model.m_stage0.encoder.layer.0.output.LayerNorm-layer_norm_65-normalized_0-stage_id_0](buffer_size:4) 
 from [base_model.m_stage0.encoder.layer.0.output.LayerNorm-layer_norm_65] (stage_id:0) -> [base_model.m_stage0.encoder.layer.0.output.LayerNorm-layer_norm_65_param_grad] (stage_id:0) 
I1222 14:27:41.345134 81258 pipeline_buffer_pass.cpp:117] 
 Insert buffer op : [System-Pipeline-Buffer-Op_-base_model.m_stage0.encoder.layer.0.output-add_n_64-out_0-stage_id_0](buffer_size:4) 
 from [base_model.m_stage0.encoder.layer.0.output-add_n_64] (stage_id:0) -> [base_model.m_stage0.encoder.layer.0.output.LayerNorm-layer_norm_65_grad] (stage_id:0) 
I1222 14:27:41.345268 81258 pipeline_buffer_pass.cpp:117] 
 Insert buffer op : [System-Pipeline-Buffer-Op_-base_model.m_stage0.encoder.layer.0.output.LayerNorm-layer_norm_65-mean_0-stage_id_0](buffer_size:4) 
 from [base_model.m_stage0.encoder.layer.0.output.LayerNorm-layer_norm_65] (stage_id:0) -> [base_model.m_stage0.encoder.layer.0.output.LayerNorm-layer_norm_65_grad] (stage_id:0) 
I1222 14:27:41.345393 81258 pipeline_buffer_pass.cpp:117] 
 Insert buffer op : [System-Pipeline-Buffer-Op_-base_model.m_stage0.encoder.layer.0.output.LayerNorm-layer_norm_65-inv_variance_0-stage_id_0](buffer_size:4) 
 from [base_model.m_stage0.encoder.layer.0.output.LayerNorm-layer_norm_65] (stage_id:0) -> [base_model.m_stage0.encoder.layer.0.output.LayerNorm-layer_norm_65_grad] (stage_id:0) 
I1222 14:27:41.345528 81258 pipeline_buffer_pass.cpp:117] 
 Insert buffer op : [System-Pipeline-Buffer-Op_-base_model.m_stage0.encoder.layer.0.output.dropout-dropout_63-mask_0-stage_id_0](buffer_size:4) 
 from [base_model.m_stage0.encoder.layer.0.output.dropout-dropout_63] (stage_id:0) -> [base_model.m_stage0.encoder.layer.0.output.dropout-dropout_63_grad] (stage_id:0) 
I1222 14:27:41.345737 81258 pipeline_buffer_pass.cpp:117] 
 Insert buffer op : [System-Pipeline-Buffer-Op_-base_model.m_stage0.encoder.layer.0.intermediate.intermediate_act_fn-gelu_60-out_0-stage_id_0](buffer_size:4) 
 from [base_model.m_stage0.encoder.layer.0.intermediate.intermediate_act_fn-gelu_60] (stage_id:0) -> [base_model.m_stage0.encoder.layer.0.output.dense-broadcast_matmul_61_b_grad] (stage_id:0) 
I1222 14:27:41.346386 81258 pipeline_buffer_pass.cpp:117] 
 Insert buffer op : [System-Pipeline-Buffer-Op_-base_model.m_stage0.encoder.layer.0.intermediate.dense-broadcast_add_59-z_0-stage_id_0](buffer_size:4) 
 from [base_model.m_stage0.encoder.layer.0.intermediate.dense-broadcast_add_59] (stage_id:0) -> [base_model.m_stage0.encoder.layer.0.intermediate.intermediate_act_fn-gelu_60_grad] (stage_id:0) 
I1222 14:27:41.346535 81258 pipeline_buffer_pass.cpp:117] 
 Insert buffer op : [System-Pipeline-Buffer-Op_-base_model.m_stage0.encoder.layer.0.attention.output.LayerNorm-layer_norm_57-y_0-stage_id_0](buffer_size:4) 
 from [base_model.m_stage0.encoder.layer.0.attention.output.LayerNorm-layer_norm_57] (stage_id:0) -> [base_model.m_stage0.encoder.layer.0.intermediate.dense-broadcast_matmul_58_b_grad] (stage_id:0) 
I1222 14:27:41.346681 81258 pipeline_buffer_pass.cpp:117] 
 Insert buffer op : [System-Pipeline-Buffer-Op_-base_model.m_stage0.encoder.layer.0.attention.output.LayerNorm-layer_norm_57-normalized_0-stage_id_0](buffer_size:4) 
 from [base_model.m_stage0.encoder.layer.0.attention.output.LayerNorm-layer_norm_57] (stage_id:0) -> [base_model.m_stage0.encoder.layer.0.attention.output.LayerNorm-layer_norm_57_param_grad] (stage_id:0) 
I1222 14:27:41.346832 81258 pipeline_buffer_pass.cpp:117] 
 Insert buffer op : [System-Pipeline-Buffer-Op_-base_model.m_stage0.encoder.layer.0.attention.output.LayerNorm-layer_norm_57-mean_0-stage_id_0](buffer_size:4) 
 from [base_model.m_stage0.encoder.layer.0.attention.output.LayerNorm-layer_norm_57] (stage_id:0) -> [base_model.m_stage0.encoder.layer.0.attention.output.LayerNorm-layer_norm_57_grad] (stage_id:0) 
I1222 14:27:41.346967 81258 pipeline_buffer_pass.cpp:117] 
 Insert buffer op : [System-Pipeline-Buffer-Op_-base_model.m_stage0.encoder.layer.0.attention.output.LayerNorm-layer_norm_57-inv_variance_0-stage_id_0](buffer_size:4) 
 from [base_model.m_stage0.encoder.layer.0.attention.output.LayerNorm-layer_norm_57] (stage_id:0) -> [base_model.m_stage0.encoder.layer.0.attention.output.LayerNorm-layer_norm_57_grad] (stage_id:0) 
I1222 14:27:41.347096 81258 pipeline_buffer_pass.cpp:117] 
 Insert buffer op : [System-Pipeline-Buffer-Op_-base_model.m_stage0.encoder.layer.0.attention.output-add_n_56-out_0-stage_id_0](buffer_size:4) 
 from [base_model.m_stage0.encoder.layer.0.attention.output-add_n_56] (stage_id:0) -> [base_model.m_stage0.encoder.layer.0.attention.output.LayerNorm-layer_norm_57_grad] (stage_id:0) 
I1222 14:27:41.347231 81258 pipeline_buffer_pass.cpp:117] 
 Insert buffer op : [System-Pipeline-Buffer-Op_-base_model.m_stage0.encoder.layer.0.attention.output.dropout-dropout_55-mask_0-stage_id_0](buffer_size:4) 
 from [base_model.m_stage0.encoder.layer.0.attention.output.dropout-dropout_55] (stage_id:0) -> [base_model.m_stage0.encoder.layer.0.attention.output.dropout-dropout_55_grad] (stage_id:0) 
I1222 14:27:41.347378 81258 pipeline_buffer_pass.cpp:117] 
 Insert buffer op : [System-Pipeline-Buffer-Op_-base_model.m_stage0.encoder.layer.0.attention.self-reshape_52-out_0-stage_id_0](buffer_size:4) 
 from [base_model.m_stage0.encoder.layer.0.attention.self-reshape_52] (stage_id:0) -> [base_model.m_stage0.encoder.layer.0.attention.output.dense-broadcast_matmul_53_b_grad] (stage_id:0) 
I1222 14:27:41.347519 81258 pipeline_buffer_pass.cpp:117] 
 Insert buffer op : [System-Pipeline-Buffer-Op_-base_model.m_stage0.encoder.layer.0.attention.self-transpose_43-output_0-stage_id_0](buffer_size:4) 
 from [base_model.m_stage0.encoder.layer.0.attention.self-transpose_43] (stage_id:0) -> [base_model.m_stage0.encoder.layer.0.attention.self-batch_matmul_50_grad_a] (stage_id:0) 
I1222 14:27:41.347729 81258 pipeline_buffer_pass.cpp:117] 
 Insert buffer op : [System-Pipeline-Buffer-Op_-base_model.m_stage0.encoder.layer.0.attention.self.dropout-dropout_49-out_0-stage_id_0](buffer_size:4) 
 from [base_model.m_stage0.encoder.layer.0.attention.self.dropout-dropout_49] (stage_id:0) -> [base_model.m_stage0.encoder.layer.0.attention.self-batch_matmul_50_grad_b] (stage_id:0) 
I1222 14:27:41.348357 81258 pipeline_buffer_pass.cpp:117] 
 Insert buffer op : [System-Pipeline-Buffer-Op_-base_model.m_stage0.encoder.layer.0.attention.self.dropout-dropout_49-mask_0-stage_id_0](buffer_size:4) 
 from [base_model.m_stage0.encoder.layer.0.attention.self.dropout-dropout_49] (stage_id:0) -> [base_model.m_stage0.encoder.layer.0.attention.self.dropout-dropout_49_grad] (stage_id:0) 
I1222 14:27:41.348505 81258 pipeline_buffer_pass.cpp:117] 
 Insert buffer op : [System-Pipeline-Buffer-Op_-base_model.m_stage0.encoder.layer.0.attention.self-softmax_48-out_0-stage_id_0](buffer_size:4) 
 from [base_model.m_stage0.encoder.layer.0.attention.self-softmax_48] (stage_id:0) -> [base_model.m_stage0.encoder.layer.0.attention.self-softmax_48_grad] (stage_id:0) 
I1222 14:27:41.348656 81258 pipeline_buffer_pass.cpp:117] 
 Insert buffer op : [System-Pipeline-Buffer-Op_-base_model.m_stage0.embeddings.dropout-dropout_25-out_0-stage_id_0](buffer_size:4) 
 from [base_model.m_stage0.embeddings.dropout-dropout_25] (stage_id:0) -> [base_model.m_stage0.encoder.layer.0.attention.self.value-broadcast_matmul_40_b_grad] (stage_id:0) 
I1222 14:27:41.349362 81258 pipeline_buffer_pass.cpp:117] 
 Insert buffer op : [System-Pipeline-Buffer-Op_-base_model.m_stage0.encoder.layer.0.attention.self-transpose_44-output_0-stage_id_0](buffer_size:4) 
 from [base_model.m_stage0.encoder.layer.0.attention.self-transpose_44] (stage_id:0) -> [base_model.m_stage0.encoder.layer.0.attention.self-batch_matmul_45_grad_a] (stage_id:0) 
I1222 14:27:41.349560 81258 pipeline_buffer_pass.cpp:117] 
 Insert buffer op : [System-Pipeline-Buffer-Op_-base_model.m_stage0.encoder.layer.0.attention.self-transpose_35-output_0-stage_id_0](buffer_size:4) 
 from [base_model.m_stage0.encoder.layer.0.attention.self-transpose_35] (stage_id:0) -> [base_model.m_stage0.encoder.layer.0.attention.self-batch_matmul_45_grad_b] (stage_id:0) 
I1222 14:27:41.349805 81258 pipeline_buffer_pass.cpp:117] 
 Insert buffer op : [System-Pipeline-Buffer-Op_-base_model.m_stage0.embeddings.dropout-dropout_25-mask_0-stage_id_0](buffer_size:4) 
 from [base_model.m_stage0.embeddings.dropout-dropout_25] (stage_id:0) -> [base_model.m_stage0.embeddings.dropout-dropout_25_grad] (stage_id:0) 
I1222 14:27:41.349954 81258 pipeline_buffer_pass.cpp:117] 
 Insert buffer op : [System-Pipeline-Buffer-Op_-base_model.m_stage0.embeddings.LayerNorm-layer_norm_24-normalized_0-stage_id_0](buffer_size:4) 
 from [base_model.m_stage0.embeddings.LayerNorm-layer_norm_24] (stage_id:0) -> [base_model.m_stage0.embeddings.LayerNorm-layer_norm_24_param_grad] (stage_id:0) 
I1222 14:27:41.350100 81258 pipeline_buffer_pass.cpp:117] 
 Insert buffer op : [System-Pipeline-Buffer-Op_-base_model.m_stage0.embeddings-broadcast_add_23-z_0-stage_id_0](buffer_size:4) 
 from [base_model.m_stage0.embeddings-broadcast_add_23] (stage_id:0) -> [base_model.m_stage0.embeddings.LayerNorm-layer_norm_24_grad] (stage_id:0) 
I1222 14:27:41.350241 81258 pipeline_buffer_pass.cpp:117] 
 Insert buffer op : [System-Pipeline-Buffer-Op_-base_model.m_stage0.embeddings.LayerNorm-layer_norm_24-mean_0-stage_id_0](buffer_size:4) 
 from [base_model.m_stage0.embeddings.LayerNorm-layer_norm_24] (stage_id:0) -> [base_model.m_stage0.embeddings.LayerNorm-layer_norm_24_grad] (stage_id:0) 
I1222 14:27:41.350371 81258 pipeline_buffer_pass.cpp:117] 
 Insert buffer op : [System-Pipeline-Buffer-Op_-base_model.m_stage0.embeddings.LayerNorm-layer_norm_24-inv_variance_0-stage_id_0](buffer_size:4) 
 from [base_model.m_stage0.embeddings.LayerNorm-layer_norm_24] (stage_id:0) -> [base_model.m_stage0.embeddings.LayerNorm-layer_norm_24_grad] (stage_id:0) 
I1222 14:27:41.350627 81258 pipeline_buffer_pass.cpp:117] 
 Insert buffer op : [System-Pipeline-Buffer-Op_-base_model.m_stage0.embeddings.position_embeddings-gather_20-out_0-stage_id_0](buffer_size:4) 
 from [base_model.m_stage0.embeddings.position_embeddings-gather_20] (stage_id:0) -> [base_model.m_stage0.embeddings-broadcast_add_23_y_grad_reduce_sum_like] (stage_id:0) 
I1222 14:27:41.351231 81258 pipeline_buffer_pass.cpp:117] 
 Insert buffer op : [System-Pipeline-Buffer-Op_-base_model.m_stage0.embeddings-slice_19-y_0-stage_id_0](buffer_size:4) 
 from [base_model.m_stage0.embeddings-slice_19] (stage_id:0) -> [base_model.m_stage0.embeddings.position_embeddings-gather_20_grad] (stage_id:0) 
I1222 14:27:41.351387 81258 pipeline_buffer_pass.cpp:117] 
 Insert buffer op : [System-Pipeline-Buffer-Op_-base_model-identity_15-out_0-stage_id_0](buffer_size:4) 
 from [base_model-identity_15] (stage_id:0) -> [base_model.m_stage0.embeddings.word_embeddings-gather_18_grad] (stage_id:0) 
I1222 14:27:41.351529 81258 pipeline_buffer_pass.cpp:117] 
 Insert buffer op : [System-Pipeline-Buffer-Op_-base_model-identity_16-out_0-stage_id_0](buffer_size:4) 
 from [base_model-identity_16] (stage_id:0) -> [base_model.m_stage0.embeddings.token_type_embeddings-gather_21_grad] (stage_id:0) 
I1222 14:27:41.352612 81258 pipeline_buffer_pass.cpp:117] 
 Insert buffer op : [System-Pipeline-Buffer-Op_-_train_data_loader-hierarchical_parallel_cast_8-out_0-stage_id_0](buffer_size:4) 
 from [_train_data_loader-hierarchical_parallel_cast_8] (stage_id:0) -> [base_model-identity_15] (stage_id:0) 
I1222 14:27:41.352779 81258 pipeline_buffer_pass.cpp:117] 
 Insert buffer op : [System-Pipeline-Buffer-Op_-_train_data_loader-hierarchical_parallel_cast_11-out_0-stage_id_0](buffer_size:4) 
 from [_train_data_loader-hierarchical_parallel_cast_11] (stage_id:0) -> [base_model-identity_16] (stage_id:0) 
I1222 14:27:41.352927 81258 pipeline_buffer_pass.cpp:117] 
 Insert buffer op : [System-Pipeline-Buffer-Op_-_train_data_loader-hierarchical_parallel_cast_10-out_0-stage_id_0](buffer_size:4) 
 from [_train_data_loader-hierarchical_parallel_cast_10] (stage_id:0) -> [base_model-identity_17] (stage_id:0) 
I1222 14:27:41.354287 81258 pipeline_buffer_pass.cpp:212] 
 Insert buffer op pair : src_buffer = <System-Pipeline-Buffer-Op_-base_model-identity_440-out_0>(buffer_size:1) , dst_buffer = <System-Pipeline-Buffer-Op_-base_model-identity_440-out_0-stage_id_1>(buffer_size:1) 
 from [base_model-identity_440] (stage_id:0) -> [base_model-identity_441] (stage_id:1) 
I1222 14:27:41.354444 81258 pipeline_buffer_pass.cpp:117] 
 Insert buffer op : [System-Pipeline-Buffer-Op_-_train_data_loader-hierarchical_parallel_cast_10-out_0-stage_id_1](buffer_size:4) 
 from [_train_data_loader-hierarchical_parallel_cast_10] (stage_id:0) -> [base_model-identity_442] (stage_id:1) 
I1222 14:27:41.355712 81258 pipeline_buffer_pass.cpp:117] 
 Insert buffer op : [System-Pipeline-Buffer-Op_-_train_data_loader-hierarchical_parallel_cast_9-out_0-stage_id_1](buffer_size:4) 
 from [_train_data_loader-hierarchical_parallel_cast_9] (stage_id:0) -> [reshape_872] (stage_id:1) 
I1222 14:27:41.355880 81258 pipeline_buffer_pass.cpp:117] 
 Insert buffer op : [System-Pipeline-Buffer-Op_-_train_data_loader-hierarchical_parallel_cast_13-out_0-stage_id_1](buffer_size:4) 
 from [_train_data_loader-hierarchical_parallel_cast_13] (stage_id:0) -> [expand_dims_880] (stage_id:1) 
I1222 14:27:41.356011 81258 pipeline_buffer_pass.cpp:117] 
 Insert buffer op : [System-Pipeline-Buffer-Op_-_train_data_loader-hierarchical_parallel_cast_12-out_0-stage_id_1](buffer_size:4) 
 from [_train_data_loader-hierarchical_parallel_cast_12] (stage_id:0) -> [reshape_884] (stage_id:1) 
I1222 14:27:41.356148 81258 pipeline_buffer_pass.cpp:117] 
 Insert buffer op : [System-Pipeline-Buffer-Op_-_train_data_loader-hierarchical_parallel_cast_14-out_0-stage_id_1](buffer_size:4) 
 from [_train_data_loader-hierarchical_parallel_cast_14] (stage_id:0) -> [multiply_891] (stage_id:1) 
I1222 14:27:41.358855 81258 pipeline_buffer_pass.cpp:212] 
 Insert buffer op pair : src_buffer = <System-Pipeline-Buffer-Op_-base_model-identity_441_grad-out_0>(buffer_size:1) , dst_buffer = <System-Pipeline-Buffer-Op_-base_model-identity_441_grad-out_0-stage_id_0>(buffer_size:1) 
 from [base_model-identity_441_grad] (stage_id:1) -> [base_model-identity_440_grad] (stage_id:0) 
I1222 14:27:42.401614 81258 global.h:43] DeleteGlobal N7oneflow7JobDescE
I1222 14:27:43.565389 81258 global.h:36] NewGlobal N7oneflow7JobDescE
I1222 14:27:57.834107 81258 global.h:36] NewGlobal N7oneflow7OpGraphE
I1222 14:28:01.118870 81258 global.h:43] DeleteGlobal N7oneflow7OpGraphE
I1222 14:28:01.493979 81258 nn_graph.cpp:267] 
job_id: 0 , job_name: PipelineGraph_0 , compile time: 17.9282 seconds.
I1222 14:28:01.596251 81258 plan_util.cpp:927]  Plan: PipelineGraph_0 needs to allocate [ 9815.69 MiB ] device memory in Rank: 3 , Device: 1
I1222 14:28:01.596349 81258 plan_util.cpp:927]  Plan: PipelineGraph_0 needs to allocate [ 9655.92 MiB ] device memory in Rank: 2 , Device: 0
I1222 14:28:01.596366 81258 plan_util.cpp:927]  Plan: PipelineGraph_0 needs to allocate [ 19041.8 MiB ] device memory in Rank: 0 , Device: 0
I1222 14:28:01.596380 81258 plan_util.cpp:927]  Plan: PipelineGraph_0 needs to allocate [ 19041.8 MiB ] device memory in Rank: 1 , Device: 1
I1222 14:28:02.713011 81258 runtime_context.cpp:21] NewCounter constructing_actor_cnt 3318
I1222 14:28:02.714105 81777 naive_actor.cpp:25] actor 1099582930944 switch to &NaiveActor::HandlerNormal
I1222 14:28:02.714229 81777 thread.cpp:99] Thread 524322 construct Actor kDeviceTick 1099582930944
I1222 14:28:02.714762 81775 wait_and_send_ids_actor.cpp:53] actor 1099647942656 switch to &WaitAndSendIdsActor::HandlerWaitToStart
I1222 14:28:02.714946 81777 runtime_context.cpp:29] DecreaseCounter constructing_actor_cnt, current val is 3317
I1222 14:28:02.715013 81775 thread.cpp:99] Thread 524353 construct Actor kWaitAndSendIds 1099647942656
I1222 14:28:02.715098 81715 naive_actor.cpp:25] actor 2199023258565 switch to &NaiveActor::HandlerNormal
I1222 14:28:02.715226 81775 runtime_context.cpp:29] DecreaseCounter constructing_actor_cnt, current val is 3316
I1222 14:28:02.715274 81715 thread.cpp:99] Thread 1048576 construct Actor kDeviceTick 2199023258565
I1222 14:28:02.715466 81715 runtime_context.cpp:29] DecreaseCounter constructing_actor_cnt, current val is 3315
I1222 14:28:02.715863 81715 naive_actor.cpp:25] actor 2199023258562 switch to &NaiveActor::HandlerNormal
I1222 14:28:02.715952 81715 thread.cpp:99] Thread 1048576 construct Actor kDeviceTick 2199023258562
I1222 14:28:02.716037 81715 runtime_context.cpp:29] DecreaseCounter constructing_actor_cnt, current val is 3314
I1222 14:28:02.804657 81750 naive_actor.cpp:25] actor 2199025352707 switch to &NaiveActor::HandlerNormal
I1222 14:28:02.805205 81750 thread.cpp:99] Thread 1048577 construct Actor kCollectiveBoxingGeneric 2199025352707
I1222 14:28:02.805640 81750 runtime_context.cpp:29] DecreaseCounter constructing_actor_cnt, current val is 3313
I1222 14:28:02.806461 81779 naive_actor.cpp:25] actor 1099608096768 switch to &NaiveActor::HandlerNormal
I1222 14:28:02.806466 81745 naive_actor.cpp:25] actor 1099576639488 switch to &NaiveActor::HandlerNormal
I1222 14:28:02.806484 81752 naive_actor.cpp:25] actor 1099593416704 switch to &NaiveActor::HandlerNormal
I1222 14:28:02.806569 81770 naive_actor.cpp:25] actor 1099620679680 switch to &NaiveActor::HandlerNormal
I1222 14:28:02.806576 81771 naive_actor.cpp:25] actor 1099603902464 switch to &NaiveActor::HandlerNormal
I1222 14:28:02.806581 81755 naive_actor.cpp:25] actor 1099643748352 switch to &NaiveActor::HandlerNormal
I1222 14:28:02.806628 81765 naive_actor.cpp:25] actor 1099633262592 switch to &NaiveActor::HandlerNormal
I1222 14:28:02.806680 81779 thread.cpp:99] Thread 524334 construct Actor kSliceBoxing 1099608096768
I1222 14:28:02.806793 81785 naive_actor.cpp:25] actor 2199027449858 switch to &NaiveActor::HandlerNormal
I1222 14:28:02.806874 81745 thread.cpp:99] Thread 524319 construct Actor kNormalForward 1099576639488
I1222 14:28:02.806921 81760 naive_actor.cpp:25] actor 1099597611008 switch to &NaiveActor::HandlerNormal
I1222 14:28:02.806967 81752 thread.cpp:99] Thread 524327 construct Actor kSliceBoxing 1099593416704
I1222 14:28:02.806955 81774 naive_actor.cpp:25] actor 2199029547013 switch to &NaiveActor::HandlerNormal
I1222 14:28:02.807101 81770 thread.cpp:99] Thread 524340 construct Actor kSliceBoxing 1099620679680
I1222 14:28:02.807180 81771 thread.cpp:99] Thread 524332 construct Actor kSliceBoxing 1099603902464
I1222 14:28:02.807241 81755 thread.cpp:99] Thread 524351 construct Actor kSliceBoxing 1099643748352
I1222 14:28:02.807273 81776 naive_actor.cpp:25] actor 1099587125248 switch to &NaiveActor::HandlerNormal
I1222 14:28:02.807318 81765 thread.cpp:99] Thread 524346 construct Actor kSliceBoxing 1099633262592
I1222 14:28:02.807351 81766 naive_actor.cpp:25] actor 1099641651200 switch to &NaiveActor::HandlerNormal
I1222 14:28:02.809403 81766 thread.cpp:99] Thread 524350 construct Actor kSliceBoxing 1099641651200
I1222 14:28:02.807374 81756 sink_actor.cpp:21] actor 1099650039808 switch to &SinkActor::HandlerNormal
I1222 14:28:02.807376 81764 naive_actor.cpp:25] actor 1099580833792 switch to &NaiveActor::HandlerNormal
I1222 14:28:02.807376 81734 naive_actor.cpp:25] actor 1099551473664 switch to &NaiveActor::HandlerNormal
I1222 14:28:02.809767 81738 naive_actor.cpp:25] actor 1099570348032 switch to &NaiveActor::HandlerNormal
I1222 14:28:02.807508 81788 naive_actor.cpp:25] actor 1099622776832 switch to &NaiveActor::HandlerNormal
I1222 14:28:02.807565 81790 naive_actor.cpp:25] actor 1099637456896 switch to &NaiveActor::HandlerNormal
I1222 14:28:02.810154 81790 thread.cpp:99] Thread 524348 construct Actor kSliceBoxing 1099637456896
I1222 14:28:02.807583 81715 naive_actor.cpp:25] actor 2199023255552 switch to &NaiveActor::HandlerNormal
I1222 14:28:02.810359 81723 naive_actor.cpp:25] actor 1099526307840 switch to &NaiveActor::HandlerNormal
I1222 14:28:02.807605 81778 naive_actor.cpp:25] actor 1099595513856 switch to &NaiveActor::HandlerNormal
I1222 14:28:02.807615 81780 naive_actor.cpp:25] actor 1099589222400 switch to &NaiveActor::HandlerNormal
I1222 14:28:02.807750 81787 naive_actor.cpp:25] actor 1099639554048 switch to &NaiveActor::HandlerNormal
I1222 14:28:02.807751 81781 naive_actor.cpp:25] actor 1099654234112 switch to &NaiveActor::HandlerNormal
I1222 14:28:02.807760 81762 copy_comm_net_actor.cpp:66] actor 1099656331268 switch to &CopyCommNetActor::HandlerNormal
I1222 14:28:02.807829 81744 naive_actor.cpp:25] actor 1099574542336 switch to &NaiveActor::HandlerNormal
I1222 14:28:02.810925 81744 thread.cpp:99] Thread 524318 construct Actor kNormalForward 1099574542336
I1222 14:28:02.807904 81746 naive_actor.cpp:25] actor 1099572445184 switch to &NaiveActor::HandlerNormal
I1222 14:28:02.807905 81754 naive_actor.cpp:25] actor 1099624873984 switch to &NaiveActor::HandlerNormal
I1222 14:28:02.811038 81754 thread.cpp:99] Thread 524342 construct Actor kSliceBoxing 1099624873984
I1222 14:28:02.807940 81789 naive_actor.cpp:25] actor 1099635359744 switch to &NaiveActor::HandlerNormal
I1222 14:28:02.808008 81720 naive_actor.cpp:25] actor 1099528404992 switch to &NaiveActor::HandlerNormal
I1222 14:28:02.808056 81769 naive_actor.cpp:25] actor 1099616485376 switch to &NaiveActor::HandlerNormal
I1222 14:28:02.808081 81737 naive_actor.cpp:25] actor 1099547279360 switch to &NaiveActor::HandlerNormal
I1222 14:28:02.808135 81750 naive_actor.cpp:25] actor 2199025352722 switch to &NaiveActor::HandlerNormal
I1222 14:28:02.808166 81748 naive_actor.cpp:25] actor 1099601805312 switch to &NaiveActor::HandlerNormal
I1222 14:28:02.808166 81767 naive_actor.cpp:25] actor 1099591319552 switch to &NaiveActor::HandlerNormal
I1222 14:28:02.808236 81717 naive_actor.cpp:25] actor 1099515822080 switch to &NaiveActor::HandlerNormal
I1222 14:28:02.808276 81740 naive_actor.cpp:25] actor 1099568250880 switch to &NaiveActor::HandlerNormal
I1222 14:28:02.808288 81763 naive_actor.cpp:25] actor 1099618582528 switch to &NaiveActor::HandlerNormal
I1222 14:28:02.808306 81751 naive_actor.cpp:25] actor 1099605999616 switch to &NaiveActor::HandlerNormal
I1222 14:28:02.812148 81751 thread.cpp:99] Thread 524333 construct Actor kSliceBoxing 1099605999616
I1222 14:28:02.808352 81783 naive_actor.cpp:25] actor 1099626971136 switch to &NaiveActor::HandlerNormal
I1222 14:28:02.808362 81730 naive_actor.cpp:25] actor 1099543085056 switch to &NaiveActor::HandlerNormal
I1222 14:28:02.808413 81753 naive_actor.cpp:25] actor 1099631165440 switch to &NaiveActor::HandlerNormal
I1222 14:28:02.808421 81772 naive_actor.cpp:25] actor 1099610193920 switch to &NaiveActor::HandlerNormal
I1222 14:28:02.808429 81743 naive_actor.cpp:25] actor 1099559862272 switch to &NaiveActor::HandlerNormal
I1222 14:28:02.808463 81735 naive_actor.cpp:25] actor 1099553570816 switch to &NaiveActor::HandlerNormal
I1222 14:28:02.808475 81745 runtime_context.cpp:29] DecreaseCounter constructing_actor_cnt, current val is 3311
I1222 14:28:02.808512 81759 naive_actor.cpp:25] actor 1099599708160 switch to &NaiveActor::HandlerNormal
I1222 14:28:02.808578 81760 thread.cpp:99] Thread 524329 construct Actor kSliceBoxing 1099597611008
I1222 14:28:02.808665 81752 runtime_context.cpp:29] DecreaseCounter constructing_actor_cnt, current val is 3310
I1222 14:28:02.812685 81760 runtime_context.cpp:29] DecreaseCounter constructing_actor_cnt, current val is 3300
I1222 14:28:02.808815 81774 thread.cpp:99] Thread 1048579 construct Actor kCopyHd 2199029547013
I1222 14:28:02.808832 81782 naive_actor.cpp:25] actor 1099652136960 switch to &NaiveActor::HandlerNormal
I1222 14:28:02.808925 81741 naive_actor.cpp:25] actor 1099564056576 switch to &NaiveActor::HandlerNormal
I1222 14:28:02.813014 81741 thread.cpp:99] Thread 524313 construct Actor kNormalForward 1099564056576
I1222 14:28:02.808964 81727 naive_actor.cpp:25] actor 1099522113536 switch to &NaiveActor::HandlerNormal
I1222 14:28:02.808972 81736 naive_actor.cpp:25] actor 1099549376512 switch to &NaiveActor::HandlerNormal
I1222 14:28:02.809000 81771 runtime_context.cpp:29] DecreaseCounter constructing_actor_cnt, current val is 3308
I1222 14:28:02.809083 81755 runtime_context.cpp:29] DecreaseCounter constructing_actor_cnt, current val is 3307
I1222 14:28:02.809166 81776 thread.cpp:99] Thread 524324 construct Actor kNormalForward 1099587125248
I1222 14:28:02.809285 81765 runtime_context.cpp:29] DecreaseCounter constructing_actor_cnt, current val is 3306
I1222 14:28:02.809362 81757 naive_actor.cpp:25] actor 1099645845505 switch to &NaiveActor::HandlerNormal
I1222 14:28:02.807374 81779 runtime_context.cpp:29] DecreaseCounter constructing_actor_cnt, current val is 3312
I1222 14:28:02.809530 81766 runtime_context.cpp:29] DecreaseCounter constructing_actor_cnt, current val is 3305
I1222 14:28:02.809558 81756 thread.cpp:99] Thread 524354 construct Actor kCallbackNotify 1099650039808
I1222 14:28:02.809670 81764 thread.cpp:99] Thread 524321 construct Actor kDeviceTick 1099580833792
I1222 14:28:02.807410 81768 naive_actor.cpp:25] actor 1099629068288 switch to &NaiveActor::HandlerNormal
I1222 14:28:02.809808 81734 thread.cpp:99] Thread 524307 construct Actor kNormalForward 1099551473664
I1222 14:28:02.809829 81742 naive_actor.cpp:25] actor 1099561959424 switch to &NaiveActor::HandlerNormal
I1222 14:28:02.809940 81761 naive_actor.cpp:25] actor 1099585028096 switch to &NaiveActor::HandlerNormal
I1222 14:28:02.809976 81738 thread.cpp:99] Thread 524316 construct Actor kNormalForward 1099570348032
I1222 14:28:02.810060 81788 thread.cpp:99] Thread 524341 construct Actor kSliceBoxing 1099622776832
I1222 14:28:02.810106 81733 naive_actor.cpp:25] actor 1099555667968 switch to &NaiveActor::HandlerNormal
I1222 14:28:02.807561 81785 thread.cpp:99] Thread 1048578 construct Actor kCopyHd 2199027449858
I1222 14:28:02.810120 81719 naive_actor.cpp:25] actor 1099513724928 switch to &NaiveActor::HandlerNormal
I1222 14:28:02.810168 81739 naive_actor.cpp:25] actor 1099566153728 switch to &NaiveActor::HandlerNormal
I1222 14:28:02.810228 81790 runtime_context.cpp:29] DecreaseCounter constructing_actor_cnt, current val is 3304
I1222 14:28:02.810241 81728 naive_actor.cpp:25] actor 1099540987904 switch to &NaiveActor::HandlerNormal
I1222 14:28:02.810314 81726 naive_actor.cpp:25] actor 1099520016384 switch to &NaiveActor::HandlerNormal
I1222 14:28:02.810320 81690 naive_actor.cpp:25] actor 1099534696448 switch to &NaiveActor::HandlerNormal
I1222 14:28:02.807597 81732 naive_actor.cpp:25] actor 1099557765120 switch to &NaiveActor::HandlerNormal
I1222 14:28:02.810382 81715 thread.cpp:99] Thread 1048576 construct Actor kNormalForward 2199023255552
I1222 14:28:02.810456 81729 naive_actor.cpp:25] actor 1099532599296 switch to &NaiveActor::HandlerNormal
I1222 14:28:02.815313 81729 thread.cpp:99] Thread 524298 construct Actor kNormalForward 1099532599296
I1222 14:28:02.810547 81718 naive_actor.cpp:25] actor 1099524210688 switch to &NaiveActor::HandlerNormal
I1222 14:28:02.810588 81721 naive_actor.cpp:25] actor 1099538890752 switch to &NaiveActor::HandlerNormal
I1222 14:28:02.810611 81778 thread.cpp:99] Thread 524328 construct Actor kSliceBoxing 1099595513856
I1222 14:28:02.810658 81780 thread.cpp:99] Thread 524325 construct Actor kSliceBoxing 1099589222400
I1222 14:28:02.810667 81725 naive_actor.cpp:25] actor 1099530502144 switch to &NaiveActor::HandlerNormal
I1222 14:28:02.810675 81747 naive_actor.cpp:25] actor 1099578736640 switch to &NaiveActor::HandlerNormal
I1222 14:28:02.810724 81787 thread.cpp:99] Thread 524349 construct Actor kSliceBoxing 1099639554048
I1222 14:28:02.810789 81781 thread.cpp:99] Thread 524356 construct Actor kCriticalSectionWaitTick 1099654234112
I1222 14:28:02.810873 81762 thread.cpp:99] Thread 524357 construct Actor kCopyCommNet 1099656331268
I1222 14:28:02.807821 81731 repeat_actor.cpp:69] actor 1099545182208 switch to &RepeatActor::HandlerNormal
I1222 14:28:02.810993 81746 thread.cpp:99] Thread 524317 construct Actor kNormalForward 1099572445184
I1222 14:28:02.810997 81744 runtime_context.cpp:29] DecreaseCounter constructing_actor_cnt, current val is 3303
I1222 14:28:02.816068 81746 runtime_context.cpp:29] DecreaseCounter constructing_actor_cnt, current val is 3284
I1222 14:28:02.811105 81754 runtime_context.cpp:29] DecreaseCounter constructing_actor_cnt, current val is 3302
I1222 14:28:02.811125 81789 thread.cpp:99] Thread 524347 construct Actor kSliceBoxing 1099635359744
I1222 14:28:02.811156 81720 thread.cpp:99] Thread 524296 construct Actor kNormalForward 1099528404992
I1222 14:28:02.811198 81769 thread.cpp:99] Thread 524338 construct Actor kSliceBoxing 1099616485376
I1222 14:28:02.811192 81716 naive_actor.cpp:25] actor 1099536793600 switch to &NaiveActor::HandlerNormal
I1222 14:28:02.811241 81737 thread.cpp:99] Thread 524305 construct Actor kNormalForward 1099547279360
I1222 14:28:02.811321 81750 thread.cpp:99] Thread 1048577 construct Actor kCollectiveBoxingGeneric 2199025352722
I1222 14:28:02.811390 81748 thread.cpp:99] Thread 524331 construct Actor kSliceBoxing 1099601805312
I1222 14:28:02.811424 81767 thread.cpp:99] Thread 524326 construct Actor kSliceBoxing 1099591319552
I1222 14:28:02.811478 81717 thread.cpp:99] Thread 524290 construct Actor kNormalForward 1099515822080
I1222 14:28:02.811520 81740 thread.cpp:99] Thread 524315 construct Actor kNormalForward 1099568250880
I1222 14:28:02.811604 81763 thread.cpp:99] Thread 524339 construct Actor kSliceBoxing 1099618582528
I1222 14:28:02.816696 81740 runtime_context.cpp:29] DecreaseCounter constructing_actor_cnt, current val is 3274
I1222 14:28:02.812211 81751 runtime_context.cpp:29] DecreaseCounter constructing_actor_cnt, current val is 3301
I1222 14:28:02.812237 81783 thread.cpp:99] Thread 524343 construct Actor kSliceBoxing 1099626971136
I1222 14:28:02.812268 81730 thread.cpp:99] Thread 524303 construct Actor kDeviceTick 1099543085056
I1222 14:28:02.812304 81753 thread.cpp:99] Thread 524345 construct Actor kSliceBoxing 1099631165440
I1222 14:28:02.812335 81772 thread.cpp:99] Thread 524335 construct Actor kSliceBoxing 1099610193920
I1222 14:28:02.812382 81743 thread.cpp:99] Thread 524311 construct Actor kNormalForward 1099559862272
I1222 14:28:02.812440 81735 thread.cpp:99] Thread 524308 construct Actor kNormalForward 1099553570816
I1222 14:28:02.812600 81759 thread.cpp:99] Thread 524330 construct Actor kSliceBoxing 1099599708160
I1222 14:28:02.808759 81724 naive_actor.cpp:25] actor 1099517919232 switch to &NaiveActor::HandlerNormal
I1222 14:28:02.817764 81724 thread.cpp:99] Thread 524291 construct Actor kNormalForward 1099517919232
I1222 14:28:02.812964 81782 thread.cpp:99] Thread 524355 construct Actor kCriticalSectionWaitTick 1099652136960
I1222 14:28:02.808951 81770 runtime_context.cpp:29] DecreaseCounter constructing_actor_cnt, current val is 3309
I1222 14:28:02.813083 81741 runtime_context.cpp:29] DecreaseCounter constructing_actor_cnt, current val is 3298
I1222 14:28:02.813114 81727 thread.cpp:99] Thread 524293 construct Actor kNormalForward 1099522113536
I1222 14:28:02.813158 81736 thread.cpp:99] Thread 524306 construct Actor kNormalForward 1099549376512
I1222 14:28:02.818087 81727 runtime_context.cpp:29] DecreaseCounter constructing_actor_cnt, current val is 3263
I1222 14:28:02.813434 81757 thread.cpp:99] Thread 524352 construct Actor kTick 1099645845505
I1222 14:28:02.813604 81756 runtime_context.cpp:29] DecreaseCounter constructing_actor_cnt, current val is 3296
I1222 14:28:02.813645 81764 runtime_context.cpp:29] DecreaseCounter constructing_actor_cnt, current val is 3295
I1222 14:28:02.813670 81768 thread.cpp:99] Thread 524344 construct Actor kSliceBoxing 1099629068288
I1222 14:28:02.813735 81734 runtime_context.cpp:29] DecreaseCounter constructing_actor_cnt, current val is 3294
I1222 14:28:02.813760 81742 thread.cpp:99] Thread 524312 construct Actor kNormalForward 1099561959424
I1222 14:28:02.813828 81761 thread.cpp:99] Thread 524323 construct Actor kNormalForward 1099585028096
I1222 14:28:02.818446 81742 runtime_context.cpp:29] DecreaseCounter constructing_actor_cnt, current val is 3259
I1222 14:28:02.813982 81788 runtime_context.cpp:29] DecreaseCounter constructing_actor_cnt, current val is 3292
I1222 14:28:02.814081 81733 thread.cpp:99] Thread 524309 construct Actor kNormalForward 1099555667968
I1222 14:28:02.814203 81785 runtime_context.cpp:29] DecreaseCounter constructing_actor_cnt, current val is 3291
I1222 14:28:02.818709 81733 runtime_context.cpp:29] DecreaseCounter constructing_actor_cnt, current val is 3257
I1222 14:28:02.814244 81739 thread.cpp:99] Thread 524314 construct Actor kNormalForward 1099566153728
I1222 14:28:02.814267 81722 naive_actor.cpp:25] actor 1099511627776 switch to &NaiveActor::HandlerNormal
I1222 14:28:02.814885 81728 thread.cpp:99] Thread 524302 construct Actor kNormalForward 1099540987904
I1222 14:28:02.814942 81726 thread.cpp:99] Thread 524292 construct Actor kNormalForward 1099520016384
I1222 14:28:02.815093 81690 thread.cpp:99] Thread 524299 construct Actor kNormalForward 1099534696448
I1222 14:28:02.815169 81732 thread.cpp:99] Thread 524310 construct Actor kNormalForward 1099557765120
I1222 14:28:02.810518 81723 thread.cpp:99] Thread 524295 construct Actor kNormalForward 1099526307840
I1222 14:28:02.815328 81715 runtime_context.cpp:29] DecreaseCounter constructing_actor_cnt, current val is 3290
I1222 14:28:02.819489 81723 runtime_context.cpp:29] DecreaseCounter constructing_actor_cnt, current val is 3251
I1222 14:28:02.815434 81718 thread.cpp:99] Thread 524294 construct Actor kNormalForward 1099524210688
I1222 14:28:02.815475 81721 thread.cpp:99] Thread 524301 construct Actor kNormalForward 1099538890752
I1222 14:28:02.815536 81778 runtime_context.cpp:29] DecreaseCounter constructing_actor_cnt, current val is 3288
I1222 14:28:02.819756 81718 runtime_context.cpp:29] DecreaseCounter constructing_actor_cnt, current val is 3250
I1222 14:28:02.815682 81725 thread.cpp:99] Thread 524297 construct Actor kNormalForward 1099530502144
I1222 14:28:02.815732 81747 thread.cpp:99] Thread 524320 construct Actor kNormalForward 1099578736640
I1222 14:28:02.815840 81781 runtime_context.cpp:29] DecreaseCounter constructing_actor_cnt, current val is 3286
I1222 14:28:02.820029 81747 runtime_context.cpp:29] DecreaseCounter constructing_actor_cnt, current val is 3247
I1222 14:28:02.816009 81731 thread.cpp:99] Thread 524304 construct Actor kRepeat 1099545182208
I1222 14:28:02.807914 81786 naive_actor.cpp:25] actor 1099614388224 switch to &NaiveActor::HandlerNormal
I1222 14:28:02.816126 81787 runtime_context.cpp:29] DecreaseCounter constructing_actor_cnt, current val is 3283
I1222 14:28:02.820907 81715 naive_actor.cpp:25] actor 2199023255560 switch to &NaiveActor::HandlerNormal
I1222 14:28:02.816246 81720 runtime_context.cpp:29] DecreaseCounter constructing_actor_cnt, current val is 3281
I1222 14:28:02.816268 81769 runtime_context.cpp:29] DecreaseCounter constructing_actor_cnt, current val is 3280
I1222 14:28:02.816401 81716 thread.cpp:99] Thread 524300 construct Actor kNormalForward 1099536793600
I1222 14:28:02.816452 81737 runtime_context.cpp:29] DecreaseCounter constructing_actor_cnt, current val is 3279
I1222 14:28:02.816534 81750 runtime_context.cpp:29] DecreaseCounter constructing_actor_cnt, current val is 3278
I1222 14:28:02.816598 81748 runtime_context.cpp:29] DecreaseCounter constructing_actor_cnt, current val is 3277
I1222 14:28:02.816617 81767 runtime_context.cpp:29] DecreaseCounter constructing_actor_cnt, current val is 3276
I1222 14:28:02.816673 81717 runtime_context.cpp:29] DecreaseCounter constructing_actor_cnt, current val is 3275
I1222 14:28:02.808331 81758 naive_actor.cpp:25] actor 1099612291072 switch to &NaiveActor::HandlerNormal
I1222 14:28:02.816709 81763 runtime_context.cpp:29] DecreaseCounter constructing_actor_cnt, current val is 3273
I1222 14:28:02.816844 81783 runtime_context.cpp:29] DecreaseCounter constructing_actor_cnt, current val is 3272
I1222 14:28:02.816872 81730 runtime_context.cpp:29] DecreaseCounter constructing_actor_cnt, current val is 3271
I1222 14:28:02.816900 81753 runtime_context.cpp:29] DecreaseCounter constructing_actor_cnt, current val is 3270
I1222 14:28:02.816932 81772 runtime_context.cpp:29] DecreaseCounter constructing_actor_cnt, current val is 3269
I1222 14:28:02.817054 81743 runtime_context.cpp:29] DecreaseCounter constructing_actor_cnt, current val is 3268
I1222 14:28:02.817662 81735 runtime_context.cpp:29] DecreaseCounter constructing_actor_cnt, current val is 3267
I1222 14:28:02.817735 81759 runtime_context.cpp:29] DecreaseCounter constructing_actor_cnt, current val is 3266
I1222 14:28:02.812901 81774 runtime_context.cpp:29] DecreaseCounter constructing_actor_cnt, current val is 3299
I1222 14:28:02.817823 81724 runtime_context.cpp:29] DecreaseCounter constructing_actor_cnt, current val is 3265
I1222 14:28:02.817966 81782 runtime_context.cpp:29] DecreaseCounter constructing_actor_cnt, current val is 3264
I1222 14:28:02.813354 81776 runtime_context.cpp:29] DecreaseCounter constructing_actor_cnt, current val is 3297
I1222 14:28:02.818111 81736 runtime_context.cpp:29] DecreaseCounter constructing_actor_cnt, current val is 3262
I1222 14:28:02.818225 81757 runtime_context.cpp:29] DecreaseCounter constructing_actor_cnt, current val is 3261
I1222 14:28:02.818311 81768 runtime_context.cpp:29] DecreaseCounter constructing_actor_cnt, current val is 3260
I1222 14:28:02.813967 81738 runtime_context.cpp:29] DecreaseCounter constructing_actor_cnt, current val is 3293
I1222 14:28:02.818482 81761 runtime_context.cpp:29] DecreaseCounter constructing_actor_cnt, current val is 3258
I1222 14:28:02.814204 81719 thread.cpp:99] Thread 524289 construct Actor kNormalForward 1099513724928
I1222 14:28:02.818965 81785 naive_actor.cpp:25] actor 2199027449856 switch to &NaiveActor::HandlerNormal
I1222 14:28:02.819074 81739 runtime_context.cpp:29] DecreaseCounter constructing_actor_cnt, current val is 3256
I1222 14:28:02.819104 81722 thread.cpp:99] Thread 524288 construct Actor kNormalForward 1099511627776
I1222 14:28:02.819157 81728 runtime_context.cpp:29] DecreaseCounter constructing_actor_cnt, current val is 3255
I1222 14:28:02.822790 81722 runtime_context.cpp:29] DecreaseCounter constructing_actor_cnt, current val is 3243
I1222 14:28:02.819358 81690 runtime_context.cpp:29] DecreaseCounter constructing_actor_cnt, current val is 3253
I1222 14:28:02.819367 81732 runtime_context.cpp:29] DecreaseCounter constructing_actor_cnt, current val is 3252
I1222 14:28:02.815414 81729 runtime_context.cpp:29] DecreaseCounter constructing_actor_cnt, current val is 3289
I1222 14:28:02.815575 81780 runtime_context.cpp:29] DecreaseCounter constructing_actor_cnt, current val is 3287
I1222 14:28:02.819757 81721 runtime_context.cpp:29] DecreaseCounter constructing_actor_cnt, current val is 3249
I1222 14:28:02.820008 81725 runtime_context.cpp:29] DecreaseCounter constructing_actor_cnt, current val is 3248
I1222 14:28:02.815889 81762 runtime_context.cpp:29] DecreaseCounter constructing_actor_cnt, current val is 3285
I1222 14:28:02.820878 81786 thread.cpp:99] Thread 524337 construct Actor kSliceBoxing 1099614388224
I1222 14:28:02.820916 81731 runtime_context.cpp:29] DecreaseCounter constructing_actor_cnt, current val is 3246
I1222 14:28:02.816200 81789 runtime_context.cpp:29] DecreaseCounter constructing_actor_cnt, current val is 3282
I1222 14:28:02.824081 81762 copy_comm_net_actor.cpp:66] actor 1099656331267 switch to &CopyCommNetActor::HandlerNormal
I1222 14:28:02.824179 81762 thread.cpp:99] Thread 524357 construct Actor kCopyCommNet 1099656331267
I1222 14:28:02.821602 81758 thread.cpp:99] Thread 524336 construct Actor kSliceBoxing 1099612291072
I1222 14:28:02.821707 81750 naive_actor.cpp:25] actor 2199025352739 switch to &NaiveActor::HandlerNormal
I1222 14:28:02.822335 81774 naive_actor.cpp:25] actor 2199029547017 switch to &NaiveActor::HandlerNormal
I1222 14:28:02.822613 81719 runtime_context.cpp:29] DecreaseCounter constructing_actor_cnt, current val is 3244
I1222 14:28:02.822667 81785 thread.cpp:99] Thread 1048578 construct Actor kCopyHd 2199027449856
I1222 14:28:02.822751 81757 naive_actor.cpp:25] actor 1099645845513 switch to &NaiveActor::HandlerNormal
I1222 14:28:02.819226 81726 runtime_context.cpp:29] DecreaseCounter constructing_actor_cnt, current val is 3254
I1222 14:28:02.822947 81722 naive_actor.cpp:25] actor 1099511627777 switch to &NaiveActor::HandlerNormal
I1222 14:28:02.823983 81786 runtime_context.cpp:29] DecreaseCounter constructing_actor_cnt, current val is 3242
I1222 14:28:02.821050 81715 thread.cpp:99] Thread 1048576 construct Actor kNormalForward 2199023255560
I1222 14:28:02.821302 81716 runtime_context.cpp:29] DecreaseCounter constructing_actor_cnt, current val is 3245
I1222 14:28:02.824249 81762 runtime_context.cpp:29] DecreaseCounter constructing_actor_cnt, current val is 3241
I1222 14:28:02.824342 81758 runtime_context.cpp:29] DecreaseCounter constructing_actor_cnt, current val is 3240
I1222 14:28:02.824393 81750 thread.cpp:99] Thread 1048577 construct Actor kCollectiveBoxingGeneric 2199025352739
I1222 14:28:02.824463 81774 thread.cpp:99] Thread 1048579 construct Actor kCopyHd 2199029547017
I1222 14:28:02.824597 81785 runtime_context.cpp:29] DecreaseCounter constructing_actor_cnt, current val is 3239
I1222 14:28:02.824640 81757 thread.cpp:99] Thread 524352 construct Actor kDstSubsetTick 1099645845513
I1222 14:28:02.824728 81722 thread.cpp:99] Thread 524288 construct Actor kSliceBoxing 1099511627777
I1222 14:28:02.824921 81715 runtime_context.cpp:29] DecreaseCounter constructing_actor_cnt, current val is 3238
I1222 14:28:02.825142 81762 copy_comm_net_actor.cpp:66] actor 1099656331270 switch to &CopyCommNetActor::HandlerNormal
I1222 14:28:02.825171 81750 runtime_context.cpp:29] DecreaseCounter constructing_actor_cnt, current val is 3237
I1222 14:28:02.825248 81774 runtime_context.cpp:29] DecreaseCounter constructing_actor_cnt, current val is 3236
I1222 14:28:02.825366 81722 runtime_context.cpp:29] DecreaseCounter constructing_actor_cnt, current val is 3235
I1222 14:28:02.825368 81757 runtime_context.cpp:29] DecreaseCounter constructing_actor_cnt, current val is 3234
I1222 14:28:02.825477 81762 thread.cpp:99] Thread 524357 construct Actor kCopyCommNet 1099656331270
I1222 14:28:02.825492 81785 naive_actor.cpp:25] actor 2199027449857 switch to &NaiveActor::HandlerNormal
I1222 14:28:02.825855 81750 naive_actor.cpp:25] actor 2199025352778 switch to &NaiveActor::HandlerNormal
I1222 14:28:02.825888 81774 naive_actor.cpp:25] actor 2199029547012 switch to &NaiveActor::HandlerNormal
I1222 14:28:02.825893 81785 thread.cpp:99] Thread 1048578 construct Actor kCopyHd 2199027449857
I1222 14:28:02.826042 81750 thread.cpp:99] Thread 1048577 construct Actor kCollectiveBoxingGeneric 2199025352778
I1222 14:28:02.826045 81757 naive_actor.cpp:25] actor 1099645845511 switch to &NaiveActor::HandlerNormal
I1222 14:28:02.826243 81762 runtime_context.cpp:29] DecreaseCounter constructing_actor_cnt, current val is 3233
