Log file created at: 2021/12/22 14:30:37
Running on machine: cn1
Log line format: [IWEF]mmdd hh:mm:ss.uuuuuu threadid file:line] msg
I1222 14:30:37.300560 81967 global.h:36] NewGlobal N7oneflow7EnvDescE
I1222 14:30:37.302177 81967 global.h:36] NewGlobal N7oneflow10ProcessCtxE
I1222 14:30:37.302203 81967 env_global_objects_scope.cpp:157] using rpc backend: gRPC
I1222 14:30:37.302217 81967 global.h:36] NewGlobal N7oneflow10CtrlServerE
I1222 14:30:37.302961 81967 ctrl_server.cpp:40] CtrlServer listening on 0.0.0.0:40785
I1222 14:30:37.303093 81967 rank_info_bootstrap_server.cpp:47] RankInfoBootstrapServer listening on 0.0.0.0:7788
I1222 14:31:04.969682 81967 rpc_client.cpp:187] LoadServer cn1 Successful at 0 times
I1222 14:31:04.971490 81967 ctrl_bootstrap.cpp:77] 
ctrl_addr {
  host: "cn1"
  port: 40785
}
ctrl_addr {
  host: "172.16.0.11"
  port: 37012
}
ctrl_addr {
  host: "172.16.0.12"
  port: 35700
}
ctrl_addr {
  host: "172.16.0.12"
  port: 46765
}
rank: 0
node_size: 2
I1222 14:31:34.975381 81967 rpc_client.cpp:187] LoadServer cn1 Successful at 0 times
I1222 14:31:34.976073 81967 rpc_client.cpp:187] LoadServer 172.16.0.11 Successful at 0 times
I1222 14:31:34.976934 81967 rpc_client.cpp:187] LoadServer 172.16.0.12 Successful at 0 times
I1222 14:31:34.977488 81967 rpc_client.cpp:187] LoadServer 172.16.0.12 Successful at 0 times
I1222 14:31:35.005131 81967 global.h:36] NewGlobal N7oneflow12ResourceDescE
I1222 14:31:35.005206 81967 global.h:36] NewGlobal N7oneflow12ResourceDescE
I1222 14:31:35.014964 81967 net_ib_device_descriptor.cpp:110] Inactivate port: device mlx5_0 port 
I1222 14:31:35.019089 81967 net_ib_device_descriptor.cpp:110] Inactivate port: device mlx5_1 port 
I1222 14:31:35.025600 81967 net_ib_device_descriptor.cpp:110] Inactivate port: device mlx5_3 port 
I1222 14:31:35.204735 81967 global.h:36] NewGlobal N7oneflow2ep21DeviceManagerRegistryE
I1222 14:31:35.204780 81967 global.h:36] NewGlobal N7oneflow10ThreadPoolE
I1222 14:31:35.206018 81967 global.h:36] NewGlobal N7oneflow16EagerNcclCommMgrE
I1222 14:31:35.206040 81967 global.h:36] NewGlobal N7oneflow18CudnnConvAlgoCacheE
I1222 14:31:35.206053 81967 global.h:36] NewGlobal N7oneflow2vm19VirtualMachineScopeE
I1222 14:31:35.206071 81967 global.h:36] NewGlobal N7oneflow14VirtualMachineE
I1222 14:31:35.206387 81967 virtual_machine.cpp:80] transport stream type: N7oneflow2vm13CpuStreamTypeE
I1222 14:31:35.206405 81967 virtual_machine.cpp:80] transport stream type: N7oneflow2vm14CudaStreamTypeE
I1222 14:31:35.206418 81967 virtual_machine.cpp:80] transport stream type: N7oneflow2vm19AsyncCudaStreamTypeE
I1222 14:31:35.206537 81967 global.h:36] NewGlobal N7oneflow27EagerJobBuildAndInferCtxMgrE
I1222 14:31:35.206602 81967 global.h:36] NewGlobal N7oneflow12EpollCommNetE
I1222 14:31:35.206717 81967 epoll_comm_network.cpp:63] CommNet:Epoll listening on 0.0.0.0:36172
I1222 14:31:35.244995 81967 epoll_comm_network.cpp:197] machine 0 sockfd -1
I1222 14:31:35.245030 81967 epoll_comm_network.cpp:197] machine 1 sockfd 64
I1222 14:31:35.245043 81967 epoll_comm_network.cpp:197] machine 2 sockfd 62
I1222 14:31:35.245054 81967 epoll_comm_network.cpp:197] machine 3 sockfd 60
I1222 14:31:35.245151 81967 global.h:36] NewGlobal N7oneflow9TransportE
I1222 14:31:35.245229 81967 global.h:43] DeleteGlobal N7oneflow17ForeignLockHelperE
I1222 14:31:35.245337 81967 global.h:36] NewGlobal N7oneflow25MultiClientSessionContextE
I1222 14:31:42.903748 82179 eager_nccl_comm_manager.cpp:69]  EagerNcclCommMgr::ncclCommInitRank device_vec.size() = 2, nccl_unique_id = 0200ffffffdd4affffffac100a0b000000000000000000000000000000000000000000000000000000000000000000000000000000000000000000000000000000000000000000000000000000000000000000000000000000000000000000000000000000000000000000000000000000000000000000000000000000000000000000000000, rank = 0, key = {eager_nccl_unique_id_rpc_key,0:0,1:1}
I1222 14:31:43.123509 81967 version.cpp:22] OneFlow git version: v0.5.0-381-g3677dbf43-snapshot
I1222 14:31:43.123567 81967 cuda_device_manager_factory.cpp:63] CUDA runtime version: 11.1
I1222 14:31:43.123584 81967 cuda_device_manager_factory.cpp:72] cuDNN version: 8.0.5
I1222 14:31:43.123665 81967 cuda_device_manager_factory.cpp:85] NCCL version: 2.11.4
I1222 14:31:43.124220 81967 global.h:43] DeleteGlobal N7oneflow12ResourceDescE
I1222 14:31:43.124258 81967 global.h:36] NewGlobal N7oneflow12ResourceDescE
I1222 14:31:43.124289 81967 global.h:36] NewGlobal N7oneflow5IDMgrE
I1222 14:31:43.124307 81967 global.h:36] NewGlobal N7oneflow22TaskStreamIndexManagerE
I1222 14:31:43.124323 81967 global.h:36] NewGlobal N7oneflow26LazyJobBuildAndInferCtxMgrE
I1222 14:31:43.124339 81967 global.h:36] NewGlobal N7oneflow9BufferMgrISt10shared_ptrINS_11JobInstanceEEEE
I1222 14:31:43.124352 81967 global.h:36] NewGlobal N7oneflow9BufferMgrISt10shared_ptrINS_23CriticalSectionInstanceEEEE
I1222 14:31:43.124368 81967 global.h:36] NewGlobal N7oneflow10RuntimeCtxE
I1222 14:31:43.124385 81967 global.h:36] NewGlobal N7oneflow15MemoryAllocatorE
I1222 14:31:43.124405 81967 global.h:36] NewGlobal N7oneflow8ChunkMgrE
I1222 14:31:43.124421 81967 global.h:36] NewGlobal N7oneflow8RegstMgrE
I1222 14:31:43.124433 81967 global.h:36] NewGlobal N7oneflow11ActorMsgBusE
I1222 14:31:43.124449 81967 global.h:36] NewGlobal N7oneflow9ThreadMgrE
I1222 14:31:43.124464 81967 global.h:36] NewGlobal N7oneflow15RuntimeJobDescsE
I1222 14:31:43.124478 81967 global.h:36] NewGlobal N7oneflow7summary12EventsWriterE
I1222 14:31:43.124495 81967 global.h:36] NewGlobal N7oneflow6boxing10collective9SchedulerE
I1222 14:31:43.146632 81967 global.h:36] NewGlobal N7oneflow7JobDescE
I1222 14:31:44.744388 81967 global.h:43] DeleteGlobal N7oneflow7JobDescE
I1222 14:31:44.744601 81967 global.h:36] NewGlobal N7oneflow7JobDescE
I1222 14:31:52.119868 81967 global.h:43] DeleteGlobal N7oneflow7JobDescE
I1222 14:31:53.089759 81967 global.h:36] NewGlobal N7oneflow7JobDescE
I1222 14:32:04.882853 81967 global.h:36] NewGlobal N7oneflow7OpGraphE
I1222 14:32:08.139040 81967 global.h:43] DeleteGlobal N7oneflow7OpGraphE
I1222 14:32:08.512995 81967 nn_graph.cpp:267] 
job_id: 0 , job_name: PipelineGraph_0 , compile time: 15.423 seconds.
I1222 14:32:08.610155 81967 plan_util.cpp:927]  Plan: PipelineGraph_0 needs to allocate [ 7522.4 MiB ] device memory in Rank: 1 , Device: 1
I1222 14:32:08.610273 81967 plan_util.cpp:927]  Plan: PipelineGraph_0 needs to allocate [ 8322.5 MiB ] device memory in Rank: 2 , Device: 0
I1222 14:32:08.610291 81967 plan_util.cpp:927]  Plan: PipelineGraph_0 needs to allocate [ 7522.41 MiB ] device memory in Rank: 0 , Device: 0
I1222 14:32:08.610306 81967 plan_util.cpp:927]  Plan: PipelineGraph_0 needs to allocate [ 8162.74 MiB ] device memory in Rank: 3 , Device: 1
I1222 14:32:09.551010 81967 runtime_context.cpp:21] NewCounter constructing_actor_cnt 2647
I1222 14:32:09.552110 82423 naive_actor.cpp:25] actor 2199023257895 switch to &NaiveActor::HandlerNormal
I1222 14:32:09.552292 82471 naive_actor.cpp:25] actor 1099578736640 switch to &NaiveActor::HandlerNormal
I1222 14:32:09.552601 82473 wait_and_send_ids_actor.cpp:53] actor 1099647942656 switch to &WaitAndSendIdsActor::HandlerWaitToStart
I1222 14:32:09.552280 82423 thread.cpp:99] Thread 1048576 construct Actor kDeviceTick 2199023257895
I1222 14:32:09.552423 82471 thread.cpp:99] Thread 524320 construct Actor kDeviceTick 1099578736640
I1222 14:32:09.552732 82473 thread.cpp:99] Thread 524353 construct Actor kWaitAndSendIds 1099647942656
I1222 14:32:09.553184 82423 runtime_context.cpp:29] DecreaseCounter constructing_actor_cnt, current val is 2646
I1222 14:32:09.553200 82471 runtime_context.cpp:29] DecreaseCounter constructing_actor_cnt, current val is 2645
I1222 14:32:09.553259 82473 runtime_context.cpp:29] DecreaseCounter constructing_actor_cnt, current val is 2644
I1222 14:32:09.554467 82423 naive_actor.cpp:25] actor 2199023257896 switch to &NaiveActor::HandlerNormal
I1222 14:32:09.554576 82423 thread.cpp:99] Thread 1048576 construct Actor kDeviceTick 2199023257896
I1222 14:32:09.554706 82423 runtime_context.cpp:29] DecreaseCounter constructing_actor_cnt, current val is 2643
I1222 14:32:09.631251 82423 naive_actor.cpp:25] actor 2199023255555 switch to &NaiveActor::HandlerNormal
I1222 14:32:09.631618 82423 thread.cpp:99] Thread 1048576 construct Actor kNormalForward 2199023255555
I1222 14:32:09.633520 82423 runtime_context.cpp:29] DecreaseCounter constructing_actor_cnt, current val is 2642
I1222 14:32:09.635391 82439 naive_actor.cpp:25] actor 1099543085056 switch to &NaiveActor::HandlerNormal
I1222 14:32:09.635713 82439 thread.cpp:99] Thread 524303 construct Actor kNormalForward 1099543085056
I1222 14:32:09.636039 82439 runtime_context.cpp:29] DecreaseCounter constructing_actor_cnt, current val is 2641
I1222 14:32:09.636349 82444 naive_actor.cpp:25] actor 1099551473664 switch to &NaiveActor::HandlerNormal
I1222 14:32:09.636518 82442 naive_actor.cpp:25] actor 1099545182208 switch to &NaiveActor::HandlerNormal
I1222 14:32:09.636639 82444 thread.cpp:99] Thread 524307 construct Actor kNormalForward 1099551473664
I1222 14:32:09.636983 82442 thread.cpp:99] Thread 524304 construct Actor kNormalForward 1099545182208
I1222 14:32:09.637316 82444 runtime_context.cpp:29] DecreaseCounter constructing_actor_cnt, current val is 2640
I1222 14:32:09.637615 82442 runtime_context.cpp:29] DecreaseCounter constructing_actor_cnt, current val is 2639
I1222 14:32:09.638216 82429 naive_actor.cpp:25] actor 1099540987904 switch to &NaiveActor::HandlerNormal
I1222 14:32:09.638303 82427 naive_actor.cpp:25] actor 1099528404992 switch to &NaiveActor::HandlerNormal
I1222 14:32:09.638474 82433 naive_actor.cpp:25] actor 1099530502144 switch to &NaiveActor::HandlerNormal
I1222 14:32:09.638408 82429 thread.cpp:99] Thread 524302 construct Actor kNormalForward 1099540987904
I1222 14:32:09.638506 82427 thread.cpp:99] Thread 524296 construct Actor kNormalForward 1099528404992
I1222 14:32:09.638527 82486 naive_actor.cpp:25] actor 1099576639488 switch to &NaiveActor::HandlerNormal
I1222 14:32:09.638695 82433 thread.cpp:99] Thread 524297 construct Actor kNormalForward 1099530502144
I1222 14:32:09.638976 82429 runtime_context.cpp:29] DecreaseCounter constructing_actor_cnt, current val is 2638
I1222 14:32:09.638991 82427 runtime_context.cpp:29] DecreaseCounter constructing_actor_cnt, current val is 2637
I1222 14:32:09.638988 82486 thread.cpp:99] Thread 524319 construct Actor kDeviceTick 1099576639488
I1222 14:32:09.639091 82432 naive_actor.cpp:25] actor 1099526307840 switch to &NaiveActor::HandlerNormal
I1222 14:32:09.639163 82424 naive_actor.cpp:25] actor 1099515822080 switch to &NaiveActor::HandlerNormal
I1222 14:32:09.639817 82478 naive_actor.cpp:25] actor 1099614388224 switch to &NaiveActor::HandlerNormal
I1222 14:32:09.639207 82443 naive_actor.cpp:25] actor 1099553570816 switch to &NaiveActor::HandlerNormal
I1222 14:32:09.639973 82482 naive_actor.cpp:25] actor 1099601805312 switch to &NaiveActor::HandlerNormal
I1222 14:32:09.639258 82433 runtime_context.cpp:29] DecreaseCounter constructing_actor_cnt, current val is 2636
I1222 14:32:09.639325 82423 naive_actor.cpp:25] actor 2199023255559 switch to &NaiveActor::HandlerNormal
I1222 14:32:09.639433 82454 naive_actor.cpp:25] actor 1099572445184 switch to &NaiveActor::HandlerNormal
I1222 14:32:09.639441 82465 naive_actor.cpp:25] actor 2199025352707 switch to &NaiveActor::HandlerNormal
I1222 14:32:09.639493 82486 runtime_context.cpp:29] DecreaseCounter constructing_actor_cnt, current val is 2635
I1222 14:32:09.639540 82475 naive_actor.cpp:25] actor 2199027449856 switch to &NaiveActor::HandlerNormal
I1222 14:32:09.639583 82425 naive_actor.cpp:25] actor 1099513724928 switch to &NaiveActor::HandlerNormal
I1222 14:32:09.641057 82425 thread.cpp:99] Thread 524289 construct Actor kNormalForward 1099513724928
I1222 14:32:09.641142 82481 naive_actor.cpp:25] actor 1099637456896 switch to &NaiveActor::HandlerNormal
I1222 14:32:09.639693 82493 naive_actor.cpp:25] actor 1099639554048 switch to &NaiveActor::HandlerNormal
I1222 14:32:09.639695 82488 naive_actor.cpp:25] actor 1099635359744 switch to &NaiveActor::HandlerNormal
I1222 14:32:09.639199 82436 naive_actor.cpp:25] actor 1099522113536 switch to &NaiveActor::HandlerNormal
I1222 14:32:09.639825 82424 thread.cpp:99] Thread 524290 construct Actor kNormalForward 1099515822080
I1222 14:32:09.641639 82490 naive_actor.cpp:25] actor 1099593416704 switch to &NaiveActor::HandlerNormal
I1222 14:32:09.639889 82478 thread.cpp:99] Thread 524337 construct Actor kSliceBoxing 1099614388224
I1222 14:32:09.639892 82485 naive_actor.cpp:25] actor 1099620679680 switch to &NaiveActor::HandlerNormal
I1222 14:32:09.639248 82441 naive_actor.cpp:25] actor 1099547279360 switch to &NaiveActor::HandlerNormal
I1222 14:32:09.639987 82443 thread.cpp:99] Thread 524308 construct Actor kNormalForward 1099553570816
I1222 14:32:09.640141 82482 thread.cpp:99] Thread 524331 construct Actor kSliceBoxing 1099601805312
I1222 14:32:09.640173 82440 naive_actor.cpp:25] actor 1099549376512 switch to &NaiveActor::HandlerNormal
I1222 14:32:09.643023 82480 naive_actor.cpp:25] actor 1099654234112 switch to &NaiveActor::HandlerNormal
I1222 14:32:09.640486 82423 thread.cpp:99] Thread 1048576 construct Actor kNormalForward 2199023255559
I1222 14:32:09.640645 82495 naive_actor.cpp:25] actor 1099608096768 switch to &NaiveActor::HandlerNormal
I1222 14:32:09.640650 82468 naive_actor.cpp:25] actor 1099626971136 switch to &NaiveActor::HandlerNormal
I1222 14:32:09.640647 82477 naive_actor.cpp:25] actor 1099603902464 switch to &NaiveActor::HandlerNormal
I1222 14:32:09.640688 82438 naive_actor.cpp:25] actor 1099524210688 switch to &NaiveActor::HandlerNormal
I1222 14:32:09.640693 82454 thread.cpp:99] Thread 524317 construct Actor kNormalForward 1099572445184
I1222 14:32:09.640695 82445 naive_actor.cpp:25] actor 1099557765120 switch to &NaiveActor::HandlerNormal
I1222 14:32:09.640693 82450 naive_actor.cpp:25] actor 1099566153728 switch to &NaiveActor::HandlerNormal
I1222 14:32:09.640754 82465 thread.cpp:99] Thread 1048577 construct Actor kCopyHd 2199025352707
I1222 14:32:09.640838 82453 naive_actor.cpp:25] actor 1099568250880 switch to &NaiveActor::HandlerNormal
I1222 14:32:09.640841 82447 naive_actor.cpp:25] actor 1099564056576 switch to &NaiveActor::HandlerNormal
I1222 14:32:09.640879 82489 naive_actor.cpp:25] actor 1099618582528 switch to &NaiveActor::HandlerNormal
I1222 14:32:09.640930 82469 naive_actor.cpp:25] actor 1099591319552 switch to &NaiveActor::HandlerNormal
I1222 14:32:09.640944 82457 copy_comm_net_actor.cpp:66] actor 1099656331265 switch to &CopyCommNetActor::HandlerNormal
I1222 14:32:09.640976 82475 thread.cpp:99] Thread 1048578 construct Actor kCopyHd 2199027449856
I1222 14:32:09.639600 82448 naive_actor.cpp:25] actor 1099559862272 switch to &NaiveActor::HandlerNormal
I1222 14:32:09.641033 82452 naive_actor.cpp:25] actor 1099570348032 switch to &NaiveActor::HandlerNormal
I1222 14:32:09.641088 82430 naive_actor.cpp:25] actor 1099534696448 switch to &NaiveActor::HandlerNormal
I1222 14:32:09.639665 82432 thread.cpp:99] Thread 524295 construct Actor kNormalForward 1099526307840
I1222 14:32:09.641142 82446 naive_actor.cpp:25] actor 1099555667968 switch to &NaiveActor::HandlerNormal
I1222 14:32:09.641170 82461 naive_actor.cpp:25] actor 1099589222400 switch to &NaiveActor::HandlerNormal
I1222 14:32:09.641204 82425 runtime_context.cpp:29] DecreaseCounter constructing_actor_cnt, current val is 2634
I1222 14:32:09.641209 82472 naive_actor.cpp:25] actor 1099597611008 switch to &NaiveActor::HandlerNormal
I1222 14:32:09.641268 82492 naive_actor.cpp:25] actor 1099610193920 switch to &NaiveActor::HandlerNormal
I1222 14:32:09.641301 82481 thread.cpp:99] Thread 524348 construct Actor kSliceBoxing 1099637456896
I1222 14:32:09.641360 82493 thread.cpp:99] Thread 524349 construct Actor kSliceBoxing 1099639554048
I1222 14:32:09.641400 82488 thread.cpp:99] Thread 524347 construct Actor kSliceBoxing 1099635359744
I1222 14:32:09.641405 82466 naive_actor.cpp:25] actor 1099585028096 switch to &NaiveActor::HandlerNormal
I1222 14:32:09.641479 82496 naive_actor.cpp:25] actor 1099595513856 switch to &NaiveActor::HandlerNormal
I1222 14:32:09.641463 82487 naive_actor.cpp:25] actor 1099605999616 switch to &NaiveActor::HandlerNormal
I1222 14:32:09.641505 82476 naive_actor.cpp:25] actor 1099624873984 switch to &NaiveActor::HandlerNormal
I1222 14:32:09.641526 82436 thread.cpp:99] Thread 524293 construct Actor kNormalForward 1099522113536
I1222 14:32:09.641518 82483 naive_actor.cpp:25] actor 1099633262592 switch to &NaiveActor::HandlerNormal
I1222 14:32:09.639855 82459 naive_actor.cpp:25] actor 2199029547026 switch to &NaiveActor::HandlerNormal
I1222 14:32:09.641700 82467 naive_actor.cpp:25] actor 1099631165440 switch to &NaiveActor::HandlerNormal
I1222 14:32:09.641713 82424 runtime_context.cpp:29] DecreaseCounter constructing_actor_cnt, current val is 2633
I1222 14:32:09.641721 82470 naive_actor.cpp:25] actor 1099599708160 switch to &NaiveActor::HandlerNormal
I1222 14:32:09.646854 82470 thread.cpp:99] Thread 524330 construct Actor kSliceBoxing 1099599708160
I1222 14:32:09.641731 82479 naive_actor.cpp:25] actor 1099616485376 switch to &NaiveActor::HandlerNormal
I1222 14:32:09.641796 82463 naive_actor.cpp:25] actor 1099587125248 switch to &NaiveActor::HandlerNormal
I1222 14:32:09.641813 82460 naive_actor.cpp:25] actor 1099612291072 switch to &NaiveActor::HandlerNormal
I1222 14:32:09.641873 82462 naive_actor.cpp:25] actor 1099629068288 switch to &NaiveActor::HandlerNormal
I1222 14:32:09.641934 82498 naive_actor.cpp:25] actor 1099622776832 switch to &NaiveActor::HandlerNormal
I1222 14:32:09.641979 82494 sink_actor.cpp:21] actor 1099650039808 switch to &SinkActor::HandlerNormal
I1222 14:32:09.647256 82494 thread.cpp:99] Thread 524354 construct Actor kCallbackNotify 1099650039808
I1222 14:32:09.642333 82428 naive_actor.cpp:25] actor 1099536793600 switch to &NaiveActor::HandlerNormal
I1222 14:32:09.647316 82428 thread.cpp:99] Thread 524300 construct Actor kNormalForward 1099536793600
I1222 14:32:09.642439 82434 naive_actor.cpp:25] actor 1099520016384 switch to &NaiveActor::HandlerNormal
I1222 14:32:09.642457 82426 naive_actor.cpp:25] actor 1099538890752 switch to &NaiveActor::HandlerNormal
I1222 14:32:09.642452 82490 thread.cpp:99] Thread 524327 construct Actor kSliceBoxing 1099593416704
I1222 14:32:09.642552 82478 runtime_context.cpp:29] DecreaseCounter constructing_actor_cnt, current val is 2632
I1222 14:32:09.642529 82491 naive_actor.cpp:25] actor 1099580833792 switch to &NaiveActor::HandlerNormal
I1222 14:32:09.642634 82485 thread.cpp:99] Thread 524340 construct Actor kSliceBoxing 1099620679680
I1222 14:32:09.642689 82441 thread.cpp:99] Thread 524305 construct Actor kNormalForward 1099547279360
I1222 14:32:09.642751 82435 naive_actor.cpp:25] actor 1099517919232 switch to &NaiveActor::HandlerNormal
I1222 14:32:09.642804 82443 runtime_context.cpp:29] DecreaseCounter constructing_actor_cnt, current val is 2631
I1222 14:32:09.642843 82497 naive_actor.cpp:25] actor 1099652136960 switch to &NaiveActor::HandlerNormal
I1222 14:32:09.642848 82437 naive_actor.cpp:25] actor 1099532599296 switch to &NaiveActor::HandlerNormal
I1222 14:32:09.642997 82482 runtime_context.cpp:29] DecreaseCounter constructing_actor_cnt, current val is 2630
I1222 14:32:09.643000 82456 naive_actor.cpp:25] actor 1099582930944 switch to &NaiveActor::HandlerNormal
I1222 14:32:09.640450 82449 naive_actor.cpp:25] actor 1099561959424 switch to &NaiveActor::HandlerNormal
I1222 14:32:09.648145 82449 thread.cpp:99] Thread 524312 construct Actor kNormalForward 1099561959424
I1222 14:32:09.643093 82480 thread.cpp:99] Thread 524356 construct Actor kCriticalSectionWaitTick 1099654234112
I1222 14:32:09.643254 82423 runtime_context.cpp:29] DecreaseCounter constructing_actor_cnt, current val is 2629
I1222 14:32:09.643321 82495 thread.cpp:99] Thread 524334 construct Actor kSliceBoxing 1099608096768
I1222 14:32:09.643370 82468 thread.cpp:99] Thread 524343 construct Actor kSliceBoxing 1099626971136
I1222 14:32:09.643424 82477 thread.cpp:99] Thread 524332 construct Actor kSliceBoxing 1099603902464
I1222 14:32:09.643507 82438 thread.cpp:99] Thread 524294 construct Actor kNormalForward 1099524210688
I1222 14:32:09.643638 82454 runtime_context.cpp:29] DecreaseCounter constructing_actor_cnt, current val is 2628
I1222 14:32:09.643679 82445 thread.cpp:99] Thread 524310 construct Actor kNormalForward 1099557765120
I1222 14:32:09.643801 82450 thread.cpp:99] Thread 524314 construct Actor kNormalForward 1099566153728
I1222 14:32:09.643855 82465 runtime_context.cpp:29] DecreaseCounter constructing_actor_cnt, current val is 2627
I1222 14:32:09.643913 82453 thread.cpp:99] Thread 524315 construct Actor kNormalForward 1099568250880
I1222 14:32:09.644032 82447 thread.cpp:99] Thread 524313 construct Actor kNormalForward 1099564056576
I1222 14:32:09.644150 82489 thread.cpp:99] Thread 524339 construct Actor kSliceBoxing 1099618582528
I1222 14:32:09.644217 82469 thread.cpp:99] Thread 524326 construct Actor kSliceBoxing 1099591319552
I1222 14:32:09.644285 82457 thread.cpp:99] Thread 524357 construct Actor kCopyCommNet 1099656331265
I1222 14:32:09.644409 82475 runtime_context.cpp:29] DecreaseCounter constructing_actor_cnt, current val is 2626
I1222 14:32:09.644451 82448 thread.cpp:99] Thread 524311 construct Actor kNormalForward 1099559862272
I1222 14:32:09.644567 82452 thread.cpp:99] Thread 524316 construct Actor kNormalForward 1099570348032
I1222 14:32:09.644651 82430 thread.cpp:99] Thread 524299 construct Actor kNormalForward 1099534696448
I1222 14:32:09.644747 82432 runtime_context.cpp:29] DecreaseCounter constructing_actor_cnt, current val is 2625
I1222 14:32:09.650259 82475 naive_actor.cpp:25] actor 2199027449858 switch to &NaiveActor::HandlerNormal
I1222 14:32:09.644865 82461 thread.cpp:99] Thread 524325 construct Actor kSliceBoxing 1099589222400
I1222 14:32:09.645045 82472 thread.cpp:99] Thread 524329 construct Actor kSliceBoxing 1099597611008
I1222 14:32:09.645153 82492 thread.cpp:99] Thread 524335 construct Actor kSliceBoxing 1099610193920
I1222 14:32:09.650533 82472 runtime_context.cpp:29] DecreaseCounter constructing_actor_cnt, current val is 2597
I1222 14:32:09.645319 82493 runtime_context.cpp:29] DecreaseCounter constructing_actor_cnt, current val is 2623
I1222 14:32:09.645352 82488 runtime_context.cpp:29] DecreaseCounter constructing_actor_cnt, current val is 2622
I1222 14:32:09.645404 82466 thread.cpp:99] Thread 524323 construct Actor kSliceBoxing 1099585028096
I1222 14:32:09.645473 82496 thread.cpp:99] Thread 524328 construct Actor kSliceBoxing 1099595513856
I1222 14:32:09.650800 82496 runtime_context.cpp:29] DecreaseCounter constructing_actor_cnt, current val is 2594
I1222 14:32:09.645686 82476 thread.cpp:99] Thread 524342 construct Actor kSliceBoxing 1099624873984
I1222 14:32:09.646004 82431 naive_actor.cpp:25] actor 1099511627776 switch to &NaiveActor::HandlerNormal
I1222 14:32:09.646438 82436 runtime_context.cpp:29] DecreaseCounter constructing_actor_cnt, current val is 2621
I1222 14:32:09.646548 82483 thread.cpp:99] Thread 524346 construct Actor kSliceBoxing 1099633262592
I1222 14:32:09.646639 82459 thread.cpp:99] Thread 1048579 construct Actor kCollectiveBoxingGeneric 2199029547026
I1222 14:32:09.646728 82467 thread.cpp:99] Thread 524345 construct Actor kSliceBoxing 1099631165440
I1222 14:32:09.641729 82451 naive_actor.cpp:25] actor 1099574542336 switch to &NaiveActor::HandlerNormal
I1222 14:32:09.646936 82470 runtime_context.cpp:29] DecreaseCounter constructing_actor_cnt, current val is 2620
I1222 14:32:09.647018 82479 thread.cpp:99] Thread 524338 construct Actor kSliceBoxing 1099616485376
I1222 14:32:09.647084 82463 thread.cpp:99] Thread 524324 construct Actor kSliceBoxing 1099587125248
I1222 14:32:09.651508 82479 runtime_context.cpp:29] DecreaseCounter constructing_actor_cnt, current val is 2589
I1222 14:32:09.647176 82462 thread.cpp:99] Thread 524344 construct Actor kSliceBoxing 1099629068288
I1222 14:32:09.647225 82498 thread.cpp:99] Thread 524341 construct Actor kSliceBoxing 1099622776832
I1222 14:32:09.642017 82484 naive_actor.cpp:25] actor 1099641651200 switch to &NaiveActor::HandlerNormal
I1222 14:32:09.647300 82494 runtime_context.cpp:29] DecreaseCounter constructing_actor_cnt, current val is 2619
I1222 14:32:09.642338 82455 naive_actor.cpp:25] actor 1099645845506 switch to &NaiveActor::HandlerNormal
I1222 14:32:09.647392 82428 runtime_context.cpp:29] DecreaseCounter constructing_actor_cnt, current val is 2618
I1222 14:32:09.647408 82434 thread.cpp:99] Thread 524292 construct Actor kNormalForward 1099520016384
I1222 14:32:09.647445 82426 thread.cpp:99] Thread 524301 construct Actor kNormalForward 1099538890752
I1222 14:32:09.647609 82490 runtime_context.cpp:29] DecreaseCounter constructing_actor_cnt, current val is 2617
I1222 14:32:09.647665 82491 thread.cpp:99] Thread 524321 construct Actor kNormalForward 1099580833792
I1222 14:32:09.647747 82485 runtime_context.cpp:29] DecreaseCounter constructing_actor_cnt, current val is 2616
I1222 14:32:09.647771 82441 runtime_context.cpp:29] DecreaseCounter constructing_actor_cnt, current val is 2615
I1222 14:32:09.647814 82435 thread.cpp:99] Thread 524291 construct Actor kNormalForward 1099517919232
I1222 14:32:09.647909 82497 thread.cpp:99] Thread 524355 construct Actor kCriticalSectionWaitTick 1099652136960
I1222 14:32:09.647974 82437 thread.cpp:99] Thread 524298 construct Actor kNormalForward 1099532599296
I1222 14:32:09.648123 82456 thread.cpp:99] Thread 524322 construct Actor kNormalForward 1099582930944
I1222 14:32:09.643038 82440 thread.cpp:99] Thread 524306 construct Actor kNormalForward 1099549376512
I1222 14:32:09.648183 82449 runtime_context.cpp:29] DecreaseCounter constructing_actor_cnt, current val is 2614
I1222 14:32:09.653167 82456 runtime_context.cpp:29] DecreaseCounter constructing_actor_cnt, current val is 2579
I1222 14:32:09.648550 82468 runtime_context.cpp:29] DecreaseCounter constructing_actor_cnt, current val is 2611
I1222 14:32:09.648550 82495 runtime_context.cpp:29] DecreaseCounter constructing_actor_cnt, current val is 2612
I1222 14:32:09.648603 82477 runtime_context.cpp:29] DecreaseCounter constructing_actor_cnt, current val is 2610
I1222 14:32:09.648638 82438 runtime_context.cpp:29] DecreaseCounter constructing_actor_cnt, current val is 2609
I1222 14:32:09.648952 82445 runtime_context.cpp:29] DecreaseCounter constructing_actor_cnt, current val is 2608
I1222 14:32:09.649544 82450 runtime_context.cpp:29] DecreaseCounter constructing_actor_cnt, current val is 2607
I1222 14:32:09.649600 82465 naive_actor.cpp:25] actor 2199025352710 switch to &NaiveActor::HandlerNormal
I1222 14:32:09.653770 82465 thread.cpp:99] Thread 1048577 construct Actor kCopyHd 2199025352710
I1222 14:32:09.649744 82447 runtime_context.cpp:29] DecreaseCounter constructing_actor_cnt, current val is 2605
I1222 14:32:09.649824 82489 runtime_context.cpp:29] DecreaseCounter constructing_actor_cnt, current val is 2604
I1222 14:32:09.649845 82469 runtime_context.cpp:29] DecreaseCounter constructing_actor_cnt, current val is 2603
I1222 14:32:09.649871 82457 runtime_context.cpp:29] DecreaseCounter constructing_actor_cnt, current val is 2602
I1222 14:32:09.650131 82448 runtime_context.cpp:29] DecreaseCounter constructing_actor_cnt, current val is 2601
I1222 14:32:09.650138 82423 naive_actor.cpp:25] actor 2199023255558 switch to &NaiveActor::HandlerNormal
I1222 14:32:09.650207 82452 runtime_context.cpp:29] DecreaseCounter constructing_actor_cnt, current val is 2600
I1222 14:32:09.644809 82446 thread.cpp:99] Thread 524309 construct Actor kNormalForward 1099555667968
I1222 14:32:09.650321 82430 runtime_context.cpp:29] DecreaseCounter constructing_actor_cnt, current val is 2599
I1222 14:32:09.650347 82475 thread.cpp:99] Thread 1048578 construct Actor kCopyHd 2199027449858
I1222 14:32:09.650389 82461 runtime_context.cpp:29] DecreaseCounter constructing_actor_cnt, current val is 2598
I1222 14:32:09.654573 82475 runtime_context.cpp:29] DecreaseCounter constructing_actor_cnt, current val is 2575
I1222 14:32:09.650583 82492 runtime_context.cpp:29] DecreaseCounter constructing_actor_cnt, current val is 2596
I1222 14:32:09.650758 82466 runtime_context.cpp:29] DecreaseCounter constructing_actor_cnt, current val is 2595
I1222 14:32:09.645606 82487 thread.cpp:99] Thread 524333 construct Actor kSliceBoxing 1099605999616
I1222 14:32:09.650895 82476 runtime_context.cpp:29] DecreaseCounter constructing_actor_cnt, current val is 2593
I1222 14:32:09.650920 82431 thread.cpp:99] Thread 524288 construct Actor kNormalForward 1099511627776
I1222 14:32:09.651125 82483 runtime_context.cpp:29] DecreaseCounter constructing_actor_cnt, current val is 2592
I1222 14:32:09.651187 82459 runtime_context.cpp:29] DecreaseCounter constructing_actor_cnt, current val is 2591
I1222 14:32:09.651237 82467 runtime_context.cpp:29] DecreaseCounter constructing_actor_cnt, current val is 2590
I1222 14:32:09.651314 82451 thread.cpp:99] Thread 524318 construct Actor kNormalForward 1099574542336
I1222 14:32:09.647118 82460 thread.cpp:99] Thread 524336 construct Actor kSliceBoxing 1099612291072
I1222 14:32:09.651546 82463 runtime_context.cpp:29] DecreaseCounter constructing_actor_cnt, current val is 2588
I1222 14:32:09.651621 82462 runtime_context.cpp:29] DecreaseCounter constructing_actor_cnt, current val is 2587
I1222 14:32:09.651664 82498 runtime_context.cpp:29] DecreaseCounter constructing_actor_cnt, current val is 2586
I1222 14:32:09.651701 82484 thread.cpp:99] Thread 524350 construct Actor kSliceBoxing 1099641651200
I1222 14:32:09.651872 82455 thread.cpp:99] Thread 524352 construct Actor kDstSubsetTick 1099645845506
I1222 14:32:09.652452 82434 runtime_context.cpp:29] DecreaseCounter constructing_actor_cnt, current val is 2585
I1222 14:32:09.652513 82426 runtime_context.cpp:29] DecreaseCounter constructing_actor_cnt, current val is 2584
I1222 14:32:09.652663 82491 runtime_context.cpp:29] DecreaseCounter constructing_actor_cnt, current val is 2583
I1222 14:32:09.652926 82435 runtime_context.cpp:29] DecreaseCounter constructing_actor_cnt, current val is 2582
I1222 14:32:09.652928 82497 runtime_context.cpp:29] DecreaseCounter constructing_actor_cnt, current val is 2581
I1222 14:32:09.653043 82437 runtime_context.cpp:29] DecreaseCounter constructing_actor_cnt, current val is 2580
I1222 14:32:09.648315 82480 runtime_context.cpp:29] DecreaseCounter constructing_actor_cnt, current val is 2613
I1222 14:32:09.653203 82440 runtime_context.cpp:29] DecreaseCounter constructing_actor_cnt, current val is 2578
I1222 14:32:09.649638 82453 runtime_context.cpp:29] DecreaseCounter constructing_actor_cnt, current val is 2606
I1222 14:32:09.653802 82465 runtime_context.cpp:29] DecreaseCounter constructing_actor_cnt, current val is 2577
I1222 14:32:09.654120 82457 copy_comm_net_actor.cpp:66] actor 1099656331264 switch to &CopyCommNetActor::HandlerNormal
I1222 14:32:09.654232 82423 thread.cpp:99] Thread 1048576 construct Actor kNormalForward 2199023255558
I1222 14:32:09.654465 82446 runtime_context.cpp:29] DecreaseCounter constructing_actor_cnt, current val is 2576
I1222 14:32:09.645301 82481 runtime_context.cpp:29] DecreaseCounter constructing_actor_cnt, current val is 2624
I1222 14:32:09.654917 82475 naive_actor.cpp:25] actor 2199027449857 switch to &NaiveActor::HandlerNormal
I1222 14:32:09.654968 82487 runtime_context.cpp:29] DecreaseCounter constructing_actor_cnt, current val is 2574
I1222 14:32:09.655092 82431 runtime_context.cpp:29] DecreaseCounter constructing_actor_cnt, current val is 2573
I1222 14:32:09.655858 82460 runtime_context.cpp:29] DecreaseCounter constructing_actor_cnt, current val is 2571
I1222 14:32:09.655859 82451 runtime_context.cpp:29] DecreaseCounter constructing_actor_cnt, current val is 2572
I1222 14:32:09.656034 82459 naive_actor.cpp:25] actor 2199029547043 switch to &NaiveActor::HandlerNormal
I1222 14:32:09.656102 82484 runtime_context.cpp:29] DecreaseCounter constructing_actor_cnt, current val is 2570
I1222 14:32:09.656247 82455 runtime_context.cpp:29] DecreaseCounter constructing_actor_cnt, current val is 2569
I1222 14:32:09.656860 82457 thread.cpp:99] Thread 524357 construct Actor kCopyCommNet 1099656331264
I1222 14:32:09.656919 82465 naive_actor.cpp:25] actor 2199025352704 switch to &NaiveActor::HandlerNormal
I1222 14:32:09.657021 82423 runtime_context.cpp:29] DecreaseCounter constructing_actor_cnt, current val is 2568
I1222 14:32:09.657186 82475 thread.cpp:99] Thread 1048578 construct Actor kCopyHd 2199027449857
I1222 14:32:09.657572 82459 thread.cpp:99] Thread 1048579 construct Actor kCollectiveBoxingGeneric 2199029547043
I1222 14:32:09.657845 82457 runtime_context.cpp:29] DecreaseCounter constructing_actor_cnt, current val is 2567
I1222 14:32:09.657869 82465 thread.cpp:99] Thread 1048577 construct Actor kCopyHd 2199025352704
I1222 14:32:09.658115 82475 runtime_context.cpp:29] DecreaseCounter constructing_actor_cnt, current val is 2566
I1222 14:32:09.658210 82459 runtime_context.cpp:29] DecreaseCounter constructing_actor_cnt, current val is 2565
I1222 14:32:09.658476 82455 naive_actor.cpp:25] actor 1099645845504 switch to &NaiveActor::HandlerNormal
I1222 14:32:09.658506 82423 naive_actor.cpp:25] actor 2199023255587 switch to &NaiveActor::HandlerNormal
I1222 14:32:09.658655 82457 copy_comm_net_actor.cpp:66] actor 1099656331266 switch to &CopyCommNetActor::HandlerNormal
I1222 14:32:09.658882 82465 runtime_context.cpp:29] DecreaseCounter constructing_actor_cnt, current val is 2564
I1222 14:32:09.659102 82455 thread.cpp:99] Thread 524352 construct Actor kSrcSubsetTick 1099645845504
I1222 14:32:09.659200 82423 thread.cpp:99] Thread 1048576 construct Actor kNormalForward 2199023255587
I1222 14:32:09.659531 82455 runtime_context.cpp:29] DecreaseCounter constructing_actor_cnt, current val is 2563
I1222 14:32:09.659602 82423 runtime_context.cpp:29] DecreaseCounter constructing_actor_cnt, current val is 2562
I1222 14:32:09.659653 82465 naive_actor.cpp:25] actor 2199025352706 switch to &NaiveActor::HandlerNormal
I1222 14:32:09.659369 82459 naive_actor.cpp:25] actor 2199029547082 switch to &NaiveActor::HandlerNormal
I1222 14:32:09.659294 82457 thread.cpp:99] Thread 524357 construct Actor kCopyCommNet 1099656331266
I1222 14:32:09.659818 82465 thread.cpp:99] Thread 1048577 construct Actor kCopyHd 2199025352706
I1222 14:32:09.659904 82459 thread.cpp:99] Thread 1048579 construct Actor kCollectiveBoxingGeneric 2199029547082
I1222 14:32:09.660002 82457 runtime_context.cpp:29] DecreaseCounter constructing_actor_cnt, current val is 2561
I1222 14:32:09.660231 82455 naive_actor.cpp:25] actor 1099645845507 switch to &NaiveActor::HandlerNormal
I1222 14:32:09.660373 82455 thread.cpp:99] Thread 524352 construct Actor kTick 1099645845507
I1222 14:32:09.660658 82465 runtime_context.cpp:29] DecreaseCounter constructing_actor_cnt, current val is 2560
I1222 14:32:09.660724 82455 runtime_context.cpp:29] DecreaseCounter constructing_actor_cnt, current val is 2558
I1222 14:32:09.660674 82459 runtime_context.cpp:29] DecreaseCounter constructing_actor_cnt, current val is 2559
I1222 14:32:09.660887 82457 copy_comm_net_actor.cpp:66] actor 1099656331270 switch to &CopyCommNetActor::HandlerNormal
I1222 14:32:09.660984 82465 naive_actor.cpp:25] actor 2199025352711 switch to &NaiveActor::HandlerNormal
I1222 14:32:09.661029 82457 thread.cpp:99] Thread 524357 construct Actor kCopyCommNet 1099656331270
I1222 14:32:09.661118 82465 thread.cpp:99] Thread 1048577 construct Actor kCopyHd 2199025352711
I1222 14:32:09.661129 82459 naive_actor.cpp:25] actor 2199029547097 switch to &NaiveActor::HandlerNormal
I1222 14:32:09.661221 82457 runtime_context.cpp:29] DecreaseCounter constructing_actor_cnt, current val is 2557
I1222 14:32:09.661296 82465 runtime_context.cpp:29] DecreaseCounter constructing_actor_cnt, current val is 2556
I1222 14:32:09.661336 82459 thread.cpp:99] Thread 1048579 construct Actor kCollectiveBoxingGeneric 2199029547097
I1222 14:32:09.661350 82455 naive_actor.cpp:25] actor 1099645845509 switch to &NaiveActor::HandlerNormal
I1222 14:32:09.661579 82459 runtime_context.cpp:29] DecreaseCounter constructing_actor_cnt, current val is 2555
I1222 14:32:09.661614 82455 thread.cpp:99] Thread 524352 construct Actor kTick 1099645845509
I1222 14:32:09.661629 82457 copy_comm_net_actor.cpp:66] actor 1099656331267 switch to &CopyCommNetActor::HandlerNormal
I1222 14:32:09.661756 82465 naive_actor.cpp:25] actor 2199025352708 switch to &NaiveActor::HandlerNormal
I1222 14:32:09.661777 82455 runtime_context.cpp:29] DecreaseCounter constructing_actor_cnt, current val is 2554
I1222 14:32:09.661828 82423 naive_actor.cpp:25] actor 2199023255553 switch to &NaiveActor::HandlerNormal
I1222 14:32:09.661847 82457 thread.cpp:99] Thread 524357 construct Actor kCopyCommNet 1099656331267
I1222 14:32:09.661916 82465 thread.cpp:99] Thread 1048577 construct Actor kCopyHd 2199025352708
I1222 14:32:09.661996 82459 naive_actor.cpp:25] actor 2199029547013 switch to &NaiveActor::HandlerNormal
I1222 14:32:09.662031 82423 thread.cpp:99] Thread 1048576 construct Actor kNormalForward 2199023255553
I1222 14:32:09.662242 82457 runtime_context.cpp:29] DecreaseCounter constructing_actor_cnt, current val is 2553
I1222 14:32:09.662324 82455 naive_actor.cpp:25] actor 1099645845510 switch to &NaiveActor::HandlerNormal
I1222 14:32:09.663048 82455 thread.cpp:99] Thread 524352 construct Actor kSrcSubsetTick 1099645845510
I1222 14:32:09.662902 82459 thread.cpp:99] Thread 1048579 construct Actor kCollectiveBoxingGeneric 2199029547013
I1222 14:32:09.662958 82423 runtime_context.cpp:29] DecreaseCounter constructing_actor_cnt, current val is 2551
I1222 14:32:09.662868 82465 runtime_context.cpp:29] DecreaseCounter constructing_actor_cnt, current val is 2552
I1222 14:32:09.663127 82455 runtime_context.cpp:29] DecreaseCounter constructing_actor_cnt, current val is 2550
I1222 14:32:09.663183 82459 runtime_context.cpp:29] DecreaseCounter constructing_actor_cnt, current val is 2549
I1222 14:32:09.663228 82457 copy_comm_net_actor.cpp:66] actor 1099656331272 switch to &CopyCommNetActor::HandlerNormal
I1222 14:32:09.663488 82457 thread.cpp:99] Thread 524357 construct Actor kCopyCommNet 1099656331272
I1222 14:32:09.663497 82455 naive_actor.cpp:25] actor 1099645845505 switch to &NaiveActor::HandlerNormal
I1222 14:32:09.663604 82455 thread.cpp:99] Thread 524352 construct Actor kTick 1099645845505
I1222 14:32:09.663509 82465 naive_actor.cpp:25] actor 2199025352705 switch to &NaiveActor::HandlerNormal
I1222 14:32:09.663606 82457 runtime_context.cpp:29] DecreaseCounter constructing_actor_cnt, current val is 2548
I1222 14:32:09.663664 82455 runtime_context.cpp:29] DecreaseCounter constructing_actor_cnt, current val is 2547
I1222 14:32:09.663666 82459 naive_actor.cpp:25] actor 2199029547134 switch to &NaiveActor::HandlerNormal
I1222 14:32:09.663728 82465 thread.cpp:99] Thread 1048577 construct Actor kCopyHd 2199025352705
I1222 14:32:09.663916 82459 thread.cpp:99] Thread 1048579 construct Actor kCollectiveBoxingGeneric 2199029547134
I1222 14:32:09.663928 82423 naive_actor.cpp:25] actor 2199023255562 switch to &NaiveActor::HandlerNormal
I1222 14:32:09.664008 82455 naive_actor.cpp:25] actor 1099645845511 switch to &NaiveActor::HandlerNormal
I1222 14:32:09.664167 82455 thread.cpp:99] Thread 524352 construct Actor kDstSubsetTick 1099645845511
I1222 14:32:09.664029 82465 runtime_context.cpp:29] DecreaseCounter constructing_actor_cnt, current val is 2546
I1222 14:32:09.664103 82459 runtime_context.cpp:29] DecreaseCounter constructing_actor_cnt, current val is 2545
I1222 14:32:09.664129 82423 thread.cpp:99] Thread 1048576 construct Actor kNormalForward 2199023255562
I1222 14:32:09.664024 82457 copy_comm_net_actor.cpp:66] actor 1099656331271 switch to &CopyCommNetActor::HandlerNormal
I1222 14:32:09.664214 82455 runtime_context.cpp:29] DecreaseCounter constructing_actor_cnt, current val is 2544
I1222 14:32:09.664379 82423 runtime_context.cpp:29] DecreaseCounter constructing_actor_cnt, current val is 2543
I1222 14:32:09.664409 82457 thread.cpp:99] Thread 524357 construct Actor kCopyCommNet 1099656331271
I1222 14:32:09.664505 82465 naive_actor.cpp:25] actor 2199025352715 switch to &NaiveActor::HandlerNormal
I1222 14:32:09.664602 82459 naive_actor.cpp:25] actor 2199029547040 switch to &NaiveActor::HandlerNormal
I1222 14:32:09.664604 82457 runtime_context.cpp:29] DecreaseCounter constructing_actor_cnt, current val is 2542
I1222 14:32:09.664654 82465 thread.cpp:99] Thread 1048577 construct Actor kCopyHd 2199025352715
I1222 14:32:09.664691 82455 naive_actor.cpp:25] actor 1099645845512 switch to &NaiveActor::HandlerNormal
I1222 14:32:09.664902 82465 runtime_context.cpp:29] DecreaseCounter constructing_actor_cnt, current val is 2541
I1222 14:32:09.664913 82455 thread.cpp:99] Thread 524352 construct Actor kSrcSubsetTick 1099645845512
I1222 14:32:09.664736 82459 thread.cpp:99] Thread 1048579 construct Actor kCollectiveBoxingGeneric 2199029547040
I1222 14:32:09.665015 82457 copy_comm_net_actor.cpp:66] actor 1099656331268 switch to &CopyCommNetActor::HandlerNormal
I1222 14:32:09.665091 82455 runtime_context.cpp:29] DecreaseCounter constructing_actor_cnt, current val is 2540
I1222 14:32:09.665129 82423 naive_actor.cpp:25] actor 2199023255571 switch to &NaiveActor::HandlerNormal
I1222 14:32:09.665180 82465 naive_actor.cpp:25] actor 2199025352714 switch to &NaiveActor::HandlerNormal
I1222 14:32:09.665665 82459 runtime_context.cpp:29] DecreaseCounter constructing_actor_cnt, current val is 2539
I1222 14:32:09.665696 82457 thread.cpp:99] Thread 524357 construct Actor kCopyCommNet 1099656331268
I1222 14:32:09.665987 82455 naive_actor.cpp:25] actor 1099645845508 switch to &NaiveActor::HandlerNormal
I1222 14:32:09.666028 82457 runtime_context.cpp:29] DecreaseCounter constructing_actor_cnt, current val is 2538
I1222 14:32:09.665793 82423 thread.cpp:99] Thread 1048576 construct Actor kNormalForward 2199023255571
I1222 14:32:09.666038 82455 thread.cpp:99] Thread 524352 construct Actor kTick 1099645845508
I1222 14:32:09.666162 82423 runtime_context.cpp:29] DecreaseCounter constructing_actor_cnt, current val is 2537
I1222 14:32:09.666199 82455 runtime_context.cpp:29] DecreaseCounter constructing_actor_cnt, current val is 2536
I1222 14:32:09.665875 82465 thread.cpp:99] Thread 1048577 construct Actor kCopyHd 2199025352714
I1222 14:32:09.666209 82459 naive_actor.cpp:25] actor 2199029547153 switch to &NaiveActor::HandlerNormal
I1222 14:32:09.666337 82457 copy_comm_net_actor.cpp:66] actor 1099656331269 switch to &CopyCommNetActor::HandlerNormal
I1222 14:32:09.666364 82465 runtime_context.cpp:29] DecreaseCounter constructing_actor_cnt, current val is 2535
I1222 14:32:09.666389 82459 thread.cpp:99] Thread 1048579 construct Actor kCollectiveBoxingGeneric 2199029547153
I1222 14:32:09.666472 82457 thread.cpp:99] Thread 524357 construct Actor kCopyCommNet 1099656331269
I1222 14:32:09.666492 82455 naive_actor.cpp:25] actor 1099645845513 switch to &NaiveActor::HandlerNormal
I1222 14:32:09.666694 82457 runtime_context.cpp:29] DecreaseCounter constructing_actor_cnt, current val is 2533
I1222 14:32:09.666702 82455 thread.cpp:99] Thread 524352 construct Actor kDstSubsetTick 1099645845513
I1222 14:32:09.666797 82465 naive_actor.cpp:25] actor 2199025352709 switch to &NaiveActor::HandlerNormal
I1222 14:32:09.666787 82423 naive_actor.cpp:25] actor 2199023255554 switch to &NaiveActor::HandlerNormal
I1222 14:32:09.666630 82459 runtime_context.cpp:29] DecreaseCounter constructing_actor_cnt, current val is 2534
I1222 14:32:09.666842 82455 runtime_context.cpp:29] DecreaseCounter constructing_actor_cnt, current val is 2532
I1222 14:32:09.666887 82465 thread.cpp:99] Thread 1048577 construct Actor kCopyHd 2199025352709
I1222 14:32:09.666923 82423 thread.cpp:99] Thread 1048576 construct Actor kNormalForward 2199023255554
I1222 14:32:09.667135 82465 runtime_context.cpp:29] DecreaseCounter constructing_actor_cnt, current val is 2531
I1222 14:32:09.667171 82423 runtime_context.cpp:29] DecreaseCounter constructing_actor_cnt, current val is 2530
I1222 14:32:09.667250 82459 naive_actor.cpp:25] actor 2199029547033 switch to &NaiveActor::HandlerNormal
I1222 14:32:09.667341 82459 thread.cpp:99] Thread 1048579 construct Actor kCollectiveBoxingGeneric 2199029547033
I1222 14:32:09.667414 82465 naive_actor.cpp:25] actor 2199025352712 switch to &NaiveActor::HandlerNormal
I1222 14:32:09.667438 82459 runtime_context.cpp:29] DecreaseCounter constructing_actor_cnt, current val is 2529
I1222 14:32:09.667490 82465 thread.cpp:99] Thread 1048577 construct Actor kCopyHd 2199025352712
I1222 14:32:09.667641 82465 runtime_context.cpp:29] DecreaseCounter constructing_actor_cnt, current val is 2528
I1222 14:32:09.667800 82459 naive_actor.cpp:25] actor 2199029547056 switch to &NaiveActor::HandlerNormal
I1222 14:32:09.667903 82459 thread.cpp:99] Thread 1048579 construct Actor kCollectiveBoxingGeneric 2199029547056
I1222 14:32:09.667928 82465 naive_actor.cpp:25] actor 2199025352716 switch to &NaiveActor::HandlerNormal
I1222 14:32:09.667933 82423 naive_actor.cpp:25] actor 2199023255603 switch to &NaiveActor::HandlerNormal
I1222 14:32:09.668087 82459 runtime_context.cpp:29] DecreaseCounter constructing_actor_cnt, current val is 2527
I1222 14:32:09.668591 82465 thread.cpp:99] Thread 1048577 construct Actor kCopyHd 2199025352716
I1222 14:32:09.668627 82423 thread.cpp:99] Thread 1048576 construct Actor kNormalForward 2199023255603
I1222 14:32:09.668817 82465 runtime_context.cpp:29] DecreaseCounter constructing_actor_cnt, current val is 2526
I1222 14:32:09.668839 82423 runtime_context.cpp:29] DecreaseCounter constructing_actor_cnt, current val is 2525
I1222 14:32:09.669003 82459 naive_actor.cpp:25] actor 2199029547039 switch to &NaiveActor::HandlerNormal
I1222 14:32:09.669108 82459 thread.cpp:99] Thread 1048579 construct Actor kCollectiveBoxingGeneric 2199029547039
I1222 14:32:09.669117 82465 naive_actor.cpp:25] actor 2199025352713 switch to &NaiveActor::HandlerNormal
I1222 14:32:09.669211 82459 runtime_context.cpp:29] DecreaseCounter constructing_actor_cnt, current val is 2524
I1222 14:32:09.669262 82465 thread.cpp:99] Thread 1048577 construct Actor kCopyHd 2199025352713
I1222 14:32:09.669445 82465 runtime_context.cpp:29] DecreaseCounter constructing_actor_cnt, current val is 2523
I1222 14:32:09.669572 82423 naive_actor.cpp:25] actor 2199023255635 switch to &NaiveActor::HandlerNormal
I1222 14:32:09.669612 82459 naive_actor.cpp:25] actor 2199029547009 switch to &NaiveActor::HandlerNormal
I1222 14:32:09.669636 82423 thread.cpp:99] Thread 1048576 construct Actor kNormalForward 2199023255635
I1222 14:32:09.669694 82459 thread.cpp:99] Thread 1048579 construct Actor kCollectiveBoxingGeneric 2199029547009
I1222 14:32:09.669757 82423 runtime_context.cpp:29] DecreaseCounter constructing_actor_cnt, current val is 2522
I1222 14:32:09.669833 82459 runtime_context.cpp:29] DecreaseCounter constructing_actor_cnt, current val is 2521
I1222 14:32:09.670136 82459 naive_actor.cpp:25] actor 2199029547196 switch to &NaiveActor::HandlerNormal
I1222 14:32:09.670236 82459 thread.cpp:99] Thread 1048579 construct Actor kCollectiveBoxingGeneric 2199029547196
I1222 14:32:09.670339 82459 runtime_context.cpp:29] DecreaseCounter constructing_actor_cnt, current val is 2520
I1222 14:32:09.670469 82423 naive_actor.cpp:25] actor 2199023255563 switch to &NaiveActor::HandlerNormal
I1222 14:32:09.670527 82423 thread.cpp:99] Thread 1048576 construct Actor kNormalForward 2199023255563
I1222 14:32:09.670598 82423 runtime_context.cpp:29] DecreaseCounter constructing_actor_cnt, current val is 2519
I1222 14:32:09.670666 82459 naive_actor.cpp:25] actor 2199029547049 switch to &NaiveActor::HandlerNormal
I1222 14:32:09.670748 82459 thread.cpp:99] Thread 1048579 construct Actor kCollectiveBoxingGeneric 2199029547049
I1222 14:32:09.670861 82459 runtime_context.cpp:29] DecreaseCounter constructing_actor_cnt, current val is 2518
I1222 14:32:09.671193 82459 naive_actor.cpp:25] actor 2199029547094 switch to &NaiveActor::HandlerNormal
I1222 14:32:09.671283 82423 naive_actor.cpp:25] actor 2199023255564 switch to &NaiveActor::HandlerNormal
I1222 14:32:09.671279 82459 thread.cpp:99] Thread 1048579 construct Actor kCollectiveBoxingGeneric 2199029547094
I1222 14:32:09.671340 82423 thread.cpp:99] Thread 1048576 construct Actor kNormalForward 2199023255564
I1222 14:32:09.671419 82459 runtime_context.cpp:29] DecreaseCounter constructing_actor_cnt, current val is 2517
I1222 14:32:09.671444 82423 runtime_context.cpp:29] DecreaseCounter constructing_actor_cnt, current val is 2516
I1222 14:32:09.671723 82459 naive_actor.cpp:25] actor 2199029547077 switch to &NaiveActor::HandlerNormal
I1222 14:32:09.671766 82423 naive_actor.cpp:25] actor 2199023255565 switch to &NaiveActor::HandlerNormal
I1222 14:32:09.671830 82459 thread.cpp:99] Thread 1048579 construct Actor kCollectiveBoxingGeneric 2199029547077
I1222 14:32:09.671875 82423 thread.cpp:99] Thread 1048576 construct Actor kNormalForward 2199023255565
I1222 14:32:09.671977 82459 runtime_context.cpp:29] DecreaseCounter constructing_actor_cnt, current val is 2515
I1222 14:32:09.672051 82423 runtime_context.cpp:29] DecreaseCounter constructing_actor_cnt, current val is 2514
I1222 14:32:09.672752 82423 naive_actor.cpp:25] actor 2199023255557 switch to &NaiveActor::HandlerNormal
I1222 14:32:09.672766 82459 naive_actor.cpp:25] actor 2199029547130 switch to &NaiveActor::HandlerNormal
I1222 14:32:09.672816 82423 thread.cpp:99] Thread 1048576 construct Actor kNormalForward 2199023255557
I1222 14:32:09.672883 82459 thread.cpp:99] Thread 1048579 construct Actor kCollectiveBoxingGeneric 2199029547130
I1222 14:32:09.672930 82423 runtime_context.cpp:29] DecreaseCounter constructing_actor_cnt, current val is 2513
