 from [base_model.m_stage0.embeddings.LayerNorm-layer_norm_24] (stage_id:0) -> [base_model.m_stage0.embeddings.LayerNorm-layer_norm_24_param_grad] (stage_id:0) 
I1222 14:08:52.881089 78297 pipeline_buffer_pass.cpp:117] 
 Insert buffer op : [System-Pipeline-Buffer-Op_-base_model.m_stage0.embeddings-broadcast_add_23-z_0-stage_id_0](buffer_size:4) 
 from [base_model.m_stage0.embeddings-broadcast_add_23] (stage_id:0) -> [base_model.m_stage0.embeddings.LayerNorm-layer_norm_24_grad] (stage_id:0) 
I1222 14:08:52.881145 78297 pipeline_buffer_pass.cpp:117] 
 Insert buffer op : [System-Pipeline-Buffer-Op_-base_model.m_stage0.embeddings.LayerNorm-layer_norm_24-mean_0-stage_id_0](buffer_size:4) 
 from [base_model.m_stage0.embeddings.LayerNorm-layer_norm_24] (stage_id:0) -> [base_model.m_stage0.embeddings.LayerNorm-layer_norm_24_grad] (stage_id:0) 
I1222 14:08:52.881194 78297 pipeline_buffer_pass.cpp:117] 
 Insert buffer op : [System-Pipeline-Buffer-Op_-base_model.m_stage0.embeddings.LayerNorm-layer_norm_24-inv_variance_0-stage_id_0](buffer_size:4) 
 from [base_model.m_stage0.embeddings.LayerNorm-layer_norm_24] (stage_id:0) -> [base_model.m_stage0.embeddings.LayerNorm-layer_norm_24_grad] (stage_id:0) 
I1222 14:08:52.881248 78297 pipeline_buffer_pass.cpp:117] 
 Insert buffer op : [System-Pipeline-Buffer-Op_-base_model.m_stage0.embeddings.position_embeddings-gather_20-out_0-stage_id_0](buffer_size:4) 
 from [base_model.m_stage0.embeddings.position_embeddings-gather_20] (stage_id:0) -> [base_model.m_stage0.embeddings-broadcast_add_23_y_grad_reduce_sum_like] (stage_id:0) 
I1222 14:08:52.881309 78297 pipeline_buffer_pass.cpp:117] 
 Insert buffer op : [System-Pipeline-Buffer-Op_-base_model.m_stage0.embeddings-slice_19-y_0-stage_id_0](buffer_size:4) 
 from [base_model.m_stage0.embeddings-slice_19] (stage_id:0) -> [base_model.m_stage0.embeddings.position_embeddings-gather_20_grad] (stage_id:0) 
I1222 14:08:52.881397 78297 pipeline_buffer_pass.cpp:117] 
 Insert buffer op : [System-Pipeline-Buffer-Op_-base_model-identity_15-out_0-stage_id_0](buffer_size:4) 
 from [base_model-identity_15] (stage_id:0) -> [base_model.m_stage0.embeddings.word_embeddings-gather_18_grad] (stage_id:0) 
I1222 14:08:52.881917 78297 pipeline_buffer_pass.cpp:117] 
 Insert buffer op : [System-Pipeline-Buffer-Op_-base_model-identity_16-out_0-stage_id_0](buffer_size:4) 
 from [base_model-identity_16] (stage_id:0) -> [base_model.m_stage0.embeddings.token_type_embeddings-gather_21_grad] (stage_id:0) 
I1222 14:08:52.882167 78297 pipeline_buffer_pass.cpp:117] 
 Insert buffer op : [System-Pipeline-Buffer-Op_-_train_data_loader-hierarchical_parallel_cast_8-out_0-stage_id_0](buffer_size:4) 
 from [_train_data_loader-hierarchical_parallel_cast_8] (stage_id:0) -> [base_model-identity_15] (stage_id:0) 
I1222 14:08:52.882231 78297 pipeline_buffer_pass.cpp:117] 
 Insert buffer op : [System-Pipeline-Buffer-Op_-_train_data_loader-hierarchical_parallel_cast_11-out_0-stage_id_0](buffer_size:4) 
 from [_train_data_loader-hierarchical_parallel_cast_11] (stage_id:0) -> [base_model-identity_16] (stage_id:0) 
I1222 14:08:52.882287 78297 pipeline_buffer_pass.cpp:117] 
 Insert buffer op : [System-Pipeline-Buffer-Op_-_train_data_loader-hierarchical_parallel_cast_10-out_0-stage_id_0](buffer_size:4) 
 from [_train_data_loader-hierarchical_parallel_cast_10] (stage_id:0) -> [base_model-identity_17] (stage_id:0) 
I1222 14:08:52.882611 78297 pipeline_buffer_pass.cpp:212] 
 Insert buffer op pair : src_buffer = <System-Pipeline-Buffer-Op_-base_model-identity_236-out_0>(buffer_size:1) , dst_buffer = <System-Pipeline-Buffer-Op_-base_model-identity_236-out_0-stage_id_1>(buffer_size:1) 
 from [base_model-identity_236] (stage_id:0) -> [base_model-identity_237] (stage_id:1) 
I1222 14:08:52.882670 78297 pipeline_buffer_pass.cpp:117] 
 Insert buffer op : [System-Pipeline-Buffer-Op_-_train_data_loader-hierarchical_parallel_cast_10-out_0-stage_id_1](buffer_size:4) 
 from [_train_data_loader-hierarchical_parallel_cast_10] (stage_id:0) -> [base_model-identity_238] (stage_id:1) 
I1222 14:08:52.882980 78297 pipeline_buffer_pass.cpp:117] 
 Insert buffer op : [System-Pipeline-Buffer-Op_-_train_data_loader-hierarchical_parallel_cast_9-out_0-stage_id_1](buffer_size:4) 
 from [_train_data_loader-hierarchical_parallel_cast_9] (stage_id:0) -> [reshape_464] (stage_id:1) 
I1222 14:08:52.883045 78297 pipeline_buffer_pass.cpp:117] 
 Insert buffer op : [System-Pipeline-Buffer-Op_-_train_data_loader-hierarchical_parallel_cast_13-out_0-stage_id_1](buffer_size:4) 
 from [_train_data_loader-hierarchical_parallel_cast_13] (stage_id:0) -> [expand_dims_472] (stage_id:1) 
I1222 14:08:52.883109 78297 pipeline_buffer_pass.cpp:117] 
 Insert buffer op : [System-Pipeline-Buffer-Op_-_train_data_loader-hierarchical_parallel_cast_12-out_0-stage_id_1](buffer_size:4) 
 from [_train_data_loader-hierarchical_parallel_cast_12] (stage_id:0) -> [reshape_476] (stage_id:1) 
I1222 14:08:52.883168 78297 pipeline_buffer_pass.cpp:117] 
 Insert buffer op : [System-Pipeline-Buffer-Op_-_train_data_loader-hierarchical_parallel_cast_14-out_0-stage_id_1](buffer_size:4) 
 from [_train_data_loader-hierarchical_parallel_cast_14] (stage_id:0) -> [multiply_483] (stage_id:1) 
I1222 14:08:52.883842 78297 pipeline_buffer_pass.cpp:212] 
 Insert buffer op pair : src_buffer = <System-Pipeline-Buffer-Op_-base_model-identity_237_grad-out_0>(buffer_size:1) , dst_buffer = <System-Pipeline-Buffer-Op_-base_model-identity_237_grad-out_0-stage_id_0>(buffer_size:1) 
 from [base_model-identity_237_grad] (stage_id:1) -> [base_model-identity_236_grad] (stage_id:0) 
I1222 14:08:53.381680 78297 global.h:43] DeleteGlobal N7oneflow7JobDescE
I1222 14:08:53.979049 78297 global.h:36] NewGlobal N7oneflow7JobDescE
I1222 14:09:00.431937 78297 global.h:36] NewGlobal N7oneflow7OpGraphE
I1222 14:09:02.049630 78297 global.h:43] DeleteGlobal N7oneflow7OpGraphE
I1222 14:09:02.296408 78297 nn_graph.cpp:267] 
job_id: 0 , job_name: PipelineGraph_0 , compile time: 8.31712 seconds.
I1222 14:09:02.338265 78297 plan_util.cpp:927]  Plan: PipelineGraph_0 needs to allocate [ 7106.32 MiB ] device memory in Rank: 0 , Device: 0
I1222 14:09:02.338356 78297 plan_util.cpp:927]  Plan: PipelineGraph_0 needs to allocate [ 7106.31 MiB ] device memory in Rank: 2 , Device: 0
I1222 14:09:02.338372 78297 plan_util.cpp:927]  Plan: PipelineGraph_0 needs to allocate [ 3933.84 MiB ] device memory in Rank: 1 , Device: 1
I1222 14:09:02.338387 78297 plan_util.cpp:927]  Plan: PipelineGraph_0 needs to allocate [ 4126.7 MiB ] device memory in Rank: 3 , Device: 1
I1222 14:09:03.043016 78297 runtime_context.cpp:21] NewCounter constructing_actor_cnt 1770
I1222 14:09:03.044054 78802 wait_and_send_ids_actor.cpp:53] actor 1099647942656 switch to &WaitAndSendIdsActor::HandlerWaitToStart
I1222 14:09:03.044099 78798 naive_actor.cpp:25] actor 1099582930944 switch to &NaiveActor::HandlerNormal
I1222 14:09:03.044152 78802 thread.cpp:99] Thread 524353 construct Actor kWaitAndSendIds 1099647942656
I1222 14:09:03.044234 78798 thread.cpp:99] Thread 524322 construct Actor kDeviceTick 1099582930944
I1222 14:09:03.044493 78747 naive_actor.cpp:25] actor 2199023257113 switch to &NaiveActor::HandlerNormal
I1222 14:09:03.044528 78802 runtime_context.cpp:29] DecreaseCounter constructing_actor_cnt, current val is 1769
I1222 14:09:03.044574 78798 runtime_context.cpp:29] DecreaseCounter constructing_actor_cnt, current val is 1768
I1222 14:09:03.044677 78747 thread.cpp:99] Thread 1048576 construct Actor kDeviceTick 2199023257113
I1222 14:09:03.044934 78747 runtime_context.cpp:29] DecreaseCounter constructing_actor_cnt, current val is 1767
I1222 14:09:03.045378 78747 naive_actor.cpp:25] actor 2199023257110 switch to &NaiveActor::HandlerNormal
I1222 14:09:03.045456 78747 thread.cpp:99] Thread 1048576 construct Actor kDeviceTick 2199023257110
I1222 14:09:03.045553 78747 runtime_context.cpp:29] DecreaseCounter constructing_actor_cnt, current val is 1766
I1222 14:09:03.095279 78808 naive_actor.cpp:25] actor 2199027449857 switch to &NaiveActor::HandlerNormal
I1222 14:09:03.095515 78830 naive_actor.cpp:25] actor 1099591319552 switch to &NaiveActor::HandlerNormal
I1222 14:09:03.095528 78817 naive_actor.cpp:25] actor 2199029547014 switch to &NaiveActor::HandlerNormal
I1222 14:09:03.096017 78831 naive_actor.cpp:25] actor 1099637456896 switch to &NaiveActor::HandlerNormal
I1222 14:09:03.096088 78808 thread.cpp:99] Thread 1048578 construct Actor kCopyHd 2199027449857
I1222 14:09:03.096642 78830 thread.cpp:99] Thread 524326 construct Actor kSliceBoxing 1099591319552
I1222 14:09:03.096823 78792 naive_actor.cpp:25] actor 2199025352720 switch to &NaiveActor::HandlerNormal
I1222 14:09:03.097115 78817 thread.cpp:99] Thread 1048579 construct Actor kCopyHd 2199029547014
I1222 14:09:03.097642 78831 thread.cpp:99] Thread 524348 construct Actor kSliceBoxing 1099637456896
I1222 14:09:03.098176 78808 runtime_context.cpp:29] DecreaseCounter constructing_actor_cnt, current val is 1765
I1222 14:09:03.098466 78830 runtime_context.cpp:29] DecreaseCounter constructing_actor_cnt, current val is 1764
I1222 14:09:03.098860 78829 naive_actor.cpp:25] actor 1099641651200 switch to &NaiveActor::HandlerNormal
I1222 14:09:03.098917 78792 thread.cpp:99] Thread 1048577 construct Actor kCollectiveBoxingGeneric 2199025352720
I1222 14:09:03.099318 78817 runtime_context.cpp:29] DecreaseCounter constructing_actor_cnt, current val is 1763
I1222 14:09:03.099777 78831 runtime_context.cpp:29] DecreaseCounter constructing_actor_cnt, current val is 1762
I1222 14:09:03.100042 78781 naive_actor.cpp:25] actor 1099616485376 switch to &NaiveActor::HandlerNormal
I1222 14:09:03.100092 78829 thread.cpp:99] Thread 524350 construct Actor kSliceBoxing 1099641651200
I1222 14:09:03.100142 78827 naive_actor.cpp:25] actor 1099595513856 switch to &NaiveActor::HandlerNormal
I1222 14:09:03.100154 78792 runtime_context.cpp:29] DecreaseCounter constructing_actor_cnt, current val is 1761
I1222 14:09:03.100168 78824 naive_actor.cpp:25] actor 1099589222400 switch to &NaiveActor::HandlerNormal
I1222 14:09:03.100206 78828 naive_actor.cpp:25] actor 1099601805312 switch to &NaiveActor::HandlerNormal
I1222 14:09:03.100250 78825 naive_actor.cpp:25] actor 1099597611008 switch to &NaiveActor::HandlerNormal
I1222 14:09:03.100241 78832 naive_actor.cpp:25] actor 1099599708160 switch to &NaiveActor::HandlerNormal
I1222 14:09:03.100304 78781 thread.cpp:99] Thread 524338 construct Actor kSliceBoxing 1099616485376
I1222 14:09:03.100301 78823 naive_actor.cpp:25] actor 1099624873984 switch to &NaiveActor::HandlerNormal
I1222 14:09:03.100378 78818 naive_actor.cpp:25] actor 1099626971136 switch to &NaiveActor::HandlerNormal
I1222 14:09:03.100379 78821 naive_actor.cpp:25] actor 1099631165440 switch to &NaiveActor::HandlerNormal
I1222 14:09:03.100431 78829 runtime_context.cpp:29] DecreaseCounter constructing_actor_cnt, current val is 1760
I1222 14:09:03.102180 78775 naive_actor.cpp:25] actor 1099576639488 switch to &NaiveActor::HandlerNormal
I1222 14:09:03.100451 78822 naive_actor.cpp:25] actor 1099614388224 switch to &NaiveActor::HandlerNormal
I1222 14:09:03.100584 78826 naive_actor.cpp:25] actor 1099629068288 switch to &NaiveActor::HandlerNormal
I1222 14:09:03.100610 78803 naive_actor.cpp:25] actor 1099608096768 switch to &NaiveActor::HandlerNormal
I1222 14:09:03.100716 78820 naive_actor.cpp:25] actor 1099612291072 switch to &NaiveActor::HandlerNormal
I1222 14:09:03.100729 78833 naive_actor.cpp:25] actor 1099620679680 switch to &NaiveActor::HandlerNormal
I1222 14:09:03.100750 78799 naive_actor.cpp:25] actor 1099639554048 switch to &NaiveActor::HandlerNormal
I1222 14:09:03.103238 78799 thread.cpp:99] Thread 524349 construct Actor kSliceBoxing 1099639554048
I1222 14:09:03.100947 78783 naive_actor.cpp:25] actor 1099622776832 switch to &NaiveActor::HandlerNormal
I1222 14:09:03.101177 78804 naive_actor.cpp:25] actor 1099603902464 switch to &NaiveActor::HandlerNormal
I1222 14:09:03.101183 78819 naive_actor.cpp:25] actor 1099580833792 switch to &NaiveActor::HandlerNormal
I1222 14:09:03.101186 78794 naive_actor.cpp:25] actor 1099593416704 switch to &NaiveActor::HandlerNormal
I1222 14:09:03.103814 78771 naive_actor.cpp:25] actor 1099561959424 switch to &NaiveActor::HandlerNormal
I1222 14:09:03.101297 78824 thread.cpp:99] Thread 524325 construct Actor kSliceBoxing 1099589222400
I1222 14:09:03.101344 78828 thread.cpp:99] Thread 524331 construct Actor kSliceBoxing 1099601805312
I1222 14:09:03.101362 78785 naive_actor.cpp:25] actor 1099633262592 switch to &NaiveActor::HandlerNormal
I1222 14:09:03.101392 78825 thread.cpp:99] Thread 524329 construct Actor kSliceBoxing 1099597611008
I1222 14:09:03.101384 78784 naive_actor.cpp:25] actor 1099610193920 switch to &NaiveActor::HandlerNormal
I1222 14:09:03.101476 78812 sink_actor.cpp:21] actor 1099650039808 switch to &SinkActor::HandlerNormal
I1222 14:09:03.104665 78752 naive_actor.cpp:25] actor 1099520016384 switch to &NaiveActor::HandlerNormal
I1222 14:09:03.101578 78760 naive_actor.cpp:25] actor 1099530502144 switch to &NaiveActor::HandlerNormal
I1222 14:09:03.101626 78769 naive_actor.cpp:25] actor 1099564056576 switch to &NaiveActor::HandlerNormal
I1222 14:09:03.101634 78781 runtime_context.cpp:29] DecreaseCounter constructing_actor_cnt, current val is 1759
I1222 14:09:03.101665 78773 naive_actor.cpp:25] actor 1099570348032 switch to &NaiveActor::HandlerNormal
I1222 14:09:03.104959 78756 naive_actor.cpp:25] actor 1099526307840 switch to &NaiveActor::HandlerNormal
I1222 14:09:03.101718 78768 naive_actor.cpp:25] actor 1099551473664 switch to &NaiveActor::HandlerNormal
I1222 14:09:03.101759 78739 naive_actor.cpp:25] actor 1099515822080 switch to &NaiveActor::HandlerNormal
I1222 14:09:03.101768 78823 thread.cpp:99] Thread 524342 construct Actor kSliceBoxing 1099624873984
I1222 14:09:03.101768 78780 naive_actor.cpp:25] actor 1099618582528 switch to &NaiveActor::HandlerNormal
I1222 14:09:03.101872 78764 naive_actor.cpp:25] actor 1099557765120 switch to &NaiveActor::HandlerNormal
I1222 14:09:03.101874 78779 naive_actor.cpp:25] actor 1099645845511 switch to &NaiveActor::HandlerNormal
I1222 14:09:03.101879 78782 copy_comm_net_actor.cpp:66] actor 1099656331264 switch to &CopyCommNetActor::HandlerNormal
I1222 14:09:03.101949 78818 thread.cpp:99] Thread 524343 construct Actor kSliceBoxing 1099626971136
I1222 14:09:03.101975 78809 naive_actor.cpp:25] actor 1099605999616 switch to &NaiveActor::HandlerNormal
I1222 14:09:03.102095 78738 naive_actor.cpp:25] actor 1099534696448 switch to &NaiveActor::HandlerNormal
I1222 14:09:03.102116 78821 thread.cpp:99] Thread 524345 construct Actor kSliceBoxing 1099631165440
I1222 14:09:03.102187 78801 naive_actor.cpp:25] actor 1099654234112 switch to &NaiveActor::HandlerNormal
I1222 14:09:03.100433 78827 thread.cpp:99] Thread 524328 construct Actor kSliceBoxing 1099595513856
I1222 14:09:03.102224 78778 naive_actor.cpp:25] actor 1099572445184 switch to &NaiveActor::HandlerNormal
I1222 14:09:03.102284 78776 naive_actor.cpp:25] actor 1099574542336 switch to &NaiveActor::HandlerNormal
I1222 14:09:03.107070 78776 thread.cpp:99] Thread 524318 construct Actor kNormalForward 1099574542336
I1222 14:09:03.102396 78765 naive_actor.cpp:25] actor 1099549376512 switch to &NaiveActor::HandlerNormal
I1222 14:09:03.102447 78822 thread.cpp:99] Thread 524337 construct Actor kSliceBoxing 1099614388224
I1222 14:09:03.102540 78766 naive_actor.cpp:25] actor 1099553570816 switch to &NaiveActor::HandlerNormal
I1222 14:09:03.107350 78766 thread.cpp:99] Thread 524308 construct Actor kNormalForward 1099553570816
I1222 14:09:03.102656 78826 thread.cpp:99] Thread 524344 construct Actor kSliceBoxing 1099629068288
I1222 14:09:03.102813 78803 thread.cpp:99] Thread 524334 construct Actor kSliceBoxing 1099608096768
I1222 14:09:03.107507 78826 runtime_context.cpp:29] DecreaseCounter constructing_actor_cnt, current val is 1747
I1222 14:09:03.103123 78833 thread.cpp:99] Thread 524340 construct Actor kSliceBoxing 1099620679680
I1222 14:09:03.103159 78770 naive_actor.cpp:25] actor 1099568250880 switch to &NaiveActor::HandlerNormal
I1222 14:09:03.107695 78770 thread.cpp:99] Thread 524315 construct Actor kNormalForward 1099568250880
I1222 14:09:03.103332 78772 naive_actor.cpp:25] actor 1099566153728 switch to &NaiveActor::HandlerNormal
I1222 14:09:03.107800 78770 runtime_context.cpp:29] DecreaseCounter constructing_actor_cnt, current val is 1744
I1222 14:09:03.103484 78783 thread.cpp:99] Thread 524341 construct Actor kSliceBoxing 1099622776832
I1222 14:09:03.103482 78799 runtime_context.cpp:29] DecreaseCounter constructing_actor_cnt, current val is 1758
I1222 14:09:03.103502 78761 repeat_actor.cpp:69] actor 1099545182208 switch to &RepeatActor::HandlerNormal
I1222 14:09:03.103595 78804 thread.cpp:99] Thread 524332 construct Actor kSliceBoxing 1099603902464
I1222 14:09:03.103704 78819 thread.cpp:99] Thread 524321 construct Actor kDeviceTick 1099580833792
I1222 14:09:03.103765 78777 naive_actor.cpp:25] actor 1099578736640 switch to &NaiveActor::HandlerNormal
I1222 14:09:03.101219 78767 naive_actor.cpp:25] actor 1099547279360 switch to &NaiveActor::HandlerNormal
I1222 14:09:03.103828 78794 thread.cpp:99] Thread 524327 construct Actor kSliceBoxing 1099593416704
I1222 14:09:03.103945 78810 naive_actor.cpp:25] actor 1099652136960 switch to &NaiveActor::HandlerNormal
I1222 14:09:03.104003 78771 thread.cpp:99] Thread 524312 construct Actor kNormalForward 1099561959424
I1222 14:09:03.104135 78774 naive_actor.cpp:25] actor 1099559862272 switch to &NaiveActor::HandlerNormal
I1222 14:09:03.104156 78824 runtime_context.cpp:29] DecreaseCounter constructing_actor_cnt, current val is 1757
I1222 14:09:03.104197 78828 runtime_context.cpp:29] DecreaseCounter constructing_actor_cnt, current val is 1756
I1222 14:09:03.104238 78785 thread.cpp:99] Thread 524346 construct Actor kSliceBoxing 1099633262592
I1222 14:09:03.104346 78825 runtime_context.cpp:29] DecreaseCounter constructing_actor_cnt, current val is 1755
I1222 14:09:03.104419 78808 naive_actor.cpp:25] actor 2199027449858 switch to &NaiveActor::HandlerNormal
I1222 14:09:03.104434 78817 naive_actor.cpp:25] actor 2199029547010 switch to &NaiveActor::HandlerNormal
I1222 14:09:03.104521 78792 naive_actor.cpp:25] actor 2199025352756 switch to &NaiveActor::HandlerNormal
I1222 14:09:03.104509 78784 thread.cpp:99] Thread 524335 construct Actor kSliceBoxing 1099610193920
I1222 14:09:03.104629 78762 naive_actor.cpp:25] actor 1099543085056 switch to &NaiveActor::HandlerNormal
I1222 14:09:03.110014 78784 runtime_context.cpp:29] DecreaseCounter constructing_actor_cnt, current val is 1737
I1222 14:09:03.101567 78832 thread.cpp:99] Thread 524330 construct Actor kSliceBoxing 1099599708160
I1222 14:09:03.104668 78812 thread.cpp:99] Thread 524354 construct Actor kCallbackNotify 1099650039808
I1222 14:09:03.104717 78752 thread.cpp:99] Thread 524292 construct Actor kNormalForward 1099520016384
I1222 14:09:03.104779 78760 thread.cpp:99] Thread 524297 construct Actor kNormalForward 1099530502144
I1222 14:09:03.110384 78752 runtime_context.cpp:29] DecreaseCounter constructing_actor_cnt, current val is 1734
I1222 14:09:03.110438 78760 runtime_context.cpp:29] DecreaseCounter constructing_actor_cnt, current val is 1733
I1222 14:09:03.101681 78811 naive_actor.cpp:25] actor 1099643748352 switch to &NaiveActor::HandlerNormal
I1222 14:09:03.105000 78813 naive_actor.cpp:25] actor 1099585028096 switch to &NaiveActor::HandlerNormal
I1222 14:09:03.105020 78750 naive_actor.cpp:25] actor 1099513724928 switch to &NaiveActor::HandlerNormal
I1222 14:09:03.105083 78753 naive_actor.cpp:25] actor 1099532599296 switch to &NaiveActor::HandlerNormal
I1222 14:09:03.105140 78756 thread.cpp:99] Thread 524295 construct Actor kNormalForward 1099526307840
I1222 14:09:03.105223 78768 thread.cpp:99] Thread 524307 construct Actor kNormalForward 1099551473664
I1222 14:09:03.105235 78759 naive_actor.cpp:25] actor 1099528404992 switch to &NaiveActor::HandlerNormal
I1222 14:09:03.105309 78739 thread.cpp:99] Thread 524290 construct Actor kNormalForward 1099515822080
I1222 14:09:03.105388 78748 naive_actor.cpp:25] actor 1099538890752 switch to &NaiveActor::HandlerNormal
I1222 14:09:03.105430 78823 runtime_context.cpp:29] DecreaseCounter constructing_actor_cnt, current val is 1754
I1222 14:09:03.105474 78780 thread.cpp:99] Thread 524339 construct Actor kSliceBoxing 1099618582528
I1222 14:09:03.105599 78754 naive_actor.cpp:25] actor 1099540987904 switch to &NaiveActor::HandlerNormal
I1222 14:09:03.105602 78764 thread.cpp:99] Thread 524310 construct Actor kNormalForward 1099557765120
I1222 14:09:03.105623 78757 naive_actor.cpp:25] actor 1099524210688 switch to &NaiveActor::HandlerNormal
I1222 14:09:03.105721 78755 naive_actor.cpp:25] actor 1099536793600 switch to &NaiveActor::HandlerNormal
I1222 14:09:03.105793 78751 naive_actor.cpp:25] actor 1099522113536 switch to &NaiveActor::HandlerNormal
I1222 14:09:03.105801 78758 naive_actor.cpp:25] actor 1099517919232 switch to &NaiveActor::HandlerNormal
I1222 14:09:03.106233 78779 thread.cpp:99] Thread 524352 construct Actor kDstSubsetTick 1099645845511
I1222 14:09:03.106389 78782 thread.cpp:99] Thread 524357 construct Actor kCopyCommNet 1099656331264
I1222 14:09:03.106490 78818 runtime_context.cpp:29] DecreaseCounter constructing_actor_cnt, current val is 1753
I1222 14:09:03.106604 78809 thread.cpp:99] Thread 524333 construct Actor kSliceBoxing 1099605999616
I1222 14:09:03.106750 78738 thread.cpp:99] Thread 524299 construct Actor kNormalForward 1099534696448
I1222 14:09:03.106935 78801 thread.cpp:99] Thread 524356 construct Actor kCriticalSectionWaitTick 1099654234112
I1222 14:09:03.106933 78821 runtime_context.cpp:29] DecreaseCounter constructing_actor_cnt, current val is 1752
I1222 14:09:03.106999 78827 runtime_context.cpp:29] DecreaseCounter constructing_actor_cnt, current val is 1751
I1222 14:09:03.107028 78778 thread.cpp:99] Thread 524317 construct Actor kNormalForward 1099572445184
I1222 14:09:03.102339 78775 thread.cpp:99] Thread 524319 construct Actor kNormalForward 1099576639488
I1222 14:09:03.107152 78776 runtime_context.cpp:29] DecreaseCounter constructing_actor_cnt, current val is 1750
I1222 14:09:03.107214 78765 thread.cpp:99] Thread 524306 construct Actor kNormalForward 1099549376512
I1222 14:09:03.102586 78763 naive_actor.cpp:25] actor 1099555667968 switch to &NaiveActor::HandlerNormal
I1222 14:09:03.107383 78822 runtime_context.cpp:29] DecreaseCounter constructing_actor_cnt, current val is 1749
I1222 14:09:03.107410 78766 runtime_context.cpp:29] DecreaseCounter constructing_actor_cnt, current val is 1748
I1222 14:09:03.102983 78820 thread.cpp:99] Thread 524336 construct Actor kSliceBoxing 1099612291072
I1222 14:09:03.107550 78803 runtime_context.cpp:29] DecreaseCounter constructing_actor_cnt, current val is 1746
I1222 14:09:03.107663 78833 runtime_context.cpp:29] DecreaseCounter constructing_actor_cnt, current val is 1745
I1222 14:09:03.100919 78747 naive_actor.cpp:25] actor 2199023255556 switch to &NaiveActor::HandlerNormal
I1222 14:09:03.103488 78793 naive_actor.cpp:25] actor 1099587125248 switch to &NaiveActor::HandlerNormal
I1222 14:09:03.107808 78772 thread.cpp:99] Thread 524314 construct Actor kNormalForward 1099566153728
I1222 14:09:03.107944 78783 runtime_context.cpp:29] DecreaseCounter constructing_actor_cnt, current val is 1743
I1222 14:09:03.108182 78761 thread.cpp:99] Thread 524304 construct Actor kRepeat 1099545182208
I1222 14:09:03.108273 78804 runtime_context.cpp:29] DecreaseCounter constructing_actor_cnt, current val is 1742
I1222 14:09:03.108353 78819 runtime_context.cpp:29] DecreaseCounter constructing_actor_cnt, current val is 1741
I1222 14:09:03.108423 78777 thread.cpp:99] Thread 524320 construct Actor kNormalForward 1099578736640
I1222 14:09:03.108543 78767 thread.cpp:99] Thread 524305 construct Actor kNormalForward 1099547279360
I1222 14:09:03.108614 78794 runtime_context.cpp:29] DecreaseCounter constructing_actor_cnt, current val is 1740
I1222 14:09:03.108673 78810 thread.cpp:99] Thread 524355 construct Actor kCriticalSectionWaitTick 1099652136960
I1222 14:09:03.108815 78774 thread.cpp:99] Thread 524311 construct Actor kNormalForward 1099559862272
I1222 14:09:03.108880 78771 runtime_context.cpp:29] DecreaseCounter constructing_actor_cnt, current val is 1739
I1222 14:09:03.109007 78785 runtime_context.cpp:29] DecreaseCounter constructing_actor_cnt, current val is 1738
I1222 14:09:03.109051 78808 thread.cpp:99] Thread 1048578 construct Actor kCopyHd 2199027449858
I1222 14:09:03.109139 78817 thread.cpp:99] Thread 1048579 construct Actor kCopyHd 2199029547010
I1222 14:09:03.109823 78749 naive_actor.cpp:25] actor 1099511627776 switch to &NaiveActor::HandlerNormal
I1222 14:09:03.109836 78792 thread.cpp:99] Thread 1048577 construct Actor kCollectiveBoxingGeneric 2199025352756
I1222 14:09:03.110031 78762 thread.cpp:99] Thread 524303 construct Actor kDeviceTick 1099543085056
I1222 14:09:03.104616 78797 naive_actor.cpp:25] actor 1099635359744 switch to &NaiveActor::HandlerNormal
I1222 14:09:03.110245 78832 runtime_context.cpp:29] DecreaseCounter constructing_actor_cnt, current val is 1736
I1222 14:09:03.110380 78812 runtime_context.cpp:29] DecreaseCounter constructing_actor_cnt, current val is 1735
I1222 14:09:03.104878 78769 thread.cpp:99] Thread 524313 construct Actor kNormalForward 1099564056576
I1222 14:09:03.104995 78773 thread.cpp:99] Thread 524316 construct Actor kNormalForward 1099570348032
I1222 14:09:03.115180 78769 runtime_context.cpp:29] DecreaseCounter constructing_actor_cnt, current val is 1708
I1222 14:09:03.115229 78773 runtime_context.cpp:29] DecreaseCounter constructing_actor_cnt, current val is 1707
I1222 14:09:03.110921 78750 thread.cpp:99] Thread 524289 construct Actor kNormalForward 1099513724928
I1222 14:09:03.111001 78753 thread.cpp:99] Thread 524298 construct Actor kNormalForward 1099532599296
I1222 14:09:03.111186 78756 runtime_context.cpp:29] DecreaseCounter constructing_actor_cnt, current val is 1732
I1222 14:09:03.115517 78753 runtime_context.cpp:29] DecreaseCounter constructing_actor_cnt, current val is 1705
I1222 14:09:03.111306 78759 thread.cpp:99] Thread 524296 construct Actor kNormalForward 1099528404992
I1222 14:09:03.111411 78739 runtime_context.cpp:29] DecreaseCounter constructing_actor_cnt, current val is 1730
I1222 14:09:03.111477 78748 thread.cpp:99] Thread 524301 construct Actor kNormalForward 1099538890752
I1222 14:09:03.111708 78780 runtime_context.cpp:29] DecreaseCounter constructing_actor_cnt, current val is 1729
I1222 14:09:03.116461 78748 runtime_context.cpp:29] DecreaseCounter constructing_actor_cnt, current val is 1703
I1222 14:09:03.111881 78764 runtime_context.cpp:29] DecreaseCounter constructing_actor_cnt, current val is 1728
I1222 14:09:03.111999 78757 thread.cpp:99] Thread 524294 construct Actor kNormalForward 1099524210688
I1222 14:09:03.112138 78755 thread.cpp:99] Thread 524300 construct Actor kNormalForward 1099536793600
I1222 14:09:03.112248 78751 thread.cpp:99] Thread 524293 construct Actor kNormalForward 1099522113536
I1222 14:09:03.112327 78758 thread.cpp:99] Thread 524291 construct Actor kNormalForward 1099517919232
I1222 14:09:03.116950 78751 runtime_context.cpp:29] DecreaseCounter constructing_actor_cnt, current val is 1700
I1222 14:09:03.112491 78782 runtime_context.cpp:29] DecreaseCounter constructing_actor_cnt, current val is 1726
I1222 14:09:03.112671 78809 runtime_context.cpp:29] DecreaseCounter constructing_actor_cnt, current val is 1725
I1222 14:09:03.112761 78801 runtime_context.cpp:29] DecreaseCounter constructing_actor_cnt, current val is 1724
I1222 14:09:03.112805 78738 runtime_context.cpp:29] DecreaseCounter constructing_actor_cnt, current val is 1723
I1222 14:09:03.112937 78778 runtime_context.cpp:29] DecreaseCounter constructing_actor_cnt, current val is 1722
I1222 14:09:03.113066 78775 runtime_context.cpp:29] DecreaseCounter constructing_actor_cnt, current val is 1721
I1222 14:09:03.113242 78765 runtime_context.cpp:29] DecreaseCounter constructing_actor_cnt, current val is 1720
I1222 14:09:03.113314 78763 thread.cpp:99] Thread 524309 construct Actor kNormalForward 1099555667968
I1222 14:09:03.113554 78820 runtime_context.cpp:29] DecreaseCounter constructing_actor_cnt, current val is 1719
I1222 14:09:03.117713 78763 runtime_context.cpp:29] DecreaseCounter constructing_actor_cnt, current val is 1698
I1222 14:09:03.113755 78793 thread.cpp:99] Thread 524324 construct Actor kNormalForward 1099587125248
I1222 14:09:03.113829 78772 runtime_context.cpp:29] DecreaseCounter constructing_actor_cnt, current val is 1718
I1222 14:09:03.114007 78761 runtime_context.cpp:29] DecreaseCounter constructing_actor_cnt, current val is 1717
I1222 14:09:03.114192 78777 runtime_context.cpp:29] DecreaseCounter constructing_actor_cnt, current val is 1716
I1222 14:09:03.114291 78767 runtime_context.cpp:29] DecreaseCounter constructing_actor_cnt, current val is 1715
I1222 14:09:03.114387 78810 runtime_context.cpp:29] DecreaseCounter constructing_actor_cnt, current val is 1714
I1222 14:09:03.114418 78774 runtime_context.cpp:29] DecreaseCounter constructing_actor_cnt, current val is 1713
I1222 14:09:03.114545 78808 runtime_context.cpp:29] DecreaseCounter constructing_actor_cnt, current val is 1712
I1222 14:09:03.114595 78817 runtime_context.cpp:29] DecreaseCounter constructing_actor_cnt, current val is 1711
I1222 14:09:03.114681 78749 thread.cpp:99] Thread 524288 construct Actor kNormalForward 1099511627776
I1222 14:09:03.114729 78792 runtime_context.cpp:29] DecreaseCounter constructing_actor_cnt, current val is 1710
I1222 14:09:03.114805 78762 runtime_context.cpp:29] DecreaseCounter constructing_actor_cnt, current val is 1709
I1222 14:09:03.114933 78797 thread.cpp:99] Thread 524347 construct Actor kSliceBoxing 1099635359744
I1222 14:09:03.110646 78811 thread.cpp:99] Thread 524351 construct Actor kSliceBoxing 1099643748352
I1222 14:09:03.110781 78813 thread.cpp:99] Thread 524323 construct Actor kNormalForward 1099585028096
I1222 14:09:03.115451 78750 runtime_context.cpp:29] DecreaseCounter constructing_actor_cnt, current val is 1706
I1222 14:09:03.111202 78768 runtime_context.cpp:29] DecreaseCounter constructing_actor_cnt, current val is 1731
I1222 14:09:03.115782 78759 runtime_context.cpp:29] DecreaseCounter constructing_actor_cnt, current val is 1704
I1222 14:09:03.111822 78754 thread.cpp:99] Thread 524302 construct Actor kNormalForward 1099540987904
I1222 14:09:03.116770 78757 runtime_context.cpp:29] DecreaseCounter constructing_actor_cnt, current val is 1702
I1222 14:09:03.116891 78755 runtime_context.cpp:29] DecreaseCounter constructing_actor_cnt, current val is 1701
I1222 14:09:03.112408 78779 runtime_context.cpp:29] DecreaseCounter constructing_actor_cnt, current val is 1727
I1222 14:09:03.117020 78758 runtime_context.cpp:29] DecreaseCounter constructing_actor_cnt, current val is 1699
I1222 14:09:03.117448 78782 copy_comm_net_actor.cpp:66] actor 1099656331271 switch to &CopyCommNetActor::HandlerNormal
I1222 14:09:03.113727 78747 thread.cpp:99] Thread 1048576 construct Actor kNormalForward 2199023255556
I1222 14:09:03.117868 78793 runtime_context.cpp:29] DecreaseCounter constructing_actor_cnt, current val is 1697
I1222 14:09:03.118398 78808 naive_actor.cpp:25] actor 2199027449856 switch to &NaiveActor::HandlerNormal
I1222 14:09:03.118477 78817 naive_actor.cpp:25] actor 2199029547009 switch to &NaiveActor::HandlerNormal
I1222 14:09:03.120394 78747 runtime_context.cpp:29] DecreaseCounter constructing_actor_cnt, current val is 1691
I1222 14:09:03.118707 78792 naive_actor.cpp:25] actor 2199025352705 switch to &NaiveActor::HandlerNormal
I1222 14:09:03.120543 78792 thread.cpp:99] Thread 1048577 construct Actor kCollectiveBoxingGeneric 2199025352705
I1222 14:09:03.118863 78811 runtime_context.cpp:29] DecreaseCounter constructing_actor_cnt, current val is 1694
I1222 14:09:03.118984 78813 runtime_context.cpp:29] DecreaseCounter constructing_actor_cnt, current val is 1693
I1222 14:09:03.119453 78754 runtime_context.cpp:29] DecreaseCounter constructing_actor_cnt, current val is 1692
I1222 14:09:03.120193 78782 thread.cpp:99] Thread 524357 construct Actor kCopyCommNet 1099656331271
I1222 14:09:03.120357 78808 thread.cpp:99] Thread 1048578 construct Actor kCopyHd 2199027449856
I1222 14:09:03.120404 78817 thread.cpp:99] Thread 1048579 construct Actor kCopyHd 2199029547009
I1222 14:09:03.118546 78749 runtime_context.cpp:29] DecreaseCounter constructing_actor_cnt, current val is 1696
I1222 14:09:03.118710 78797 runtime_context.cpp:29] DecreaseCounter constructing_actor_cnt, current val is 1695
I1222 14:09:03.120600 78792 runtime_context.cpp:29] DecreaseCounter constructing_actor_cnt, current val is 1690
I1222 14:09:03.120723 78779 naive_actor.cpp:25] actor 1099645845508 switch to &NaiveActor::HandlerNormal
I1222 14:09:03.121026 78782 runtime_context.cpp:29] DecreaseCounter constructing_actor_cnt, current val is 1689
I1222 14:09:03.121042 78808 runtime_context.cpp:29] DecreaseCounter constructing_actor_cnt, current val is 1688
I1222 14:09:03.121088 78817 runtime_context.cpp:29] DecreaseCounter constructing_actor_cnt, current val is 1687
I1222 14:09:03.121102 78747 naive_actor.cpp:25] actor 2199023255555 switch to &NaiveActor::HandlerNormal
I1222 14:09:03.121424 78779 thread.cpp:99] Thread 524352 construct Actor kTick 1099645845508
I1222 14:09:03.121769 78817 naive_actor.cpp:25] actor 2199029547018 switch to &NaiveActor::HandlerNormal
I1222 14:09:03.121840 78817 thread.cpp:99] Thread 1048579 construct Actor kCopyHd 2199029547018
I1222 14:09:03.121686 78747 thread.cpp:99] Thread 1048576 construct Actor kNormalForward 2199023255555
I1222 14:09:03.121742 78782 copy_comm_net_actor.cpp:66] actor 1099656331266 switch to &CopyCommNetActor::HandlerNormal
I1222 14:09:03.122020 78747 runtime_context.cpp:29] DecreaseCounter constructing_actor_cnt, current val is 1684
I1222 14:09:03.121506 78749 naive_actor.cpp:25] actor 1099511627777 switch to &NaiveActor::HandlerNormal
I1222 14:09:03.121871 78779 runtime_context.cpp:29] DecreaseCounter constructing_actor_cnt, current val is 1686
I1222 14:09:03.121889 78817 runtime_context.cpp:29] DecreaseCounter constructing_actor_cnt, current val is 1685
I1222 14:09:03.121440 78792 naive_actor.cpp:25] actor 2199025352772 switch to &NaiveActor::HandlerNormal
I1222 14:09:03.122360 78792 thread.cpp:99] Thread 1048577 construct Actor kCollectiveBoxingGeneric 2199025352772
I1222 14:09:03.122435 78817 naive_actor.cpp:25] actor 2199029547008 switch to &NaiveActor::HandlerNormal
I1222 14:09:03.122876 78817 thread.cpp:99] Thread 1048579 construct Actor kCopyHd 2199029547008
I1222 14:09:03.122189 78749 thread.cpp:99] Thread 524288 construct Actor kSliceBoxing 1099511627777
I1222 14:09:03.122465 78792 runtime_context.cpp:29] DecreaseCounter constructing_actor_cnt, current val is 1683
I1222 14:09:03.123044 78749 runtime_context.cpp:29] DecreaseCounter constructing_actor_cnt, current val is 1681
I1222 14:09:03.122936 78817 runtime_context.cpp:29] DecreaseCounter constructing_actor_cnt, current val is 1682
I1222 14:09:03.122967 78779 naive_actor.cpp:25] actor 1099645845504 switch to &NaiveActor::HandlerNormal
I1222 14:09:03.122037 78782 thread.cpp:99] Thread 524357 construct Actor kCopyCommNet 1099656331266
I1222 14:09:03.123173 78792 naive_actor.cpp:25] actor 2199025352722 switch to &NaiveActor::HandlerNormal
I1222 14:09:03.123361 78782 runtime_context.cpp:29] DecreaseCounter constructing_actor_cnt, current val is 1680
I1222 14:09:03.123409 78747 naive_actor.cpp:25] actor 2199023255554 switch to &NaiveActor::HandlerNormal
I1222 14:09:03.123262 78817 naive_actor.cpp:25] actor 2199029547017 switch to &NaiveActor::HandlerNormal
I1222 14:09:03.123371 78792 thread.cpp:99] Thread 1048577 construct Actor kCollectiveBoxingGeneric 2199025352722
I1222 14:09:03.123265 78779 thread.cpp:99] Thread 524352 construct Actor kSrcSubsetTick 1099645845504
I1222 14:09:03.123553 78747 thread.cpp:99] Thread 1048576 construct Actor kNormalForward 2199023255554
I1222 14:09:03.123586 78817 thread.cpp:99] Thread 1048579 construct Actor kCopyHd 2199029547017
I1222 14:09:03.123631 78792 runtime_context.cpp:29] DecreaseCounter constructing_actor_cnt, current val is 1679
I1222 14:09:03.123651 78782 copy_comm_net_actor.cpp:66] actor 1099656331265 switch to &CopyCommNetActor::HandlerNormal
I1222 14:09:03.123757 78779 runtime_context.cpp:29] DecreaseCounter constructing_actor_cnt, current val is 1678
I1222 14:09:03.123812 78817 runtime_context.cpp:29] DecreaseCounter constructing_actor_cnt, current val is 1677
I1222 14:09:03.123844 78747 runtime_context.cpp:29] DecreaseCounter constructing_actor_cnt, current val is 1676
I1222 14:09:03.123917 78782 thread.cpp:99] Thread 524357 construct Actor kCopyCommNet 1099656331265
I1222 14:09:03.123939 78792 naive_actor.cpp:25] actor 2199025352715 switch to &NaiveActor::HandlerNormal
I1222 14:09:03.124218 78782 runtime_context.cpp:29] DecreaseCounter constructing_actor_cnt, current val is 1675
I1222 14:09:03.124126 78817 naive_actor.cpp:25] actor 2199029547015 switch to &NaiveActor::HandlerNormal
I1222 14:09:03.124233 78792 thread.cpp:99] Thread 1048577 construct Actor kCollectiveBoxingGeneric 2199025352715
I1222 14:09:03.124351 78817 thread.cpp:99] Thread 1048579 construct Actor kCopyHd 2199029547015
I1222 14:09:03.124406 78792 runtime_context.cpp:29] DecreaseCounter constructing_actor_cnt, current val is 1674
I1222 14:09:03.124439 78817 runtime_context.cpp:29] DecreaseCounter constructing_actor_cnt, current val is 1673
I1222 14:09:03.124532 78782 copy_comm_net_actor.cpp:66] actor 1099656331269 switch to &CopyCommNetActor::HandlerNormal
I1222 14:09:03.124562 78792 naive_actor.cpp:25] actor 2199025352708 switch to &NaiveActor::HandlerNormal
I1222 14:09:03.124579 78817 naive_actor.cpp:25] actor 2199029547016 switch to &NaiveActor::HandlerNormal
I1222 14:09:03.124719 78817 thread.cpp:99] Thread 1048579 construct Actor kCopyHd 2199029547016
I1222 14:09:03.124676 78792 thread.cpp:99] Thread 1048577 construct Actor kCollectiveBoxingGeneric 2199025352708
I1222 14:09:03.124629 78782 thread.cpp:99] Thread 524357 construct Actor kCopyCommNet 1099656331269
I1222 14:09:03.124776 78817 runtime_context.cpp:29] DecreaseCounter constructing_actor_cnt, current val is 1672
I1222 14:09:03.124898 78782 runtime_context.cpp:29] DecreaseCounter constructing_actor_cnt, current val is 1670
I1222 14:09:03.124807 78792 runtime_context.cpp:29] DecreaseCounter constructing_actor_cnt, current val is 1671
I1222 14:09:03.124989 78779 naive_actor.cpp:25] actor 1099645845506 switch to &NaiveActor::HandlerNormal
I1222 14:09:03.125171 78782 copy_comm_net_actor.cpp:66] actor 1099656331270 switch to &CopyCommNetActor::HandlerNormal
I1222 14:09:03.125116 78792 naive_actor.cpp:25] actor 2199025352724 switch to &NaiveActor::HandlerNormal
I1222 14:09:03.125016 78817 naive_actor.cpp:25] actor 2199029547012 switch to &NaiveActor::HandlerNormal
I1222 14:09:03.125957 78817 thread.cpp:99] Thread 1048579 construct Actor kCopyHd 2199029547012
I1222 14:09:03.125401 78747 naive_actor.cpp:25] actor 2199023255552 switch to &NaiveActor::HandlerNormal
I1222 14:09:03.125877 78782 thread.cpp:99] Thread 524357 construct Actor kCopyCommNet 1099656331270
I1222 14:09:03.125918 78792 thread.cpp:99] Thread 1048577 construct Actor kCollectiveBoxingGeneric 2199025352724
I1222 14:09:03.125207 78779 thread.cpp:99] Thread 524352 construct Actor kDstSubsetTick 1099645845506
I1222 14:09:03.126003 78817 runtime_context.cpp:29] DecreaseCounter constructing_actor_cnt, current val is 1669
I1222 14:09:03.126087 78747 thread.cpp:99] Thread 1048576 construct Actor kNormalForward 2199023255552
I1222 14:09:03.126184 78782 runtime_context.cpp:29] DecreaseCounter constructing_actor_cnt, current val is 1668
I1222 14:09:03.126201 78792 runtime_context.cpp:29] DecreaseCounter constructing_actor_cnt, current val is 1667
I1222 14:09:03.126374 78779 runtime_context.cpp:29] DecreaseCounter constructing_actor_cnt, current val is 1666
I1222 14:09:03.126417 78817 naive_actor.cpp:25] actor 2199029547011 switch to &NaiveActor::HandlerNormal
I1222 14:09:03.126436 78747 runtime_context.cpp:29] DecreaseCounter constructing_actor_cnt, current val is 1665
I1222 14:09:03.126582 78792 naive_actor.cpp:25] actor 2199025352712 switch to &NaiveActor::HandlerNormal
I1222 14:09:03.126600 78817 thread.cpp:99] Thread 1048579 construct Actor kCopyHd 2199029547011
I1222 14:09:03.126637 78782 copy_comm_net_actor.cpp:66] actor 1099656331272 switch to &CopyCommNetActor::HandlerNormal
I1222 14:09:03.126718 78792 thread.cpp:99] Thread 1048577 construct Actor kCollectiveBoxingGeneric 2199025352712
I1222 14:09:03.126775 78817 runtime_context.cpp:29] DecreaseCounter constructing_actor_cnt, current val is 1664
I1222 14:09:03.126863 78782 thread.cpp:99] Thread 524357 construct Actor kCopyCommNet 1099656331272
I1222 14:09:03.126927 78792 runtime_context.cpp:29] DecreaseCounter constructing_actor_cnt, current val is 1663
I1222 14:09:03.127050 78817 naive_actor.cpp:25] actor 2199029547019 switch to &NaiveActor::HandlerNormal
I1222 14:09:03.127100 78817 thread.cpp:99] Thread 1048579 construct Actor kCopyHd 2199029547019
I1222 14:09:03.127054 78782 runtime_context.cpp:29] DecreaseCounter constructing_actor_cnt, current val is 1662
I1222 14:09:03.127156 78817 runtime_context.cpp:29] DecreaseCounter constructing_actor_cnt, current val is 1661
I1222 14:09:03.127166 78792 naive_actor.cpp:25] actor 2199025352719 switch to &NaiveActor::HandlerNormal
I1222 14:09:03.127296 78792 thread.cpp:99] Thread 1048577 construct Actor kCollectiveBoxingGeneric 2199025352719
I1222 14:09:03.127305 78779 naive_actor.cpp:25] actor 1099645845512 switch to &NaiveActor::HandlerNormal
I1222 14:09:03.127349 78792 runtime_context.cpp:29] DecreaseCounter constructing_actor_cnt, current val is 1660
I1222 14:09:03.127447 78782 copy_comm_net_actor.cpp:66] actor 1099656331267 switch to &CopyCommNetActor::HandlerNormal
I1222 14:09:03.127424 78779 thread.cpp:99] Thread 524352 construct Actor kSrcSubsetTick 1099645845512
I1222 14:09:03.127375 78817 naive_actor.cpp:25] actor 2199029547020 switch to &NaiveActor::HandlerNormal
I1222 14:09:03.127665 78817 thread.cpp:99] Thread 1048579 construct Actor kCopyHd 2199029547020
I1222 14:09:03.127580 78792 naive_actor.cpp:25] actor 2199025352743 switch to &NaiveActor::HandlerNormal
I1222 14:09:03.127737 78792 thread.cpp:99] Thread 1048577 construct Actor kCollectiveBoxingGeneric 2199025352743
I1222 14:09:03.127712 78817 runtime_context.cpp:29] DecreaseCounter constructing_actor_cnt, current val is 1658
I1222 14:09:03.127708 78779 runtime_context.cpp:29] DecreaseCounter constructing_actor_cnt, current val is 1659
I1222 14:09:03.127555 78782 thread.cpp:99] Thread 524357 construct Actor kCopyCommNet 1099656331267
I1222 14:09:03.127789 78792 runtime_context.cpp:29] DecreaseCounter constructing_actor_cnt, current val is 1657
I1222 14:09:03.127905 78817 naive_actor.cpp:25] actor 2199029547013 switch to &NaiveActor::HandlerNormal
I1222 14:09:03.128247 78747 naive_actor.cpp:25] actor 2199023255564 switch to &NaiveActor::HandlerNormal
I1222 14:09:03.128506 78782 runtime_context.cpp:29] DecreaseCounter constructing_actor_cnt, current val is 1656
I1222 14:09:03.128556 78817 thread.cpp:99] Thread 1048579 construct Actor kCopyHd 2199029547013
I1222 14:09:03.128620 78792 naive_actor.cpp:25] actor 2199025352713 switch to &NaiveActor::HandlerNormal
I1222 14:09:03.128825 78792 thread.cpp:99] Thread 1048577 construct Actor kCollectiveBoxingGeneric 2199025352713
I1222 14:09:03.128669 78747 thread.cpp:99] Thread 1048576 construct Actor kNormalForward 2199023255564
I1222 14:09:03.128795 78817 runtime_context.cpp:29] DecreaseCounter constructing_actor_cnt, current val is 1655
I1222 14:09:03.128618 78779 naive_actor.cpp:25] actor 1099645845513 switch to &NaiveActor::HandlerNormal
I1222 14:09:03.128872 78792 runtime_context.cpp:29] DecreaseCounter constructing_actor_cnt, current val is 1654
I1222 14:09:03.128991 78782 copy_comm_net_actor.cpp:66] actor 1099656331268 switch to &CopyCommNetActor::HandlerNormal
I1222 14:09:03.129009 78747 runtime_context.cpp:29] DecreaseCounter constructing_actor_cnt, current val is 1653
I1222 14:09:03.129067 78779 thread.cpp:99] Thread 524352 construct Actor kDstSubsetTick 1099645845513
I1222 14:09:03.129185 78782 thread.cpp:99] Thread 524357 construct Actor kCopyCommNet 1099656331268
I1222 14:09:03.129204 78792 naive_actor.cpp:25] actor 2199025352759 switch to &NaiveActor::HandlerNormal
I1222 14:09:03.129424 78782 runtime_context.cpp:29] DecreaseCounter constructing_actor_cnt, current val is 1651
I1222 14:09:03.129434 78792 thread.cpp:99] Thread 1048577 construct Actor kCollectiveBoxingGeneric 2199025352759
I1222 14:09:03.129401 78779 runtime_context.cpp:29] DecreaseCounter constructing_actor_cnt, current val is 1652
I1222 14:09:03.129552 78792 runtime_context.cpp:29] DecreaseCounter constructing_actor_cnt, current val is 1650
I1222 14:09:03.129748 78792 naive_actor.cpp:25] actor 2199025352775 switch to &NaiveActor::HandlerNormal
I1222 14:09:03.129808 78792 thread.cpp:99] Thread 1048577 construct Actor kCollectiveBoxingGeneric 2199025352775
I1222 14:09:03.129858 78792 runtime_context.cpp:29] DecreaseCounter constructing_actor_cnt, current val is 1649
I1222 14:09:03.129987 78792 naive_actor.cpp:25] actor 2199025352799 switch to &NaiveActor::HandlerNormal
I1222 14:09:03.130034 78792 thread.cpp:99] Thread 1048577 construct Actor kCollectiveBoxingGeneric 2199025352799
I1222 14:09:03.130080 78792 runtime_context.cpp:29] DecreaseCounter constructing_actor_cnt, current val is 1648
I1222 14:09:03.130120 78779 naive_actor.cpp:25] actor 1099645845507 switch to &NaiveActor::HandlerNormal
I1222 14:09:03.130216 78792 naive_actor.cpp:25] actor 2199025352787 switch to &NaiveActor::HandlerNormal
I1222 14:09:03.130259 78792 thread.cpp:99] Thread 1048577 construct Actor kCollectiveBoxingGeneric 2199025352787
I1222 14:09:03.130225 78779 thread.cpp:99] Thread 524352 construct Actor kTick 1099645845507
I1222 14:09:03.130307 78792 runtime_context.cpp:29] DecreaseCounter constructing_actor_cnt, current val is 1647
I1222 14:09:03.130437 78779 runtime_context.cpp:29] DecreaseCounter constructing_actor_cnt, current val is 1646
I1222 14:09:03.130510 78792 naive_actor.cpp:25] actor 2199025352730 switch to &NaiveActor::HandlerNormal
I1222 14:09:03.130549 78792 thread.cpp:99] Thread 1048577 construct Actor kCollectiveBoxingGeneric 2199025352730
I1222 14:09:03.130604 78792 runtime_context.cpp:29] DecreaseCounter constructing_actor_cnt, current val is 1645
I1222 14:09:03.130724 78792 naive_actor.cpp:25] actor 2199025352761 switch to &NaiveActor::HandlerNormal
I1222 14:09:03.130748 78747 naive_actor.cpp:25] actor 2199023255574 switch to &NaiveActor::HandlerNormal
I1222 14:09:03.130816 78792 thread.cpp:99] Thread 1048577 construct Actor kCollectiveBoxingGeneric 2199025352761
I1222 14:09:03.131003 78779 naive_actor.cpp:25] actor 1099645845505 switch to &NaiveActor::HandlerNormal
I1222 14:09:03.131290 78747 thread.cpp:99] Thread 1048576 construct Actor kNormalForward 2199023255574
I1222 14:09:03.131335 78792 runtime_context.cpp:29] DecreaseCounter constructing_actor_cnt, current val is 1644
I1222 14:09:03.131412 78779 thread.cpp:99] Thread 524352 construct Actor kTick 1099645845505
I1222 14:09:03.131557 78747 runtime_context.cpp:29] DecreaseCounter constructing_actor_cnt, current val is 1643
I1222 14:09:03.131644 78779 runtime_context.cpp:29] DecreaseCounter constructing_actor_cnt, current val is 1642
I1222 14:09:03.131644 78792 naive_actor.cpp:25] actor 2199025352744 switch to &NaiveActor::HandlerNormal
I1222 14:09:03.131774 78792 thread.cpp:99] Thread 1048577 construct Actor kCollectiveBoxingGeneric 2199025352744
I1222 14:09:03.131831 78792 runtime_context.cpp:29] DecreaseCounter constructing_actor_cnt, current val is 1641
I1222 14:09:03.131971 78792 naive_actor.cpp:25] actor 2199025352727 switch to &NaiveActor::HandlerNormal
I1222 14:09:03.132014 78792 thread.cpp:99] Thread 1048577 construct Actor kCollectiveBoxingGeneric 2199025352727
I1222 14:09:03.132058 78792 runtime_context.cpp:29] DecreaseCounter constructing_actor_cnt, current val is 1640
I1222 14:09:03.132170 78747 naive_actor.cpp:25] actor 2199023255559 switch to &NaiveActor::HandlerNormal
I1222 14:09:03.132182 78792 naive_actor.cpp:25] actor 2199025352732 switch to &NaiveActor::HandlerNormal
I1222 14:09:03.132200 78779 naive_actor.cpp:25] actor 1099645845509 switch to &NaiveActor::HandlerNormal
I1222 14:09:03.132289 78747 thread.cpp:99] Thread 1048576 construct Actor kNormalForward 2199023255559
I1222 14:09:03.132323 78792 thread.cpp:99] Thread 1048577 construct Actor kCollectiveBoxingGeneric 2199025352732
I1222 14:09:03.132419 78779 thread.cpp:99] Thread 524352 construct Actor kTick 1099645845509
I1222 14:09:03.132532 78792 runtime_context.cpp:29] DecreaseCounter constructing_actor_cnt, current val is 1639
I1222 14:09:03.132550 78747 runtime_context.cpp:29] DecreaseCounter constructing_actor_cnt, current val is 1638
I1222 14:09:03.132639 78779 runtime_context.cpp:29] DecreaseCounter constructing_actor_cnt, current val is 1637
I1222 14:09:03.132714 78792 naive_actor.cpp:25] actor 2199025352755 switch to &NaiveActor::HandlerNormal
I1222 14:09:03.132810 78792 thread.cpp:99] Thread 1048577 construct Actor kCollectiveBoxingGeneric 2199025352755
I1222 14:09:03.132869 78792 runtime_context.cpp:29] DecreaseCounter constructing_actor_cnt, current val is 1636
I1222 14:09:03.133004 78792 naive_actor.cpp:25] actor 2199025352777 switch to &NaiveActor::HandlerNormal
I1222 14:09:03.133050 78792 thread.cpp:99] Thread 1048577 construct Actor kCollectiveBoxingGeneric 2199025352777
I1222 14:09:03.133096 78792 runtime_context.cpp:29] DecreaseCounter constructing_actor_cnt, current val is 1635
