I1222 14:46:27.974025 85286 naive_actor.cpp:25] actor 1099645845505 switch to &NaiveActor::HandlerNormal
I1222 14:46:27.974439 85291 naive_actor.cpp:25] actor 2199025352726 switch to &NaiveActor::HandlerNormal
I1222 14:46:27.974525 85314 copy_comm_net_actor.cpp:66] actor 1099656331266 switch to &CopyCommNetActor::HandlerNormal
I1222 14:46:27.974193 85309 thread.cpp:99] Thread 1048579 construct Actor kCopyHd 2199029547020
I1222 14:46:27.974478 85286 thread.cpp:99] Thread 524352 construct Actor kTick 1099645845505
I1222 14:46:27.974444 85252 runtime_context.cpp:29] DecreaseCounter constructing_actor_cnt, current val is 3231
I1222 14:46:27.974757 85286 runtime_context.cpp:29] DecreaseCounter constructing_actor_cnt, current val is 3229
I1222 14:46:27.974596 85314 thread.cpp:99] Thread 524357 construct Actor kCopyCommNet 1099656331266
I1222 14:46:27.974692 85309 runtime_context.cpp:29] DecreaseCounter constructing_actor_cnt, current val is 3230
I1222 14:46:27.974553 85291 thread.cpp:99] Thread 1048577 construct Actor kCollectiveBoxingGeneric 2199025352726
I1222 14:46:27.974923 85314 runtime_context.cpp:29] DecreaseCounter constructing_actor_cnt, current val is 3228
I1222 14:46:27.975075 85291 runtime_context.cpp:29] DecreaseCounter constructing_actor_cnt, current val is 3227
I1222 14:46:27.975224 85309 naive_actor.cpp:25] actor 2199029547011 switch to &NaiveActor::HandlerNormal
I1222 14:46:27.975301 85314 copy_comm_net_actor.cpp:66] actor 1099656331271 switch to &CopyCommNetActor::HandlerNormal
I1222 14:46:27.975298 85286 naive_actor.cpp:25] actor 1099645845511 switch to &NaiveActor::HandlerNormal
I1222 14:46:27.975339 85309 thread.cpp:99] Thread 1048579 construct Actor kCopyHd 2199029547011
I1222 14:46:27.975391 85314 thread.cpp:99] Thread 524357 construct Actor kCopyCommNet 1099656331271
I1222 14:46:27.975430 85291 naive_actor.cpp:25] actor 2199025352805 switch to &NaiveActor::HandlerNormal
I1222 14:46:27.975476 85286 thread.cpp:99] Thread 524352 construct Actor kDstSubsetTick 1099645845511
I1222 14:46:27.975566 85309 runtime_context.cpp:29] DecreaseCounter constructing_actor_cnt, current val is 3226
I1222 14:46:27.975621 85314 runtime_context.cpp:29] DecreaseCounter constructing_actor_cnt, current val is 3225
I1222 14:46:27.975677 85291 thread.cpp:99] Thread 1048577 construct Actor kCollectiveBoxingGeneric 2199025352805
I1222 14:46:27.975756 85252 naive_actor.cpp:25] actor 2199023255558 switch to &NaiveActor::HandlerNormal
I1222 14:46:27.976007 85309 naive_actor.cpp:25] actor 2199029547010 switch to &NaiveActor::HandlerNormal
I1222 14:46:27.975980 85291 runtime_context.cpp:29] DecreaseCounter constructing_actor_cnt, current val is 3223
I1222 14:46:27.975770 85286 runtime_context.cpp:29] DecreaseCounter constructing_actor_cnt, current val is 3224
I1222 14:46:27.976019 85252 thread.cpp:99] Thread 1048576 construct Actor kNormalForward 2199023255558
I1222 14:46:27.976033 85314 copy_comm_net_actor.cpp:66] actor 1099656331269 switch to &CopyCommNetActor::HandlerNormal
I1222 14:46:27.976102 85309 thread.cpp:99] Thread 1048579 construct Actor kCopyHd 2199029547010
I1222 14:46:27.976303 85252 runtime_context.cpp:29] DecreaseCounter constructing_actor_cnt, current val is 3222
I1222 14:46:27.976322 85314 thread.cpp:99] Thread 524357 construct Actor kCopyCommNet 1099656331269
I1222 14:46:27.976400 85291 naive_actor.cpp:25] actor 2199025352711 switch to &NaiveActor::HandlerNormal
I1222 14:46:27.976424 85309 runtime_context.cpp:29] DecreaseCounter constructing_actor_cnt, current val is 3221
I1222 14:46:27.976543 85314 runtime_context.cpp:29] DecreaseCounter constructing_actor_cnt, current val is 3220
I1222 14:46:27.976595 85291 thread.cpp:99] Thread 1048577 construct Actor kCollectiveBoxingGeneric 2199025352711
I1222 14:46:27.976994 85309 naive_actor.cpp:25] actor 2199029547008 switch to &NaiveActor::HandlerNormal
I1222 14:46:27.977010 85286 naive_actor.cpp:25] actor 1099645845506 switch to &NaiveActor::HandlerNormal
I1222 14:46:27.977295 85291 runtime_context.cpp:29] DecreaseCounter constructing_actor_cnt, current val is 3219
I1222 14:46:27.977331 85309 thread.cpp:99] Thread 1048579 construct Actor kCopyHd 2199029547008
I1222 14:46:27.977349 85314 copy_comm_net_actor.cpp:66] actor 1099656331267 switch to &CopyCommNetActor::HandlerNormal
I1222 14:46:27.977409 85286 thread.cpp:99] Thread 524352 construct Actor kDstSubsetTick 1099645845506
I1222 14:46:27.977490 85252 naive_actor.cpp:25] actor 2199023255562 switch to &NaiveActor::HandlerNormal
I1222 14:46:27.977555 85309 runtime_context.cpp:29] DecreaseCounter constructing_actor_cnt, current val is 3218
I1222 14:46:27.977584 85314 thread.cpp:99] Thread 524357 construct Actor kCopyCommNet 1099656331267
I1222 14:46:27.977706 85291 naive_actor.cpp:25] actor 2199025352733 switch to &NaiveActor::HandlerNormal
I1222 14:46:27.977715 85252 thread.cpp:99] Thread 1048576 construct Actor kNormalForward 2199023255562
I1222 14:46:27.977707 85286 runtime_context.cpp:29] DecreaseCounter constructing_actor_cnt, current val is 3217
I1222 14:46:27.978029 85252 runtime_context.cpp:29] DecreaseCounter constructing_actor_cnt, current val is 3215
I1222 14:46:27.977914 85291 thread.cpp:99] Thread 1048577 construct Actor kCollectiveBoxingGeneric 2199025352733
I1222 14:46:27.977852 85314 runtime_context.cpp:29] DecreaseCounter constructing_actor_cnt, current val is 3216
I1222 14:46:27.978035 85309 naive_actor.cpp:25] actor 2199029547009 switch to &NaiveActor::HandlerNormal
I1222 14:46:27.978195 85291 runtime_context.cpp:29] DecreaseCounter constructing_actor_cnt, current val is 3214
I1222 14:46:27.978323 85309 thread.cpp:99] Thread 1048579 construct Actor kCopyHd 2199029547009
I1222 14:46:27.978389 85314 copy_comm_net_actor.cpp:66] actor 1099656331265 switch to &CopyCommNetActor::HandlerNormal
I1222 14:46:27.978513 85314 thread.cpp:99] Thread 524357 construct Actor kCopyCommNet 1099656331265
I1222 14:46:27.978575 85286 naive_actor.cpp:25] actor 1099645845510 switch to &NaiveActor::HandlerNormal
I1222 14:46:27.978617 85291 naive_actor.cpp:25] actor 2199025352763 switch to &NaiveActor::HandlerNormal
I1222 14:46:27.978669 85286 thread.cpp:99] Thread 524352 construct Actor kSrcSubsetTick 1099645845510
I1222 14:46:27.978744 85291 thread.cpp:99] Thread 1048577 construct Actor kCollectiveBoxingGeneric 2199025352763
I1222 14:46:27.979007 85314 runtime_context.cpp:29] DecreaseCounter constructing_actor_cnt, current val is 3213
I1222 14:46:27.979034 85309 runtime_context.cpp:29] DecreaseCounter constructing_actor_cnt, current val is 3212
I1222 14:46:27.979044 85291 runtime_context.cpp:29] DecreaseCounter constructing_actor_cnt, current val is 3211
I1222 14:46:27.979071 85286 runtime_context.cpp:29] DecreaseCounter constructing_actor_cnt, current val is 3210
I1222 14:46:27.979246 85314 copy_comm_net_actor.cpp:66] actor 1099656331270 switch to &CopyCommNetActor::HandlerNormal
I1222 14:46:27.979357 85314 thread.cpp:99] Thread 524357 construct Actor kCopyCommNet 1099656331270
I1222 14:46:27.979357 85309 naive_actor.cpp:25] actor 2199029547018 switch to &NaiveActor::HandlerNormal
I1222 14:46:27.979475 85291 naive_actor.cpp:25] actor 2199025352870 switch to &NaiveActor::HandlerNormal
I1222 14:46:27.979488 85314 runtime_context.cpp:29] DecreaseCounter constructing_actor_cnt, current val is 3209
I1222 14:46:27.979524 85309 thread.cpp:99] Thread 1048579 construct Actor kCopyHd 2199029547018
I1222 14:46:27.979599 85291 thread.cpp:99] Thread 1048577 construct Actor kCollectiveBoxingGeneric 2199025352870
I1222 14:46:27.979773 85309 runtime_context.cpp:29] DecreaseCounter constructing_actor_cnt, current val is 3208
I1222 14:46:27.979846 85314 copy_comm_net_actor.cpp:66] actor 1099656331268 switch to &CopyCommNetActor::HandlerNormal
I1222 14:46:27.979852 85291 runtime_context.cpp:29] DecreaseCounter constructing_actor_cnt, current val is 3207
I1222 14:46:27.979856 85286 naive_actor.cpp:25] actor 1099645845513 switch to &NaiveActor::HandlerNormal
I1222 14:46:27.980170 85309 naive_actor.cpp:25] actor 2199029547013 switch to &NaiveActor::HandlerNormal
I1222 14:46:27.980506 85314 thread.cpp:99] Thread 524357 construct Actor kCopyCommNet 1099656331268
I1222 14:46:27.980651 85252 naive_actor.cpp:25] actor 2199023255556 switch to &NaiveActor::HandlerNormal
I1222 14:46:27.980659 85286 thread.cpp:99] Thread 524352 construct Actor kDstSubsetTick 1099645845513
I1222 14:46:27.980742 85309 thread.cpp:99] Thread 1048579 construct Actor kCopyHd 2199029547013
I1222 14:46:27.980967 85286 runtime_context.cpp:29] DecreaseCounter constructing_actor_cnt, current val is 3205
I1222 14:46:27.980827 85291 naive_actor.cpp:25] actor 2199025352737 switch to &NaiveActor::HandlerNormal
I1222 14:46:27.980875 85252 thread.cpp:99] Thread 1048576 construct Actor kNormalForward 2199023255556
I1222 14:46:27.980832 85314 runtime_context.cpp:29] DecreaseCounter constructing_actor_cnt, current val is 3206
I1222 14:46:27.981006 85309 runtime_context.cpp:29] DecreaseCounter constructing_actor_cnt, current val is 3204
I1222 14:46:27.981106 85291 thread.cpp:99] Thread 1048577 construct Actor kCollectiveBoxingGeneric 2199025352737
I1222 14:46:27.981205 85252 runtime_context.cpp:29] DecreaseCounter constructing_actor_cnt, current val is 3203
I1222 14:46:27.981357 85291 runtime_context.cpp:29] DecreaseCounter constructing_actor_cnt, current val is 3202
I1222 14:46:27.981470 85309 naive_actor.cpp:25] actor 2199029547019 switch to &NaiveActor::HandlerNormal
I1222 14:46:27.981556 85286 naive_actor.cpp:25] actor 1099645845512 switch to &NaiveActor::HandlerNormal
I1222 14:46:27.981559 85309 thread.cpp:99] Thread 1048579 construct Actor kCopyHd 2199029547019
I1222 14:46:27.981649 85286 thread.cpp:99] Thread 524352 construct Actor kSrcSubsetTick 1099645845512
I1222 14:46:27.981657 85291 naive_actor.cpp:25] actor 2199025352749 switch to &NaiveActor::HandlerNormal
I1222 14:46:27.981745 85309 runtime_context.cpp:29] DecreaseCounter constructing_actor_cnt, current val is 3201
I1222 14:46:27.981833 85286 runtime_context.cpp:29] DecreaseCounter constructing_actor_cnt, current val is 3200
I1222 14:46:27.981863 85291 thread.cpp:99] Thread 1048577 construct Actor kCollectiveBoxingGeneric 2199025352749
I1222 14:46:27.982084 85291 runtime_context.cpp:29] DecreaseCounter constructing_actor_cnt, current val is 3199
I1222 14:46:27.982113 85309 naive_actor.cpp:25] actor 2199029547015 switch to &NaiveActor::HandlerNormal
I1222 14:46:27.982172 85252 naive_actor.cpp:25] actor 2199023255552 switch to &NaiveActor::HandlerNormal
I1222 14:46:27.982240 85309 thread.cpp:99] Thread 1048579 construct Actor kCopyHd 2199029547015
I1222 14:46:27.982296 85252 thread.cpp:99] Thread 1048576 construct Actor kNormalForward 2199023255552
I1222 14:46:27.982393 85309 runtime_context.cpp:29] DecreaseCounter constructing_actor_cnt, current val is 3198
I1222 14:46:27.982388 85291 naive_actor.cpp:25] actor 2199025352888 switch to &NaiveActor::HandlerNormal
I1222 14:46:27.982463 85252 runtime_context.cpp:29] DecreaseCounter constructing_actor_cnt, current val is 3197
I1222 14:46:27.982488 85286 naive_actor.cpp:25] actor 1099645845504 switch to &NaiveActor::HandlerNormal
I1222 14:46:27.982565 85291 thread.cpp:99] Thread 1048577 construct Actor kCollectiveBoxingGeneric 2199025352888
I1222 14:46:27.982692 85286 thread.cpp:99] Thread 524352 construct Actor kSrcSubsetTick 1099645845504
I1222 14:46:27.982707 85309 naive_actor.cpp:25] actor 2199029547014 switch to &NaiveActor::HandlerNormal
I1222 14:46:27.982797 85291 runtime_context.cpp:29] DecreaseCounter constructing_actor_cnt, current val is 3196
I1222 14:46:27.982872 85286 runtime_context.cpp:29] DecreaseCounter constructing_actor_cnt, current val is 3195
I1222 14:46:27.982895 85309 thread.cpp:99] Thread 1048579 construct Actor kCopyHd 2199029547014
I1222 14:46:27.982993 85252 naive_actor.cpp:25] actor 2199023255583 switch to &NaiveActor::HandlerNormal
I1222 14:46:27.983196 85291 naive_actor.cpp:25] actor 2199025352754 switch to &NaiveActor::HandlerNormal
I1222 14:46:27.983471 85286 naive_actor.cpp:25] actor 1099645845509 switch to &NaiveActor::HandlerNormal
I1222 14:46:27.983703 85309 runtime_context.cpp:29] DecreaseCounter constructing_actor_cnt, current val is 3194
I1222 14:46:27.983728 85252 thread.cpp:99] Thread 1048576 construct Actor kNormalForward 2199023255583
I1222 14:46:27.983801 85291 thread.cpp:99] Thread 1048577 construct Actor kCollectiveBoxingGeneric 2199025352754
I1222 14:46:27.983863 85286 thread.cpp:99] Thread 524352 construct Actor kTick 1099645845509
I1222 14:46:27.983991 85252 runtime_context.cpp:29] DecreaseCounter constructing_actor_cnt, current val is 3193
I1222 14:46:27.984117 85286 runtime_context.cpp:29] DecreaseCounter constructing_actor_cnt, current val is 3191
I1222 14:46:27.984048 85291 runtime_context.cpp:29] DecreaseCounter constructing_actor_cnt, current val is 3192
I1222 14:46:27.984424 85252 naive_actor.cpp:25] actor 2199023255559 switch to &NaiveActor::HandlerNormal
I1222 14:46:27.984441 85291 naive_actor.cpp:25] actor 2199025352768 switch to &NaiveActor::HandlerNormal
I1222 14:46:27.984504 85252 thread.cpp:99] Thread 1048576 construct Actor kNormalForward 2199023255559
I1222 14:46:27.984566 85291 thread.cpp:99] Thread 1048577 construct Actor kCollectiveBoxingGeneric 2199025352768
I1222 14:46:27.984635 85252 runtime_context.cpp:29] DecreaseCounter constructing_actor_cnt, current val is 3190
I1222 14:46:27.984684 85291 runtime_context.cpp:29] DecreaseCounter constructing_actor_cnt, current val is 3189
I1222 14:46:27.984983 85291 naive_actor.cpp:25] actor 2199025352722 switch to &NaiveActor::HandlerNormal
I1222 14:46:27.984992 85252 naive_actor.cpp:25] actor 2199023255555 switch to &NaiveActor::HandlerNormal
I1222 14:46:27.985069 85291 thread.cpp:99] Thread 1048577 construct Actor kCollectiveBoxingGeneric 2199025352722
I1222 14:46:27.985119 85252 thread.cpp:99] Thread 1048576 construct Actor kNormalForward 2199023255555
I1222 14:46:27.985195 85291 runtime_context.cpp:29] DecreaseCounter constructing_actor_cnt, current val is 3188
I1222 14:46:27.985249 85252 runtime_context.cpp:29] DecreaseCounter constructing_actor_cnt, current val is 3187
I1222 14:46:27.985463 85291 naive_actor.cpp:25] actor 2199025352769 switch to &NaiveActor::HandlerNormal
I1222 14:46:27.985548 85291 thread.cpp:99] Thread 1048577 construct Actor kCollectiveBoxingGeneric 2199025352769
I1222 14:46:27.985603 85252 naive_actor.cpp:25] actor 2199023255577 switch to &NaiveActor::HandlerNormal
I1222 14:46:27.985631 85291 runtime_context.cpp:29] DecreaseCounter constructing_actor_cnt, current val is 3186
I1222 14:46:27.985673 85252 thread.cpp:99] Thread 1048576 construct Actor kNormalForward 2199023255577
I1222 14:46:27.985801 85252 runtime_context.cpp:29] DecreaseCounter constructing_actor_cnt, current val is 3185
I1222 14:46:27.985965 85291 naive_actor.cpp:25] actor 2199025352739 switch to &NaiveActor::HandlerNormal
I1222 14:46:27.986055 85291 thread.cpp:99] Thread 1048577 construct Actor kCollectiveBoxingGeneric 2199025352739
I1222 14:46:27.986150 85291 runtime_context.cpp:29] DecreaseCounter constructing_actor_cnt, current val is 3184
I1222 14:46:27.986160 85252 naive_actor.cpp:25] actor 2199023255561 switch to &NaiveActor::HandlerNormal
I1222 14:46:27.986279 85252 thread.cpp:99] Thread 1048576 construct Actor kNormalForward 2199023255561
I1222 14:46:27.986368 85252 runtime_context.cpp:29] DecreaseCounter constructing_actor_cnt, current val is 3183
I1222 14:46:27.986443 85291 naive_actor.cpp:25] actor 2199025352736 switch to &NaiveActor::HandlerNormal
I1222 14:46:27.986527 85291 thread.cpp:99] Thread 1048577 construct Actor kCollectiveBoxingGeneric 2199025352736
I1222 14:46:27.986616 85291 runtime_context.cpp:29] DecreaseCounter constructing_actor_cnt, current val is 3182
I1222 14:46:27.986709 85252 naive_actor.cpp:25] actor 2199023255565 switch to &NaiveActor::HandlerNormal
I1222 14:46:27.987030 85291 naive_actor.cpp:25] actor 2199025352752 switch to &NaiveActor::HandlerNormal
I1222 14:46:27.987234 85252 thread.cpp:99] Thread 1048576 construct Actor kNormalForward 2199023255565
I1222 14:46:27.987304 85291 thread.cpp:99] Thread 1048577 construct Actor kCollectiveBoxingGeneric 2199025352752
I1222 14:46:27.987377 85252 runtime_context.cpp:29] DecreaseCounter constructing_actor_cnt, current val is 3181
I1222 14:46:27.987435 85291 runtime_context.cpp:29] DecreaseCounter constructing_actor_cnt, current val is 3180
I1222 14:46:27.987710 85291 naive_actor.cpp:25] actor 2199025352709 switch to &NaiveActor::HandlerNormal
I1222 14:46:27.987812 85291 thread.cpp:99] Thread 1048577 construct Actor kCollectiveBoxingGeneric 2199025352709
I1222 14:46:27.987893 85291 runtime_context.cpp:29] DecreaseCounter constructing_actor_cnt, current val is 3179
I1222 14:46:27.988150 85291 naive_actor.cpp:25] actor 2199025352813 switch to &NaiveActor::HandlerNormal
I1222 14:46:27.988231 85291 thread.cpp:99] Thread 1048577 construct Actor kCollectiveBoxingGeneric 2199025352813
I1222 14:46:27.988319 85291 runtime_context.cpp:29] DecreaseCounter constructing_actor_cnt, current val is 3178
I1222 14:46:27.988334 85252 naive_actor.cpp:25] actor 2199023255593 switch to &NaiveActor::HandlerNormal
I1222 14:46:27.988456 85252 thread.cpp:99] Thread 1048576 construct Actor kNormalForward 2199023255593
I1222 14:46:27.988533 85252 runtime_context.cpp:29] DecreaseCounter constructing_actor_cnt, current val is 3177
I1222 14:46:27.988601 85291 naive_actor.cpp:25] actor 2199025352835 switch to &NaiveActor::HandlerNormal
I1222 14:46:27.988677 85291 thread.cpp:99] Thread 1048577 construct Actor kCollectiveBoxingGeneric 2199025352835
I1222 14:46:27.988768 85291 runtime_context.cpp:29] DecreaseCounter constructing_actor_cnt, current val is 3176
I1222 14:46:27.989104 85291 naive_actor.cpp:25] actor 2199025352704 switch to &NaiveActor::HandlerNormal
I1222 14:46:27.989187 85291 thread.cpp:99] Thread 1048577 construct Actor kCollectiveBoxingGeneric 2199025352704
I1222 14:46:27.989275 85291 runtime_context.cpp:29] DecreaseCounter constructing_actor_cnt, current val is 3175
I1222 14:46:27.989526 85252 naive_actor.cpp:25] actor 2199023255564 switch to &NaiveActor::HandlerNormal
I1222 14:46:27.989562 85291 naive_actor.cpp:25] actor 2199025352856 switch to &NaiveActor::HandlerNormal
I1222 14:46:27.989620 85252 thread.cpp:99] Thread 1048576 construct Actor kNormalForward 2199023255564
I1222 14:46:27.989698 85291 thread.cpp:99] Thread 1048577 construct Actor kCollectiveBoxingGeneric 2199025352856
I1222 14:46:27.989780 85252 runtime_context.cpp:29] DecreaseCounter constructing_actor_cnt, current val is 3174
I1222 14:46:27.989830 85291 runtime_context.cpp:29] DecreaseCounter constructing_actor_cnt, current val is 3173
I1222 14:46:27.990104 85291 naive_actor.cpp:25] actor 2199025352716 switch to &NaiveActor::HandlerNormal
I1222 14:46:27.990151 85252 naive_actor.cpp:25] actor 2199023255566 switch to &NaiveActor::HandlerNormal
I1222 14:46:27.990195 85291 thread.cpp:99] Thread 1048577 construct Actor kCollectiveBoxingGeneric 2199025352716
I1222 14:46:27.990248 85252 thread.cpp:99] Thread 1048576 construct Actor kNormalForward 2199023255566
I1222 14:46:27.990325 85291 runtime_context.cpp:29] DecreaseCounter constructing_actor_cnt, current val is 3172
I1222 14:46:27.990366 85252 runtime_context.cpp:29] DecreaseCounter constructing_actor_cnt, current val is 3171
I1222 14:46:27.990602 85291 naive_actor.cpp:25] actor 2199025352732 switch to &NaiveActor::HandlerNormal
I1222 14:46:27.990684 85291 thread.cpp:99] Thread 1048577 construct Actor kCollectiveBoxingGeneric 2199025352732
I1222 14:46:27.990773 85291 runtime_context.cpp:29] DecreaseCounter constructing_actor_cnt, current val is 3170
I1222 14:46:27.991073 85291 naive_actor.cpp:25] actor 2199025352766 switch to &NaiveActor::HandlerNormal
I1222 14:46:27.991160 85291 thread.cpp:99] Thread 1048577 construct Actor kCollectiveBoxingGeneric 2199025352766
I1222 14:46:27.991330 85291 runtime_context.cpp:29] DecreaseCounter constructing_actor_cnt, current val is 3169
I1222 14:46:27.991364 85252 naive_actor.cpp:25] actor 2199023255595 switch to &NaiveActor::HandlerNormal
I1222 14:46:27.991947 85252 thread.cpp:99] Thread 1048576 construct Actor kNormalForward 2199023255595
I1222 14:46:27.992027 85252 runtime_context.cpp:29] DecreaseCounter constructing_actor_cnt, current val is 3168
I1222 14:46:27.992123 85291 naive_actor.cpp:25] actor 2199025352790 switch to &NaiveActor::HandlerNormal
I1222 14:46:27.992213 85291 thread.cpp:99] Thread 1048577 construct Actor kCollectiveBoxingGeneric 2199025352790
I1222 14:46:27.992314 85291 runtime_context.cpp:29] DecreaseCounter constructing_actor_cnt, current val is 3167
I1222 14:46:27.992602 85291 naive_actor.cpp:25] actor 2199025352804 switch to &NaiveActor::HandlerNormal
I1222 14:46:27.992679 85291 thread.cpp:99] Thread 1048577 construct Actor kCollectiveBoxingGeneric 2199025352804
I1222 14:46:27.992766 85291 runtime_context.cpp:29] DecreaseCounter constructing_actor_cnt, current val is 3166
I1222 14:46:27.993057 85291 naive_actor.cpp:25] actor 2199025352734 switch to &NaiveActor::HandlerNormal
I1222 14:46:27.993067 85252 naive_actor.cpp:25] actor 2199023255560 switch to &NaiveActor::HandlerNormal
I1222 14:46:27.993146 85291 thread.cpp:99] Thread 1048577 construct Actor kCollectiveBoxingGeneric 2199025352734
I1222 14:46:27.993211 85252 thread.cpp:99] Thread 1048576 construct Actor kNormalForward 2199023255560
I1222 14:46:27.993330 85291 runtime_context.cpp:29] DecreaseCounter constructing_actor_cnt, current val is 3165
I1222 14:46:27.993368 85252 runtime_context.cpp:29] DecreaseCounter constructing_actor_cnt, current val is 3164
I1222 14:46:27.993584 85291 naive_actor.cpp:25] actor 2199025352801 switch to &NaiveActor::HandlerNormal
I1222 14:46:27.993664 85291 thread.cpp:99] Thread 1048577 construct Actor kCollectiveBoxingGeneric 2199025352801
I1222 14:46:27.993760 85291 runtime_context.cpp:29] DecreaseCounter constructing_actor_cnt, current val is 3163
I1222 14:46:27.994063 85291 naive_actor.cpp:25] actor 2199025352823 switch to &NaiveActor::HandlerNormal
I1222 14:46:27.994146 85291 thread.cpp:99] Thread 1048577 construct Actor kCollectiveBoxingGeneric 2199025352823
I1222 14:46:27.994232 85291 runtime_context.cpp:29] DecreaseCounter constructing_actor_cnt, current val is 3162
I1222 14:46:27.994303 85252 naive_actor.cpp:25] actor 2199023255586 switch to &NaiveActor::HandlerNormal
I1222 14:46:27.994395 85252 thread.cpp:99] Thread 1048576 construct Actor kNormalForward 2199023255586
I1222 14:46:27.994490 85252 runtime_context.cpp:29] DecreaseCounter constructing_actor_cnt, current val is 3161
I1222 14:46:27.994544 85291 naive_actor.cpp:25] actor 2199025352840 switch to &NaiveActor::HandlerNormal
I1222 14:46:27.994624 85291 thread.cpp:99] Thread 1048577 construct Actor kCollectiveBoxingGeneric 2199025352840
I1222 14:46:27.994716 85291 runtime_context.cpp:29] DecreaseCounter constructing_actor_cnt, current val is 3160
I1222 14:46:27.995090 85291 naive_actor.cpp:25] actor 2199025352778 switch to &NaiveActor::HandlerNormal
I1222 14:46:27.995168 85291 thread.cpp:99] Thread 1048577 construct Actor kCollectiveBoxingGeneric 2199025352778
I1222 14:46:27.995268 85291 runtime_context.cpp:29] DecreaseCounter constructing_actor_cnt, current val is 3159
I1222 14:46:27.995522 85291 naive_actor.cpp:25] actor 2199025352793 switch to &NaiveActor::HandlerNormal
I1222 14:46:27.995586 85291 thread.cpp:99] Thread 1048577 construct Actor kCollectiveBoxingGeneric 2199025352793
I1222 14:46:27.995612 85252 naive_actor.cpp:25] actor 2199023255582 switch to &NaiveActor::HandlerNormal
I1222 14:46:27.995679 85291 runtime_context.cpp:29] DecreaseCounter constructing_actor_cnt, current val is 3158
I1222 14:46:27.995713 85252 thread.cpp:99] Thread 1048576 construct Actor kNormalForward 2199023255582
I1222 14:46:27.995884 85252 runtime_context.cpp:29] DecreaseCounter constructing_actor_cnt, current val is 3157
I1222 14:46:27.996028 85291 naive_actor.cpp:25] actor 2199025352788 switch to &NaiveActor::HandlerNormal
I1222 14:46:27.996508 85291 thread.cpp:99] Thread 1048577 construct Actor kCollectiveBoxingGeneric 2199025352788
I1222 14:46:27.996606 85291 runtime_context.cpp:29] DecreaseCounter constructing_actor_cnt, current val is 3156
I1222 14:46:27.996837 85252 naive_actor.cpp:25] actor 2199023255585 switch to &NaiveActor::HandlerNormal
I1222 14:46:27.996913 85291 naive_actor.cpp:25] actor 2199025352729 switch to &NaiveActor::HandlerNormal
I1222 14:46:27.996938 85252 thread.cpp:99] Thread 1048576 construct Actor kNormalForward 2199023255585
I1222 14:46:27.996995 85291 thread.cpp:99] Thread 1048577 construct Actor kCollectiveBoxingGeneric 2199025352729
I1222 14:46:27.997089 85252 runtime_context.cpp:29] DecreaseCounter constructing_actor_cnt, current val is 3155
I1222 14:46:27.997135 85291 runtime_context.cpp:29] DecreaseCounter constructing_actor_cnt, current val is 3154
I1222 14:46:27.997421 85291 naive_actor.cpp:25] actor 2199025352745 switch to &NaiveActor::HandlerNormal
I1222 14:46:27.997503 85291 thread.cpp:99] Thread 1048577 construct Actor kCollectiveBoxingGeneric 2199025352745
I1222 14:46:27.997576 85291 runtime_context.cpp:29] DecreaseCounter constructing_actor_cnt, current val is 3153
I1222 14:46:27.997853 85291 naive_actor.cpp:25] actor 2199025352787 switch to &NaiveActor::HandlerNormal
I1222 14:46:27.997939 85291 thread.cpp:99] Thread 1048577 construct Actor kCollectiveBoxingGeneric 2199025352787
I1222 14:46:27.998025 85291 runtime_context.cpp:29] DecreaseCounter constructing_actor_cnt, current val is 3152
I1222 14:46:27.998133 85252 naive_actor.cpp:25] actor 2199023255617 switch to &NaiveActor::HandlerNormal
I1222 14:46:27.998216 85252 thread.cpp:99] Thread 1048576 construct Actor kNormalForward 2199023255617
I1222 14:46:27.998301 85291 naive_actor.cpp:25] actor 2199025352897 switch to &NaiveActor::HandlerNormal
I1222 14:46:27.998317 85252 runtime_context.cpp:29] DecreaseCounter constructing_actor_cnt, current val is 3151
I1222 14:46:27.998371 85291 thread.cpp:99] Thread 1048577 construct Actor kCollectiveBoxingGeneric 2199025352897
I1222 14:46:27.998489 85291 runtime_context.cpp:29] DecreaseCounter constructing_actor_cnt, current val is 3150
I1222 14:46:27.998775 85291 naive_actor.cpp:25] actor 2199025352828 switch to &NaiveActor::HandlerNormal
I1222 14:46:27.998874 85291 thread.cpp:99] Thread 1048577 construct Actor kCollectiveBoxingGeneric 2199025352828
I1222 14:46:27.998977 85291 runtime_context.cpp:29] DecreaseCounter constructing_actor_cnt, current val is 3149
I1222 14:46:27.999248 85291 naive_actor.cpp:25] actor 2199025352771 switch to &NaiveActor::HandlerNormal
I1222 14:46:27.999338 85291 thread.cpp:99] Thread 1048577 construct Actor kCollectiveBoxingGeneric 2199025352771
I1222 14:46:27.999413 85291 runtime_context.cpp:29] DecreaseCounter constructing_actor_cnt, current val is 3148
I1222 14:46:27.999476 85252 naive_actor.cpp:25] actor 2199023255594 switch to &NaiveActor::HandlerNormal
I1222 14:46:27.999560 85252 thread.cpp:99] Thread 1048576 construct Actor kNormalForward 2199023255594
I1222 14:46:27.999657 85252 runtime_context.cpp:29] DecreaseCounter constructing_actor_cnt, current val is 3147
I1222 14:46:27.999689 85291 naive_actor.cpp:25] actor 2199025352866 switch to &NaiveActor::HandlerNormal
I1222 14:46:27.999778 85291 thread.cpp:99] Thread 1048577 construct Actor kCollectiveBoxingGeneric 2199025352866
I1222 14:46:27.999882 85291 runtime_context.cpp:29] DecreaseCounter constructing_actor_cnt, current val is 3146
I1222 14:46:28.000147 85291 naive_actor.cpp:25] actor 2199025352731 switch to &NaiveActor::HandlerNormal
I1222 14:46:28.000241 85291 thread.cpp:99] Thread 1048577 construct Actor kCollectiveBoxingGeneric 2199025352731
I1222 14:46:28.000314 85291 runtime_context.cpp:29] DecreaseCounter constructing_actor_cnt, current val is 3145
I1222 14:46:28.000579 85291 naive_actor.cpp:25] actor 2199025352830 switch to &NaiveActor::HandlerNormal
I1222 14:46:28.000664 85291 thread.cpp:99] Thread 1048577 construct Actor kCollectiveBoxingGeneric 2199025352830
I1222 14:46:28.000864 85291 runtime_context.cpp:29] DecreaseCounter constructing_actor_cnt, current val is 3144
I1222 14:46:28.001125 85252 naive_actor.cpp:25] actor 2199023255567 switch to &NaiveActor::HandlerNormal
I1222 14:46:28.001474 85252 thread.cpp:99] Thread 1048576 construct Actor kNormalForward 2199023255567
I1222 14:46:28.001580 85252 runtime_context.cpp:29] DecreaseCounter constructing_actor_cnt, current val is 3143
I1222 14:46:28.001649 85291 naive_actor.cpp:25] actor 2199025352800 switch to &NaiveActor::HandlerNormal
I1222 14:46:28.001772 85291 thread.cpp:99] Thread 1048577 construct Actor kCollectiveBoxingGeneric 2199025352800
I1222 14:46:28.001883 85291 runtime_context.cpp:29] DecreaseCounter constructing_actor_cnt, current val is 3142
I1222 14:46:28.001999 85252 naive_actor.cpp:25] actor 2199023255581 switch to &NaiveActor::HandlerNormal
I1222 14:46:28.002074 85252 thread.cpp:99] Thread 1048576 construct Actor kNormalForward 2199023255581
I1222 14:46:28.002166 85252 runtime_context.cpp:29] DecreaseCounter constructing_actor_cnt, current val is 3141
I1222 14:46:28.002183 85291 naive_actor.cpp:25] actor 2199025352846 switch to &NaiveActor::HandlerNormal
I1222 14:46:28.002298 85291 thread.cpp:99] Thread 1048577 construct Actor kCollectiveBoxingGeneric 2199025352846
I1222 14:46:28.002393 85291 runtime_context.cpp:29] DecreaseCounter constructing_actor_cnt, current val is 3140
I1222 14:46:28.002661 85291 naive_actor.cpp:25] actor 2199025352735 switch to &NaiveActor::HandlerNormal
I1222 14:46:28.002745 85291 thread.cpp:99] Thread 1048577 construct Actor kCollectiveBoxingGeneric 2199025352735
I1222 14:46:28.002841 85291 runtime_context.cpp:29] DecreaseCounter constructing_actor_cnt, current val is 3139
I1222 14:46:28.003054 85252 naive_actor.cpp:25] actor 2199023255572 switch to &NaiveActor::HandlerNormal
I1222 14:46:28.003127 85252 thread.cpp:99] Thread 1048576 construct Actor kNormalForward 2199023255572
I1222 14:46:28.003146 85291 naive_actor.cpp:25] actor 2199025352884 switch to &NaiveActor::HandlerNormal
I1222 14:46:28.003226 85252 runtime_context.cpp:29] DecreaseCounter constructing_actor_cnt, current val is 3138
I1222 14:46:28.003257 85291 thread.cpp:99] Thread 1048577 construct Actor kCollectiveBoxingGeneric 2199025352884
I1222 14:46:28.003376 85291 runtime_context.cpp:29] DecreaseCounter constructing_actor_cnt, current val is 3137
I1222 14:46:28.003641 85291 naive_actor.cpp:25] actor 2199025352747 switch to &NaiveActor::HandlerNormal
I1222 14:46:28.003723 85291 thread.cpp:99] Thread 1048577 construct Actor kCollectiveBoxingGeneric 2199025352747
I1222 14:46:28.003823 85291 runtime_context.cpp:29] DecreaseCounter constructing_actor_cnt, current val is 3136
I1222 14:46:28.004093 85291 naive_actor.cpp:25] actor 2199025352849 switch to &NaiveActor::HandlerNormal
I1222 14:46:28.004177 85291 thread.cpp:99] Thread 1048577 construct Actor kCollectiveBoxingGeneric 2199025352849
I1222 14:46:28.004251 85291 runtime_context.cpp:29] DecreaseCounter constructing_actor_cnt, current val is 3135
I1222 14:46:28.004302 85252 naive_actor.cpp:25] actor 2199023255588 switch to &NaiveActor::HandlerNormal
I1222 14:46:28.004386 85252 thread.cpp:99] Thread 1048576 construct Actor kNormalForward 2199023255588
I1222 14:46:28.004487 85252 runtime_context.cpp:29] DecreaseCounter constructing_actor_cnt, current val is 3134
I1222 14:46:28.004537 85291 naive_actor.cpp:25] actor 2199025352705 switch to &NaiveActor::HandlerNormal
I1222 14:46:28.004616 85291 thread.cpp:99] Thread 1048577 construct Actor kCollectiveBoxingGeneric 2199025352705
I1222 14:46:28.004710 85291 runtime_context.cpp:29] DecreaseCounter constructing_actor_cnt, current val is 3133
I1222 14:46:28.005069 85291 naive_actor.cpp:25] actor 2199025352824 switch to &NaiveActor::HandlerNormal
I1222 14:46:28.005156 85291 thread.cpp:99] Thread 1048577 construct Actor kCollectiveBoxingGeneric 2199025352824
I1222 14:46:28.005244 85291 runtime_context.cpp:29] DecreaseCounter constructing_actor_cnt, current val is 3132
I1222 14:46:28.005494 85252 naive_actor.cpp:25] actor 2199023255578 switch to &NaiveActor::HandlerNormal
I1222 14:46:28.005617 85291 naive_actor.cpp:25] actor 2199025352786 switch to &NaiveActor::HandlerNormal
I1222 14:46:28.005851 85252 thread.cpp:99] Thread 1048576 construct Actor kNormalForward 2199023255578
I1222 14:46:28.005934 85291 thread.cpp:99] Thread 1048577 construct Actor kCollectiveBoxingGeneric 2199025352786
I1222 14:46:28.006038 85252 runtime_context.cpp:29] DecreaseCounter constructing_actor_cnt, current val is 3131
I1222 14:46:28.006059 85291 runtime_context.cpp:29] DecreaseCounter constructing_actor_cnt, current val is 3130
I1222 14:46:28.006361 85291 naive_actor.cpp:25] actor 2199025352743 switch to &NaiveActor::HandlerNormal
I1222 14:46:28.006448 85291 thread.cpp:99] Thread 1048577 construct Actor kCollectiveBoxingGeneric 2199025352743
I1222 14:46:28.006534 85291 runtime_context.cpp:29] DecreaseCounter constructing_actor_cnt, current val is 3129
I1222 14:46:28.006837 85291 naive_actor.cpp:25] actor 2199025352820 switch to &NaiveActor::HandlerNormal
I1222 14:46:28.006922 85291 thread.cpp:99] Thread 1048577 construct Actor kCollectiveBoxingGeneric 2199025352820
I1222 14:46:28.006994 85291 runtime_context.cpp:29] DecreaseCounter constructing_actor_cnt, current val is 3128
I1222 14:46:28.007025 85252 naive_actor.cpp:25] actor 2199023255584 switch to &NaiveActor::HandlerNormal
I1222 14:46:28.007145 85252 thread.cpp:99] Thread 1048576 construct Actor kNormalForward 2199023255584
I1222 14:46:28.007246 85252 runtime_context.cpp:29] DecreaseCounter constructing_actor_cnt, current val is 3127
I1222 14:46:28.007302 85291 naive_actor.cpp:25] actor 2199025352821 switch to &NaiveActor::HandlerNormal
I1222 14:46:28.007385 85291 thread.cpp:99] Thread 1048577 construct Actor kCollectiveBoxingGeneric 2199025352821
I1222 14:46:28.007477 85291 runtime_context.cpp:29] DecreaseCounter constructing_actor_cnt, current val is 3126
I1222 14:46:28.007616 85252 naive_actor.cpp:25] actor 2199023255616 switch to &NaiveActor::HandlerNormal
I1222 14:46:28.007691 85252 thread.cpp:99] Thread 1048576 construct Actor kNormalForward 2199023255616
I1222 14:46:28.007771 85291 naive_actor.cpp:25] actor 2199025352740 switch to &NaiveActor::HandlerNormal
I1222 14:46:28.007777 85252 runtime_context.cpp:29] DecreaseCounter constructing_actor_cnt, current val is 3125
I1222 14:46:28.007879 85291 thread.cpp:99] Thread 1048577 construct Actor kCollectiveBoxingGeneric 2199025352740
I1222 14:46:28.008009 85291 runtime_context.cpp:29] DecreaseCounter constructing_actor_cnt, current val is 3124
I1222 14:46:28.008278 85291 naive_actor.cpp:25] actor 2199025352744 switch to &NaiveActor::HandlerNormal
I1222 14:46:28.008363 85291 thread.cpp:99] Thread 1048577 construct Actor kCollectiveBoxingGeneric 2199025352744
I1222 14:46:28.008457 85291 runtime_context.cpp:29] DecreaseCounter constructing_actor_cnt, current val is 3123
I1222 14:46:28.008730 85291 naive_actor.cpp:25] actor 2199025352759 switch to &NaiveActor::HandlerNormal
I1222 14:46:28.008846 85291 thread.cpp:99] Thread 1048577 construct Actor kCollectiveBoxingGeneric 2199025352759
I1222 14:46:28.008877 85252 naive_actor.cpp:25] actor 2199023255576 switch to &NaiveActor::HandlerNormal
I1222 14:46:28.008966 85291 runtime_context.cpp:29] DecreaseCounter constructing_actor_cnt, current val is 3122
I1222 14:46:28.008991 85252 thread.cpp:99] Thread 1048576 construct Actor kNormalForward 2199023255576
I1222 14:46:28.009117 85252 runtime_context.cpp:29] DecreaseCounter constructing_actor_cnt, current val is 3121
I1222 14:46:28.009251 85291 naive_actor.cpp:25] actor 2199025352794 switch to &NaiveActor::HandlerNormal
I1222 14:46:28.009332 85291 thread.cpp:99] Thread 1048577 construct Actor kCollectiveBoxingGeneric 2199025352794
I1222 14:46:28.009416 85291 runtime_context.cpp:29] DecreaseCounter constructing_actor_cnt, current val is 3120
I1222 14:46:28.009510 85252 naive_actor.cpp:25] actor 2199023255557 switch to &NaiveActor::HandlerNormal
I1222 14:46:28.009582 85252 thread.cpp:99] Thread 1048576 construct Actor kNormalForward 2199023255557
I1222 14:46:28.009701 85291 naive_actor.cpp:25] actor 2199025352892 switch to &NaiveActor::HandlerNormal
I1222 14:46:28.009749 85252 runtime_context.cpp:29] DecreaseCounter constructing_actor_cnt, current val is 3119
I1222 14:46:28.010120 85291 thread.cpp:99] Thread 1048577 construct Actor kCollectiveBoxingGeneric 2199025352892
I1222 14:46:28.010264 85291 runtime_context.cpp:29] DecreaseCounter constructing_actor_cnt, current val is 3118
I1222 14:46:28.010547 85291 naive_actor.cpp:25] actor 2199025352723 switch to &NaiveActor::HandlerNormal
I1222 14:46:28.010628 85291 thread.cpp:99] Thread 1048577 construct Actor kCollectiveBoxingGeneric 2199025352723
I1222 14:46:28.010722 85291 runtime_context.cpp:29] DecreaseCounter constructing_actor_cnt, current val is 3117
I1222 14:46:28.010999 85291 naive_actor.cpp:25] actor 2199025352783 switch to &NaiveActor::HandlerNormal
I1222 14:46:28.011000 85252 naive_actor.cpp:25] actor 2199023255615 switch to &NaiveActor::HandlerNormal
I1222 14:46:28.011094 85291 thread.cpp:99] Thread 1048577 construct Actor kCollectiveBoxingGeneric 2199025352783
I1222 14:46:28.011163 85252 thread.cpp:99] Thread 1048576 construct Actor kNormalForward 2199023255615
I1222 14:46:28.011240 85291 runtime_context.cpp:29] DecreaseCounter constructing_actor_cnt, current val is 3116
I1222 14:46:28.011286 85252 runtime_context.cpp:29] DecreaseCounter constructing_actor_cnt, current val is 3115
I1222 14:46:28.011518 85291 naive_actor.cpp:25] actor 2199025352841 switch to &NaiveActor::HandlerNormal
I1222 14:46:28.011600 85291 thread.cpp:99] Thread 1048577 construct Actor kCollectiveBoxingGeneric 2199025352841
I1222 14:46:28.011687 85291 runtime_context.cpp:29] DecreaseCounter constructing_actor_cnt, current val is 3114
I1222 14:46:28.011968 85291 naive_actor.cpp:25] actor 2199025352838 switch to &NaiveActor::HandlerNormal
I1222 14:46:28.012054 85291 thread.cpp:99] Thread 1048577 construct Actor kCollectiveBoxingGeneric 2199025352838
I1222 14:46:28.012120 85252 naive_actor.cpp:25] actor 2199023255647 switch to &NaiveActor::HandlerNormal
I1222 14:46:28.012126 85291 runtime_context.cpp:29] DecreaseCounter constructing_actor_cnt, current val is 3113
I1222 14:46:28.012197 85252 thread.cpp:99] Thread 1048576 construct Actor kNormalForward 2199023255647
I1222 14:46:28.012341 85252 runtime_context.cpp:29] DecreaseCounter constructing_actor_cnt, current val is 3112
I1222 14:46:28.012470 85291 naive_actor.cpp:25] actor 2199025352818 switch to &NaiveActor::HandlerNormal
I1222 14:46:28.012553 85291 thread.cpp:99] Thread 1048577 construct Actor kCollectiveBoxingGeneric 2199025352818
I1222 14:46:28.012634 85291 runtime_context.cpp:29] DecreaseCounter constructing_actor_cnt, current val is 3111
I1222 14:46:28.012720 85252 naive_actor.cpp:25] actor 2199023255587 switch to &NaiveActor::HandlerNormal
I1222 14:46:28.012809 85252 thread.cpp:99] Thread 1048576 construct Actor kNormalForward 2199023255587
I1222 14:46:28.012899 85252 runtime_context.cpp:29] DecreaseCounter constructing_actor_cnt, current val is 3110
I1222 14:46:28.012914 85291 naive_actor.cpp:25] actor 2199025352864 switch to &NaiveActor::HandlerNormal
I1222 14:46:28.013026 85291 thread.cpp:99] Thread 1048577 construct Actor kCollectiveBoxingGeneric 2199025352864
I1222 14:46:28.013118 85291 runtime_context.cpp:29] DecreaseCounter constructing_actor_cnt, current val is 3109
I1222 14:46:28.013386 85291 naive_actor.cpp:25] actor 2199025352882 switch to &NaiveActor::HandlerNormal
I1222 14:46:28.013463 85291 thread.cpp:99] Thread 1048577 construct Actor kCollectiveBoxingGeneric 2199025352882
I1222 14:46:28.013554 85291 runtime_context.cpp:29] DecreaseCounter constructing_actor_cnt, current val is 3108
I1222 14:46:28.013832 85291 naive_actor.cpp:25] actor 2199025352798 switch to &NaiveActor::HandlerNormal
I1222 14:46:28.013921 85291 thread.cpp:99] Thread 1048577 construct Actor kCollectiveBoxingGeneric 2199025352798
I1222 14:46:28.014007 85291 runtime_context.cpp:29] DecreaseCounter constructing_actor_cnt, current val is 3107
I1222 14:46:28.014312 85291 naive_actor.cpp:25] actor 2199025352715 switch to &NaiveActor::HandlerNormal
I1222 14:46:28.014467 85252 naive_actor.cpp:25] actor 2199023255568 switch to &NaiveActor::HandlerNormal
I1222 14:46:28.014470 85291 thread.cpp:99] Thread 1048577 construct Actor kCollectiveBoxingGeneric 2199025352715
I1222 14:46:28.014899 85252 thread.cpp:99] Thread 1048576 construct Actor kNormalForward 2199023255568
I1222 14:46:28.014995 85291 runtime_context.cpp:29] DecreaseCounter constructing_actor_cnt, current val is 3106
I1222 14:46:28.015072 85252 runtime_context.cpp:29] DecreaseCounter constructing_actor_cnt, current val is 3105
I1222 14:46:28.015303 85291 naive_actor.cpp:25] actor 2199025352727 switch to &NaiveActor::HandlerNormal
I1222 14:46:28.015390 85291 thread.cpp:99] Thread 1048577 construct Actor kCollectiveBoxingGeneric 2199025352727
I1222 14:46:28.015458 85252 naive_actor.cpp:25] actor 2199023255609 switch to &NaiveActor::HandlerNormal
I1222 14:46:28.015486 85291 runtime_context.cpp:29] DecreaseCounter constructing_actor_cnt, current val is 3104
I1222 14:46:28.015533 85252 thread.cpp:99] Thread 1048576 construct Actor kNormalForward 2199023255609
I1222 14:46:28.015682 85252 runtime_context.cpp:29] DecreaseCounter constructing_actor_cnt, current val is 3103
I1222 14:46:28.015841 85291 naive_actor.cpp:25] actor 2199025352842 switch to &NaiveActor::HandlerNormal
I1222 14:46:28.015926 85291 thread.cpp:99] Thread 1048577 construct Actor kCollectiveBoxingGeneric 2199025352842
I1222 14:46:28.016031 85291 runtime_context.cpp:29] DecreaseCounter constructing_actor_cnt, current val is 3102
I1222 14:46:28.016284 85291 naive_actor.cpp:25] actor 2199025352826 switch to &NaiveActor::HandlerNormal
I1222 14:46:28.016360 85291 thread.cpp:99] Thread 1048577 construct Actor kCollectiveBoxingGeneric 2199025352826
I1222 14:46:28.016444 85291 runtime_context.cpp:29] DecreaseCounter constructing_actor_cnt, current val is 3101
I1222 14:46:28.016695 85291 naive_actor.cpp:25] actor 2199025352865 switch to &NaiveActor::HandlerNormal
I1222 14:46:28.016736 85252 naive_actor.cpp:25] actor 2199023255574 switch to &NaiveActor::HandlerNormal
I1222 14:46:28.016774 85291 thread.cpp:99] Thread 1048577 construct Actor kCollectiveBoxingGeneric 2199025352865
I1222 14:46:28.016855 85252 thread.cpp:99] Thread 1048576 construct Actor kNormalForward 2199023255574
I1222 14:46:28.016923 85291 runtime_context.cpp:29] DecreaseCounter constructing_actor_cnt, current val is 3100
I1222 14:46:28.016991 85252 runtime_context.cpp:29] DecreaseCounter constructing_actor_cnt, current val is 3099
I1222 14:46:28.017192 85291 naive_actor.cpp:25] actor 2199025352797 switch to &NaiveActor::HandlerNormal
I1222 14:46:28.017267 85291 thread.cpp:99] Thread 1048577 construct Actor kCollectiveBoxingGeneric 2199025352797
I1222 14:46:28.017333 85291 runtime_context.cpp:29] DecreaseCounter constructing_actor_cnt, current val is 3098
I1222 14:46:28.017567 85291 naive_actor.cpp:25] actor 2199025352844 switch to &NaiveActor::HandlerNormal
I1222 14:46:28.017639 85291 thread.cpp:99] Thread 1048577 construct Actor kCollectiveBoxingGeneric 2199025352844
I1222 14:46:28.017719 85291 runtime_context.cpp:29] DecreaseCounter constructing_actor_cnt, current val is 3097
I1222 14:46:28.017969 85291 naive_actor.cpp:25] actor 2199025352883 switch to &NaiveActor::HandlerNormal
I1222 14:46:28.018046 85291 thread.cpp:99] Thread 1048577 construct Actor kCollectiveBoxingGeneric 2199025352883
I1222 14:46:28.018111 85291 runtime_context.cpp:29] DecreaseCounter constructing_actor_cnt, current val is 3096
I1222 14:46:28.018342 85291 naive_actor.cpp:25] actor 2199025352750 switch to &NaiveActor::HandlerNormal
I1222 14:46:28.018414 85291 thread.cpp:99] Thread 1048577 construct Actor kCollectiveBoxingGeneric 2199025352750
I1222 14:46:28.018477 85291 runtime_context.cpp:29] DecreaseCounter constructing_actor_cnt, current val is 3095
I1222 14:46:28.018703 85291 naive_actor.cpp:25] actor 2199025352836 switch to &NaiveActor::HandlerNormal
I1222 14:46:28.018775 85291 thread.cpp:99] Thread 1048577 construct Actor kCollectiveBoxingGeneric 2199025352836
I1222 14:46:28.018937 85291 runtime_context.cpp:29] DecreaseCounter constructing_actor_cnt, current val is 3094
I1222 14:46:28.019153 85252 naive_actor.cpp:25] actor 2199023255606 switch to &NaiveActor::HandlerNormal
I1222 14:46:28.019395 85252 thread.cpp:99] Thread 1048576 construct Actor kNormalForward 2199023255606
I1222 14:46:28.019486 85252 runtime_context.cpp:29] DecreaseCounter constructing_actor_cnt, current val is 3093
I1222 14:46:28.019532 85291 naive_actor.cpp:25] actor 2199025352808 switch to &NaiveActor::HandlerNormal
I1222 14:46:28.019608 85291 thread.cpp:99] Thread 1048577 construct Actor kCollectiveBoxingGeneric 2199025352808
I1222 14:46:28.019693 85291 runtime_context.cpp:29] DecreaseCounter constructing_actor_cnt, current val is 3092
I1222 14:46:28.019948 85291 naive_actor.cpp:25] actor 2199025352770 switch to &NaiveActor::HandlerNormal
I1222 14:46:28.020025 85291 thread.cpp:99] Thread 1048577 construct Actor kCollectiveBoxingGeneric 2199025352770
I1222 14:46:28.020109 85291 runtime_context.cpp:29] DecreaseCounter constructing_actor_cnt, current val is 3091
I1222 14:46:28.020344 85291 naive_actor.cpp:25] actor 2199025352773 switch to &NaiveActor::HandlerNormal
I1222 14:46:28.020416 85291 thread.cpp:99] Thread 1048577 construct Actor kCollectiveBoxingGeneric 2199025352773
I1222 14:46:28.020469 85252 naive_actor.cpp:25] actor 2199023255596 switch to &NaiveActor::HandlerNormal
I1222 14:46:28.020493 85291 runtime_context.cpp:29] DecreaseCounter constructing_actor_cnt, current val is 3090
I1222 14:46:28.020552 85252 thread.cpp:99] Thread 1048576 construct Actor kNormalForward 2199023255596
I1222 14:46:28.020699 85252 runtime_context.cpp:29] DecreaseCounter constructing_actor_cnt, current val is 3089
I1222 14:46:28.020814 85291 naive_actor.cpp:25] actor 2199025352816 switch to &NaiveActor::HandlerNormal
I1222 14:46:28.020890 85291 thread.cpp:99] Thread 1048577 construct Actor kCollectiveBoxingGeneric 2199025352816
I1222 14:46:28.020970 85291 runtime_context.cpp:29] DecreaseCounter constructing_actor_cnt, current val is 3088
I1222 14:46:28.021207 85291 naive_actor.cpp:25] actor 2199025352831 switch to &NaiveActor::HandlerNormal
I1222 14:46:28.021281 85291 thread.cpp:99] Thread 1048577 construct Actor kCollectiveBoxingGeneric 2199025352831
I1222 14:46:28.021363 85291 runtime_context.cpp:29] DecreaseCounter constructing_actor_cnt, current val is 3087
I1222 14:46:28.021598 85252 naive_actor.cpp:25] actor 2199023255570 switch to &NaiveActor::HandlerNormal
I1222 14:46:28.021625 85291 naive_actor.cpp:25] actor 2199025352708 switch to &NaiveActor::HandlerNormal
I1222 14:46:28.021680 85252 thread.cpp:99] Thread 1048576 construct Actor kNormalForward 2199023255570
I1222 14:46:28.021745 85291 thread.cpp:99] Thread 1048577 construct Actor kCollectiveBoxingGeneric 2199025352708
I1222 14:46:28.021839 85252 runtime_context.cpp:29] DecreaseCounter constructing_actor_cnt, current val is 3086
I1222 14:46:28.021862 85291 runtime_context.cpp:29] DecreaseCounter constructing_actor_cnt, current val is 3085
I1222 14:46:28.022121 85291 naive_actor.cpp:25] actor 2199025352872 switch to &NaiveActor::HandlerNormal
I1222 14:46:28.022197 85291 thread.cpp:99] Thread 1048577 construct Actor kCollectiveBoxingGeneric 2199025352872
I1222 14:46:28.022271 85291 runtime_context.cpp:29] DecreaseCounter constructing_actor_cnt, current val is 3084
I1222 14:46:28.022511 85291 naive_actor.cpp:25] actor 2199025352893 switch to &NaiveActor::HandlerNormal
I1222 14:46:28.022586 85291 thread.cpp:99] Thread 1048577 construct Actor kCollectiveBoxingGeneric 2199025352893
I1222 14:46:28.022663 85291 runtime_context.cpp:29] DecreaseCounter constructing_actor_cnt, current val is 3083
I1222 14:46:28.022918 85291 naive_actor.cpp:25] actor 2199025352714 switch to &NaiveActor::HandlerNormal
I1222 14:46:28.022995 85291 thread.cpp:99] Thread 1048577 construct Actor kCollectiveBoxingGeneric 2199025352714
I1222 14:46:28.023072 85291 runtime_context.cpp:29] DecreaseCounter constructing_actor_cnt, current val is 3082
I1222 14:46:28.023257 85252 naive_actor.cpp:25] actor 2199023255598 switch to &NaiveActor::HandlerNormal
I1222 14:46:28.023299 85291 naive_actor.cpp:25] actor 2199025352764 switch to &NaiveActor::HandlerNormal
I1222 14:46:28.023411 85252 thread.cpp:99] Thread 1048576 construct Actor kNormalForward 2199023255598
I1222 14:46:28.023928 85291 thread.cpp:99] Thread 1048577 construct Actor kCollectiveBoxingGeneric 2199025352764
I1222 14:46:28.024020 85252 runtime_context.cpp:29] DecreaseCounter constructing_actor_cnt, current val is 3081
I1222 14:46:28.024053 85291 runtime_context.cpp:29] DecreaseCounter constructing_actor_cnt, current val is 3080
I1222 14:46:28.024318 85291 naive_actor.cpp:25] actor 2199025352811 switch to &NaiveActor::HandlerNormal
I1222 14:46:28.024401 85291 thread.cpp:99] Thread 1048577 construct Actor kCollectiveBoxingGeneric 2199025352811
I1222 14:46:28.024471 85291 runtime_context.cpp:29] DecreaseCounter constructing_actor_cnt, current val is 3079
I1222 14:46:28.024708 85291 naive_actor.cpp:25] actor 2199025352861 switch to &NaiveActor::HandlerNormal
I1222 14:46:28.024802 85291 thread.cpp:99] Thread 1048577 construct Actor kCollectiveBoxingGeneric 2199025352861
I1222 14:46:28.024888 85291 runtime_context.cpp:29] DecreaseCounter constructing_actor_cnt, current val is 3078
I1222 14:46:28.024935 85252 naive_actor.cpp:25] actor 2199023255580 switch to &NaiveActor::HandlerNormal
