I1222 14:15:51.275997 80292 naive_actor.cpp:25] actor 2199023255552 switch to &NaiveActor::HandlerNormal
I1222 14:15:51.276039 80339 runtime_context.cpp:29] DecreaseCounter constructing_actor_cnt, current val is 3232
I1222 14:15:51.276072 80338 thread.cpp:99] Thread 1048579 construct Actor kCopyHd 2199029547010
I1222 14:15:51.276216 80328 runtime_context.cpp:29] DecreaseCounter constructing_actor_cnt, current val is 3231
I1222 14:15:51.276271 80350 copy_comm_net_actor.cpp:66] actor 1099656331272 switch to &CopyCommNetActor::HandlerNormal
I1222 14:15:51.276304 80304 thread.cpp:99] Thread 524288 construct Actor kSliceBoxing 1099511627777
I1222 14:15:51.276399 80292 thread.cpp:99] Thread 1048576 construct Actor kNormalForward 2199023255552
I1222 14:15:51.276563 80338 runtime_context.cpp:29] DecreaseCounter constructing_actor_cnt, current val is 3230
I1222 14:15:51.276661 80350 thread.cpp:99] Thread 524357 construct Actor kCopyCommNet 1099656331272
I1222 14:15:51.276809 80328 naive_actor.cpp:25] actor 2199025352704 switch to &NaiveActor::HandlerNormal
I1222 14:15:51.276816 80304 runtime_context.cpp:29] DecreaseCounter constructing_actor_cnt, current val is 3229
I1222 14:15:51.276846 80292 runtime_context.cpp:29] DecreaseCounter constructing_actor_cnt, current val is 3228
I1222 14:15:51.276942 80350 runtime_context.cpp:29] DecreaseCounter constructing_actor_cnt, current val is 3227
I1222 14:15:51.276988 80328 thread.cpp:99] Thread 1048577 construct Actor kCollectiveBoxingGeneric 2199025352704
I1222 14:15:51.277029 80339 naive_actor.cpp:25] actor 1099645845505 switch to &NaiveActor::HandlerNormal
I1222 14:15:51.277177 80338 naive_actor.cpp:25] actor 2199029547014 switch to &NaiveActor::HandlerNormal
I1222 14:15:51.277235 80328 runtime_context.cpp:29] DecreaseCounter constructing_actor_cnt, current val is 3226
I1222 14:15:51.277463 80292 naive_actor.cpp:25] actor 2199023255559 switch to &NaiveActor::HandlerNormal
I1222 14:15:51.277333 80339 thread.cpp:99] Thread 524352 construct Actor kTick 1099645845505
I1222 14:15:51.277437 80338 thread.cpp:99] Thread 1048579 construct Actor kCopyHd 2199029547014
I1222 14:15:51.277294 80350 copy_comm_net_actor.cpp:66] actor 1099656331268 switch to &CopyCommNetActor::HandlerNormal
I1222 14:15:51.277724 80338 runtime_context.cpp:29] DecreaseCounter constructing_actor_cnt, current val is 3224
I1222 14:15:51.277654 80328 naive_actor.cpp:25] actor 2199025352824 switch to &NaiveActor::HandlerNormal
I1222 14:15:51.277678 80339 runtime_context.cpp:29] DecreaseCounter constructing_actor_cnt, current val is 3225
I1222 14:15:51.277551 80292 thread.cpp:99] Thread 1048576 construct Actor kNormalForward 2199023255559
I1222 14:15:51.277732 80350 thread.cpp:99] Thread 524357 construct Actor kCopyCommNet 1099656331268
I1222 14:15:51.277876 80328 thread.cpp:99] Thread 1048577 construct Actor kCollectiveBoxingGeneric 2199025352824
I1222 14:15:51.278023 80292 runtime_context.cpp:29] DecreaseCounter constructing_actor_cnt, current val is 3223
I1222 14:15:51.278036 80338 naive_actor.cpp:25] actor 2199029547019 switch to &NaiveActor::HandlerNormal
I1222 14:15:51.278044 80350 runtime_context.cpp:29] DecreaseCounter constructing_actor_cnt, current val is 3222
I1222 14:15:51.278103 80328 runtime_context.cpp:29] DecreaseCounter constructing_actor_cnt, current val is 3221
I1222 14:15:51.278251 80338 thread.cpp:99] Thread 1048579 construct Actor kCopyHd 2199029547019
I1222 14:15:51.278403 80339 naive_actor.cpp:25] actor 1099645845509 switch to &NaiveActor::HandlerNormal
I1222 14:15:51.278415 80350 copy_comm_net_actor.cpp:66] actor 1099656331264 switch to &CopyCommNetActor::HandlerNormal
I1222 14:15:51.278510 80328 naive_actor.cpp:25] actor 2199025352841 switch to &NaiveActor::HandlerNormal
I1222 14:15:51.278601 80339 thread.cpp:99] Thread 524352 construct Actor kTick 1099645845509
I1222 14:15:51.278939 80338 runtime_context.cpp:29] DecreaseCounter constructing_actor_cnt, current val is 3220
I1222 14:15:51.279050 80350 thread.cpp:99] Thread 524357 construct Actor kCopyCommNet 1099656331264
I1222 14:15:51.279121 80328 thread.cpp:99] Thread 1048577 construct Actor kCollectiveBoxingGeneric 2199025352841
I1222 14:15:51.279381 80350 runtime_context.cpp:29] DecreaseCounter constructing_actor_cnt, current val is 3219
I1222 14:15:51.279415 80339 runtime_context.cpp:29] DecreaseCounter constructing_actor_cnt, current val is 3218
I1222 14:15:51.279453 80328 runtime_context.cpp:29] DecreaseCounter constructing_actor_cnt, current val is 3217
I1222 14:15:51.279522 80338 naive_actor.cpp:25] actor 2199029547017 switch to &NaiveActor::HandlerNormal
I1222 14:15:51.279608 80350 copy_comm_net_actor.cpp:66] actor 1099656331265 switch to &CopyCommNetActor::HandlerNormal
I1222 14:15:51.279675 80338 thread.cpp:99] Thread 1048579 construct Actor kCopyHd 2199029547017
I1222 14:15:51.279724 80350 thread.cpp:99] Thread 524357 construct Actor kCopyCommNet 1099656331265
I1222 14:15:51.279779 80328 naive_actor.cpp:25] actor 2199025352730 switch to &NaiveActor::HandlerNormal
I1222 14:15:51.279814 80338 runtime_context.cpp:29] DecreaseCounter constructing_actor_cnt, current val is 3216
I1222 14:15:51.279914 80292 naive_actor.cpp:25] actor 2199023255555 switch to &NaiveActor::HandlerNormal
I1222 14:15:51.279886 80328 thread.cpp:99] Thread 1048577 construct Actor kCollectiveBoxingGeneric 2199025352730
I1222 14:15:51.279855 80350 runtime_context.cpp:29] DecreaseCounter constructing_actor_cnt, current val is 3215
I1222 14:15:51.280086 80328 runtime_context.cpp:29] DecreaseCounter constructing_actor_cnt, current val is 3214
I1222 14:15:51.280012 80292 thread.cpp:99] Thread 1048576 construct Actor kNormalForward 2199023255555
I1222 14:15:51.280143 80338 naive_actor.cpp:25] actor 2199029547012 switch to &NaiveActor::HandlerNormal
I1222 14:15:51.280212 80339 naive_actor.cpp:25] actor 1099645845504 switch to &NaiveActor::HandlerNormal
I1222 14:15:51.280226 80350 copy_comm_net_actor.cpp:66] actor 1099656331270 switch to &CopyCommNetActor::HandlerNormal
I1222 14:15:51.280230 80292 runtime_context.cpp:29] DecreaseCounter constructing_actor_cnt, current val is 3213
I1222 14:15:51.280258 80338 thread.cpp:99] Thread 1048579 construct Actor kCopyHd 2199029547012
I1222 14:15:51.280295 80328 naive_actor.cpp:25] actor 2199025352746 switch to &NaiveActor::HandlerNormal
I1222 14:15:51.280356 80339 thread.cpp:99] Thread 524352 construct Actor kSrcSubsetTick 1099645845504
I1222 14:15:51.280392 80350 thread.cpp:99] Thread 524357 construct Actor kCopyCommNet 1099656331270
I1222 14:15:51.280514 80338 runtime_context.cpp:29] DecreaseCounter constructing_actor_cnt, current val is 3212
I1222 14:15:51.280546 80328 thread.cpp:99] Thread 1048577 construct Actor kCollectiveBoxingGeneric 2199025352746
I1222 14:15:51.280678 80350 runtime_context.cpp:29] DecreaseCounter constructing_actor_cnt, current val is 3211
I1222 14:15:51.280699 80339 runtime_context.cpp:29] DecreaseCounter constructing_actor_cnt, current val is 3210
I1222 14:15:51.280774 80328 runtime_context.cpp:29] DecreaseCounter constructing_actor_cnt, current val is 3209
I1222 14:15:51.280941 80350 copy_comm_net_actor.cpp:66] actor 1099656331271 switch to &CopyCommNetActor::HandlerNormal
I1222 14:15:51.280956 80338 naive_actor.cpp:25] actor 2199029547016 switch to &NaiveActor::HandlerNormal
I1222 14:15:51.281016 80350 thread.cpp:99] Thread 524357 construct Actor kCopyCommNet 1099656331271
I1222 14:15:51.281093 80338 thread.cpp:99] Thread 1048579 construct Actor kCopyHd 2199029547016
I1222 14:15:51.281100 80328 naive_actor.cpp:25] actor 2199025352723 switch to &NaiveActor::HandlerNormal
I1222 14:15:51.281167 80350 runtime_context.cpp:29] DecreaseCounter constructing_actor_cnt, current val is 3208
I1222 14:15:51.281234 80338 runtime_context.cpp:29] DecreaseCounter constructing_actor_cnt, current val is 3207
I1222 14:15:51.281361 80328 thread.cpp:99] Thread 1048577 construct Actor kCollectiveBoxingGeneric 2199025352723
I1222 14:15:51.281379 80339 naive_actor.cpp:25] actor 1099645845507 switch to &NaiveActor::HandlerNormal
I1222 14:15:51.281453 80292 naive_actor.cpp:25] actor 2199023255563 switch to &NaiveActor::HandlerNormal
I1222 14:15:51.281931 80328 runtime_context.cpp:29] DecreaseCounter constructing_actor_cnt, current val is 3206
I1222 14:15:51.281996 80339 thread.cpp:99] Thread 524352 construct Actor kTick 1099645845507
I1222 14:15:51.282034 80338 naive_actor.cpp:25] actor 2199029547009 switch to &NaiveActor::HandlerNormal
I1222 14:15:51.282249 80339 runtime_context.cpp:29] DecreaseCounter constructing_actor_cnt, current val is 3205
I1222 14:15:51.282317 80328 naive_actor.cpp:25] actor 2199025352785 switch to &NaiveActor::HandlerNormal
I1222 14:15:51.282260 80338 thread.cpp:99] Thread 1048579 construct Actor kCopyHd 2199029547009
I1222 14:15:51.282076 80292 thread.cpp:99] Thread 1048576 construct Actor kNormalForward 2199023255563
I1222 14:15:51.282392 80328 thread.cpp:99] Thread 1048577 construct Actor kCollectiveBoxingGeneric 2199025352785
I1222 14:15:51.282469 80338 runtime_context.cpp:29] DecreaseCounter constructing_actor_cnt, current val is 3204
I1222 14:15:51.282549 80292 runtime_context.cpp:29] DecreaseCounter constructing_actor_cnt, current val is 3203
I1222 14:15:51.282567 80328 runtime_context.cpp:29] DecreaseCounter constructing_actor_cnt, current val is 3202
I1222 14:15:51.282770 80338 naive_actor.cpp:25] actor 2199029547018 switch to &NaiveActor::HandlerNormal
I1222 14:15:51.282860 80338 thread.cpp:99] Thread 1048579 construct Actor kCopyHd 2199029547018
I1222 14:15:51.282871 80328 naive_actor.cpp:25] actor 2199025352734 switch to &NaiveActor::HandlerNormal
I1222 14:15:51.282989 80339 naive_actor.cpp:25] actor 1099645845513 switch to &NaiveActor::HandlerNormal
I1222 14:15:51.282943 80338 runtime_context.cpp:29] DecreaseCounter constructing_actor_cnt, current val is 3201
I1222 14:15:51.283002 80328 thread.cpp:99] Thread 1048577 construct Actor kCollectiveBoxingGeneric 2199025352734
I1222 14:15:51.283133 80339 thread.cpp:99] Thread 524352 construct Actor kDstSubsetTick 1099645845513
I1222 14:15:51.283269 80328 runtime_context.cpp:29] DecreaseCounter constructing_actor_cnt, current val is 3200
I1222 14:15:51.283360 80338 naive_actor.cpp:25] actor 2199029547020 switch to &NaiveActor::HandlerNormal
I1222 14:15:51.283389 80339 runtime_context.cpp:29] DecreaseCounter constructing_actor_cnt, current val is 3199
I1222 14:15:51.283502 80292 naive_actor.cpp:25] actor 2199023255595 switch to &NaiveActor::HandlerNormal
I1222 14:15:51.283452 80338 thread.cpp:99] Thread 1048579 construct Actor kCopyHd 2199029547020
I1222 14:15:51.283546 80328 naive_actor.cpp:25] actor 2199025352837 switch to &NaiveActor::HandlerNormal
I1222 14:15:51.283593 80292 thread.cpp:99] Thread 1048576 construct Actor kNormalForward 2199023255595
I1222 14:15:51.283699 80338 runtime_context.cpp:29] DecreaseCounter constructing_actor_cnt, current val is 3198
I1222 14:15:51.283746 80328 thread.cpp:99] Thread 1048577 construct Actor kCollectiveBoxingGeneric 2199025352837
I1222 14:15:51.283843 80292 runtime_context.cpp:29] DecreaseCounter constructing_actor_cnt, current val is 3197
I1222 14:15:51.283936 80328 runtime_context.cpp:29] DecreaseCounter constructing_actor_cnt, current val is 3196
I1222 14:15:51.284022 80339 naive_actor.cpp:25] actor 1099645845511 switch to &NaiveActor::HandlerNormal
I1222 14:15:51.284049 80338 naive_actor.cpp:25] actor 2199029547015 switch to &NaiveActor::HandlerNormal
I1222 14:15:51.284122 80339 thread.cpp:99] Thread 524352 construct Actor kDstSubsetTick 1099645845511
I1222 14:15:51.284168 80328 naive_actor.cpp:25] actor 2199025352771 switch to &NaiveActor::HandlerNormal
I1222 14:15:51.284194 80338 thread.cpp:99] Thread 1048579 construct Actor kCopyHd 2199029547015
I1222 14:15:51.284298 80339 runtime_context.cpp:29] DecreaseCounter constructing_actor_cnt, current val is 3195
I1222 14:15:51.284312 80292 naive_actor.cpp:25] actor 2199023255627 switch to &NaiveActor::HandlerNormal
I1222 14:15:51.284380 80328 thread.cpp:99] Thread 1048577 construct Actor kCollectiveBoxingGeneric 2199025352771
I1222 14:15:51.284832 80338 runtime_context.cpp:29] DecreaseCounter constructing_actor_cnt, current val is 3194
I1222 14:15:51.284932 80292 thread.cpp:99] Thread 1048576 construct Actor kNormalForward 2199023255627
I1222 14:15:51.285012 80328 runtime_context.cpp:29] DecreaseCounter constructing_actor_cnt, current val is 3193
I1222 14:15:51.285147 80292 runtime_context.cpp:29] DecreaseCounter constructing_actor_cnt, current val is 3192
I1222 14:15:51.285352 80328 naive_actor.cpp:25] actor 2199025352726 switch to &NaiveActor::HandlerNormal
I1222 14:15:51.285429 80328 thread.cpp:99] Thread 1048577 construct Actor kCollectiveBoxingGeneric 2199025352726
I1222 14:15:51.285498 80328 runtime_context.cpp:29] DecreaseCounter constructing_actor_cnt, current val is 3191
I1222 14:15:51.285517 80339 naive_actor.cpp:25] actor 1099645845512 switch to &NaiveActor::HandlerNormal
I1222 14:15:51.285586 80292 naive_actor.cpp:25] actor 2199023255561 switch to &NaiveActor::HandlerNormal
I1222 14:15:51.285653 80339 thread.cpp:99] Thread 524352 construct Actor kSrcSubsetTick 1099645845512
I1222 14:15:51.285725 80292 thread.cpp:99] Thread 1048576 construct Actor kNormalForward 2199023255561
I1222 14:15:51.285718 80328 naive_actor.cpp:25] actor 2199025352797 switch to &NaiveActor::HandlerNormal
I1222 14:15:51.285867 80339 runtime_context.cpp:29] DecreaseCounter constructing_actor_cnt, current val is 3190
I1222 14:15:51.285874 80292 runtime_context.cpp:29] DecreaseCounter constructing_actor_cnt, current val is 3189
I1222 14:15:51.285881 80328 thread.cpp:99] Thread 1048577 construct Actor kCollectiveBoxingGeneric 2199025352797
I1222 14:15:51.286017 80328 runtime_context.cpp:29] DecreaseCounter constructing_actor_cnt, current val is 3188
I1222 14:15:51.286201 80328 naive_actor.cpp:25] actor 2199025352863 switch to &NaiveActor::HandlerNormal
I1222 14:15:51.286262 80328 thread.cpp:99] Thread 1048577 construct Actor kCollectiveBoxingGeneric 2199025352863
I1222 14:15:51.286326 80328 runtime_context.cpp:29] DecreaseCounter constructing_actor_cnt, current val is 3187
I1222 14:15:51.286510 80328 naive_actor.cpp:25] actor 2199025352763 switch to &NaiveActor::HandlerNormal
I1222 14:15:51.286569 80328 thread.cpp:99] Thread 1048577 construct Actor kCollectiveBoxingGeneric 2199025352763
I1222 14:15:51.286631 80328 runtime_context.cpp:29] DecreaseCounter constructing_actor_cnt, current val is 3186
I1222 14:15:51.286823 80328 naive_actor.cpp:25] actor 2199025352811 switch to &NaiveActor::HandlerNormal
I1222 14:15:51.286877 80328 thread.cpp:99] Thread 1048577 construct Actor kCollectiveBoxingGeneric 2199025352811
I1222 14:15:51.286928 80328 runtime_context.cpp:29] DecreaseCounter constructing_actor_cnt, current val is 3185
I1222 14:15:51.286962 80292 naive_actor.cpp:25] actor 2199023255562 switch to &NaiveActor::HandlerNormal
I1222 14:15:51.287045 80292 thread.cpp:99] Thread 1048576 construct Actor kNormalForward 2199023255562
I1222 14:15:51.287111 80328 naive_actor.cpp:25] actor 2199025352881 switch to &NaiveActor::HandlerNormal
I1222 14:15:51.287142 80292 runtime_context.cpp:29] DecreaseCounter constructing_actor_cnt, current val is 3184
I1222 14:15:51.287170 80328 thread.cpp:99] Thread 1048577 construct Actor kCollectiveBoxingGeneric 2199025352881
I1222 14:15:51.287271 80328 runtime_context.cpp:29] DecreaseCounter constructing_actor_cnt, current val is 3183
I1222 14:15:51.287461 80328 naive_actor.cpp:25] actor 2199025352741 switch to &NaiveActor::HandlerNormal
I1222 14:15:51.287518 80328 thread.cpp:99] Thread 1048577 construct Actor kCollectiveBoxingGeneric 2199025352741
I1222 14:15:51.287580 80328 runtime_context.cpp:29] DecreaseCounter constructing_actor_cnt, current val is 3182
I1222 14:15:51.287845 80328 naive_actor.cpp:25] actor 2199025352833 switch to &NaiveActor::HandlerNormal
I1222 14:15:51.288127 80328 thread.cpp:99] Thread 1048577 construct Actor kCollectiveBoxingGeneric 2199025352833
I1222 14:15:51.288185 80328 runtime_context.cpp:29] DecreaseCounter constructing_actor_cnt, current val is 3181
I1222 14:15:51.288192 80292 naive_actor.cpp:25] actor 2199023255594 switch to &NaiveActor::HandlerNormal
I1222 14:15:51.288306 80292 thread.cpp:99] Thread 1048576 construct Actor kNormalForward 2199023255594
I1222 14:15:51.288395 80328 naive_actor.cpp:25] actor 2199025352852 switch to &NaiveActor::HandlerNormal
I1222 14:15:51.288406 80292 runtime_context.cpp:29] DecreaseCounter constructing_actor_cnt, current val is 3180
I1222 14:15:51.288457 80328 thread.cpp:99] Thread 1048577 construct Actor kCollectiveBoxingGeneric 2199025352852
I1222 14:15:51.288554 80328 runtime_context.cpp:29] DecreaseCounter constructing_actor_cnt, current val is 3179
I1222 14:15:51.288743 80328 naive_actor.cpp:25] actor 2199025352784 switch to &NaiveActor::HandlerNormal
I1222 14:15:51.288810 80328 thread.cpp:99] Thread 1048577 construct Actor kCollectiveBoxingGeneric 2199025352784
I1222 14:15:51.288875 80328 runtime_context.cpp:29] DecreaseCounter constructing_actor_cnt, current val is 3178
I1222 14:15:51.289083 80328 naive_actor.cpp:25] actor 2199025352813 switch to &NaiveActor::HandlerNormal
I1222 14:15:51.289144 80328 thread.cpp:99] Thread 1048577 construct Actor kCollectiveBoxingGeneric 2199025352813
I1222 14:15:51.289211 80328 runtime_context.cpp:29] DecreaseCounter constructing_actor_cnt, current val is 3177
I1222 14:15:51.289389 80328 naive_actor.cpp:25] actor 2199025352733 switch to &NaiveActor::HandlerNormal
I1222 14:15:51.289450 80328 thread.cpp:99] Thread 1048577 construct Actor kCollectiveBoxingGeneric 2199025352733
I1222 14:15:51.289479 80292 naive_actor.cpp:25] actor 2199023255564 switch to &NaiveActor::HandlerNormal
I1222 14:15:51.289513 80328 runtime_context.cpp:29] DecreaseCounter constructing_actor_cnt, current val is 3176
I1222 14:15:51.289569 80292 thread.cpp:99] Thread 1048576 construct Actor kNormalForward 2199023255564
I1222 14:15:51.289721 80292 runtime_context.cpp:29] DecreaseCounter constructing_actor_cnt, current val is 3175
I1222 14:15:51.289775 80328 naive_actor.cpp:25] actor 2199025352835 switch to &NaiveActor::HandlerNormal
I1222 14:15:51.289856 80328 thread.cpp:99] Thread 1048577 construct Actor kCollectiveBoxingGeneric 2199025352835
I1222 14:15:51.289942 80328 runtime_context.cpp:29] DecreaseCounter constructing_actor_cnt, current val is 3174
I1222 14:15:51.290134 80328 naive_actor.cpp:25] actor 2199025352874 switch to &NaiveActor::HandlerNormal
I1222 14:15:51.290194 80328 thread.cpp:99] Thread 1048577 construct Actor kCollectiveBoxingGeneric 2199025352874
I1222 14:15:51.290258 80328 runtime_context.cpp:29] DecreaseCounter constructing_actor_cnt, current val is 3173
I1222 14:15:51.290448 80328 naive_actor.cpp:25] actor 2199025352799 switch to &NaiveActor::HandlerNormal
I1222 14:15:51.290508 80328 thread.cpp:99] Thread 1048577 construct Actor kCollectiveBoxingGeneric 2199025352799
I1222 14:15:51.290567 80328 runtime_context.cpp:29] DecreaseCounter constructing_actor_cnt, current val is 3172
I1222 14:15:51.290762 80328 naive_actor.cpp:25] actor 2199025352856 switch to &NaiveActor::HandlerNormal
I1222 14:15:51.290796 80292 naive_actor.cpp:25] actor 2199023255578 switch to &NaiveActor::HandlerNormal
I1222 14:15:51.290835 80328 thread.cpp:99] Thread 1048577 construct Actor kCollectiveBoxingGeneric 2199025352856
I1222 14:15:51.290895 80292 thread.cpp:99] Thread 1048576 construct Actor kNormalForward 2199023255578
I1222 14:15:51.290946 80328 runtime_context.cpp:29] DecreaseCounter constructing_actor_cnt, current val is 3171
I1222 14:15:51.291008 80292 runtime_context.cpp:29] DecreaseCounter constructing_actor_cnt, current val is 3170
I1222 14:15:51.291162 80328 naive_actor.cpp:25] actor 2199025352744 switch to &NaiveActor::HandlerNormal
I1222 14:15:51.291293 80328 thread.cpp:99] Thread 1048577 construct Actor kCollectiveBoxingGeneric 2199025352744
I1222 14:15:51.291831 80292 naive_actor.cpp:25] actor 2199023255553 switch to &NaiveActor::HandlerNormal
I1222 14:15:51.291836 80328 runtime_context.cpp:29] DecreaseCounter constructing_actor_cnt, current val is 3169
I1222 14:15:51.291918 80292 thread.cpp:99] Thread 1048576 construct Actor kNormalForward 2199023255553
I1222 14:15:51.292063 80292 runtime_context.cpp:29] DecreaseCounter constructing_actor_cnt, current val is 3168
I1222 14:15:51.292155 80328 naive_actor.cpp:25] actor 2199025352842 switch to &NaiveActor::HandlerNormal
I1222 14:15:51.292217 80328 thread.cpp:99] Thread 1048577 construct Actor kCollectiveBoxingGeneric 2199025352842
I1222 14:15:51.292280 80328 runtime_context.cpp:29] DecreaseCounter constructing_actor_cnt, current val is 3167
I1222 14:15:51.292471 80328 naive_actor.cpp:25] actor 2199025352795 switch to &NaiveActor::HandlerNormal
I1222 14:15:51.292529 80328 thread.cpp:99] Thread 1048577 construct Actor kCollectiveBoxingGeneric 2199025352795
I1222 14:15:51.292596 80328 runtime_context.cpp:29] DecreaseCounter constructing_actor_cnt, current val is 3166
I1222 14:15:51.292804 80328 naive_actor.cpp:25] actor 2199025352819 switch to &NaiveActor::HandlerNormal
I1222 14:15:51.292865 80328 thread.cpp:99] Thread 1048577 construct Actor kCollectiveBoxingGeneric 2199025352819
I1222 14:15:51.292914 80328 runtime_context.cpp:29] DecreaseCounter constructing_actor_cnt, current val is 3165
I1222 14:15:51.293114 80328 naive_actor.cpp:25] actor 2199025352862 switch to &NaiveActor::HandlerNormal
I1222 14:15:51.293114 80292 naive_actor.cpp:25] actor 2199023255560 switch to &NaiveActor::HandlerNormal
I1222 14:15:51.293179 80328 thread.cpp:99] Thread 1048577 construct Actor kCollectiveBoxingGeneric 2199025352862
I1222 14:15:51.293237 80292 thread.cpp:99] Thread 1048576 construct Actor kNormalForward 2199023255560
I1222 14:15:51.293288 80328 runtime_context.cpp:29] DecreaseCounter constructing_actor_cnt, current val is 3164
I1222 14:15:51.293354 80292 runtime_context.cpp:29] DecreaseCounter constructing_actor_cnt, current val is 3163
I1222 14:15:51.293494 80328 naive_actor.cpp:25] actor 2199025352880 switch to &NaiveActor::HandlerNormal
I1222 14:15:51.293557 80328 thread.cpp:99] Thread 1048577 construct Actor kCollectiveBoxingGeneric 2199025352880
I1222 14:15:51.293624 80328 runtime_context.cpp:29] DecreaseCounter constructing_actor_cnt, current val is 3162
I1222 14:15:51.293818 80328 naive_actor.cpp:25] actor 2199025352722 switch to &NaiveActor::HandlerNormal
I1222 14:15:51.293884 80328 thread.cpp:99] Thread 1048577 construct Actor kCollectiveBoxingGeneric 2199025352722
I1222 14:15:51.293937 80328 runtime_context.cpp:29] DecreaseCounter constructing_actor_cnt, current val is 3161
I1222 14:15:51.294121 80328 naive_actor.cpp:25] actor 2199025352719 switch to &NaiveActor::HandlerNormal
I1222 14:15:51.294178 80328 thread.cpp:99] Thread 1048577 construct Actor kCollectiveBoxingGeneric 2199025352719
I1222 14:15:51.294226 80328 runtime_context.cpp:29] DecreaseCounter constructing_actor_cnt, current val is 3160
I1222 14:15:51.294255 80292 naive_actor.cpp:25] actor 2199023255554 switch to &NaiveActor::HandlerNormal
I1222 14:15:51.294342 80292 thread.cpp:99] Thread 1048576 construct Actor kNormalForward 2199023255554
I1222 14:15:51.294427 80328 naive_actor.cpp:25] actor 2199025352705 switch to &NaiveActor::HandlerNormal
I1222 14:15:51.294437 80292 runtime_context.cpp:29] DecreaseCounter constructing_actor_cnt, current val is 3159
I1222 14:15:51.294492 80328 thread.cpp:99] Thread 1048577 construct Actor kCollectiveBoxingGeneric 2199025352705
I1222 14:15:51.294590 80328 runtime_context.cpp:29] DecreaseCounter constructing_actor_cnt, current val is 3158
I1222 14:15:51.294808 80328 naive_actor.cpp:25] actor 2199025352809 switch to &NaiveActor::HandlerNormal
I1222 14:15:51.294868 80328 thread.cpp:99] Thread 1048577 construct Actor kCollectiveBoxingGeneric 2199025352809
I1222 14:15:51.294924 80328 runtime_context.cpp:29] DecreaseCounter constructing_actor_cnt, current val is 3157
I1222 14:15:51.295171 80328 naive_actor.cpp:25] actor 2199025352712 switch to &NaiveActor::HandlerNormal
I1222 14:15:51.295595 80292 naive_actor.cpp:25] actor 2199023255576 switch to &NaiveActor::HandlerNormal
I1222 14:15:51.295595 80328 thread.cpp:99] Thread 1048577 construct Actor kCollectiveBoxingGeneric 2199025352712
I1222 14:15:51.295680 80292 thread.cpp:99] Thread 1048576 construct Actor kNormalForward 2199023255576
I1222 14:15:51.295737 80328 runtime_context.cpp:29] DecreaseCounter constructing_actor_cnt, current val is 3156
I1222 14:15:51.295814 80292 runtime_context.cpp:29] DecreaseCounter constructing_actor_cnt, current val is 3155
I1222 14:15:51.295970 80328 naive_actor.cpp:25] actor 2199025352900 switch to &NaiveActor::HandlerNormal
I1222 14:15:51.296032 80328 thread.cpp:99] Thread 1048577 construct Actor kCollectiveBoxingGeneric 2199025352900
I1222 14:15:51.296097 80328 runtime_context.cpp:29] DecreaseCounter constructing_actor_cnt, current val is 3154
I1222 14:15:51.296201 80292 naive_actor.cpp:25] actor 2199023255557 switch to &NaiveActor::HandlerNormal
I1222 14:15:51.296273 80292 thread.cpp:99] Thread 1048576 construct Actor kNormalForward 2199023255557
I1222 14:15:51.296294 80328 naive_actor.cpp:25] actor 2199025352743 switch to &NaiveActor::HandlerNormal
I1222 14:15:51.296370 80292 runtime_context.cpp:29] DecreaseCounter constructing_actor_cnt, current val is 3153
I1222 14:15:51.296371 80328 thread.cpp:99] Thread 1048577 construct Actor kCollectiveBoxingGeneric 2199025352743
I1222 14:15:51.296491 80328 runtime_context.cpp:29] DecreaseCounter constructing_actor_cnt, current val is 3152
I1222 14:15:51.296692 80328 naive_actor.cpp:25] actor 2199025352739 switch to &NaiveActor::HandlerNormal
I1222 14:15:51.296753 80292 naive_actor.cpp:25] actor 2199023255608 switch to &NaiveActor::HandlerNormal
I1222 14:15:51.296753 80328 thread.cpp:99] Thread 1048577 construct Actor kCollectiveBoxingGeneric 2199025352739
I1222 14:15:51.296838 80292 thread.cpp:99] Thread 1048576 construct Actor kNormalForward 2199023255608
I1222 14:15:51.296890 80328 runtime_context.cpp:29] DecreaseCounter constructing_actor_cnt, current val is 3151
I1222 14:15:51.296957 80292 runtime_context.cpp:29] DecreaseCounter constructing_actor_cnt, current val is 3150
I1222 14:15:51.297098 80328 naive_actor.cpp:25] actor 2199025352798 switch to &NaiveActor::HandlerNormal
I1222 14:15:51.297158 80328 thread.cpp:99] Thread 1048577 construct Actor kCollectiveBoxingGeneric 2199025352798
I1222 14:15:51.297210 80328 runtime_context.cpp:29] DecreaseCounter constructing_actor_cnt, current val is 3149
I1222 14:15:51.297389 80328 naive_actor.cpp:25] actor 2199025352755 switch to &NaiveActor::HandlerNormal
I1222 14:15:51.297446 80328 thread.cpp:99] Thread 1048577 construct Actor kCollectiveBoxingGeneric 2199025352755
I1222 14:15:51.297509 80328 runtime_context.cpp:29] DecreaseCounter constructing_actor_cnt, current val is 3148
I1222 14:15:51.297706 80328 naive_actor.cpp:25] actor 2199025352768 switch to &NaiveActor::HandlerNormal
I1222 14:15:51.297765 80328 thread.cpp:99] Thread 1048577 construct Actor kCollectiveBoxingGeneric 2199025352768
I1222 14:15:51.297827 80328 runtime_context.cpp:29] DecreaseCounter constructing_actor_cnt, current val is 3147
I1222 14:15:51.297876 80292 naive_actor.cpp:25] actor 2199023255579 switch to &NaiveActor::HandlerNormal
I1222 14:15:51.297955 80292 thread.cpp:99] Thread 1048576 construct Actor kNormalForward 2199023255579
I1222 14:15:51.298022 80328 naive_actor.cpp:25] actor 2199025352897 switch to &NaiveActor::HandlerNormal
I1222 14:15:51.298049 80292 runtime_context.cpp:29] DecreaseCounter constructing_actor_cnt, current val is 3146
I1222 14:15:51.298072 80328 thread.cpp:99] Thread 1048577 construct Actor kCollectiveBoxingGeneric 2199025352897
I1222 14:15:51.298159 80328 runtime_context.cpp:29] DecreaseCounter constructing_actor_cnt, current val is 3145
I1222 14:15:51.298367 80328 naive_actor.cpp:25] actor 2199025352764 switch to &NaiveActor::HandlerNormal
I1222 14:15:51.298424 80328 thread.cpp:99] Thread 1048577 construct Actor kCollectiveBoxingGeneric 2199025352764
I1222 14:15:51.298542 80328 runtime_context.cpp:29] DecreaseCounter constructing_actor_cnt, current val is 3144
I1222 14:15:51.299052 80292 naive_actor.cpp:25] actor 2199023255571 switch to &NaiveActor::HandlerNormal
I1222 14:15:51.299168 80292 thread.cpp:99] Thread 1048576 construct Actor kNormalForward 2199023255571
I1222 14:15:51.299248 80328 naive_actor.cpp:25] actor 2199025352778 switch to &NaiveActor::HandlerNormal
I1222 14:15:51.299268 80292 runtime_context.cpp:29] DecreaseCounter constructing_actor_cnt, current val is 3143
I1222 14:15:51.299312 80328 thread.cpp:99] Thread 1048577 construct Actor kCollectiveBoxingGeneric 2199025352778
I1222 14:15:51.299424 80328 runtime_context.cpp:29] DecreaseCounter constructing_actor_cnt, current val is 3142
I1222 14:15:51.299633 80328 naive_actor.cpp:25] actor 2199025352816 switch to &NaiveActor::HandlerNormal
I1222 14:15:51.299690 80328 thread.cpp:99] Thread 1048577 construct Actor kCollectiveBoxingGeneric 2199025352816
I1222 14:15:51.299695 80292 naive_actor.cpp:25] actor 2199023255575 switch to &NaiveActor::HandlerNormal
I1222 14:15:51.299759 80328 runtime_context.cpp:29] DecreaseCounter constructing_actor_cnt, current val is 3141
I1222 14:15:51.299815 80292 thread.cpp:99] Thread 1048576 construct Actor kNormalForward 2199023255575
I1222 14:15:51.299952 80292 runtime_context.cpp:29] DecreaseCounter constructing_actor_cnt, current val is 3140
I1222 14:15:51.300021 80328 naive_actor.cpp:25] actor 2199025352775 switch to &NaiveActor::HandlerNormal
I1222 14:15:51.300081 80328 thread.cpp:99] Thread 1048577 construct Actor kCollectiveBoxingGeneric 2199025352775
I1222 14:15:51.300143 80328 runtime_context.cpp:29] DecreaseCounter constructing_actor_cnt, current val is 3139
I1222 14:15:51.300330 80328 naive_actor.cpp:25] actor 2199025352850 switch to &NaiveActor::HandlerNormal
I1222 14:15:51.300397 80328 thread.cpp:99] Thread 1048577 construct Actor kCollectiveBoxingGeneric 2199025352850
I1222 14:15:51.300448 80328 runtime_context.cpp:29] DecreaseCounter constructing_actor_cnt, current val is 3138
I1222 14:15:51.300626 80328 naive_actor.cpp:25] actor 2199025352707 switch to &NaiveActor::HandlerNormal
I1222 14:15:51.300684 80328 thread.cpp:99] Thread 1048577 construct Actor kCollectiveBoxingGeneric 2199025352707
I1222 14:15:51.300763 80328 runtime_context.cpp:29] DecreaseCounter constructing_actor_cnt, current val is 3137
I1222 14:15:51.300947 80328 naive_actor.cpp:25] actor 2199025352793 switch to &NaiveActor::HandlerNormal
I1222 14:15:51.300959 80292 naive_actor.cpp:25] actor 2199023255588 switch to &NaiveActor::HandlerNormal
I1222 14:15:51.301009 80328 thread.cpp:99] Thread 1048577 construct Actor kCollectiveBoxingGeneric 2199025352793
I1222 14:15:51.301084 80292 thread.cpp:99] Thread 1048576 construct Actor kNormalForward 2199023255588
I1222 14:15:51.301133 80328 runtime_context.cpp:29] DecreaseCounter constructing_actor_cnt, current val is 3136
I1222 14:15:51.301203 80292 runtime_context.cpp:29] DecreaseCounter constructing_actor_cnt, current val is 3135
I1222 14:15:51.301326 80328 naive_actor.cpp:25] actor 2199025352859 switch to &NaiveActor::HandlerNormal
I1222 14:15:51.301395 80328 thread.cpp:99] Thread 1048577 construct Actor kCollectiveBoxingGeneric 2199025352859
I1222 14:15:51.301461 80328 runtime_context.cpp:29] DecreaseCounter constructing_actor_cnt, current val is 3134
I1222 14:15:51.301687 80328 naive_actor.cpp:25] actor 2199025352715 switch to &NaiveActor::HandlerNormal
I1222 14:15:51.301749 80328 thread.cpp:99] Thread 1048577 construct Actor kCollectiveBoxingGeneric 2199025352715
I1222 14:15:51.301823 80328 runtime_context.cpp:29] DecreaseCounter constructing_actor_cnt, current val is 3133
I1222 14:15:51.302006 80328 naive_actor.cpp:25] actor 2199025352708 switch to &NaiveActor::HandlerNormal
I1222 14:15:51.302064 80328 thread.cpp:99] Thread 1048577 construct Actor kCollectiveBoxingGeneric 2199025352708
I1222 14:15:51.302103 80292 naive_actor.cpp:25] actor 2199023255597 switch to &NaiveActor::HandlerNormal
I1222 14:15:51.302114 80328 runtime_context.cpp:29] DecreaseCounter constructing_actor_cnt, current val is 3132
I1222 14:15:51.302256 80292 thread.cpp:99] Thread 1048576 construct Actor kNormalForward 2199023255597
I1222 14:15:51.302824 80292 runtime_context.cpp:29] DecreaseCounter constructing_actor_cnt, current val is 3131
I1222 14:15:51.302889 80328 naive_actor.cpp:25] actor 2199025352801 switch to &NaiveActor::HandlerNormal
I1222 14:15:51.302948 80328 thread.cpp:99] Thread 1048577 construct Actor kCollectiveBoxingGeneric 2199025352801
I1222 14:15:51.303012 80328 runtime_context.cpp:29] DecreaseCounter constructing_actor_cnt, current val is 3130
I1222 14:15:51.303192 80328 naive_actor.cpp:25] actor 2199025352815 switch to &NaiveActor::HandlerNormal
I1222 14:15:51.303205 80292 naive_actor.cpp:25] actor 2199023255577 switch to &NaiveActor::HandlerNormal
I1222 14:15:51.303256 80328 thread.cpp:99] Thread 1048577 construct Actor kCollectiveBoxingGeneric 2199025352815
I1222 14:15:51.303309 80292 thread.cpp:99] Thread 1048576 construct Actor kNormalForward 2199023255577
I1222 14:15:51.303386 80328 runtime_context.cpp:29] DecreaseCounter constructing_actor_cnt, current val is 3129
I1222 14:15:51.303440 80292 runtime_context.cpp:29] DecreaseCounter constructing_actor_cnt, current val is 3128
I1222 14:15:51.303601 80328 naive_actor.cpp:25] actor 2199025352805 switch to &NaiveActor::HandlerNormal
I1222 14:15:51.303660 80328 thread.cpp:99] Thread 1048577 construct Actor kCollectiveBoxingGeneric 2199025352805
I1222 14:15:51.303723 80328 runtime_context.cpp:29] DecreaseCounter constructing_actor_cnt, current val is 3127
I1222 14:15:51.303982 80328 naive_actor.cpp:25] actor 2199025352706 switch to &NaiveActor::HandlerNormal
I1222 14:15:51.304041 80328 thread.cpp:99] Thread 1048577 construct Actor kCollectiveBoxingGeneric 2199025352706
I1222 14:15:51.304113 80328 runtime_context.cpp:29] DecreaseCounter constructing_actor_cnt, current val is 3126
I1222 14:15:51.304316 80328 naive_actor.cpp:25] actor 2199025352750 switch to &NaiveActor::HandlerNormal
I1222 14:15:51.304373 80328 thread.cpp:99] Thread 1048577 construct Actor kCollectiveBoxingGeneric 2199025352750
I1222 14:15:51.304435 80328 runtime_context.cpp:29] DecreaseCounter constructing_actor_cnt, current val is 3125
I1222 14:15:51.304464 80292 naive_actor.cpp:25] actor 2199023255584 switch to &NaiveActor::HandlerNormal
I1222 14:15:51.304558 80292 thread.cpp:99] Thread 1048576 construct Actor kNormalForward 2199023255584
I1222 14:15:51.304648 80328 naive_actor.cpp:25] actor 2199025352823 switch to &NaiveActor::HandlerNormal
I1222 14:15:51.304658 80292 runtime_context.cpp:29] DecreaseCounter constructing_actor_cnt, current val is 3124
I1222 14:15:51.304713 80328 thread.cpp:99] Thread 1048577 construct Actor kCollectiveBoxingGeneric 2199025352823
I1222 14:15:51.304838 80328 runtime_context.cpp:29] DecreaseCounter constructing_actor_cnt, current val is 3123
I1222 14:15:51.305027 80328 naive_actor.cpp:25] actor 2199025352840 switch to &NaiveActor::HandlerNormal
I1222 14:15:51.305081 80328 thread.cpp:99] Thread 1048577 construct Actor kCollectiveBoxingGeneric 2199025352840
I1222 14:15:51.305143 80328 runtime_context.cpp:29] DecreaseCounter constructing_actor_cnt, current val is 3122
I1222 14:15:51.305320 80328 naive_actor.cpp:25] actor 2199025352728 switch to &NaiveActor::HandlerNormal
I1222 14:15:51.305377 80328 thread.cpp:99] Thread 1048577 construct Actor kCollectiveBoxingGeneric 2199025352728
I1222 14:15:51.305438 80328 runtime_context.cpp:29] DecreaseCounter constructing_actor_cnt, current val is 3121
I1222 14:15:51.305639 80328 naive_actor.cpp:25] actor 2199025352740 switch to &NaiveActor::HandlerNormal
I1222 14:15:51.305670 80292 naive_actor.cpp:25] actor 2199023255591 switch to &NaiveActor::HandlerNormal
I1222 14:15:51.305701 80328 thread.cpp:99] Thread 1048577 construct Actor kCollectiveBoxingGeneric 2199025352740
I1222 14:15:51.305776 80292 thread.cpp:99] Thread 1048576 construct Actor kNormalForward 2199023255591
I1222 14:15:51.305837 80328 runtime_context.cpp:29] DecreaseCounter constructing_actor_cnt, current val is 3120
I1222 14:15:51.305913 80292 runtime_context.cpp:29] DecreaseCounter constructing_actor_cnt, current val is 3119
I1222 14:15:51.306118 80328 naive_actor.cpp:25] actor 2199025352858 switch to &NaiveActor::HandlerNormal
I1222 14:15:51.306470 80328 thread.cpp:99] Thread 1048577 construct Actor kCollectiveBoxingGeneric 2199025352858
I1222 14:15:51.306535 80328 runtime_context.cpp:29] DecreaseCounter constructing_actor_cnt, current val is 3118
I1222 14:15:51.306725 80328 naive_actor.cpp:25] actor 2199025352866 switch to &NaiveActor::HandlerNormal
I1222 14:15:51.306773 80292 naive_actor.cpp:25] actor 2199023255587 switch to &NaiveActor::HandlerNormal
I1222 14:15:51.306794 80328 thread.cpp:99] Thread 1048577 construct Actor kCollectiveBoxingGeneric 2199025352866
I1222 14:15:51.306869 80292 thread.cpp:99] Thread 1048576 construct Actor kNormalForward 2199023255587
I1222 14:15:51.306936 80328 runtime_context.cpp:29] DecreaseCounter constructing_actor_cnt, current val is 3117
I1222 14:15:51.307000 80292 runtime_context.cpp:29] DecreaseCounter constructing_actor_cnt, current val is 3116
I1222 14:15:51.307137 80328 naive_actor.cpp:25] actor 2199025352770 switch to &NaiveActor::HandlerNormal
I1222 14:15:51.307199 80328 thread.cpp:99] Thread 1048577 construct Actor kCollectiveBoxingGeneric 2199025352770
I1222 14:15:51.307251 80328 runtime_context.cpp:29] DecreaseCounter constructing_actor_cnt, current val is 3115
I1222 14:15:51.307435 80328 naive_actor.cpp:25] actor 2199025352721 switch to &NaiveActor::HandlerNormal
I1222 14:15:51.307493 80328 thread.cpp:99] Thread 1048577 construct Actor kCollectiveBoxingGeneric 2199025352721
I1222 14:15:51.307541 80328 runtime_context.cpp:29] DecreaseCounter constructing_actor_cnt, current val is 3114
I1222 14:15:51.307739 80328 naive_actor.cpp:25] actor 2199025352714 switch to &NaiveActor::HandlerNormal
I1222 14:15:51.307806 80328 thread.cpp:99] Thread 1048577 construct Actor kCollectiveBoxingGeneric 2199025352714
I1222 14:15:51.307862 80328 runtime_context.cpp:29] DecreaseCounter constructing_actor_cnt, current val is 3113
I1222 14:15:51.308008 80292 naive_actor.cpp:25] actor 2199023255619 switch to &NaiveActor::HandlerNormal
I1222 14:15:51.308044 80328 naive_actor.cpp:25] actor 2199025352759 switch to &NaiveActor::HandlerNormal
I1222 14:15:51.308094 80292 thread.cpp:99] Thread 1048576 construct Actor kNormalForward 2199023255619
I1222 14:15:51.308151 80328 thread.cpp:99] Thread 1048577 construct Actor kCollectiveBoxingGeneric 2199025352759
I1222 14:15:51.308250 80292 runtime_context.cpp:29] DecreaseCounter constructing_actor_cnt, current val is 3112
I1222 14:15:51.308250 80328 runtime_context.cpp:29] DecreaseCounter constructing_actor_cnt, current val is 3111
I1222 14:15:51.308493 80328 naive_actor.cpp:25] actor 2199025352720 switch to &NaiveActor::HandlerNormal
I1222 14:15:51.308560 80328 thread.cpp:99] Thread 1048577 construct Actor kCollectiveBoxingGeneric 2199025352720
I1222 14:15:51.308622 80328 runtime_context.cpp:29] DecreaseCounter constructing_actor_cnt, current val is 3110
I1222 14:15:51.308624 80292 naive_actor.cpp:25] actor 2199023255659 switch to &NaiveActor::HandlerNormal
I1222 14:15:51.308739 80292 thread.cpp:99] Thread 1048576 construct Actor kNormalForward 2199023255659
I1222 14:15:51.308830 80328 naive_actor.cpp:25] actor 2199025352878 switch to &NaiveActor::HandlerNormal
I1222 14:15:51.308832 80292 runtime_context.cpp:29] DecreaseCounter constructing_actor_cnt, current val is 3109
I1222 14:15:51.308881 80328 thread.cpp:99] Thread 1048577 construct Actor kCollectiveBoxingGeneric 2199025352878
I1222 14:15:51.308980 80328 runtime_context.cpp:29] DecreaseCounter constructing_actor_cnt, current val is 3108
I1222 14:15:51.309180 80328 naive_actor.cpp:25] actor 2199025352884 switch to &NaiveActor::HandlerNormal
I1222 14:15:51.309238 80328 thread.cpp:99] Thread 1048577 construct Actor kCollectiveBoxingGeneric 2199025352884
I1222 14:15:51.309304 80328 runtime_context.cpp:29] DecreaseCounter constructing_actor_cnt, current val is 3107
I1222 14:15:51.309571 80328 naive_actor.cpp:25] actor 2199025352727 switch to &NaiveActor::HandlerNormal
I1222 14:15:51.309792 80292 naive_actor.cpp:25] actor 2199023255593 switch to &NaiveActor::HandlerNormal
I1222 14:15:51.309901 80328 thread.cpp:99] Thread 1048577 construct Actor kCollectiveBoxingGeneric 2199025352727
I1222 14:15:51.309962 80292 thread.cpp:99] Thread 1048576 construct Actor kNormalForward 2199023255593
I1222 14:15:51.310025 80328 runtime_context.cpp:29] DecreaseCounter constructing_actor_cnt, current val is 3106
I1222 14:15:51.310077 80292 runtime_context.cpp:29] DecreaseCounter constructing_actor_cnt, current val is 3105
I1222 14:15:51.310271 80328 naive_actor.cpp:25] actor 2199025352830 switch to &NaiveActor::HandlerNormal
I1222 14:15:51.310331 80328 thread.cpp:99] Thread 1048577 construct Actor kCollectiveBoxingGeneric 2199025352830
I1222 14:15:51.310390 80328 runtime_context.cpp:29] DecreaseCounter constructing_actor_cnt, current val is 3104
I1222 14:15:51.310593 80328 naive_actor.cpp:25] actor 2199025352899 switch to &NaiveActor::HandlerNormal
I1222 14:15:51.310658 80328 thread.cpp:99] Thread 1048577 construct Actor kCollectiveBoxingGeneric 2199025352899
I1222 14:15:51.310726 80328 runtime_context.cpp:29] DecreaseCounter constructing_actor_cnt, current val is 3103
I1222 14:15:51.311030 80328 naive_actor.cpp:25] actor 2199025352849 switch to &NaiveActor::HandlerNormal
I1222 14:15:51.311095 80328 thread.cpp:99] Thread 1048577 construct Actor kCollectiveBoxingGeneric 2199025352849
I1222 14:15:51.311154 80328 runtime_context.cpp:29] DecreaseCounter constructing_actor_cnt, current val is 3102
I1222 14:15:51.311188 80292 naive_actor.cpp:25] actor 2199023255626 switch to &NaiveActor::HandlerNormal
I1222 14:15:51.311280 80292 thread.cpp:99] Thread 1048576 construct Actor kNormalForward 2199023255626
I1222 14:15:51.311362 80328 naive_actor.cpp:25] actor 2199025352765 switch to &NaiveActor::HandlerNormal
I1222 14:15:51.311379 80292 runtime_context.cpp:29] DecreaseCounter constructing_actor_cnt, current val is 3101
I1222 14:15:51.311429 80328 thread.cpp:99] Thread 1048577 construct Actor kCollectiveBoxingGeneric 2199025352765
I1222 14:15:51.311545 80328 runtime_context.cpp:29] DecreaseCounter constructing_actor_cnt, current val is 3100
I1222 14:15:51.311744 80328 naive_actor.cpp:25] actor 2199025352738 switch to &NaiveActor::HandlerNormal
I1222 14:15:51.311820 80328 thread.cpp:99] Thread 1048577 construct Actor kCollectiveBoxingGeneric 2199025352738
I1222 14:15:51.311889 80328 runtime_context.cpp:29] DecreaseCounter constructing_actor_cnt, current val is 3099
I1222 14:15:51.312090 80328 naive_actor.cpp:25] actor 2199025352758 switch to &NaiveActor::HandlerNormal
I1222 14:15:51.312145 80328 thread.cpp:99] Thread 1048577 construct Actor kCollectiveBoxingGeneric 2199025352758
I1222 14:15:51.312216 80328 runtime_context.cpp:29] DecreaseCounter constructing_actor_cnt, current val is 3098
I1222 14:15:51.312402 80292 naive_actor.cpp:25] actor 2199023255558 switch to &NaiveActor::HandlerNormal
I1222 14:15:51.312410 80328 naive_actor.cpp:25] actor 2199025352713 switch to &NaiveActor::HandlerNormal
I1222 14:15:51.312484 80292 thread.cpp:99] Thread 1048576 construct Actor kNormalForward 2199023255558
I1222 14:15:51.312558 80328 thread.cpp:99] Thread 1048577 construct Actor kCollectiveBoxingGeneric 2199025352713
I1222 14:15:51.312645 80292 runtime_context.cpp:29] DecreaseCounter constructing_actor_cnt, current val is 3097
I1222 14:15:51.312654 80328 runtime_context.cpp:29] DecreaseCounter constructing_actor_cnt, current val is 3096
I1222 14:15:51.312886 80328 naive_actor.cpp:25] actor 2199025352870 switch to &NaiveActor::HandlerNormal
I1222 14:15:51.312965 80328 thread.cpp:99] Thread 1048577 construct Actor kCollectiveBoxingGeneric 2199025352870
I1222 14:15:51.313024 80328 runtime_context.cpp:29] DecreaseCounter constructing_actor_cnt, current val is 3095
I1222 14:15:51.313225 80328 naive_actor.cpp:25] actor 2199025352742 switch to &NaiveActor::HandlerNormal
I1222 14:15:51.313289 80328 thread.cpp:99] Thread 1048577 construct Actor kCollectiveBoxingGeneric 2199025352742
I1222 14:15:51.313426 80328 runtime_context.cpp:29] DecreaseCounter constructing_actor_cnt, current val is 3094
I1222 14:15:51.313565 80292 naive_actor.cpp:25] actor 2199023255580 switch to &NaiveActor::HandlerNormal
I1222 14:15:51.313911 80292 thread.cpp:99] Thread 1048576 construct Actor kNormalForward 2199023255580
I1222 14:15:51.314009 80292 runtime_context.cpp:29] DecreaseCounter constructing_actor_cnt, current val is 3093
I1222 14:15:51.314024 80328 naive_actor.cpp:25] actor 2199025352756 switch to &NaiveActor::HandlerNormal
I1222 14:15:51.314114 80328 thread.cpp:99] Thread 1048577 construct Actor kCollectiveBoxingGeneric 2199025352756
I1222 14:15:51.314182 80328 runtime_context.cpp:29] DecreaseCounter constructing_actor_cnt, current val is 3092
I1222 14:15:51.314386 80328 naive_actor.cpp:25] actor 2199025352794 switch to &NaiveActor::HandlerNormal
I1222 14:15:51.314450 80328 thread.cpp:99] Thread 1048577 construct Actor kCollectiveBoxingGeneric 2199025352794
I1222 14:15:51.314504 80328 runtime_context.cpp:29] DecreaseCounter constructing_actor_cnt, current val is 3091
I1222 14:15:51.314692 80328 naive_actor.cpp:25] actor 2199025352760 switch to &NaiveActor::HandlerNormal
I1222 14:15:51.314759 80328 thread.cpp:99] Thread 1048577 construct Actor kCollectiveBoxingGeneric 2199025352760
I1222 14:15:51.314838 80328 runtime_context.cpp:29] DecreaseCounter constructing_actor_cnt, current val is 3090
I1222 14:15:51.315008 80292 naive_actor.cpp:25] actor 2199023255596 switch to &NaiveActor::HandlerNormal
I1222 14:15:51.315045 80328 naive_actor.cpp:25] actor 2199025352757 switch to &NaiveActor::HandlerNormal
I1222 14:15:51.315093 80292 thread.cpp:99] Thread 1048576 construct Actor kNormalForward 2199023255596
I1222 14:15:51.315153 80328 thread.cpp:99] Thread 1048577 construct Actor kCollectiveBoxingGeneric 2199025352757
I1222 14:15:51.315245 80292 runtime_context.cpp:29] DecreaseCounter constructing_actor_cnt, current val is 3089
I1222 14:15:51.315268 80328 runtime_context.cpp:29] DecreaseCounter constructing_actor_cnt, current val is 3088
I1222 14:15:51.315482 80328 naive_actor.cpp:25] actor 2199025352709 switch to &NaiveActor::HandlerNormal
I1222 14:15:51.315546 80328 thread.cpp:99] Thread 1048577 construct Actor kCollectiveBoxingGeneric 2199025352709
I1222 14:15:51.315613 80328 runtime_context.cpp:29] DecreaseCounter constructing_actor_cnt, current val is 3087
I1222 14:15:51.315815 80328 naive_actor.cpp:25] actor 2199025352808 switch to &NaiveActor::HandlerNormal
I1222 14:15:51.315881 80328 thread.cpp:99] Thread 1048577 construct Actor kCollectiveBoxingGeneric 2199025352808
I1222 14:15:51.315946 80328 runtime_context.cpp:29] DecreaseCounter constructing_actor_cnt, current val is 3086
I1222 14:15:51.316159 80328 naive_actor.cpp:25] actor 2199025352892 switch to &NaiveActor::HandlerNormal
I1222 14:15:51.316222 80328 thread.cpp:99] Thread 1048577 construct Actor kCollectiveBoxingGeneric 2199025352892
I1222 14:15:51.316291 80328 runtime_context.cpp:29] DecreaseCounter constructing_actor_cnt, current val is 3085
I1222 14:15:51.316498 80328 naive_actor.cpp:25] actor 2199025352725 switch to &NaiveActor::HandlerNormal
I1222 14:15:51.316562 80328 thread.cpp:99] Thread 1048577 construct Actor kCollectiveBoxingGeneric 2199025352725
I1222 14:15:51.316617 80328 runtime_context.cpp:29] DecreaseCounter constructing_actor_cnt, current val is 3084
I1222 14:15:51.316752 80292 naive_actor.cpp:25] actor 2199023255610 switch to &NaiveActor::HandlerNormal
I1222 14:15:51.316825 80328 naive_actor.cpp:25] actor 2199025352782 switch to &NaiveActor::HandlerNormal
I1222 14:15:51.316845 80292 thread.cpp:99] Thread 1048576 construct Actor kNormalForward 2199023255610
I1222 14:15:51.316890 80328 thread.cpp:99] Thread 1048577 construct Actor kCollectiveBoxingGeneric 2199025352782
I1222 14:15:51.317014 80328 runtime_context.cpp:29] DecreaseCounter constructing_actor_cnt, current val is 3083
I1222 14:15:51.317016 80292 runtime_context.cpp:29] DecreaseCounter constructing_actor_cnt, current val is 3082
I1222 14:15:51.317229 80328 naive_actor.cpp:25] actor 2199025352710 switch to &NaiveActor::HandlerNormal
I1222 14:15:51.317489 80292 naive_actor.cpp:25] actor 2199023255566 switch to &NaiveActor::HandlerNormal
I1222 14:15:51.317613 80328 thread.cpp:99] Thread 1048577 construct Actor kCollectiveBoxingGeneric 2199025352710
I1222 14:15:51.317670 80292 thread.cpp:99] Thread 1048576 construct Actor kNormalForward 2199023255566
I1222 14:15:51.317729 80328 runtime_context.cpp:29] DecreaseCounter constructing_actor_cnt, current val is 3081
I1222 14:15:51.317808 80292 runtime_context.cpp:29] DecreaseCounter constructing_actor_cnt, current val is 3080
I1222 14:15:51.318001 80328 naive_actor.cpp:25] actor 2199025352777 switch to &NaiveActor::HandlerNormal
I1222 14:15:51.318065 80328 thread.cpp:99] Thread 1048577 construct Actor kCollectiveBoxingGeneric 2199025352777
I1222 14:15:51.318137 80328 runtime_context.cpp:29] DecreaseCounter constructing_actor_cnt, current val is 3079
I1222 14:15:51.318168 80292 naive_actor.cpp:25] actor 2199023255583 switch to &NaiveActor::HandlerNormal
I1222 14:15:51.318253 80292 thread.cpp:99] Thread 1048576 construct Actor kNormalForward 2199023255583
I1222 14:15:51.318341 80292 runtime_context.cpp:29] DecreaseCounter constructing_actor_cnt, current val is 3078
I1222 14:15:51.318358 80328 naive_actor.cpp:25] actor 2199025352888 switch to &NaiveActor::HandlerNormal
