 Insert buffer op : [System-Pipeline-Buffer-Op_-base_model.m_stage0.encoder.layer.1.output.dropout-dropout_97-mask_0-stage_id_0](buffer_size:4) 
 from [base_model.m_stage0.encoder.layer.1.output.dropout-dropout_97] (stage_id:0) -> [base_model.m_stage0.encoder.layer.1.output.dropout-dropout_97_grad] (stage_id:0) 
I1222 14:55:02.763859 86898 pipeline_buffer_pass.cpp:117] 
 Insert buffer op : [System-Pipeline-Buffer-Op_-base_model.m_stage0.encoder.layer.1.intermediate.intermediate_act_fn-gelu_94-out_0-stage_id_0](buffer_size:4) 
 from [base_model.m_stage0.encoder.layer.1.intermediate.intermediate_act_fn-gelu_94] (stage_id:0) -> [base_model.m_stage0.encoder.layer.1.output.dense-broadcast_matmul_95_b_grad] (stage_id:0) 
I1222 14:55:02.764354 86898 pipeline_buffer_pass.cpp:117] 
 Insert buffer op : [System-Pipeline-Buffer-Op_-base_model.m_stage0.encoder.layer.1.intermediate.dense-broadcast_add_93-z_0-stage_id_0](buffer_size:4) 
 from [base_model.m_stage0.encoder.layer.1.intermediate.dense-broadcast_add_93] (stage_id:0) -> [base_model.m_stage0.encoder.layer.1.intermediate.intermediate_act_fn-gelu_94_grad] (stage_id:0) 
I1222 14:55:02.764417 86898 pipeline_buffer_pass.cpp:117] 
 Insert buffer op : [System-Pipeline-Buffer-Op_-base_model.m_stage0.encoder.layer.1.attention.output.LayerNorm-layer_norm_91-y_0-stage_id_0](buffer_size:4) 
 from [base_model.m_stage0.encoder.layer.1.attention.output.LayerNorm-layer_norm_91] (stage_id:0) -> [base_model.m_stage0.encoder.layer.1.intermediate.dense-broadcast_matmul_92_b_grad] (stage_id:0) 
I1222 14:55:02.764477 86898 pipeline_buffer_pass.cpp:117] 
 Insert buffer op : [System-Pipeline-Buffer-Op_-base_model.m_stage0.encoder.layer.1.attention.output.LayerNorm-layer_norm_91-normalized_0-stage_id_0](buffer_size:4) 
 from [base_model.m_stage0.encoder.layer.1.attention.output.LayerNorm-layer_norm_91] (stage_id:0) -> [base_model.m_stage0.encoder.layer.1.attention.output.LayerNorm-layer_norm_91_param_grad] (stage_id:0) 
I1222 14:55:02.764537 86898 pipeline_buffer_pass.cpp:117] 
 Insert buffer op : [System-Pipeline-Buffer-Op_-base_model.m_stage0.encoder.layer.1.attention.output-add_n_90-out_0-stage_id_0](buffer_size:4) 
 from [base_model.m_stage0.encoder.layer.1.attention.output-add_n_90] (stage_id:0) -> [base_model.m_stage0.encoder.layer.1.attention.output.LayerNorm-layer_norm_91_grad] (stage_id:0) 
I1222 14:55:02.764592 86898 pipeline_buffer_pass.cpp:117] 
 Insert buffer op : [System-Pipeline-Buffer-Op_-base_model.m_stage0.encoder.layer.1.attention.output.LayerNorm-layer_norm_91-mean_0-stage_id_0](buffer_size:4) 
 from [base_model.m_stage0.encoder.layer.1.attention.output.LayerNorm-layer_norm_91] (stage_id:0) -> [base_model.m_stage0.encoder.layer.1.attention.output.LayerNorm-layer_norm_91_grad] (stage_id:0) 
I1222 14:55:02.764642 86898 pipeline_buffer_pass.cpp:117] 
 Insert buffer op : [System-Pipeline-Buffer-Op_-base_model.m_stage0.encoder.layer.1.attention.output.LayerNorm-layer_norm_91-inv_variance_0-stage_id_0](buffer_size:4) 
 from [base_model.m_stage0.encoder.layer.1.attention.output.LayerNorm-layer_norm_91] (stage_id:0) -> [base_model.m_stage0.encoder.layer.1.attention.output.LayerNorm-layer_norm_91_grad] (stage_id:0) 
I1222 14:55:02.764696 86898 pipeline_buffer_pass.cpp:117] 
 Insert buffer op : [System-Pipeline-Buffer-Op_-base_model.m_stage0.encoder.layer.1.attention.output.dropout-dropout_89-mask_0-stage_id_0](buffer_size:4) 
 from [base_model.m_stage0.encoder.layer.1.attention.output.dropout-dropout_89] (stage_id:0) -> [base_model.m_stage0.encoder.layer.1.attention.output.dropout-dropout_89_grad] (stage_id:0) 
I1222 14:55:02.764757 86898 pipeline_buffer_pass.cpp:117] 
 Insert buffer op : [System-Pipeline-Buffer-Op_-base_model.m_stage0.encoder.layer.1.attention.self-reshape_86-out_0-stage_id_0](buffer_size:4) 
 from [base_model.m_stage0.encoder.layer.1.attention.self-reshape_86] (stage_id:0) -> [base_model.m_stage0.encoder.layer.1.attention.output.dense-broadcast_matmul_87_b_grad] (stage_id:0) 
I1222 14:55:02.764822 86898 pipeline_buffer_pass.cpp:117] 
 Insert buffer op : [System-Pipeline-Buffer-Op_-base_model.m_stage0.encoder.layer.1.attention.self-transpose_77-output_0-stage_id_0](buffer_size:4) 
 from [base_model.m_stage0.encoder.layer.1.attention.self-transpose_77] (stage_id:0) -> [base_model.m_stage0.encoder.layer.1.attention.self-batch_matmul_84_grad_a] (stage_id:0) 
I1222 14:55:02.764909 86898 pipeline_buffer_pass.cpp:117] 
 Insert buffer op : [System-Pipeline-Buffer-Op_-base_model.m_stage0.encoder.layer.1.attention.self.dropout-dropout_83-out_0-stage_id_0](buffer_size:4) 
 from [base_model.m_stage0.encoder.layer.1.attention.self.dropout-dropout_83] (stage_id:0) -> [base_model.m_stage0.encoder.layer.1.attention.self-batch_matmul_84_grad_b] (stage_id:0) 
I1222 14:55:02.765411 86898 pipeline_buffer_pass.cpp:117] 
 Insert buffer op : [System-Pipeline-Buffer-Op_-base_model.m_stage0.encoder.layer.1.attention.self.dropout-dropout_83-mask_0-stage_id_0](buffer_size:4) 
 from [base_model.m_stage0.encoder.layer.1.attention.self.dropout-dropout_83] (stage_id:0) -> [base_model.m_stage0.encoder.layer.1.attention.self.dropout-dropout_83_grad] (stage_id:0) 
I1222 14:55:02.765470 86898 pipeline_buffer_pass.cpp:117] 
 Insert buffer op : [System-Pipeline-Buffer-Op_-base_model.m_stage0.encoder.layer.1.attention.self-softmax_82-out_0-stage_id_0](buffer_size:4) 
 from [base_model.m_stage0.encoder.layer.1.attention.self-softmax_82] (stage_id:0) -> [base_model.m_stage0.encoder.layer.1.attention.self-softmax_82_grad] (stage_id:0) 
I1222 14:55:02.765529 86898 pipeline_buffer_pass.cpp:117] 
 Insert buffer op : [System-Pipeline-Buffer-Op_-base_model.m_stage0.encoder.layer.0.output.LayerNorm-layer_norm_65-y_0-stage_id_0](buffer_size:4) 
 from [base_model.m_stage0.encoder.layer.0.output.LayerNorm-layer_norm_65] (stage_id:0) -> [base_model.m_stage0.encoder.layer.1.attention.self.value-broadcast_matmul_74_b_grad] (stage_id:0) 
I1222 14:55:02.765587 86898 pipeline_buffer_pass.cpp:117] 
 Insert buffer op : [System-Pipeline-Buffer-Op_-base_model.m_stage0.encoder.layer.1.attention.self-transpose_78-output_0-stage_id_0](buffer_size:4) 
 from [base_model.m_stage0.encoder.layer.1.attention.self-transpose_78] (stage_id:0) -> [base_model.m_stage0.encoder.layer.1.attention.self-batch_matmul_79_grad_a] (stage_id:0) 
I1222 14:55:02.765642 86898 pipeline_buffer_pass.cpp:117] 
 Insert buffer op : [System-Pipeline-Buffer-Op_-base_model.m_stage0.encoder.layer.1.attention.self-transpose_69-output_0-stage_id_0](buffer_size:4) 
 from [base_model.m_stage0.encoder.layer.1.attention.self-transpose_69] (stage_id:0) -> [base_model.m_stage0.encoder.layer.1.attention.self-batch_matmul_79_grad_b] (stage_id:0) 
I1222 14:55:02.765738 86898 pipeline_buffer_pass.cpp:117] 
 Insert buffer op : [System-Pipeline-Buffer-Op_-base_model.m_stage0.encoder.layer.0.output.LayerNorm-layer_norm_65-normalized_0-stage_id_0](buffer_size:4) 
 from [base_model.m_stage0.encoder.layer.0.output.LayerNorm-layer_norm_65] (stage_id:0) -> [base_model.m_stage0.encoder.layer.0.output.LayerNorm-layer_norm_65_param_grad] (stage_id:0) 
I1222 14:55:02.765803 86898 pipeline_buffer_pass.cpp:117] 
 Insert buffer op : [System-Pipeline-Buffer-Op_-base_model.m_stage0.encoder.layer.0.output-add_n_64-out_0-stage_id_0](buffer_size:4) 
 from [base_model.m_stage0.encoder.layer.0.output-add_n_64] (stage_id:0) -> [base_model.m_stage0.encoder.layer.0.output.LayerNorm-layer_norm_65_grad] (stage_id:0) 
I1222 14:55:02.765861 86898 pipeline_buffer_pass.cpp:117] 
 Insert buffer op : [System-Pipeline-Buffer-Op_-base_model.m_stage0.encoder.layer.0.output.LayerNorm-layer_norm_65-mean_0-stage_id_0](buffer_size:4) 
 from [base_model.m_stage0.encoder.layer.0.output.LayerNorm-layer_norm_65] (stage_id:0) -> [base_model.m_stage0.encoder.layer.0.output.LayerNorm-layer_norm_65_grad] (stage_id:0) 
I1222 14:55:02.765910 86898 pipeline_buffer_pass.cpp:117] 
 Insert buffer op : [System-Pipeline-Buffer-Op_-base_model.m_stage0.encoder.layer.0.output.LayerNorm-layer_norm_65-inv_variance_0-stage_id_0](buffer_size:4) 
 from [base_model.m_stage0.encoder.layer.0.output.LayerNorm-layer_norm_65] (stage_id:0) -> [base_model.m_stage0.encoder.layer.0.output.LayerNorm-layer_norm_65_grad] (stage_id:0) 
I1222 14:55:02.765967 86898 pipeline_buffer_pass.cpp:117] 
 Insert buffer op : [System-Pipeline-Buffer-Op_-base_model.m_stage0.encoder.layer.0.output.dropout-dropout_63-mask_0-stage_id_0](buffer_size:4) 
 from [base_model.m_stage0.encoder.layer.0.output.dropout-dropout_63] (stage_id:0) -> [base_model.m_stage0.encoder.layer.0.output.dropout-dropout_63_grad] (stage_id:0) 
I1222 14:55:02.766058 86898 pipeline_buffer_pass.cpp:117] 
 Insert buffer op : [System-Pipeline-Buffer-Op_-base_model.m_stage0.encoder.layer.0.intermediate.intermediate_act_fn-gelu_60-out_0-stage_id_0](buffer_size:4) 
 from [base_model.m_stage0.encoder.layer.0.intermediate.intermediate_act_fn-gelu_60] (stage_id:0) -> [base_model.m_stage0.encoder.layer.0.output.dense-broadcast_matmul_61_b_grad] (stage_id:0) 
I1222 14:55:02.766578 86898 pipeline_buffer_pass.cpp:117] 
 Insert buffer op : [System-Pipeline-Buffer-Op_-base_model.m_stage0.encoder.layer.0.intermediate.dense-broadcast_add_59-z_0-stage_id_0](buffer_size:4) 
 from [base_model.m_stage0.encoder.layer.0.intermediate.dense-broadcast_add_59] (stage_id:0) -> [base_model.m_stage0.encoder.layer.0.intermediate.intermediate_act_fn-gelu_60_grad] (stage_id:0) 
I1222 14:55:02.766640 86898 pipeline_buffer_pass.cpp:117] 
 Insert buffer op : [System-Pipeline-Buffer-Op_-base_model.m_stage0.encoder.layer.0.attention.output.LayerNorm-layer_norm_57-y_0-stage_id_0](buffer_size:4) 
 from [base_model.m_stage0.encoder.layer.0.attention.output.LayerNorm-layer_norm_57] (stage_id:0) -> [base_model.m_stage0.encoder.layer.0.intermediate.dense-broadcast_matmul_58_b_grad] (stage_id:0) 
I1222 14:55:02.766700 86898 pipeline_buffer_pass.cpp:117] 
 Insert buffer op : [System-Pipeline-Buffer-Op_-base_model.m_stage0.encoder.layer.0.attention.output.LayerNorm-layer_norm_57-normalized_0-stage_id_0](buffer_size:4) 
 from [base_model.m_stage0.encoder.layer.0.attention.output.LayerNorm-layer_norm_57] (stage_id:0) -> [base_model.m_stage0.encoder.layer.0.attention.output.LayerNorm-layer_norm_57_param_grad] (stage_id:0) 
I1222 14:55:02.766758 86898 pipeline_buffer_pass.cpp:117] 
 Insert buffer op : [System-Pipeline-Buffer-Op_-base_model.m_stage0.encoder.layer.0.attention.output-add_n_56-out_0-stage_id_0](buffer_size:4) 
 from [base_model.m_stage0.encoder.layer.0.attention.output-add_n_56] (stage_id:0) -> [base_model.m_stage0.encoder.layer.0.attention.output.LayerNorm-layer_norm_57_grad] (stage_id:0) 
I1222 14:55:02.766819 86898 pipeline_buffer_pass.cpp:117] 
 Insert buffer op : [System-Pipeline-Buffer-Op_-base_model.m_stage0.encoder.layer.0.attention.output.LayerNorm-layer_norm_57-mean_0-stage_id_0](buffer_size:4) 
 from [base_model.m_stage0.encoder.layer.0.attention.output.LayerNorm-layer_norm_57] (stage_id:0) -> [base_model.m_stage0.encoder.layer.0.attention.output.LayerNorm-layer_norm_57_grad] (stage_id:0) 
I1222 14:55:02.766870 86898 pipeline_buffer_pass.cpp:117] 
 Insert buffer op : [System-Pipeline-Buffer-Op_-base_model.m_stage0.encoder.layer.0.attention.output.LayerNorm-layer_norm_57-inv_variance_0-stage_id_0](buffer_size:4) 
 from [base_model.m_stage0.encoder.layer.0.attention.output.LayerNorm-layer_norm_57] (stage_id:0) -> [base_model.m_stage0.encoder.layer.0.attention.output.LayerNorm-layer_norm_57_grad] (stage_id:0) 
I1222 14:55:02.766927 86898 pipeline_buffer_pass.cpp:117] 
 Insert buffer op : [System-Pipeline-Buffer-Op_-base_model.m_stage0.encoder.layer.0.attention.output.dropout-dropout_55-mask_0-stage_id_0](buffer_size:4) 
 from [base_model.m_stage0.encoder.layer.0.attention.output.dropout-dropout_55] (stage_id:0) -> [base_model.m_stage0.encoder.layer.0.attention.output.dropout-dropout_55_grad] (stage_id:0) 
I1222 14:55:02.766988 86898 pipeline_buffer_pass.cpp:117] 
 Insert buffer op : [System-Pipeline-Buffer-Op_-base_model.m_stage0.encoder.layer.0.attention.self-reshape_52-out_0-stage_id_0](buffer_size:4) 
 from [base_model.m_stage0.encoder.layer.0.attention.self-reshape_52] (stage_id:0) -> [base_model.m_stage0.encoder.layer.0.attention.output.dense-broadcast_matmul_53_b_grad] (stage_id:0) 
I1222 14:55:02.767045 86898 pipeline_buffer_pass.cpp:117] 
 Insert buffer op : [System-Pipeline-Buffer-Op_-base_model.m_stage0.encoder.layer.0.attention.self-transpose_43-output_0-stage_id_0](buffer_size:4) 
 from [base_model.m_stage0.encoder.layer.0.attention.self-transpose_43] (stage_id:0) -> [base_model.m_stage0.encoder.layer.0.attention.self-batch_matmul_50_grad_a] (stage_id:0) 
I1222 14:55:02.767133 86898 pipeline_buffer_pass.cpp:117] 
 Insert buffer op : [System-Pipeline-Buffer-Op_-base_model.m_stage0.encoder.layer.0.attention.self.dropout-dropout_49-out_0-stage_id_0](buffer_size:4) 
 from [base_model.m_stage0.encoder.layer.0.attention.self.dropout-dropout_49] (stage_id:0) -> [base_model.m_stage0.encoder.layer.0.attention.self-batch_matmul_50_grad_b] (stage_id:0) 
I1222 14:55:02.767637 86898 pipeline_buffer_pass.cpp:117] 
 Insert buffer op : [System-Pipeline-Buffer-Op_-base_model.m_stage0.encoder.layer.0.attention.self.dropout-dropout_49-mask_0-stage_id_0](buffer_size:4) 
 from [base_model.m_stage0.encoder.layer.0.attention.self.dropout-dropout_49] (stage_id:0) -> [base_model.m_stage0.encoder.layer.0.attention.self.dropout-dropout_49_grad] (stage_id:0) 
I1222 14:55:02.767697 86898 pipeline_buffer_pass.cpp:117] 
 Insert buffer op : [System-Pipeline-Buffer-Op_-base_model.m_stage0.encoder.layer.0.attention.self-softmax_48-out_0-stage_id_0](buffer_size:4) 
 from [base_model.m_stage0.encoder.layer.0.attention.self-softmax_48] (stage_id:0) -> [base_model.m_stage0.encoder.layer.0.attention.self-softmax_48_grad] (stage_id:0) 
I1222 14:55:02.767760 86898 pipeline_buffer_pass.cpp:117] 
 Insert buffer op : [System-Pipeline-Buffer-Op_-base_model.m_stage0.embeddings.dropout-dropout_25-out_0-stage_id_0](buffer_size:4) 
 from [base_model.m_stage0.embeddings.dropout-dropout_25] (stage_id:0) -> [base_model.m_stage0.encoder.layer.0.attention.self.value-broadcast_matmul_40_b_grad] (stage_id:0) 
I1222 14:55:02.767827 86898 pipeline_buffer_pass.cpp:117] 
 Insert buffer op : [System-Pipeline-Buffer-Op_-base_model.m_stage0.encoder.layer.0.attention.self-transpose_44-output_0-stage_id_0](buffer_size:4) 
 from [base_model.m_stage0.encoder.layer.0.attention.self-transpose_44] (stage_id:0) -> [base_model.m_stage0.encoder.layer.0.attention.self-batch_matmul_45_grad_a] (stage_id:0) 
I1222 14:55:02.767884 86898 pipeline_buffer_pass.cpp:117] 
 Insert buffer op : [System-Pipeline-Buffer-Op_-base_model.m_stage0.encoder.layer.0.attention.self-transpose_35-output_0-stage_id_0](buffer_size:4) 
 from [base_model.m_stage0.encoder.layer.0.attention.self-transpose_35] (stage_id:0) -> [base_model.m_stage0.encoder.layer.0.attention.self-batch_matmul_45_grad_b] (stage_id:0) 
I1222 14:55:02.767980 86898 pipeline_buffer_pass.cpp:117] 
 Insert buffer op : [System-Pipeline-Buffer-Op_-base_model.m_stage0.embeddings.dropout-dropout_25-mask_0-stage_id_0](buffer_size:4) 
 from [base_model.m_stage0.embeddings.dropout-dropout_25] (stage_id:0) -> [base_model.m_stage0.embeddings.dropout-dropout_25_grad] (stage_id:0) 
I1222 14:55:02.768039 86898 pipeline_buffer_pass.cpp:117] 
 Insert buffer op : [System-Pipeline-Buffer-Op_-base_model.m_stage0.embeddings.LayerNorm-layer_norm_24-normalized_0-stage_id_0](buffer_size:4) 
 from [base_model.m_stage0.embeddings.LayerNorm-layer_norm_24] (stage_id:0) -> [base_model.m_stage0.embeddings.LayerNorm-layer_norm_24_param_grad] (stage_id:0) 
I1222 14:55:02.768097 86898 pipeline_buffer_pass.cpp:117] 
 Insert buffer op : [System-Pipeline-Buffer-Op_-base_model.m_stage0.embeddings-broadcast_add_23-z_0-stage_id_0](buffer_size:4) 
 from [base_model.m_stage0.embeddings-broadcast_add_23] (stage_id:0) -> [base_model.m_stage0.embeddings.LayerNorm-layer_norm_24_grad] (stage_id:0) 
I1222 14:55:02.768153 86898 pipeline_buffer_pass.cpp:117] 
 Insert buffer op : [System-Pipeline-Buffer-Op_-base_model.m_stage0.embeddings.LayerNorm-layer_norm_24-mean_0-stage_id_0](buffer_size:4) 
 from [base_model.m_stage0.embeddings.LayerNorm-layer_norm_24] (stage_id:0) -> [base_model.m_stage0.embeddings.LayerNorm-layer_norm_24_grad] (stage_id:0) 
I1222 14:55:02.768203 86898 pipeline_buffer_pass.cpp:117] 
 Insert buffer op : [System-Pipeline-Buffer-Op_-base_model.m_stage0.embeddings.LayerNorm-layer_norm_24-inv_variance_0-stage_id_0](buffer_size:4) 
 from [base_model.m_stage0.embeddings.LayerNorm-layer_norm_24] (stage_id:0) -> [base_model.m_stage0.embeddings.LayerNorm-layer_norm_24_grad] (stage_id:0) 
I1222 14:55:02.768308 86898 pipeline_buffer_pass.cpp:117] 
 Insert buffer op : [System-Pipeline-Buffer-Op_-base_model.m_stage0.embeddings.position_embeddings-gather_20-out_0-stage_id_0](buffer_size:4) 
 from [base_model.m_stage0.embeddings.position_embeddings-gather_20] (stage_id:0) -> [base_model.m_stage0.embeddings-broadcast_add_23_y_grad_reduce_sum_like] (stage_id:0) 
I1222 14:55:02.768828 86898 pipeline_buffer_pass.cpp:117] 
 Insert buffer op : [System-Pipeline-Buffer-Op_-base_model.m_stage0.embeddings-slice_19-y_0-stage_id_0](buffer_size:4) 
 from [base_model.m_stage0.embeddings-slice_19] (stage_id:0) -> [base_model.m_stage0.embeddings.position_embeddings-gather_20_grad] (stage_id:0) 
I1222 14:55:02.768893 86898 pipeline_buffer_pass.cpp:117] 
 Insert buffer op : [System-Pipeline-Buffer-Op_-base_model-identity_15-out_0-stage_id_0](buffer_size:4) 
 from [base_model-identity_15] (stage_id:0) -> [base_model.m_stage0.embeddings.word_embeddings-gather_18_grad] (stage_id:0) 
I1222 14:55:02.768951 86898 pipeline_buffer_pass.cpp:117] 
 Insert buffer op : [System-Pipeline-Buffer-Op_-base_model-identity_16-out_0-stage_id_0](buffer_size:4) 
 from [base_model-identity_16] (stage_id:0) -> [base_model.m_stage0.embeddings.token_type_embeddings-gather_21_grad] (stage_id:0) 
I1222 14:55:02.769527 86898 pipeline_buffer_pass.cpp:117] 
 Insert buffer op : [System-Pipeline-Buffer-Op_-_train_data_loader-hierarchical_parallel_cast_8-out_0-stage_id_0](buffer_size:4) 
 from [_train_data_loader-hierarchical_parallel_cast_8] (stage_id:0) -> [base_model-identity_15] (stage_id:0) 
I1222 14:55:02.769603 86898 pipeline_buffer_pass.cpp:117] 
 Insert buffer op : [System-Pipeline-Buffer-Op_-_train_data_loader-hierarchical_parallel_cast_11-out_0-stage_id_0](buffer_size:4) 
 from [_train_data_loader-hierarchical_parallel_cast_11] (stage_id:0) -> [base_model-identity_16] (stage_id:0) 
I1222 14:55:02.769659 86898 pipeline_buffer_pass.cpp:117] 
 Insert buffer op : [System-Pipeline-Buffer-Op_-_train_data_loader-hierarchical_parallel_cast_10-out_0-stage_id_0](buffer_size:4) 
 from [_train_data_loader-hierarchical_parallel_cast_10] (stage_id:0) -> [base_model-identity_17] (stage_id:0) 
I1222 14:55:02.770226 86898 pipeline_buffer_pass.cpp:212] 
 Insert buffer op pair : src_buffer = <System-Pipeline-Buffer-Op_-base_model-identity_440-out_0>(buffer_size:1) , dst_buffer = <System-Pipeline-Buffer-Op_-base_model-identity_440-out_0-stage_id_1>(buffer_size:1) 
 from [base_model-identity_440] (stage_id:0) -> [base_model-identity_441] (stage_id:1) 
I1222 14:55:02.770292 86898 pipeline_buffer_pass.cpp:117] 
 Insert buffer op : [System-Pipeline-Buffer-Op_-_train_data_loader-hierarchical_parallel_cast_10-out_0-stage_id_1](buffer_size:4) 
 from [_train_data_loader-hierarchical_parallel_cast_10] (stage_id:0) -> [base_model-identity_442] (stage_id:1) 
I1222 14:55:02.770835 86898 pipeline_buffer_pass.cpp:117] 
 Insert buffer op : [System-Pipeline-Buffer-Op_-_train_data_loader-hierarchical_parallel_cast_9-out_0-stage_id_1](buffer_size:4) 
 from [_train_data_loader-hierarchical_parallel_cast_9] (stage_id:0) -> [reshape_872] (stage_id:1) 
I1222 14:55:02.770905 86898 pipeline_buffer_pass.cpp:117] 
 Insert buffer op : [System-Pipeline-Buffer-Op_-_train_data_loader-hierarchical_parallel_cast_13-out_0-stage_id_1](buffer_size:4) 
 from [_train_data_loader-hierarchical_parallel_cast_13] (stage_id:0) -> [expand_dims_880] (stage_id:1) 
I1222 14:55:02.770968 86898 pipeline_buffer_pass.cpp:117] 
 Insert buffer op : [System-Pipeline-Buffer-Op_-_train_data_loader-hierarchical_parallel_cast_12-out_0-stage_id_1](buffer_size:4) 
 from [_train_data_loader-hierarchical_parallel_cast_12] (stage_id:0) -> [reshape_884] (stage_id:1) 
I1222 14:55:02.771029 86898 pipeline_buffer_pass.cpp:117] 
 Insert buffer op : [System-Pipeline-Buffer-Op_-_train_data_loader-hierarchical_parallel_cast_14-out_0-stage_id_1](buffer_size:4) 
 from [_train_data_loader-hierarchical_parallel_cast_14] (stage_id:0) -> [multiply_891] (stage_id:1) 
I1222 14:55:02.772362 86898 pipeline_buffer_pass.cpp:212] 
 Insert buffer op pair : src_buffer = <System-Pipeline-Buffer-Op_-base_model-identity_441_grad-out_0>(buffer_size:1) , dst_buffer = <System-Pipeline-Buffer-Op_-base_model-identity_441_grad-out_0-stage_id_0>(buffer_size:1) 
 from [base_model-identity_441_grad] (stage_id:1) -> [base_model-identity_440_grad] (stage_id:0) 
I1222 14:55:03.817673 86898 global.h:43] DeleteGlobal N7oneflow7JobDescE
I1222 14:55:04.973397 86898 global.h:36] NewGlobal N7oneflow7JobDescE
I1222 14:55:23.838586 86898 runtime_context.cpp:21] NewCounter constructing_actor_cnt 3146
I1222 14:55:23.839535 87345 wait_and_send_ids_actor.cpp:53] actor 36284020031488 switch to &WaitAndSendIdsActor::HandlerWaitToStart
I1222 14:55:23.839913 87338 naive_actor.cpp:25] actor 37391985281841 switch to &NaiveActor::HandlerNormal
I1222 14:55:23.839630 87345 thread.cpp:99] Thread 17301569 construct Actor kWaitAndSendIds 36284020031488
I1222 14:55:23.840121 87338 thread.cpp:99] Thread 17829888 construct Actor kDeviceTick 37391985281841
I1222 14:55:23.840231 87345 runtime_context.cpp:29] DecreaseCounter constructing_actor_cnt, current val is 3145
I1222 14:55:23.840342 87338 runtime_context.cpp:29] DecreaseCounter constructing_actor_cnt, current val is 3144
I1222 14:55:23.841686 87338 naive_actor.cpp:25] actor 37391985281835 switch to &NaiveActor::HandlerNormal
I1222 14:55:23.841807 87338 thread.cpp:99] Thread 17829888 construct Actor kDeviceTick 37391985281835
I1222 14:55:23.841953 87338 runtime_context.cpp:29] DecreaseCounter constructing_actor_cnt, current val is 3143
I1222 14:55:23.842401 87338 naive_actor.cpp:25] actor 37391985281832 switch to &NaiveActor::HandlerNormal
I1222 14:55:23.842480 87338 thread.cpp:99] Thread 17829888 construct Actor kDeviceTick 37391985281832
I1222 14:55:23.842574 87338 runtime_context.cpp:29] DecreaseCounter constructing_actor_cnt, current val is 3142
I1222 14:55:23.842983 87338 naive_actor.cpp:25] actor 37391985281839 switch to &NaiveActor::HandlerNormal
I1222 14:55:23.843058 87338 thread.cpp:99] Thread 17829888 construct Actor kDeviceTick 37391985281839
I1222 14:55:23.843150 87338 runtime_context.cpp:29] DecreaseCounter constructing_actor_cnt, current val is 3141
I1222 14:55:23.843531 87338 naive_actor.cpp:25] actor 37391985281837 switch to &NaiveActor::HandlerNormal
I1222 14:55:23.843621 87338 thread.cpp:99] Thread 17829888 construct Actor kDeviceTick 37391985281837
I1222 14:55:23.843717 87338 runtime_context.cpp:29] DecreaseCounter constructing_actor_cnt, current val is 3140
I1222 14:55:23.941941 87333 naive_actor.cpp:25] actor 36283885813760 switch to &NaiveActor::HandlerNormal
I1222 14:55:23.941972 87330 naive_actor.cpp:25] actor 36283896299520 switch to &NaiveActor::HandlerNormal
I1222 14:55:23.942006 87332 naive_actor.cpp:25] actor 36283892105216 switch to &NaiveActor::HandlerNormal
I1222 14:55:23.942034 87333 thread.cpp:99] Thread 17301505 construct Actor kNormalForward 36283885813760
I1222 14:55:23.942097 87330 thread.cpp:99] Thread 17301510 construct Actor kNormalForward 36283896299520
I1222 14:55:23.942162 87334 naive_actor.cpp:25] actor 36283887910912 switch to &NaiveActor::HandlerNormal
I1222 14:55:23.942222 87332 thread.cpp:99] Thread 17301508 construct Actor kNormalForward 36283892105216
I1222 14:55:23.942279 87331 naive_actor.cpp:25] actor 36283894202368 switch to &NaiveActor::HandlerNormal
I1222 14:55:23.942749 87334 thread.cpp:99] Thread 17301506 construct Actor kNormalForward 36283887910912
I1222 14:55:23.942806 87333 runtime_context.cpp:29] DecreaseCounter constructing_actor_cnt, current val is 3139
I1222 14:55:23.942850 87330 runtime_context.cpp:29] DecreaseCounter constructing_actor_cnt, current val is 3138
I1222 14:55:23.943271 87335 naive_actor.cpp:25] actor 36283883716608 switch to &NaiveActor::HandlerNormal
I1222 14:55:23.943082 87331 thread.cpp:99] Thread 17301509 construct Actor kNormalForward 36283894202368
I1222 14:55:23.943104 87340 copy_comm_net_actor.cpp:66] actor 36284028420098 switch to &CopyCommNetActor::HandlerNormal
I1222 14:55:23.943133 87349 naive_actor.cpp:25] actor 37391987376131 switch to &NaiveActor::HandlerNormal
I1222 14:55:23.943148 87339 naive_actor.cpp:25] actor 36284017934344 switch to &NaiveActor::HandlerNormal
I1222 14:55:23.944240 87339 thread.cpp:99] Thread 17301568 construct Actor kSrcSubsetTick 36284017934344
I1222 14:55:23.943254 87334 runtime_context.cpp:29] DecreaseCounter constructing_actor_cnt, current val is 3136
I1222 14:55:23.943040 87332 runtime_context.cpp:29] DecreaseCounter constructing_actor_cnt, current val is 3137
I1222 14:55:23.943325 87342 naive_actor.cpp:25] actor 37391991570484 switch to &NaiveActor::HandlerNormal
I1222 14:55:23.943388 87352 sink_actor.cpp:21] actor 36284022128640 switch to &SinkActor::HandlerNormal
I1222 14:55:23.943436 87335 thread.cpp:99] Thread 17301504 construct Actor kNormalForward 36283883716608
I1222 14:55:23.943450 87344 naive_actor.cpp:25] actor 36283900493824 switch to &NaiveActor::HandlerNormal
I1222 14:55:23.943559 87331 runtime_context.cpp:29] DecreaseCounter constructing_actor_cnt, current val is 3135
I1222 14:55:23.943605 87340 thread.cpp:99] Thread 17301573 construct Actor kCopyCommNet 36284028420098
I1222 14:55:23.943656 87351 naive_actor.cpp:25] actor 36284026322944 switch to &NaiveActor::HandlerNormal
I1222 14:55:23.944646 87351 thread.cpp:99] Thread 17301572 construct Actor kCriticalSectionWaitTick 36284026322944
I1222 14:55:23.943748 87336 naive_actor.cpp:25] actor 36283890008064 switch to &NaiveActor::HandlerNormal
I1222 14:55:23.943986 87343 naive_actor.cpp:25] actor 36284024225792 switch to &NaiveActor::HandlerNormal
I1222 14:55:23.944000 87350 naive_actor.cpp:25] actor 36283898396672 switch to &NaiveActor::HandlerNormal
I1222 14:55:23.944200 87349 thread.cpp:99] Thread 17829889 construct Actor kCopyHd 37391987376131
I1222 14:55:23.943146 87347 naive_actor.cpp:25] actor 37391989473282 switch to &NaiveActor::HandlerNormal
I1222 14:55:23.944289 87339 runtime_context.cpp:29] DecreaseCounter constructing_actor_cnt, current val is 3134
I1222 14:55:23.945091 87347 thread.cpp:99] Thread 17829890 construct Actor kCopyHd 37391989473282
I1222 14:55:23.944470 87352 thread.cpp:99] Thread 17301570 construct Actor kCallbackNotify 36284022128640
I1222 14:55:23.944571 87344 thread.cpp:99] Thread 17301512 construct Actor kNormalForward 36283900493824
I1222 14:55:23.945255 87352 runtime_context.cpp:29] DecreaseCounter constructing_actor_cnt, current val is 3128
I1222 14:55:23.945291 87344 runtime_context.cpp:29] DecreaseCounter constructing_actor_cnt, current val is 3127
I1222 14:55:23.944649 87340 runtime_context.cpp:29] DecreaseCounter constructing_actor_cnt, current val is 3132
I1222 14:55:23.944675 87351 runtime_context.cpp:29] DecreaseCounter constructing_actor_cnt, current val is 3131
I1222 14:55:23.944762 87336 thread.cpp:99] Thread 17301507 construct Actor kNormalForward 36283890008064
I1222 14:55:23.944875 87343 thread.cpp:99] Thread 17301571 construct Actor kCriticalSectionWaitTick 36284024225792
I1222 14:55:23.944953 87350 thread.cpp:99] Thread 17301511 construct Actor kNormalForward 36283898396672
I1222 14:55:23.945056 87349 runtime_context.cpp:29] DecreaseCounter constructing_actor_cnt, current val is 3130
I1222 14:55:23.944427 87342 thread.cpp:99] Thread 17829891 construct Actor kCollectiveBoxingGeneric 37391991570484
I1222 14:55:23.945241 87347 runtime_context.cpp:29] DecreaseCounter constructing_actor_cnt, current val is 3129
I1222 14:55:23.944605 87335 runtime_context.cpp:29] DecreaseCounter constructing_actor_cnt, current val is 3133
I1222 14:55:23.943722 87338 naive_actor.cpp:25] actor 37391985278979 switch to &NaiveActor::HandlerNormal
I1222 14:55:23.945483 87339 naive_actor.cpp:25] actor 36284017934338 switch to &NaiveActor::HandlerNormal
I1222 14:55:23.945493 87340 copy_comm_net_actor.cpp:66] actor 36284028420100 switch to &CopyCommNetActor::HandlerNormal
I1222 14:55:23.946120 87340 thread.cpp:99] Thread 17301573 construct Actor kCopyCommNet 36284028420100
I1222 14:55:23.946131 87347 naive_actor.cpp:25] actor 37391989473280 switch to &NaiveActor::HandlerNormal
I1222 14:55:23.945659 87350 runtime_context.cpp:29] DecreaseCounter constructing_actor_cnt, current val is 3124
I1222 14:55:23.945801 87342 runtime_context.cpp:29] DecreaseCounter constructing_actor_cnt, current val is 3123
I1222 14:55:23.945981 87349 naive_actor.cpp:25] actor 37391987376137 switch to &NaiveActor::HandlerNormal
I1222 14:55:23.946058 87338 thread.cpp:99] Thread 17829888 construct Actor kNormalForward 37391985278979
I1222 14:55:23.946089 87339 thread.cpp:99] Thread 17301568 construct Actor kDstSubsetTick 36284017934338
I1222 14:55:23.945559 87336 runtime_context.cpp:29] DecreaseCounter constructing_actor_cnt, current val is 3126
I1222 14:55:23.945632 87343 runtime_context.cpp:29] DecreaseCounter constructing_actor_cnt, current val is 3125
I1222 14:55:23.946180 87340 runtime_context.cpp:29] DecreaseCounter constructing_actor_cnt, current val is 3122
I1222 14:55:23.946346 87347 thread.cpp:99] Thread 17829890 construct Actor kCopyHd 37391989473280
I1222 14:55:23.947129 87349 thread.cpp:99] Thread 17829889 construct Actor kCopyHd 37391987376137
I1222 14:55:23.947295 87339 runtime_context.cpp:29] DecreaseCounter constructing_actor_cnt, current val is 3121
I1222 14:55:23.947302 87338 runtime_context.cpp:29] DecreaseCounter constructing_actor_cnt, current val is 3120
I1222 14:55:23.947369 87342 naive_actor.cpp:25] actor 37391991570456 switch to &NaiveActor::HandlerNormal
I1222 14:55:23.947587 87340 copy_comm_net_actor.cpp:66] actor 36284028420103 switch to &CopyCommNetActor::HandlerNormal
I1222 14:55:23.947844 87340 thread.cpp:99] Thread 17301573 construct Actor kCopyCommNet 36284028420103
I1222 14:55:23.947656 87349 runtime_context.cpp:29] DecreaseCounter constructing_actor_cnt, current val is 3118
I1222 14:55:23.947805 87342 thread.cpp:99] Thread 17829891 construct Actor kCollectiveBoxingGeneric 37391991570456
I1222 14:55:23.947597 87347 runtime_context.cpp:29] DecreaseCounter constructing_actor_cnt, current val is 3119
I1222 14:55:23.947880 87339 naive_actor.cpp:25] actor 36284017934340 switch to &NaiveActor::HandlerNormal
I1222 14:55:23.947911 87340 runtime_context.cpp:29] DecreaseCounter constructing_actor_cnt, current val is 3117
I1222 14:55:23.948078 87342 runtime_context.cpp:29] DecreaseCounter constructing_actor_cnt, current val is 3116
I1222 14:55:23.948256 87338 naive_actor.cpp:25] actor 37391985279011 switch to &NaiveActor::HandlerNormal
I1222 14:55:23.948215 87349 naive_actor.cpp:25] actor 37391987376128 switch to &NaiveActor::HandlerNormal
I1222 14:55:23.948159 87339 thread.cpp:99] Thread 17301568 construct Actor kTick 36284017934340
I1222 14:55:23.948289 87340 copy_comm_net_actor.cpp:66] actor 36284028420108 switch to &CopyCommNetActor::HandlerNormal
I1222 14:55:23.948505 87339 runtime_context.cpp:29] DecreaseCounter constructing_actor_cnt, current val is 3115
I1222 14:55:23.948374 87338 thread.cpp:99] Thread 17829888 construct Actor kNormalForward 37391985279011
I1222 14:55:23.948455 87349 thread.cpp:99] Thread 17829889 construct Actor kCopyHd 37391987376128
I1222 14:55:23.948508 87340 thread.cpp:99] Thread 17301573 construct Actor kCopyCommNet 36284028420108
I1222 14:55:23.948366 87347 naive_actor.cpp:25] actor 37391989473281 switch to &NaiveActor::HandlerNormal
I1222 14:55:23.948562 87342 naive_actor.cpp:25] actor 37391991570434 switch to &NaiveActor::HandlerNormal
I1222 14:55:23.948704 87338 runtime_context.cpp:29] DecreaseCounter constructing_actor_cnt, current val is 3114
I1222 14:55:23.948727 87349 runtime_context.cpp:29] DecreaseCounter constructing_actor_cnt, current val is 3113
I1222 14:55:23.948732 87340 runtime_context.cpp:29] DecreaseCounter constructing_actor_cnt, current val is 3112
I1222 14:55:23.948810 87347 thread.cpp:99] Thread 17829890 construct Actor kCopyHd 37391989473281
I1222 14:55:23.948818 87339 naive_actor.cpp:25] actor 36284017934342 switch to &NaiveActor::HandlerNormal
I1222 14:55:23.949168 87339 thread.cpp:99] Thread 17301568 construct Actor kSrcSubsetTick 36284017934342
I1222 14:55:23.949143 87340 copy_comm_net_actor.cpp:66] actor 36284028420096 switch to &CopyCommNetActor::HandlerNormal
I1222 14:55:23.949285 87340 thread.cpp:99] Thread 17301573 construct Actor kCopyCommNet 36284028420096
I1222 14:55:23.948890 87342 thread.cpp:99] Thread 17829891 construct Actor kCollectiveBoxingGeneric 37391991570434
I1222 14:55:23.949219 87339 runtime_context.cpp:29] DecreaseCounter constructing_actor_cnt, current val is 3110
I1222 14:55:23.949229 87349 naive_actor.cpp:25] actor 37391987376140 switch to &NaiveActor::HandlerNormal
I1222 14:55:23.949153 87347 runtime_context.cpp:29] DecreaseCounter constructing_actor_cnt, current val is 3111
I1222 14:55:23.949440 87338 naive_actor.cpp:25] actor 37391985278998 switch to &NaiveActor::HandlerNormal
I1222 14:55:23.949810 87340 runtime_context.cpp:29] DecreaseCounter constructing_actor_cnt, current val is 3109
I1222 14:55:23.949875 87342 runtime_context.cpp:29] DecreaseCounter constructing_actor_cnt, current val is 3108
I1222 14:55:23.949949 87349 thread.cpp:99] Thread 17829889 construct Actor kCopyHd 37391987376140
I1222 14:55:23.950039 87339 naive_actor.cpp:25] actor 36284017934337 switch to &NaiveActor::HandlerNormal
I1222 14:55:23.950305 87349 runtime_context.cpp:29] DecreaseCounter constructing_actor_cnt, current val is 3107
I1222 14:55:23.950234 87347 naive_actor.cpp:25] actor 37391989473284 switch to &NaiveActor::HandlerNormal
I1222 14:55:23.950248 87340 copy_comm_net_actor.cpp:66] actor 36284028420099 switch to &CopyCommNetActor::HandlerNormal
I1222 14:55:23.950316 87339 thread.cpp:99] Thread 17301568 construct Actor kTick 36284017934337
I1222 14:55:23.950109 87338 thread.cpp:99] Thread 17829888 construct Actor kNormalForward 37391985278998
I1222 14:55:23.950580 87349 naive_actor.cpp:25] actor 37391987376134 switch to &NaiveActor::HandlerNormal
I1222 14:55:23.950465 87342 naive_actor.cpp:25] actor 37391991570440 switch to &NaiveActor::HandlerNormal
I1222 14:55:23.950502 87340 thread.cpp:99] Thread 17301573 construct Actor kCopyCommNet 36284028420099
I1222 14:55:23.950541 87339 runtime_context.cpp:29] DecreaseCounter constructing_actor_cnt, current val is 3106
I1222 14:55:23.950757 87340 runtime_context.cpp:29] DecreaseCounter constructing_actor_cnt, current val is 3104
I1222 14:55:23.950652 87349 thread.cpp:99] Thread 17829889 construct Actor kCopyHd 37391987376134
I1222 14:55:23.950659 87338 runtime_context.cpp:29] DecreaseCounter constructing_actor_cnt, current val is 3105
I1222 14:55:23.950904 87340 copy_comm_net_actor.cpp:66] actor 36284028420114 switch to &CopyCommNetActor::HandlerNormal
I1222 14:55:23.951459 87340 thread.cpp:99] Thread 17301573 construct Actor kCopyCommNet 36284028420114
I1222 14:55:23.950904 87349 runtime_context.cpp:29] DecreaseCounter constructing_actor_cnt, current val is 3103
I1222 14:55:23.950716 87342 thread.cpp:99] Thread 17829891 construct Actor kCollectiveBoxingGeneric 37391991570440
I1222 14:55:23.950945 87339 naive_actor.cpp:25] actor 36284017934341 switch to &NaiveActor::HandlerNormal
I1222 14:55:23.951663 87342 runtime_context.cpp:29] DecreaseCounter constructing_actor_cnt, current val is 3101
I1222 14:55:23.951508 87340 runtime_context.cpp:29] DecreaseCounter constructing_actor_cnt, current val is 3102
I1222 14:55:23.951676 87339 thread.cpp:99] Thread 17301568 construct Actor kTick 36284017934341
I1222 14:55:23.950449 87347 thread.cpp:99] Thread 17829890 construct Actor kCopyHd 37391989473284
I1222 14:55:23.951836 87339 runtime_context.cpp:29] DecreaseCounter constructing_actor_cnt, current val is 3100
I1222 14:55:23.951833 87349 naive_actor.cpp:25] actor 37391987376138 switch to &NaiveActor::HandlerNormal
I1222 14:55:23.951908 87340 copy_comm_net_actor.cpp:66] actor 36284028420101 switch to &CopyCommNetActor::HandlerNormal
I1222 14:55:23.952069 87340 thread.cpp:99] Thread 17301573 construct Actor kCopyCommNet 36284028420101
I1222 14:55:23.952029 87349 thread.cpp:99] Thread 17829889 construct Actor kCopyHd 37391987376138
I1222 14:55:23.952178 87339 naive_actor.cpp:25] actor 36284017934345 switch to &NaiveActor::HandlerNormal
I1222 14:55:23.952251 87339 thread.cpp:99] Thread 17301568 construct Actor kDstSubsetTick 36284017934345
I1222 14:55:23.952126 87340 runtime_context.cpp:29] DecreaseCounter constructing_actor_cnt, current val is 3098
I1222 14:55:23.952919 87339 runtime_context.cpp:29] DecreaseCounter constructing_actor_cnt, current val is 3096
I1222 14:55:23.952214 87349 runtime_context.cpp:29] DecreaseCounter constructing_actor_cnt, current val is 3097
I1222 14:55:23.952111 87342 naive_actor.cpp:25] actor 37391991570522 switch to &NaiveActor::HandlerNormal
I1222 14:55:23.953110 87339 naive_actor.cpp:25] actor 36284017934343 switch to &NaiveActor::HandlerNormal
I1222 14:55:23.953145 87339 thread.cpp:99] Thread 17301568 construct Actor kDstSubsetTick 36284017934343
I1222 14:55:23.953030 87340 copy_comm_net_actor.cpp:66] actor 36284028420115 switch to &CopyCommNetActor::HandlerNormal
I1222 14:55:23.952363 87338 naive_actor.cpp:25] actor 37391985279001 switch to &NaiveActor::HandlerNormal
I1222 14:55:23.953116 87342 thread.cpp:99] Thread 17829891 construct Actor kCollectiveBoxingGeneric 37391991570522
I1222 14:55:23.951927 87347 runtime_context.cpp:29] DecreaseCounter constructing_actor_cnt, current val is 3099
I1222 14:55:23.953184 87339 runtime_context.cpp:29] DecreaseCounter constructing_actor_cnt, current val is 3095
I1222 14:55:23.953194 87340 thread.cpp:99] Thread 17301573 construct Actor kCopyCommNet 36284028420115
I1222 14:55:23.953299 87338 thread.cpp:99] Thread 17829888 construct Actor kNormalForward 37391985279001
I1222 14:55:23.953394 87342 runtime_context.cpp:29] DecreaseCounter constructing_actor_cnt, current val is 3094
I1222 14:55:23.953502 87340 runtime_context.cpp:29] DecreaseCounter constructing_actor_cnt, current val is 3093
I1222 14:55:23.953642 87347 naive_actor.cpp:25] actor 37391989473283 switch to &NaiveActor::HandlerNormal
I1222 14:55:23.953631 87339 naive_actor.cpp:25] actor 36284017934339 switch to &NaiveActor::HandlerNormal
I1222 14:55:23.953775 87340 copy_comm_net_actor.cpp:66] actor 36284028420117 switch to &CopyCommNetActor::HandlerNormal
I1222 14:55:23.953836 87340 thread.cpp:99] Thread 17301573 construct Actor kCopyCommNet 36284028420117
I1222 14:55:23.953750 87347 thread.cpp:99] Thread 17829890 construct Actor kCopyHd 37391989473283
I1222 14:55:23.953792 87339 thread.cpp:99] Thread 17301568 construct Actor kTick 36284017934339
I1222 14:55:23.953644 87338 runtime_context.cpp:29] DecreaseCounter constructing_actor_cnt, current val is 3092
I1222 14:55:23.953572 87349 naive_actor.cpp:25] actor 37391987376132 switch to &NaiveActor::HandlerNormal
I1222 14:55:23.953877 87340 runtime_context.cpp:29] DecreaseCounter constructing_actor_cnt, current val is 3091
I1222 14:55:23.953899 87342 naive_actor.cpp:25] actor 37391991570457 switch to &NaiveActor::HandlerNormal
I1222 14:55:23.953963 87347 runtime_context.cpp:29] DecreaseCounter constructing_actor_cnt, current val is 3090
I1222 14:55:23.953976 87339 runtime_context.cpp:29] DecreaseCounter constructing_actor_cnt, current val is 3089
I1222 14:55:23.954110 87349 thread.cpp:99] Thread 17829889 construct Actor kCopyHd 37391987376132
I1222 14:55:23.954243 87342 thread.cpp:99] Thread 17829891 construct Actor kCollectiveBoxingGeneric 37391991570457
I1222 14:55:23.954463 87349 runtime_context.cpp:29] DecreaseCounter constructing_actor_cnt, current val is 3088
I1222 14:55:23.954248 87340 copy_comm_net_actor.cpp:66] actor 36284028420104 switch to &CopyCommNetActor::HandlerNormal
I1222 14:55:23.954581 87340 thread.cpp:99] Thread 17301573 construct Actor kCopyCommNet 36284028420104
I1222 14:55:23.954520 87342 runtime_context.cpp:29] DecreaseCounter constructing_actor_cnt, current val is 3087
I1222 14:55:23.954617 87339 naive_actor.cpp:25] actor 36284017934336 switch to &NaiveActor::HandlerNormal
I1222 14:55:23.954632 87340 runtime_context.cpp:29] DecreaseCounter constructing_actor_cnt, current val is 3086
I1222 14:55:23.954741 87339 thread.cpp:99] Thread 17301568 construct Actor kSrcSubsetTick 36284017934336
I1222 14:55:23.954859 87339 runtime_context.cpp:29] DecreaseCounter constructing_actor_cnt, current val is 3085
I1222 14:55:23.954926 87340 copy_comm_net_actor.cpp:66] actor 36284028420119 switch to &CopyCommNetActor::HandlerNormal
I1222 14:55:23.954869 87349 naive_actor.cpp:25] actor 37391987376135 switch to &NaiveActor::HandlerNormal
I1222 14:55:23.954986 87342 naive_actor.cpp:25] actor 37391991570468 switch to &NaiveActor::HandlerNormal
I1222 14:55:23.955466 87340 thread.cpp:99] Thread 17301573 construct Actor kCopyCommNet 36284028420119
I1222 14:55:23.955618 87338 naive_actor.cpp:25] actor 37391985279043 switch to &NaiveActor::HandlerNormal
I1222 14:55:23.955617 87342 thread.cpp:99] Thread 17829891 construct Actor kCollectiveBoxingGeneric 37391991570468
I1222 14:55:23.955535 87349 thread.cpp:99] Thread 17829889 construct Actor kCopyHd 37391987376135
I1222 14:55:23.955677 87340 runtime_context.cpp:29] DecreaseCounter constructing_actor_cnt, current val is 3084
I1222 14:55:23.955744 87338 thread.cpp:99] Thread 17829888 construct Actor kNormalForward 37391985279043
I1222 14:55:23.955834 87342 runtime_context.cpp:29] DecreaseCounter constructing_actor_cnt, current val is 3083
I1222 14:55:23.955883 87349 runtime_context.cpp:29] DecreaseCounter constructing_actor_cnt, current val is 3082
I1222 14:55:23.955989 87340 copy_comm_net_actor.cpp:66] actor 36284028420110 switch to &CopyCommNetActor::HandlerNormal
I1222 14:55:23.956137 87340 thread.cpp:99] Thread 17301573 construct Actor kCopyCommNet 36284028420110
I1222 14:55:23.956035 87338 runtime_context.cpp:29] DecreaseCounter constructing_actor_cnt, current val is 3081
I1222 14:55:23.956194 87340 runtime_context.cpp:29] DecreaseCounter constructing_actor_cnt, current val is 3080
I1222 14:55:23.956266 87342 naive_actor.cpp:25] actor 37391991570458 switch to &NaiveActor::HandlerNormal
I1222 14:55:23.956329 87349 naive_actor.cpp:25] actor 37391987376146 switch to &NaiveActor::HandlerNormal
I1222 14:55:23.956389 87342 thread.cpp:99] Thread 17829891 construct Actor kCollectiveBoxingGeneric 37391991570458
I1222 14:55:23.956410 87340 copy_comm_net_actor.cpp:66] actor 36284028420102 switch to &CopyCommNetActor::HandlerNormal
I1222 14:55:23.956588 87340 thread.cpp:99] Thread 17301573 construct Actor kCopyCommNet 36284028420102
I1222 14:55:23.956568 87342 runtime_context.cpp:29] DecreaseCounter constructing_actor_cnt, current val is 3079
I1222 14:55:23.956472 87349 thread.cpp:99] Thread 17829889 construct Actor kCopyHd 37391987376146
I1222 14:55:23.956630 87340 runtime_context.cpp:29] DecreaseCounter constructing_actor_cnt, current val is 3078
I1222 14:55:23.956766 87349 runtime_context.cpp:29] DecreaseCounter constructing_actor_cnt, current val is 3077
I1222 14:55:23.956880 87340 copy_comm_net_actor.cpp:66] actor 36284028420111 switch to &CopyCommNetActor::HandlerNormal
I1222 14:55:23.956934 87340 thread.cpp:99] Thread 17301573 construct Actor kCopyCommNet 36284028420111
I1222 14:55:23.956936 87342 naive_actor.cpp:25] actor 37391991570489 switch to &NaiveActor::HandlerNormal
I1222 14:55:23.956990 87340 runtime_context.cpp:29] DecreaseCounter constructing_actor_cnt, current val is 3076
I1222 14:55:23.957060 87342 thread.cpp:99] Thread 17829891 construct Actor kCollectiveBoxingGeneric 37391991570489
I1222 14:55:23.957072 87349 naive_actor.cpp:25] actor 37391987376141 switch to &NaiveActor::HandlerNormal
I1222 14:55:23.957203 87340 copy_comm_net_actor.cpp:66] actor 36284028420106 switch to &CopyCommNetActor::HandlerNormal
I1222 14:55:23.957294 87340 thread.cpp:99] Thread 17301573 construct Actor kCopyCommNet 36284028420106
I1222 14:55:23.957262 87349 thread.cpp:99] Thread 17829889 construct Actor kCopyHd 37391987376141
I1222 14:55:23.957216 87342 runtime_context.cpp:29] DecreaseCounter constructing_actor_cnt, current val is 3075
I1222 14:55:23.957334 87340 runtime_context.cpp:29] DecreaseCounter constructing_actor_cnt, current val is 3074
I1222 14:55:23.957415 87349 runtime_context.cpp:29] DecreaseCounter constructing_actor_cnt, current val is 3073
I1222 14:55:23.957572 87340 copy_comm_net_actor.cpp:66] actor 36284028420109 switch to &CopyCommNetActor::HandlerNormal
I1222 14:55:23.957662 87340 thread.cpp:99] Thread 17301573 construct Actor kCopyCommNet 36284028420109
I1222 14:55:23.957710 87342 naive_actor.cpp:25] actor 37391991570507 switch to &NaiveActor::HandlerNormal
I1222 14:55:23.957711 87338 naive_actor.cpp:25] actor 37391985279030 switch to &NaiveActor::HandlerNormal
I1222 14:55:23.957764 87349 naive_actor.cpp:25] actor 37391987376136 switch to &NaiveActor::HandlerNormal
I1222 14:55:23.958094 87340 runtime_context.cpp:29] DecreaseCounter constructing_actor_cnt, current val is 3072
I1222 14:55:23.958148 87342 thread.cpp:99] Thread 17829891 construct Actor kCollectiveBoxingGeneric 37391991570507
I1222 14:55:23.958230 87338 thread.cpp:99] Thread 17829888 construct Actor kNormalForward 37391985279030
I1222 14:55:23.958418 87342 runtime_context.cpp:29] DecreaseCounter constructing_actor_cnt, current val is 3071
I1222 14:55:23.958289 87349 thread.cpp:99] Thread 17829889 construct Actor kCopyHd 37391987376136
I1222 14:55:23.958437 87340 copy_comm_net_actor.cpp:66] actor 36284028420112 switch to &CopyCommNetActor::HandlerNormal
I1222 14:55:23.958604 87340 thread.cpp:99] Thread 17301573 construct Actor kCopyCommNet 36284028420112
I1222 14:55:23.958585 87349 runtime_context.cpp:29] DecreaseCounter constructing_actor_cnt, current val is 3069
I1222 14:55:23.958509 87338 runtime_context.cpp:29] DecreaseCounter constructing_actor_cnt, current val is 3070
I1222 14:55:23.958750 87342 naive_actor.cpp:25] actor 37391991570483 switch to &NaiveActor::HandlerNormal
I1222 14:55:23.958643 87340 runtime_context.cpp:29] DecreaseCounter constructing_actor_cnt, current val is 3068
I1222 14:55:23.958849 87342 thread.cpp:99] Thread 17829891 construct Actor kCollectiveBoxingGeneric 37391991570483
I1222 14:55:23.958916 87349 naive_actor.cpp:25] actor 37391987376129 switch to &NaiveActor::HandlerNormal
I1222 14:55:23.958977 87340 copy_comm_net_actor.cpp:66] actor 36284028420113 switch to &CopyCommNetActor::HandlerNormal
I1222 14:55:23.959081 87340 thread.cpp:99] Thread 17301573 construct Actor kCopyCommNet 36284028420113
I1222 14:55:23.959033 87349 thread.cpp:99] Thread 17829889 construct Actor kCopyHd 37391987376129
I1222 14:55:23.958987 87342 runtime_context.cpp:29] DecreaseCounter constructing_actor_cnt, current val is 3067
I1222 14:55:23.959142 87340 runtime_context.cpp:29] DecreaseCounter constructing_actor_cnt, current val is 3066
I1222 14:55:23.959204 87349 runtime_context.cpp:29] DecreaseCounter constructing_actor_cnt, current val is 3065
I1222 14:55:23.959379 87340 copy_comm_net_actor.cpp:66] actor 36284028420097 switch to &CopyCommNetActor::HandlerNormal
I1222 14:55:23.959429 87340 thread.cpp:99] Thread 17301573 construct Actor kCopyCommNet 36284028420097
I1222 14:55:23.959486 87340 runtime_context.cpp:29] DecreaseCounter constructing_actor_cnt, current val is 3064
I1222 14:55:23.959523 87342 naive_actor.cpp:25] actor 37391991570444 switch to &NaiveActor::HandlerNormal
I1222 14:55:23.959574 87349 naive_actor.cpp:25] actor 37391987376143 switch to &NaiveActor::HandlerNormal
I1222 14:55:23.959617 87340 copy_comm_net_actor.cpp:66] actor 36284028420116 switch to &CopyCommNetActor::HandlerNormal
I1222 14:55:23.959745 87340 thread.cpp:99] Thread 17301573 construct Actor kCopyCommNet 36284028420116
I1222 14:55:23.959698 87349 thread.cpp:99] Thread 17829889 construct Actor kCopyHd 37391987376143
I1222 14:55:23.959620 87342 thread.cpp:99] Thread 17829891 construct Actor kCollectiveBoxingGeneric 37391991570444
I1222 14:55:23.959792 87340 runtime_context.cpp:29] DecreaseCounter constructing_actor_cnt, current val is 3063
I1222 14:55:23.959952 87342 runtime_context.cpp:29] DecreaseCounter constructing_actor_cnt, current val is 3061
I1222 14:55:23.959884 87349 runtime_context.cpp:29] DecreaseCounter constructing_actor_cnt, current val is 3062
I1222 14:55:23.960067 87340 copy_comm_net_actor.cpp:66] actor 36284028420105 switch to &CopyCommNetActor::HandlerNormal
I1222 14:55:23.960144 87340 thread.cpp:99] Thread 17301573 construct Actor kCopyCommNet 36284028420105
I1222 14:55:23.960203 87340 runtime_context.cpp:29] DecreaseCounter constructing_actor_cnt, current val is 3060
I1222 14:55:23.960289 87342 naive_actor.cpp:25] actor 37391991570493 switch to &NaiveActor::HandlerNormal
I1222 14:55:23.960341 87349 naive_actor.cpp:25] actor 37391987376144 switch to &NaiveActor::HandlerNormal
I1222 14:55:23.960393 87340 copy_comm_net_actor.cpp:66] actor 36284028420118 switch to &CopyCommNetActor::HandlerNormal
I1222 14:55:23.960819 87342 thread.cpp:99] Thread 17829891 construct Actor kCollectiveBoxingGeneric 37391991570493
I1222 14:55:23.960881 87349 thread.cpp:99] Thread 17829889 construct Actor kCopyHd 37391987376144
