Log file created at: 2021/12/22 14:33:23
Running on machine: cn1
Log line format: [IWEF]mmdd hh:mm:ss.uuuuuu threadid file:line] msg
I1222 14:33:23.858711 82664 global.h:36] NewGlobal N7oneflow7EnvDescE
I1222 14:33:23.860221 82664 global.h:36] NewGlobal N7oneflow10ProcessCtxE
I1222 14:33:23.860250 82664 env_global_objects_scope.cpp:157] using rpc backend: gRPC
I1222 14:33:23.860265 82664 global.h:36] NewGlobal N7oneflow10CtrlServerE
I1222 14:33:23.861081 82664 ctrl_server.cpp:40] CtrlServer listening on 0.0.0.0:38837
I1222 14:33:23.861222 82664 rank_info_bootstrap_server.cpp:47] RankInfoBootstrapServer listening on 0.0.0.0:7788
I1222 14:33:51.887368 82664 rpc_client.cpp:187] LoadServer cn1 Successful at 0 times
I1222 14:33:51.890151 82664 ctrl_bootstrap.cpp:77] 
ctrl_addr {
  host: "cn1"
  port: 38837
}
ctrl_addr {
  host: "172.16.0.11"
  port: 38913
}
ctrl_addr {
  host: "172.16.0.12"
  port: 35756
}
ctrl_addr {
  host: "172.16.0.12"
  port: 39395
}
rank: 0
node_size: 2
I1222 14:34:21.893918 82664 rpc_client.cpp:187] LoadServer cn1 Successful at 0 times
I1222 14:34:21.894440 82664 rpc_client.cpp:187] LoadServer 172.16.0.11 Successful at 0 times
I1222 14:34:21.895036 82664 rpc_client.cpp:187] LoadServer 172.16.0.12 Successful at 0 times
I1222 14:34:21.895961 82664 rpc_client.cpp:187] LoadServer 172.16.0.12 Successful at 0 times
I1222 14:34:21.924332 82664 global.h:36] NewGlobal N7oneflow12ResourceDescE
I1222 14:34:21.924391 82664 global.h:36] NewGlobal N7oneflow12ResourceDescE
I1222 14:34:21.930485 82664 net_ib_device_descriptor.cpp:110] Inactivate port: device mlx5_0 port 
I1222 14:34:21.933292 82664 net_ib_device_descriptor.cpp:110] Inactivate port: device mlx5_1 port 
I1222 14:34:21.940261 82664 net_ib_device_descriptor.cpp:110] Inactivate port: device mlx5_3 port 
I1222 14:34:22.094424 82664 global.h:36] NewGlobal N7oneflow2ep21DeviceManagerRegistryE
I1222 14:34:22.094486 82664 global.h:36] NewGlobal N7oneflow10ThreadPoolE
I1222 14:34:22.096123 82664 global.h:36] NewGlobal N7oneflow16EagerNcclCommMgrE
I1222 14:34:22.096180 82664 global.h:36] NewGlobal N7oneflow18CudnnConvAlgoCacheE
I1222 14:34:22.096202 82664 global.h:36] NewGlobal N7oneflow2vm19VirtualMachineScopeE
I1222 14:34:22.096237 82664 global.h:36] NewGlobal N7oneflow14VirtualMachineE
I1222 14:34:22.096724 82664 virtual_machine.cpp:80] transport stream type: N7oneflow2vm13CpuStreamTypeE
I1222 14:34:22.096755 82664 virtual_machine.cpp:80] transport stream type: N7oneflow2vm14CudaStreamTypeE
I1222 14:34:22.096773 82664 virtual_machine.cpp:80] transport stream type: N7oneflow2vm19AsyncCudaStreamTypeE
I1222 14:34:22.096964 82664 global.h:36] NewGlobal N7oneflow27EagerJobBuildAndInferCtxMgrE
I1222 14:34:22.097000 82664 global.h:36] NewGlobal N7oneflow12EpollCommNetE
I1222 14:34:22.097190 82664 epoll_comm_network.cpp:63] CommNet:Epoll listening on 0.0.0.0:39491
I1222 14:34:22.100555 82664 epoll_comm_network.cpp:197] machine 0 sockfd -1
I1222 14:34:22.100585 82664 epoll_comm_network.cpp:197] machine 1 sockfd 62
I1222 14:34:22.100595 82664 epoll_comm_network.cpp:197] machine 2 sockfd 60
I1222 14:34:22.100605 82664 epoll_comm_network.cpp:197] machine 3 sockfd 58
I1222 14:34:22.100688 82664 global.h:36] NewGlobal N7oneflow9TransportE
I1222 14:34:22.100759 82664 global.h:43] DeleteGlobal N7oneflow17ForeignLockHelperE
I1222 14:34:22.100916 82664 global.h:36] NewGlobal N7oneflow25MultiClientSessionContextE
I1222 14:34:29.813644 82946 eager_nccl_comm_manager.cpp:69]  EagerNcclCommMgr::ncclCommInitRank device_vec.size() = 2, nccl_unique_id = 0200ffffffbeffffffebffffffac100a0b000000000000000000000000000000000000000000000000000000000000000000000000000000000000000000000000000000000000000000000000000000000000000000000000000000000000000000000000000000000000000000000000000000000000000000000000000000000000000000000000, rank = 0, key = {eager_nccl_unique_id_rpc_key,0:0,2:0}
I1222 14:34:29.837661 82664 version.cpp:22] OneFlow git version: v0.5.0-381-g3677dbf43-snapshot
I1222 14:34:29.837713 82664 cuda_device_manager_factory.cpp:63] CUDA runtime version: 11.1
I1222 14:34:29.837729 82664 cuda_device_manager_factory.cpp:72] cuDNN version: 8.0.5
I1222 14:34:29.837821 82664 cuda_device_manager_factory.cpp:85] NCCL version: 2.11.4
I1222 14:34:29.838495 82664 global.h:43] DeleteGlobal N7oneflow12ResourceDescE
I1222 14:34:29.838531 82664 global.h:36] NewGlobal N7oneflow12ResourceDescE
I1222 14:34:29.838547 82664 global.h:36] NewGlobal N7oneflow5IDMgrE
I1222 14:34:29.838562 82664 global.h:36] NewGlobal N7oneflow22TaskStreamIndexManagerE
I1222 14:34:29.838574 82664 global.h:36] NewGlobal N7oneflow26LazyJobBuildAndInferCtxMgrE
I1222 14:34:29.838587 82664 global.h:36] NewGlobal N7oneflow9BufferMgrISt10shared_ptrINS_11JobInstanceEEEE
I1222 14:34:29.838599 82664 global.h:36] NewGlobal N7oneflow9BufferMgrISt10shared_ptrINS_23CriticalSectionInstanceEEEE
I1222 14:34:29.838610 82664 global.h:36] NewGlobal N7oneflow10RuntimeCtxE
I1222 14:34:29.838624 82664 global.h:36] NewGlobal N7oneflow15MemoryAllocatorE
I1222 14:34:29.838636 82664 global.h:36] NewGlobal N7oneflow8ChunkMgrE
I1222 14:34:29.838649 82664 global.h:36] NewGlobal N7oneflow8RegstMgrE
I1222 14:34:29.838660 82664 global.h:36] NewGlobal N7oneflow11ActorMsgBusE
I1222 14:34:29.838671 82664 global.h:36] NewGlobal N7oneflow9ThreadMgrE
I1222 14:34:29.838683 82664 global.h:36] NewGlobal N7oneflow15RuntimeJobDescsE
I1222 14:34:29.838696 82664 global.h:36] NewGlobal N7oneflow7summary12EventsWriterE
I1222 14:34:29.838719 82664 global.h:36] NewGlobal N7oneflow6boxing10collective9SchedulerE
I1222 14:34:29.859184 82664 global.h:36] NewGlobal N7oneflow7JobDescE
I1222 14:34:31.513957 82664 global.h:43] DeleteGlobal N7oneflow7JobDescE
I1222 14:34:31.514094 82664 global.h:36] NewGlobal N7oneflow7JobDescE
I1222 14:34:39.130381 82664 global.h:43] DeleteGlobal N7oneflow7JobDescE
I1222 14:34:40.229951 82664 global.h:36] NewGlobal N7oneflow7JobDescE
I1222 14:34:52.413199 82664 global.h:36] NewGlobal N7oneflow7OpGraphE
I1222 14:34:55.489533 82664 global.h:43] DeleteGlobal N7oneflow7OpGraphE
I1222 14:34:55.821122 82664 nn_graph.cpp:267] 
job_id: 0 , job_name: PipelineGraph_0 , compile time: 15.5909 seconds.
I1222 14:34:55.914619 82664 plan_util.cpp:927]  Plan: PipelineGraph_0 needs to allocate [ 8162.74 MiB ] device memory in Rank: 3 , Device: 1
I1222 14:34:55.914741 82664 plan_util.cpp:927]  Plan: PipelineGraph_0 needs to allocate [ 8322.5 MiB ] device memory in Rank: 1 , Device: 1
I1222 14:34:55.914762 82664 plan_util.cpp:927]  Plan: PipelineGraph_0 needs to allocate [ 7530.79 MiB ] device memory in Rank: 2 , Device: 0
I1222 14:34:55.914779 82664 plan_util.cpp:927]  Plan: PipelineGraph_0 needs to allocate [ 7530.79 MiB ] device memory in Rank: 0 , Device: 0
I1222 14:34:56.942790 82664 runtime_context.cpp:21] NewCounter constructing_actor_cnt 2647
I1222 14:34:56.944164 83176 naive_actor.cpp:25] actor 1099578736640 switch to &NaiveActor::HandlerNormal
I1222 14:34:56.944243 83181 wait_and_send_ids_actor.cpp:53] actor 1099647942656 switch to &WaitAndSendIdsActor::HandlerWaitToStart
I1222 14:34:56.944880 83127 naive_actor.cpp:25] actor 2199023257896 switch to &NaiveActor::HandlerNormal
I1222 14:34:56.944319 83176 thread.cpp:99] Thread 524320 construct Actor kDeviceTick 1099578736640
I1222 14:34:56.944423 83181 thread.cpp:99] Thread 524353 construct Actor kWaitAndSendIds 1099647942656
I1222 14:34:56.945053 83127 thread.cpp:99] Thread 1048576 construct Actor kDeviceTick 2199023257896
I1222 14:34:56.945269 83181 runtime_context.cpp:29] DecreaseCounter constructing_actor_cnt, current val is 2645
I1222 14:34:56.945230 83176 runtime_context.cpp:29] DecreaseCounter constructing_actor_cnt, current val is 2646
I1222 14:34:56.945385 83127 runtime_context.cpp:29] DecreaseCounter constructing_actor_cnt, current val is 2644
I1222 14:34:56.945852 83127 naive_actor.cpp:25] actor 2199023257895 switch to &NaiveActor::HandlerNormal
I1222 14:34:56.945937 83127 thread.cpp:99] Thread 1048576 construct Actor kDeviceTick 2199023257895
I1222 14:34:56.946053 83127 runtime_context.cpp:29] DecreaseCounter constructing_actor_cnt, current val is 2643
I1222 14:34:57.032555 83127 naive_actor.cpp:25] actor 2199023255559 switch to &NaiveActor::HandlerNormal
I1222 14:34:57.033200 83127 thread.cpp:99] Thread 1048576 construct Actor kNormalForward 2199023255559
I1222 14:34:57.033895 83127 runtime_context.cpp:29] DecreaseCounter constructing_actor_cnt, current val is 2642
I1222 14:34:57.034525 83163 naive_actor.cpp:25] actor 2199027449856 switch to &NaiveActor::HandlerNormal
I1222 14:34:57.034955 83163 thread.cpp:99] Thread 1048578 construct Actor kCopyHd 2199027449856
I1222 14:34:57.034960 83161 naive_actor.cpp:25] actor 2199025352705 switch to &NaiveActor::HandlerNormal
I1222 14:34:57.035343 83163 runtime_context.cpp:29] DecreaseCounter constructing_actor_cnt, current val is 2641
I1222 14:34:57.035712 83167 naive_actor.cpp:25] actor 2199029547010 switch to &NaiveActor::HandlerNormal
I1222 14:34:57.035811 83161 thread.cpp:99] Thread 1048577 construct Actor kCopyHd 2199025352705
I1222 14:34:57.036478 83167 thread.cpp:99] Thread 1048579 construct Actor kCollectiveBoxingGeneric 2199029547010
I1222 14:34:57.036885 83161 runtime_context.cpp:29] DecreaseCounter constructing_actor_cnt, current val is 2640
I1222 14:34:57.037256 83167 runtime_context.cpp:29] DecreaseCounter constructing_actor_cnt, current val is 2639
I1222 14:34:57.037315 83188 naive_actor.cpp:25] actor 1099595513856 switch to &NaiveActor::HandlerNormal
I1222 14:34:57.037346 83199 naive_actor.cpp:25] actor 1099589222400 switch to &NaiveActor::HandlerNormal
I1222 14:34:57.037389 83163 naive_actor.cpp:25] actor 2199027449858 switch to &NaiveActor::HandlerNormal
I1222 14:34:57.037922 83192 naive_actor.cpp:25] actor 1099633262592 switch to &NaiveActor::HandlerNormal
I1222 14:34:57.037443 83187 naive_actor.cpp:25] actor 1099624873984 switch to &NaiveActor::HandlerNormal
I1222 14:34:57.038084 83200 sink_actor.cpp:21] actor 1099650039808 switch to &SinkActor::HandlerNormal
I1222 14:34:57.037483 83193 naive_actor.cpp:25] actor 1099637456896 switch to &NaiveActor::HandlerNormal
I1222 14:34:57.037760 83188 thread.cpp:99] Thread 524328 construct Actor kSliceBoxing 1099595513856
I1222 14:34:57.037897 83199 thread.cpp:99] Thread 524325 construct Actor kSliceBoxing 1099589222400
I1222 14:34:57.038523 83189 naive_actor.cpp:25] actor 1099585028096 switch to &NaiveActor::HandlerNormal
I1222 14:34:57.037930 83163 thread.cpp:99] Thread 1048578 construct Actor kCopyHd 2199027449858
I1222 14:34:57.038003 83192 thread.cpp:99] Thread 524346 construct Actor kSliceBoxing 1099633262592
I1222 14:34:57.038004 83198 naive_actor.cpp:25] actor 1099612291072 switch to &NaiveActor::HandlerNormal
I1222 14:34:57.038045 83195 naive_actor.cpp:25] actor 1099631165440 switch to &NaiveActor::HandlerNormal
I1222 14:34:57.038080 83145 naive_actor.cpp:25] actor 1099545182208 switch to &NaiveActor::HandlerNormal
I1222 14:34:57.037446 83190 naive_actor.cpp:25] actor 1099635359744 switch to &NaiveActor::HandlerNormal
I1222 14:34:57.038100 83187 thread.cpp:99] Thread 524342 construct Actor kSliceBoxing 1099624873984
I1222 14:34:57.039235 83142 naive_actor.cpp:25] actor 1099553570816 switch to &NaiveActor::HandlerNormal
I1222 14:34:57.038168 83200 thread.cpp:99] Thread 524354 construct Actor kCallbackNotify 1099650039808
I1222 14:34:57.038162 83167 naive_actor.cpp:25] actor 2199029547024 switch to &NaiveActor::HandlerNormal
I1222 14:34:57.038219 83193 thread.cpp:99] Thread 524348 construct Actor kSliceBoxing 1099637456896
I1222 14:34:57.039566 83153 naive_actor.cpp:25] actor 1099572445184 switch to &NaiveActor::HandlerNormal
I1222 14:34:57.038293 83201 naive_actor.cpp:25] actor 1099608096768 switch to &NaiveActor::HandlerNormal
I1222 14:34:57.038323 83194 naive_actor.cpp:25] actor 1099601805312 switch to &NaiveActor::HandlerNormal
I1222 14:34:57.039908 83194 thread.cpp:99] Thread 524331 construct Actor kSliceBoxing 1099601805312
I1222 14:34:57.039939 83151 naive_actor.cpp:25] actor 1099557765120 switch to &NaiveActor::HandlerNormal
I1222 14:34:57.038471 83180 naive_actor.cpp:25] actor 1099629068288 switch to &NaiveActor::HandlerNormal
I1222 14:34:57.037437 83196 naive_actor.cpp:25] actor 1099599708160 switch to &NaiveActor::HandlerNormal
I1222 14:34:57.038549 83183 naive_actor.cpp:25] actor 1099605999616 switch to &NaiveActor::HandlerNormal
I1222 14:34:57.041014 83150 naive_actor.cpp:25] actor 1099566153728 switch to &NaiveActor::HandlerNormal
I1222 14:34:57.038652 83189 thread.cpp:99] Thread 524323 construct Actor kSliceBoxing 1099585028096
I1222 14:34:57.038687 83148 naive_actor.cpp:25] actor 1099559862272 switch to &NaiveActor::HandlerNormal
I1222 14:34:57.038697 83163 runtime_context.cpp:29] DecreaseCounter constructing_actor_cnt, current val is 2636
I1222 14:34:57.038743 83175 copy_comm_net_actor.cpp:66] actor 1099656331265 switch to &CopyCommNetActor::HandlerNormal
I1222 14:34:57.038762 83192 runtime_context.cpp:29] DecreaseCounter constructing_actor_cnt, current val is 2635
I1222 14:34:57.038749 83184 naive_actor.cpp:25] actor 1099610193920 switch to &NaiveActor::HandlerNormal
I1222 14:34:57.038828 83173 naive_actor.cpp:25] actor 1099654234112 switch to &NaiveActor::HandlerNormal
I1222 14:34:57.042035 83139 naive_actor.cpp:25] actor 1099532599296 switch to &NaiveActor::HandlerNormal
I1222 14:34:57.038935 83195 thread.cpp:99] Thread 524345 construct Actor kSliceBoxing 1099631165440
I1222 14:34:57.038993 83170 naive_actor.cpp:25] actor 1099626971136 switch to &NaiveActor::HandlerNormal
I1222 14:34:57.039083 83145 thread.cpp:99] Thread 524304 construct Actor kNormalForward 1099545182208
I1222 14:34:57.039098 83186 naive_actor.cpp:25] actor 1099603902464 switch to &NaiveActor::HandlerNormal
I1222 14:34:57.039103 83179 naive_actor.cpp:25] actor 1099614388224 switch to &NaiveActor::HandlerNormal
I1222 14:34:57.039134 83165 naive_actor.cpp:25] actor 1099587125248 switch to &NaiveActor::HandlerNormal
I1222 14:34:57.042675 83165 thread.cpp:99] Thread 524324 construct Actor kSliceBoxing 1099587125248
I1222 14:34:57.039219 83168 naive_actor.cpp:25] actor 1099593416704 switch to &NaiveActor::HandlerNormal
I1222 14:34:57.042758 83168 thread.cpp:99] Thread 524327 construct Actor kSliceBoxing 1099593416704
I1222 14:34:57.039292 83187 runtime_context.cpp:29] DecreaseCounter constructing_actor_cnt, current val is 2634
I1222 14:34:57.039319 83164 naive_actor.cpp:25] actor 1099641651200 switch to &NaiveActor::HandlerNormal
I1222 14:34:57.039323 83147 naive_actor.cpp:25] actor 1099543085056 switch to &NaiveActor::HandlerNormal
I1222 14:34:57.039324 83142 thread.cpp:99] Thread 524308 construct Actor kNormalForward 1099553570816
I1222 14:34:57.039420 83200 runtime_context.cpp:29] DecreaseCounter constructing_actor_cnt, current val is 2633
I1222 14:34:57.043179 83142 runtime_context.cpp:29] DecreaseCounter constructing_actor_cnt, current val is 2625
I1222 14:34:57.039465 83178 naive_actor.cpp:25] actor 1099618582528 switch to &NaiveActor::HandlerNormal
I1222 14:34:57.039538 83167 thread.cpp:99] Thread 1048579 construct Actor kCollectiveBoxingGeneric 2199029547024
I1222 14:34:57.039554 83169 naive_actor.cpp:25] actor 1099597611008 switch to &NaiveActor::HandlerNormal
I1222 14:34:57.038280 83174 naive_actor.cpp:25] actor 1099639554048 switch to &NaiveActor::HandlerNormal
I1222 14:34:57.039628 83193 runtime_context.cpp:29] DecreaseCounter constructing_actor_cnt, current val is 2632
I1222 14:34:57.039623 83143 naive_actor.cpp:25] actor 1099551473664 switch to &NaiveActor::HandlerNormal
I1222 14:34:57.039696 83153 thread.cpp:99] Thread 524317 construct Actor kNormalForward 1099572445184
I1222 14:34:57.039705 83182 naive_actor.cpp:25] actor 1099622776832 switch to &NaiveActor::HandlerNormal
I1222 14:34:57.039849 83172 naive_actor.cpp:25] actor 1099576639488 switch to &NaiveActor::HandlerNormal
I1222 14:34:57.039852 83201 thread.cpp:99] Thread 524334 construct Actor kSliceBoxing 1099608096768
I1222 14:34:57.038426 83191 naive_actor.cpp:25] actor 1099580833792 switch to &NaiveActor::HandlerNormal
I1222 14:34:57.038455 83188 runtime_context.cpp:29] DecreaseCounter constructing_actor_cnt, current val is 2638
I1222 14:34:57.039976 83194 runtime_context.cpp:29] DecreaseCounter constructing_actor_cnt, current val is 2631
I1222 14:34:57.040058 83151 thread.cpp:99] Thread 524310 construct Actor kNormalForward 1099557765120
I1222 14:34:57.040076 83135 naive_actor.cpp:25] actor 1099540987904 switch to &NaiveActor::HandlerNormal
I1222 14:34:57.040179 83158 naive_actor.cpp:25] actor 1099616485376 switch to &NaiveActor::HandlerNormal
I1222 14:34:57.040190 83180 thread.cpp:99] Thread 524344 construct Actor kSliceBoxing 1099629068288
I1222 14:34:57.040318 83196 thread.cpp:99] Thread 524330 construct Actor kSliceBoxing 1099599708160
I1222 14:34:57.040568 83159 naive_actor.cpp:25] actor 1099645845513 switch to &NaiveActor::HandlerNormal
I1222 14:34:57.045614 83159 thread.cpp:99] Thread 524352 construct Actor kDstSubsetTick 1099645845513
I1222 14:34:57.038576 83199 runtime_context.cpp:29] DecreaseCounter constructing_actor_cnt, current val is 2637
I1222 14:34:57.041021 83183 thread.cpp:99] Thread 524333 construct Actor kSliceBoxing 1099605999616
I1222 14:34:57.041043 83134 naive_actor.cpp:25] actor 1099536793600 switch to &NaiveActor::HandlerNormal
I1222 14:34:57.041046 83152 naive_actor.cpp:25] actor 1099555667968 switch to &NaiveActor::HandlerNormal
I1222 14:34:57.041096 83155 naive_actor.cpp:25] actor 1099568250880 switch to &NaiveActor::HandlerNormal
I1222 14:34:57.041126 83150 thread.cpp:99] Thread 524314 construct Actor kNormalForward 1099566153728
I1222 14:34:57.041173 83149 naive_actor.cpp:25] actor 1099561959424 switch to &NaiveActor::HandlerNormal
I1222 14:34:57.041287 83189 runtime_context.cpp:29] DecreaseCounter constructing_actor_cnt, current val is 2630
I1222 14:34:57.041299 83161 naive_actor.cpp:25] actor 2199025352706 switch to &NaiveActor::HandlerNormal
I1222 14:34:57.041361 83148 thread.cpp:99] Thread 524311 construct Actor kNormalForward 1099559862272
I1222 14:34:57.041435 83157 naive_actor.cpp:25] actor 1099570348032 switch to &NaiveActor::HandlerNormal
I1222 14:34:57.041486 83146 naive_actor.cpp:25] actor 1099547279360 switch to &NaiveActor::HandlerNormal
I1222 14:34:57.041517 83144 naive_actor.cpp:25] actor 1099549376512 switch to &NaiveActor::HandlerNormal
I1222 14:34:57.041667 83175 thread.cpp:99] Thread 524357 construct Actor kCopyCommNet 1099656331265
I1222 14:34:57.041738 83128 naive_actor.cpp:25] actor 1099515822080 switch to &NaiveActor::HandlerNormal
I1222 14:34:57.041851 83140 naive_actor.cpp:25] actor 1099538890752 switch to &NaiveActor::HandlerNormal
I1222 14:34:57.041893 83184 thread.cpp:99] Thread 524335 construct Actor kSliceBoxing 1099610193920
I1222 14:34:57.041985 83177 naive_actor.cpp:25] actor 1099652136960 switch to &NaiveActor::HandlerNormal
I1222 14:34:57.041998 83163 naive_actor.cpp:25] actor 2199027449857 switch to &NaiveActor::HandlerNormal
I1222 14:34:57.046897 83163 thread.cpp:99] Thread 1048578 construct Actor kCopyHd 2199027449857
I1222 14:34:57.038875 83198 thread.cpp:99] Thread 524336 construct Actor kSliceBoxing 1099612291072
I1222 14:34:57.042054 83173 thread.cpp:99] Thread 524356 construct Actor kCriticalSectionWaitTick 1099654234112
I1222 14:34:57.042229 83138 naive_actor.cpp:25] actor 1099520016384 switch to &NaiveActor::HandlerNormal
I1222 14:34:57.042233 83131 naive_actor.cpp:25] actor 1099530502144 switch to &NaiveActor::HandlerNormal
I1222 14:34:57.042237 83139 thread.cpp:99] Thread 524298 construct Actor kNormalForward 1099532599296
I1222 14:34:57.042229 83154 naive_actor.cpp:25] actor 1099564056576 switch to &NaiveActor::HandlerNormal
I1222 14:34:57.047401 83139 runtime_context.cpp:29] DecreaseCounter constructing_actor_cnt, current val is 2609
I1222 14:34:57.042237 83141 naive_actor.cpp:25] actor 1099522113536 switch to &NaiveActor::HandlerNormal
I1222 14:34:57.042318 83195 runtime_context.cpp:29] DecreaseCounter constructing_actor_cnt, current val is 2629
I1222 14:34:57.042320 83129 naive_actor.cpp:25] actor 1099534696448 switch to &NaiveActor::HandlerNormal
I1222 14:34:57.042330 83136 naive_actor.cpp:25] actor 1099517919232 switch to &NaiveActor::HandlerNormal
I1222 14:34:57.042366 83170 thread.cpp:99] Thread 524343 construct Actor kSliceBoxing 1099626971136
I1222 14:34:57.042546 83186 thread.cpp:99] Thread 524332 construct Actor kSliceBoxing 1099603902464
I1222 14:34:57.042587 83145 runtime_context.cpp:29] DecreaseCounter constructing_actor_cnt, current val is 2628
I1222 14:34:57.042645 83179 thread.cpp:99] Thread 524337 construct Actor kSliceBoxing 1099614388224
I1222 14:34:57.039198 83190 thread.cpp:99] Thread 524347 construct Actor kSliceBoxing 1099635359744
I1222 14:34:57.042735 83165 runtime_context.cpp:29] DecreaseCounter constructing_actor_cnt, current val is 2627
I1222 14:34:57.038127 83197 naive_actor.cpp:25] actor 1099591319552 switch to &NaiveActor::HandlerNormal
I1222 14:34:57.042807 83125 naive_actor.cpp:25] actor 1099513724928 switch to &NaiveActor::HandlerNormal
I1222 14:34:57.042832 83168 runtime_context.cpp:29] DecreaseCounter constructing_actor_cnt, current val is 2626
I1222 14:34:57.042851 83130 naive_actor.cpp:25] actor 1099526307840 switch to &NaiveActor::HandlerNormal
I1222 14:34:57.048923 83130 thread.cpp:99] Thread 524295 construct Actor kNormalForward 1099526307840
I1222 14:34:57.042984 83164 thread.cpp:99] Thread 524350 construct Actor kSliceBoxing 1099641651200
I1222 14:34:57.043082 83147 thread.cpp:99] Thread 524303 construct Actor kNormalForward 1099543085056
I1222 14:34:57.039463 83171 naive_actor.cpp:25] actor 1099620679680 switch to &NaiveActor::HandlerNormal
I1222 14:34:57.049141 83171 thread.cpp:99] Thread 524340 construct Actor kSliceBoxing 1099620679680
I1222 14:34:57.043557 83167 runtime_context.cpp:29] DecreaseCounter constructing_actor_cnt, current val is 2624
I1222 14:34:57.043634 83169 thread.cpp:99] Thread 524329 construct Actor kSliceBoxing 1099597611008
I1222 14:34:57.043617 83127 naive_actor.cpp:25] actor 2199023255567 switch to &NaiveActor::HandlerNormal
I1222 14:34:57.043752 83174 thread.cpp:99] Thread 524349 construct Actor kSliceBoxing 1099639554048
I1222 14:34:57.043901 83143 thread.cpp:99] Thread 524307 construct Actor kNormalForward 1099551473664
I1222 14:34:57.044064 83153 runtime_context.cpp:29] DecreaseCounter constructing_actor_cnt, current val is 2623
I1222 14:34:57.044108 83182 thread.cpp:99] Thread 524341 construct Actor kSliceBoxing 1099622776832
I1222 14:34:57.044239 83172 thread.cpp:99] Thread 524319 construct Actor kDeviceTick 1099576639488
I1222 14:34:57.044351 83201 runtime_context.cpp:29] DecreaseCounter constructing_actor_cnt, current val is 2622
I1222 14:34:57.044379 83191 thread.cpp:99] Thread 524321 construct Actor kNormalForward 1099580833792
I1222 14:34:57.044692 83151 runtime_context.cpp:29] DecreaseCounter constructing_actor_cnt, current val is 2621
I1222 14:34:57.045326 83135 thread.cpp:99] Thread 524302 construct Actor kNormalForward 1099540987904
I1222 14:34:57.045464 83158 thread.cpp:99] Thread 524338 construct Actor kSliceBoxing 1099616485376
I1222 14:34:57.045570 83180 runtime_context.cpp:29] DecreaseCounter constructing_actor_cnt, current val is 2620
I1222 14:34:57.045583 83196 runtime_context.cpp:29] DecreaseCounter constructing_actor_cnt, current val is 2619
I1222 14:34:57.040714 83185 naive_actor.cpp:25] actor 1099582930944 switch to &NaiveActor::HandlerNormal
I1222 14:34:57.045677 83159 runtime_context.cpp:29] DecreaseCounter constructing_actor_cnt, current val is 2618
I1222 14:34:57.045794 83183 runtime_context.cpp:29] DecreaseCounter constructing_actor_cnt, current val is 2617
I1222 14:34:57.045841 83134 thread.cpp:99] Thread 524300 construct Actor kNormalForward 1099536793600
I1222 14:34:57.045910 83152 thread.cpp:99] Thread 524309 construct Actor kNormalForward 1099555667968
I1222 14:34:57.050591 83134 runtime_context.cpp:29] DecreaseCounter constructing_actor_cnt, current val is 2592
I1222 14:34:57.046077 83150 runtime_context.cpp:29] DecreaseCounter constructing_actor_cnt, current val is 2616
I1222 14:34:57.046120 83149 thread.cpp:99] Thread 524312 construct Actor kNormalForward 1099561959424
I1222 14:34:57.046280 83161 thread.cpp:99] Thread 1048577 construct Actor kCopyHd 2199025352706
I1222 14:34:57.046386 83148 runtime_context.cpp:29] DecreaseCounter constructing_actor_cnt, current val is 2615
I1222 14:34:57.050874 83161 runtime_context.cpp:29] DecreaseCounter constructing_actor_cnt, current val is 2589
I1222 14:34:57.046483 83146 thread.cpp:99] Thread 524305 construct Actor kNormalForward 1099547279360
I1222 14:34:57.046522 83144 thread.cpp:99] Thread 524306 construct Actor kNormalForward 1099549376512
I1222 14:34:57.051555 83146 runtime_context.cpp:29] DecreaseCounter constructing_actor_cnt, current val is 2588
I1222 14:34:57.046689 83128 thread.cpp:99] Thread 524290 construct Actor kNormalForward 1099515822080
I1222 14:34:57.046728 83140 thread.cpp:99] Thread 524301 construct Actor kNormalForward 1099538890752
I1222 14:34:57.046813 83184 runtime_context.cpp:29] DecreaseCounter constructing_actor_cnt, current val is 2613
I1222 14:34:57.046866 83177 thread.cpp:99] Thread 524355 construct Actor kCriticalSectionWaitTick 1099652136960
I1222 14:34:57.042003 83156 naive_actor.cpp:25] actor 1099574542336 switch to &NaiveActor::HandlerNormal
I1222 14:34:57.046955 83163 runtime_context.cpp:29] DecreaseCounter constructing_actor_cnt, current val is 2612
I1222 14:34:57.047044 83198 runtime_context.cpp:29] DecreaseCounter constructing_actor_cnt, current val is 2611
I1222 14:34:57.047158 83138 thread.cpp:99] Thread 524292 construct Actor kNormalForward 1099520016384
I1222 14:34:57.047170 83173 runtime_context.cpp:29] DecreaseCounter constructing_actor_cnt, current val is 2610
I1222 14:34:57.047221 83131 thread.cpp:99] Thread 524297 construct Actor kNormalForward 1099530502144
I1222 14:34:57.042245 83132 naive_actor.cpp:25] actor 1099524210688 switch to &NaiveActor::HandlerNormal
I1222 14:34:57.047415 83154 thread.cpp:99] Thread 524313 construct Actor kNormalForward 1099564056576
I1222 14:34:57.047586 83141 thread.cpp:99] Thread 524293 construct Actor kNormalForward 1099522113536
I1222 14:34:57.047684 83129 thread.cpp:99] Thread 524299 construct Actor kNormalForward 1099534696448
I1222 14:34:57.047727 83136 thread.cpp:99] Thread 524291 construct Actor kNormalForward 1099517919232
I1222 14:34:57.047773 83170 runtime_context.cpp:29] DecreaseCounter constructing_actor_cnt, current val is 2608
I1222 14:34:57.047772 83137 naive_actor.cpp:25] actor 1099511627776 switch to &NaiveActor::HandlerNormal
I1222 14:34:57.047850 83186 runtime_context.cpp:29] DecreaseCounter constructing_actor_cnt, current val is 2607
I1222 14:34:57.048568 83179 runtime_context.cpp:29] DecreaseCounter constructing_actor_cnt, current val is 2606
I1222 14:34:57.048651 83190 runtime_context.cpp:29] DecreaseCounter constructing_actor_cnt, current val is 2605
I1222 14:34:57.048744 83197 thread.cpp:99] Thread 524326 construct Actor kSliceBoxing 1099591319552
I1222 14:34:57.048843 83125 thread.cpp:99] Thread 524289 construct Actor kNormalForward 1099513724928
I1222 14:34:57.042980 83133 naive_actor.cpp:25] actor 1099528404992 switch to &NaiveActor::HandlerNormal
I1222 14:34:57.048983 83130 runtime_context.cpp:29] DecreaseCounter constructing_actor_cnt, current val is 2604
I1222 14:34:57.049082 83164 runtime_context.cpp:29] DecreaseCounter constructing_actor_cnt, current val is 2603
I1222 14:34:57.043448 83178 thread.cpp:99] Thread 524339 construct Actor kSliceBoxing 1099618582528
I1222 14:34:57.049150 83147 runtime_context.cpp:29] DecreaseCounter constructing_actor_cnt, current val is 2602
I1222 14:34:57.049181 83171 runtime_context.cpp:29] DecreaseCounter constructing_actor_cnt, current val is 2601
I1222 14:34:57.049355 83169 runtime_context.cpp:29] DecreaseCounter constructing_actor_cnt, current val is 2600
I1222 14:34:57.049413 83127 thread.cpp:99] Thread 1048576 construct Actor kNormalForward 2199023255567
I1222 14:34:57.049553 83174 runtime_context.cpp:29] DecreaseCounter constructing_actor_cnt, current val is 2599
I1222 14:34:57.049600 83143 runtime_context.cpp:29] DecreaseCounter constructing_actor_cnt, current val is 2598
I1222 14:34:57.049592 83167 naive_actor.cpp:25] actor 2199029547017 switch to &NaiveActor::HandlerNormal
I1222 14:34:57.049799 83182 runtime_context.cpp:29] DecreaseCounter constructing_actor_cnt, current val is 2597
I1222 14:34:57.049885 83172 runtime_context.cpp:29] DecreaseCounter constructing_actor_cnt, current val is 2596
I1222 14:34:57.050050 83191 runtime_context.cpp:29] DecreaseCounter constructing_actor_cnt, current val is 2595
I1222 14:34:57.050197 83135 runtime_context.cpp:29] DecreaseCounter constructing_actor_cnt, current val is 2594
I1222 14:34:57.050280 83158 runtime_context.cpp:29] DecreaseCounter constructing_actor_cnt, current val is 2593
I1222 14:34:57.050396 83185 thread.cpp:99] Thread 524322 construct Actor kNormalForward 1099582930944
I1222 14:34:57.045995 83155 thread.cpp:99] Thread 524315 construct Actor kNormalForward 1099568250880
I1222 14:34:57.054745 83185 runtime_context.cpp:29] DecreaseCounter constructing_actor_cnt, current val is 2573
I1222 14:34:57.050690 83159 naive_actor.cpp:25] actor 1099645845508 switch to &NaiveActor::HandlerNormal
I1222 14:34:57.050815 83149 runtime_context.cpp:29] DecreaseCounter constructing_actor_cnt, current val is 2590
I1222 14:34:57.046438 83157 thread.cpp:99] Thread 524316 construct Actor kNormalForward 1099570348032
I1222 14:34:57.051327 83161 naive_actor.cpp:25] actor 2199025352709 switch to &NaiveActor::HandlerNormal
I1222 14:34:57.046584 83175 runtime_context.cpp:29] DecreaseCounter constructing_actor_cnt, current val is 2614
I1222 14:34:57.051592 83144 runtime_context.cpp:29] DecreaseCounter constructing_actor_cnt, current val is 2587
I1222 14:34:57.051748 83140 runtime_context.cpp:29] DecreaseCounter constructing_actor_cnt, current val is 2586
I1222 14:34:57.051753 83128 runtime_context.cpp:29] DecreaseCounter constructing_actor_cnt, current val is 2585
I1222 14:34:57.051918 83177 runtime_context.cpp:29] DecreaseCounter constructing_actor_cnt, current val is 2584
I1222 14:34:57.051944 83156 thread.cpp:99] Thread 524318 construct Actor kNormalForward 1099574542336
I1222 14:34:57.052147 83138 runtime_context.cpp:29] DecreaseCounter constructing_actor_cnt, current val is 2583
I1222 14:34:57.055570 83156 runtime_context.cpp:29] DecreaseCounter constructing_actor_cnt, current val is 2570
I1222 14:34:57.052320 83132 thread.cpp:99] Thread 524294 construct Actor kNormalForward 1099524210688
I1222 14:34:57.052431 83154 runtime_context.cpp:29] DecreaseCounter constructing_actor_cnt, current val is 2581
I1222 14:34:57.052508 83141 runtime_context.cpp:29] DecreaseCounter constructing_actor_cnt, current val is 2580
I1222 14:34:57.052551 83129 runtime_context.cpp:29] DecreaseCounter constructing_actor_cnt, current val is 2579
I1222 14:34:57.052552 83136 runtime_context.cpp:29] DecreaseCounter constructing_actor_cnt, current val is 2578
I1222 14:34:57.052646 83137 thread.cpp:99] Thread 524288 construct Actor kNormalForward 1099511627776
I1222 14:34:57.052932 83197 runtime_context.cpp:29] DecreaseCounter constructing_actor_cnt, current val is 2577
I1222 14:34:57.053033 83125 runtime_context.cpp:29] DecreaseCounter constructing_actor_cnt, current val is 2576
I1222 14:34:57.053086 83133 thread.cpp:99] Thread 524296 construct Actor kNormalForward 1099528404992
I1222 14:34:57.053364 83178 runtime_context.cpp:29] DecreaseCounter constructing_actor_cnt, current val is 2575
I1222 14:34:57.053675 83127 runtime_context.cpp:29] DecreaseCounter constructing_actor_cnt, current val is 2574
I1222 14:34:57.053777 83167 thread.cpp:99] Thread 1048579 construct Actor kCollectiveBoxingGeneric 2199029547017
I1222 14:34:57.050688 83152 runtime_context.cpp:29] DecreaseCounter constructing_actor_cnt, current val is 2591
I1222 14:34:57.054811 83155 runtime_context.cpp:29] DecreaseCounter constructing_actor_cnt, current val is 2572
I1222 14:34:57.054952 83159 thread.cpp:99] Thread 524352 construct Actor kTick 1099645845508
I1222 14:34:57.055128 83157 runtime_context.cpp:29] DecreaseCounter constructing_actor_cnt, current val is 2571
I1222 14:34:57.055174 83161 thread.cpp:99] Thread 1048577 construct Actor kCopyHd 2199025352709
I1222 14:34:57.055344 83175 copy_comm_net_actor.cpp:66] actor 1099656331267 switch to &CopyCommNetActor::HandlerNormal
I1222 14:34:57.052302 83131 runtime_context.cpp:29] DecreaseCounter constructing_actor_cnt, current val is 2582
I1222 14:34:57.055761 83132 runtime_context.cpp:29] DecreaseCounter constructing_actor_cnt, current val is 2569
I1222 14:34:57.056051 83137 runtime_context.cpp:29] DecreaseCounter constructing_actor_cnt, current val is 2568
I1222 14:34:57.056285 83133 runtime_context.cpp:29] DecreaseCounter constructing_actor_cnt, current val is 2567
I1222 14:34:57.056519 83167 runtime_context.cpp:29] DecreaseCounter constructing_actor_cnt, current val is 2566
I1222 14:34:57.056979 83175 thread.cpp:99] Thread 524357 construct Actor kCopyCommNet 1099656331267
I1222 14:34:57.057411 83161 runtime_context.cpp:29] DecreaseCounter constructing_actor_cnt, current val is 2565
I1222 14:34:57.057466 83159 runtime_context.cpp:29] DecreaseCounter constructing_actor_cnt, current val is 2564
I1222 14:34:57.058001 83175 runtime_context.cpp:29] DecreaseCounter constructing_actor_cnt, current val is 2563
I1222 14:34:57.058239 83167 naive_actor.cpp:25] actor 2199029547060 switch to &NaiveActor::HandlerNormal
I1222 14:34:57.058348 83175 copy_comm_net_actor.cpp:66] actor 1099656331271 switch to &CopyCommNetActor::HandlerNormal
I1222 14:34:57.058401 83175 thread.cpp:99] Thread 524357 construct Actor kCopyCommNet 1099656331271
I1222 14:34:57.058377 83161 naive_actor.cpp:25] actor 2199025352714 switch to &NaiveActor::HandlerNormal
I1222 14:34:57.058344 83167 thread.cpp:99] Thread 1048579 construct Actor kCollectiveBoxingGeneric 2199029547060
I1222 14:34:57.058452 83175 runtime_context.cpp:29] DecreaseCounter constructing_actor_cnt, current val is 2562
I1222 14:34:57.058511 83161 thread.cpp:99] Thread 1048577 construct Actor kCopyHd 2199025352714
I1222 14:34:57.058614 83167 runtime_context.cpp:29] DecreaseCounter constructing_actor_cnt, current val is 2561
I1222 14:34:57.058712 83161 runtime_context.cpp:29] DecreaseCounter constructing_actor_cnt, current val is 2560
I1222 14:34:57.058732 83175 copy_comm_net_actor.cpp:66] actor 1099656331264 switch to &CopyCommNetActor::HandlerNormal
I1222 14:34:57.058738 83159 naive_actor.cpp:25] actor 1099645845505 switch to &NaiveActor::HandlerNormal
I1222 14:34:57.058934 83175 thread.cpp:99] Thread 524357 construct Actor kCopyCommNet 1099656331264
I1222 14:34:57.059058 83159 thread.cpp:99] Thread 524352 construct Actor kTick 1099645845505
I1222 14:34:57.059150 83161 naive_actor.cpp:25] actor 2199025352704 switch to &NaiveActor::HandlerNormal
I1222 14:34:57.059113 83175 runtime_context.cpp:29] DecreaseCounter constructing_actor_cnt, current val is 2559
I1222 14:34:57.059046 83167 naive_actor.cpp:25] actor 2199029547020 switch to &NaiveActor::HandlerNormal
I1222 14:34:57.059163 83127 naive_actor.cpp:25] actor 2199023255553 switch to &NaiveActor::HandlerNormal
I1222 14:34:57.059221 83159 runtime_context.cpp:29] DecreaseCounter constructing_actor_cnt, current val is 2558
I1222 14:34:57.059242 83161 thread.cpp:99] Thread 1048577 construct Actor kCopyHd 2199025352704
I1222 14:34:57.059366 83167 thread.cpp:99] Thread 1048579 construct Actor kCollectiveBoxingGeneric 2199029547020
I1222 14:34:57.059366 83175 copy_comm_net_actor.cpp:66] actor 1099656331270 switch to &CopyCommNetActor::HandlerNormal
I1222 14:34:57.059427 83127 thread.cpp:99] Thread 1048576 construct Actor kNormalForward 2199023255553
I1222 14:34:57.059566 83161 runtime_context.cpp:29] DecreaseCounter constructing_actor_cnt, current val is 2557
I1222 14:34:57.059617 83175 thread.cpp:99] Thread 524357 construct Actor kCopyCommNet 1099656331270
I1222 14:34:57.059621 83167 runtime_context.cpp:29] DecreaseCounter constructing_actor_cnt, current val is 2556
I1222 14:34:57.059713 83127 runtime_context.cpp:29] DecreaseCounter constructing_actor_cnt, current val is 2555
I1222 14:34:57.059805 83175 runtime_context.cpp:29] DecreaseCounter constructing_actor_cnt, current val is 2554
I1222 14:34:57.059981 83161 naive_actor.cpp:25] actor 2199025352707 switch to &NaiveActor::HandlerNormal
I1222 14:34:57.060007 83159 naive_actor.cpp:25] actor 1099645845511 switch to &NaiveActor::HandlerNormal
I1222 14:34:57.060034 83175 copy_comm_net_actor.cpp:66] actor 1099656331272 switch to &CopyCommNetActor::HandlerNormal
I1222 14:34:57.060084 83161 thread.cpp:99] Thread 1048577 construct Actor kCopyHd 2199025352707
I1222 14:34:57.060111 83167 naive_actor.cpp:25] actor 2199029547029 switch to &NaiveActor::HandlerNormal
I1222 14:34:57.060189 83159 thread.cpp:99] Thread 524352 construct Actor kDstSubsetTick 1099645845511
I1222 14:34:57.060263 83175 thread.cpp:99] Thread 524357 construct Actor kCopyCommNet 1099656331272
I1222 14:34:57.060601 83127 naive_actor.cpp:25] actor 2199023255591 switch to &NaiveActor::HandlerNormal
I1222 14:34:57.060812 83161 runtime_context.cpp:29] DecreaseCounter constructing_actor_cnt, current val is 2553
I1222 14:34:57.060849 83167 thread.cpp:99] Thread 1048579 construct Actor kCollectiveBoxingGeneric 2199029547029
I1222 14:34:57.060964 83175 runtime_context.cpp:29] DecreaseCounter constructing_actor_cnt, current val is 2552
I1222 14:34:57.061154 83167 runtime_context.cpp:29] DecreaseCounter constructing_actor_cnt, current val is 2550
I1222 14:34:57.061007 83127 thread.cpp:99] Thread 1048576 construct Actor kNormalForward 2199023255591
I1222 14:34:57.061259 83175 copy_comm_net_actor.cpp:66] actor 1099656331269 switch to &CopyCommNetActor::HandlerNormal
I1222 14:34:57.060971 83159 runtime_context.cpp:29] DecreaseCounter constructing_actor_cnt, current val is 2551
I1222 14:34:57.061301 83127 runtime_context.cpp:29] DecreaseCounter constructing_actor_cnt, current val is 2549
I1222 14:34:57.061313 83175 thread.cpp:99] Thread 524357 construct Actor kCopyCommNet 1099656331269
I1222 14:34:57.061316 83161 naive_actor.cpp:25] actor 2199025352708 switch to &NaiveActor::HandlerNormal
I1222 14:34:57.061486 83175 runtime_context.cpp:29] DecreaseCounter constructing_actor_cnt, current val is 2548
I1222 14:34:57.061489 83167 naive_actor.cpp:25] actor 2199029547021 switch to &NaiveActor::HandlerNormal
I1222 14:34:57.061568 83161 thread.cpp:99] Thread 1048577 construct Actor kCopyHd 2199025352708
I1222 14:34:57.061676 83167 thread.cpp:99] Thread 1048579 construct Actor kCollectiveBoxingGeneric 2199029547021
I1222 14:34:57.061684 83175 copy_comm_net_actor.cpp:66] actor 1099656331268 switch to &CopyCommNetActor::HandlerNormal
I1222 14:34:57.061861 83167 runtime_context.cpp:29] DecreaseCounter constructing_actor_cnt, current val is 2546
I1222 14:34:57.061872 83175 thread.cpp:99] Thread 524357 construct Actor kCopyCommNet 1099656331268
I1222 14:34:57.061797 83161 runtime_context.cpp:29] DecreaseCounter constructing_actor_cnt, current val is 2547
I1222 14:34:57.061990 83175 runtime_context.cpp:29] DecreaseCounter constructing_actor_cnt, current val is 2545
I1222 14:34:57.062132 83127 naive_actor.cpp:25] actor 2199023255585 switch to &NaiveActor::HandlerNormal
I1222 14:34:57.062187 83167 naive_actor.cpp:25] actor 2199029547047 switch to &NaiveActor::HandlerNormal
I1222 14:34:57.062178 83175 copy_comm_net_actor.cpp:66] actor 1099656331266 switch to &CopyCommNetActor::HandlerNormal
I1222 14:34:57.062311 83159 naive_actor.cpp:25] actor 1099645845506 switch to &NaiveActor::HandlerNormal
I1222 14:34:57.062247 83161 naive_actor.cpp:25] actor 2199025352715 switch to &NaiveActor::HandlerNormal
I1222 14:34:57.062297 83167 thread.cpp:99] Thread 1048579 construct Actor kCollectiveBoxingGeneric 2199029547047
I1222 14:34:57.062201 83127 thread.cpp:99] Thread 1048576 construct Actor kNormalForward 2199023255585
I1222 14:34:57.062340 83175 thread.cpp:99] Thread 524357 construct Actor kCopyCommNet 1099656331266
I1222 14:34:57.062422 83159 thread.cpp:99] Thread 524352 construct Actor kDstSubsetTick 1099645845506
I1222 14:34:57.062486 83161 thread.cpp:99] Thread 1048577 construct Actor kCopyHd 2199025352715
I1222 14:34:57.062584 83167 runtime_context.cpp:29] DecreaseCounter constructing_actor_cnt, current val is 2544
I1222 14:34:57.062616 83127 runtime_context.cpp:29] DecreaseCounter constructing_actor_cnt, current val is 2543
I1222 14:34:57.062624 83175 runtime_context.cpp:29] DecreaseCounter constructing_actor_cnt, current val is 2542
I1222 14:34:57.062748 83161 runtime_context.cpp:29] DecreaseCounter constructing_actor_cnt, current val is 2541
I1222 14:34:57.062762 83159 runtime_context.cpp:29] DecreaseCounter constructing_actor_cnt, current val is 2540
I1222 14:34:57.063153 83161 naive_actor.cpp:25] actor 2199025352713 switch to &NaiveActor::HandlerNormal
I1222 14:34:57.063050 83167 naive_actor.cpp:25] actor 2199029547036 switch to &NaiveActor::HandlerNormal
I1222 14:34:57.063474 83127 naive_actor.cpp:25] actor 2199023255571 switch to &NaiveActor::HandlerNormal
I1222 14:34:57.063817 83159 naive_actor.cpp:25] actor 1099645845504 switch to &NaiveActor::HandlerNormal
I1222 14:34:57.063774 83167 thread.cpp:99] Thread 1048579 construct Actor kCollectiveBoxingGeneric 2199029547036
I1222 14:34:57.063694 83161 thread.cpp:99] Thread 1048577 construct Actor kCopyHd 2199025352713
I1222 14:34:57.063843 83127 thread.cpp:99] Thread 1048576 construct Actor kNormalForward 2199023255571
I1222 14:34:57.064070 83161 runtime_context.cpp:29] DecreaseCounter constructing_actor_cnt, current val is 2538
I1222 14:34:57.064004 83167 runtime_context.cpp:29] DecreaseCounter constructing_actor_cnt, current val is 2539
I1222 14:34:57.063920 83159 thread.cpp:99] Thread 524352 construct Actor kSrcSubsetTick 1099645845504
I1222 14:34:57.064114 83127 runtime_context.cpp:29] DecreaseCounter constructing_actor_cnt, current val is 2537
I1222 14:34:57.064352 83161 naive_actor.cpp:25] actor 2199025352710 switch to &NaiveActor::HandlerNormal
I1222 14:34:57.064388 83159 runtime_context.cpp:29] DecreaseCounter constructing_actor_cnt, current val is 2536
I1222 14:34:57.064447 83161 thread.cpp:99] Thread 1048577 construct Actor kCopyHd 2199025352710
I1222 14:34:57.064481 83167 naive_actor.cpp:25] actor 2199029547068 switch to &NaiveActor::HandlerNormal
I1222 14:34:57.064631 83161 runtime_context.cpp:29] DecreaseCounter constructing_actor_cnt, current val is 2535
I1222 14:34:57.064692 83167 thread.cpp:99] Thread 1048579 construct Actor kCollectiveBoxingGeneric 2199029547068
I1222 14:34:57.064884 83167 runtime_context.cpp:29] DecreaseCounter constructing_actor_cnt, current val is 2534
I1222 14:34:57.064992 83161 naive_actor.cpp:25] actor 2199025352716 switch to &NaiveActor::HandlerNormal
I1222 14:34:57.065059 83127 naive_actor.cpp:25] actor 2199023255573 switch to &NaiveActor::HandlerNormal
I1222 14:34:57.065050 83159 naive_actor.cpp:25] actor 1099645845507 switch to &NaiveActor::HandlerNormal
I1222 14:34:57.065089 83161 thread.cpp:99] Thread 1048577 construct Actor kCopyHd 2199025352716
I1222 14:34:57.065140 83127 thread.cpp:99] Thread 1048576 construct Actor kNormalForward 2199023255573
I1222 14:34:57.065335 83161 runtime_context.cpp:29] DecreaseCounter constructing_actor_cnt, current val is 2533
I1222 14:34:57.065382 83127 runtime_context.cpp:29] DecreaseCounter constructing_actor_cnt, current val is 2532
I1222 14:34:57.065193 83167 naive_actor.cpp:25] actor 2199029547011 switch to &NaiveActor::HandlerNormal
I1222 14:34:57.065239 83159 thread.cpp:99] Thread 524352 construct Actor kTick 1099645845507
I1222 14:34:57.065503 83167 thread.cpp:99] Thread 1048579 construct Actor kCollectiveBoxingGeneric 2199029547011
I1222 14:34:57.065589 83161 naive_actor.cpp:25] actor 2199025352711 switch to &NaiveActor::HandlerNormal
I1222 14:34:57.065642 83159 runtime_context.cpp:29] DecreaseCounter constructing_actor_cnt, current val is 2531
I1222 14:34:57.065665 83167 runtime_context.cpp:29] DecreaseCounter constructing_actor_cnt, current val is 2530
I1222 14:34:57.065694 83161 thread.cpp:99] Thread 1048577 construct Actor kCopyHd 2199025352711
I1222 14:34:57.065974 83161 runtime_context.cpp:29] DecreaseCounter constructing_actor_cnt, current val is 2529
I1222 14:34:57.066102 83167 naive_actor.cpp:25] actor 2199029547066 switch to &NaiveActor::HandlerNormal
I1222 14:34:57.066114 83127 naive_actor.cpp:25] actor 2199023255558 switch to &NaiveActor::HandlerNormal
I1222 14:34:57.066202 83167 thread.cpp:99] Thread 1048579 construct Actor kCollectiveBoxingGeneric 2199029547066
I1222 14:34:57.066211 83161 naive_actor.cpp:25] actor 2199025352712 switch to &NaiveActor::HandlerNormal
I1222 14:34:57.066260 83127 thread.cpp:99] Thread 1048576 construct Actor kNormalForward 2199023255558
I1222 14:34:57.066337 83167 runtime_context.cpp:29] DecreaseCounter constructing_actor_cnt, current val is 2528
I1222 14:34:57.066368 83161 thread.cpp:99] Thread 1048577 construct Actor kCopyHd 2199025352712
I1222 14:34:57.066453 83159 naive_actor.cpp:25] actor 1099645845512 switch to &NaiveActor::HandlerNormal
I1222 14:34:57.066495 83127 runtime_context.cpp:29] DecreaseCounter constructing_actor_cnt, current val is 2527
I1222 14:34:57.067016 83161 runtime_context.cpp:29] DecreaseCounter constructing_actor_cnt, current val is 2526
I1222 14:34:57.067087 83159 thread.cpp:99] Thread 524352 construct Actor kSrcSubsetTick 1099645845512
I1222 14:34:57.067201 83167 naive_actor.cpp:25] actor 2199029547055 switch to &NaiveActor::HandlerNormal
I1222 14:34:57.067366 83159 runtime_context.cpp:29] DecreaseCounter constructing_actor_cnt, current val is 2525
I1222 14:34:57.067394 83167 thread.cpp:99] Thread 1048579 construct Actor kCollectiveBoxingGeneric 2199029547055
I1222 14:34:57.067572 83167 runtime_context.cpp:29] DecreaseCounter constructing_actor_cnt, current val is 2524
I1222 14:34:57.067873 83127 naive_actor.cpp:25] actor 2199023255563 switch to &NaiveActor::HandlerNormal
I1222 14:34:57.067903 83167 naive_actor.cpp:25] actor 2199029547019 switch to &NaiveActor::HandlerNormal
I1222 14:34:57.067945 83127 thread.cpp:99] Thread 1048576 construct Actor kNormalForward 2199023255563
I1222 14:34:57.068027 83167 thread.cpp:99] Thread 1048579 construct Actor kCollectiveBoxingGeneric 2199029547019
I1222 14:34:57.068104 83127 runtime_context.cpp:29] DecreaseCounter constructing_actor_cnt, current val is 2523
I1222 14:34:57.068146 83159 naive_actor.cpp:25] actor 1099645845510 switch to &NaiveActor::HandlerNormal
I1222 14:34:57.068202 83167 runtime_context.cpp:29] DecreaseCounter constructing_actor_cnt, current val is 2522
I1222 14:34:57.068284 83159 thread.cpp:99] Thread 524352 construct Actor kSrcSubsetTick 1099645845510
I1222 14:34:57.068531 83159 runtime_context.cpp:29] DecreaseCounter constructing_actor_cnt, current val is 2521
I1222 14:34:57.068634 83167 naive_actor.cpp:25] actor 2199029547070 switch to &NaiveActor::HandlerNormal
I1222 14:34:57.068737 83167 thread.cpp:99] Thread 1048579 construct Actor kCollectiveBoxingGeneric 2199029547070
I1222 14:34:57.068840 83167 runtime_context.cpp:29] DecreaseCounter constructing_actor_cnt, current val is 2520
I1222 14:34:57.069041 83127 naive_actor.cpp:25] actor 2199023255560 switch to &NaiveActor::HandlerNormal
I1222 14:34:57.069116 83127 thread.cpp:99] Thread 1048576 construct Actor kNormalForward 2199023255560
I1222 14:34:57.069088 83159 naive_actor.cpp:25] actor 1099645845509 switch to &NaiveActor::HandlerNormal
I1222 14:34:57.069169 83167 naive_actor.cpp:25] actor 2199029547084 switch to &NaiveActor::HandlerNormal
I1222 14:34:57.069200 83127 runtime_context.cpp:29] DecreaseCounter constructing_actor_cnt, current val is 2519
I1222 14:34:57.069264 83159 thread.cpp:99] Thread 524352 construct Actor kTick 1099645845509
I1222 14:34:57.069350 83167 thread.cpp:99] Thread 1048579 construct Actor kCollectiveBoxingGeneric 2199029547084
I1222 14:34:57.069510 83159 runtime_context.cpp:29] DecreaseCounter constructing_actor_cnt, current val is 2518
I1222 14:34:57.069553 83167 runtime_context.cpp:29] DecreaseCounter constructing_actor_cnt, current val is 2517
I1222 14:34:57.069648 83127 naive_actor.cpp:25] actor 2199023255557 switch to &NaiveActor::HandlerNormal
I1222 14:34:57.069703 83127 thread.cpp:99] Thread 1048576 construct Actor kNormalForward 2199023255557
I1222 14:34:57.069772 83127 runtime_context.cpp:29] DecreaseCounter constructing_actor_cnt, current val is 2516
I1222 14:34:57.069886 83167 naive_actor.cpp:25] actor 2199029547076 switch to &NaiveActor::HandlerNormal
I1222 14:34:57.069988 83167 thread.cpp:99] Thread 1048579 construct Actor kCollectiveBoxingGeneric 2199029547076
I1222 14:34:57.070083 83167 runtime_context.cpp:29] DecreaseCounter constructing_actor_cnt, current val is 2515
I1222 14:34:57.070405 83167 naive_actor.cpp:25] actor 2199029547119 switch to &NaiveActor::HandlerNormal
I1222 14:34:57.070562 83127 naive_actor.cpp:25] actor 2199023255576 switch to &NaiveActor::HandlerNormal
I1222 14:34:57.070626 83167 thread.cpp:99] Thread 1048579 construct Actor kCollectiveBoxingGeneric 2199029547119
I1222 14:34:57.071120 83127 thread.cpp:99] Thread 1048576 construct Actor kNormalForward 2199023255576
I1222 14:34:57.071230 83167 runtime_context.cpp:29] DecreaseCounter constructing_actor_cnt, current val is 2514
I1222 14:34:57.071262 83127 runtime_context.cpp:29] DecreaseCounter constructing_actor_cnt, current val is 2513
I1222 14:34:57.071535 83167 naive_actor.cpp:25] actor 2199029547091 switch to &NaiveActor::HandlerNormal
I1222 14:34:57.071635 83167 thread.cpp:99] Thread 1048579 construct Actor kCollectiveBoxingGeneric 2199029547091
