I1222 14:55:24.010885 87409 runtime_context.cpp:29] DecreaseCounter constructing_actor_cnt, current val is 3232
I1222 14:55:24.010962 87429 thread.cpp:99] Thread 1048579 construct Actor kCopyHd 2199029547009
I1222 14:55:24.010977 87358 naive_actor.cpp:25] actor 2199023255561 switch to &NaiveActor::HandlerNormal
I1222 14:55:24.011121 87372 runtime_context.cpp:29] DecreaseCounter constructing_actor_cnt, current val is 3231
I1222 14:55:24.011121 87394 naive_actor.cpp:25] actor 2199025352756 switch to &NaiveActor::HandlerNormal
I1222 14:55:24.011204 87396 thread.cpp:99] Thread 524352 construct Actor kTick 1099645845509
I1222 14:55:24.011466 87358 thread.cpp:99] Thread 1048576 construct Actor kNormalForward 2199023255561
I1222 14:55:24.011667 87396 runtime_context.cpp:29] DecreaseCounter constructing_actor_cnt, current val is 3229
I1222 14:55:24.011555 87394 thread.cpp:99] Thread 1048577 construct Actor kCollectiveBoxingGeneric 2199025352756
I1222 14:55:24.011605 87409 copy_comm_net_actor.cpp:66] actor 1099656331264 switch to &CopyCommNetActor::HandlerNormal
I1222 14:55:24.011458 87429 runtime_context.cpp:29] DecreaseCounter constructing_actor_cnt, current val is 3230
I1222 14:55:24.011700 87358 runtime_context.cpp:29] DecreaseCounter constructing_actor_cnt, current val is 3228
I1222 14:55:24.011796 87394 runtime_context.cpp:29] DecreaseCounter constructing_actor_cnt, current val is 3227
I1222 14:55:24.011878 87409 thread.cpp:99] Thread 524357 construct Actor kCopyCommNet 1099656331264
I1222 14:55:24.012140 87394 naive_actor.cpp:25] actor 2199025352737 switch to &NaiveActor::HandlerNormal
I1222 14:55:24.012197 87394 thread.cpp:99] Thread 1048577 construct Actor kCollectiveBoxingGeneric 2199025352737
I1222 14:55:24.012233 87358 naive_actor.cpp:25] actor 2199023255559 switch to &NaiveActor::HandlerNormal
I1222 14:55:24.012190 87409 runtime_context.cpp:29] DecreaseCounter constructing_actor_cnt, current val is 3226
I1222 14:55:24.012251 87394 runtime_context.cpp:29] DecreaseCounter constructing_actor_cnt, current val is 3225
I1222 14:55:24.012298 87358 thread.cpp:99] Thread 1048576 construct Actor kNormalForward 2199023255559
I1222 14:55:24.012279 87429 naive_actor.cpp:25] actor 2199029547018 switch to &NaiveActor::HandlerNormal
I1222 14:55:24.012394 87396 naive_actor.cpp:25] actor 1099645845510 switch to &NaiveActor::HandlerNormal
I1222 14:55:24.012495 87358 runtime_context.cpp:29] DecreaseCounter constructing_actor_cnt, current val is 3224
I1222 14:55:24.012662 87409 copy_comm_net_actor.cpp:66] actor 1099656331268 switch to &CopyCommNetActor::HandlerNormal
I1222 14:55:24.012583 87429 thread.cpp:99] Thread 1048579 construct Actor kCopyHd 2199029547018
I1222 14:55:24.012655 87396 thread.cpp:99] Thread 524352 construct Actor kSrcSubsetTick 1099645845510
I1222 14:55:24.012529 87394 naive_actor.cpp:25] actor 2199025352754 switch to &NaiveActor::HandlerNormal
I1222 14:55:24.012950 87394 thread.cpp:99] Thread 1048577 construct Actor kCollectiveBoxingGeneric 2199025352754
I1222 14:55:24.012888 87429 runtime_context.cpp:29] DecreaseCounter constructing_actor_cnt, current val is 3223
I1222 14:55:24.012766 87409 thread.cpp:99] Thread 524357 construct Actor kCopyCommNet 1099656331268
I1222 14:55:24.012984 87396 runtime_context.cpp:29] DecreaseCounter constructing_actor_cnt, current val is 3222
I1222 14:55:24.012996 87394 runtime_context.cpp:29] DecreaseCounter constructing_actor_cnt, current val is 3221
I1222 14:55:24.013185 87409 runtime_context.cpp:29] DecreaseCounter constructing_actor_cnt, current val is 3220
I1222 14:55:24.013329 87429 naive_actor.cpp:25] actor 2199029547011 switch to &NaiveActor::HandlerNormal
I1222 14:55:24.013408 87394 naive_actor.cpp:25] actor 2199025352721 switch to &NaiveActor::HandlerNormal
I1222 14:55:24.013414 87358 naive_actor.cpp:25] actor 2199023255563 switch to &NaiveActor::HandlerNormal
I1222 14:55:24.013870 87396 naive_actor.cpp:25] actor 1099645845513 switch to &NaiveActor::HandlerNormal
I1222 14:55:24.014145 87409 copy_comm_net_actor.cpp:66] actor 1099656331265 switch to &CopyCommNetActor::HandlerNormal
I1222 14:55:24.013996 87394 thread.cpp:99] Thread 1048577 construct Actor kCollectiveBoxingGeneric 2199025352721
I1222 14:55:24.014053 87358 thread.cpp:99] Thread 1048576 construct Actor kNormalForward 2199023255563
I1222 14:55:24.013957 87429 thread.cpp:99] Thread 1048579 construct Actor kCopyHd 2199029547011
I1222 14:55:24.014176 87396 thread.cpp:99] Thread 524352 construct Actor kDstSubsetTick 1099645845513
I1222 14:55:24.014458 87429 runtime_context.cpp:29] DecreaseCounter constructing_actor_cnt, current val is 3217
I1222 14:55:24.014303 87394 runtime_context.cpp:29] DecreaseCounter constructing_actor_cnt, current val is 3219
I1222 14:55:24.014535 87396 runtime_context.cpp:29] DecreaseCounter constructing_actor_cnt, current val is 3216
I1222 14:55:24.014259 87409 thread.cpp:99] Thread 524357 construct Actor kCopyCommNet 1099656331265
I1222 14:55:24.014366 87358 runtime_context.cpp:29] DecreaseCounter constructing_actor_cnt, current val is 3218
I1222 14:55:24.014658 87394 naive_actor.cpp:25] actor 2199025352719 switch to &NaiveActor::HandlerNormal
I1222 14:55:24.014766 87409 runtime_context.cpp:29] DecreaseCounter constructing_actor_cnt, current val is 3215
I1222 14:55:24.014815 87394 thread.cpp:99] Thread 1048577 construct Actor kCollectiveBoxingGeneric 2199025352719
I1222 14:55:24.014849 87429 naive_actor.cpp:25] actor 2199029547013 switch to &NaiveActor::HandlerNormal
I1222 14:55:24.014953 87394 runtime_context.cpp:29] DecreaseCounter constructing_actor_cnt, current val is 3214
I1222 14:55:24.015062 87429 thread.cpp:99] Thread 1048579 construct Actor kCopyHd 2199029547013
I1222 14:55:24.015184 87409 copy_comm_net_actor.cpp:66] actor 1099656331270 switch to &CopyCommNetActor::HandlerNormal
I1222 14:55:24.015262 87396 naive_actor.cpp:25] actor 1099645845508 switch to &NaiveActor::HandlerNormal
I1222 14:55:24.015224 87429 runtime_context.cpp:29] DecreaseCounter constructing_actor_cnt, current val is 3213
I1222 14:55:24.015214 87394 naive_actor.cpp:25] actor 2199025352738 switch to &NaiveActor::HandlerNormal
I1222 14:55:24.015473 87358 naive_actor.cpp:25] actor 2199023255558 switch to &NaiveActor::HandlerNormal
I1222 14:55:24.015384 87396 thread.cpp:99] Thread 524352 construct Actor kTick 1099645845508
I1222 14:55:24.015484 87394 thread.cpp:99] Thread 1048577 construct Actor kCollectiveBoxingGeneric 2199025352738
I1222 14:55:24.015303 87409 thread.cpp:99] Thread 524357 construct Actor kCopyCommNet 1099656331270
I1222 14:55:24.015538 87358 thread.cpp:99] Thread 1048576 construct Actor kNormalForward 2199023255558
I1222 14:55:24.015664 87394 runtime_context.cpp:29] DecreaseCounter constructing_actor_cnt, current val is 3212
I1222 14:55:24.015826 87358 runtime_context.cpp:29] DecreaseCounter constructing_actor_cnt, current val is 3209
I1222 14:55:24.015741 87429 naive_actor.cpp:25] actor 2199029547014 switch to &NaiveActor::HandlerNormal
I1222 14:55:24.015803 87409 runtime_context.cpp:29] DecreaseCounter constructing_actor_cnt, current val is 3210
I1222 14:55:24.015683 87396 runtime_context.cpp:29] DecreaseCounter constructing_actor_cnt, current val is 3211
I1222 14:55:24.015942 87394 naive_actor.cpp:25] actor 2199025352742 switch to &NaiveActor::HandlerNormal
I1222 14:55:24.016181 87394 thread.cpp:99] Thread 1048577 construct Actor kCollectiveBoxingGeneric 2199025352742
I1222 14:55:24.015971 87429 thread.cpp:99] Thread 1048579 construct Actor kCopyHd 2199029547014
I1222 14:55:24.016233 87394 runtime_context.cpp:29] DecreaseCounter constructing_actor_cnt, current val is 3208
I1222 14:55:24.016345 87409 copy_comm_net_actor.cpp:66] actor 1099656331267 switch to &CopyCommNetActor::HandlerNormal
I1222 14:55:24.016376 87429 runtime_context.cpp:29] DecreaseCounter constructing_actor_cnt, current val is 3207
I1222 14:55:24.016522 87394 naive_actor.cpp:25] actor 2199025352804 switch to &NaiveActor::HandlerNormal
I1222 14:55:24.016580 87358 naive_actor.cpp:25] actor 2199023255564 switch to &NaiveActor::HandlerNormal
I1222 14:55:24.016798 87396 naive_actor.cpp:25] actor 1099645845512 switch to &NaiveActor::HandlerNormal
I1222 14:55:24.017081 87409 thread.cpp:99] Thread 524357 construct Actor kCopyCommNet 1099656331267
I1222 14:55:24.017203 87394 thread.cpp:99] Thread 1048577 construct Actor kCollectiveBoxingGeneric 2199025352804
I1222 14:55:24.017259 87358 thread.cpp:99] Thread 1048576 construct Actor kNormalForward 2199023255564
I1222 14:55:24.017491 87394 runtime_context.cpp:29] DecreaseCounter constructing_actor_cnt, current val is 3205
I1222 14:55:24.017474 87429 naive_actor.cpp:25] actor 2199029547012 switch to &NaiveActor::HandlerNormal
I1222 14:55:24.017364 87396 thread.cpp:99] Thread 524352 construct Actor kSrcSubsetTick 1099645845512
I1222 14:55:24.017488 87409 runtime_context.cpp:29] DecreaseCounter constructing_actor_cnt, current val is 3206
I1222 14:55:24.017536 87358 runtime_context.cpp:29] DecreaseCounter constructing_actor_cnt, current val is 3204
I1222 14:55:24.017608 87429 thread.cpp:99] Thread 1048579 construct Actor kCopyHd 2199029547012
I1222 14:55:24.017634 87394 naive_actor.cpp:25] actor 2199025352828 switch to &NaiveActor::HandlerNormal
I1222 14:55:24.017730 87396 runtime_context.cpp:29] DecreaseCounter constructing_actor_cnt, current val is 3203
I1222 14:55:24.017920 87394 thread.cpp:99] Thread 1048577 construct Actor kCollectiveBoxingGeneric 2199025352828
I1222 14:55:24.017935 87429 runtime_context.cpp:29] DecreaseCounter constructing_actor_cnt, current val is 3202
I1222 14:55:24.018011 87394 runtime_context.cpp:29] DecreaseCounter constructing_actor_cnt, current val is 3201
I1222 14:55:24.018044 87409 copy_comm_net_actor.cpp:66] actor 1099656331272 switch to &CopyCommNetActor::HandlerNormal
I1222 14:55:24.018287 87394 naive_actor.cpp:25] actor 2199025352846 switch to &NaiveActor::HandlerNormal
I1222 14:55:24.018281 87409 thread.cpp:99] Thread 524357 construct Actor kCopyCommNet 1099656331272
I1222 14:55:24.018349 87394 thread.cpp:99] Thread 1048577 construct Actor kCollectiveBoxingGeneric 2199025352846
I1222 14:55:24.018399 87429 naive_actor.cpp:25] actor 2199029547019 switch to &NaiveActor::HandlerNormal
I1222 14:55:24.018432 87358 naive_actor.cpp:25] actor 2199023255552 switch to &NaiveActor::HandlerNormal
I1222 14:55:24.018498 87394 runtime_context.cpp:29] DecreaseCounter constructing_actor_cnt, current val is 3199
I1222 14:55:24.018496 87409 runtime_context.cpp:29] DecreaseCounter constructing_actor_cnt, current val is 3200
I1222 14:55:24.018580 87429 thread.cpp:99] Thread 1048579 construct Actor kCopyHd 2199029547019
I1222 14:55:24.018630 87358 thread.cpp:99] Thread 1048576 construct Actor kNormalForward 2199023255552
I1222 14:55:24.018837 87394 naive_actor.cpp:25] actor 2199025352743 switch to &NaiveActor::HandlerNormal
I1222 14:55:24.018887 87429 runtime_context.cpp:29] DecreaseCounter constructing_actor_cnt, current val is 3198
I1222 14:55:24.018925 87358 runtime_context.cpp:29] DecreaseCounter constructing_actor_cnt, current val is 3197
I1222 14:55:24.018942 87394 thread.cpp:99] Thread 1048577 construct Actor kCollectiveBoxingGeneric 2199025352743
I1222 14:55:24.018972 87396 naive_actor.cpp:25] actor 1099645845506 switch to &NaiveActor::HandlerNormal
I1222 14:55:24.019109 87394 runtime_context.cpp:29] DecreaseCounter constructing_actor_cnt, current val is 3196
I1222 14:55:24.019196 87396 thread.cpp:99] Thread 524352 construct Actor kDstSubsetTick 1099645845506
I1222 14:55:24.019232 87429 naive_actor.cpp:25] actor 2199029547016 switch to &NaiveActor::HandlerNormal
I1222 14:55:24.019378 87394 naive_actor.cpp:25] actor 2199025352757 switch to &NaiveActor::HandlerNormal
I1222 14:55:24.019379 87429 thread.cpp:99] Thread 1048579 construct Actor kCopyHd 2199029547016
I1222 14:55:24.019389 87396 runtime_context.cpp:29] DecreaseCounter constructing_actor_cnt, current val is 3195
I1222 14:55:24.019485 87394 thread.cpp:99] Thread 1048577 construct Actor kCollectiveBoxingGeneric 2199025352757
I1222 14:55:24.019670 87358 naive_actor.cpp:25] actor 2199023255579 switch to &NaiveActor::HandlerNormal
I1222 14:55:24.020056 87429 runtime_context.cpp:29] DecreaseCounter constructing_actor_cnt, current val is 3194
I1222 14:55:24.020138 87394 runtime_context.cpp:29] DecreaseCounter constructing_actor_cnt, current val is 3193
I1222 14:55:24.020188 87358 thread.cpp:99] Thread 1048576 construct Actor kNormalForward 2199023255579
I1222 14:55:24.020368 87358 runtime_context.cpp:29] DecreaseCounter constructing_actor_cnt, current val is 3192
I1222 14:55:24.020422 87394 naive_actor.cpp:25] actor 2199025352730 switch to &NaiveActor::HandlerNormal
I1222 14:55:24.020470 87394 thread.cpp:99] Thread 1048577 construct Actor kCollectiveBoxingGeneric 2199025352730
I1222 14:55:24.020491 87429 naive_actor.cpp:25] actor 2199029547010 switch to &NaiveActor::HandlerNormal
I1222 14:55:24.020538 87394 runtime_context.cpp:29] DecreaseCounter constructing_actor_cnt, current val is 3191
I1222 14:55:24.020571 87396 naive_actor.cpp:25] actor 1099645845507 switch to &NaiveActor::HandlerNormal
I1222 14:55:24.020607 87429 thread.cpp:99] Thread 1048579 construct Actor kCopyHd 2199029547010
I1222 14:55:24.020736 87396 thread.cpp:99] Thread 524352 construct Actor kTick 1099645845507
I1222 14:55:24.020807 87394 naive_actor.cpp:25] actor 2199025352776 switch to &NaiveActor::HandlerNormal
I1222 14:55:24.020831 87429 runtime_context.cpp:29] DecreaseCounter constructing_actor_cnt, current val is 3190
I1222 14:55:24.020905 87394 thread.cpp:99] Thread 1048577 construct Actor kCollectiveBoxingGeneric 2199025352776
I1222 14:55:24.020905 87396 runtime_context.cpp:29] DecreaseCounter constructing_actor_cnt, current val is 3189
I1222 14:55:24.021037 87394 runtime_context.cpp:29] DecreaseCounter constructing_actor_cnt, current val is 3188
I1222 14:55:24.021186 87429 naive_actor.cpp:25] actor 2199029547008 switch to &NaiveActor::HandlerNormal
I1222 14:55:24.021211 87358 naive_actor.cpp:25] actor 2199023255556 switch to &NaiveActor::HandlerNormal
I1222 14:55:24.021256 87394 naive_actor.cpp:25] actor 2199025352755 switch to &NaiveActor::HandlerNormal
I1222 14:55:24.021301 87429 thread.cpp:99] Thread 1048579 construct Actor kCopyHd 2199029547008
I1222 14:55:24.021339 87358 thread.cpp:99] Thread 1048576 construct Actor kNormalForward 2199023255556
I1222 14:55:24.021368 87394 thread.cpp:99] Thread 1048577 construct Actor kCollectiveBoxingGeneric 2199025352755
I1222 14:55:24.021462 87429 runtime_context.cpp:29] DecreaseCounter constructing_actor_cnt, current val is 3187
I1222 14:55:24.021497 87358 runtime_context.cpp:29] DecreaseCounter constructing_actor_cnt, current val is 3186
I1222 14:55:24.021507 87394 runtime_context.cpp:29] DecreaseCounter constructing_actor_cnt, current val is 3185
I1222 14:55:24.021593 87396 naive_actor.cpp:25] actor 1099645845505 switch to &NaiveActor::HandlerNormal
I1222 14:55:24.021697 87396 thread.cpp:99] Thread 524352 construct Actor kTick 1099645845505
I1222 14:55:24.021749 87429 naive_actor.cpp:25] actor 2199029547015 switch to &NaiveActor::HandlerNormal
I1222 14:55:24.021840 87396 runtime_context.cpp:29] DecreaseCounter constructing_actor_cnt, current val is 3184
I1222 14:55:24.021804 87358 naive_actor.cpp:25] actor 2199023255577 switch to &NaiveActor::HandlerNormal
I1222 14:55:24.021710 87394 naive_actor.cpp:25] actor 2199025352764 switch to &NaiveActor::HandlerNormal
I1222 14:55:24.021855 87429 thread.cpp:99] Thread 1048579 construct Actor kCopyHd 2199029547015
I1222 14:55:24.021935 87358 thread.cpp:99] Thread 1048576 construct Actor kNormalForward 2199023255577
I1222 14:55:24.021963 87394 thread.cpp:99] Thread 1048577 construct Actor kCollectiveBoxingGeneric 2199025352764
I1222 14:55:24.022058 87429 runtime_context.cpp:29] DecreaseCounter constructing_actor_cnt, current val is 3183
I1222 14:55:24.022096 87358 runtime_context.cpp:29] DecreaseCounter constructing_actor_cnt, current val is 3182
I1222 14:55:24.022182 87394 runtime_context.cpp:29] DecreaseCounter constructing_actor_cnt, current val is 3181
I1222 14:55:24.022563 87396 naive_actor.cpp:25] actor 1099645845504 switch to &NaiveActor::HandlerNormal
I1222 14:55:24.022892 87396 thread.cpp:99] Thread 524352 construct Actor kSrcSubsetTick 1099645845504
I1222 14:55:24.022908 87394 naive_actor.cpp:25] actor 2199025352746 switch to &NaiveActor::HandlerNormal
I1222 14:55:24.023007 87394 thread.cpp:99] Thread 1048577 construct Actor kCollectiveBoxingGeneric 2199025352746
I1222 14:55:24.023037 87396 runtime_context.cpp:29] DecreaseCounter constructing_actor_cnt, current val is 3180
I1222 14:55:24.023063 87394 runtime_context.cpp:29] DecreaseCounter constructing_actor_cnt, current val is 3179
I1222 14:55:24.023245 87394 naive_actor.cpp:25] actor 2199025352806 switch to &NaiveActor::HandlerNormal
I1222 14:55:24.023293 87394 thread.cpp:99] Thread 1048577 construct Actor kCollectiveBoxingGeneric 2199025352806
I1222 14:55:24.023329 87394 runtime_context.cpp:29] DecreaseCounter constructing_actor_cnt, current val is 3178
I1222 14:55:24.023468 87394 naive_actor.cpp:25] actor 2199025352760 switch to &NaiveActor::HandlerNormal
I1222 14:55:24.023478 87358 naive_actor.cpp:25] actor 2199023255562 switch to &NaiveActor::HandlerNormal
I1222 14:55:24.023509 87394 thread.cpp:99] Thread 1048577 construct Actor kCollectiveBoxingGeneric 2199025352760
I1222 14:55:24.023552 87358 thread.cpp:99] Thread 1048576 construct Actor kNormalForward 2199023255562
I1222 14:55:24.023587 87394 runtime_context.cpp:29] DecreaseCounter constructing_actor_cnt, current val is 3177
I1222 14:55:24.023636 87358 runtime_context.cpp:29] DecreaseCounter constructing_actor_cnt, current val is 3176
I1222 14:55:24.023730 87394 naive_actor.cpp:25] actor 2199025352775 switch to &NaiveActor::HandlerNormal
I1222 14:55:24.023769 87394 thread.cpp:99] Thread 1048577 construct Actor kCollectiveBoxingGeneric 2199025352775
I1222 14:55:24.023829 87394 runtime_context.cpp:29] DecreaseCounter constructing_actor_cnt, current val is 3175
I1222 14:55:24.023988 87394 naive_actor.cpp:25] actor 2199025352779 switch to &NaiveActor::HandlerNormal
I1222 14:55:24.024024 87394 thread.cpp:99] Thread 1048577 construct Actor kCollectiveBoxingGeneric 2199025352779
I1222 14:55:24.024061 87394 runtime_context.cpp:29] DecreaseCounter constructing_actor_cnt, current val is 3174
I1222 14:55:24.024216 87394 naive_actor.cpp:25] actor 2199025352704 switch to &NaiveActor::HandlerNormal
I1222 14:55:24.024255 87394 thread.cpp:99] Thread 1048577 construct Actor kCollectiveBoxingGeneric 2199025352704
I1222 14:55:24.024309 87394 runtime_context.cpp:29] DecreaseCounter constructing_actor_cnt, current val is 3173
I1222 14:55:24.024451 87358 naive_actor.cpp:25] actor 2199023255560 switch to &NaiveActor::HandlerNormal
I1222 14:55:24.024457 87394 naive_actor.cpp:25] actor 2199025352847 switch to &NaiveActor::HandlerNormal
I1222 14:55:24.024520 87358 thread.cpp:99] Thread 1048576 construct Actor kNormalForward 2199023255560
I1222 14:55:24.024561 87394 thread.cpp:99] Thread 1048577 construct Actor kCollectiveBoxingGeneric 2199025352847
I1222 14:55:24.024631 87358 runtime_context.cpp:29] DecreaseCounter constructing_actor_cnt, current val is 3172
I1222 14:55:24.024643 87394 runtime_context.cpp:29] DecreaseCounter constructing_actor_cnt, current val is 3171
I1222 14:55:24.024829 87394 naive_actor.cpp:25] actor 2199025352871 switch to &NaiveActor::HandlerNormal
I1222 14:55:24.024864 87394 thread.cpp:99] Thread 1048577 construct Actor kCollectiveBoxingGeneric 2199025352871
I1222 14:55:24.024900 87394 runtime_context.cpp:29] DecreaseCounter constructing_actor_cnt, current val is 3170
I1222 14:55:24.025032 87394 naive_actor.cpp:25] actor 2199025352708 switch to &NaiveActor::HandlerNormal
I1222 14:55:24.025068 87394 thread.cpp:99] Thread 1048577 construct Actor kCollectiveBoxingGeneric 2199025352708
I1222 14:55:24.025173 87394 runtime_context.cpp:29] DecreaseCounter constructing_actor_cnt, current val is 3169
I1222 14:55:24.025372 87358 naive_actor.cpp:25] actor 2199023255576 switch to &NaiveActor::HandlerNormal
I1222 14:55:24.025593 87358 thread.cpp:99] Thread 1048576 construct Actor kNormalForward 2199023255576
I1222 14:55:24.025665 87394 naive_actor.cpp:25] actor 2199025352796 switch to &NaiveActor::HandlerNormal
I1222 14:55:24.025669 87358 runtime_context.cpp:29] DecreaseCounter constructing_actor_cnt, current val is 3168
I1222 14:55:24.025702 87394 thread.cpp:99] Thread 1048577 construct Actor kCollectiveBoxingGeneric 2199025352796
I1222 14:55:24.025774 87394 runtime_context.cpp:29] DecreaseCounter constructing_actor_cnt, current val is 3167
I1222 14:55:24.025936 87394 naive_actor.cpp:25] actor 2199025352734 switch to &NaiveActor::HandlerNormal
I1222 14:55:24.025986 87394 thread.cpp:99] Thread 1048577 construct Actor kCollectiveBoxingGeneric 2199025352734
I1222 14:55:24.025986 87358 naive_actor.cpp:25] actor 2199023255555 switch to &NaiveActor::HandlerNormal
I1222 14:55:24.026031 87394 runtime_context.cpp:29] DecreaseCounter constructing_actor_cnt, current val is 3166
I1222 14:55:24.026057 87358 thread.cpp:99] Thread 1048576 construct Actor kNormalForward 2199023255555
I1222 14:55:24.026146 87358 runtime_context.cpp:29] DecreaseCounter constructing_actor_cnt, current val is 3165
I1222 14:55:24.026209 87394 naive_actor.cpp:25] actor 2199025352805 switch to &NaiveActor::HandlerNormal
I1222 14:55:24.026258 87394 thread.cpp:99] Thread 1048577 construct Actor kCollectiveBoxingGeneric 2199025352805
I1222 14:55:24.026302 87394 runtime_context.cpp:29] DecreaseCounter constructing_actor_cnt, current val is 3164
I1222 14:55:24.026450 87394 naive_actor.cpp:25] actor 2199025352714 switch to &NaiveActor::HandlerNormal
I1222 14:55:24.026497 87394 thread.cpp:99] Thread 1048577 construct Actor kCollectiveBoxingGeneric 2199025352714
I1222 14:55:24.026548 87394 runtime_context.cpp:29] DecreaseCounter constructing_actor_cnt, current val is 3163
I1222 14:55:24.026675 87394 naive_actor.cpp:25] actor 2199025352810 switch to &NaiveActor::HandlerNormal
I1222 14:55:24.026721 87394 thread.cpp:99] Thread 1048577 construct Actor kCollectiveBoxingGeneric 2199025352810
I1222 14:55:24.026758 87394 runtime_context.cpp:29] DecreaseCounter constructing_actor_cnt, current val is 3162
I1222 14:55:24.026755 87358 naive_actor.cpp:25] actor 2199023255553 switch to &NaiveActor::HandlerNormal
I1222 14:55:24.026847 87358 thread.cpp:99] Thread 1048576 construct Actor kNormalForward 2199023255553
I1222 14:55:24.026911 87358 runtime_context.cpp:29] DecreaseCounter constructing_actor_cnt, current val is 3161
I1222 14:55:24.026928 87394 naive_actor.cpp:25] actor 2199025352771 switch to &NaiveActor::HandlerNormal
I1222 14:55:24.026978 87394 thread.cpp:99] Thread 1048577 construct Actor kCollectiveBoxingGeneric 2199025352771
I1222 14:55:24.027014 87394 runtime_context.cpp:29] DecreaseCounter constructing_actor_cnt, current val is 3160
I1222 14:55:24.027146 87394 naive_actor.cpp:25] actor 2199025352815 switch to &NaiveActor::HandlerNormal
I1222 14:55:24.027185 87394 thread.cpp:99] Thread 1048577 construct Actor kCollectiveBoxingGeneric 2199025352815
I1222 14:55:24.027222 87394 runtime_context.cpp:29] DecreaseCounter constructing_actor_cnt, current val is 3159
I1222 14:55:24.027352 87394 naive_actor.cpp:25] actor 2199025352889 switch to &NaiveActor::HandlerNormal
I1222 14:55:24.027392 87394 thread.cpp:99] Thread 1048577 construct Actor kCollectiveBoxingGeneric 2199025352889
I1222 14:55:24.027429 87394 runtime_context.cpp:29] DecreaseCounter constructing_actor_cnt, current val is 3158
I1222 14:55:24.027514 87358 naive_actor.cpp:25] actor 2199023255554 switch to &NaiveActor::HandlerNormal
I1222 14:55:24.027549 87394 naive_actor.cpp:25] actor 2199025352705 switch to &NaiveActor::HandlerNormal
I1222 14:55:24.027572 87358 thread.cpp:99] Thread 1048576 construct Actor kNormalForward 2199023255554
I1222 14:55:24.027599 87394 thread.cpp:99] Thread 1048577 construct Actor kCollectiveBoxingGeneric 2199025352705
I1222 14:55:24.027705 87358 runtime_context.cpp:29] DecreaseCounter constructing_actor_cnt, current val is 3157
I1222 14:55:24.028244 87394 runtime_context.cpp:29] DecreaseCounter constructing_actor_cnt, current val is 3156
I1222 14:55:24.028411 87394 naive_actor.cpp:25] actor 2199025352785 switch to &NaiveActor::HandlerNormal
I1222 14:55:24.028460 87394 thread.cpp:99] Thread 1048577 construct Actor kCollectiveBoxingGeneric 2199025352785
I1222 14:55:24.028506 87394 runtime_context.cpp:29] DecreaseCounter constructing_actor_cnt, current val is 3155
I1222 14:55:24.028671 87394 naive_actor.cpp:25] actor 2199025352832 switch to &NaiveActor::HandlerNormal
I1222 14:55:24.028712 87394 thread.cpp:99] Thread 1048577 construct Actor kCollectiveBoxingGeneric 2199025352832
I1222 14:55:24.028748 87394 runtime_context.cpp:29] DecreaseCounter constructing_actor_cnt, current val is 3154
I1222 14:55:24.028851 87358 naive_actor.cpp:25] actor 2199023255597 switch to &NaiveActor::HandlerNormal
I1222 14:55:24.028900 87394 naive_actor.cpp:25] actor 2199025352851 switch to &NaiveActor::HandlerNormal
I1222 14:55:24.028914 87358 thread.cpp:99] Thread 1048576 construct Actor kNormalForward 2199023255597
I1222 14:55:24.028944 87394 thread.cpp:99] Thread 1048577 construct Actor kCollectiveBoxingGeneric 2199025352851
I1222 14:55:24.029014 87358 runtime_context.cpp:29] DecreaseCounter constructing_actor_cnt, current val is 3153
I1222 14:55:24.029016 87394 runtime_context.cpp:29] DecreaseCounter constructing_actor_cnt, current val is 3152
I1222 14:55:24.029198 87394 naive_actor.cpp:25] actor 2199025352873 switch to &NaiveActor::HandlerNormal
I1222 14:55:24.029247 87394 thread.cpp:99] Thread 1048577 construct Actor kCollectiveBoxingGeneric 2199025352873
I1222 14:55:24.029284 87394 runtime_context.cpp:29] DecreaseCounter constructing_actor_cnt, current val is 3151
I1222 14:55:24.029300 87358 naive_actor.cpp:25] actor 2199023255589 switch to &NaiveActor::HandlerNormal
I1222 14:55:24.029376 87358 thread.cpp:99] Thread 1048576 construct Actor kNormalForward 2199023255589
I1222 14:55:24.029438 87358 runtime_context.cpp:29] DecreaseCounter constructing_actor_cnt, current val is 3150
I1222 14:55:24.029441 87394 naive_actor.cpp:25] actor 2199025352740 switch to &NaiveActor::HandlerNormal
I1222 14:55:24.029521 87394 thread.cpp:99] Thread 1048577 construct Actor kCollectiveBoxingGeneric 2199025352740
I1222 14:55:24.029561 87394 runtime_context.cpp:29] DecreaseCounter constructing_actor_cnt, current val is 3149
I1222 14:55:24.029711 87394 naive_actor.cpp:25] actor 2199025352713 switch to &NaiveActor::HandlerNormal
I1222 14:55:24.029749 87394 thread.cpp:99] Thread 1048577 construct Actor kCollectiveBoxingGeneric 2199025352713
I1222 14:55:24.029819 87394 runtime_context.cpp:29] DecreaseCounter constructing_actor_cnt, current val is 3148
I1222 14:55:24.029960 87394 naive_actor.cpp:25] actor 2199025352890 switch to &NaiveActor::HandlerNormal
I1222 14:55:24.030010 87394 thread.cpp:99] Thread 1048577 construct Actor kCollectiveBoxingGeneric 2199025352890
I1222 14:55:24.030050 87394 runtime_context.cpp:29] DecreaseCounter constructing_actor_cnt, current val is 3147
I1222 14:55:24.030092 87358 naive_actor.cpp:25] actor 2199023255570 switch to &NaiveActor::HandlerNormal
I1222 14:55:24.030153 87358 thread.cpp:99] Thread 1048576 construct Actor kNormalForward 2199023255570
I1222 14:55:24.030215 87394 naive_actor.cpp:25] actor 2199025352723 switch to &NaiveActor::HandlerNormal
I1222 14:55:24.030225 87358 runtime_context.cpp:29] DecreaseCounter constructing_actor_cnt, current val is 3146
I1222 14:55:24.030262 87394 thread.cpp:99] Thread 1048577 construct Actor kCollectiveBoxingGeneric 2199025352723
I1222 14:55:24.030334 87394 runtime_context.cpp:29] DecreaseCounter constructing_actor_cnt, current val is 3145
I1222 14:55:24.030478 87394 naive_actor.cpp:25] actor 2199025352784 switch to &NaiveActor::HandlerNormal
I1222 14:55:24.030514 87394 thread.cpp:99] Thread 1048577 construct Actor kCollectiveBoxingGeneric 2199025352784
I1222 14:55:24.030547 87358 naive_actor.cpp:25] actor 2199023255602 switch to &NaiveActor::HandlerNormal
I1222 14:55:24.030615 87394 runtime_context.cpp:29] DecreaseCounter constructing_actor_cnt, current val is 3144
I1222 14:55:24.031003 87358 thread.cpp:99] Thread 1048576 construct Actor kNormalForward 2199023255602
I1222 14:55:24.031102 87358 runtime_context.cpp:29] DecreaseCounter constructing_actor_cnt, current val is 3143
I1222 14:55:24.031154 87394 naive_actor.cpp:25] actor 2199025352842 switch to &NaiveActor::HandlerNormal
I1222 14:55:24.031198 87394 thread.cpp:99] Thread 1048577 construct Actor kCollectiveBoxingGeneric 2199025352842
I1222 14:55:24.031246 87394 runtime_context.cpp:29] DecreaseCounter constructing_actor_cnt, current val is 3142
I1222 14:55:24.031399 87394 naive_actor.cpp:25] actor 2199025352799 switch to &NaiveActor::HandlerNormal
I1222 14:55:24.031436 87394 thread.cpp:99] Thread 1048577 construct Actor kCollectiveBoxingGeneric 2199025352799
I1222 14:55:24.031482 87394 runtime_context.cpp:29] DecreaseCounter constructing_actor_cnt, current val is 3141
I1222 14:55:24.031633 87394 naive_actor.cpp:25] actor 2199025352725 switch to &NaiveActor::HandlerNormal
I1222 14:55:24.031677 87394 thread.cpp:99] Thread 1048577 construct Actor kCollectiveBoxingGeneric 2199025352725
I1222 14:55:24.031723 87394 runtime_context.cpp:29] DecreaseCounter constructing_actor_cnt, current val is 3140
I1222 14:55:24.031817 87358 naive_actor.cpp:25] actor 2199023255573 switch to &NaiveActor::HandlerNormal
I1222 14:55:24.031858 87394 naive_actor.cpp:25] actor 2199025352710 switch to &NaiveActor::HandlerNormal
I1222 14:55:24.031872 87358 thread.cpp:99] Thread 1048576 construct Actor kNormalForward 2199023255573
I1222 14:55:24.031898 87394 thread.cpp:99] Thread 1048577 construct Actor kCollectiveBoxingGeneric 2199025352710
I1222 14:55:24.031965 87358 runtime_context.cpp:29] DecreaseCounter constructing_actor_cnt, current val is 3139
I1222 14:55:24.031966 87394 runtime_context.cpp:29] DecreaseCounter constructing_actor_cnt, current val is 3138
I1222 14:55:24.032120 87394 naive_actor.cpp:25] actor 2199025352731 switch to &NaiveActor::HandlerNormal
I1222 14:55:24.032158 87394 thread.cpp:99] Thread 1048577 construct Actor kCollectiveBoxingGeneric 2199025352731
I1222 14:55:24.032192 87394 runtime_context.cpp:29] DecreaseCounter constructing_actor_cnt, current val is 3137
I1222 14:55:24.032380 87394 naive_actor.cpp:25] actor 2199025352747 switch to &NaiveActor::HandlerNormal
I1222 14:55:24.032428 87394 thread.cpp:99] Thread 1048577 construct Actor kCollectiveBoxingGeneric 2199025352747
I1222 14:55:24.032474 87394 runtime_context.cpp:29] DecreaseCounter constructing_actor_cnt, current val is 3136
I1222 14:55:24.032619 87394 naive_actor.cpp:25] actor 2199025352786 switch to &NaiveActor::HandlerNormal
I1222 14:55:24.032651 87394 thread.cpp:99] Thread 1048577 construct Actor kCollectiveBoxingGeneric 2199025352786
I1222 14:55:24.032696 87394 runtime_context.cpp:29] DecreaseCounter constructing_actor_cnt, current val is 3135
I1222 14:55:24.032732 87358 naive_actor.cpp:25] actor 2199023255599 switch to &NaiveActor::HandlerNormal
I1222 14:55:24.032811 87358 thread.cpp:99] Thread 1048576 construct Actor kNormalForward 2199023255599
I1222 14:55:24.032835 87394 naive_actor.cpp:25] actor 2199025352870 switch to &NaiveActor::HandlerNormal
I1222 14:55:24.032883 87394 thread.cpp:99] Thread 1048577 construct Actor kCollectiveBoxingGeneric 2199025352870
I1222 14:55:24.032889 87358 runtime_context.cpp:29] DecreaseCounter constructing_actor_cnt, current val is 3134
I1222 14:55:24.032919 87394 runtime_context.cpp:29] DecreaseCounter constructing_actor_cnt, current val is 3133
I1222 14:55:24.033084 87394 naive_actor.cpp:25] actor 2199025352819 switch to &NaiveActor::HandlerNormal
I1222 14:55:24.033124 87394 thread.cpp:99] Thread 1048577 construct Actor kCollectiveBoxingGeneric 2199025352819
I1222 14:55:24.033181 87394 runtime_context.cpp:29] DecreaseCounter constructing_actor_cnt, current val is 3132
I1222 14:55:24.033375 87394 naive_actor.cpp:25] actor 2199025352722 switch to &NaiveActor::HandlerNormal
I1222 14:55:24.033581 87358 naive_actor.cpp:25] actor 2199023255593 switch to &NaiveActor::HandlerNormal
I1222 14:55:24.033650 87394 thread.cpp:99] Thread 1048577 construct Actor kCollectiveBoxingGeneric 2199025352722
I1222 14:55:24.033692 87358 thread.cpp:99] Thread 1048576 construct Actor kNormalForward 2199023255593
I1222 14:55:24.033746 87394 runtime_context.cpp:29] DecreaseCounter constructing_actor_cnt, current val is 3131
I1222 14:55:24.033805 87358 runtime_context.cpp:29] DecreaseCounter constructing_actor_cnt, current val is 3130
I1222 14:55:24.033929 87394 naive_actor.cpp:25] actor 2199025352858 switch to &NaiveActor::HandlerNormal
I1222 14:55:24.033983 87394 thread.cpp:99] Thread 1048577 construct Actor kCollectiveBoxingGeneric 2199025352858
I1222 14:55:24.034030 87394 runtime_context.cpp:29] DecreaseCounter constructing_actor_cnt, current val is 3129
I1222 14:55:24.034191 87394 naive_actor.cpp:25] actor 2199025352820 switch to &NaiveActor::HandlerNormal
I1222 14:55:24.034241 87394 thread.cpp:99] Thread 1048577 construct Actor kCollectiveBoxingGeneric 2199025352820
I1222 14:55:24.034291 87394 runtime_context.cpp:29] DecreaseCounter constructing_actor_cnt, current val is 3128
I1222 14:55:24.034441 87394 naive_actor.cpp:25] actor 2199025352864 switch to &NaiveActor::HandlerNormal
I1222 14:55:24.034488 87394 thread.cpp:99] Thread 1048577 construct Actor kCollectiveBoxingGeneric 2199025352864
I1222 14:55:24.034502 87358 naive_actor.cpp:25] actor 2199023255591 switch to &NaiveActor::HandlerNormal
I1222 14:55:24.034551 87394 runtime_context.cpp:29] DecreaseCounter constructing_actor_cnt, current val is 3127
I1222 14:55:24.034576 87358 thread.cpp:99] Thread 1048576 construct Actor kNormalForward 2199023255591
I1222 14:55:24.034673 87358 runtime_context.cpp:29] DecreaseCounter constructing_actor_cnt, current val is 3126
I1222 14:55:24.034734 87394 naive_actor.cpp:25] actor 2199025352837 switch to &NaiveActor::HandlerNormal
I1222 14:55:24.034771 87394 thread.cpp:99] Thread 1048577 construct Actor kCollectiveBoxingGeneric 2199025352837
I1222 14:55:24.034832 87394 runtime_context.cpp:29] DecreaseCounter constructing_actor_cnt, current val is 3125
I1222 14:55:24.034986 87394 naive_actor.cpp:25] actor 2199025352882 switch to &NaiveActor::HandlerNormal
I1222 14:55:24.035035 87394 thread.cpp:99] Thread 1048577 construct Actor kCollectiveBoxingGeneric 2199025352882
I1222 14:55:24.035084 87394 runtime_context.cpp:29] DecreaseCounter constructing_actor_cnt, current val is 3124
I1222 14:55:24.035233 87394 naive_actor.cpp:25] actor 2199025352726 switch to &NaiveActor::HandlerNormal
I1222 14:55:24.035295 87394 thread.cpp:99] Thread 1048577 construct Actor kCollectiveBoxingGeneric 2199025352726
I1222 14:55:24.035344 87394 runtime_context.cpp:29] DecreaseCounter constructing_actor_cnt, current val is 3123
I1222 14:55:24.035419 87358 naive_actor.cpp:25] actor 2199023255595 switch to &NaiveActor::HandlerNormal
I1222 14:55:24.035481 87358 thread.cpp:99] Thread 1048576 construct Actor kNormalForward 2199023255595
I1222 14:55:24.035483 87394 naive_actor.cpp:25] actor 2199025352759 switch to &NaiveActor::HandlerNormal
I1222 14:55:24.035550 87358 runtime_context.cpp:29] DecreaseCounter constructing_actor_cnt, current val is 3122
I1222 14:55:24.035557 87394 thread.cpp:99] Thread 1048577 construct Actor kCollectiveBoxingGeneric 2199025352759
I1222 14:55:24.035629 87394 runtime_context.cpp:29] DecreaseCounter constructing_actor_cnt, current val is 3121
I1222 14:55:24.035764 87394 naive_actor.cpp:25] actor 2199025352750 switch to &NaiveActor::HandlerNormal
I1222 14:55:24.035820 87394 thread.cpp:99] Thread 1048577 construct Actor kCollectiveBoxingGeneric 2199025352750
I1222 14:55:24.035878 87394 runtime_context.cpp:29] DecreaseCounter constructing_actor_cnt, current val is 3120
I1222 14:55:24.036041 87394 naive_actor.cpp:25] actor 2199025352762 switch to &NaiveActor::HandlerNormal
I1222 14:55:24.036077 87394 thread.cpp:99] Thread 1048577 construct Actor kCollectiveBoxingGeneric 2199025352762
I1222 14:55:24.036175 87394 runtime_context.cpp:29] DecreaseCounter constructing_actor_cnt, current val is 3119
I1222 14:55:24.036298 87358 naive_actor.cpp:25] actor 2199023255578 switch to &NaiveActor::HandlerNormal
I1222 14:55:24.036588 87358 thread.cpp:99] Thread 1048576 construct Actor kNormalForward 2199023255578
I1222 14:55:24.036651 87394 naive_actor.cpp:25] actor 2199025352862 switch to &NaiveActor::HandlerNormal
I1222 14:55:24.036656 87358 runtime_context.cpp:29] DecreaseCounter constructing_actor_cnt, current val is 3118
I1222 14:55:24.036702 87394 thread.cpp:99] Thread 1048577 construct Actor kCollectiveBoxingGeneric 2199025352862
I1222 14:55:24.036769 87394 runtime_context.cpp:29] DecreaseCounter constructing_actor_cnt, current val is 3117
I1222 14:55:24.036929 87394 naive_actor.cpp:25] actor 2199025352770 switch to &NaiveActor::HandlerNormal
I1222 14:55:24.036981 87394 thread.cpp:99] Thread 1048577 construct Actor kCollectiveBoxingGeneric 2199025352770
I1222 14:55:24.036984 87358 naive_actor.cpp:25] actor 2199023255581 switch to &NaiveActor::HandlerNormal
I1222 14:55:24.037029 87394 runtime_context.cpp:29] DecreaseCounter constructing_actor_cnt, current val is 3116
I1222 14:55:24.037065 87358 thread.cpp:99] Thread 1048576 construct Actor kNormalForward 2199023255581
I1222 14:55:24.037169 87358 runtime_context.cpp:29] DecreaseCounter constructing_actor_cnt, current val is 3115
I1222 14:55:24.037221 87394 naive_actor.cpp:25] actor 2199025352878 switch to &NaiveActor::HandlerNormal
I1222 14:55:24.037271 87394 thread.cpp:99] Thread 1048577 construct Actor kCollectiveBoxingGeneric 2199025352878
I1222 14:55:24.037317 87394 runtime_context.cpp:29] DecreaseCounter constructing_actor_cnt, current val is 3114
I1222 14:55:24.037454 87394 naive_actor.cpp:25] actor 2199025352780 switch to &NaiveActor::HandlerNormal
I1222 14:55:24.037501 87394 thread.cpp:99] Thread 1048577 construct Actor kCollectiveBoxingGeneric 2199025352780
I1222 14:55:24.037549 87394 runtime_context.cpp:29] DecreaseCounter constructing_actor_cnt, current val is 3113
I1222 14:55:24.037704 87394 naive_actor.cpp:25] actor 2199025352728 switch to &NaiveActor::HandlerNormal
I1222 14:55:24.037752 87394 thread.cpp:99] Thread 1048577 construct Actor kCollectiveBoxingGeneric 2199025352728
I1222 14:55:24.037804 87394 runtime_context.cpp:29] DecreaseCounter constructing_actor_cnt, current val is 3112
I1222 14:55:24.037861 87358 naive_actor.cpp:25] actor 2199023255596 switch to &NaiveActor::HandlerNormal
I1222 14:55:24.037923 87358 thread.cpp:99] Thread 1048576 construct Actor kNormalForward 2199023255596
I1222 14:55:24.037945 87394 naive_actor.cpp:25] actor 2199025352880 switch to &NaiveActor::HandlerNormal
I1222 14:55:24.037997 87394 thread.cpp:99] Thread 1048577 construct Actor kCollectiveBoxingGeneric 2199025352880
I1222 14:55:24.037997 87358 runtime_context.cpp:29] DecreaseCounter constructing_actor_cnt, current val is 3111
I1222 14:55:24.038040 87394 runtime_context.cpp:29] DecreaseCounter constructing_actor_cnt, current val is 3110
I1222 14:55:24.038198 87394 naive_actor.cpp:25] actor 2199025352900 switch to &NaiveActor::HandlerNormal
I1222 14:55:24.038249 87394 thread.cpp:99] Thread 1048577 construct Actor kCollectiveBoxingGeneric 2199025352900
I1222 14:55:24.038300 87394 runtime_context.cpp:29] DecreaseCounter constructing_actor_cnt, current val is 3109
I1222 14:55:24.038434 87394 naive_actor.cpp:25] actor 2199025352797 switch to &NaiveActor::HandlerNormal
I1222 14:55:24.038496 87394 thread.cpp:99] Thread 1048577 construct Actor kCollectiveBoxingGeneric 2199025352797
I1222 14:55:24.038549 87394 runtime_context.cpp:29] DecreaseCounter constructing_actor_cnt, current val is 3108
I1222 14:55:24.038712 87394 naive_actor.cpp:25] actor 2199025352712 switch to &NaiveActor::HandlerNormal
I1222 14:55:24.038758 87358 naive_actor.cpp:25] actor 2199023255584 switch to &NaiveActor::HandlerNormal
I1222 14:55:24.038760 87394 thread.cpp:99] Thread 1048577 construct Actor kCollectiveBoxingGeneric 2199025352712
I1222 14:55:24.038827 87358 thread.cpp:99] Thread 1048576 construct Actor kNormalForward 2199023255584
I1222 14:55:24.038918 87394 runtime_context.cpp:29] DecreaseCounter constructing_actor_cnt, current val is 3107
I1222 14:55:24.039352 87358 runtime_context.cpp:29] DecreaseCounter constructing_actor_cnt, current val is 3106
I1222 14:55:24.039466 87394 naive_actor.cpp:25] actor 2199025352794 switch to &NaiveActor::HandlerNormal
I1222 14:55:24.039510 87394 thread.cpp:99] Thread 1048577 construct Actor kCollectiveBoxingGeneric 2199025352794
I1222 14:55:24.039547 87394 runtime_context.cpp:29] DecreaseCounter constructing_actor_cnt, current val is 3105
I1222 14:55:24.039635 87358 naive_actor.cpp:25] actor 2199023255611 switch to &NaiveActor::HandlerNormal
I1222 14:55:24.039685 87358 thread.cpp:99] Thread 1048576 construct Actor kNormalForward 2199023255611
I1222 14:55:24.039685 87394 naive_actor.cpp:25] actor 2199025352744 switch to &NaiveActor::HandlerNormal
I1222 14:55:24.039747 87394 thread.cpp:99] Thread 1048577 construct Actor kCollectiveBoxingGeneric 2199025352744
I1222 14:55:24.039749 87358 runtime_context.cpp:29] DecreaseCounter constructing_actor_cnt, current val is 3104
I1222 14:55:24.039791 87394 runtime_context.cpp:29] DecreaseCounter constructing_actor_cnt, current val is 3103
I1222 14:55:24.039942 87394 naive_actor.cpp:25] actor 2199025352899 switch to &NaiveActor::HandlerNormal
I1222 14:55:24.039994 87394 thread.cpp:99] Thread 1048577 construct Actor kCollectiveBoxingGeneric 2199025352899
I1222 14:55:24.040032 87394 runtime_context.cpp:29] DecreaseCounter constructing_actor_cnt, current val is 3102
I1222 14:55:24.040190 87394 naive_actor.cpp:25] actor 2199025352863 switch to &NaiveActor::HandlerNormal
I1222 14:55:24.040242 87394 thread.cpp:99] Thread 1048577 construct Actor kCollectiveBoxingGeneric 2199025352863
I1222 14:55:24.040307 87394 runtime_context.cpp:29] DecreaseCounter constructing_actor_cnt, current val is 3101
I1222 14:55:24.040459 87394 naive_actor.cpp:25] actor 2199025352881 switch to &NaiveActor::HandlerNormal
I1222 14:55:24.040506 87394 thread.cpp:99] Thread 1048577 construct Actor kCollectiveBoxingGeneric 2199025352881
I1222 14:55:24.040555 87394 runtime_context.cpp:29] DecreaseCounter constructing_actor_cnt, current val is 3100
I1222 14:55:24.040591 87358 naive_actor.cpp:25] actor 2199023255588 switch to &NaiveActor::HandlerNormal
I1222 14:55:24.040654 87358 thread.cpp:99] Thread 1048576 construct Actor kNormalForward 2199023255588
I1222 14:55:24.040688 87394 naive_actor.cpp:25] actor 2199025352763 switch to &NaiveActor::HandlerNormal
I1222 14:55:24.040735 87394 thread.cpp:99] Thread 1048577 construct Actor kCollectiveBoxingGeneric 2199025352763
I1222 14:55:24.040735 87358 runtime_context.cpp:29] DecreaseCounter constructing_actor_cnt, current val is 3099
I1222 14:55:24.040779 87394 runtime_context.cpp:29] DecreaseCounter constructing_actor_cnt, current val is 3098
I1222 14:55:24.040936 87394 naive_actor.cpp:25] actor 2199025352811 switch to &NaiveActor::HandlerNormal
I1222 14:55:24.040984 87394 thread.cpp:99] Thread 1048577 construct Actor kCollectiveBoxingGeneric 2199025352811
I1222 14:55:24.041034 87394 runtime_context.cpp:29] DecreaseCounter constructing_actor_cnt, current val is 3097
I1222 14:55:24.041043 87358 naive_actor.cpp:25] actor 2199023255609 switch to &NaiveActor::HandlerNormal
I1222 14:55:24.041119 87358 thread.cpp:99] Thread 1048576 construct Actor kNormalForward 2199023255609
I1222 14:55:24.041180 87394 naive_actor.cpp:25] actor 2199025352888 switch to &NaiveActor::HandlerNormal
I1222 14:55:24.041208 87358 runtime_context.cpp:29] DecreaseCounter constructing_actor_cnt, current val is 3096
I1222 14:55:24.041222 87394 thread.cpp:99] Thread 1048577 construct Actor kCollectiveBoxingGeneric 2199025352888
I1222 14:55:24.041306 87394 runtime_context.cpp:29] DecreaseCounter constructing_actor_cnt, current val is 3095
I1222 14:55:24.041447 87394 naive_actor.cpp:25] actor 2199025352739 switch to &NaiveActor::HandlerNormal
I1222 14:55:24.041496 87394 thread.cpp:99] Thread 1048577 construct Actor kCollectiveBoxingGeneric 2199025352739
I1222 14:55:24.041584 87394 runtime_context.cpp:29] DecreaseCounter constructing_actor_cnt, current val is 3094
I1222 14:55:24.041970 87358 naive_actor.cpp:25] actor 2199023255571 switch to &NaiveActor::HandlerNormal
I1222 14:55:24.042026 87358 thread.cpp:99] Thread 1048576 construct Actor kNormalForward 2199023255571
I1222 14:55:24.042076 87394 naive_actor.cpp:25] actor 2199025352781 switch to &NaiveActor::HandlerNormal
I1222 14:55:24.042085 87358 runtime_context.cpp:29] DecreaseCounter constructing_actor_cnt, current val is 3093
I1222 14:55:24.042125 87394 thread.cpp:99] Thread 1048577 construct Actor kCollectiveBoxingGeneric 2199025352781
I1222 14:55:24.042210 87394 runtime_context.cpp:29] DecreaseCounter constructing_actor_cnt, current val is 3092
I1222 14:55:24.042353 87394 naive_actor.cpp:25] actor 2199025352717 switch to &NaiveActor::HandlerNormal
I1222 14:55:24.042407 87394 thread.cpp:99] Thread 1048577 construct Actor kCollectiveBoxingGeneric 2199025352717
I1222 14:55:24.042455 87394 runtime_context.cpp:29] DecreaseCounter constructing_actor_cnt, current val is 3091
I1222 14:55:24.042613 87394 naive_actor.cpp:25] actor 2199025352778 switch to &NaiveActor::HandlerNormal
I1222 14:55:24.042659 87394 thread.cpp:99] Thread 1048577 construct Actor kCollectiveBoxingGeneric 2199025352778
I1222 14:55:24.042696 87394 runtime_context.cpp:29] DecreaseCounter constructing_actor_cnt, current val is 3090
I1222 14:55:24.042793 87358 naive_actor.cpp:25] actor 2199023255641 switch to &NaiveActor::HandlerNormal
I1222 14:55:24.042850 87394 naive_actor.cpp:25] actor 2199025352709 switch to &NaiveActor::HandlerNormal
I1222 14:55:24.042857 87358 thread.cpp:99] Thread 1048576 construct Actor kNormalForward 2199023255641
I1222 14:55:24.042893 87394 thread.cpp:99] Thread 1048577 construct Actor kCollectiveBoxingGeneric 2199025352709
I1222 14:55:24.042977 87358 runtime_context.cpp:29] DecreaseCounter constructing_actor_cnt, current val is 3089
I1222 14:55:24.042979 87394 runtime_context.cpp:29] DecreaseCounter constructing_actor_cnt, current val is 3088
I1222 14:55:24.043143 87394 naive_actor.cpp:25] actor 2199025352812 switch to &NaiveActor::HandlerNormal
I1222 14:55:24.043193 87394 thread.cpp:99] Thread 1048577 construct Actor kCollectiveBoxingGeneric 2199025352812
I1222 14:55:24.043242 87394 runtime_context.cpp:29] DecreaseCounter constructing_actor_cnt, current val is 3087
I1222 14:55:24.043387 87394 naive_actor.cpp:25] actor 2199025352748 switch to &NaiveActor::HandlerNormal
I1222 14:55:24.043427 87394 thread.cpp:99] Thread 1048577 construct Actor kCollectiveBoxingGeneric 2199025352748
I1222 14:55:24.043473 87394 runtime_context.cpp:29] DecreaseCounter constructing_actor_cnt, current val is 3086
I1222 14:55:24.043632 87394 naive_actor.cpp:25] actor 2199025352793 switch to &NaiveActor::HandlerNormal
I1222 14:55:24.043676 87394 thread.cpp:99] Thread 1048577 construct Actor kCollectiveBoxingGeneric 2199025352793
I1222 14:55:24.043723 87394 runtime_context.cpp:29] DecreaseCounter constructing_actor_cnt, current val is 3085
I1222 14:55:24.043753 87358 naive_actor.cpp:25] actor 2199023255603 switch to &NaiveActor::HandlerNormal
I1222 14:55:24.043823 87358 thread.cpp:99] Thread 1048576 construct Actor kNormalForward 2199023255603
I1222 14:55:24.043895 87394 naive_actor.cpp:25] actor 2199025352808 switch to &NaiveActor::HandlerNormal
I1222 14:55:24.043910 87358 runtime_context.cpp:29] DecreaseCounter constructing_actor_cnt, current val is 3084
I1222 14:55:24.043942 87394 thread.cpp:99] Thread 1048577 construct Actor kCollectiveBoxingGeneric 2199025352808
I1222 14:55:24.044008 87394 runtime_context.cpp:29] DecreaseCounter constructing_actor_cnt, current val is 3083
I1222 14:55:24.044167 87394 naive_actor.cpp:25] actor 2199025352767 switch to &NaiveActor::HandlerNormal
I1222 14:55:24.044217 87394 thread.cpp:99] Thread 1048577 construct Actor kCollectiveBoxingGeneric 2199025352767
I1222 14:55:24.044270 87394 runtime_context.cpp:29] DecreaseCounter constructing_actor_cnt, current val is 3082
I1222 14:55:24.044463 87394 naive_actor.cpp:25] actor 2199025352765 switch to &NaiveActor::HandlerNormal
I1222 14:55:24.044714 87358 naive_actor.cpp:25] actor 2199023255582 switch to &NaiveActor::HandlerNormal
I1222 14:55:24.044761 87394 thread.cpp:99] Thread 1048577 construct Actor kCollectiveBoxingGeneric 2199025352765
I1222 14:55:24.044813 87358 thread.cpp:99] Thread 1048576 construct Actor kNormalForward 2199023255582
I1222 14:55:24.044852 87394 runtime_context.cpp:29] DecreaseCounter constructing_actor_cnt, current val is 3081
I1222 14:55:24.044914 87358 runtime_context.cpp:29] DecreaseCounter constructing_actor_cnt, current val is 3080
I1222 14:55:24.045022 87394 naive_actor.cpp:25] actor 2199025352741 switch to &NaiveActor::HandlerNormal
I1222 14:55:24.045070 87394 thread.cpp:99] Thread 1048577 construct Actor kCollectiveBoxingGeneric 2199025352741
I1222 14:55:24.045106 87394 runtime_context.cpp:29] DecreaseCounter constructing_actor_cnt, current val is 3079
I1222 14:55:24.045289 87394 naive_actor.cpp:25] actor 2199025352751 switch to &NaiveActor::HandlerNormal
I1222 14:55:24.045334 87394 thread.cpp:99] Thread 1048577 construct Actor kCollectiveBoxingGeneric 2199025352751
I1222 14:55:24.045378 87394 runtime_context.cpp:29] DecreaseCounter constructing_actor_cnt, current val is 3078
I1222 14:55:24.045542 87394 naive_actor.cpp:25] actor 2199025352854 switch to &NaiveActor::HandlerNormal
