 Insert buffer op : [System-Pipeline-Buffer-Op_-base_model.m_stage0.encoder.layer.1.output.dropout-dropout_97-mask_0-stage_id_0](buffer_size:4) 
 from [base_model.m_stage0.encoder.layer.1.output.dropout-dropout_97] (stage_id:0) -> [base_model.m_stage0.encoder.layer.1.output.dropout-dropout_97_grad] (stage_id:0) 
I1222 14:48:45.425459 85493 pipeline_buffer_pass.cpp:117] 
 Insert buffer op : [System-Pipeline-Buffer-Op_-base_model.m_stage0.encoder.layer.1.intermediate.intermediate_act_fn-gelu_94-out_0-stage_id_0](buffer_size:4) 
 from [base_model.m_stage0.encoder.layer.1.intermediate.intermediate_act_fn-gelu_94] (stage_id:0) -> [base_model.m_stage0.encoder.layer.1.output.dense-broadcast_matmul_95_b_grad] (stage_id:0) 
I1222 14:48:45.425858 85493 pipeline_buffer_pass.cpp:117] 
 Insert buffer op : [System-Pipeline-Buffer-Op_-base_model.m_stage0.encoder.layer.1.intermediate.dense-broadcast_add_93-z_0-stage_id_0](buffer_size:4) 
 from [base_model.m_stage0.encoder.layer.1.intermediate.dense-broadcast_add_93] (stage_id:0) -> [base_model.m_stage0.encoder.layer.1.intermediate.intermediate_act_fn-gelu_94_grad] (stage_id:0) 
I1222 14:48:45.425930 85493 pipeline_buffer_pass.cpp:117] 
 Insert buffer op : [System-Pipeline-Buffer-Op_-base_model.m_stage0.encoder.layer.1.attention.output.LayerNorm-layer_norm_91-y_0-stage_id_0](buffer_size:4) 
 from [base_model.m_stage0.encoder.layer.1.attention.output.LayerNorm-layer_norm_91] (stage_id:0) -> [base_model.m_stage0.encoder.layer.1.intermediate.dense-broadcast_matmul_92_b_grad] (stage_id:0) 
I1222 14:48:45.426000 85493 pipeline_buffer_pass.cpp:117] 
 Insert buffer op : [System-Pipeline-Buffer-Op_-base_model.m_stage0.encoder.layer.1.attention.output.LayerNorm-layer_norm_91-normalized_0-stage_id_0](buffer_size:4) 
 from [base_model.m_stage0.encoder.layer.1.attention.output.LayerNorm-layer_norm_91] (stage_id:0) -> [base_model.m_stage0.encoder.layer.1.attention.output.LayerNorm-layer_norm_91_param_grad] (stage_id:0) 
I1222 14:48:45.426069 85493 pipeline_buffer_pass.cpp:117] 
 Insert buffer op : [System-Pipeline-Buffer-Op_-base_model.m_stage0.encoder.layer.1.attention.output-add_n_90-out_0-stage_id_0](buffer_size:4) 
 from [base_model.m_stage0.encoder.layer.1.attention.output-add_n_90] (stage_id:0) -> [base_model.m_stage0.encoder.layer.1.attention.output.LayerNorm-layer_norm_91_grad] (stage_id:0) 
I1222 14:48:45.426133 85493 pipeline_buffer_pass.cpp:117] 
 Insert buffer op : [System-Pipeline-Buffer-Op_-base_model.m_stage0.encoder.layer.1.attention.output.LayerNorm-layer_norm_91-mean_0-stage_id_0](buffer_size:4) 
 from [base_model.m_stage0.encoder.layer.1.attention.output.LayerNorm-layer_norm_91] (stage_id:0) -> [base_model.m_stage0.encoder.layer.1.attention.output.LayerNorm-layer_norm_91_grad] (stage_id:0) 
I1222 14:48:45.426192 85493 pipeline_buffer_pass.cpp:117] 
 Insert buffer op : [System-Pipeline-Buffer-Op_-base_model.m_stage0.encoder.layer.1.attention.output.LayerNorm-layer_norm_91-inv_variance_0-stage_id_0](buffer_size:4) 
 from [base_model.m_stage0.encoder.layer.1.attention.output.LayerNorm-layer_norm_91] (stage_id:0) -> [base_model.m_stage0.encoder.layer.1.attention.output.LayerNorm-layer_norm_91_grad] (stage_id:0) 
I1222 14:48:45.426257 85493 pipeline_buffer_pass.cpp:117] 
 Insert buffer op : [System-Pipeline-Buffer-Op_-base_model.m_stage0.encoder.layer.1.attention.output.dropout-dropout_89-mask_0-stage_id_0](buffer_size:4) 
 from [base_model.m_stage0.encoder.layer.1.attention.output.dropout-dropout_89] (stage_id:0) -> [base_model.m_stage0.encoder.layer.1.attention.output.dropout-dropout_89_grad] (stage_id:0) 
I1222 14:48:45.426328 85493 pipeline_buffer_pass.cpp:117] 
 Insert buffer op : [System-Pipeline-Buffer-Op_-base_model.m_stage0.encoder.layer.1.attention.self-reshape_86-out_0-stage_id_0](buffer_size:4) 
 from [base_model.m_stage0.encoder.layer.1.attention.self-reshape_86] (stage_id:0) -> [base_model.m_stage0.encoder.layer.1.attention.output.dense-broadcast_matmul_87_b_grad] (stage_id:0) 
I1222 14:48:45.426399 85493 pipeline_buffer_pass.cpp:117] 
 Insert buffer op : [System-Pipeline-Buffer-Op_-base_model.m_stage0.encoder.layer.1.attention.self-transpose_77-output_0-stage_id_0](buffer_size:4) 
 from [base_model.m_stage0.encoder.layer.1.attention.self-transpose_77] (stage_id:0) -> [base_model.m_stage0.encoder.layer.1.attention.self-batch_matmul_84_grad_a] (stage_id:0) 
I1222 14:48:45.426492 85493 pipeline_buffer_pass.cpp:117] 
 Insert buffer op : [System-Pipeline-Buffer-Op_-base_model.m_stage0.encoder.layer.1.attention.self.dropout-dropout_83-out_0-stage_id_0](buffer_size:4) 
 from [base_model.m_stage0.encoder.layer.1.attention.self.dropout-dropout_83] (stage_id:0) -> [base_model.m_stage0.encoder.layer.1.attention.self-batch_matmul_84_grad_b] (stage_id:0) 
I1222 14:48:45.426885 85493 pipeline_buffer_pass.cpp:117] 
 Insert buffer op : [System-Pipeline-Buffer-Op_-base_model.m_stage0.encoder.layer.1.attention.self.dropout-dropout_83-mask_0-stage_id_0](buffer_size:4) 
 from [base_model.m_stage0.encoder.layer.1.attention.self.dropout-dropout_83] (stage_id:0) -> [base_model.m_stage0.encoder.layer.1.attention.self.dropout-dropout_83_grad] (stage_id:0) 
I1222 14:48:45.426954 85493 pipeline_buffer_pass.cpp:117] 
 Insert buffer op : [System-Pipeline-Buffer-Op_-base_model.m_stage0.encoder.layer.1.attention.self-softmax_82-out_0-stage_id_0](buffer_size:4) 
 from [base_model.m_stage0.encoder.layer.1.attention.self-softmax_82] (stage_id:0) -> [base_model.m_stage0.encoder.layer.1.attention.self-softmax_82_grad] (stage_id:0) 
I1222 14:48:45.427026 85493 pipeline_buffer_pass.cpp:117] 
 Insert buffer op : [System-Pipeline-Buffer-Op_-base_model.m_stage0.encoder.layer.0.output.LayerNorm-layer_norm_65-y_0-stage_id_0](buffer_size:4) 
 from [base_model.m_stage0.encoder.layer.0.output.LayerNorm-layer_norm_65] (stage_id:0) -> [base_model.m_stage0.encoder.layer.1.attention.self.value-broadcast_matmul_74_b_grad] (stage_id:0) 
I1222 14:48:45.427091 85493 pipeline_buffer_pass.cpp:117] 
 Insert buffer op : [System-Pipeline-Buffer-Op_-base_model.m_stage0.encoder.layer.1.attention.self-transpose_78-output_0-stage_id_0](buffer_size:4) 
 from [base_model.m_stage0.encoder.layer.1.attention.self-transpose_78] (stage_id:0) -> [base_model.m_stage0.encoder.layer.1.attention.self-batch_matmul_79_grad_a] (stage_id:0) 
I1222 14:48:45.427158 85493 pipeline_buffer_pass.cpp:117] 
 Insert buffer op : [System-Pipeline-Buffer-Op_-base_model.m_stage0.encoder.layer.1.attention.self-transpose_69-output_0-stage_id_0](buffer_size:4) 
 from [base_model.m_stage0.encoder.layer.1.attention.self-transpose_69] (stage_id:0) -> [base_model.m_stage0.encoder.layer.1.attention.self-batch_matmul_79_grad_b] (stage_id:0) 
I1222 14:48:45.427273 85493 pipeline_buffer_pass.cpp:117] 
 Insert buffer op : [System-Pipeline-Buffer-Op_-base_model.m_stage0.encoder.layer.0.output.LayerNorm-layer_norm_65-normalized_0-stage_id_0](buffer_size:4) 
 from [base_model.m_stage0.encoder.layer.0.output.LayerNorm-layer_norm_65] (stage_id:0) -> [base_model.m_stage0.encoder.layer.0.output.LayerNorm-layer_norm_65_param_grad] (stage_id:0) 
I1222 14:48:45.427341 85493 pipeline_buffer_pass.cpp:117] 
 Insert buffer op : [System-Pipeline-Buffer-Op_-base_model.m_stage0.encoder.layer.0.output-add_n_64-out_0-stage_id_0](buffer_size:4) 
 from [base_model.m_stage0.encoder.layer.0.output-add_n_64] (stage_id:0) -> [base_model.m_stage0.encoder.layer.0.output.LayerNorm-layer_norm_65_grad] (stage_id:0) 
I1222 14:48:45.427407 85493 pipeline_buffer_pass.cpp:117] 
 Insert buffer op : [System-Pipeline-Buffer-Op_-base_model.m_stage0.encoder.layer.0.output.LayerNorm-layer_norm_65-mean_0-stage_id_0](buffer_size:4) 
 from [base_model.m_stage0.encoder.layer.0.output.LayerNorm-layer_norm_65] (stage_id:0) -> [base_model.m_stage0.encoder.layer.0.output.LayerNorm-layer_norm_65_grad] (stage_id:0) 
I1222 14:48:45.427466 85493 pipeline_buffer_pass.cpp:117] 
 Insert buffer op : [System-Pipeline-Buffer-Op_-base_model.m_stage0.encoder.layer.0.output.LayerNorm-layer_norm_65-inv_variance_0-stage_id_0](buffer_size:4) 
 from [base_model.m_stage0.encoder.layer.0.output.LayerNorm-layer_norm_65] (stage_id:0) -> [base_model.m_stage0.encoder.layer.0.output.LayerNorm-layer_norm_65_grad] (stage_id:0) 
I1222 14:48:45.427531 85493 pipeline_buffer_pass.cpp:117] 
 Insert buffer op : [System-Pipeline-Buffer-Op_-base_model.m_stage0.encoder.layer.0.output.dropout-dropout_63-mask_0-stage_id_0](buffer_size:4) 
 from [base_model.m_stage0.encoder.layer.0.output.dropout-dropout_63] (stage_id:0) -> [base_model.m_stage0.encoder.layer.0.output.dropout-dropout_63_grad] (stage_id:0) 
I1222 14:48:45.427630 85493 pipeline_buffer_pass.cpp:117] 
 Insert buffer op : [System-Pipeline-Buffer-Op_-base_model.m_stage0.encoder.layer.0.intermediate.intermediate_act_fn-gelu_60-out_0-stage_id_0](buffer_size:4) 
 from [base_model.m_stage0.encoder.layer.0.intermediate.intermediate_act_fn-gelu_60] (stage_id:0) -> [base_model.m_stage0.encoder.layer.0.output.dense-broadcast_matmul_61_b_grad] (stage_id:0) 
I1222 14:48:45.428093 85493 pipeline_buffer_pass.cpp:117] 
 Insert buffer op : [System-Pipeline-Buffer-Op_-base_model.m_stage0.encoder.layer.0.intermediate.dense-broadcast_add_59-z_0-stage_id_0](buffer_size:4) 
 from [base_model.m_stage0.encoder.layer.0.intermediate.dense-broadcast_add_59] (stage_id:0) -> [base_model.m_stage0.encoder.layer.0.intermediate.intermediate_act_fn-gelu_60_grad] (stage_id:0) 
I1222 14:48:45.428166 85493 pipeline_buffer_pass.cpp:117] 
 Insert buffer op : [System-Pipeline-Buffer-Op_-base_model.m_stage0.encoder.layer.0.attention.output.LayerNorm-layer_norm_57-y_0-stage_id_0](buffer_size:4) 
 from [base_model.m_stage0.encoder.layer.0.attention.output.LayerNorm-layer_norm_57] (stage_id:0) -> [base_model.m_stage0.encoder.layer.0.intermediate.dense-broadcast_matmul_58_b_grad] (stage_id:0) 
I1222 14:48:45.428234 85493 pipeline_buffer_pass.cpp:117] 
 Insert buffer op : [System-Pipeline-Buffer-Op_-base_model.m_stage0.encoder.layer.0.attention.output.LayerNorm-layer_norm_57-normalized_0-stage_id_0](buffer_size:4) 
 from [base_model.m_stage0.encoder.layer.0.attention.output.LayerNorm-layer_norm_57] (stage_id:0) -> [base_model.m_stage0.encoder.layer.0.attention.output.LayerNorm-layer_norm_57_param_grad] (stage_id:0) 
I1222 14:48:45.428303 85493 pipeline_buffer_pass.cpp:117] 
 Insert buffer op : [System-Pipeline-Buffer-Op_-base_model.m_stage0.encoder.layer.0.attention.output-add_n_56-out_0-stage_id_0](buffer_size:4) 
 from [base_model.m_stage0.encoder.layer.0.attention.output-add_n_56] (stage_id:0) -> [base_model.m_stage0.encoder.layer.0.attention.output.LayerNorm-layer_norm_57_grad] (stage_id:0) 
I1222 14:48:45.428369 85493 pipeline_buffer_pass.cpp:117] 
 Insert buffer op : [System-Pipeline-Buffer-Op_-base_model.m_stage0.encoder.layer.0.attention.output.LayerNorm-layer_norm_57-mean_0-stage_id_0](buffer_size:4) 
 from [base_model.m_stage0.encoder.layer.0.attention.output.LayerNorm-layer_norm_57] (stage_id:0) -> [base_model.m_stage0.encoder.layer.0.attention.output.LayerNorm-layer_norm_57_grad] (stage_id:0) 
I1222 14:48:45.428428 85493 pipeline_buffer_pass.cpp:117] 
 Insert buffer op : [System-Pipeline-Buffer-Op_-base_model.m_stage0.encoder.layer.0.attention.output.LayerNorm-layer_norm_57-inv_variance_0-stage_id_0](buffer_size:4) 
 from [base_model.m_stage0.encoder.layer.0.attention.output.LayerNorm-layer_norm_57] (stage_id:0) -> [base_model.m_stage0.encoder.layer.0.attention.output.LayerNorm-layer_norm_57_grad] (stage_id:0) 
I1222 14:48:45.428493 85493 pipeline_buffer_pass.cpp:117] 
 Insert buffer op : [System-Pipeline-Buffer-Op_-base_model.m_stage0.encoder.layer.0.attention.output.dropout-dropout_55-mask_0-stage_id_0](buffer_size:4) 
 from [base_model.m_stage0.encoder.layer.0.attention.output.dropout-dropout_55] (stage_id:0) -> [base_model.m_stage0.encoder.layer.0.attention.output.dropout-dropout_55_grad] (stage_id:0) 
I1222 14:48:45.428565 85493 pipeline_buffer_pass.cpp:117] 
 Insert buffer op : [System-Pipeline-Buffer-Op_-base_model.m_stage0.encoder.layer.0.attention.self-reshape_52-out_0-stage_id_0](buffer_size:4) 
 from [base_model.m_stage0.encoder.layer.0.attention.self-reshape_52] (stage_id:0) -> [base_model.m_stage0.encoder.layer.0.attention.output.dense-broadcast_matmul_53_b_grad] (stage_id:0) 
I1222 14:48:45.428632 85493 pipeline_buffer_pass.cpp:117] 
 Insert buffer op : [System-Pipeline-Buffer-Op_-base_model.m_stage0.encoder.layer.0.attention.self-transpose_43-output_0-stage_id_0](buffer_size:4) 
 from [base_model.m_stage0.encoder.layer.0.attention.self-transpose_43] (stage_id:0) -> [base_model.m_stage0.encoder.layer.0.attention.self-batch_matmul_50_grad_a] (stage_id:0) 
I1222 14:48:45.428730 85493 pipeline_buffer_pass.cpp:117] 
 Insert buffer op : [System-Pipeline-Buffer-Op_-base_model.m_stage0.encoder.layer.0.attention.self.dropout-dropout_49-out_0-stage_id_0](buffer_size:4) 
 from [base_model.m_stage0.encoder.layer.0.attention.self.dropout-dropout_49] (stage_id:0) -> [base_model.m_stage0.encoder.layer.0.attention.self-batch_matmul_50_grad_b] (stage_id:0) 
I1222 14:48:45.429355 85493 pipeline_buffer_pass.cpp:117] 
 Insert buffer op : [System-Pipeline-Buffer-Op_-base_model.m_stage0.encoder.layer.0.attention.self.dropout-dropout_49-mask_0-stage_id_0](buffer_size:4) 
 from [base_model.m_stage0.encoder.layer.0.attention.self.dropout-dropout_49] (stage_id:0) -> [base_model.m_stage0.encoder.layer.0.attention.self.dropout-dropout_49_grad] (stage_id:0) 
I1222 14:48:45.429425 85493 pipeline_buffer_pass.cpp:117] 
 Insert buffer op : [System-Pipeline-Buffer-Op_-base_model.m_stage0.encoder.layer.0.attention.self-softmax_48-out_0-stage_id_0](buffer_size:4) 
 from [base_model.m_stage0.encoder.layer.0.attention.self-softmax_48] (stage_id:0) -> [base_model.m_stage0.encoder.layer.0.attention.self-softmax_48_grad] (stage_id:0) 
I1222 14:48:45.429495 85493 pipeline_buffer_pass.cpp:117] 
 Insert buffer op : [System-Pipeline-Buffer-Op_-base_model.m_stage0.embeddings.dropout-dropout_25-out_0-stage_id_0](buffer_size:4) 
 from [base_model.m_stage0.embeddings.dropout-dropout_25] (stage_id:0) -> [base_model.m_stage0.encoder.layer.0.attention.self.value-broadcast_matmul_40_b_grad] (stage_id:0) 
I1222 14:48:45.429564 85493 pipeline_buffer_pass.cpp:117] 
 Insert buffer op : [System-Pipeline-Buffer-Op_-base_model.m_stage0.encoder.layer.0.attention.self-transpose_44-output_0-stage_id_0](buffer_size:4) 
 from [base_model.m_stage0.encoder.layer.0.attention.self-transpose_44] (stage_id:0) -> [base_model.m_stage0.encoder.layer.0.attention.self-batch_matmul_45_grad_a] (stage_id:0) 
I1222 14:48:45.429631 85493 pipeline_buffer_pass.cpp:117] 
 Insert buffer op : [System-Pipeline-Buffer-Op_-base_model.m_stage0.encoder.layer.0.attention.self-transpose_35-output_0-stage_id_0](buffer_size:4) 
 from [base_model.m_stage0.encoder.layer.0.attention.self-transpose_35] (stage_id:0) -> [base_model.m_stage0.encoder.layer.0.attention.self-batch_matmul_45_grad_b] (stage_id:0) 
I1222 14:48:45.429742 85493 pipeline_buffer_pass.cpp:117] 
 Insert buffer op : [System-Pipeline-Buffer-Op_-base_model.m_stage0.embeddings.dropout-dropout_25-mask_0-stage_id_0](buffer_size:4) 
 from [base_model.m_stage0.embeddings.dropout-dropout_25] (stage_id:0) -> [base_model.m_stage0.embeddings.dropout-dropout_25_grad] (stage_id:0) 
I1222 14:48:45.429824 85493 pipeline_buffer_pass.cpp:117] 
 Insert buffer op : [System-Pipeline-Buffer-Op_-base_model.m_stage0.embeddings.LayerNorm-layer_norm_24-normalized_0-stage_id_0](buffer_size:4) 
 from [base_model.m_stage0.embeddings.LayerNorm-layer_norm_24] (stage_id:0) -> [base_model.m_stage0.embeddings.LayerNorm-layer_norm_24_param_grad] (stage_id:0) 
I1222 14:48:45.429895 85493 pipeline_buffer_pass.cpp:117] 
 Insert buffer op : [System-Pipeline-Buffer-Op_-base_model.m_stage0.embeddings-broadcast_add_23-z_0-stage_id_0](buffer_size:4) 
 from [base_model.m_stage0.embeddings-broadcast_add_23] (stage_id:0) -> [base_model.m_stage0.embeddings.LayerNorm-layer_norm_24_grad] (stage_id:0) 
I1222 14:48:45.429963 85493 pipeline_buffer_pass.cpp:117] 
 Insert buffer op : [System-Pipeline-Buffer-Op_-base_model.m_stage0.embeddings.LayerNorm-layer_norm_24-mean_0-stage_id_0](buffer_size:4) 
 from [base_model.m_stage0.embeddings.LayerNorm-layer_norm_24] (stage_id:0) -> [base_model.m_stage0.embeddings.LayerNorm-layer_norm_24_grad] (stage_id:0) 
I1222 14:48:45.430022 85493 pipeline_buffer_pass.cpp:117] 
 Insert buffer op : [System-Pipeline-Buffer-Op_-base_model.m_stage0.embeddings.LayerNorm-layer_norm_24-inv_variance_0-stage_id_0](buffer_size:4) 
 from [base_model.m_stage0.embeddings.LayerNorm-layer_norm_24] (stage_id:0) -> [base_model.m_stage0.embeddings.LayerNorm-layer_norm_24_grad] (stage_id:0) 
I1222 14:48:45.430135 85493 pipeline_buffer_pass.cpp:117] 
 Insert buffer op : [System-Pipeline-Buffer-Op_-base_model.m_stage0.embeddings.position_embeddings-gather_20-out_0-stage_id_0](buffer_size:4) 
 from [base_model.m_stage0.embeddings.position_embeddings-gather_20] (stage_id:0) -> [base_model.m_stage0.embeddings-broadcast_add_23_y_grad_reduce_sum_like] (stage_id:0) 
I1222 14:48:45.430528 85493 pipeline_buffer_pass.cpp:117] 
 Insert buffer op : [System-Pipeline-Buffer-Op_-base_model.m_stage0.embeddings-slice_19-y_0-stage_id_0](buffer_size:4) 
 from [base_model.m_stage0.embeddings-slice_19] (stage_id:0) -> [base_model.m_stage0.embeddings.position_embeddings-gather_20_grad] (stage_id:0) 
I1222 14:48:45.430599 85493 pipeline_buffer_pass.cpp:117] 
 Insert buffer op : [System-Pipeline-Buffer-Op_-base_model-identity_15-out_0-stage_id_0](buffer_size:4) 
 from [base_model-identity_15] (stage_id:0) -> [base_model.m_stage0.embeddings.word_embeddings-gather_18_grad] (stage_id:0) 
I1222 14:48:45.430670 85493 pipeline_buffer_pass.cpp:117] 
 Insert buffer op : [System-Pipeline-Buffer-Op_-base_model-identity_16-out_0-stage_id_0](buffer_size:4) 
 from [base_model-identity_16] (stage_id:0) -> [base_model.m_stage0.embeddings.token_type_embeddings-gather_21_grad] (stage_id:0) 
I1222 14:48:45.431247 85493 pipeline_buffer_pass.cpp:117] 
 Insert buffer op : [System-Pipeline-Buffer-Op_-_train_data_loader-hierarchical_parallel_cast_8-out_0-stage_id_0](buffer_size:4) 
 from [_train_data_loader-hierarchical_parallel_cast_8] (stage_id:0) -> [base_model-identity_15] (stage_id:0) 
I1222 14:48:45.431334 85493 pipeline_buffer_pass.cpp:117] 
 Insert buffer op : [System-Pipeline-Buffer-Op_-_train_data_loader-hierarchical_parallel_cast_11-out_0-stage_id_0](buffer_size:4) 
 from [_train_data_loader-hierarchical_parallel_cast_11] (stage_id:0) -> [base_model-identity_16] (stage_id:0) 
I1222 14:48:45.431399 85493 pipeline_buffer_pass.cpp:117] 
 Insert buffer op : [System-Pipeline-Buffer-Op_-_train_data_loader-hierarchical_parallel_cast_10-out_0-stage_id_0](buffer_size:4) 
 from [_train_data_loader-hierarchical_parallel_cast_10] (stage_id:0) -> [base_model-identity_17] (stage_id:0) 
I1222 14:48:45.432001 85493 pipeline_buffer_pass.cpp:212] 
 Insert buffer op pair : src_buffer = <System-Pipeline-Buffer-Op_-base_model-identity_440-out_0>(buffer_size:1) , dst_buffer = <System-Pipeline-Buffer-Op_-base_model-identity_440-out_0-stage_id_1>(buffer_size:1) 
 from [base_model-identity_440] (stage_id:0) -> [base_model-identity_441] (stage_id:1) 
I1222 14:48:45.432075 85493 pipeline_buffer_pass.cpp:117] 
 Insert buffer op : [System-Pipeline-Buffer-Op_-_train_data_loader-hierarchical_parallel_cast_10-out_0-stage_id_1](buffer_size:4) 
 from [_train_data_loader-hierarchical_parallel_cast_10] (stage_id:0) -> [base_model-identity_442] (stage_id:1) 
I1222 14:48:45.432624 85493 pipeline_buffer_pass.cpp:117] 
 Insert buffer op : [System-Pipeline-Buffer-Op_-_train_data_loader-hierarchical_parallel_cast_9-out_0-stage_id_1](buffer_size:4) 
 from [_train_data_loader-hierarchical_parallel_cast_9] (stage_id:0) -> [reshape_872] (stage_id:1) 
I1222 14:48:45.432703 85493 pipeline_buffer_pass.cpp:117] 
 Insert buffer op : [System-Pipeline-Buffer-Op_-_train_data_loader-hierarchical_parallel_cast_13-out_0-stage_id_1](buffer_size:4) 
 from [_train_data_loader-hierarchical_parallel_cast_13] (stage_id:0) -> [expand_dims_880] (stage_id:1) 
I1222 14:48:45.432770 85493 pipeline_buffer_pass.cpp:117] 
 Insert buffer op : [System-Pipeline-Buffer-Op_-_train_data_loader-hierarchical_parallel_cast_12-out_0-stage_id_1](buffer_size:4) 
 from [_train_data_loader-hierarchical_parallel_cast_12] (stage_id:0) -> [reshape_884] (stage_id:1) 
I1222 14:48:45.432847 85493 pipeline_buffer_pass.cpp:117] 
 Insert buffer op : [System-Pipeline-Buffer-Op_-_train_data_loader-hierarchical_parallel_cast_14-out_0-stage_id_1](buffer_size:4) 
 from [_train_data_loader-hierarchical_parallel_cast_14] (stage_id:0) -> [multiply_891] (stage_id:1) 
I1222 14:48:45.434165 85493 pipeline_buffer_pass.cpp:212] 
 Insert buffer op pair : src_buffer = <System-Pipeline-Buffer-Op_-base_model-identity_441_grad-out_0>(buffer_size:1) , dst_buffer = <System-Pipeline-Buffer-Op_-base_model-identity_441_grad-out_0-stage_id_0>(buffer_size:1) 
 from [base_model-identity_441_grad] (stage_id:1) -> [base_model-identity_440_grad] (stage_id:0) 
I1222 14:48:46.575623 85493 global.h:43] DeleteGlobal N7oneflow7JobDescE
I1222 14:48:47.862181 85493 global.h:36] NewGlobal N7oneflow7JobDescE
I1222 14:49:04.868429 85493 runtime_context.cpp:21] NewCounter constructing_actor_cnt 3261
I1222 14:49:04.869642 85983 wait_and_send_ids_actor.cpp:53] actor 36284020031488 switch to &WaitAndSendIdsActor::HandlerWaitToStart
I1222 14:49:04.869953 85931 naive_actor.cpp:25] actor 37391985281976 switch to &NaiveActor::HandlerNormal
I1222 14:49:04.869827 85983 thread.cpp:99] Thread 17301569 construct Actor kWaitAndSendIds 36284020031488
I1222 14:49:04.870051 85931 thread.cpp:99] Thread 17829888 construct Actor kDeviceTick 37391985281976
I1222 14:49:04.870362 85983 runtime_context.cpp:29] DecreaseCounter constructing_actor_cnt, current val is 3260
I1222 14:49:04.870380 85931 runtime_context.cpp:29] DecreaseCounter constructing_actor_cnt, current val is 3259
I1222 14:49:05.002967 85931 naive_actor.cpp:25] actor 37391985278983 switch to &NaiveActor::HandlerNormal
I1222 14:49:05.003062 85931 thread.cpp:99] Thread 17829888 construct Actor kNormalForward 37391985278983
I1222 14:49:05.003185 85931 runtime_context.cpp:29] DecreaseCounter constructing_actor_cnt, current val is 3258
I1222 14:49:05.003383 85947 naive_actor.cpp:25] actor 36283896299520 switch to &NaiveActor::HandlerNormal
I1222 14:49:05.003405 85948 naive_actor.cpp:25] actor 36283883716608 switch to &NaiveActor::HandlerNormal
I1222 14:49:05.003429 85931 naive_actor.cpp:25] actor 37391985278979 switch to &NaiveActor::HandlerNormal
I1222 14:49:05.003456 85947 thread.cpp:99] Thread 17301510 construct Actor kNormalForward 36283896299520
I1222 14:49:05.003533 85946 naive_actor.cpp:25] actor 36283885813760 switch to &NaiveActor::HandlerNormal
I1222 14:49:05.003536 85948 thread.cpp:99] Thread 17301504 construct Actor kNormalForward 36283883716608
I1222 14:49:05.003549 85949 naive_actor.cpp:25] actor 36283894202368 switch to &NaiveActor::HandlerNormal
I1222 14:49:05.003587 85931 thread.cpp:99] Thread 17829888 construct Actor kNormalForward 37391985278979
I1222 14:49:05.003664 85947 runtime_context.cpp:29] DecreaseCounter constructing_actor_cnt, current val is 3257
I1222 14:49:05.003705 85946 thread.cpp:99] Thread 17301505 construct Actor kNormalForward 36283885813760
I1222 14:49:05.003888 85944 naive_actor.cpp:25] actor 36283892105216 switch to &NaiveActor::HandlerNormal
I1222 14:49:05.003796 85948 runtime_context.cpp:29] DecreaseCounter constructing_actor_cnt, current val is 3256
I1222 14:49:05.003811 85949 thread.cpp:99] Thread 17301509 construct Actor kNormalForward 36283894202368
I1222 14:49:05.003891 85931 runtime_context.cpp:29] DecreaseCounter constructing_actor_cnt, current val is 3255
I1222 14:49:05.003764 85945 naive_actor.cpp:25] actor 36283887910912 switch to &NaiveActor::HandlerNormal
I1222 14:49:05.003962 85946 runtime_context.cpp:29] DecreaseCounter constructing_actor_cnt, current val is 3254
I1222 14:49:05.003995 85944 thread.cpp:99] Thread 17301508 construct Actor kNormalForward 36283892105216
I1222 14:49:05.004168 85949 runtime_context.cpp:29] DecreaseCounter constructing_actor_cnt, current val is 3253
I1222 14:49:05.004261 85945 thread.cpp:99] Thread 17301506 construct Actor kNormalForward 36283887910912
I1222 14:49:05.004346 85973 naive_actor.cpp:25] actor 37391987376133 switch to &NaiveActor::HandlerNormal
I1222 14:49:05.004448 85944 runtime_context.cpp:29] DecreaseCounter constructing_actor_cnt, current val is 3252
I1222 14:49:05.004528 85963 sink_actor.cpp:21] actor 36284022128640 switch to &SinkActor::HandlerNormal
I1222 14:49:05.004565 85973 thread.cpp:99] Thread 17829889 construct Actor kCollectiveBoxingGeneric 37391987376133
I1222 14:49:05.004843 85974 naive_actor.cpp:25] actor 36284026322944 switch to &NaiveActor::HandlerNormal
I1222 14:49:05.005612 86013 naive_actor.cpp:25] actor 36284024225792 switch to &NaiveActor::HandlerNormal
I1222 14:49:05.004698 85977 naive_actor.cpp:25] actor 36283898396672 switch to &NaiveActor::HandlerNormal
I1222 14:49:05.004734 85963 thread.cpp:99] Thread 17301570 construct Actor kCallbackNotify 36284022128640
I1222 14:49:05.004590 85945 runtime_context.cpp:29] DecreaseCounter constructing_actor_cnt, current val is 3251
I1222 14:49:05.004870 85973 runtime_context.cpp:29] DecreaseCounter constructing_actor_cnt, current val is 3250
I1222 14:49:05.004943 85979 naive_actor.cpp:25] actor 36284017934337 switch to &NaiveActor::HandlerNormal
I1222 14:49:05.005198 86008 naive_actor.cpp:25] actor 37391989473280 switch to &NaiveActor::HandlerNormal
I1222 14:49:05.005357 86024 naive_actor.cpp:25] actor 37391991570432 switch to &NaiveActor::HandlerNormal
I1222 14:49:05.005467 85981 copy_comm_net_actor.cpp:66] actor 36284028420102 switch to &CopyCommNetActor::HandlerNormal
I1222 14:49:05.004601 85938 naive_actor.cpp:25] actor 36283890008064 switch to &NaiveActor::HandlerNormal
I1222 14:49:05.005620 85974 thread.cpp:99] Thread 17301572 construct Actor kCriticalSectionWaitTick 36284026322944
I1222 14:49:05.005682 86013 thread.cpp:99] Thread 17301571 construct Actor kCriticalSectionWaitTick 36284024225792
I1222 14:49:05.006358 85974 runtime_context.cpp:29] DecreaseCounter constructing_actor_cnt, current val is 3248
I1222 14:49:05.005856 85963 runtime_context.cpp:29] DecreaseCounter constructing_actor_cnt, current val is 3249
I1222 14:49:05.005964 85979 thread.cpp:99] Thread 17301568 construct Actor kTick 36284017934337
I1222 14:49:05.005997 86008 thread.cpp:99] Thread 17829890 construct Actor kCopyHd 37391989473280
I1222 14:49:05.006078 86024 thread.cpp:99] Thread 17829891 construct Actor kCopyHd 37391991570432
I1222 14:49:05.006131 85973 naive_actor.cpp:25] actor 37391987376153 switch to &NaiveActor::HandlerNormal
I1222 14:49:05.006237 85981 thread.cpp:99] Thread 17301573 construct Actor kCopyCommNet 36284028420102
I1222 14:49:05.006286 85938 thread.cpp:99] Thread 17301507 construct Actor kNormalForward 36283890008064
I1222 14:49:05.005734 85977 thread.cpp:99] Thread 17301511 construct Actor kNormalForward 36283898396672
I1222 14:49:05.006341 86011 naive_actor.cpp:25] actor 36283900493824 switch to &NaiveActor::HandlerNormal
I1222 14:49:05.006398 86013 runtime_context.cpp:29] DecreaseCounter constructing_actor_cnt, current val is 3247
I1222 14:49:05.006508 85979 runtime_context.cpp:29] DecreaseCounter constructing_actor_cnt, current val is 3246
I1222 14:49:05.006508 86008 runtime_context.cpp:29] DecreaseCounter constructing_actor_cnt, current val is 3245
I1222 14:49:05.006532 86024 runtime_context.cpp:29] DecreaseCounter constructing_actor_cnt, current val is 3244
I1222 14:49:05.006547 85973 thread.cpp:99] Thread 17829889 construct Actor kCollectiveBoxingGeneric 37391987376153
I1222 14:49:05.006649 85981 runtime_context.cpp:29] DecreaseCounter constructing_actor_cnt, current val is 3243
I1222 14:49:05.006675 85938 runtime_context.cpp:29] DecreaseCounter constructing_actor_cnt, current val is 3242
I1222 14:49:05.006669 85931 naive_actor.cpp:25] actor 37391985278995 switch to &NaiveActor::HandlerNormal
I1222 14:49:05.006721 85977 runtime_context.cpp:29] DecreaseCounter constructing_actor_cnt, current val is 3241
I1222 14:49:05.006796 86011 thread.cpp:99] Thread 17301512 construct Actor kNormalForward 36283900493824
I1222 14:49:05.006975 85973 runtime_context.cpp:29] DecreaseCounter constructing_actor_cnt, current val is 3240
I1222 14:49:05.006999 86008 naive_actor.cpp:25] actor 37391989473292 switch to &NaiveActor::HandlerNormal
I1222 14:49:05.007139 85979 naive_actor.cpp:25] actor 36284017934345 switch to &NaiveActor::HandlerNormal
I1222 14:49:05.007230 85931 thread.cpp:99] Thread 17829888 construct Actor kNormalForward 37391985278995
I1222 14:49:05.007285 85981 copy_comm_net_actor.cpp:66] actor 36284028420097 switch to &CopyCommNetActor::HandlerNormal
I1222 14:49:05.007390 86008 thread.cpp:99] Thread 17829890 construct Actor kCopyHd 37391989473292
I1222 14:49:05.007401 86011 runtime_context.cpp:29] DecreaseCounter constructing_actor_cnt, current val is 3239
I1222 14:49:05.007432 85979 thread.cpp:99] Thread 17301568 construct Actor kDstSubsetTick 36284017934345
I1222 14:49:05.007483 85973 naive_actor.cpp:25] actor 37391987376169 switch to &NaiveActor::HandlerNormal
I1222 14:49:05.007696 85931 runtime_context.cpp:29] DecreaseCounter constructing_actor_cnt, current val is 3238
I1222 14:49:05.008200 85981 thread.cpp:99] Thread 17301573 construct Actor kCopyCommNet 36284028420097
I1222 14:49:05.008231 86008 runtime_context.cpp:29] DecreaseCounter constructing_actor_cnt, current val is 3237
I1222 14:49:05.008337 85979 runtime_context.cpp:29] DecreaseCounter constructing_actor_cnt, current val is 3236
I1222 14:49:05.008337 85973 thread.cpp:99] Thread 17829889 construct Actor kCollectiveBoxingGeneric 37391987376169
I1222 14:49:05.008592 86008 naive_actor.cpp:25] actor 37391989473288 switch to &NaiveActor::HandlerNormal
I1222 14:49:05.008517 85981 runtime_context.cpp:29] DecreaseCounter constructing_actor_cnt, current val is 3235
I1222 14:49:05.008610 85973 runtime_context.cpp:29] DecreaseCounter constructing_actor_cnt, current val is 3234
I1222 14:49:05.008644 86008 thread.cpp:99] Thread 17829890 construct Actor kCopyHd 37391989473288
I1222 14:49:05.008800 86008 runtime_context.cpp:29] DecreaseCounter constructing_actor_cnt, current val is 3233
I1222 14:49:05.008814 85979 naive_actor.cpp:25] actor 36284017934339 switch to &NaiveActor::HandlerNormal
I1222 14:49:05.008867 85973 naive_actor.cpp:25] actor 37391987376207 switch to &NaiveActor::HandlerNormal
I1222 14:49:05.008909 85979 thread.cpp:99] Thread 17301568 construct Actor kTick 36284017934339
I1222 14:49:05.008939 85973 thread.cpp:99] Thread 17829889 construct Actor kCollectiveBoxingGeneric 37391987376207
I1222 14:49:05.008963 86008 naive_actor.cpp:25] actor 37391989473281 switch to &NaiveActor::HandlerNormal
I1222 14:49:05.009052 86008 thread.cpp:99] Thread 17829890 construct Actor kCopyHd 37391989473281
I1222 14:49:05.009001 85979 runtime_context.cpp:29] DecreaseCounter constructing_actor_cnt, current val is 3232
I1222 14:49:05.008996 85981 copy_comm_net_actor.cpp:66] actor 36284028420103 switch to &CopyCommNetActor::HandlerNormal
I1222 14:49:05.009037 85973 runtime_context.cpp:29] DecreaseCounter constructing_actor_cnt, current val is 3231
I1222 14:49:05.008956 85931 naive_actor.cpp:25] actor 37391985278985 switch to &NaiveActor::HandlerNormal
I1222 14:49:05.009083 86008 runtime_context.cpp:29] DecreaseCounter constructing_actor_cnt, current val is 3230
I1222 14:49:05.009218 85981 thread.cpp:99] Thread 17301573 construct Actor kCopyCommNet 36284028420103
I1222 14:49:05.009346 85931 thread.cpp:99] Thread 17829888 construct Actor kNormalForward 37391985278985
I1222 14:49:05.009382 85973 naive_actor.cpp:25] actor 37391987376242 switch to &NaiveActor::HandlerNormal
I1222 14:49:05.009418 85979 naive_actor.cpp:25] actor 36284017934340 switch to &NaiveActor::HandlerNormal
I1222 14:49:05.009465 86008 naive_actor.cpp:25] actor 37391989473284 switch to &NaiveActor::HandlerNormal
I1222 14:49:05.009497 85981 runtime_context.cpp:29] DecreaseCounter constructing_actor_cnt, current val is 3229
I1222 14:49:05.009582 85973 thread.cpp:99] Thread 17829889 construct Actor kCollectiveBoxingGeneric 37391987376242
I1222 14:49:05.009624 85979 thread.cpp:99] Thread 17301568 construct Actor kTick 36284017934340
I1222 14:49:05.009625 85931 runtime_context.cpp:29] DecreaseCounter constructing_actor_cnt, current val is 3228
I1222 14:49:05.009649 86008 thread.cpp:99] Thread 17829890 construct Actor kCopyHd 37391989473284
I1222 14:49:05.009768 85973 runtime_context.cpp:29] DecreaseCounter constructing_actor_cnt, current val is 3227
I1222 14:49:05.009853 85979 runtime_context.cpp:29] DecreaseCounter constructing_actor_cnt, current val is 3226
I1222 14:49:05.009924 86008 runtime_context.cpp:29] DecreaseCounter constructing_actor_cnt, current val is 3225
I1222 14:49:05.009943 85981 copy_comm_net_actor.cpp:66] actor 36284028420096 switch to &CopyCommNetActor::HandlerNormal
I1222 14:49:05.010040 85973 naive_actor.cpp:25] actor 37391987376260 switch to &NaiveActor::HandlerNormal
I1222 14:49:05.010567 85979 naive_actor.cpp:25] actor 36284017934338 switch to &NaiveActor::HandlerNormal
I1222 14:49:05.010807 85981 thread.cpp:99] Thread 17301573 construct Actor kCopyCommNet 36284028420096
I1222 14:49:05.010848 85973 thread.cpp:99] Thread 17829889 construct Actor kCollectiveBoxingGeneric 37391987376260
I1222 14:49:05.010922 85979 thread.cpp:99] Thread 17301568 construct Actor kDstSubsetTick 36284017934338
I1222 14:49:05.010958 86008 naive_actor.cpp:25] actor 37391989473282 switch to &NaiveActor::HandlerNormal
I1222 14:49:05.011014 85981 runtime_context.cpp:29] DecreaseCounter constructing_actor_cnt, current val is 3224
I1222 14:49:05.011020 85973 runtime_context.cpp:29] DecreaseCounter constructing_actor_cnt, current val is 3223
I1222 14:49:05.011071 86008 thread.cpp:99] Thread 17829890 construct Actor kCopyHd 37391989473282
I1222 14:49:05.011086 85979 runtime_context.cpp:29] DecreaseCounter constructing_actor_cnt, current val is 3222
I1222 14:49:05.011209 86008 runtime_context.cpp:29] DecreaseCounter constructing_actor_cnt, current val is 3221
I1222 14:49:05.011260 85973 naive_actor.cpp:25] actor 37391987376285 switch to &NaiveActor::HandlerNormal
I1222 14:49:05.011337 85973 thread.cpp:99] Thread 17829889 construct Actor kCollectiveBoxingGeneric 37391987376285
I1222 14:49:05.011343 85931 naive_actor.cpp:25] actor 37391985278988 switch to &NaiveActor::HandlerNormal
I1222 14:49:05.011353 85981 copy_comm_net_actor.cpp:66] actor 36284028420110 switch to &CopyCommNetActor::HandlerNormal
I1222 14:49:05.011381 86008 naive_actor.cpp:25] actor 37391989473290 switch to &NaiveActor::HandlerNormal
I1222 14:49:05.011409 85973 runtime_context.cpp:29] DecreaseCounter constructing_actor_cnt, current val is 3220
I1222 14:49:05.011487 85931 thread.cpp:99] Thread 17829888 construct Actor kNormalForward 37391985278988
I1222 14:49:05.011572 85981 thread.cpp:99] Thread 17301573 construct Actor kCopyCommNet 36284028420110
I1222 14:49:05.011595 86008 thread.cpp:99] Thread 17829890 construct Actor kCopyHd 37391989473290
I1222 14:49:05.011633 85979 naive_actor.cpp:25] actor 36284017934336 switch to &NaiveActor::HandlerNormal
I1222 14:49:05.011734 85973 naive_actor.cpp:25] actor 37391987376164 switch to &NaiveActor::HandlerNormal
I1222 14:49:05.011770 85931 runtime_context.cpp:29] DecreaseCounter constructing_actor_cnt, current val is 3219
I1222 14:49:05.011811 86008 runtime_context.cpp:29] DecreaseCounter constructing_actor_cnt, current val is 3217
I1222 14:49:05.011812 85981 runtime_context.cpp:29] DecreaseCounter constructing_actor_cnt, current val is 3218
I1222 14:49:05.011842 85979 thread.cpp:99] Thread 17301568 construct Actor kSrcSubsetTick 36284017934336
I1222 14:49:05.011869 85973 thread.cpp:99] Thread 17829889 construct Actor kCollectiveBoxingGeneric 37391987376164
I1222 14:49:05.012069 86008 naive_actor.cpp:25] actor 37391989473287 switch to &NaiveActor::HandlerNormal
I1222 14:49:05.012149 85979 runtime_context.cpp:29] DecreaseCounter constructing_actor_cnt, current val is 3216
I1222 14:49:05.012217 85981 copy_comm_net_actor.cpp:66] actor 36284028420115 switch to &CopyCommNetActor::HandlerNormal
I1222 14:49:05.012176 86008 thread.cpp:99] Thread 17829890 construct Actor kCopyHd 37391989473287
I1222 14:49:05.012154 85973 runtime_context.cpp:29] DecreaseCounter constructing_actor_cnt, current val is 3215
I1222 14:49:05.012298 85981 thread.cpp:99] Thread 17301573 construct Actor kCopyCommNet 36284028420115
I1222 14:49:05.012347 86008 runtime_context.cpp:29] DecreaseCounter constructing_actor_cnt, current val is 3214
I1222 14:49:05.012468 85981 runtime_context.cpp:29] DecreaseCounter constructing_actor_cnt, current val is 3213
I1222 14:49:05.012481 85973 naive_actor.cpp:25] actor 37391987376137 switch to &NaiveActor::HandlerNormal
I1222 14:49:05.012540 85979 naive_actor.cpp:25] actor 36284017934341 switch to &NaiveActor::HandlerNormal
I1222 14:49:05.012562 86008 naive_actor.cpp:25] actor 37391989473283 switch to &NaiveActor::HandlerNormal
I1222 14:49:05.012647 85973 thread.cpp:99] Thread 17829889 construct Actor kCollectiveBoxingGeneric 37391987376137
I1222 14:49:05.012725 85981 copy_comm_net_actor.cpp:66] actor 36284028420104 switch to &CopyCommNetActor::HandlerNormal
I1222 14:49:05.013216 85979 thread.cpp:99] Thread 17301568 construct Actor kTick 36284017934341
I1222 14:49:05.013240 86008 thread.cpp:99] Thread 17829890 construct Actor kCopyHd 37391989473283
I1222 14:49:05.013278 85973 runtime_context.cpp:29] DecreaseCounter constructing_actor_cnt, current val is 3212
I1222 14:49:05.013417 85979 runtime_context.cpp:29] DecreaseCounter constructing_actor_cnt, current val is 3211
I1222 14:49:05.013352 85981 thread.cpp:99] Thread 17301573 construct Actor kCopyCommNet 36284028420104
I1222 14:49:05.013418 86008 runtime_context.cpp:29] DecreaseCounter constructing_actor_cnt, current val is 3210
I1222 14:49:05.013280 85931 naive_actor.cpp:25] actor 37391985278982 switch to &NaiveActor::HandlerNormal
I1222 14:49:05.013593 85973 naive_actor.cpp:25] actor 37391987376183 switch to &NaiveActor::HandlerNormal
I1222 14:49:05.013613 85981 runtime_context.cpp:29] DecreaseCounter constructing_actor_cnt, current val is 3209
I1222 14:49:05.013693 86008 naive_actor.cpp:25] actor 37391989473291 switch to &NaiveActor::HandlerNormal
I1222 14:49:05.013870 86008 thread.cpp:99] Thread 17829890 construct Actor kCopyHd 37391989473291
I1222 14:49:05.013732 85973 thread.cpp:99] Thread 17829889 construct Actor kCollectiveBoxingGeneric 37391987376183
I1222 14:49:05.013705 85931 thread.cpp:99] Thread 17829888 construct Actor kNormalForward 37391985278982
I1222 14:49:05.013913 85979 naive_actor.cpp:25] actor 36284017934344 switch to &NaiveActor::HandlerNormal
I1222 14:49:05.013963 86008 runtime_context.cpp:29] DecreaseCounter constructing_actor_cnt, current val is 3208
I1222 14:49:05.013994 85981 copy_comm_net_actor.cpp:66] actor 36284028420099 switch to &CopyCommNetActor::HandlerNormal
I1222 14:49:05.014001 85973 runtime_context.cpp:29] DecreaseCounter constructing_actor_cnt, current val is 3207
I1222 14:49:05.014117 85979 thread.cpp:99] Thread 17301568 construct Actor kSrcSubsetTick 36284017934344
I1222 14:49:05.014122 85931 runtime_context.cpp:29] DecreaseCounter constructing_actor_cnt, current val is 3206
I1222 14:49:05.014238 85981 thread.cpp:99] Thread 17301573 construct Actor kCopyCommNet 36284028420099
I1222 14:49:05.014276 86008 naive_actor.cpp:25] actor 37391989473286 switch to &NaiveActor::HandlerNormal
I1222 14:49:05.014344 85979 runtime_context.cpp:29] DecreaseCounter constructing_actor_cnt, current val is 3205
I1222 14:49:05.014365 85973 naive_actor.cpp:25] actor 37391987376149 switch to &NaiveActor::HandlerNormal
I1222 14:49:05.014469 85981 runtime_context.cpp:29] DecreaseCounter constructing_actor_cnt, current val is 3204
I1222 14:49:05.014477 86008 thread.cpp:99] Thread 17829890 construct Actor kCopyHd 37391989473286
I1222 14:49:05.014564 85973 thread.cpp:99] Thread 17829889 construct Actor kCollectiveBoxingGeneric 37391987376149
I1222 14:49:05.014659 86008 runtime_context.cpp:29] DecreaseCounter constructing_actor_cnt, current val is 3203
I1222 14:49:05.014708 85981 copy_comm_net_actor.cpp:66] actor 36284028420112 switch to &CopyCommNetActor::HandlerNormal
I1222 14:49:05.014719 85973 runtime_context.cpp:29] DecreaseCounter constructing_actor_cnt, current val is 3202
I1222 14:49:05.014797 85981 thread.cpp:99] Thread 17301573 construct Actor kCopyCommNet 36284028420112
I1222 14:49:05.014866 86008 naive_actor.cpp:25] actor 37391989473285 switch to &NaiveActor::HandlerNormal
I1222 14:49:05.014902 85981 runtime_context.cpp:29] DecreaseCounter constructing_actor_cnt, current val is 3201
I1222 14:49:05.014951 86008 thread.cpp:99] Thread 17829890 construct Actor kCopyHd 37391989473285
I1222 14:49:05.014955 85979 naive_actor.cpp:25] actor 36284017934342 switch to &NaiveActor::HandlerNormal
I1222 14:49:05.014966 85973 naive_actor.cpp:25] actor 37391987376218 switch to &NaiveActor::HandlerNormal
I1222 14:49:05.015038 86008 runtime_context.cpp:29] DecreaseCounter constructing_actor_cnt, current val is 3200
I1222 14:49:05.015089 85981 copy_comm_net_actor.cpp:66] actor 36284028420106 switch to &CopyCommNetActor::HandlerNormal
I1222 14:49:05.015141 85979 thread.cpp:99] Thread 17301568 construct Actor kSrcSubsetTick 36284017934342
I1222 14:49:05.015774 85931 naive_actor.cpp:25] actor 37391985278976 switch to &NaiveActor::HandlerNormal
I1222 14:49:05.015758 85981 thread.cpp:99] Thread 17301573 construct Actor kCopyCommNet 36284028420106
I1222 14:49:05.015805 86008 naive_actor.cpp:25] actor 37391989473289 switch to &NaiveActor::HandlerNormal
I1222 14:49:05.015695 85973 thread.cpp:99] Thread 17829889 construct Actor kCollectiveBoxingGeneric 37391987376218
I1222 14:49:05.015857 85979 runtime_context.cpp:29] DecreaseCounter constructing_actor_cnt, current val is 3199
I1222 14:49:05.015918 85931 thread.cpp:99] Thread 17829888 construct Actor kNormalForward 37391985278976
I1222 14:49:05.015951 85981 runtime_context.cpp:29] DecreaseCounter constructing_actor_cnt, current val is 3198
I1222 14:49:05.015961 86008 thread.cpp:99] Thread 17829890 construct Actor kCopyHd 37391989473289
I1222 14:49:05.015997 85973 runtime_context.cpp:29] DecreaseCounter constructing_actor_cnt, current val is 3197
I1222 14:49:05.016171 85931 runtime_context.cpp:29] DecreaseCounter constructing_actor_cnt, current val is 3196
I1222 14:49:05.016178 86008 runtime_context.cpp:29] DecreaseCounter constructing_actor_cnt, current val is 3195
I1222 14:49:05.016245 85981 copy_comm_net_actor.cpp:66] actor 36284028420100 switch to &CopyCommNetActor::HandlerNormal
I1222 14:49:05.016307 85973 naive_actor.cpp:25] actor 37391987376129 switch to &NaiveActor::HandlerNormal
I1222 14:49:05.016322 85979 naive_actor.cpp:25] actor 36284017934343 switch to &NaiveActor::HandlerNormal
I1222 14:49:05.016352 85981 thread.cpp:99] Thread 17301573 construct Actor kCopyCommNet 36284028420100
I1222 14:49:05.016409 85973 thread.cpp:99] Thread 17829889 construct Actor kCollectiveBoxingGeneric 37391987376129
I1222 14:49:05.016469 85979 thread.cpp:99] Thread 17301568 construct Actor kDstSubsetTick 36284017934343
I1222 14:49:05.016513 85981 runtime_context.cpp:29] DecreaseCounter constructing_actor_cnt, current val is 3194
I1222 14:49:05.016537 85973 runtime_context.cpp:29] DecreaseCounter constructing_actor_cnt, current val is 3193
I1222 14:49:05.016605 85979 runtime_context.cpp:29] DecreaseCounter constructing_actor_cnt, current val is 3192
I1222 14:49:05.016726 85981 copy_comm_net_actor.cpp:66] actor 36284028420108 switch to &CopyCommNetActor::HandlerNormal
I1222 14:49:05.016779 85973 naive_actor.cpp:25] actor 37391987376186 switch to &NaiveActor::HandlerNormal
I1222 14:49:05.016798 85981 thread.cpp:99] Thread 17301573 construct Actor kCopyCommNet 36284028420108
I1222 14:49:05.016849 85973 thread.cpp:99] Thread 17829889 construct Actor kCollectiveBoxingGeneric 37391987376186
I1222 14:49:05.016886 85981 runtime_context.cpp:29] DecreaseCounter constructing_actor_cnt, current val is 3191
I1222 14:49:05.016908 85973 runtime_context.cpp:29] DecreaseCounter constructing_actor_cnt, current val is 3190
I1222 14:49:05.017038 85981 copy_comm_net_actor.cpp:66] actor 36284028420098 switch to &CopyCommNetActor::HandlerNormal
I1222 14:49:05.017050 85973 naive_actor.cpp:25] actor 37391987376232 switch to &NaiveActor::HandlerNormal
I1222 14:49:05.017122 85981 thread.cpp:99] Thread 17301573 construct Actor kCopyCommNet 36284028420098
I1222 14:49:05.017158 85973 thread.cpp:99] Thread 17829889 construct Actor kCollectiveBoxingGeneric 37391987376232
I1222 14:49:05.017207 85981 runtime_context.cpp:29] DecreaseCounter constructing_actor_cnt, current val is 3189
I1222 14:49:05.017287 85973 runtime_context.cpp:29] DecreaseCounter constructing_actor_cnt, current val is 3188
I1222 14:49:05.017401 85981 copy_comm_net_actor.cpp:66] actor 36284028420101 switch to &CopyCommNetActor::HandlerNormal
I1222 14:49:05.017472 85973 naive_actor.cpp:25] actor 37391987376255 switch to &NaiveActor::HandlerNormal
I1222 14:49:05.017493 85981 thread.cpp:99] Thread 17301573 construct Actor kCopyCommNet 36284028420101
I1222 14:49:05.017729 85931 naive_actor.cpp:25] actor 37391985278996 switch to &NaiveActor::HandlerNormal
I1222 14:49:05.018234 85973 thread.cpp:99] Thread 17829889 construct Actor kCollectiveBoxingGeneric 37391987376255
I1222 14:49:05.018294 85981 runtime_context.cpp:29] DecreaseCounter constructing_actor_cnt, current val is 3187
I1222 14:49:05.018383 85931 thread.cpp:99] Thread 17829888 construct Actor kNormalForward 37391985278996
I1222 14:49:05.018440 85973 runtime_context.cpp:29] DecreaseCounter constructing_actor_cnt, current val is 3186
I1222 14:49:05.018569 85981 copy_comm_net_actor.cpp:66] actor 36284028420114 switch to &CopyCommNetActor::HandlerNormal
I1222 14:49:05.018610 85931 runtime_context.cpp:29] DecreaseCounter constructing_actor_cnt, current val is 3185
I1222 14:49:05.018643 85981 thread.cpp:99] Thread 17301573 construct Actor kCopyCommNet 36284028420114
I1222 14:49:05.018708 85973 naive_actor.cpp:25] actor 37391987376204 switch to &NaiveActor::HandlerNormal
I1222 14:49:05.018779 85981 runtime_context.cpp:29] DecreaseCounter constructing_actor_cnt, current val is 3184
I1222 14:49:05.018813 85973 thread.cpp:99] Thread 17829889 construct Actor kCollectiveBoxingGeneric 37391987376204
I1222 14:49:05.018898 85973 runtime_context.cpp:29] DecreaseCounter constructing_actor_cnt, current val is 3183
I1222 14:49:05.018950 85981 copy_comm_net_actor.cpp:66] actor 36284028420109 switch to &CopyCommNetActor::HandlerNormal
I1222 14:49:05.018991 85981 thread.cpp:99] Thread 17301573 construct Actor kCopyCommNet 36284028420109
I1222 14:49:05.019026 85981 runtime_context.cpp:29] DecreaseCounter constructing_actor_cnt, current val is 3182
I1222 14:49:05.019032 85973 naive_actor.cpp:25] actor 37391987376128 switch to &NaiveActor::HandlerNormal
I1222 14:49:05.019111 85973 thread.cpp:99] Thread 17829889 construct Actor kCollectiveBoxingGeneric 37391987376128
I1222 14:49:05.019145 85981 copy_comm_net_actor.cpp:66] actor 36284028420107 switch to &CopyCommNetActor::HandlerNormal
I1222 14:49:05.019152 85973 runtime_context.cpp:29] DecreaseCounter constructing_actor_cnt, current val is 3181
I1222 14:49:05.019176 85981 thread.cpp:99] Thread 17301573 construct Actor kCopyCommNet 36284028420107
I1222 14:49:05.019237 85981 runtime_context.cpp:29] DecreaseCounter constructing_actor_cnt, current val is 3180
I1222 14:49:05.019315 85973 naive_actor.cpp:25] actor 37391987376296 switch to &NaiveActor::HandlerNormal
I1222 14:49:05.019369 85981 copy_comm_net_actor.cpp:66] actor 36284028420105 switch to &CopyCommNetActor::HandlerNormal
I1222 14:49:05.019392 85973 thread.cpp:99] Thread 17829889 construct Actor kCollectiveBoxingGeneric 37391987376296
I1222 14:49:05.019443 85981 thread.cpp:99] Thread 17301573 construct Actor kCopyCommNet 36284028420105
I1222 14:49:05.019477 85973 runtime_context.cpp:29] DecreaseCounter constructing_actor_cnt, current val is 3179
I1222 14:49:05.019510 85981 runtime_context.cpp:29] DecreaseCounter constructing_actor_cnt, current val is 3178
I1222 14:49:05.019627 85973 naive_actor.cpp:25] actor 37391987376236 switch to &NaiveActor::HandlerNormal
I1222 14:49:05.019657 85981 copy_comm_net_actor.cpp:66] actor 36284028420113 switch to &CopyCommNetActor::HandlerNormal
I1222 14:49:05.019672 85973 thread.cpp:99] Thread 17829889 construct Actor kCollectiveBoxingGeneric 37391987376236
I1222 14:49:05.019713 85981 thread.cpp:99] Thread 17301573 construct Actor kCopyCommNet 36284028420113
I1222 14:49:05.019757 85973 runtime_context.cpp:29] DecreaseCounter constructing_actor_cnt, current val is 3177
I1222 14:49:05.019822 85981 runtime_context.cpp:29] DecreaseCounter constructing_actor_cnt, current val is 3176
I1222 14:49:05.019966 85981 copy_comm_net_actor.cpp:66] actor 36284028420116 switch to &CopyCommNetActor::HandlerNormal
I1222 14:49:05.019986 85973 naive_actor.cpp:25] actor 37391987376317 switch to &NaiveActor::HandlerNormal
I1222 14:49:05.020018 85981 thread.cpp:99] Thread 17301573 construct Actor kCopyCommNet 36284028420116
I1222 14:49:05.020100 85973 thread.cpp:99] Thread 17829889 construct Actor kCollectiveBoxingGeneric 37391987376317
I1222 14:49:05.020153 85931 naive_actor.cpp:25] actor 37391985278987 switch to &NaiveActor::HandlerNormal
I1222 14:49:05.020627 85981 runtime_context.cpp:29] DecreaseCounter constructing_actor_cnt, current val is 3175
I1222 14:49:05.020668 85973 runtime_context.cpp:29] DecreaseCounter constructing_actor_cnt, current val is 3174
