 Insert buffer op : [System-Pipeline-Buffer-Op_-base_model.m_stage0.encoder.layer.1.output.dropout-dropout_97-mask_0-stage_id_0](buffer_size:4) 
 from [base_model.m_stage0.encoder.layer.1.output.dropout-dropout_97] (stage_id:0) -> [base_model.m_stage0.encoder.layer.1.output.dropout-dropout_97_grad] (stage_id:0) 
I1222 14:24:44.859226 80556 pipeline_buffer_pass.cpp:117] 
 Insert buffer op : [System-Pipeline-Buffer-Op_-base_model.m_stage0.encoder.layer.1.intermediate.intermediate_act_fn-gelu_94-out_0-stage_id_0](buffer_size:4) 
 from [base_model.m_stage0.encoder.layer.1.intermediate.intermediate_act_fn-gelu_94] (stage_id:0) -> [base_model.m_stage0.encoder.layer.1.output.dense-broadcast_matmul_95_b_grad] (stage_id:0) 
I1222 14:24:44.859738 80556 pipeline_buffer_pass.cpp:117] 
 Insert buffer op : [System-Pipeline-Buffer-Op_-base_model.m_stage0.encoder.layer.1.intermediate.dense-broadcast_add_93-z_0-stage_id_0](buffer_size:4) 
 from [base_model.m_stage0.encoder.layer.1.intermediate.dense-broadcast_add_93] (stage_id:0) -> [base_model.m_stage0.encoder.layer.1.intermediate.intermediate_act_fn-gelu_94_grad] (stage_id:0) 
I1222 14:24:44.859802 80556 pipeline_buffer_pass.cpp:117] 
 Insert buffer op : [System-Pipeline-Buffer-Op_-base_model.m_stage0.encoder.layer.1.attention.output.LayerNorm-layer_norm_91-y_0-stage_id_0](buffer_size:4) 
 from [base_model.m_stage0.encoder.layer.1.attention.output.LayerNorm-layer_norm_91] (stage_id:0) -> [base_model.m_stage0.encoder.layer.1.intermediate.dense-broadcast_matmul_92_b_grad] (stage_id:0) 
I1222 14:24:44.859860 80556 pipeline_buffer_pass.cpp:117] 
 Insert buffer op : [System-Pipeline-Buffer-Op_-base_model.m_stage0.encoder.layer.1.attention.output.LayerNorm-layer_norm_91-normalized_0-stage_id_0](buffer_size:4) 
 from [base_model.m_stage0.encoder.layer.1.attention.output.LayerNorm-layer_norm_91] (stage_id:0) -> [base_model.m_stage0.encoder.layer.1.attention.output.LayerNorm-layer_norm_91_param_grad] (stage_id:0) 
I1222 14:24:44.859917 80556 pipeline_buffer_pass.cpp:117] 
 Insert buffer op : [System-Pipeline-Buffer-Op_-base_model.m_stage0.encoder.layer.1.attention.output-add_n_90-out_0-stage_id_0](buffer_size:4) 
 from [base_model.m_stage0.encoder.layer.1.attention.output-add_n_90] (stage_id:0) -> [base_model.m_stage0.encoder.layer.1.attention.output.LayerNorm-layer_norm_91_grad] (stage_id:0) 
I1222 14:24:44.859969 80556 pipeline_buffer_pass.cpp:117] 
 Insert buffer op : [System-Pipeline-Buffer-Op_-base_model.m_stage0.encoder.layer.1.attention.output.LayerNorm-layer_norm_91-mean_0-stage_id_0](buffer_size:4) 
 from [base_model.m_stage0.encoder.layer.1.attention.output.LayerNorm-layer_norm_91] (stage_id:0) -> [base_model.m_stage0.encoder.layer.1.attention.output.LayerNorm-layer_norm_91_grad] (stage_id:0) 
I1222 14:24:44.860016 80556 pipeline_buffer_pass.cpp:117] 
 Insert buffer op : [System-Pipeline-Buffer-Op_-base_model.m_stage0.encoder.layer.1.attention.output.LayerNorm-layer_norm_91-inv_variance_0-stage_id_0](buffer_size:4) 
 from [base_model.m_stage0.encoder.layer.1.attention.output.LayerNorm-layer_norm_91] (stage_id:0) -> [base_model.m_stage0.encoder.layer.1.attention.output.LayerNorm-layer_norm_91_grad] (stage_id:0) 
I1222 14:24:44.860070 80556 pipeline_buffer_pass.cpp:117] 
 Insert buffer op : [System-Pipeline-Buffer-Op_-base_model.m_stage0.encoder.layer.1.attention.output.dropout-dropout_89-mask_0-stage_id_0](buffer_size:4) 
 from [base_model.m_stage0.encoder.layer.1.attention.output.dropout-dropout_89] (stage_id:0) -> [base_model.m_stage0.encoder.layer.1.attention.output.dropout-dropout_89_grad] (stage_id:0) 
I1222 14:24:44.860128 80556 pipeline_buffer_pass.cpp:117] 
 Insert buffer op : [System-Pipeline-Buffer-Op_-base_model.m_stage0.encoder.layer.1.attention.self-reshape_86-out_0-stage_id_0](buffer_size:4) 
 from [base_model.m_stage0.encoder.layer.1.attention.self-reshape_86] (stage_id:0) -> [base_model.m_stage0.encoder.layer.1.attention.output.dense-broadcast_matmul_87_b_grad] (stage_id:0) 
I1222 14:24:44.860186 80556 pipeline_buffer_pass.cpp:117] 
 Insert buffer op : [System-Pipeline-Buffer-Op_-base_model.m_stage0.encoder.layer.1.attention.self-transpose_77-output_0-stage_id_0](buffer_size:4) 
 from [base_model.m_stage0.encoder.layer.1.attention.self-transpose_77] (stage_id:0) -> [base_model.m_stage0.encoder.layer.1.attention.self-batch_matmul_84_grad_a] (stage_id:0) 
I1222 14:24:44.860266 80556 pipeline_buffer_pass.cpp:117] 
 Insert buffer op : [System-Pipeline-Buffer-Op_-base_model.m_stage0.encoder.layer.1.attention.self.dropout-dropout_83-out_0-stage_id_0](buffer_size:4) 
 from [base_model.m_stage0.encoder.layer.1.attention.self.dropout-dropout_83] (stage_id:0) -> [base_model.m_stage0.encoder.layer.1.attention.self-batch_matmul_84_grad_b] (stage_id:0) 
I1222 14:24:44.860767 80556 pipeline_buffer_pass.cpp:117] 
 Insert buffer op : [System-Pipeline-Buffer-Op_-base_model.m_stage0.encoder.layer.1.attention.self.dropout-dropout_83-mask_0-stage_id_0](buffer_size:4) 
 from [base_model.m_stage0.encoder.layer.1.attention.self.dropout-dropout_83] (stage_id:0) -> [base_model.m_stage0.encoder.layer.1.attention.self.dropout-dropout_83_grad] (stage_id:0) 
I1222 14:24:44.860831 80556 pipeline_buffer_pass.cpp:117] 
 Insert buffer op : [System-Pipeline-Buffer-Op_-base_model.m_stage0.encoder.layer.1.attention.self-softmax_82-out_0-stage_id_0](buffer_size:4) 
 from [base_model.m_stage0.encoder.layer.1.attention.self-softmax_82] (stage_id:0) -> [base_model.m_stage0.encoder.layer.1.attention.self-softmax_82_grad] (stage_id:0) 
I1222 14:24:44.860893 80556 pipeline_buffer_pass.cpp:117] 
 Insert buffer op : [System-Pipeline-Buffer-Op_-base_model.m_stage0.encoder.layer.0.output.LayerNorm-layer_norm_65-y_0-stage_id_0](buffer_size:4) 
 from [base_model.m_stage0.encoder.layer.0.output.LayerNorm-layer_norm_65] (stage_id:0) -> [base_model.m_stage0.encoder.layer.1.attention.self.value-broadcast_matmul_74_b_grad] (stage_id:0) 
I1222 14:24:44.860945 80556 pipeline_buffer_pass.cpp:117] 
 Insert buffer op : [System-Pipeline-Buffer-Op_-base_model.m_stage0.encoder.layer.1.attention.self-transpose_78-output_0-stage_id_0](buffer_size:4) 
 from [base_model.m_stage0.encoder.layer.1.attention.self-transpose_78] (stage_id:0) -> [base_model.m_stage0.encoder.layer.1.attention.self-batch_matmul_79_grad_a] (stage_id:0) 
I1222 14:24:44.860999 80556 pipeline_buffer_pass.cpp:117] 
 Insert buffer op : [System-Pipeline-Buffer-Op_-base_model.m_stage0.encoder.layer.1.attention.self-transpose_69-output_0-stage_id_0](buffer_size:4) 
 from [base_model.m_stage0.encoder.layer.1.attention.self-transpose_69] (stage_id:0) -> [base_model.m_stage0.encoder.layer.1.attention.self-batch_matmul_79_grad_b] (stage_id:0) 
I1222 14:24:44.861096 80556 pipeline_buffer_pass.cpp:117] 
 Insert buffer op : [System-Pipeline-Buffer-Op_-base_model.m_stage0.encoder.layer.0.output.LayerNorm-layer_norm_65-normalized_0-stage_id_0](buffer_size:4) 
 from [base_model.m_stage0.encoder.layer.0.output.LayerNorm-layer_norm_65] (stage_id:0) -> [base_model.m_stage0.encoder.layer.0.output.LayerNorm-layer_norm_65_param_grad] (stage_id:0) 
I1222 14:24:44.861152 80556 pipeline_buffer_pass.cpp:117] 
 Insert buffer op : [System-Pipeline-Buffer-Op_-base_model.m_stage0.encoder.layer.0.output-add_n_64-out_0-stage_id_0](buffer_size:4) 
 from [base_model.m_stage0.encoder.layer.0.output-add_n_64] (stage_id:0) -> [base_model.m_stage0.encoder.layer.0.output.LayerNorm-layer_norm_65_grad] (stage_id:0) 
I1222 14:24:44.861207 80556 pipeline_buffer_pass.cpp:117] 
 Insert buffer op : [System-Pipeline-Buffer-Op_-base_model.m_stage0.encoder.layer.0.output.LayerNorm-layer_norm_65-mean_0-stage_id_0](buffer_size:4) 
 from [base_model.m_stage0.encoder.layer.0.output.LayerNorm-layer_norm_65] (stage_id:0) -> [base_model.m_stage0.encoder.layer.0.output.LayerNorm-layer_norm_65_grad] (stage_id:0) 
I1222 14:24:44.861253 80556 pipeline_buffer_pass.cpp:117] 
 Insert buffer op : [System-Pipeline-Buffer-Op_-base_model.m_stage0.encoder.layer.0.output.LayerNorm-layer_norm_65-inv_variance_0-stage_id_0](buffer_size:4) 
 from [base_model.m_stage0.encoder.layer.0.output.LayerNorm-layer_norm_65] (stage_id:0) -> [base_model.m_stage0.encoder.layer.0.output.LayerNorm-layer_norm_65_grad] (stage_id:0) 
I1222 14:24:44.861305 80556 pipeline_buffer_pass.cpp:117] 
 Insert buffer op : [System-Pipeline-Buffer-Op_-base_model.m_stage0.encoder.layer.0.output.dropout-dropout_63-mask_0-stage_id_0](buffer_size:4) 
 from [base_model.m_stage0.encoder.layer.0.output.dropout-dropout_63] (stage_id:0) -> [base_model.m_stage0.encoder.layer.0.output.dropout-dropout_63_grad] (stage_id:0) 
I1222 14:24:44.861394 80556 pipeline_buffer_pass.cpp:117] 
 Insert buffer op : [System-Pipeline-Buffer-Op_-base_model.m_stage0.encoder.layer.0.intermediate.intermediate_act_fn-gelu_60-out_0-stage_id_0](buffer_size:4) 
 from [base_model.m_stage0.encoder.layer.0.intermediate.intermediate_act_fn-gelu_60] (stage_id:0) -> [base_model.m_stage0.encoder.layer.0.output.dense-broadcast_matmul_61_b_grad] (stage_id:0) 
I1222 14:24:44.861886 80556 pipeline_buffer_pass.cpp:117] 
 Insert buffer op : [System-Pipeline-Buffer-Op_-base_model.m_stage0.encoder.layer.0.intermediate.dense-broadcast_add_59-z_0-stage_id_0](buffer_size:4) 
 from [base_model.m_stage0.encoder.layer.0.intermediate.dense-broadcast_add_59] (stage_id:0) -> [base_model.m_stage0.encoder.layer.0.intermediate.intermediate_act_fn-gelu_60_grad] (stage_id:0) 
I1222 14:24:44.861945 80556 pipeline_buffer_pass.cpp:117] 
 Insert buffer op : [System-Pipeline-Buffer-Op_-base_model.m_stage0.encoder.layer.0.attention.output.LayerNorm-layer_norm_57-y_0-stage_id_0](buffer_size:4) 
 from [base_model.m_stage0.encoder.layer.0.attention.output.LayerNorm-layer_norm_57] (stage_id:0) -> [base_model.m_stage0.encoder.layer.0.intermediate.dense-broadcast_matmul_58_b_grad] (stage_id:0) 
I1222 14:24:44.862002 80556 pipeline_buffer_pass.cpp:117] 
 Insert buffer op : [System-Pipeline-Buffer-Op_-base_model.m_stage0.encoder.layer.0.attention.output.LayerNorm-layer_norm_57-normalized_0-stage_id_0](buffer_size:4) 
 from [base_model.m_stage0.encoder.layer.0.attention.output.LayerNorm-layer_norm_57] (stage_id:0) -> [base_model.m_stage0.encoder.layer.0.attention.output.LayerNorm-layer_norm_57_param_grad] (stage_id:0) 
I1222 14:24:44.862056 80556 pipeline_buffer_pass.cpp:117] 
 Insert buffer op : [System-Pipeline-Buffer-Op_-base_model.m_stage0.encoder.layer.0.attention.output.LayerNorm-layer_norm_57-mean_0-stage_id_0](buffer_size:4) 
 from [base_model.m_stage0.encoder.layer.0.attention.output.LayerNorm-layer_norm_57] (stage_id:0) -> [base_model.m_stage0.encoder.layer.0.attention.output.LayerNorm-layer_norm_57_grad] (stage_id:0) 
I1222 14:24:44.862108 80556 pipeline_buffer_pass.cpp:117] 
 Insert buffer op : [System-Pipeline-Buffer-Op_-base_model.m_stage0.encoder.layer.0.attention.output.LayerNorm-layer_norm_57-inv_variance_0-stage_id_0](buffer_size:4) 
 from [base_model.m_stage0.encoder.layer.0.attention.output.LayerNorm-layer_norm_57] (stage_id:0) -> [base_model.m_stage0.encoder.layer.0.attention.output.LayerNorm-layer_norm_57_grad] (stage_id:0) 
I1222 14:24:44.862157 80556 pipeline_buffer_pass.cpp:117] 
 Insert buffer op : [System-Pipeline-Buffer-Op_-base_model.m_stage0.encoder.layer.0.attention.output-add_n_56-out_0-stage_id_0](buffer_size:4) 
 from [base_model.m_stage0.encoder.layer.0.attention.output-add_n_56] (stage_id:0) -> [base_model.m_stage0.encoder.layer.0.attention.output.LayerNorm-layer_norm_57_grad] (stage_id:0) 
I1222 14:24:44.862211 80556 pipeline_buffer_pass.cpp:117] 
 Insert buffer op : [System-Pipeline-Buffer-Op_-base_model.m_stage0.encoder.layer.0.attention.output.dropout-dropout_55-mask_0-stage_id_0](buffer_size:4) 
 from [base_model.m_stage0.encoder.layer.0.attention.output.dropout-dropout_55] (stage_id:0) -> [base_model.m_stage0.encoder.layer.0.attention.output.dropout-dropout_55_grad] (stage_id:0) 
I1222 14:24:44.862269 80556 pipeline_buffer_pass.cpp:117] 
 Insert buffer op : [System-Pipeline-Buffer-Op_-base_model.m_stage0.encoder.layer.0.attention.self-reshape_52-out_0-stage_id_0](buffer_size:4) 
 from [base_model.m_stage0.encoder.layer.0.attention.self-reshape_52] (stage_id:0) -> [base_model.m_stage0.encoder.layer.0.attention.output.dense-broadcast_matmul_53_b_grad] (stage_id:0) 
I1222 14:24:44.862326 80556 pipeline_buffer_pass.cpp:117] 
 Insert buffer op : [System-Pipeline-Buffer-Op_-base_model.m_stage0.encoder.layer.0.attention.self-transpose_43-output_0-stage_id_0](buffer_size:4) 
 from [base_model.m_stage0.encoder.layer.0.attention.self-transpose_43] (stage_id:0) -> [base_model.m_stage0.encoder.layer.0.attention.self-batch_matmul_50_grad_a] (stage_id:0) 
I1222 14:24:44.862408 80556 pipeline_buffer_pass.cpp:117] 
 Insert buffer op : [System-Pipeline-Buffer-Op_-base_model.m_stage0.encoder.layer.0.attention.self.dropout-dropout_49-out_0-stage_id_0](buffer_size:4) 
 from [base_model.m_stage0.encoder.layer.0.attention.self.dropout-dropout_49] (stage_id:0) -> [base_model.m_stage0.encoder.layer.0.attention.self-batch_matmul_50_grad_b] (stage_id:0) 
I1222 14:24:44.862965 80556 pipeline_buffer_pass.cpp:117] 
 Insert buffer op : [System-Pipeline-Buffer-Op_-base_model.m_stage0.encoder.layer.0.attention.self.dropout-dropout_49-mask_0-stage_id_0](buffer_size:4) 
 from [base_model.m_stage0.encoder.layer.0.attention.self.dropout-dropout_49] (stage_id:0) -> [base_model.m_stage0.encoder.layer.0.attention.self.dropout-dropout_49_grad] (stage_id:0) 
I1222 14:24:44.863023 80556 pipeline_buffer_pass.cpp:117] 
 Insert buffer op : [System-Pipeline-Buffer-Op_-base_model.m_stage0.encoder.layer.0.attention.self-softmax_48-out_0-stage_id_0](buffer_size:4) 
 from [base_model.m_stage0.encoder.layer.0.attention.self-softmax_48] (stage_id:0) -> [base_model.m_stage0.encoder.layer.0.attention.self-softmax_48_grad] (stage_id:0) 
I1222 14:24:44.863083 80556 pipeline_buffer_pass.cpp:117] 
 Insert buffer op : [System-Pipeline-Buffer-Op_-base_model.m_stage0.embeddings.dropout-dropout_25-out_0-stage_id_0](buffer_size:4) 
 from [base_model.m_stage0.embeddings.dropout-dropout_25] (stage_id:0) -> [base_model.m_stage0.encoder.layer.0.attention.self.value-broadcast_matmul_40_b_grad] (stage_id:0) 
I1222 14:24:44.863137 80556 pipeline_buffer_pass.cpp:117] 
 Insert buffer op : [System-Pipeline-Buffer-Op_-base_model.m_stage0.encoder.layer.0.attention.self-transpose_44-output_0-stage_id_0](buffer_size:4) 
 from [base_model.m_stage0.encoder.layer.0.attention.self-transpose_44] (stage_id:0) -> [base_model.m_stage0.encoder.layer.0.attention.self-batch_matmul_45_grad_a] (stage_id:0) 
I1222 14:24:44.863190 80556 pipeline_buffer_pass.cpp:117] 
 Insert buffer op : [System-Pipeline-Buffer-Op_-base_model.m_stage0.encoder.layer.0.attention.self-transpose_35-output_0-stage_id_0](buffer_size:4) 
 from [base_model.m_stage0.encoder.layer.0.attention.self-transpose_35] (stage_id:0) -> [base_model.m_stage0.encoder.layer.0.attention.self-batch_matmul_45_grad_b] (stage_id:0) 
I1222 14:24:44.863287 80556 pipeline_buffer_pass.cpp:117] 
 Insert buffer op : [System-Pipeline-Buffer-Op_-base_model.m_stage0.embeddings.dropout-dropout_25-mask_0-stage_id_0](buffer_size:4) 
 from [base_model.m_stage0.embeddings.dropout-dropout_25] (stage_id:0) -> [base_model.m_stage0.embeddings.dropout-dropout_25_grad] (stage_id:0) 
I1222 14:24:44.863344 80556 pipeline_buffer_pass.cpp:117] 
 Insert buffer op : [System-Pipeline-Buffer-Op_-base_model.m_stage0.embeddings.LayerNorm-layer_norm_24-normalized_0-stage_id_0](buffer_size:4) 
 from [base_model.m_stage0.embeddings.LayerNorm-layer_norm_24] (stage_id:0) -> [base_model.m_stage0.embeddings.LayerNorm-layer_norm_24_param_grad] (stage_id:0) 
I1222 14:24:44.863399 80556 pipeline_buffer_pass.cpp:117] 
 Insert buffer op : [System-Pipeline-Buffer-Op_-base_model.m_stage0.embeddings-broadcast_add_23-z_0-stage_id_0](buffer_size:4) 
 from [base_model.m_stage0.embeddings-broadcast_add_23] (stage_id:0) -> [base_model.m_stage0.embeddings.LayerNorm-layer_norm_24_grad] (stage_id:0) 
I1222 14:24:44.863452 80556 pipeline_buffer_pass.cpp:117] 
 Insert buffer op : [System-Pipeline-Buffer-Op_-base_model.m_stage0.embeddings.LayerNorm-layer_norm_24-mean_0-stage_id_0](buffer_size:4) 
 from [base_model.m_stage0.embeddings.LayerNorm-layer_norm_24] (stage_id:0) -> [base_model.m_stage0.embeddings.LayerNorm-layer_norm_24_grad] (stage_id:0) 
I1222 14:24:44.863502 80556 pipeline_buffer_pass.cpp:117] 
 Insert buffer op : [System-Pipeline-Buffer-Op_-base_model.m_stage0.embeddings.LayerNorm-layer_norm_24-inv_variance_0-stage_id_0](buffer_size:4) 
 from [base_model.m_stage0.embeddings.LayerNorm-layer_norm_24] (stage_id:0) -> [base_model.m_stage0.embeddings.LayerNorm-layer_norm_24_grad] (stage_id:0) 
I1222 14:24:44.863602 80556 pipeline_buffer_pass.cpp:117] 
 Insert buffer op : [System-Pipeline-Buffer-Op_-base_model.m_stage0.embeddings.position_embeddings-gather_20-out_0-stage_id_0](buffer_size:4) 
 from [base_model.m_stage0.embeddings.position_embeddings-gather_20] (stage_id:0) -> [base_model.m_stage0.embeddings-broadcast_add_23_y_grad_reduce_sum_like] (stage_id:0) 
I1222 14:24:44.864140 80556 pipeline_buffer_pass.cpp:117] 
 Insert buffer op : [System-Pipeline-Buffer-Op_-base_model.m_stage0.embeddings-slice_19-y_0-stage_id_0](buffer_size:4) 
 from [base_model.m_stage0.embeddings-slice_19] (stage_id:0) -> [base_model.m_stage0.embeddings.position_embeddings-gather_20_grad] (stage_id:0) 
I1222 14:24:44.864203 80556 pipeline_buffer_pass.cpp:117] 
 Insert buffer op : [System-Pipeline-Buffer-Op_-base_model-identity_15-out_0-stage_id_0](buffer_size:4) 
 from [base_model-identity_15] (stage_id:0) -> [base_model.m_stage0.embeddings.word_embeddings-gather_18_grad] (stage_id:0) 
I1222 14:24:44.864261 80556 pipeline_buffer_pass.cpp:117] 
 Insert buffer op : [System-Pipeline-Buffer-Op_-base_model-identity_16-out_0-stage_id_0](buffer_size:4) 
 from [base_model-identity_16] (stage_id:0) -> [base_model.m_stage0.embeddings.token_type_embeddings-gather_21_grad] (stage_id:0) 
I1222 14:24:44.865021 80556 pipeline_buffer_pass.cpp:117] 
 Insert buffer op : [System-Pipeline-Buffer-Op_-_train_data_loader-hierarchical_parallel_cast_8-out_0-stage_id_0](buffer_size:4) 
 from [_train_data_loader-hierarchical_parallel_cast_8] (stage_id:0) -> [base_model-identity_15] (stage_id:0) 
I1222 14:24:44.865092 80556 pipeline_buffer_pass.cpp:117] 
 Insert buffer op : [System-Pipeline-Buffer-Op_-_train_data_loader-hierarchical_parallel_cast_11-out_0-stage_id_0](buffer_size:4) 
 from [_train_data_loader-hierarchical_parallel_cast_11] (stage_id:0) -> [base_model-identity_16] (stage_id:0) 
I1222 14:24:44.865144 80556 pipeline_buffer_pass.cpp:117] 
 Insert buffer op : [System-Pipeline-Buffer-Op_-_train_data_loader-hierarchical_parallel_cast_10-out_0-stage_id_0](buffer_size:4) 
 from [_train_data_loader-hierarchical_parallel_cast_10] (stage_id:0) -> [base_model-identity_17] (stage_id:0) 
I1222 14:24:44.865732 80556 pipeline_buffer_pass.cpp:212] 
 Insert buffer op pair : src_buffer = <System-Pipeline-Buffer-Op_-base_model-identity_440-out_0>(buffer_size:1) , dst_buffer = <System-Pipeline-Buffer-Op_-base_model-identity_440-out_0-stage_id_1>(buffer_size:1) 
 from [base_model-identity_440] (stage_id:0) -> [base_model-identity_441] (stage_id:1) 
I1222 14:24:44.865798 80556 pipeline_buffer_pass.cpp:117] 
 Insert buffer op : [System-Pipeline-Buffer-Op_-_train_data_loader-hierarchical_parallel_cast_10-out_0-stage_id_1](buffer_size:4) 
 from [_train_data_loader-hierarchical_parallel_cast_10] (stage_id:0) -> [base_model-identity_442] (stage_id:1) 
I1222 14:24:44.866400 80556 pipeline_buffer_pass.cpp:117] 
 Insert buffer op : [System-Pipeline-Buffer-Op_-_train_data_loader-hierarchical_parallel_cast_9-out_0-stage_id_1](buffer_size:4) 
 from [_train_data_loader-hierarchical_parallel_cast_9] (stage_id:0) -> [reshape_872] (stage_id:1) 
I1222 14:24:44.866463 80556 pipeline_buffer_pass.cpp:117] 
 Insert buffer op : [System-Pipeline-Buffer-Op_-_train_data_loader-hierarchical_parallel_cast_13-out_0-stage_id_1](buffer_size:4) 
 from [_train_data_loader-hierarchical_parallel_cast_13] (stage_id:0) -> [expand_dims_880] (stage_id:1) 
I1222 14:24:44.866519 80556 pipeline_buffer_pass.cpp:117] 
 Insert buffer op : [System-Pipeline-Buffer-Op_-_train_data_loader-hierarchical_parallel_cast_12-out_0-stage_id_1](buffer_size:4) 
 from [_train_data_loader-hierarchical_parallel_cast_12] (stage_id:0) -> [reshape_884] (stage_id:1) 
I1222 14:24:44.866577 80556 pipeline_buffer_pass.cpp:117] 
 Insert buffer op : [System-Pipeline-Buffer-Op_-_train_data_loader-hierarchical_parallel_cast_14-out_0-stage_id_1](buffer_size:4) 
 from [_train_data_loader-hierarchical_parallel_cast_14] (stage_id:0) -> [multiply_891] (stage_id:1) 
I1222 14:24:44.867985 80556 pipeline_buffer_pass.cpp:212] 
 Insert buffer op pair : src_buffer = <System-Pipeline-Buffer-Op_-base_model-identity_441_grad-out_0>(buffer_size:1) , dst_buffer = <System-Pipeline-Buffer-Op_-base_model-identity_441_grad-out_0-stage_id_0>(buffer_size:1) 
 from [base_model-identity_441_grad] (stage_id:1) -> [base_model-identity_440_grad] (stage_id:0) 
I1222 14:24:46.024546 80556 global.h:43] DeleteGlobal N7oneflow7JobDescE
I1222 14:24:47.145958 80556 global.h:36] NewGlobal N7oneflow7JobDescE
I1222 14:24:59.683374 80556 global.h:36] NewGlobal N7oneflow7OpGraphE
I1222 14:25:03.091495 80556 global.h:43] DeleteGlobal N7oneflow7OpGraphE
I1222 14:25:03.454025 80556 nn_graph.cpp:267] 
job_id: 0 , job_name: PipelineGraph_0 , compile time: 16.3078 seconds.
I1222 14:25:03.553961 80556 plan_util.cpp:927]  Plan: PipelineGraph_0 needs to allocate [ 9655.92 MiB ] device memory in Rank: 1 , Device: 1
I1222 14:25:03.554064 80556 plan_util.cpp:927]  Plan: PipelineGraph_0 needs to allocate [ 9655.92 MiB ] device memory in Rank: 3 , Device: 1
I1222 14:25:03.554082 80556 plan_util.cpp:927]  Plan: PipelineGraph_0 needs to allocate [ 19041.8 MiB ] device memory in Rank: 0 , Device: 0
I1222 14:25:03.554098 80556 plan_util.cpp:927]  Plan: PipelineGraph_0 needs to allocate [ 19041.8 MiB ] device memory in Rank: 2 , Device: 0
I1222 14:25:04.751778 80556 runtime_context.cpp:21] NewCounter constructing_actor_cnt 3318
I1222 14:25:04.753298 81020 naive_actor.cpp:25] actor 2199023258565 switch to &NaiveActor::HandlerNormal
I1222 14:25:04.753564 81081 naive_actor.cpp:25] actor 1099582930944 switch to &NaiveActor::HandlerNormal
I1222 14:25:04.753376 81020 thread.cpp:99] Thread 1048576 construct Actor kDeviceTick 2199023258565
I1222 14:25:04.753746 81081 thread.cpp:99] Thread 524322 construct Actor kDeviceTick 1099582930944
I1222 14:25:04.753854 81020 runtime_context.cpp:29] DecreaseCounter constructing_actor_cnt, current val is 3317
I1222 14:25:04.753890 81070 wait_and_send_ids_actor.cpp:53] actor 1099647942656 switch to &WaitAndSendIdsActor::HandlerWaitToStart
I1222 14:25:04.753952 81081 runtime_context.cpp:29] DecreaseCounter constructing_actor_cnt, current val is 3316
I1222 14:25:04.754068 81070 thread.cpp:99] Thread 524353 construct Actor kWaitAndSendIds 1099647942656
I1222 14:25:04.754098 81020 naive_actor.cpp:25] actor 2199023258562 switch to &NaiveActor::HandlerNormal
I1222 14:25:04.754215 81020 thread.cpp:99] Thread 1048576 construct Actor kDeviceTick 2199023258562
I1222 14:25:04.754266 81020 runtime_context.cpp:29] DecreaseCounter constructing_actor_cnt, current val is 3315
I1222 14:25:04.754271 81070 runtime_context.cpp:29] DecreaseCounter constructing_actor_cnt, current val is 3314
I1222 14:25:04.879048 81020 naive_actor.cpp:25] actor 2199023255557 switch to &NaiveActor::HandlerNormal
I1222 14:25:04.879604 81020 thread.cpp:99] Thread 1048576 construct Actor kNormalForward 2199023255557
I1222 14:25:04.879979 81020 runtime_context.cpp:29] DecreaseCounter constructing_actor_cnt, current val is 3313
I1222 14:25:04.881538 81089 naive_actor.cpp:25] actor 2199027449858 switch to &NaiveActor::HandlerNormal
I1222 14:25:04.882135 81089 thread.cpp:99] Thread 1048578 construct Actor kCopyHd 2199027449858
I1222 14:25:04.882251 81053 naive_actor.cpp:25] actor 2199025352741 switch to &NaiveActor::HandlerNormal
I1222 14:25:04.882588 81089 runtime_context.cpp:29] DecreaseCounter constructing_actor_cnt, current val is 3312
I1222 14:25:04.882611 81077 naive_actor.cpp:25] actor 2199029547020 switch to &NaiveActor::HandlerNormal
I1222 14:25:04.882725 81020 naive_actor.cpp:25] actor 2199023255583 switch to &NaiveActor::HandlerNormal
I1222 14:25:04.882922 81053 thread.cpp:99] Thread 1048577 construct Actor kCollectiveBoxingGeneric 2199025352741
I1222 14:25:04.883404 81085 naive_actor.cpp:25] actor 1099639554048 switch to &NaiveActor::HandlerNormal
I1222 14:25:04.883671 81072 naive_actor.cpp:25] actor 1099597611008 switch to &NaiveActor::HandlerNormal
I1222 14:25:04.883713 81077 thread.cpp:99] Thread 1048579 construct Actor kCopyHd 2199029547020
I1222 14:25:04.883759 81082 naive_actor.cpp:25] actor 1099643748352 switch to &NaiveActor::HandlerNormal
I1222 14:25:04.885062 81035 naive_actor.cpp:25] actor 1099549376512 switch to &NaiveActor::HandlerNormal
I1222 14:25:04.883927 81020 thread.cpp:99] Thread 1048576 construct Actor kNormalForward 2199023255583
I1222 14:25:04.884016 81053 runtime_context.cpp:29] DecreaseCounter constructing_actor_cnt, current val is 3311
I1222 14:25:04.884073 81085 thread.cpp:99] Thread 524349 construct Actor kSliceBoxing 1099639554048
I1222 14:25:04.884186 81072 thread.cpp:99] Thread 524329 construct Actor kSliceBoxing 1099597611008
I1222 14:25:04.885524 81044 naive_actor.cpp:25] actor 1099570348032 switch to &NaiveActor::HandlerNormal
I1222 14:25:04.885624 81044 thread.cpp:99] Thread 524316 construct Actor kNormalForward 1099570348032
I1222 14:25:04.884443 81090 naive_actor.cpp:25] actor 1099635359744 switch to &NaiveActor::HandlerNormal
I1222 14:25:04.884444 81065 naive_actor.cpp:25] actor 1099624873984 switch to &NaiveActor::HandlerNormal
I1222 14:25:04.885943 81083 naive_actor.cpp:25] actor 1099610193920 switch to &NaiveActor::HandlerNormal
I1222 14:25:04.884549 81092 naive_actor.cpp:25] actor 1099637456896 switch to &NaiveActor::HandlerNormal
I1222 14:25:04.884629 81074 naive_actor.cpp:25] actor 1099641651200 switch to &NaiveActor::HandlerNormal
I1222 14:25:04.884644 81064 naive_actor.cpp:25] actor 1099591319552 switch to &NaiveActor::HandlerNormal
I1222 14:25:04.884656 81039 naive_actor.cpp:25] actor 1099555667968 switch to &NaiveActor::HandlerNormal
I1222 14:25:04.884663 81067 naive_actor.cpp:25] actor 1099633262592 switch to &NaiveActor::HandlerNormal
I1222 14:25:04.884694 81034 naive_actor.cpp:25] actor 1099557765120 switch to &NaiveActor::HandlerNormal
I1222 14:25:04.884773 81027 naive_actor.cpp:25] actor 1099520016384 switch to &NaiveActor::HandlerNormal
I1222 14:25:04.884819 81036 naive_actor.cpp:25] actor 1099547279360 switch to &NaiveActor::HandlerNormal
I1222 14:25:04.884893 81055 naive_actor.cpp:25] actor 1099593416704 switch to &NaiveActor::HandlerNormal
I1222 14:25:04.884932 81075 naive_actor.cpp:25] actor 1099629068288 switch to &NaiveActor::HandlerNormal
I1222 14:25:04.884981 81087 naive_actor.cpp:25] actor 1099612291072 switch to &NaiveActor::HandlerNormal
I1222 14:25:04.884989 81024 naive_actor.cpp:25] actor 1099534696448 switch to &NaiveActor::HandlerNormal
I1222 14:25:04.883828 81084 naive_actor.cpp:25] actor 1099601805312 switch to &NaiveActor::HandlerNormal
I1222 14:25:04.887673 81048 naive_actor.cpp:25] actor 1099574542336 switch to &NaiveActor::HandlerNormal
I1222 14:25:04.887804 81028 naive_actor.cpp:25] actor 1099538890752 switch to &NaiveActor::HandlerNormal
I1222 14:25:04.885040 81077 runtime_context.cpp:29] DecreaseCounter constructing_actor_cnt, current val is 3310
I1222 14:25:04.885107 81057 naive_actor.cpp:25] actor 1099589222400 switch to &NaiveActor::HandlerNormal
I1222 14:25:04.885159 81035 thread.cpp:99] Thread 524306 construct Actor kNormalForward 1099549376512
I1222 14:25:04.885252 81020 runtime_context.cpp:29] DecreaseCounter constructing_actor_cnt, current val is 3309
I1222 14:25:04.885335 81063 naive_actor.cpp:25] actor 1099616485376 switch to &NaiveActor::HandlerNormal
I1222 14:25:04.885370 81073 naive_actor.cpp:25] actor 1099608096768 switch to &NaiveActor::HandlerNormal
I1222 14:25:04.888695 81077 naive_actor.cpp:25] actor 2199029547011 switch to &NaiveActor::HandlerNormal
I1222 14:25:04.884286 81069 naive_actor.cpp:25] actor 1099626971136 switch to &NaiveActor::HandlerNormal
I1222 14:25:04.885531 81054 naive_actor.cpp:25] actor 1099631165440 switch to &NaiveActor::HandlerNormal
I1222 14:25:04.885581 81072 runtime_context.cpp:29] DecreaseCounter constructing_actor_cnt, current val is 3307
I1222 14:25:04.884378 81091 naive_actor.cpp:25] actor 1099622776832 switch to &NaiveActor::HandlerNormal
I1222 14:25:04.885674 81079 naive_actor.cpp:25] actor 1099620679680 switch to &NaiveActor::HandlerNormal
I1222 14:25:04.885752 81044 runtime_context.cpp:29] DecreaseCounter constructing_actor_cnt, current val is 3306
I1222 14:25:04.885757 81059 naive_actor.cpp:25] actor 1099618582528 switch to &NaiveActor::HandlerNormal
I1222 14:25:04.885810 81060 naive_actor.cpp:25] actor 1099614388224 switch to &NaiveActor::HandlerNormal
I1222 14:25:04.885854 81050 naive_actor.cpp:25] actor 1099654234112 switch to &NaiveActor::HandlerNormal
I1222 14:25:04.885901 81090 thread.cpp:99] Thread 524347 construct Actor kSliceBoxing 1099635359744
I1222 14:25:04.885937 81017 naive_actor.cpp:25] actor 1099522113536 switch to &NaiveActor::HandlerNormal
I1222 14:25:04.884454 81080 naive_actor.cpp:25] actor 1099595513856 switch to &NaiveActor::HandlerNormal
I1222 14:25:04.885972 81065 thread.cpp:99] Thread 524342 construct Actor kSliceBoxing 1099624873984
I1222 14:25:04.885998 81078 naive_actor.cpp:25] actor 1099599708160 switch to &NaiveActor::HandlerNormal
I1222 14:25:04.886045 81042 naive_actor.cpp:25] actor 1099568250880 switch to &NaiveActor::HandlerNormal
I1222 14:25:04.890816 81042 thread.cpp:99] Thread 524315 construct Actor kNormalForward 1099568250880
I1222 14:25:04.886118 81083 thread.cpp:99] Thread 524335 construct Actor kSliceBoxing 1099610193920
I1222 14:25:04.886162 81032 naive_actor.cpp:25] actor 1099543085056 switch to &NaiveActor::HandlerNormal
I1222 14:25:04.886240 81062 copy_comm_net_actor.cpp:66] actor 1099656331267 switch to &CopyCommNetActor::HandlerNormal
I1222 14:25:04.886276 81092 thread.cpp:99] Thread 524348 construct Actor kSliceBoxing 1099637456896
I1222 14:25:04.886382 81058 naive_actor.cpp:25] actor 1099605999616 switch to &NaiveActor::HandlerNormal
I1222 14:25:04.886451 81074 thread.cpp:99] Thread 524350 construct Actor kSliceBoxing 1099641651200
I1222 14:25:04.886479 81040 naive_actor.cpp:25] actor 1099564056576 switch to &NaiveActor::HandlerNormal
I1222 14:25:04.891559 81074 runtime_context.cpp:29] DecreaseCounter constructing_actor_cnt, current val is 3299
I1222 14:25:04.886555 81064 thread.cpp:99] Thread 524326 construct Actor kSliceBoxing 1099591319552
I1222 14:25:04.886595 81041 naive_actor.cpp:25] actor 1099566153728 switch to &NaiveActor::HandlerNormal
I1222 14:25:04.886675 81039 thread.cpp:99] Thread 524309 construct Actor kNormalForward 1099555667968
I1222 14:25:04.886679 81022 naive_actor.cpp:25] actor 1099530502144 switch to &NaiveActor::HandlerNormal
I1222 14:25:04.891867 81039 runtime_context.cpp:29] DecreaseCounter constructing_actor_cnt, current val is 3297
I1222 14:25:04.886811 81067 thread.cpp:99] Thread 524346 construct Actor kSliceBoxing 1099633262592
I1222 14:25:04.886873 81056 naive_actor.cpp:25] actor 1099645845507 switch to &NaiveActor::HandlerNormal
I1222 14:25:04.886888 81034 thread.cpp:99] Thread 524310 construct Actor kNormalForward 1099557765120
I1222 14:25:04.886940 81027 thread.cpp:99] Thread 524292 construct Actor kNormalForward 1099520016384
I1222 14:25:04.887007 81036 thread.cpp:99] Thread 524305 construct Actor kNormalForward 1099547279360
I1222 14:25:04.887123 81055 thread.cpp:99] Thread 524327 construct Actor kSliceBoxing 1099593416704
I1222 14:25:04.887151 81051 naive_actor.cpp:25] actor 1099580833792 switch to &NaiveActor::HandlerNormal
I1222 14:25:04.887159 81066 naive_actor.cpp:25] actor 1099603902464 switch to &NaiveActor::HandlerNormal
I1222 14:25:04.887197 81046 naive_actor.cpp:25] actor 1099576639488 switch to &NaiveActor::HandlerNormal
I1222 14:25:04.887254 81075 thread.cpp:99] Thread 524344 construct Actor kSliceBoxing 1099629068288
I1222 14:25:04.887378 81087 thread.cpp:99] Thread 524336 construct Actor kSliceBoxing 1099612291072
I1222 14:25:04.892691 81075 runtime_context.cpp:29] DecreaseCounter constructing_actor_cnt, current val is 3291
I1222 14:25:04.885069 81082 thread.cpp:99] Thread 524351 construct Actor kSliceBoxing 1099643748352
I1222 14:25:04.892827 81026 naive_actor.cpp:25] actor 1099511627776 switch to &NaiveActor::HandlerNormal
I1222 14:25:04.887748 81033 repeat_actor.cpp:69] actor 1099545182208 switch to &RepeatActor::HandlerNormal
I1222 14:25:04.885035 81086 sink_actor.cpp:21] actor 1099650039808 switch to &SinkActor::HandlerNormal
I1222 14:25:04.887826 81048 thread.cpp:99] Thread 524318 construct Actor kNormalForward 1099574542336
I1222 14:25:04.887969 81049 naive_actor.cpp:25] actor 1099578736640 switch to &NaiveActor::HandlerNormal
I1222 14:25:04.887979 81016 naive_actor.cpp:25] actor 1099524210688 switch to &NaiveActor::HandlerNormal
I1222 14:25:04.893651 81016 thread.cpp:99] Thread 524294 construct Actor kNormalForward 1099524210688
I1222 14:25:04.888242 81071 naive_actor.cpp:25] actor 1099587125248 switch to &NaiveActor::HandlerNormal
I1222 14:25:04.888257 81018 naive_actor.cpp:25] actor 1099536793600 switch to &NaiveActor::HandlerNormal
I1222 14:25:04.888319 81015 naive_actor.cpp:25] actor 1099515822080 switch to &NaiveActor::HandlerNormal
I1222 14:25:04.893869 81015 thread.cpp:99] Thread 524290 construct Actor kNormalForward 1099515822080
I1222 14:25:04.888324 81053 naive_actor.cpp:25] actor 2199025352795 switch to &NaiveActor::HandlerNormal
I1222 14:25:04.888410 81029 naive_actor.cpp:25] actor 1099517919232 switch to &NaiveActor::HandlerNormal
I1222 14:25:04.893997 81029 thread.cpp:99] Thread 524291 construct Actor kNormalForward 1099517919232
I1222 14:25:04.888514 81061 naive_actor.cpp:25] actor 1099585028096 switch to &NaiveActor::HandlerNormal
I1222 14:25:04.888509 81021 naive_actor.cpp:25] actor 1099532599296 switch to &NaiveActor::HandlerNormal
I1222 14:25:04.888540 81068 naive_actor.cpp:25] actor 1099652136960 switch to &NaiveActor::HandlerNormal
I1222 14:25:04.888592 81063 thread.cpp:99] Thread 524338 construct Actor kSliceBoxing 1099616485376
I1222 14:25:04.888617 81038 naive_actor.cpp:25] actor 1099551473664 switch to &NaiveActor::HandlerNormal
I1222 14:25:04.888640 81031 naive_actor.cpp:25] actor 1099526307840 switch to &NaiveActor::HandlerNormal
I1222 14:25:04.894356 81031 thread.cpp:99] Thread 524295 construct Actor kNormalForward 1099526307840
I1222 14:25:04.885462 81085 runtime_context.cpp:29] DecreaseCounter constructing_actor_cnt, current val is 3308
I1222 14:25:04.888705 81073 thread.cpp:99] Thread 524334 construct Actor kSliceBoxing 1099608096768
I1222 14:25:04.888758 81023 naive_actor.cpp:25] actor 1099528404992 switch to &NaiveActor::HandlerNormal
I1222 14:25:04.888839 81077 thread.cpp:99] Thread 1048579 construct Actor kCopyHd 2199029547011
I1222 14:25:04.888921 81069 thread.cpp:99] Thread 524343 construct Actor kSliceBoxing 1099626971136
I1222 14:25:04.894685 81077 runtime_context.cpp:29] DecreaseCounter constructing_actor_cnt, current val is 3281
I1222 14:25:04.888887 81047 naive_actor.cpp:25] actor 1099572445184 switch to &NaiveActor::HandlerNormal
I1222 14:25:04.888942 81030 naive_actor.cpp:25] actor 1099540987904 switch to &NaiveActor::HandlerNormal
I1222 14:25:04.889006 81054 thread.cpp:99] Thread 524345 construct Actor kSliceBoxing 1099631165440
I1222 14:25:04.889212 81091 thread.cpp:99] Thread 524341 construct Actor kSliceBoxing 1099622776832
I1222 14:25:04.889434 81079 thread.cpp:99] Thread 524340 construct Actor kSliceBoxing 1099620679680
I1222 14:25:04.890136 81059 thread.cpp:99] Thread 524339 construct Actor kSliceBoxing 1099618582528
I1222 14:25:04.895340 81079 runtime_context.cpp:29] DecreaseCounter constructing_actor_cnt, current val is 3277
I1222 14:25:04.890331 81050 thread.cpp:99] Thread 524356 construct Actor kCriticalSectionWaitTick 1099654234112
I1222 14:25:04.890482 81090 runtime_context.cpp:29] DecreaseCounter constructing_actor_cnt, current val is 3304
I1222 14:25:04.890492 81017 thread.cpp:99] Thread 524293 construct Actor kNormalForward 1099522113536
I1222 14:25:04.890533 81080 thread.cpp:99] Thread 524328 construct Actor kSliceBoxing 1099595513856
I1222 14:25:04.890599 81065 runtime_context.cpp:29] DecreaseCounter constructing_actor_cnt, current val is 3303
I1222 14:25:04.890733 81078 thread.cpp:99] Thread 524330 construct Actor kSliceBoxing 1099599708160
I1222 14:25:04.886072 81089 naive_actor.cpp:25] actor 2199027449856 switch to &NaiveActor::HandlerNormal
I1222 14:25:04.890903 81042 runtime_context.cpp:29] DecreaseCounter constructing_actor_cnt, current val is 3302
I1222 14:25:04.891023 81083 runtime_context.cpp:29] DecreaseCounter constructing_actor_cnt, current val is 3301
I1222 14:25:04.891063 81032 thread.cpp:99] Thread 524303 construct Actor kDeviceTick 1099543085056
I1222 14:25:04.891177 81020 naive_actor.cpp:25] actor 2199023255554 switch to &NaiveActor::HandlerNormal
I1222 14:25:04.891211 81062 thread.cpp:99] Thread 524357 construct Actor kCopyCommNet 1099656331267
I1222 14:25:04.891337 81092 runtime_context.cpp:29] DecreaseCounter constructing_actor_cnt, current val is 3300
I1222 14:25:04.891412 81058 thread.cpp:99] Thread 524333 construct Actor kSliceBoxing 1099605999616
I1222 14:25:04.886454 81037 naive_actor.cpp:25] actor 1099553570816 switch to &NaiveActor::HandlerNormal
I1222 14:25:04.891566 81040 thread.cpp:99] Thread 524313 construct Actor kNormalForward 1099564056576
I1222 14:25:04.891738 81064 runtime_context.cpp:29] DecreaseCounter constructing_actor_cnt, current val is 3298
I1222 14:25:04.891762 81041 thread.cpp:99] Thread 524314 construct Actor kNormalForward 1099566153728
I1222 14:25:04.886734 81043 naive_actor.cpp:25] actor 1099561959424 switch to &NaiveActor::HandlerNormal
I1222 14:25:04.891878 81022 thread.cpp:99] Thread 524297 construct Actor kNormalForward 1099530502144
I1222 14:25:04.892062 81067 runtime_context.cpp:29] DecreaseCounter constructing_actor_cnt, current val is 3296
I1222 14:25:04.892083 81056 thread.cpp:99] Thread 524352 construct Actor kTick 1099645845507
I1222 14:25:04.892206 81034 runtime_context.cpp:29] DecreaseCounter constructing_actor_cnt, current val is 3295
I1222 14:25:04.892251 81027 runtime_context.cpp:29] DecreaseCounter constructing_actor_cnt, current val is 3294
I1222 14:25:04.892282 81036 runtime_context.cpp:29] DecreaseCounter constructing_actor_cnt, current val is 3293
I1222 14:25:04.892333 81055 runtime_context.cpp:29] DecreaseCounter constructing_actor_cnt, current val is 3292
I1222 14:25:04.892375 81051 thread.cpp:99] Thread 524321 construct Actor kDeviceTick 1099580833792
I1222 14:25:04.892465 81066 thread.cpp:99] Thread 524332 construct Actor kSliceBoxing 1099603902464
I1222 14:25:04.892535 81046 thread.cpp:99] Thread 524319 construct Actor kNormalForward 1099576639488
I1222 14:25:04.887526 81024 thread.cpp:99] Thread 524299 construct Actor kNormalForward 1099534696448
I1222 14:25:04.892725 81087 runtime_context.cpp:29] DecreaseCounter constructing_actor_cnt, current val is 3290
I1222 14:25:04.887684 81084 thread.cpp:99] Thread 524331 construct Actor kSliceBoxing 1099601805312
I1222 14:25:04.892884 81082 runtime_context.cpp:29] DecreaseCounter constructing_actor_cnt, current val is 3289
I1222 14:25:04.892931 81026 thread.cpp:99] Thread 524288 construct Actor kNormalForward 1099511627776
I1222 14:25:04.893038 81033 thread.cpp:99] Thread 524304 construct Actor kRepeat 1099545182208
I1222 14:25:04.893512 81086 thread.cpp:99] Thread 524354 construct Actor kCallbackNotify 1099650039808
I1222 14:25:04.893594 81048 runtime_context.cpp:29] DecreaseCounter constructing_actor_cnt, current val is 3288
I1222 14:25:04.898535 81086 runtime_context.cpp:29] DecreaseCounter constructing_actor_cnt, current val is 3257
I1222 14:25:04.888017 81028 thread.cpp:99] Thread 524301 construct Actor kNormalForward 1099538890752
I1222 14:25:04.893726 81016 runtime_context.cpp:29] DecreaseCounter constructing_actor_cnt, current val is 3287
I1222 14:25:04.893800 81071 thread.cpp:99] Thread 524324 construct Actor kNormalForward 1099587125248
I1222 14:25:04.893834 81018 thread.cpp:99] Thread 524300 construct Actor kNormalForward 1099536793600
I1222 14:25:04.888322 81057 thread.cpp:99] Thread 524325 construct Actor kSliceBoxing 1099589222400
I1222 14:25:04.893925 81015 runtime_context.cpp:29] DecreaseCounter constructing_actor_cnt, current val is 3286
I1222 14:25:04.898986 81057 runtime_context.cpp:29] DecreaseCounter constructing_actor_cnt, current val is 3253
I1222 14:25:04.888505 81035 runtime_context.cpp:29] DecreaseCounter constructing_actor_cnt, current val is 3305
I1222 14:25:04.894054 81029 runtime_context.cpp:29] DecreaseCounter constructing_actor_cnt, current val is 3285
I1222 14:25:04.894085 81061 thread.cpp:99] Thread 524323 construct Actor kNormalForward 1099585028096
I1222 14:25:04.894173 81021 thread.cpp:99] Thread 524298 construct Actor kNormalForward 1099532599296
I1222 14:25:04.894220 81068 thread.cpp:99] Thread 524355 construct Actor kCriticalSectionWaitTick 1099652136960
I1222 14:25:04.894266 81063 runtime_context.cpp:29] DecreaseCounter constructing_actor_cnt, current val is 3284
I1222 14:25:04.900024 81068 runtime_context.cpp:29] DecreaseCounter constructing_actor_cnt, current val is 3250
I1222 14:25:04.888648 81045 naive_actor.cpp:25] actor 1099559862272 switch to &NaiveActor::HandlerNormal
I1222 14:25:04.894418 81031 runtime_context.cpp:29] DecreaseCounter constructing_actor_cnt, current val is 3283
I1222 14:25:04.894498 81073 runtime_context.cpp:29] DecreaseCounter constructing_actor_cnt, current val is 3282
I1222 14:25:04.894538 81023 thread.cpp:99] Thread 524296 construct Actor kNormalForward 1099528404992
I1222 14:25:04.888912 81025 naive_actor.cpp:25] actor 1099513724928 switch to &NaiveActor::HandlerNormal
I1222 14:25:04.894713 81069 runtime_context.cpp:29] DecreaseCounter constructing_actor_cnt, current val is 3280
I1222 14:25:04.894932 81047 thread.cpp:99] Thread 524317 construct Actor kNormalForward 1099572445184
I1222 14:25:04.895007 81030 thread.cpp:99] Thread 524302 construct Actor kNormalForward 1099540987904
I1222 14:25:04.895020 81077 naive_actor.cpp:25] actor 2199029547013 switch to &NaiveActor::HandlerNormal
I1222 14:25:04.895117 81054 runtime_context.cpp:29] DecreaseCounter constructing_actor_cnt, current val is 3279
I1222 14:25:04.895227 81091 runtime_context.cpp:29] DecreaseCounter constructing_actor_cnt, current val is 3278
I1222 14:25:04.890255 81060 thread.cpp:99] Thread 524337 construct Actor kSliceBoxing 1099614388224
I1222 14:25:04.895380 81059 runtime_context.cpp:29] DecreaseCounter constructing_actor_cnt, current val is 3276
I1222 14:25:04.895521 81050 runtime_context.cpp:29] DecreaseCounter constructing_actor_cnt, current val is 3275
I1222 14:25:04.895632 81017 runtime_context.cpp:29] DecreaseCounter constructing_actor_cnt, current val is 3274
I1222 14:25:04.895655 81080 runtime_context.cpp:29] DecreaseCounter constructing_actor_cnt, current val is 3273
I1222 14:25:04.895848 81078 runtime_context.cpp:29] DecreaseCounter constructing_actor_cnt, current val is 3272
I1222 14:25:04.895936 81089 thread.cpp:99] Thread 1048578 construct Actor kCopyHd 2199027449856
I1222 14:25:04.896750 81032 runtime_context.cpp:29] DecreaseCounter constructing_actor_cnt, current val is 3271
I1222 14:25:04.896821 81020 thread.cpp:99] Thread 1048576 construct Actor kNormalForward 2199023255554
I1222 14:25:04.896944 81062 runtime_context.cpp:29] DecreaseCounter constructing_actor_cnt, current val is 3270
I1222 14:25:04.901630 81020 runtime_context.cpp:29] DecreaseCounter constructing_actor_cnt, current val is 3244
I1222 14:25:04.897187 81037 thread.cpp:99] Thread 524308 construct Actor kNormalForward 1099553570816
I1222 14:25:04.897271 81040 runtime_context.cpp:29] DecreaseCounter constructing_actor_cnt, current val is 3268
I1222 14:25:04.897368 81041 runtime_context.cpp:29] DecreaseCounter constructing_actor_cnt, current val is 3267
I1222 14:25:04.897418 81043 thread.cpp:99] Thread 524312 construct Actor kNormalForward 1099561959424
I1222 14:25:04.897517 81022 runtime_context.cpp:29] DecreaseCounter constructing_actor_cnt, current val is 3266
I1222 14:25:04.897620 81056 runtime_context.cpp:29] DecreaseCounter constructing_actor_cnt, current val is 3265
I1222 14:25:04.897888 81051 runtime_context.cpp:29] DecreaseCounter constructing_actor_cnt, current val is 3264
I1222 14:25:04.897967 81066 runtime_context.cpp:29] DecreaseCounter constructing_actor_cnt, current val is 3263
I1222 14:25:04.898063 81046 runtime_context.cpp:29] DecreaseCounter constructing_actor_cnt, current val is 3262
I1222 14:25:04.898193 81024 runtime_context.cpp:29] DecreaseCounter constructing_actor_cnt, current val is 3261
I1222 14:25:04.898351 81084 runtime_context.cpp:29] DecreaseCounter constructing_actor_cnt, current val is 3260
I1222 14:25:04.898434 81026 runtime_context.cpp:29] DecreaseCounter constructing_actor_cnt, current val is 3259
I1222 14:25:04.898461 81033 runtime_context.cpp:29] DecreaseCounter constructing_actor_cnt, current val is 3258
I1222 14:25:04.893610 81049 thread.cpp:99] Thread 524320 construct Actor kNormalForward 1099578736640
I1222 14:25:04.898772 81028 runtime_context.cpp:29] DecreaseCounter constructing_actor_cnt, current val is 3256
I1222 14:25:04.898913 81071 runtime_context.cpp:29] DecreaseCounter constructing_actor_cnt, current val is 3255
I1222 14:25:04.898931 81018 runtime_context.cpp:29] DecreaseCounter constructing_actor_cnt, current val is 3254
I1222 14:25:04.893954 81053 thread.cpp:99] Thread 1048577 construct Actor kCollectiveBoxingGeneric 2199025352795
I1222 14:25:04.899909 81061 runtime_context.cpp:29] DecreaseCounter constructing_actor_cnt, current val is 3252
I1222 14:25:04.900000 81021 runtime_context.cpp:29] DecreaseCounter constructing_actor_cnt, current val is 3251
I1222 14:25:04.894325 81038 thread.cpp:99] Thread 524307 construct Actor kNormalForward 1099551473664
I1222 14:25:04.900156 81045 thread.cpp:99] Thread 524311 construct Actor kNormalForward 1099559862272
I1222 14:25:04.903977 81038 runtime_context.cpp:29] DecreaseCounter constructing_actor_cnt, current val is 3239
I1222 14:25:04.904058 81045 runtime_context.cpp:29] DecreaseCounter constructing_actor_cnt, current val is 3238
I1222 14:25:04.900648 81047 runtime_context.cpp:29] DecreaseCounter constructing_actor_cnt, current val is 3248
I1222 14:25:04.900682 81030 runtime_context.cpp:29] DecreaseCounter constructing_actor_cnt, current val is 3247
I1222 14:25:04.900712 81077 thread.cpp:99] Thread 1048579 construct Actor kCopyHd 2199029547013
I1222 14:25:04.901084 81060 runtime_context.cpp:29] DecreaseCounter constructing_actor_cnt, current val is 3246
I1222 14:25:04.901434 81089 runtime_context.cpp:29] DecreaseCounter constructing_actor_cnt, current val is 3245
I1222 14:25:04.897066 81058 runtime_context.cpp:29] DecreaseCounter constructing_actor_cnt, current val is 3269
I1222 14:25:04.901916 81037 runtime_context.cpp:29] DecreaseCounter constructing_actor_cnt, current val is 3243
I1222 14:25:04.901964 81062 copy_comm_net_actor.cpp:66] actor 1099656331268 switch to &CopyCommNetActor::HandlerNormal
I1222 14:25:04.902154 81043 runtime_context.cpp:29] DecreaseCounter constructing_actor_cnt, current val is 3242
I1222 14:25:04.902721 81056 naive_actor.cpp:25] actor 1099645845511 switch to &NaiveActor::HandlerNormal
I1222 14:25:04.905084 81056 thread.cpp:99] Thread 524352 construct Actor kDstSubsetTick 1099645845511
I1222 14:25:04.903429 81049 runtime_context.cpp:29] DecreaseCounter constructing_actor_cnt, current val is 3241
I1222 14:25:04.903520 81026 naive_actor.cpp:25] actor 1099511627777 switch to &NaiveActor::HandlerNormal
I1222 14:25:04.903731 81053 runtime_context.cpp:29] DecreaseCounter constructing_actor_cnt, current val is 3240
I1222 14:25:04.900331 81023 runtime_context.cpp:29] DecreaseCounter constructing_actor_cnt, current val is 3249
I1222 14:25:04.900431 81025 thread.cpp:99] Thread 524289 construct Actor kNormalForward 1099513724928
I1222 14:25:04.904460 81077 runtime_context.cpp:29] DecreaseCounter constructing_actor_cnt, current val is 3237
I1222 14:25:04.904945 81062 thread.cpp:99] Thread 524357 construct Actor kCopyCommNet 1099656331268
I1222 14:25:04.904951 81089 naive_actor.cpp:25] actor 2199027449857 switch to &NaiveActor::HandlerNormal
I1222 14:25:04.903162 81020 naive_actor.cpp:25] actor 2199023255574 switch to &NaiveActor::HandlerNormal
I1222 14:25:04.905807 81077 naive_actor.cpp:25] actor 2199029547008 switch to &NaiveActor::HandlerNormal
I1222 14:25:04.905221 81026 thread.cpp:99] Thread 524288 construct Actor kSliceBoxing 1099511627777
I1222 14:25:04.905457 81025 runtime_context.cpp:29] DecreaseCounter constructing_actor_cnt, current val is 3235
I1222 14:25:04.905629 81053 naive_actor.cpp:25] actor 2199025352734 switch to &NaiveActor::HandlerNormal
I1222 14:25:04.905637 81062 runtime_context.cpp:29] DecreaseCounter constructing_actor_cnt, current val is 3234
I1222 14:25:04.905750 81089 thread.cpp:99] Thread 1048578 construct Actor kCopyHd 2199027449857
I1222 14:25:04.905153 81056 runtime_context.cpp:29] DecreaseCounter constructing_actor_cnt, current val is 3236
I1222 14:25:04.906996 81089 runtime_context.cpp:29] DecreaseCounter constructing_actor_cnt, current val is 3232
I1222 14:25:04.905900 81077 thread.cpp:99] Thread 1048579 construct Actor kCopyHd 2199029547008
