Log file created at: 2021/12/22 14:33:23
Running on machine: cn1
Log line format: [IWEF]mmdd hh:mm:ss.uuuuuu threadid file:line] msg
I1222 14:33:23.840445 82665 global.h:36] NewGlobal N7oneflow7EnvDescE
I1222 14:33:23.842087 82665 global.h:36] NewGlobal N7oneflow10ProcessCtxE
I1222 14:33:23.842113 82665 env_global_objects_scope.cpp:157] using rpc backend: gRPC
I1222 14:33:23.842126 82665 global.h:36] NewGlobal N7oneflow10CtrlServerE
I1222 14:33:23.842909 82665 ctrl_server.cpp:40] CtrlServer listening on 0.0.0.0:38913
I1222 14:33:23.843034 82665 rank_info_bootstrap_server.cpp:47] RankInfoBootstrapServer listening on 0.0.0.0:42488
I1222 14:33:51.887418 82665 rpc_client.cpp:187] LoadServer cn1 Successful at 0 times
I1222 14:33:51.890141 82665 ctrl_bootstrap.cpp:77] 
ctrl_addr {
  host: "cn1"
  port: 38837
}
ctrl_addr {
  host: "172.16.0.11"
  port: 38913
}
ctrl_addr {
  host: "172.16.0.12"
  port: 35756
}
ctrl_addr {
  host: "172.16.0.12"
  port: 39395
}
rank: 1
node_size: 2
I1222 14:34:21.893998 82665 rpc_client.cpp:187] LoadServer cn1 Successful at 0 times
I1222 14:34:21.894728 82665 rpc_client.cpp:187] LoadServer 172.16.0.11 Successful at 0 times
I1222 14:34:21.895524 82665 rpc_client.cpp:187] LoadServer 172.16.0.12 Successful at 0 times
I1222 14:34:21.896863 82665 rpc_client.cpp:187] LoadServer 172.16.0.12 Successful at 0 times
I1222 14:34:21.915356 82665 global.h:36] NewGlobal N7oneflow12ResourceDescE
I1222 14:34:21.915392 82665 global.h:36] NewGlobal N7oneflow12ResourceDescE
I1222 14:34:21.926191 82665 net_ib_device_descriptor.cpp:110] Inactivate port: device mlx5_0 port 
I1222 14:34:21.930635 82665 net_ib_device_descriptor.cpp:110] Inactivate port: device mlx5_1 port 
I1222 14:34:21.938143 82665 net_ib_device_descriptor.cpp:110] Inactivate port: device mlx5_3 port 
I1222 14:34:22.086710 82665 global.h:36] NewGlobal N7oneflow2ep21DeviceManagerRegistryE
I1222 14:34:22.086750 82665 global.h:36] NewGlobal N7oneflow10ThreadPoolE
I1222 14:34:22.087811 82665 global.h:36] NewGlobal N7oneflow16EagerNcclCommMgrE
I1222 14:34:22.087829 82665 global.h:36] NewGlobal N7oneflow18CudnnConvAlgoCacheE
I1222 14:34:22.087839 82665 global.h:36] NewGlobal N7oneflow2vm19VirtualMachineScopeE
I1222 14:34:22.087857 82665 global.h:36] NewGlobal N7oneflow14VirtualMachineE
I1222 14:34:22.088101 82665 virtual_machine.cpp:80] transport stream type: N7oneflow2vm13CpuStreamTypeE
I1222 14:34:22.088116 82665 virtual_machine.cpp:80] transport stream type: N7oneflow2vm14CudaStreamTypeE
I1222 14:34:22.088125 82665 virtual_machine.cpp:80] transport stream type: N7oneflow2vm19AsyncCudaStreamTypeE
I1222 14:34:22.088212 82665 global.h:36] NewGlobal N7oneflow27EagerJobBuildAndInferCtxMgrE
I1222 14:34:22.088256 82665 global.h:36] NewGlobal N7oneflow12EpollCommNetE
I1222 14:34:22.088354 82665 epoll_comm_network.cpp:63] CommNet:Epoll listening on 0.0.0.0:41733
I1222 14:34:22.100615 82665 epoll_comm_network.cpp:197] machine 0 sockfd 60
I1222 14:34:22.100648 82665 epoll_comm_network.cpp:197] machine 1 sockfd -1
I1222 14:34:22.100658 82665 epoll_comm_network.cpp:197] machine 2 sockfd 58
I1222 14:34:22.100668 82665 epoll_comm_network.cpp:197] machine 3 sockfd 56
I1222 14:34:22.100764 82665 global.h:36] NewGlobal N7oneflow9TransportE
I1222 14:34:22.100837 82665 global.h:43] DeleteGlobal N7oneflow17ForeignLockHelperE
I1222 14:34:22.100929 82665 global.h:36] NewGlobal N7oneflow25MultiClientSessionContextE
I1222 14:34:29.724136 82877 eager_nccl_comm_manager.cpp:69]  EagerNcclCommMgr::ncclCommInitRank device_vec.size() = 2, nccl_unique_id = 0200ffffffe019ffffffac100a0b000000000000000000000000000000000000000000000000000000000000000000000000000000000000000000000000000000000000000000000000000000000000000000000000000000000000000000000000000000000000000000000000000000000000000000000000000000000000000000000000, rank = 0, key = {eager_nccl_unique_id_rpc_key,1:1,3:1}
I1222 14:34:29.837224 82665 version.cpp:22] OneFlow git version: v0.5.0-381-g3677dbf43-snapshot
I1222 14:34:29.837266 82665 cuda_device_manager_factory.cpp:63] CUDA runtime version: 11.1
I1222 14:34:29.837282 82665 cuda_device_manager_factory.cpp:72] cuDNN version: 8.0.5
I1222 14:34:29.837427 82665 cuda_device_manager_factory.cpp:85] NCCL version: 2.11.4
I1222 14:34:29.838105 82665 global.h:43] DeleteGlobal N7oneflow12ResourceDescE
I1222 14:34:29.838127 82665 global.h:36] NewGlobal N7oneflow12ResourceDescE
I1222 14:34:29.838143 82665 global.h:36] NewGlobal N7oneflow5IDMgrE
I1222 14:34:29.838156 82665 global.h:36] NewGlobal N7oneflow22TaskStreamIndexManagerE
I1222 14:34:29.838168 82665 global.h:36] NewGlobal N7oneflow26LazyJobBuildAndInferCtxMgrE
I1222 14:34:29.838183 82665 global.h:36] NewGlobal N7oneflow9BufferMgrISt10shared_ptrINS_11JobInstanceEEEE
I1222 14:34:29.838196 82665 global.h:36] NewGlobal N7oneflow9BufferMgrISt10shared_ptrINS_23CriticalSectionInstanceEEEE
I1222 14:34:29.838208 82665 global.h:36] NewGlobal N7oneflow10RuntimeCtxE
I1222 14:34:29.838222 82665 global.h:36] NewGlobal N7oneflow15MemoryAllocatorE
I1222 14:34:29.838233 82665 global.h:36] NewGlobal N7oneflow8ChunkMgrE
I1222 14:34:29.838246 82665 global.h:36] NewGlobal N7oneflow8RegstMgrE
I1222 14:34:29.838258 82665 global.h:36] NewGlobal N7oneflow11ActorMsgBusE
I1222 14:34:29.838271 82665 global.h:36] NewGlobal N7oneflow9ThreadMgrE
I1222 14:34:29.838282 82665 global.h:36] NewGlobal N7oneflow15RuntimeJobDescsE
I1222 14:34:29.838294 82665 global.h:36] NewGlobal N7oneflow7summary12EventsWriterE
I1222 14:34:29.838310 82665 global.h:36] NewGlobal N7oneflow6boxing10collective9SchedulerE
I1222 14:34:29.858496 82665 global.h:36] NewGlobal N7oneflow7JobDescE
I1222 14:34:31.513203 82665 global.h:43] DeleteGlobal N7oneflow7JobDescE
I1222 14:34:31.513367 82665 global.h:36] NewGlobal N7oneflow7JobDescE
I1222 14:34:38.997776 82665 global.h:43] DeleteGlobal N7oneflow7JobDescE
I1222 14:34:39.935218 82665 global.h:36] NewGlobal N7oneflow7JobDescE
I1222 14:34:56.860168 82665 runtime_context.cpp:21] NewCounter constructing_actor_cnt 2723
I1222 14:34:56.861722 83119 wait_and_send_ids_actor.cpp:53] actor 36284020031488 switch to &WaitAndSendIdsActor::HandlerWaitToStart
I1222 14:34:56.861912 83119 thread.cpp:99] Thread 17301569 construct Actor kWaitAndSendIds 36284020031488
I1222 14:34:56.862695 83105 naive_actor.cpp:25] actor 37391985281418 switch to &NaiveActor::HandlerNormal
I1222 14:34:56.862799 83119 runtime_context.cpp:29] DecreaseCounter constructing_actor_cnt, current val is 2722
I1222 14:34:56.862877 83105 thread.cpp:99] Thread 17829888 construct Actor kDeviceTick 37391985281418
I1222 14:34:56.863113 83105 runtime_context.cpp:29] DecreaseCounter constructing_actor_cnt, current val is 2721
I1222 14:34:56.863574 83105 naive_actor.cpp:25] actor 37391985281422 switch to &NaiveActor::HandlerNormal
I1222 14:34:56.863652 83105 thread.cpp:99] Thread 17829888 construct Actor kDeviceTick 37391985281422
I1222 14:34:56.863749 83105 runtime_context.cpp:29] DecreaseCounter constructing_actor_cnt, current val is 2720
I1222 14:34:56.864152 83105 naive_actor.cpp:25] actor 37391985281424 switch to &NaiveActor::HandlerNormal
I1222 14:34:56.864224 83105 thread.cpp:99] Thread 17829888 construct Actor kDeviceTick 37391985281424
I1222 14:34:56.864321 83105 runtime_context.cpp:29] DecreaseCounter constructing_actor_cnt, current val is 2719
I1222 14:34:56.864691 83105 naive_actor.cpp:25] actor 37391985281420 switch to &NaiveActor::HandlerNormal
I1222 14:34:56.864761 83105 thread.cpp:99] Thread 17829888 construct Actor kDeviceTick 37391985281420
I1222 14:34:56.864868 83105 runtime_context.cpp:29] DecreaseCounter constructing_actor_cnt, current val is 2718
I1222 14:34:56.967640 83102 naive_actor.cpp:25] actor 36283894202368 switch to &NaiveActor::HandlerNormal
I1222 14:34:56.967738 83102 thread.cpp:99] Thread 17301509 construct Actor kNormalForward 36283894202368
I1222 14:34:56.967839 83102 runtime_context.cpp:29] DecreaseCounter constructing_actor_cnt, current val is 2717
I1222 14:34:56.968663 83107 naive_actor.cpp:25] actor 37391987376132 switch to &NaiveActor::HandlerNormal
I1222 14:34:56.968858 83100 naive_actor.cpp:25] actor 36283892105216 switch to &NaiveActor::HandlerNormal
I1222 14:34:56.968874 83108 copy_comm_net_actor.cpp:66] actor 36284028420097 switch to &CopyCommNetActor::HandlerNormal
I1222 14:34:56.968997 83111 naive_actor.cpp:25] actor 37391989473289 switch to &NaiveActor::HandlerNormal
I1222 14:34:56.969007 83109 naive_actor.cpp:25] actor 36284017934336 switch to &NaiveActor::HandlerNormal
I1222 14:34:56.969059 83115 naive_actor.cpp:25] actor 37391991570432 switch to &NaiveActor::HandlerNormal
I1222 14:34:56.969332 83117 naive_actor.cpp:25] actor 36284024225792 switch to &NaiveActor::HandlerNormal
I1222 14:34:56.969391 83107 thread.cpp:99] Thread 17829889 construct Actor kCopyHd 37391987376132
I1222 14:34:56.969440 83105 naive_actor.cpp:25] actor 37391985278989 switch to &NaiveActor::HandlerNormal
I1222 14:34:56.970885 83107 runtime_context.cpp:29] DecreaseCounter constructing_actor_cnt, current val is 2716
I1222 14:34:56.969529 83118 sink_actor.cpp:21] actor 36284022128640 switch to &SinkActor::HandlerNormal
I1222 14:34:56.969564 83100 thread.cpp:99] Thread 17301508 construct Actor kNormalForward 36283892105216
I1222 14:34:56.969604 83097 naive_actor.cpp:25] actor 36283887910912 switch to &NaiveActor::HandlerNormal
I1222 14:34:56.969651 83103 naive_actor.cpp:25] actor 36283896299520 switch to &NaiveActor::HandlerNormal
I1222 14:34:56.969704 83116 naive_actor.cpp:25] actor 36283898396672 switch to &NaiveActor::HandlerNormal
I1222 14:34:56.969738 83099 naive_actor.cpp:25] actor 36283883716608 switch to &NaiveActor::HandlerNormal
I1222 14:34:56.969823 83108 thread.cpp:99] Thread 17301573 construct Actor kCopyCommNet 36284028420097
I1222 14:34:56.969954 83112 naive_actor.cpp:25] actor 36284026322944 switch to &NaiveActor::HandlerNormal
I1222 14:34:56.970067 83098 naive_actor.cpp:25] actor 36283890008064 switch to &NaiveActor::HandlerNormal
I1222 14:34:56.970074 83113 naive_actor.cpp:25] actor 36283900493824 switch to &NaiveActor::HandlerNormal
I1222 14:34:56.970549 83111 thread.cpp:99] Thread 17829890 construct Actor kCollectiveBoxingGeneric 37391989473289
I1222 14:34:56.970585 83109 thread.cpp:99] Thread 17301568 construct Actor kSrcSubsetTick 36284017934336
I1222 14:34:56.970695 83115 thread.cpp:99] Thread 17829891 construct Actor kCopyHd 37391991570432
I1222 14:34:56.970748 83117 thread.cpp:99] Thread 17301571 construct Actor kCriticalSectionWaitTick 36284024225792
I1222 14:34:56.969468 83101 naive_actor.cpp:25] actor 36283885813760 switch to &NaiveActor::HandlerNormal
I1222 14:34:56.970899 83105 thread.cpp:99] Thread 17829888 construct Actor kNormalForward 37391985278989
I1222 14:34:56.971078 83118 thread.cpp:99] Thread 17301570 construct Actor kCallbackNotify 36284022128640
I1222 14:34:56.971213 83100 runtime_context.cpp:29] DecreaseCounter constructing_actor_cnt, current val is 2715
I1222 14:34:56.971210 83107 naive_actor.cpp:25] actor 37391987376129 switch to &NaiveActor::HandlerNormal
I1222 14:34:56.971256 83097 thread.cpp:99] Thread 17301506 construct Actor kNormalForward 36283887910912
I1222 14:34:56.971359 83103 thread.cpp:99] Thread 17301510 construct Actor kNormalForward 36283896299520
I1222 14:34:56.971403 83116 thread.cpp:99] Thread 17301511 construct Actor kNormalForward 36283898396672
I1222 14:34:56.971511 83099 thread.cpp:99] Thread 17301504 construct Actor kNormalForward 36283883716608
I1222 14:34:56.972544 83116 runtime_context.cpp:29] DecreaseCounter constructing_actor_cnt, current val is 2706
I1222 14:34:56.971674 83112 thread.cpp:99] Thread 17301572 construct Actor kCriticalSectionWaitTick 36284026322944
I1222 14:34:56.971794 83098 thread.cpp:99] Thread 17301507 construct Actor kNormalForward 36283890008064
I1222 14:34:56.971891 83113 thread.cpp:99] Thread 17301512 construct Actor kNormalForward 36283900493824
I1222 14:34:56.971952 83111 runtime_context.cpp:29] DecreaseCounter constructing_actor_cnt, current val is 2713
I1222 14:34:56.971973 83109 runtime_context.cpp:29] DecreaseCounter constructing_actor_cnt, current val is 2712
I1222 14:34:56.972793 83098 runtime_context.cpp:29] DecreaseCounter constructing_actor_cnt, current val is 2702
I1222 14:34:56.972069 83117 runtime_context.cpp:29] DecreaseCounter constructing_actor_cnt, current val is 2710
I1222 14:34:56.972131 83101 thread.cpp:99] Thread 17301505 construct Actor kNormalForward 36283885813760
I1222 14:34:56.972263 83105 runtime_context.cpp:29] DecreaseCounter constructing_actor_cnt, current val is 2709
I1222 14:34:56.972306 83118 runtime_context.cpp:29] DecreaseCounter constructing_actor_cnt, current val is 2708
I1222 14:34:56.972358 83107 thread.cpp:99] Thread 17829889 construct Actor kCopyHd 37391987376129
I1222 14:34:56.972515 83097 runtime_context.cpp:29] DecreaseCounter constructing_actor_cnt, current val is 2707
I1222 14:34:56.971617 83108 runtime_context.cpp:29] DecreaseCounter constructing_actor_cnt, current val is 2714
I1222 14:34:56.972576 83103 runtime_context.cpp:29] DecreaseCounter constructing_actor_cnt, current val is 2705
I1222 14:34:56.972637 83099 runtime_context.cpp:29] DecreaseCounter constructing_actor_cnt, current val is 2704
I1222 14:34:56.972698 83112 runtime_context.cpp:29] DecreaseCounter constructing_actor_cnt, current val is 2703
I1222 14:34:56.974275 83108 copy_comm_net_actor.cpp:66] actor 36284028420099 switch to &CopyCommNetActor::HandlerNormal
I1222 14:34:56.974373 83108 thread.cpp:99] Thread 17301573 construct Actor kCopyCommNet 36284028420099
I1222 14:34:56.974475 83108 runtime_context.cpp:29] DecreaseCounter constructing_actor_cnt, current val is 2698
I1222 14:34:56.974740 83108 copy_comm_net_actor.cpp:66] actor 36284028420103 switch to &CopyCommNetActor::HandlerNormal
I1222 14:34:56.974854 83108 thread.cpp:99] Thread 17301573 construct Actor kCopyCommNet 36284028420103
I1222 14:34:56.974954 83108 runtime_context.cpp:29] DecreaseCounter constructing_actor_cnt, current val is 2697
I1222 14:34:56.975211 83108 copy_comm_net_actor.cpp:66] actor 36284028420102 switch to &CopyCommNetActor::HandlerNormal
I1222 14:34:56.975275 83108 thread.cpp:99] Thread 17301573 construct Actor kCopyCommNet 36284028420102
I1222 14:34:56.975345 83108 runtime_context.cpp:29] DecreaseCounter constructing_actor_cnt, current val is 2696
I1222 14:34:56.975419 83105 naive_actor.cpp:25] actor 37391985279021 switch to &NaiveActor::HandlerNormal
I1222 14:34:56.972844 83113 runtime_context.cpp:29] DecreaseCounter constructing_actor_cnt, current val is 2701
I1222 14:34:56.973022 83111 naive_actor.cpp:25] actor 37391989473317 switch to &NaiveActor::HandlerNormal
I1222 14:34:56.973028 83109 naive_actor.cpp:25] actor 36284017934339 switch to &NaiveActor::HandlerNormal
I1222 14:34:56.973671 83101 runtime_context.cpp:29] DecreaseCounter constructing_actor_cnt, current val is 2700
I1222 14:34:56.973832 83107 runtime_context.cpp:29] DecreaseCounter constructing_actor_cnt, current val is 2699
I1222 14:34:56.972046 83115 runtime_context.cpp:29] DecreaseCounter constructing_actor_cnt, current val is 2711
I1222 14:34:56.975565 83105 thread.cpp:99] Thread 17829888 construct Actor kNormalForward 37391985279021
I1222 14:34:56.975584 83108 copy_comm_net_actor.cpp:66] actor 36284028420098 switch to &CopyCommNetActor::HandlerNormal
I1222 14:34:56.976089 83105 runtime_context.cpp:29] DecreaseCounter constructing_actor_cnt, current val is 2695
I1222 14:34:56.975715 83109 thread.cpp:99] Thread 17301568 construct Actor kTick 36284017934339
I1222 14:34:56.975683 83111 thread.cpp:99] Thread 17829890 construct Actor kCollectiveBoxingGeneric 37391989473317
I1222 14:34:56.976230 83109 runtime_context.cpp:29] DecreaseCounter constructing_actor_cnt, current val is 2694
I1222 14:34:56.976107 83107 naive_actor.cpp:25] actor 37391987376133 switch to &NaiveActor::HandlerNormal
I1222 14:34:56.976202 83115 naive_actor.cpp:25] actor 37391991570434 switch to &NaiveActor::HandlerNormal
I1222 14:34:56.976105 83108 thread.cpp:99] Thread 17301573 construct Actor kCopyCommNet 36284028420098
I1222 14:34:56.976258 83111 runtime_context.cpp:29] DecreaseCounter constructing_actor_cnt, current val is 2693
I1222 14:34:56.976364 83107 thread.cpp:99] Thread 17829889 construct Actor kCopyHd 37391987376133
I1222 14:34:56.976426 83109 naive_actor.cpp:25] actor 36284017934341 switch to &NaiveActor::HandlerNormal
I1222 14:34:56.976694 83109 thread.cpp:99] Thread 17301568 construct Actor kTick 36284017934341
I1222 14:34:56.976550 83108 runtime_context.cpp:29] DecreaseCounter constructing_actor_cnt, current val is 2692
I1222 14:34:56.976648 83107 runtime_context.cpp:29] DecreaseCounter constructing_actor_cnt, current val is 2691
I1222 14:34:56.976450 83115 thread.cpp:99] Thread 17829891 construct Actor kCopyHd 37391991570434
I1222 14:34:56.976701 83111 naive_actor.cpp:25] actor 37391989473280 switch to &NaiveActor::HandlerNormal
I1222 14:34:56.977495 83115 runtime_context.cpp:29] DecreaseCounter constructing_actor_cnt, current val is 2689
I1222 14:34:56.977274 83109 runtime_context.cpp:29] DecreaseCounter constructing_actor_cnt, current val is 2690
I1222 14:34:56.976735 83105 naive_actor.cpp:25] actor 37391985278996 switch to &NaiveActor::HandlerNormal
I1222 14:34:56.977510 83111 thread.cpp:99] Thread 17829890 construct Actor kCollectiveBoxingGeneric 37391989473280
I1222 14:34:56.977527 83108 copy_comm_net_actor.cpp:66] actor 36284028420104 switch to &CopyCommNetActor::HandlerNormal
I1222 14:34:56.977752 83105 thread.cpp:99] Thread 17829888 construct Actor kNormalForward 37391985278996
I1222 14:34:56.977814 83115 naive_actor.cpp:25] actor 37391991570433 switch to &NaiveActor::HandlerNormal
I1222 14:34:56.978018 83105 runtime_context.cpp:29] DecreaseCounter constructing_actor_cnt, current val is 2687
I1222 14:34:56.977820 83109 naive_actor.cpp:25] actor 36284017934337 switch to &NaiveActor::HandlerNormal
I1222 14:34:56.977891 83108 thread.cpp:99] Thread 17301573 construct Actor kCopyCommNet 36284028420104
I1222 14:34:56.977967 83107 naive_actor.cpp:25] actor 37391987376134 switch to &NaiveActor::HandlerNormal
I1222 14:34:56.977820 83111 runtime_context.cpp:29] DecreaseCounter constructing_actor_cnt, current val is 2688
I1222 14:34:56.978030 83115 thread.cpp:99] Thread 17829891 construct Actor kCopyHd 37391991570433
I1222 14:34:56.978106 83109 thread.cpp:99] Thread 17301568 construct Actor kTick 36284017934337
I1222 14:34:56.978209 83108 runtime_context.cpp:29] DecreaseCounter constructing_actor_cnt, current val is 2686
I1222 14:34:56.978266 83107 thread.cpp:99] Thread 17829889 construct Actor kCopyHd 37391987376134
I1222 14:34:56.978415 83115 runtime_context.cpp:29] DecreaseCounter constructing_actor_cnt, current val is 2685
I1222 14:34:56.978430 83109 runtime_context.cpp:29] DecreaseCounter constructing_actor_cnt, current val is 2684
I1222 14:34:56.978504 83111 naive_actor.cpp:25] actor 37391989473285 switch to &NaiveActor::HandlerNormal
I1222 14:34:56.978669 83108 copy_comm_net_actor.cpp:66] actor 36284028420105 switch to &CopyCommNetActor::HandlerNormal
I1222 14:34:56.978571 83107 runtime_context.cpp:29] DecreaseCounter constructing_actor_cnt, current val is 2683
I1222 14:34:56.978694 83111 thread.cpp:99] Thread 17829890 construct Actor kCollectiveBoxingGeneric 37391989473285
I1222 14:34:56.978770 83108 thread.cpp:99] Thread 17301573 construct Actor kCopyCommNet 36284028420105
I1222 14:34:56.978855 83109 naive_actor.cpp:25] actor 36284017934340 switch to &NaiveActor::HandlerNormal
I1222 14:34:56.978907 83111 runtime_context.cpp:29] DecreaseCounter constructing_actor_cnt, current val is 2682
I1222 14:34:56.979003 83109 thread.cpp:99] Thread 17301568 construct Actor kTick 36284017934340
I1222 14:34:56.978998 83108 runtime_context.cpp:29] DecreaseCounter constructing_actor_cnt, current val is 2681
I1222 14:34:56.979094 83107 naive_actor.cpp:25] actor 37391987376128 switch to &NaiveActor::HandlerNormal
I1222 14:34:56.979111 83109 runtime_context.cpp:29] DecreaseCounter constructing_actor_cnt, current val is 2680
I1222 14:34:56.979188 83111 naive_actor.cpp:25] actor 37391989473333 switch to &NaiveActor::HandlerNormal
I1222 14:34:56.979234 83107 thread.cpp:99] Thread 17829889 construct Actor kCopyHd 37391987376128
I1222 14:34:56.979318 83111 thread.cpp:99] Thread 17829890 construct Actor kCollectiveBoxingGeneric 37391989473333
I1222 14:34:56.979368 83108 copy_comm_net_actor.cpp:66] actor 36284028420101 switch to &CopyCommNetActor::HandlerNormal
I1222 14:34:56.979423 83107 runtime_context.cpp:29] DecreaseCounter constructing_actor_cnt, current val is 2679
I1222 14:34:56.979447 83111 runtime_context.cpp:29] DecreaseCounter constructing_actor_cnt, current val is 2678
I1222 14:34:56.979574 83109 naive_actor.cpp:25] actor 36284017934338 switch to &NaiveActor::HandlerNormal
I1222 14:34:56.980281 83109 thread.cpp:99] Thread 17301568 construct Actor kDstSubsetTick 36284017934338
I1222 14:34:56.979590 83108 thread.cpp:99] Thread 17301573 construct Actor kCopyCommNet 36284028420101
I1222 14:34:56.979576 83105 naive_actor.cpp:25] actor 37391985279001 switch to &NaiveActor::HandlerNormal
I1222 14:34:56.980357 83109 runtime_context.cpp:29] DecreaseCounter constructing_actor_cnt, current val is 2677
I1222 14:34:56.980391 83111 naive_actor.cpp:25] actor 37391989473314 switch to &NaiveActor::HandlerNormal
I1222 14:34:56.980567 83111 thread.cpp:99] Thread 17829890 construct Actor kCollectiveBoxingGeneric 37391989473314
I1222 14:34:56.980453 83107 naive_actor.cpp:25] actor 37391987376135 switch to &NaiveActor::HandlerNormal
I1222 14:34:56.980499 83105 thread.cpp:99] Thread 17829888 construct Actor kNormalForward 37391985279001
I1222 14:34:56.980422 83108 runtime_context.cpp:29] DecreaseCounter constructing_actor_cnt, current val is 2676
I1222 14:34:56.980630 83111 runtime_context.cpp:29] DecreaseCounter constructing_actor_cnt, current val is 2675
I1222 14:34:56.980849 83105 runtime_context.cpp:29] DecreaseCounter constructing_actor_cnt, current val is 2674
I1222 14:34:56.980760 83109 naive_actor.cpp:25] actor 36284017934344 switch to &NaiveActor::HandlerNormal
I1222 14:34:56.980975 83109 thread.cpp:99] Thread 17301568 construct Actor kSrcSubsetTick 36284017934344
I1222 14:34:56.981005 83111 naive_actor.cpp:25] actor 37391989473342 switch to &NaiveActor::HandlerNormal
I1222 14:34:56.981037 83109 runtime_context.cpp:29] DecreaseCounter constructing_actor_cnt, current val is 2673
I1222 14:34:56.981070 83108 copy_comm_net_actor.cpp:66] actor 36284028420113 switch to &CopyCommNetActor::HandlerNormal
I1222 14:34:56.981045 83111 thread.cpp:99] Thread 17829890 construct Actor kCollectiveBoxingGeneric 37391989473342
I1222 14:34:56.980688 83107 thread.cpp:99] Thread 17829889 construct Actor kCopyHd 37391987376135
I1222 14:34:56.981163 83108 thread.cpp:99] Thread 17301573 construct Actor kCopyCommNet 36284028420113
I1222 14:34:56.981233 83111 runtime_context.cpp:29] DecreaseCounter constructing_actor_cnt, current val is 2672
I1222 14:34:56.981304 83109 naive_actor.cpp:25] actor 36284017934342 switch to &NaiveActor::HandlerNormal
I1222 14:34:56.981410 83109 thread.cpp:99] Thread 17301568 construct Actor kSrcSubsetTick 36284017934342
I1222 14:34:56.981370 83108 runtime_context.cpp:29] DecreaseCounter constructing_actor_cnt, current val is 2670
I1222 14:34:56.981309 83107 runtime_context.cpp:29] DecreaseCounter constructing_actor_cnt, current val is 2671
I1222 14:34:56.981482 83109 runtime_context.cpp:29] DecreaseCounter constructing_actor_cnt, current val is 2669
I1222 14:34:56.981506 83111 naive_actor.cpp:25] actor 37391989473288 switch to &NaiveActor::HandlerNormal
I1222 14:34:56.981648 83111 thread.cpp:99] Thread 17829890 construct Actor kCollectiveBoxingGeneric 37391989473288
I1222 14:34:56.981698 83108 copy_comm_net_actor.cpp:66] actor 36284028420107 switch to &CopyCommNetActor::HandlerNormal
I1222 14:34:56.981776 83109 naive_actor.cpp:25] actor 36284017934343 switch to &NaiveActor::HandlerNormal
I1222 14:34:56.981711 83111 runtime_context.cpp:29] DecreaseCounter constructing_actor_cnt, current val is 2668
I1222 14:34:56.981801 83108 thread.cpp:99] Thread 17301573 construct Actor kCopyCommNet 36284028420107
I1222 14:34:56.981827 83109 thread.cpp:99] Thread 17301568 construct Actor kDstSubsetTick 36284017934343
I1222 14:34:56.981823 83107 naive_actor.cpp:25] actor 37391987376136 switch to &NaiveActor::HandlerNormal
I1222 14:34:56.981983 83108 runtime_context.cpp:29] DecreaseCounter constructing_actor_cnt, current val is 2667
I1222 14:34:56.982005 83109 runtime_context.cpp:29] DecreaseCounter constructing_actor_cnt, current val is 2666
I1222 14:34:56.982020 83111 naive_actor.cpp:25] actor 37391989473296 switch to &NaiveActor::HandlerNormal
I1222 14:34:56.982059 83107 thread.cpp:99] Thread 17829889 construct Actor kCopyHd 37391987376136
I1222 14:34:56.982321 83108 copy_comm_net_actor.cpp:66] actor 36284028420100 switch to &CopyCommNetActor::HandlerNormal
I1222 14:34:56.982407 83109 naive_actor.cpp:25] actor 36284017934345 switch to &NaiveActor::HandlerNormal
I1222 14:34:56.982895 83109 thread.cpp:99] Thread 17301568 construct Actor kDstSubsetTick 36284017934345
I1222 14:34:56.982743 83111 thread.cpp:99] Thread 17829890 construct Actor kCollectiveBoxingGeneric 37391989473296
I1222 14:34:56.982834 83107 runtime_context.cpp:29] DecreaseCounter constructing_actor_cnt, current val is 2665
I1222 14:34:56.982872 83108 thread.cpp:99] Thread 17301573 construct Actor kCopyCommNet 36284028420100
I1222 14:34:56.982481 83105 naive_actor.cpp:25] actor 37391985279053 switch to &NaiveActor::HandlerNormal
I1222 14:34:56.982936 83109 runtime_context.cpp:29] DecreaseCounter constructing_actor_cnt, current val is 2664
I1222 14:34:56.982962 83111 runtime_context.cpp:29] DecreaseCounter constructing_actor_cnt, current val is 2663
I1222 14:34:56.983104 83108 runtime_context.cpp:29] DecreaseCounter constructing_actor_cnt, current val is 2662
I1222 14:34:56.983175 83105 thread.cpp:99] Thread 17829888 construct Actor kNormalForward 37391985279053
I1222 14:34:56.983369 83111 naive_actor.cpp:25] actor 37391989473323 switch to &NaiveActor::HandlerNormal
I1222 14:34:56.983237 83107 naive_actor.cpp:25] actor 37391987376130 switch to &NaiveActor::HandlerNormal
I1222 14:34:56.983467 83105 runtime_context.cpp:29] DecreaseCounter constructing_actor_cnt, current val is 2661
I1222 14:34:56.983424 83111 thread.cpp:99] Thread 17829890 construct Actor kCollectiveBoxingGeneric 37391989473323
I1222 14:34:56.983489 83107 thread.cpp:99] Thread 17829889 construct Actor kCopyHd 37391987376130
I1222 14:34:56.983527 83108 copy_comm_net_actor.cpp:66] actor 36284028420096 switch to &CopyCommNetActor::HandlerNormal
I1222 14:34:56.983592 83111 runtime_context.cpp:29] DecreaseCounter constructing_actor_cnt, current val is 2660
I1222 14:34:56.983669 83107 runtime_context.cpp:29] DecreaseCounter constructing_actor_cnt, current val is 2659
I1222 14:34:56.983721 83108 thread.cpp:99] Thread 17301573 construct Actor kCopyCommNet 36284028420096
I1222 14:34:56.983906 83111 naive_actor.cpp:25] actor 37391989473301 switch to &NaiveActor::HandlerNormal
I1222 14:34:56.983948 83108 runtime_context.cpp:29] DecreaseCounter constructing_actor_cnt, current val is 2658
I1222 14:34:56.983958 83111 thread.cpp:99] Thread 17829890 construct Actor kCollectiveBoxingGeneric 37391989473301
I1222 14:34:56.984055 83107 naive_actor.cpp:25] actor 37391987376138 switch to &NaiveActor::HandlerNormal
I1222 14:34:56.984071 83111 runtime_context.cpp:29] DecreaseCounter constructing_actor_cnt, current val is 2657
I1222 14:34:56.984144 83107 thread.cpp:99] Thread 17829889 construct Actor kCopyHd 37391987376138
I1222 14:34:56.984223 83108 copy_comm_net_actor.cpp:66] actor 36284028420106 switch to &CopyCommNetActor::HandlerNormal
I1222 14:34:56.984319 83111 naive_actor.cpp:25] actor 37391989473362 switch to &NaiveActor::HandlerNormal
I1222 14:34:56.984258 83107 runtime_context.cpp:29] DecreaseCounter constructing_actor_cnt, current val is 2656
I1222 14:34:56.984333 83108 thread.cpp:99] Thread 17301573 construct Actor kCopyCommNet 36284028420106
I1222 14:34:56.984360 83111 thread.cpp:99] Thread 17829890 construct Actor kCollectiveBoxingGeneric 37391989473362
I1222 14:34:56.984536 83108 runtime_context.cpp:29] DecreaseCounter constructing_actor_cnt, current val is 2655
I1222 14:34:56.984555 83111 runtime_context.cpp:29] DecreaseCounter constructing_actor_cnt, current val is 2654
I1222 14:34:56.984639 83107 naive_actor.cpp:25] actor 37391987376141 switch to &NaiveActor::HandlerNormal
I1222 14:34:56.984730 83107 thread.cpp:99] Thread 17829889 construct Actor kCopyHd 37391987376141
I1222 14:34:56.984763 83111 naive_actor.cpp:25] actor 37391989473371 switch to &NaiveActor::HandlerNormal
I1222 14:34:56.985415 83111 thread.cpp:99] Thread 17829890 construct Actor kCollectiveBoxingGeneric 37391989473371
I1222 14:34:56.984956 83107 runtime_context.cpp:29] DecreaseCounter constructing_actor_cnt, current val is 2653
I1222 14:34:56.985095 83105 naive_actor.cpp:25] actor 37391985279085 switch to &NaiveActor::HandlerNormal
I1222 14:34:56.984807 83108 copy_comm_net_actor.cpp:66] actor 36284028420109 switch to &CopyCommNetActor::HandlerNormal
I1222 14:34:56.985464 83111 runtime_context.cpp:29] DecreaseCounter constructing_actor_cnt, current val is 2652
I1222 14:34:56.985605 83105 thread.cpp:99] Thread 17829888 construct Actor kNormalForward 37391985279085
I1222 14:34:56.985741 83107 naive_actor.cpp:25] actor 37391987376131 switch to &NaiveActor::HandlerNormal
I1222 14:34:56.985669 83108 thread.cpp:99] Thread 17301573 construct Actor kCopyCommNet 36284028420109
I1222 14:34:56.985852 83111 naive_actor.cpp:25] actor 37391989473397 switch to &NaiveActor::HandlerNormal
I1222 14:34:56.985852 83107 thread.cpp:99] Thread 17829889 construct Actor kCopyHd 37391987376131
I1222 14:34:56.985862 83105 runtime_context.cpp:29] DecreaseCounter constructing_actor_cnt, current val is 2651
I1222 14:34:56.985957 83111 thread.cpp:99] Thread 17829890 construct Actor kCollectiveBoxingGeneric 37391989473397
I1222 14:34:56.985954 83108 runtime_context.cpp:29] DecreaseCounter constructing_actor_cnt, current val is 2650
I1222 14:34:56.986039 83107 runtime_context.cpp:29] DecreaseCounter constructing_actor_cnt, current val is 2649
I1222 14:34:56.986109 83111 runtime_context.cpp:29] DecreaseCounter constructing_actor_cnt, current val is 2648
I1222 14:34:56.986354 83108 copy_comm_net_actor.cpp:66] actor 36284028420111 switch to &CopyCommNetActor::HandlerNormal
I1222 14:34:56.986377 83111 naive_actor.cpp:25] actor 37391989473413 switch to &NaiveActor::HandlerNormal
I1222 14:34:56.986405 83107 naive_actor.cpp:25] actor 37391987376137 switch to &NaiveActor::HandlerNormal
I1222 14:34:56.986456 83108 thread.cpp:99] Thread 17301573 construct Actor kCopyCommNet 36284028420111
I1222 14:34:56.986492 83111 thread.cpp:99] Thread 17829890 construct Actor kCollectiveBoxingGeneric 37391989473413
I1222 14:34:56.986553 83107 thread.cpp:99] Thread 17829889 construct Actor kCopyHd 37391987376137
I1222 14:34:56.986634 83108 runtime_context.cpp:29] DecreaseCounter constructing_actor_cnt, current val is 2647
I1222 14:34:56.986666 83111 runtime_context.cpp:29] DecreaseCounter constructing_actor_cnt, current val is 2646
I1222 14:34:56.986744 83107 runtime_context.cpp:29] DecreaseCounter constructing_actor_cnt, current val is 2645
I1222 14:34:56.987000 83108 copy_comm_net_actor.cpp:66] actor 36284028420114 switch to &CopyCommNetActor::HandlerNormal
I1222 14:34:56.987095 83107 naive_actor.cpp:25] actor 37391987376140 switch to &NaiveActor::HandlerNormal
I1222 14:34:56.987104 83108 thread.cpp:99] Thread 17301573 construct Actor kCopyCommNet 36284028420114
I1222 14:34:56.987167 83107 thread.cpp:99] Thread 17829889 construct Actor kCopyHd 37391987376140
I1222 14:34:56.987232 83111 naive_actor.cpp:25] actor 37391989473431 switch to &NaiveActor::HandlerNormal
I1222 14:34:56.987267 83108 runtime_context.cpp:29] DecreaseCounter constructing_actor_cnt, current val is 2644
I1222 14:34:56.987322 83107 runtime_context.cpp:29] DecreaseCounter constructing_actor_cnt, current val is 2643
I1222 14:34:56.987399 83111 thread.cpp:99] Thread 17829890 construct Actor kCollectiveBoxingGeneric 37391989473431
I1222 14:34:56.987571 83105 naive_actor.cpp:25] actor 37391985278983 switch to &NaiveActor::HandlerNormal
I1222 14:34:56.987668 83108 copy_comm_net_actor.cpp:66] actor 36284028420117 switch to &CopyCommNetActor::HandlerNormal
I1222 14:34:56.987673 83111 runtime_context.cpp:29] DecreaseCounter constructing_actor_cnt, current val is 2642
I1222 14:34:56.987727 83105 thread.cpp:99] Thread 17829888 construct Actor kNormalForward 37391985278983
I1222 14:34:56.987730 83107 naive_actor.cpp:25] actor 37391987376142 switch to &NaiveActor::HandlerNormal
I1222 14:34:56.987807 83108 thread.cpp:99] Thread 17301573 construct Actor kCopyCommNet 36284028420117
I1222 14:34:56.987989 83105 runtime_context.cpp:29] DecreaseCounter constructing_actor_cnt, current val is 2641
I1222 14:34:56.988075 83107 thread.cpp:99] Thread 17829889 construct Actor kCopyHd 37391987376142
I1222 14:34:56.988152 83111 naive_actor.cpp:25] actor 37391989473328 switch to &NaiveActor::HandlerNormal
I1222 14:34:56.988737 83108 runtime_context.cpp:29] DecreaseCounter constructing_actor_cnt, current val is 2640
I1222 14:34:56.988899 83107 runtime_context.cpp:29] DecreaseCounter constructing_actor_cnt, current val is 2639
I1222 14:34:56.988952 83111 thread.cpp:99] Thread 17829890 construct Actor kCollectiveBoxingGeneric 37391989473328
I1222 14:34:56.989246 83108 copy_comm_net_actor.cpp:66] actor 36284028420110 switch to &CopyCommNetActor::HandlerNormal
I1222 14:34:56.989300 83107 naive_actor.cpp:25] actor 37391987376139 switch to &NaiveActor::HandlerNormal
I1222 14:34:56.989341 83108 thread.cpp:99] Thread 17301573 construct Actor kCopyCommNet 36284028420110
I1222 14:34:56.989405 83107 thread.cpp:99] Thread 17829889 construct Actor kCopyHd 37391987376139
I1222 14:34:56.989657 83107 runtime_context.cpp:29] DecreaseCounter constructing_actor_cnt, current val is 2638
I1222 14:34:56.989663 83111 runtime_context.cpp:29] DecreaseCounter constructing_actor_cnt, current val is 2637
I1222 14:34:56.989688 83108 runtime_context.cpp:29] DecreaseCounter constructing_actor_cnt, current val is 2636
I1222 14:34:56.989985 83107 naive_actor.cpp:25] actor 37391987376144 switch to &NaiveActor::HandlerNormal
I1222 14:34:56.990098 83107 thread.cpp:99] Thread 17829889 construct Actor kCopyHd 37391987376144
I1222 14:34:56.990109 83111 naive_actor.cpp:25] actor 37391989473440 switch to &NaiveActor::HandlerNormal
I1222 14:34:56.990168 83108 copy_comm_net_actor.cpp:66] actor 36284028420112 switch to &CopyCommNetActor::HandlerNormal
I1222 14:34:56.990234 83107 runtime_context.cpp:29] DecreaseCounter constructing_actor_cnt, current val is 2635
I1222 14:34:56.990258 83111 thread.cpp:99] Thread 17829890 construct Actor kCollectiveBoxingGeneric 37391989473440
I1222 14:34:56.990342 83108 thread.cpp:99] Thread 17301573 construct Actor kCopyCommNet 36284028420112
I1222 14:34:56.990504 83111 runtime_context.cpp:29] DecreaseCounter constructing_actor_cnt, current val is 2634
I1222 14:34:56.990573 83108 runtime_context.cpp:29] DecreaseCounter constructing_actor_cnt, current val is 2633
I1222 14:34:56.990644 83107 naive_actor.cpp:25] actor 37391987376143 switch to &NaiveActor::HandlerNormal
I1222 14:34:56.990756 83107 thread.cpp:99] Thread 17829889 construct Actor kCopyHd 37391987376143
I1222 14:34:56.990873 83111 naive_actor.cpp:25] actor 37391989473316 switch to &NaiveActor::HandlerNormal
I1222 14:34:56.990878 83107 runtime_context.cpp:29] DecreaseCounter constructing_actor_cnt, current val is 2632
I1222 14:34:56.990896 83108 copy_comm_net_actor.cpp:66] actor 36284028420115 switch to &CopyCommNetActor::HandlerNormal
I1222 14:34:56.990972 83111 thread.cpp:99] Thread 17829890 construct Actor kCollectiveBoxingGeneric 37391989473316
I1222 14:34:56.991123 83108 thread.cpp:99] Thread 17301573 construct Actor kCopyCommNet 36284028420115
I1222 14:34:56.991225 83111 runtime_context.cpp:29] DecreaseCounter constructing_actor_cnt, current val is 2631
I1222 14:34:56.991297 83108 runtime_context.cpp:29] DecreaseCounter constructing_actor_cnt, current val is 2630
I1222 14:34:56.991580 83111 naive_actor.cpp:25] actor 37391989473375 switch to &NaiveActor::HandlerNormal
I1222 14:34:56.991601 83108 copy_comm_net_actor.cpp:66] actor 36284028420108 switch to &CopyCommNetActor::HandlerNormal
I1222 14:34:56.991675 83111 thread.cpp:99] Thread 17829890 construct Actor kCollectiveBoxingGeneric 37391989473375
I1222 14:34:56.991739 83108 thread.cpp:99] Thread 17301573 construct Actor kCopyCommNet 36284028420108
I1222 14:34:56.991837 83111 runtime_context.cpp:29] DecreaseCounter constructing_actor_cnt, current val is 2629
I1222 14:34:56.991879 83108 runtime_context.cpp:29] DecreaseCounter constructing_actor_cnt, current val is 2628
I1222 14:34:56.991883 83105 naive_actor.cpp:25] actor 37391985279028 switch to &NaiveActor::HandlerNormal
I1222 14:34:56.992283 83111 naive_actor.cpp:25] actor 37391989473368 switch to &NaiveActor::HandlerNormal
I1222 14:34:56.992929 83105 thread.cpp:99] Thread 17829888 construct Actor kNormalForward 37391985279028
I1222 14:34:56.993006 83111 thread.cpp:99] Thread 17829890 construct Actor kCollectiveBoxingGeneric 37391989473368
I1222 14:34:56.993014 83108 copy_comm_net_actor.cpp:66] actor 36284028420116 switch to &CopyCommNetActor::HandlerNormal
I1222 14:34:56.993168 83105 runtime_context.cpp:29] DecreaseCounter constructing_actor_cnt, current val is 2627
I1222 14:34:56.993170 83111 runtime_context.cpp:29] DecreaseCounter constructing_actor_cnt, current val is 2626
I1222 14:34:56.993186 83108 thread.cpp:99] Thread 17301573 construct Actor kCopyCommNet 36284028420116
I1222 14:34:56.993407 83108 runtime_context.cpp:29] DecreaseCounter constructing_actor_cnt, current val is 2625
I1222 14:34:56.993568 83111 naive_actor.cpp:25] actor 37391989473299 switch to &NaiveActor::HandlerNormal
I1222 14:34:56.993654 83111 thread.cpp:99] Thread 17829890 construct Actor kCollectiveBoxingGeneric 37391989473299
I1222 14:34:56.993736 83111 runtime_context.cpp:29] DecreaseCounter constructing_actor_cnt, current val is 2624
I1222 14:34:56.994026 83111 naive_actor.cpp:25] actor 37391989473283 switch to &NaiveActor::HandlerNormal
I1222 14:34:56.994110 83111 thread.cpp:99] Thread 17829890 construct Actor kCollectiveBoxingGeneric 37391989473283
I1222 14:34:56.994205 83111 runtime_context.cpp:29] DecreaseCounter constructing_actor_cnt, current val is 2623
I1222 14:34:56.994478 83111 naive_actor.cpp:25] actor 37391989473381 switch to &NaiveActor::HandlerNormal
I1222 14:34:56.994558 83111 thread.cpp:99] Thread 17829890 construct Actor kCollectiveBoxingGeneric 37391989473381
I1222 14:34:56.994570 83105 naive_actor.cpp:25] actor 37391985279060 switch to &NaiveActor::HandlerNormal
I1222 14:34:56.994660 83111 runtime_context.cpp:29] DecreaseCounter constructing_actor_cnt, current val is 2622
I1222 14:34:56.994711 83105 thread.cpp:99] Thread 17829888 construct Actor kNormalForward 37391985279060
I1222 14:34:56.994925 83105 runtime_context.cpp:29] DecreaseCounter constructing_actor_cnt, current val is 2621
I1222 14:34:56.995036 83111 naive_actor.cpp:25] actor 37391989473403 switch to &NaiveActor::HandlerNormal
I1222 14:34:56.995121 83111 thread.cpp:99] Thread 17829890 construct Actor kCollectiveBoxingGeneric 37391989473403
I1222 14:34:56.995216 83111 runtime_context.cpp:29] DecreaseCounter constructing_actor_cnt, current val is 2620
I1222 14:34:56.995512 83111 naive_actor.cpp:25] actor 37391989473420 switch to &NaiveActor::HandlerNormal
I1222 14:34:56.995599 83111 thread.cpp:99] Thread 17829890 construct Actor kCollectiveBoxingGeneric 37391989473420
I1222 14:34:56.995676 83111 runtime_context.cpp:29] DecreaseCounter constructing_actor_cnt, current val is 2619
I1222 14:34:56.995980 83111 naive_actor.cpp:25] actor 37391989473282 switch to &NaiveActor::HandlerNormal
I1222 14:34:56.996066 83111 thread.cpp:99] Thread 17829890 construct Actor kCollectiveBoxingGeneric 37391989473282
I1222 14:34:56.996160 83111 runtime_context.cpp:29] DecreaseCounter constructing_actor_cnt, current val is 2618
I1222 14:34:56.996423 83111 naive_actor.cpp:25] actor 37391989473325 switch to &NaiveActor::HandlerNormal
I1222 14:34:56.996452 83105 naive_actor.cpp:25] actor 37391985278991 switch to &NaiveActor::HandlerNormal
I1222 14:34:56.996515 83111 thread.cpp:99] Thread 17829890 construct Actor kCollectiveBoxingGeneric 37391989473325
I1222 14:34:56.996596 83105 thread.cpp:99] Thread 17829888 construct Actor kNormalForward 37391985278991
I1222 14:34:56.996673 83111 runtime_context.cpp:29] DecreaseCounter constructing_actor_cnt, current val is 2617
I1222 14:34:56.996779 83105 runtime_context.cpp:29] DecreaseCounter constructing_actor_cnt, current val is 2616
I1222 14:34:56.996999 83111 naive_actor.cpp:25] actor 37391989473454 switch to &NaiveActor::HandlerNormal
I1222 14:34:56.997740 83111 thread.cpp:99] Thread 17829890 construct Actor kCollectiveBoxingGeneric 37391989473454
I1222 14:34:56.997851 83111 runtime_context.cpp:29] DecreaseCounter constructing_actor_cnt, current val is 2615
I1222 14:34:56.998162 83111 naive_actor.cpp:25] actor 37391989473338 switch to &NaiveActor::HandlerNormal
I1222 14:34:56.998243 83111 thread.cpp:99] Thread 17829890 construct Actor kCollectiveBoxingGeneric 37391989473338
I1222 14:34:56.998347 83111 runtime_context.cpp:29] DecreaseCounter constructing_actor_cnt, current val is 2614
I1222 14:34:56.998350 83105 naive_actor.cpp:25] actor 37391985278999 switch to &NaiveActor::HandlerNormal
I1222 14:34:56.998525 83105 thread.cpp:99] Thread 17829888 construct Actor kNormalForward 37391985278999
I1222 14:34:56.998673 83105 runtime_context.cpp:29] DecreaseCounter constructing_actor_cnt, current val is 2613
I1222 14:34:56.998682 83111 naive_actor.cpp:25] actor 37391989473351 switch to &NaiveActor::HandlerNormal
I1222 14:34:56.998824 83111 thread.cpp:99] Thread 17829890 construct Actor kCollectiveBoxingGeneric 37391989473351
I1222 14:34:56.998921 83111 runtime_context.cpp:29] DecreaseCounter constructing_actor_cnt, current val is 2612
I1222 14:34:56.999202 83111 naive_actor.cpp:25] actor 37391989473462 switch to &NaiveActor::HandlerNormal
I1222 14:34:56.999289 83111 thread.cpp:99] Thread 17829890 construct Actor kCollectiveBoxingGeneric 37391989473462
I1222 14:34:56.999382 83111 runtime_context.cpp:29] DecreaseCounter constructing_actor_cnt, current val is 2611
I1222 14:34:56.999680 83111 naive_actor.cpp:25] actor 37391989473366 switch to &NaiveActor::HandlerNormal
I1222 14:34:56.999763 83111 thread.cpp:99] Thread 17829890 construct Actor kCollectiveBoxingGeneric 37391989473366
I1222 14:34:56.999855 83111 runtime_context.cpp:29] DecreaseCounter constructing_actor_cnt, current val is 2610
I1222 14:34:57.000000 83105 naive_actor.cpp:25] actor 37391985278977 switch to &NaiveActor::HandlerNormal
I1222 14:34:57.000113 83105 thread.cpp:99] Thread 17829888 construct Actor kNormalForward 37391985278977
I1222 14:34:57.000149 83111 naive_actor.cpp:25] actor 37391989473416 switch to &NaiveActor::HandlerNormal
I1222 14:34:57.000263 83111 thread.cpp:99] Thread 17829890 construct Actor kCollectiveBoxingGeneric 37391989473416
I1222 14:34:57.000273 83105 runtime_context.cpp:29] DecreaseCounter constructing_actor_cnt, current val is 2609
I1222 14:34:57.000341 83111 runtime_context.cpp:29] DecreaseCounter constructing_actor_cnt, current val is 2608
I1222 14:34:57.000628 83111 naive_actor.cpp:25] actor 37391989473306 switch to &NaiveActor::HandlerNormal
I1222 14:34:57.000715 83111 thread.cpp:99] Thread 17829890 construct Actor kCollectiveBoxingGeneric 37391989473306
I1222 14:34:57.000821 83111 runtime_context.cpp:29] DecreaseCounter constructing_actor_cnt, current val is 2607
I1222 14:34:57.000881 83105 naive_actor.cpp:25] actor 37391985279117 switch to &NaiveActor::HandlerNormal
I1222 14:34:57.000983 83105 thread.cpp:99] Thread 17829888 construct Actor kNormalForward 37391985279117
I1222 14:34:57.001113 83105 runtime_context.cpp:29] DecreaseCounter constructing_actor_cnt, current val is 2606
I1222 14:34:57.001138 83111 naive_actor.cpp:25] actor 37391989473446 switch to &NaiveActor::HandlerNormal
I1222 14:34:57.001250 83111 thread.cpp:99] Thread 17829890 construct Actor kCollectiveBoxingGeneric 37391989473446
I1222 14:34:57.001343 83111 runtime_context.cpp:29] DecreaseCounter constructing_actor_cnt, current val is 2605
I1222 14:34:57.001626 83111 naive_actor.cpp:25] actor 37391989473311 switch to &NaiveActor::HandlerNormal
I1222 14:34:57.001713 83111 thread.cpp:99] Thread 17829890 construct Actor kCollectiveBoxingGeneric 37391989473311
I1222 14:34:57.001822 83111 runtime_context.cpp:29] DecreaseCounter constructing_actor_cnt, current val is 2604
I1222 14:34:57.002118 83111 naive_actor.cpp:25] actor 37391989473360 switch to &NaiveActor::HandlerNormal
I1222 14:34:57.002203 83111 thread.cpp:99] Thread 17829890 construct Actor kCollectiveBoxingGeneric 37391989473360
I1222 14:34:57.002373 83111 runtime_context.cpp:29] DecreaseCounter constructing_actor_cnt, current val is 2603
I1222 14:34:57.002482 83105 naive_actor.cpp:25] actor 37391985279000 switch to &NaiveActor::HandlerNormal
I1222 14:34:57.003116 83105 thread.cpp:99] Thread 17829888 construct Actor kNormalForward 37391985279000
I1222 14:34:57.003254 83105 runtime_context.cpp:29] DecreaseCounter constructing_actor_cnt, current val is 2602
I1222 14:34:57.003295 83111 naive_actor.cpp:25] actor 37391989473332 switch to &NaiveActor::HandlerNormal
I1222 14:34:57.003398 83111 thread.cpp:99] Thread 17829890 construct Actor kCollectiveBoxingGeneric 37391989473332
I1222 14:34:57.003496 83111 runtime_context.cpp:29] DecreaseCounter constructing_actor_cnt, current val is 2601
I1222 14:34:57.003799 83111 naive_actor.cpp:25] actor 37391989473337 switch to &NaiveActor::HandlerNormal
I1222 14:34:57.003883 83111 thread.cpp:99] Thread 17829890 construct Actor kCollectiveBoxingGeneric 37391989473337
I1222 14:34:57.003963 83111 runtime_context.cpp:29] DecreaseCounter constructing_actor_cnt, current val is 2600
I1222 14:34:57.004246 83111 naive_actor.cpp:25] actor 37391989473307 switch to &NaiveActor::HandlerNormal
I1222 14:34:57.004328 83111 thread.cpp:99] Thread 17829890 construct Actor kCollectiveBoxingGeneric 37391989473307
I1222 14:34:57.004423 83111 runtime_context.cpp:29] DecreaseCounter constructing_actor_cnt, current val is 2599
I1222 14:34:57.004704 83111 naive_actor.cpp:25] actor 37391989473443 switch to &NaiveActor::HandlerNormal
I1222 14:34:57.004770 83111 thread.cpp:99] Thread 17829890 construct Actor kCollectiveBoxingGeneric 37391989473443
I1222 14:34:57.004858 83111 runtime_context.cpp:29] DecreaseCounter constructing_actor_cnt, current val is 2598
I1222 14:34:57.005111 83111 naive_actor.cpp:25] actor 37391989473312 switch to &NaiveActor::HandlerNormal
I1222 14:34:57.005174 83111 thread.cpp:99] Thread 17829890 construct Actor kCollectiveBoxingGeneric 37391989473312
I1222 14:34:57.005247 83111 runtime_context.cpp:29] DecreaseCounter constructing_actor_cnt, current val is 2597
I1222 14:34:57.005472 83105 naive_actor.cpp:25] actor 37391985279015 switch to &NaiveActor::HandlerNormal
I1222 14:34:57.005517 83111 naive_actor.cpp:25] actor 37391989473359 switch to &NaiveActor::HandlerNormal
I1222 14:34:57.005614 83105 thread.cpp:99] Thread 17829888 construct Actor kNormalForward 37391985279015
I1222 14:34:57.005674 83111 thread.cpp:99] Thread 17829890 construct Actor kCollectiveBoxingGeneric 37391989473359
I1222 14:34:57.005825 83111 runtime_context.cpp:29] DecreaseCounter constructing_actor_cnt, current val is 2596
I1222 14:34:57.005831 83105 runtime_context.cpp:29] DecreaseCounter constructing_actor_cnt, current val is 2595
I1222 14:34:57.006120 83111 naive_actor.cpp:25] actor 37391989473426 switch to &NaiveActor::HandlerNormal
I1222 14:34:57.006206 83111 thread.cpp:99] Thread 17829890 construct Actor kCollectiveBoxingGeneric 37391989473426
I1222 14:34:57.006286 83111 runtime_context.cpp:29] DecreaseCounter constructing_actor_cnt, current val is 2594
I1222 14:34:57.006445 83105 naive_actor.cpp:25] actor 37391985278984 switch to &NaiveActor::HandlerNormal
I1222 14:34:57.006546 83105 thread.cpp:99] Thread 17829888 construct Actor kNormalForward 37391985278984
I1222 14:34:57.006572 83111 naive_actor.cpp:25] actor 37391989473386 switch to &NaiveActor::HandlerNormal
I1222 14:34:57.006680 83111 thread.cpp:99] Thread 17829890 construct Actor kCollectiveBoxingGeneric 37391989473386
I1222 14:34:57.006685 83105 runtime_context.cpp:29] DecreaseCounter constructing_actor_cnt, current val is 2593
I1222 14:34:57.006762 83111 runtime_context.cpp:29] DecreaseCounter constructing_actor_cnt, current val is 2592
I1222 14:34:57.007059 83111 naive_actor.cpp:25] actor 37391989473378 switch to &NaiveActor::HandlerNormal
I1222 14:34:57.007146 83111 thread.cpp:99] Thread 17829890 construct Actor kCollectiveBoxingGeneric 37391989473378
I1222 14:34:57.007225 83111 runtime_context.cpp:29] DecreaseCounter constructing_actor_cnt, current val is 2591
I1222 14:34:57.007612 83111 naive_actor.cpp:25] actor 37391989473334 switch to &NaiveActor::HandlerNormal
I1222 14:34:57.008121 83111 thread.cpp:99] Thread 17829890 construct Actor kCollectiveBoxingGeneric 37391989473334
I1222 14:34:57.008205 83111 runtime_context.cpp:29] DecreaseCounter constructing_actor_cnt, current val is 2590
I1222 14:34:57.008308 83105 naive_actor.cpp:25] actor 37391985279047 switch to &NaiveActor::HandlerNormal
I1222 14:34:57.008420 83105 thread.cpp:99] Thread 17829888 construct Actor kNormalForward 37391985279047
I1222 14:34:57.008505 83111 naive_actor.cpp:25] actor 37391989473370 switch to &NaiveActor::HandlerNormal
I1222 14:34:57.008551 83105 runtime_context.cpp:29] DecreaseCounter constructing_actor_cnt, current val is 2589
