 Insert buffer op : [System-Pipeline-Buffer-Op_-base_model.m_stage0.encoder.layer.1.output.dropout-dropout_97-mask_0-stage_id_0](buffer_size:4) 
 from [base_model.m_stage0.encoder.layer.1.output.dropout-dropout_97] (stage_id:0) -> [base_model.m_stage0.encoder.layer.1.output.dropout-dropout_97_grad] (stage_id:0) 
I1222 14:40:24.238530 84065 pipeline_buffer_pass.cpp:117] 
 Insert buffer op : [System-Pipeline-Buffer-Op_-base_model.m_stage0.encoder.layer.1.intermediate.intermediate_act_fn-gelu_94-out_0-stage_id_0](buffer_size:4) 
 from [base_model.m_stage0.encoder.layer.1.intermediate.intermediate_act_fn-gelu_94] (stage_id:0) -> [base_model.m_stage0.encoder.layer.1.output.dense-broadcast_matmul_95_b_grad] (stage_id:0) 
I1222 14:40:24.238898 84065 pipeline_buffer_pass.cpp:117] 
 Insert buffer op : [System-Pipeline-Buffer-Op_-base_model.m_stage0.encoder.layer.1.intermediate.dense-broadcast_add_93-z_0-stage_id_0](buffer_size:4) 
 from [base_model.m_stage0.encoder.layer.1.intermediate.dense-broadcast_add_93] (stage_id:0) -> [base_model.m_stage0.encoder.layer.1.intermediate.intermediate_act_fn-gelu_94_grad] (stage_id:0) 
I1222 14:40:24.238960 84065 pipeline_buffer_pass.cpp:117] 
 Insert buffer op : [System-Pipeline-Buffer-Op_-base_model.m_stage0.encoder.layer.1.attention.output.LayerNorm-layer_norm_91-y_0-stage_id_0](buffer_size:4) 
 from [base_model.m_stage0.encoder.layer.1.attention.output.LayerNorm-layer_norm_91] (stage_id:0) -> [base_model.m_stage0.encoder.layer.1.intermediate.dense-broadcast_matmul_92_b_grad] (stage_id:0) 
I1222 14:40:24.239018 84065 pipeline_buffer_pass.cpp:117] 
 Insert buffer op : [System-Pipeline-Buffer-Op_-base_model.m_stage0.encoder.layer.1.attention.output.LayerNorm-layer_norm_91-normalized_0-stage_id_0](buffer_size:4) 
 from [base_model.m_stage0.encoder.layer.1.attention.output.LayerNorm-layer_norm_91] (stage_id:0) -> [base_model.m_stage0.encoder.layer.1.attention.output.LayerNorm-layer_norm_91_param_grad] (stage_id:0) 
I1222 14:40:24.239078 84065 pipeline_buffer_pass.cpp:117] 
 Insert buffer op : [System-Pipeline-Buffer-Op_-base_model.m_stage0.encoder.layer.1.attention.output-add_n_90-out_0-stage_id_0](buffer_size:4) 
 from [base_model.m_stage0.encoder.layer.1.attention.output-add_n_90] (stage_id:0) -> [base_model.m_stage0.encoder.layer.1.attention.output.LayerNorm-layer_norm_91_grad] (stage_id:0) 
I1222 14:40:24.239131 84065 pipeline_buffer_pass.cpp:117] 
 Insert buffer op : [System-Pipeline-Buffer-Op_-base_model.m_stage0.encoder.layer.1.attention.output.LayerNorm-layer_norm_91-mean_0-stage_id_0](buffer_size:4) 
 from [base_model.m_stage0.encoder.layer.1.attention.output.LayerNorm-layer_norm_91] (stage_id:0) -> [base_model.m_stage0.encoder.layer.1.attention.output.LayerNorm-layer_norm_91_grad] (stage_id:0) 
I1222 14:40:24.239181 84065 pipeline_buffer_pass.cpp:117] 
 Insert buffer op : [System-Pipeline-Buffer-Op_-base_model.m_stage0.encoder.layer.1.attention.output.LayerNorm-layer_norm_91-inv_variance_0-stage_id_0](buffer_size:4) 
 from [base_model.m_stage0.encoder.layer.1.attention.output.LayerNorm-layer_norm_91] (stage_id:0) -> [base_model.m_stage0.encoder.layer.1.attention.output.LayerNorm-layer_norm_91_grad] (stage_id:0) 
I1222 14:40:24.239236 84065 pipeline_buffer_pass.cpp:117] 
 Insert buffer op : [System-Pipeline-Buffer-Op_-base_model.m_stage0.encoder.layer.1.attention.output.dropout-dropout_89-mask_0-stage_id_0](buffer_size:4) 
 from [base_model.m_stage0.encoder.layer.1.attention.output.dropout-dropout_89] (stage_id:0) -> [base_model.m_stage0.encoder.layer.1.attention.output.dropout-dropout_89_grad] (stage_id:0) 
I1222 14:40:24.239295 84065 pipeline_buffer_pass.cpp:117] 
 Insert buffer op : [System-Pipeline-Buffer-Op_-base_model.m_stage0.encoder.layer.1.attention.self-reshape_86-out_0-stage_id_0](buffer_size:4) 
 from [base_model.m_stage0.encoder.layer.1.attention.self-reshape_86] (stage_id:0) -> [base_model.m_stage0.encoder.layer.1.attention.output.dense-broadcast_matmul_87_b_grad] (stage_id:0) 
I1222 14:40:24.239357 84065 pipeline_buffer_pass.cpp:117] 
 Insert buffer op : [System-Pipeline-Buffer-Op_-base_model.m_stage0.encoder.layer.1.attention.self-transpose_77-output_0-stage_id_0](buffer_size:4) 
 from [base_model.m_stage0.encoder.layer.1.attention.self-transpose_77] (stage_id:0) -> [base_model.m_stage0.encoder.layer.1.attention.self-batch_matmul_84_grad_a] (stage_id:0) 
I1222 14:40:24.239442 84065 pipeline_buffer_pass.cpp:117] 
 Insert buffer op : [System-Pipeline-Buffer-Op_-base_model.m_stage0.encoder.layer.1.attention.self.dropout-dropout_83-out_0-stage_id_0](buffer_size:4) 
 from [base_model.m_stage0.encoder.layer.1.attention.self.dropout-dropout_83] (stage_id:0) -> [base_model.m_stage0.encoder.layer.1.attention.self-batch_matmul_84_grad_b] (stage_id:0) 
I1222 14:40:24.239831 84065 pipeline_buffer_pass.cpp:117] 
 Insert buffer op : [System-Pipeline-Buffer-Op_-base_model.m_stage0.encoder.layer.1.attention.self.dropout-dropout_83-mask_0-stage_id_0](buffer_size:4) 
 from [base_model.m_stage0.encoder.layer.1.attention.self.dropout-dropout_83] (stage_id:0) -> [base_model.m_stage0.encoder.layer.1.attention.self.dropout-dropout_83_grad] (stage_id:0) 
I1222 14:40:24.239892 84065 pipeline_buffer_pass.cpp:117] 
 Insert buffer op : [System-Pipeline-Buffer-Op_-base_model.m_stage0.encoder.layer.1.attention.self-softmax_82-out_0-stage_id_0](buffer_size:4) 
 from [base_model.m_stage0.encoder.layer.1.attention.self-softmax_82] (stage_id:0) -> [base_model.m_stage0.encoder.layer.1.attention.self-softmax_82_grad] (stage_id:0) 
I1222 14:40:24.239953 84065 pipeline_buffer_pass.cpp:117] 
 Insert buffer op : [System-Pipeline-Buffer-Op_-base_model.m_stage0.encoder.layer.0.output.LayerNorm-layer_norm_65-y_0-stage_id_0](buffer_size:4) 
 from [base_model.m_stage0.encoder.layer.0.output.LayerNorm-layer_norm_65] (stage_id:0) -> [base_model.m_stage0.encoder.layer.1.attention.self.value-broadcast_matmul_74_b_grad] (stage_id:0) 
I1222 14:40:24.240010 84065 pipeline_buffer_pass.cpp:117] 
 Insert buffer op : [System-Pipeline-Buffer-Op_-base_model.m_stage0.encoder.layer.1.attention.self-transpose_78-output_0-stage_id_0](buffer_size:4) 
 from [base_model.m_stage0.encoder.layer.1.attention.self-transpose_78] (stage_id:0) -> [base_model.m_stage0.encoder.layer.1.attention.self-batch_matmul_79_grad_a] (stage_id:0) 
I1222 14:40:24.240065 84065 pipeline_buffer_pass.cpp:117] 
 Insert buffer op : [System-Pipeline-Buffer-Op_-base_model.m_stage0.encoder.layer.1.attention.self-transpose_69-output_0-stage_id_0](buffer_size:4) 
 from [base_model.m_stage0.encoder.layer.1.attention.self-transpose_69] (stage_id:0) -> [base_model.m_stage0.encoder.layer.1.attention.self-batch_matmul_79_grad_b] (stage_id:0) 
I1222 14:40:24.240162 84065 pipeline_buffer_pass.cpp:117] 
 Insert buffer op : [System-Pipeline-Buffer-Op_-base_model.m_stage0.encoder.layer.0.output.LayerNorm-layer_norm_65-normalized_0-stage_id_0](buffer_size:4) 
 from [base_model.m_stage0.encoder.layer.0.output.LayerNorm-layer_norm_65] (stage_id:0) -> [base_model.m_stage0.encoder.layer.0.output.LayerNorm-layer_norm_65_param_grad] (stage_id:0) 
I1222 14:40:24.240223 84065 pipeline_buffer_pass.cpp:117] 
 Insert buffer op : [System-Pipeline-Buffer-Op_-base_model.m_stage0.encoder.layer.0.output-add_n_64-out_0-stage_id_0](buffer_size:4) 
 from [base_model.m_stage0.encoder.layer.0.output-add_n_64] (stage_id:0) -> [base_model.m_stage0.encoder.layer.0.output.LayerNorm-layer_norm_65_grad] (stage_id:0) 
I1222 14:40:24.240278 84065 pipeline_buffer_pass.cpp:117] 
 Insert buffer op : [System-Pipeline-Buffer-Op_-base_model.m_stage0.encoder.layer.0.output.LayerNorm-layer_norm_65-mean_0-stage_id_0](buffer_size:4) 
 from [base_model.m_stage0.encoder.layer.0.output.LayerNorm-layer_norm_65] (stage_id:0) -> [base_model.m_stage0.encoder.layer.0.output.LayerNorm-layer_norm_65_grad] (stage_id:0) 
I1222 14:40:24.240329 84065 pipeline_buffer_pass.cpp:117] 
 Insert buffer op : [System-Pipeline-Buffer-Op_-base_model.m_stage0.encoder.layer.0.output.LayerNorm-layer_norm_65-inv_variance_0-stage_id_0](buffer_size:4) 
 from [base_model.m_stage0.encoder.layer.0.output.LayerNorm-layer_norm_65] (stage_id:0) -> [base_model.m_stage0.encoder.layer.0.output.LayerNorm-layer_norm_65_grad] (stage_id:0) 
I1222 14:40:24.240383 84065 pipeline_buffer_pass.cpp:117] 
 Insert buffer op : [System-Pipeline-Buffer-Op_-base_model.m_stage0.encoder.layer.0.output.dropout-dropout_63-mask_0-stage_id_0](buffer_size:4) 
 from [base_model.m_stage0.encoder.layer.0.output.dropout-dropout_63] (stage_id:0) -> [base_model.m_stage0.encoder.layer.0.output.dropout-dropout_63_grad] (stage_id:0) 
I1222 14:40:24.240471 84065 pipeline_buffer_pass.cpp:117] 
 Insert buffer op : [System-Pipeline-Buffer-Op_-base_model.m_stage0.encoder.layer.0.intermediate.intermediate_act_fn-gelu_60-out_0-stage_id_0](buffer_size:4) 
 from [base_model.m_stage0.encoder.layer.0.intermediate.intermediate_act_fn-gelu_60] (stage_id:0) -> [base_model.m_stage0.encoder.layer.0.output.dense-broadcast_matmul_61_b_grad] (stage_id:0) 
I1222 14:40:24.240846 84065 pipeline_buffer_pass.cpp:117] 
 Insert buffer op : [System-Pipeline-Buffer-Op_-base_model.m_stage0.encoder.layer.0.intermediate.dense-broadcast_add_59-z_0-stage_id_0](buffer_size:4) 
 from [base_model.m_stage0.encoder.layer.0.intermediate.dense-broadcast_add_59] (stage_id:0) -> [base_model.m_stage0.encoder.layer.0.intermediate.intermediate_act_fn-gelu_60_grad] (stage_id:0) 
I1222 14:40:24.240911 84065 pipeline_buffer_pass.cpp:117] 
 Insert buffer op : [System-Pipeline-Buffer-Op_-base_model.m_stage0.encoder.layer.0.attention.output.LayerNorm-layer_norm_57-y_0-stage_id_0](buffer_size:4) 
 from [base_model.m_stage0.encoder.layer.0.attention.output.LayerNorm-layer_norm_57] (stage_id:0) -> [base_model.m_stage0.encoder.layer.0.intermediate.dense-broadcast_matmul_58_b_grad] (stage_id:0) 
I1222 14:40:24.240968 84065 pipeline_buffer_pass.cpp:117] 
 Insert buffer op : [System-Pipeline-Buffer-Op_-base_model.m_stage0.encoder.layer.0.attention.output.LayerNorm-layer_norm_57-normalized_0-stage_id_0](buffer_size:4) 
 from [base_model.m_stage0.encoder.layer.0.attention.output.LayerNorm-layer_norm_57] (stage_id:0) -> [base_model.m_stage0.encoder.layer.0.attention.output.LayerNorm-layer_norm_57_param_grad] (stage_id:0) 
I1222 14:40:24.241027 84065 pipeline_buffer_pass.cpp:117] 
 Insert buffer op : [System-Pipeline-Buffer-Op_-base_model.m_stage0.encoder.layer.0.attention.output.LayerNorm-layer_norm_57-mean_0-stage_id_0](buffer_size:4) 
 from [base_model.m_stage0.encoder.layer.0.attention.output.LayerNorm-layer_norm_57] (stage_id:0) -> [base_model.m_stage0.encoder.layer.0.attention.output.LayerNorm-layer_norm_57_grad] (stage_id:0) 
I1222 14:40:24.241080 84065 pipeline_buffer_pass.cpp:117] 
 Insert buffer op : [System-Pipeline-Buffer-Op_-base_model.m_stage0.encoder.layer.0.attention.output.LayerNorm-layer_norm_57-inv_variance_0-stage_id_0](buffer_size:4) 
 from [base_model.m_stage0.encoder.layer.0.attention.output.LayerNorm-layer_norm_57] (stage_id:0) -> [base_model.m_stage0.encoder.layer.0.attention.output.LayerNorm-layer_norm_57_grad] (stage_id:0) 
I1222 14:40:24.241132 84065 pipeline_buffer_pass.cpp:117] 
 Insert buffer op : [System-Pipeline-Buffer-Op_-base_model.m_stage0.encoder.layer.0.attention.output-add_n_56-out_0-stage_id_0](buffer_size:4) 
 from [base_model.m_stage0.encoder.layer.0.attention.output-add_n_56] (stage_id:0) -> [base_model.m_stage0.encoder.layer.0.attention.output.LayerNorm-layer_norm_57_grad] (stage_id:0) 
I1222 14:40:24.241187 84065 pipeline_buffer_pass.cpp:117] 
 Insert buffer op : [System-Pipeline-Buffer-Op_-base_model.m_stage0.encoder.layer.0.attention.output.dropout-dropout_55-mask_0-stage_id_0](buffer_size:4) 
 from [base_model.m_stage0.encoder.layer.0.attention.output.dropout-dropout_55] (stage_id:0) -> [base_model.m_stage0.encoder.layer.0.attention.output.dropout-dropout_55_grad] (stage_id:0) 
I1222 14:40:24.241248 84065 pipeline_buffer_pass.cpp:117] 
 Insert buffer op : [System-Pipeline-Buffer-Op_-base_model.m_stage0.encoder.layer.0.attention.self-reshape_52-out_0-stage_id_0](buffer_size:4) 
 from [base_model.m_stage0.encoder.layer.0.attention.self-reshape_52] (stage_id:0) -> [base_model.m_stage0.encoder.layer.0.attention.output.dense-broadcast_matmul_53_b_grad] (stage_id:0) 
I1222 14:40:24.241307 84065 pipeline_buffer_pass.cpp:117] 
 Insert buffer op : [System-Pipeline-Buffer-Op_-base_model.m_stage0.encoder.layer.0.attention.self-transpose_43-output_0-stage_id_0](buffer_size:4) 
 from [base_model.m_stage0.encoder.layer.0.attention.self-transpose_43] (stage_id:0) -> [base_model.m_stage0.encoder.layer.0.attention.self-batch_matmul_50_grad_a] (stage_id:0) 
I1222 14:40:24.241392 84065 pipeline_buffer_pass.cpp:117] 
 Insert buffer op : [System-Pipeline-Buffer-Op_-base_model.m_stage0.encoder.layer.0.attention.self.dropout-dropout_49-out_0-stage_id_0](buffer_size:4) 
 from [base_model.m_stage0.encoder.layer.0.attention.self.dropout-dropout_49] (stage_id:0) -> [base_model.m_stage0.encoder.layer.0.attention.self-batch_matmul_50_grad_b] (stage_id:0) 
I1222 14:40:24.241887 84065 pipeline_buffer_pass.cpp:117] 
 Insert buffer op : [System-Pipeline-Buffer-Op_-base_model.m_stage0.encoder.layer.0.attention.self.dropout-dropout_49-mask_0-stage_id_0](buffer_size:4) 
 from [base_model.m_stage0.encoder.layer.0.attention.self.dropout-dropout_49] (stage_id:0) -> [base_model.m_stage0.encoder.layer.0.attention.self.dropout-dropout_49_grad] (stage_id:0) 
I1222 14:40:24.241946 84065 pipeline_buffer_pass.cpp:117] 
 Insert buffer op : [System-Pipeline-Buffer-Op_-base_model.m_stage0.encoder.layer.0.attention.self-softmax_48-out_0-stage_id_0](buffer_size:4) 
 from [base_model.m_stage0.encoder.layer.0.attention.self-softmax_48] (stage_id:0) -> [base_model.m_stage0.encoder.layer.0.attention.self-softmax_48_grad] (stage_id:0) 
I1222 14:40:24.242007 84065 pipeline_buffer_pass.cpp:117] 
 Insert buffer op : [System-Pipeline-Buffer-Op_-base_model.m_stage0.embeddings.dropout-dropout_25-out_0-stage_id_0](buffer_size:4) 
 from [base_model.m_stage0.embeddings.dropout-dropout_25] (stage_id:0) -> [base_model.m_stage0.encoder.layer.0.attention.self.value-broadcast_matmul_40_b_grad] (stage_id:0) 
I1222 14:40:24.242064 84065 pipeline_buffer_pass.cpp:117] 
 Insert buffer op : [System-Pipeline-Buffer-Op_-base_model.m_stage0.encoder.layer.0.attention.self-transpose_44-output_0-stage_id_0](buffer_size:4) 
 from [base_model.m_stage0.encoder.layer.0.attention.self-transpose_44] (stage_id:0) -> [base_model.m_stage0.encoder.layer.0.attention.self-batch_matmul_45_grad_a] (stage_id:0) 
I1222 14:40:24.242120 84065 pipeline_buffer_pass.cpp:117] 
 Insert buffer op : [System-Pipeline-Buffer-Op_-base_model.m_stage0.encoder.layer.0.attention.self-transpose_35-output_0-stage_id_0](buffer_size:4) 
 from [base_model.m_stage0.encoder.layer.0.attention.self-transpose_35] (stage_id:0) -> [base_model.m_stage0.encoder.layer.0.attention.self-batch_matmul_45_grad_b] (stage_id:0) 
I1222 14:40:24.242215 84065 pipeline_buffer_pass.cpp:117] 
 Insert buffer op : [System-Pipeline-Buffer-Op_-base_model.m_stage0.embeddings.dropout-dropout_25-mask_0-stage_id_0](buffer_size:4) 
 from [base_model.m_stage0.embeddings.dropout-dropout_25] (stage_id:0) -> [base_model.m_stage0.embeddings.dropout-dropout_25_grad] (stage_id:0) 
I1222 14:40:24.242273 84065 pipeline_buffer_pass.cpp:117] 
 Insert buffer op : [System-Pipeline-Buffer-Op_-base_model.m_stage0.embeddings.LayerNorm-layer_norm_24-normalized_0-stage_id_0](buffer_size:4) 
 from [base_model.m_stage0.embeddings.LayerNorm-layer_norm_24] (stage_id:0) -> [base_model.m_stage0.embeddings.LayerNorm-layer_norm_24_param_grad] (stage_id:0) 
I1222 14:40:24.242333 84065 pipeline_buffer_pass.cpp:117] 
 Insert buffer op : [System-Pipeline-Buffer-Op_-base_model.m_stage0.embeddings-broadcast_add_23-z_0-stage_id_0](buffer_size:4) 
 from [base_model.m_stage0.embeddings-broadcast_add_23] (stage_id:0) -> [base_model.m_stage0.embeddings.LayerNorm-layer_norm_24_grad] (stage_id:0) 
I1222 14:40:24.242389 84065 pipeline_buffer_pass.cpp:117] 
 Insert buffer op : [System-Pipeline-Buffer-Op_-base_model.m_stage0.embeddings.LayerNorm-layer_norm_24-mean_0-stage_id_0](buffer_size:4) 
 from [base_model.m_stage0.embeddings.LayerNorm-layer_norm_24] (stage_id:0) -> [base_model.m_stage0.embeddings.LayerNorm-layer_norm_24_grad] (stage_id:0) 
I1222 14:40:24.242439 84065 pipeline_buffer_pass.cpp:117] 
 Insert buffer op : [System-Pipeline-Buffer-Op_-base_model.m_stage0.embeddings.LayerNorm-layer_norm_24-inv_variance_0-stage_id_0](buffer_size:4) 
 from [base_model.m_stage0.embeddings.LayerNorm-layer_norm_24] (stage_id:0) -> [base_model.m_stage0.embeddings.LayerNorm-layer_norm_24_grad] (stage_id:0) 
I1222 14:40:24.242543 84065 pipeline_buffer_pass.cpp:117] 
 Insert buffer op : [System-Pipeline-Buffer-Op_-base_model.m_stage0.embeddings.position_embeddings-gather_20-out_0-stage_id_0](buffer_size:4) 
 from [base_model.m_stage0.embeddings.position_embeddings-gather_20] (stage_id:0) -> [base_model.m_stage0.embeddings-broadcast_add_23_y_grad_reduce_sum_like] (stage_id:0) 
I1222 14:40:24.243041 84065 pipeline_buffer_pass.cpp:117] 
 Insert buffer op : [System-Pipeline-Buffer-Op_-base_model.m_stage0.embeddings-slice_19-y_0-stage_id_0](buffer_size:4) 
 from [base_model.m_stage0.embeddings-slice_19] (stage_id:0) -> [base_model.m_stage0.embeddings.position_embeddings-gather_20_grad] (stage_id:0) 
I1222 14:40:24.243105 84065 pipeline_buffer_pass.cpp:117] 
 Insert buffer op : [System-Pipeline-Buffer-Op_-base_model-identity_15-out_0-stage_id_0](buffer_size:4) 
 from [base_model-identity_15] (stage_id:0) -> [base_model.m_stage0.embeddings.word_embeddings-gather_18_grad] (stage_id:0) 
I1222 14:40:24.243170 84065 pipeline_buffer_pass.cpp:117] 
 Insert buffer op : [System-Pipeline-Buffer-Op_-base_model-identity_16-out_0-stage_id_0](buffer_size:4) 
 from [base_model-identity_16] (stage_id:0) -> [base_model.m_stage0.embeddings.token_type_embeddings-gather_21_grad] (stage_id:0) 
I1222 14:40:24.243732 84065 pipeline_buffer_pass.cpp:117] 
 Insert buffer op : [System-Pipeline-Buffer-Op_-_train_data_loader-hierarchical_parallel_cast_8-out_0-stage_id_0](buffer_size:4) 
 from [_train_data_loader-hierarchical_parallel_cast_8] (stage_id:0) -> [base_model-identity_15] (stage_id:0) 
I1222 14:40:24.243813 84065 pipeline_buffer_pass.cpp:117] 
 Insert buffer op : [System-Pipeline-Buffer-Op_-_train_data_loader-hierarchical_parallel_cast_11-out_0-stage_id_0](buffer_size:4) 
 from [_train_data_loader-hierarchical_parallel_cast_11] (stage_id:0) -> [base_model-identity_16] (stage_id:0) 
I1222 14:40:24.243871 84065 pipeline_buffer_pass.cpp:117] 
 Insert buffer op : [System-Pipeline-Buffer-Op_-_train_data_loader-hierarchical_parallel_cast_10-out_0-stage_id_0](buffer_size:4) 
 from [_train_data_loader-hierarchical_parallel_cast_10] (stage_id:0) -> [base_model-identity_17] (stage_id:0) 
I1222 14:40:24.244443 84065 pipeline_buffer_pass.cpp:212] 
 Insert buffer op pair : src_buffer = <System-Pipeline-Buffer-Op_-base_model-identity_440-out_0>(buffer_size:1) , dst_buffer = <System-Pipeline-Buffer-Op_-base_model-identity_440-out_0-stage_id_1>(buffer_size:1) 
 from [base_model-identity_440] (stage_id:0) -> [base_model-identity_441] (stage_id:1) 
I1222 14:40:24.244508 84065 pipeline_buffer_pass.cpp:117] 
 Insert buffer op : [System-Pipeline-Buffer-Op_-_train_data_loader-hierarchical_parallel_cast_10-out_0-stage_id_1](buffer_size:4) 
 from [_train_data_loader-hierarchical_parallel_cast_10] (stage_id:0) -> [base_model-identity_442] (stage_id:1) 
I1222 14:40:24.245067 84065 pipeline_buffer_pass.cpp:117] 
 Insert buffer op : [System-Pipeline-Buffer-Op_-_train_data_loader-hierarchical_parallel_cast_9-out_0-stage_id_1](buffer_size:4) 
 from [_train_data_loader-hierarchical_parallel_cast_9] (stage_id:0) -> [reshape_872] (stage_id:1) 
I1222 14:40:24.245139 84065 pipeline_buffer_pass.cpp:117] 
 Insert buffer op : [System-Pipeline-Buffer-Op_-_train_data_loader-hierarchical_parallel_cast_13-out_0-stage_id_1](buffer_size:4) 
 from [_train_data_loader-hierarchical_parallel_cast_13] (stage_id:0) -> [expand_dims_880] (stage_id:1) 
I1222 14:40:24.245200 84065 pipeline_buffer_pass.cpp:117] 
 Insert buffer op : [System-Pipeline-Buffer-Op_-_train_data_loader-hierarchical_parallel_cast_12-out_0-stage_id_1](buffer_size:4) 
 from [_train_data_loader-hierarchical_parallel_cast_12] (stage_id:0) -> [reshape_884] (stage_id:1) 
I1222 14:40:24.245260 84065 pipeline_buffer_pass.cpp:117] 
 Insert buffer op : [System-Pipeline-Buffer-Op_-_train_data_loader-hierarchical_parallel_cast_14-out_0-stage_id_1](buffer_size:4) 
 from [_train_data_loader-hierarchical_parallel_cast_14] (stage_id:0) -> [multiply_891] (stage_id:1) 
I1222 14:40:24.246565 84065 pipeline_buffer_pass.cpp:212] 
 Insert buffer op pair : src_buffer = <System-Pipeline-Buffer-Op_-base_model-identity_441_grad-out_0>(buffer_size:1) , dst_buffer = <System-Pipeline-Buffer-Op_-base_model-identity_441_grad-out_0-stage_id_0>(buffer_size:1) 
 from [base_model-identity_441_grad] (stage_id:1) -> [base_model-identity_440_grad] (stage_id:0) 
I1222 14:40:25.289937 84065 global.h:43] DeleteGlobal N7oneflow7JobDescE
I1222 14:40:26.457352 84065 global.h:36] NewGlobal N7oneflow7JobDescE
I1222 14:40:46.375526 84065 runtime_context.cpp:21] NewCounter constructing_actor_cnt 3146
I1222 14:40:46.376914 84513 naive_actor.cpp:25] actor 37391985281837 switch to &NaiveActor::HandlerNormal
I1222 14:40:46.377323 84521 wait_and_send_ids_actor.cpp:53] actor 36284020031488 switch to &WaitAndSendIdsActor::HandlerWaitToStart
I1222 14:40:46.377115 84513 thread.cpp:99] Thread 17829888 construct Actor kDeviceTick 37391985281837
I1222 14:40:46.377422 84521 thread.cpp:99] Thread 17301569 construct Actor kWaitAndSendIds 36284020031488
I1222 14:40:46.378046 84513 runtime_context.cpp:29] DecreaseCounter constructing_actor_cnt, current val is 3145
I1222 14:40:46.378064 84521 runtime_context.cpp:29] DecreaseCounter constructing_actor_cnt, current val is 3144
I1222 14:40:46.379510 84513 naive_actor.cpp:25] actor 37391985281835 switch to &NaiveActor::HandlerNormal
I1222 14:40:46.379609 84513 thread.cpp:99] Thread 17829888 construct Actor kDeviceTick 37391985281835
I1222 14:40:46.379740 84513 runtime_context.cpp:29] DecreaseCounter constructing_actor_cnt, current val is 3143
I1222 14:40:46.380175 84513 naive_actor.cpp:25] actor 37391985281832 switch to &NaiveActor::HandlerNormal
I1222 14:40:46.380251 84513 thread.cpp:99] Thread 17829888 construct Actor kDeviceTick 37391985281832
I1222 14:40:46.380343 84513 runtime_context.cpp:29] DecreaseCounter constructing_actor_cnt, current val is 3142
I1222 14:40:46.380733 84513 naive_actor.cpp:25] actor 37391985281841 switch to &NaiveActor::HandlerNormal
I1222 14:40:46.380818 84513 thread.cpp:99] Thread 17829888 construct Actor kDeviceTick 37391985281841
I1222 14:40:46.380913 84513 runtime_context.cpp:29] DecreaseCounter constructing_actor_cnt, current val is 3141
I1222 14:40:46.381286 84513 naive_actor.cpp:25] actor 37391985281839 switch to &NaiveActor::HandlerNormal
I1222 14:40:46.381357 84513 thread.cpp:99] Thread 17829888 construct Actor kDeviceTick 37391985281839
I1222 14:40:46.381444 84513 runtime_context.cpp:29] DecreaseCounter constructing_actor_cnt, current val is 3140
I1222 14:40:46.527429 84520 naive_actor.cpp:25] actor 37391987376128 switch to &NaiveActor::HandlerNormal
I1222 14:40:46.527448 84517 naive_actor.cpp:25] actor 37391991570450 switch to &NaiveActor::HandlerNormal
I1222 14:40:46.527506 84525 naive_actor.cpp:25] actor 37391989473280 switch to &NaiveActor::HandlerNormal
I1222 14:40:46.527566 84520 thread.cpp:99] Thread 17829889 construct Actor kCopyHd 37391987376128
I1222 14:40:46.527568 84515 copy_comm_net_actor.cpp:66] actor 36284028420098 switch to &CopyCommNetActor::HandlerNormal
I1222 14:40:46.527683 84517 thread.cpp:99] Thread 17829891 construct Actor kCollectiveBoxingGeneric 37391991570450
I1222 14:40:46.527686 84514 sink_actor.cpp:21] actor 36284022128640 switch to &SinkActor::HandlerNormal
I1222 14:40:46.527696 84508 naive_actor.cpp:25] actor 36283892105216 switch to &NaiveActor::HandlerNormal
I1222 14:40:46.527698 84511 naive_actor.cpp:25] actor 36283883716608 switch to &NaiveActor::HandlerNormal
I1222 14:40:46.527818 84509 naive_actor.cpp:25] actor 36283887910912 switch to &NaiveActor::HandlerNormal
I1222 14:40:46.527798 84506 naive_actor.cpp:25] actor 36283885813760 switch to &NaiveActor::HandlerNormal
I1222 14:40:46.527834 84513 naive_actor.cpp:25] actor 37391985278993 switch to &NaiveActor::HandlerNormal
I1222 14:40:46.527902 84525 thread.cpp:99] Thread 17829890 construct Actor kCopyHd 37391989473280
I1222 14:40:46.527905 84507 naive_actor.cpp:25] actor 36283890008064 switch to &NaiveActor::HandlerNormal
I1222 14:40:46.527971 84505 naive_actor.cpp:25] actor 36283896299520 switch to &NaiveActor::HandlerNormal
I1222 14:40:46.528028 84520 runtime_context.cpp:29] DecreaseCounter constructing_actor_cnt, current val is 3139
I1222 14:40:46.528131 84515 thread.cpp:99] Thread 17301573 construct Actor kCopyCommNet 36284028420098
I1222 14:40:46.528137 84518 naive_actor.cpp:25] actor 36284017934341 switch to &NaiveActor::HandlerNormal
I1222 14:40:46.528133 84510 naive_actor.cpp:25] actor 36283894202368 switch to &NaiveActor::HandlerNormal
I1222 14:40:46.528303 84517 runtime_context.cpp:29] DecreaseCounter constructing_actor_cnt, current val is 3138
I1222 14:40:46.528344 84514 thread.cpp:99] Thread 17301570 construct Actor kCallbackNotify 36284022128640
I1222 14:40:46.528407 84526 naive_actor.cpp:25] actor 36283900493824 switch to &NaiveActor::HandlerNormal
I1222 14:40:46.528470 84508 thread.cpp:99] Thread 17301508 construct Actor kNormalForward 36283892105216
I1222 14:40:46.528560 84523 naive_actor.cpp:25] actor 36283898396672 switch to &NaiveActor::HandlerNormal
I1222 14:40:46.528591 84522 naive_actor.cpp:25] actor 36284024225792 switch to &NaiveActor::HandlerNormal
I1222 14:40:46.528600 84511 thread.cpp:99] Thread 17301504 construct Actor kNormalForward 36283883716608
I1222 14:40:46.528656 84509 thread.cpp:99] Thread 17301506 construct Actor kNormalForward 36283887910912
I1222 14:40:46.528733 84527 naive_actor.cpp:25] actor 36284026322944 switch to &NaiveActor::HandlerNormal
I1222 14:40:46.528803 84506 thread.cpp:99] Thread 17301505 construct Actor kNormalForward 36283885813760
I1222 14:40:46.528950 84513 thread.cpp:99] Thread 17829888 construct Actor kNormalForward 37391985278993
I1222 14:40:46.529088 84525 runtime_context.cpp:29] DecreaseCounter constructing_actor_cnt, current val is 3137
I1222 14:40:46.529282 84507 thread.cpp:99] Thread 17301507 construct Actor kNormalForward 36283890008064
I1222 14:40:46.529937 84505 thread.cpp:99] Thread 17301510 construct Actor kNormalForward 36283896299520
I1222 14:40:46.530141 84515 runtime_context.cpp:29] DecreaseCounter constructing_actor_cnt, current val is 3136
I1222 14:40:46.530196 84520 naive_actor.cpp:25] actor 37391987376134 switch to &NaiveActor::HandlerNormal
I1222 14:40:46.531417 84525 naive_actor.cpp:25] actor 37391989473281 switch to &NaiveActor::HandlerNormal
I1222 14:40:46.530306 84510 thread.cpp:99] Thread 17301509 construct Actor kNormalForward 36283894202368
I1222 14:40:46.530483 84514 runtime_context.cpp:29] DecreaseCounter constructing_actor_cnt, current val is 3135
I1222 14:40:46.530516 84526 thread.cpp:99] Thread 17301512 construct Actor kNormalForward 36283900493824
I1222 14:40:46.530634 84517 naive_actor.cpp:25] actor 37391991570476 switch to &NaiveActor::HandlerNormal
I1222 14:40:46.530673 84508 runtime_context.cpp:29] DecreaseCounter constructing_actor_cnt, current val is 3134
I1222 14:40:46.530680 84523 thread.cpp:99] Thread 17301511 construct Actor kNormalForward 36283898396672
I1222 14:40:46.530719 84522 thread.cpp:99] Thread 17301571 construct Actor kCriticalSectionWaitTick 36284024225792
I1222 14:40:46.530906 84509 runtime_context.cpp:29] DecreaseCounter constructing_actor_cnt, current val is 3133
I1222 14:40:46.530913 84511 runtime_context.cpp:29] DecreaseCounter constructing_actor_cnt, current val is 3132
I1222 14:40:46.530943 84527 thread.cpp:99] Thread 17301572 construct Actor kCriticalSectionWaitTick 36284026322944
I1222 14:40:46.531080 84506 runtime_context.cpp:29] DecreaseCounter constructing_actor_cnt, current val is 3131
I1222 14:40:46.531155 84513 runtime_context.cpp:29] DecreaseCounter constructing_actor_cnt, current val is 3130
I1222 14:40:46.531280 84507 runtime_context.cpp:29] DecreaseCounter constructing_actor_cnt, current val is 3129
I1222 14:40:46.531361 84505 runtime_context.cpp:29] DecreaseCounter constructing_actor_cnt, current val is 3128
I1222 14:40:46.530202 84518 thread.cpp:99] Thread 17301568 construct Actor kTick 36284017934341
I1222 14:40:46.531422 84520 thread.cpp:99] Thread 17829889 construct Actor kCopyHd 37391987376134
I1222 14:40:46.531553 84525 thread.cpp:99] Thread 17829890 construct Actor kCopyHd 37391989473281
I1222 14:40:46.531630 84515 copy_comm_net_actor.cpp:66] actor 36284028420099 switch to &CopyCommNetActor::HandlerNormal
I1222 14:40:46.531765 84510 runtime_context.cpp:29] DecreaseCounter constructing_actor_cnt, current val is 3127
I1222 14:40:46.531898 84517 thread.cpp:99] Thread 17829891 construct Actor kCollectiveBoxingGeneric 37391991570476
I1222 14:40:46.531900 84526 runtime_context.cpp:29] DecreaseCounter constructing_actor_cnt, current val is 3126
I1222 14:40:46.532114 84522 runtime_context.cpp:29] DecreaseCounter constructing_actor_cnt, current val is 3125
I1222 14:40:46.532124 84523 runtime_context.cpp:29] DecreaseCounter constructing_actor_cnt, current val is 3124
I1222 14:40:46.532274 84527 runtime_context.cpp:29] DecreaseCounter constructing_actor_cnt, current val is 3123
I1222 14:40:46.532626 84518 runtime_context.cpp:29] DecreaseCounter constructing_actor_cnt, current val is 3122
I1222 14:40:46.532727 84520 runtime_context.cpp:29] DecreaseCounter constructing_actor_cnt, current val is 3121
I1222 14:40:46.533336 84525 runtime_context.cpp:29] DecreaseCounter constructing_actor_cnt, current val is 3120
I1222 14:40:46.533413 84515 thread.cpp:99] Thread 17301573 construct Actor kCopyCommNet 36284028420099
I1222 14:40:46.533589 84517 runtime_context.cpp:29] DecreaseCounter constructing_actor_cnt, current val is 3119
I1222 14:40:46.533915 84513 naive_actor.cpp:25] actor 37391985278997 switch to &NaiveActor::HandlerNormal
I1222 14:40:46.534258 84520 naive_actor.cpp:25] actor 37391987376130 switch to &NaiveActor::HandlerNormal
I1222 14:40:46.534580 84525 naive_actor.cpp:25] actor 37391989473283 switch to &NaiveActor::HandlerNormal
I1222 14:40:46.534512 84513 thread.cpp:99] Thread 17829888 construct Actor kNormalForward 37391985278997
I1222 14:40:46.534345 84515 runtime_context.cpp:29] DecreaseCounter constructing_actor_cnt, current val is 3118
I1222 14:40:46.534591 84520 thread.cpp:99] Thread 17829889 construct Actor kCopyHd 37391987376130
I1222 14:40:46.534602 84518 naive_actor.cpp:25] actor 36284017934343 switch to &NaiveActor::HandlerNormal
I1222 14:40:46.534675 84525 thread.cpp:99] Thread 17829890 construct Actor kCopyHd 37391989473283
I1222 14:40:46.534746 84517 naive_actor.cpp:25] actor 37391991570502 switch to &NaiveActor::HandlerNormal
I1222 14:40:46.534869 84513 runtime_context.cpp:29] DecreaseCounter constructing_actor_cnt, current val is 3117
I1222 14:40:46.534889 84520 runtime_context.cpp:29] DecreaseCounter constructing_actor_cnt, current val is 3116
I1222 14:40:46.534967 84518 thread.cpp:99] Thread 17301568 construct Actor kDstSubsetTick 36284017934343
I1222 14:40:46.535069 84525 runtime_context.cpp:29] DecreaseCounter constructing_actor_cnt, current val is 3115
I1222 14:40:46.535068 84515 copy_comm_net_actor.cpp:66] actor 36284028420097 switch to &CopyCommNetActor::HandlerNormal
I1222 14:40:46.535138 84517 thread.cpp:99] Thread 17829891 construct Actor kCollectiveBoxingGeneric 37391991570502
I1222 14:40:46.535403 84520 naive_actor.cpp:25] actor 37391987376142 switch to &NaiveActor::HandlerNormal
I1222 14:40:46.535694 84517 runtime_context.cpp:29] DecreaseCounter constructing_actor_cnt, current val is 3113
I1222 14:40:46.535545 84515 thread.cpp:99] Thread 17301573 construct Actor kCopyCommNet 36284028420097
I1222 14:40:46.535408 84518 runtime_context.cpp:29] DecreaseCounter constructing_actor_cnt, current val is 3114
I1222 14:40:46.535708 84520 thread.cpp:99] Thread 17829889 construct Actor kCopyHd 37391987376142
I1222 14:40:46.535868 84515 runtime_context.cpp:29] DecreaseCounter constructing_actor_cnt, current val is 3112
I1222 14:40:46.535871 84525 naive_actor.cpp:25] actor 37391989473282 switch to &NaiveActor::HandlerNormal
I1222 14:40:46.536016 84520 runtime_context.cpp:29] DecreaseCounter constructing_actor_cnt, current val is 3111
I1222 14:40:46.536036 84517 naive_actor.cpp:25] actor 37391991570517 switch to &NaiveActor::HandlerNormal
I1222 14:40:46.536211 84525 thread.cpp:99] Thread 17829890 construct Actor kCopyHd 37391989473282
I1222 14:40:46.536325 84515 copy_comm_net_actor.cpp:66] actor 36284028420100 switch to &CopyCommNetActor::HandlerNormal
I1222 14:40:46.536327 84517 thread.cpp:99] Thread 17829891 construct Actor kCollectiveBoxingGeneric 37391991570517
I1222 14:40:46.536428 84520 naive_actor.cpp:25] actor 37391987376143 switch to &NaiveActor::HandlerNormal
I1222 14:40:46.536549 84518 naive_actor.cpp:25] actor 36284017934337 switch to &NaiveActor::HandlerNormal
I1222 14:40:46.536610 84525 runtime_context.cpp:29] DecreaseCounter constructing_actor_cnt, current val is 3110
I1222 14:40:46.537025 84515 thread.cpp:99] Thread 17301573 construct Actor kCopyCommNet 36284028420100
I1222 14:40:46.537097 84517 runtime_context.cpp:29] DecreaseCounter constructing_actor_cnt, current val is 3109
I1222 14:40:46.537114 84520 thread.cpp:99] Thread 17829889 construct Actor kCopyHd 37391987376143
I1222 14:40:46.537201 84513 naive_actor.cpp:25] actor 37391985278982 switch to &NaiveActor::HandlerNormal
I1222 14:40:46.537231 84518 thread.cpp:99] Thread 17301568 construct Actor kTick 36284017934337
I1222 14:40:46.537515 84515 runtime_context.cpp:29] DecreaseCounter constructing_actor_cnt, current val is 3108
I1222 14:40:46.537565 84520 runtime_context.cpp:29] DecreaseCounter constructing_actor_cnt, current val is 3107
I1222 14:40:46.537645 84513 thread.cpp:99] Thread 17829888 construct Actor kNormalForward 37391985278982
I1222 14:40:46.537668 84525 naive_actor.cpp:25] actor 37391989473284 switch to &NaiveActor::HandlerNormal
I1222 14:40:46.537746 84517 naive_actor.cpp:25] actor 37391991570446 switch to &NaiveActor::HandlerNormal
I1222 14:40:46.537779 84518 runtime_context.cpp:29] DecreaseCounter constructing_actor_cnt, current val is 3106
I1222 14:40:46.537974 84520 naive_actor.cpp:25] actor 37391987376132 switch to &NaiveActor::HandlerNormal
I1222 14:40:46.538033 84513 runtime_context.cpp:29] DecreaseCounter constructing_actor_cnt, current val is 3105
I1222 14:40:46.538033 84525 thread.cpp:99] Thread 17829890 construct Actor kCopyHd 37391989473284
I1222 14:40:46.538081 84517 thread.cpp:99] Thread 17829891 construct Actor kCollectiveBoxingGeneric 37391991570446
I1222 14:40:46.538089 84515 copy_comm_net_actor.cpp:66] actor 36284028420116 switch to &CopyCommNetActor::HandlerNormal
I1222 14:40:46.538246 84520 thread.cpp:99] Thread 17829889 construct Actor kCopyHd 37391987376132
I1222 14:40:46.538502 84525 runtime_context.cpp:29] DecreaseCounter constructing_actor_cnt, current val is 3104
I1222 14:40:46.538517 84517 runtime_context.cpp:29] DecreaseCounter constructing_actor_cnt, current val is 3103
I1222 14:40:46.538575 84515 thread.cpp:99] Thread 17301573 construct Actor kCopyCommNet 36284028420116
I1222 14:40:46.538676 84520 runtime_context.cpp:29] DecreaseCounter constructing_actor_cnt, current val is 3102
I1222 14:40:46.538890 84515 runtime_context.cpp:29] DecreaseCounter constructing_actor_cnt, current val is 3101
I1222 14:40:46.538997 84517 naive_actor.cpp:25] actor 37391991570473 switch to &NaiveActor::HandlerNormal
I1222 14:40:46.538970 84518 naive_actor.cpp:25] actor 36284017934345 switch to &NaiveActor::HandlerNormal
I1222 14:40:46.539026 84513 naive_actor.cpp:25] actor 37391985279025 switch to &NaiveActor::HandlerNormal
I1222 14:40:46.539047 84520 naive_actor.cpp:25] actor 37391987376141 switch to &NaiveActor::HandlerNormal
I1222 14:40:46.539089 84517 thread.cpp:99] Thread 17829891 construct Actor kCollectiveBoxingGeneric 37391991570473
I1222 14:40:46.539184 84518 thread.cpp:99] Thread 17301568 construct Actor kDstSubsetTick 36284017934345
I1222 14:40:46.539252 84515 copy_comm_net_actor.cpp:66] actor 36284028420102 switch to &CopyCommNetActor::HandlerNormal
I1222 14:40:46.539261 84513 thread.cpp:99] Thread 17829888 construct Actor kNormalForward 37391985279025
I1222 14:40:46.539322 84520 thread.cpp:99] Thread 17829889 construct Actor kCopyHd 37391987376141
I1222 14:40:46.539383 84517 runtime_context.cpp:29] DecreaseCounter constructing_actor_cnt, current val is 3100
I1222 14:40:46.539480 84515 thread.cpp:99] Thread 17301573 construct Actor kCopyCommNet 36284028420102
I1222 14:40:46.539486 84518 runtime_context.cpp:29] DecreaseCounter constructing_actor_cnt, current val is 3099
I1222 14:40:46.539625 84520 runtime_context.cpp:29] DecreaseCounter constructing_actor_cnt, current val is 3098
I1222 14:40:46.539628 84513 runtime_context.cpp:29] DecreaseCounter constructing_actor_cnt, current val is 3097
I1222 14:40:46.539966 84517 naive_actor.cpp:25] actor 37391991570499 switch to &NaiveActor::HandlerNormal
I1222 14:40:46.540524 84520 naive_actor.cpp:25] actor 37391987376138 switch to &NaiveActor::HandlerNormal
I1222 14:40:46.540259 84515 runtime_context.cpp:29] DecreaseCounter constructing_actor_cnt, current val is 3096
I1222 14:40:46.540537 84517 thread.cpp:99] Thread 17829891 construct Actor kCollectiveBoxingGeneric 37391991570499
I1222 14:40:46.540643 84520 thread.cpp:99] Thread 17829889 construct Actor kCopyHd 37391987376138
I1222 14:40:46.540877 84517 runtime_context.cpp:29] DecreaseCounter constructing_actor_cnt, current val is 3095
I1222 14:40:46.540959 84515 copy_comm_net_actor.cpp:66] actor 36284028420107 switch to &CopyCommNetActor::HandlerNormal
I1222 14:40:46.541138 84518 naive_actor.cpp:25] actor 36284017934344 switch to &NaiveActor::HandlerNormal
I1222 14:40:46.540966 84520 runtime_context.cpp:29] DecreaseCounter constructing_actor_cnt, current val is 3094
I1222 14:40:46.541157 84515 thread.cpp:99] Thread 17301573 construct Actor kCopyCommNet 36284028420107
I1222 14:40:46.541251 84518 thread.cpp:99] Thread 17301568 construct Actor kSrcSubsetTick 36284017934344
I1222 14:40:46.541258 84517 naive_actor.cpp:25] actor 37391991570438 switch to &NaiveActor::HandlerNormal
I1222 14:40:46.541415 84515 runtime_context.cpp:29] DecreaseCounter constructing_actor_cnt, current val is 3093
I1222 14:40:46.541455 84520 naive_actor.cpp:25] actor 37391987376146 switch to &NaiveActor::HandlerNormal
I1222 14:40:46.541525 84518 runtime_context.cpp:29] DecreaseCounter constructing_actor_cnt, current val is 3092
I1222 14:40:46.541570 84517 thread.cpp:99] Thread 17829891 construct Actor kCollectiveBoxingGeneric 37391991570438
I1222 14:40:46.541724 84520 thread.cpp:99] Thread 17829889 construct Actor kCopyHd 37391987376146
I1222 14:40:46.541879 84515 copy_comm_net_actor.cpp:66] actor 36284028420101 switch to &CopyCommNetActor::HandlerNormal
I1222 14:40:46.541913 84517 runtime_context.cpp:29] DecreaseCounter constructing_actor_cnt, current val is 3091
I1222 14:40:46.541962 84520 runtime_context.cpp:29] DecreaseCounter constructing_actor_cnt, current val is 3090
I1222 14:40:46.542062 84515 thread.cpp:99] Thread 17301573 construct Actor kCopyCommNet 36284028420101
I1222 14:40:46.542318 84515 runtime_context.cpp:29] DecreaseCounter constructing_actor_cnt, current val is 3089
I1222 14:40:46.542376 84517 naive_actor.cpp:25] actor 37391991570463 switch to &NaiveActor::HandlerNormal
I1222 14:40:46.542354 84520 naive_actor.cpp:25] actor 37391987376133 switch to &NaiveActor::HandlerNormal
I1222 14:40:46.542526 84517 thread.cpp:99] Thread 17829891 construct Actor kCollectiveBoxingGeneric 37391991570463
I1222 14:40:46.542567 84520 thread.cpp:99] Thread 17829889 construct Actor kCopyHd 37391987376133
I1222 14:40:46.542654 84517 runtime_context.cpp:29] DecreaseCounter constructing_actor_cnt, current val is 3088
I1222 14:40:46.542651 84518 naive_actor.cpp:25] actor 36284017934342 switch to &NaiveActor::HandlerNormal
I1222 14:40:46.542632 84515 copy_comm_net_actor.cpp:66] actor 36284028420118 switch to &CopyCommNetActor::HandlerNormal
I1222 14:40:46.542706 84520 runtime_context.cpp:29] DecreaseCounter constructing_actor_cnt, current val is 3087
I1222 14:40:46.542745 84513 naive_actor.cpp:25] actor 37391985279029 switch to &NaiveActor::HandlerNormal
I1222 14:40:46.542847 84518 thread.cpp:99] Thread 17301568 construct Actor kSrcSubsetTick 36284017934342
I1222 14:40:46.542928 84517 naive_actor.cpp:25] actor 37391991570439 switch to &NaiveActor::HandlerNormal
I1222 14:40:46.542933 84515 thread.cpp:99] Thread 17301573 construct Actor kCopyCommNet 36284028420118
I1222 14:40:46.543102 84513 thread.cpp:99] Thread 17829888 construct Actor kNormalForward 37391985279029
I1222 14:40:46.543124 84520 naive_actor.cpp:25] actor 37391987376139 switch to &NaiveActor::HandlerNormal
I1222 14:40:46.543231 84517 thread.cpp:99] Thread 17829891 construct Actor kCollectiveBoxingGeneric 37391991570439
I1222 14:40:46.544039 84513 runtime_context.cpp:29] DecreaseCounter constructing_actor_cnt, current val is 3084
I1222 14:40:46.543417 84515 runtime_context.cpp:29] DecreaseCounter constructing_actor_cnt, current val is 3085
I1222 14:40:46.543996 84520 thread.cpp:99] Thread 17829889 construct Actor kCopyHd 37391987376139
I1222 14:40:46.543242 84518 runtime_context.cpp:29] DecreaseCounter constructing_actor_cnt, current val is 3086
I1222 14:40:46.544080 84517 runtime_context.cpp:29] DecreaseCounter constructing_actor_cnt, current val is 3083
I1222 14:40:46.544289 84520 runtime_context.cpp:29] DecreaseCounter constructing_actor_cnt, current val is 3082
I1222 14:40:46.544450 84515 copy_comm_net_actor.cpp:66] actor 36284028420115 switch to &CopyCommNetActor::HandlerNormal
I1222 14:40:46.544580 84515 thread.cpp:99] Thread 17301573 construct Actor kCopyCommNet 36284028420115
I1222 14:40:46.544602 84517 naive_actor.cpp:25] actor 37391991570577 switch to &NaiveActor::HandlerNormal
I1222 14:40:46.544721 84515 runtime_context.cpp:29] DecreaseCounter constructing_actor_cnt, current val is 3081
I1222 14:40:46.544751 84517 thread.cpp:99] Thread 17829891 construct Actor kCollectiveBoxingGeneric 37391991570577
I1222 14:40:46.544927 84517 runtime_context.cpp:29] DecreaseCounter constructing_actor_cnt, current val is 3080
I1222 14:40:46.544919 84520 naive_actor.cpp:25] actor 37391987376131 switch to &NaiveActor::HandlerNormal
I1222 14:40:46.545056 84515 copy_comm_net_actor.cpp:66] actor 36284028420103 switch to &CopyCommNetActor::HandlerNormal
I1222 14:40:46.544929 84518 naive_actor.cpp:25] actor 36284017934339 switch to &NaiveActor::HandlerNormal
I1222 14:40:46.545068 84520 thread.cpp:99] Thread 17829889 construct Actor kCopyHd 37391987376131
I1222 14:40:46.545193 84517 naive_actor.cpp:25] actor 37391991570466 switch to &NaiveActor::HandlerNormal
I1222 14:40:46.545194 84515 thread.cpp:99] Thread 17301573 construct Actor kCopyCommNet 36284028420103
I1222 14:40:46.545290 84518 thread.cpp:99] Thread 17301568 construct Actor kTick 36284017934339
I1222 14:40:46.545542 84515 runtime_context.cpp:29] DecreaseCounter constructing_actor_cnt, current val is 3078
I1222 14:40:46.545439 84517 thread.cpp:99] Thread 17829891 construct Actor kCollectiveBoxingGeneric 37391991570466
I1222 14:40:46.545408 84520 runtime_context.cpp:29] DecreaseCounter constructing_actor_cnt, current val is 3079
I1222 14:40:46.545619 84518 runtime_context.cpp:29] DecreaseCounter constructing_actor_cnt, current val is 3077
I1222 14:40:46.545629 84513 naive_actor.cpp:25] actor 37391985279014 switch to &NaiveActor::HandlerNormal
I1222 14:40:46.545933 84520 naive_actor.cpp:25] actor 37391987376140 switch to &NaiveActor::HandlerNormal
I1222 14:40:46.545833 84515 copy_comm_net_actor.cpp:66] actor 36284028420096 switch to &CopyCommNetActor::HandlerNormal
I1222 14:40:46.545708 84517 runtime_context.cpp:29] DecreaseCounter constructing_actor_cnt, current val is 3076
I1222 14:40:46.545941 84513 thread.cpp:99] Thread 17829888 construct Actor kNormalForward 37391985279014
I1222 14:40:46.545991 84520 thread.cpp:99] Thread 17829889 construct Actor kCopyHd 37391987376140
I1222 14:40:46.546093 84515 thread.cpp:99] Thread 17301573 construct Actor kCopyCommNet 36284028420096
I1222 14:40:46.546322 84520 runtime_context.cpp:29] DecreaseCounter constructing_actor_cnt, current val is 3075
I1222 14:40:46.546353 84517 naive_actor.cpp:25] actor 37391991570545 switch to &NaiveActor::HandlerNormal
I1222 14:40:46.546362 84515 runtime_context.cpp:29] DecreaseCounter constructing_actor_cnt, current val is 3073
I1222 14:40:46.546340 84513 runtime_context.cpp:29] DecreaseCounter constructing_actor_cnt, current val is 3074
I1222 14:40:46.546444 84517 thread.cpp:99] Thread 17829891 construct Actor kCollectiveBoxingGeneric 37391991570545
I1222 14:40:46.546739 84515 copy_comm_net_actor.cpp:66] actor 36284028420110 switch to &CopyCommNetActor::HandlerNormal
I1222 14:40:46.546545 84520 naive_actor.cpp:25] actor 37391987376135 switch to &NaiveActor::HandlerNormal
I1222 14:40:46.546483 84518 naive_actor.cpp:25] actor 36284017934340 switch to &NaiveActor::HandlerNormal
I1222 14:40:46.546797 84517 runtime_context.cpp:29] DecreaseCounter constructing_actor_cnt, current val is 3072
I1222 14:40:46.547225 84515 thread.cpp:99] Thread 17301573 construct Actor kCopyCommNet 36284028420110
I1222 14:40:46.547291 84520 thread.cpp:99] Thread 17829889 construct Actor kCopyHd 37391987376135
I1222 14:40:46.547394 84518 thread.cpp:99] Thread 17301568 construct Actor kTick 36284017934340
I1222 14:40:46.547582 84515 runtime_context.cpp:29] DecreaseCounter constructing_actor_cnt, current val is 3071
I1222 14:40:46.547605 84520 runtime_context.cpp:29] DecreaseCounter constructing_actor_cnt, current val is 3070
I1222 14:40:46.547690 84517 naive_actor.cpp:25] actor 37391991570492 switch to &NaiveActor::HandlerNormal
I1222 14:40:46.547719 84518 runtime_context.cpp:29] DecreaseCounter constructing_actor_cnt, current val is 3069
I1222 14:40:46.547849 84517 thread.cpp:99] Thread 17829891 construct Actor kCollectiveBoxingGeneric 37391991570492
I1222 14:40:46.547966 84515 copy_comm_net_actor.cpp:66] actor 36284028420113 switch to &CopyCommNetActor::HandlerNormal
I1222 14:40:46.547924 84520 naive_actor.cpp:25] actor 37391987376137 switch to &NaiveActor::HandlerNormal
I1222 14:40:46.548027 84517 runtime_context.cpp:29] DecreaseCounter constructing_actor_cnt, current val is 3068
I1222 14:40:46.548077 84515 thread.cpp:99] Thread 17301573 construct Actor kCopyCommNet 36284028420113
I1222 14:40:46.548141 84520 thread.cpp:99] Thread 17829889 construct Actor kCopyHd 37391987376137
I1222 14:40:46.548339 84515 runtime_context.cpp:29] DecreaseCounter constructing_actor_cnt, current val is 3067
I1222 14:40:46.548350 84520 runtime_context.cpp:29] DecreaseCounter constructing_actor_cnt, current val is 3066
I1222 14:40:46.548403 84517 naive_actor.cpp:25] actor 37391991570467 switch to &NaiveActor::HandlerNormal
I1222 14:40:46.548569 84517 thread.cpp:99] Thread 17829891 construct Actor kCollectiveBoxingGeneric 37391991570467
I1222 14:40:46.548609 84518 naive_actor.cpp:25] actor 36284017934336 switch to &NaiveActor::HandlerNormal
I1222 14:40:46.548655 84520 naive_actor.cpp:25] actor 37391987376136 switch to &NaiveActor::HandlerNormal
I1222 14:40:46.548656 84515 copy_comm_net_actor.cpp:66] actor 36284028420111 switch to &CopyCommNetActor::HandlerNormal
I1222 14:40:46.548674 84517 runtime_context.cpp:29] DecreaseCounter constructing_actor_cnt, current val is 3065
I1222 14:40:46.548756 84518 thread.cpp:99] Thread 17301568 construct Actor kSrcSubsetTick 36284017934336
I1222 14:40:46.548826 84520 thread.cpp:99] Thread 17829889 construct Actor kCopyHd 37391987376136
I1222 14:40:46.548918 84515 thread.cpp:99] Thread 17301573 construct Actor kCopyCommNet 36284028420111
I1222 14:40:46.549141 84520 runtime_context.cpp:29] DecreaseCounter constructing_actor_cnt, current val is 3064
I1222 14:40:46.549218 84515 runtime_context.cpp:29] DecreaseCounter constructing_actor_cnt, current val is 3062
I1222 14:40:46.549186 84517 naive_actor.cpp:25] actor 37391991570447 switch to &NaiveActor::HandlerNormal
I1222 14:40:46.549151 84518 runtime_context.cpp:29] DecreaseCounter constructing_actor_cnt, current val is 3063
I1222 14:40:46.549432 84513 naive_actor.cpp:25] actor 37391985279057 switch to &NaiveActor::HandlerNormal
I1222 14:40:46.549379 84520 naive_actor.cpp:25] actor 37391987376145 switch to &NaiveActor::HandlerNormal
I1222 14:40:46.549362 84517 thread.cpp:99] Thread 17829891 construct Actor kCollectiveBoxingGeneric 37391991570447
I1222 14:40:46.549491 84515 copy_comm_net_actor.cpp:66] actor 36284028420109 switch to &CopyCommNetActor::HandlerNormal
I1222 14:40:46.549558 84513 thread.cpp:99] Thread 17829888 construct Actor kNormalForward 37391985279057
I1222 14:40:46.549621 84520 thread.cpp:99] Thread 17829889 construct Actor kCopyHd 37391987376145
I1222 14:40:46.549708 84517 runtime_context.cpp:29] DecreaseCounter constructing_actor_cnt, current val is 3061
I1222 14:40:46.549762 84515 thread.cpp:99] Thread 17301573 construct Actor kCopyCommNet 36284028420109
I1222 14:40:46.549994 84513 runtime_context.cpp:29] DecreaseCounter constructing_actor_cnt, current val is 3060
I1222 14:40:46.550348 84520 runtime_context.cpp:29] DecreaseCounter constructing_actor_cnt, current val is 3059
I1222 14:40:46.550379 84518 naive_actor.cpp:25] actor 36284017934338 switch to &NaiveActor::HandlerNormal
