I1222 14:40:46.543675 84603 runtime_context.cpp:29] DecreaseCounter constructing_actor_cnt, current val is 3231
I1222 14:40:46.543536 84569 runtime_context.cpp:29] DecreaseCounter constructing_actor_cnt, current val is 3232
I1222 14:40:46.543093 84576 naive_actor.cpp:25] actor 2199029547012 switch to &NaiveActor::HandlerNormal
I1222 14:40:46.543684 84531 runtime_context.cpp:29] DecreaseCounter constructing_actor_cnt, current val is 3230
I1222 14:40:46.543879 84603 copy_comm_net_actor.cpp:66] actor 1099656331266 switch to &CopyCommNetActor::HandlerNormal
I1222 14:40:46.543918 84576 thread.cpp:99] Thread 1048579 construct Actor kCopyHd 2199029547012
I1222 14:40:46.544034 84603 thread.cpp:99] Thread 524357 construct Actor kCopyCommNet 1099656331266
I1222 14:40:46.544044 84565 naive_actor.cpp:25] actor 1099645845508 switch to &NaiveActor::HandlerNormal
I1222 14:40:46.544099 84569 naive_actor.cpp:25] actor 2199025352731 switch to &NaiveActor::HandlerNormal
I1222 14:40:46.544137 84576 runtime_context.cpp:29] DecreaseCounter constructing_actor_cnt, current val is 3229
I1222 14:40:46.544163 84603 runtime_context.cpp:29] DecreaseCounter constructing_actor_cnt, current val is 3228
I1222 14:40:46.544240 84565 thread.cpp:99] Thread 524352 construct Actor kTick 1099645845508
I1222 14:40:46.544334 84569 thread.cpp:99] Thread 1048577 construct Actor kCollectiveBoxingGeneric 2199025352731
I1222 14:40:46.544593 84565 runtime_context.cpp:29] DecreaseCounter constructing_actor_cnt, current val is 3227
I1222 14:40:46.544595 84603 copy_comm_net_actor.cpp:66] actor 1099656331265 switch to &CopyCommNetActor::HandlerNormal
I1222 14:40:46.544615 84576 naive_actor.cpp:25] actor 2199029547010 switch to &NaiveActor::HandlerNormal
I1222 14:40:46.544638 84569 runtime_context.cpp:29] DecreaseCounter constructing_actor_cnt, current val is 3226
I1222 14:40:46.544768 84603 thread.cpp:99] Thread 524357 construct Actor kCopyCommNet 1099656331265
I1222 14:40:46.544874 84576 thread.cpp:99] Thread 1048579 construct Actor kCopyHd 2199029547010
I1222 14:40:46.545035 84603 runtime_context.cpp:29] DecreaseCounter constructing_actor_cnt, current val is 3225
I1222 14:40:46.545130 84576 runtime_context.cpp:29] DecreaseCounter constructing_actor_cnt, current val is 3224
I1222 14:40:46.545245 84569 naive_actor.cpp:25] actor 2199025352704 switch to &NaiveActor::HandlerNormal
I1222 14:40:46.545275 84603 copy_comm_net_actor.cpp:66] actor 1099656331271 switch to &CopyCommNetActor::HandlerNormal
I1222 14:40:46.545297 84565 naive_actor.cpp:25] actor 1099645845504 switch to &NaiveActor::HandlerNormal
I1222 14:40:46.545367 84569 thread.cpp:99] Thread 1048577 construct Actor kCollectiveBoxingGeneric 2199025352704
I1222 14:40:46.545480 84531 naive_actor.cpp:25] actor 2199023255558 switch to &NaiveActor::HandlerNormal
I1222 14:40:46.545464 84576 naive_actor.cpp:25] actor 2199029547017 switch to &NaiveActor::HandlerNormal
I1222 14:40:46.545467 84565 thread.cpp:99] Thread 524352 construct Actor kSrcSubsetTick 1099645845504
I1222 14:40:46.545404 84603 thread.cpp:99] Thread 524357 construct Actor kCopyCommNet 1099656331271
I1222 14:40:46.545562 84569 runtime_context.cpp:29] DecreaseCounter constructing_actor_cnt, current val is 3223
I1222 14:40:46.545594 84531 thread.cpp:99] Thread 1048576 construct Actor kNormalForward 2199023255558
I1222 14:40:46.545673 84576 thread.cpp:99] Thread 1048579 construct Actor kCopyHd 2199029547017
I1222 14:40:46.545795 84603 runtime_context.cpp:29] DecreaseCounter constructing_actor_cnt, current val is 3222
I1222 14:40:46.545811 84565 runtime_context.cpp:29] DecreaseCounter constructing_actor_cnt, current val is 3221
I1222 14:40:46.545990 84531 runtime_context.cpp:29] DecreaseCounter constructing_actor_cnt, current val is 3220
I1222 14:40:46.546013 84576 runtime_context.cpp:29] DecreaseCounter constructing_actor_cnt, current val is 3219
I1222 14:40:46.546128 84569 naive_actor.cpp:25] actor 2199025352747 switch to &NaiveActor::HandlerNormal
I1222 14:40:46.546249 84603 copy_comm_net_actor.cpp:66] actor 1099656331270 switch to &CopyCommNetActor::HandlerNormal
I1222 14:40:46.546837 84569 thread.cpp:99] Thread 1048577 construct Actor kCollectiveBoxingGeneric 2199025352747
I1222 14:40:46.546898 84603 thread.cpp:99] Thread 524357 construct Actor kCopyCommNet 1099656331270
I1222 14:40:46.547029 84569 runtime_context.cpp:29] DecreaseCounter constructing_actor_cnt, current val is 3218
I1222 14:40:46.546952 84576 naive_actor.cpp:25] actor 2199029547016 switch to &NaiveActor::HandlerNormal
I1222 14:40:46.547058 84603 runtime_context.cpp:29] DecreaseCounter constructing_actor_cnt, current val is 3217
I1222 14:40:46.547201 84565 naive_actor.cpp:25] actor 1099645845513 switch to &NaiveActor::HandlerNormal
I1222 14:40:46.547184 84576 thread.cpp:99] Thread 1048579 construct Actor kCopyHd 2199029547016
I1222 14:40:46.547183 84531 naive_actor.cpp:25] actor 2199023255555 switch to &NaiveActor::HandlerNormal
I1222 14:40:46.547315 84565 thread.cpp:99] Thread 524352 construct Actor kDstSubsetTick 1099645845513
I1222 14:40:46.547335 84603 copy_comm_net_actor.cpp:66] actor 1099656331269 switch to &CopyCommNetActor::HandlerNormal
I1222 14:40:46.547613 84603 thread.cpp:99] Thread 524357 construct Actor kCopyCommNet 1099656331269
I1222 14:40:46.547428 84576 runtime_context.cpp:29] DecreaseCounter constructing_actor_cnt, current val is 3216
I1222 14:40:46.547477 84531 thread.cpp:99] Thread 1048576 construct Actor kNormalForward 2199023255555
I1222 14:40:46.547348 84569 naive_actor.cpp:25] actor 2199025352824 switch to &NaiveActor::HandlerNormal
I1222 14:40:46.547619 84565 runtime_context.cpp:29] DecreaseCounter constructing_actor_cnt, current val is 3215
I1222 14:40:46.547670 84603 runtime_context.cpp:29] DecreaseCounter constructing_actor_cnt, current val is 3214
I1222 14:40:46.547883 84531 runtime_context.cpp:29] DecreaseCounter constructing_actor_cnt, current val is 3213
I1222 14:40:46.547904 84569 thread.cpp:99] Thread 1048577 construct Actor kCollectiveBoxingGeneric 2199025352824
I1222 14:40:46.547945 84576 naive_actor.cpp:25] actor 2199029547019 switch to &NaiveActor::HandlerNormal
I1222 14:40:46.548125 84603 copy_comm_net_actor.cpp:66] actor 1099656331264 switch to &CopyCommNetActor::HandlerNormal
I1222 14:40:46.548219 84569 runtime_context.cpp:29] DecreaseCounter constructing_actor_cnt, current val is 3212
I1222 14:40:46.548256 84576 thread.cpp:99] Thread 1048579 construct Actor kCopyHd 2199029547019
I1222 14:40:46.548311 84603 thread.cpp:99] Thread 524357 construct Actor kCopyCommNet 1099656331264
I1222 14:40:46.548529 84576 runtime_context.cpp:29] DecreaseCounter constructing_actor_cnt, current val is 3211
I1222 14:40:46.548563 84603 runtime_context.cpp:29] DecreaseCounter constructing_actor_cnt, current val is 3210
I1222 14:40:46.548802 84565 naive_actor.cpp:25] actor 1099645845506 switch to &NaiveActor::HandlerNormal
I1222 14:40:46.548833 84576 naive_actor.cpp:25] actor 2199029547015 switch to &NaiveActor::HandlerNormal
I1222 14:40:46.548847 84569 naive_actor.cpp:25] actor 2199025352786 switch to &NaiveActor::HandlerNormal
I1222 14:40:46.548926 84565 thread.cpp:99] Thread 524352 construct Actor kDstSubsetTick 1099645845506
I1222 14:40:46.548993 84576 thread.cpp:99] Thread 1048579 construct Actor kCopyHd 2199029547015
I1222 14:40:46.549058 84569 thread.cpp:99] Thread 1048577 construct Actor kCollectiveBoxingGeneric 2199025352786
I1222 14:40:46.549188 84565 runtime_context.cpp:29] DecreaseCounter constructing_actor_cnt, current val is 3209
I1222 14:40:46.549242 84576 runtime_context.cpp:29] DecreaseCounter constructing_actor_cnt, current val is 3208
I1222 14:40:46.549291 84569 runtime_context.cpp:29] DecreaseCounter constructing_actor_cnt, current val is 3207
I1222 14:40:46.549453 84531 naive_actor.cpp:25] actor 2199023255553 switch to &NaiveActor::HandlerNormal
I1222 14:40:46.549706 84565 naive_actor.cpp:25] actor 1099645845507 switch to &NaiveActor::HandlerNormal
I1222 14:40:46.549746 84576 naive_actor.cpp:25] actor 2199029547011 switch to &NaiveActor::HandlerNormal
I1222 14:40:46.550058 84531 thread.cpp:99] Thread 1048576 construct Actor kNormalForward 2199023255553
I1222 14:40:46.550137 84565 thread.cpp:99] Thread 524352 construct Actor kTick 1099645845507
I1222 14:40:46.550189 84569 naive_actor.cpp:25] actor 2199025352715 switch to &NaiveActor::HandlerNormal
I1222 14:40:46.550226 84576 thread.cpp:99] Thread 1048579 construct Actor kCopyHd 2199029547011
I1222 14:40:46.550371 84531 runtime_context.cpp:29] DecreaseCounter constructing_actor_cnt, current val is 3206
I1222 14:40:46.550408 84565 runtime_context.cpp:29] DecreaseCounter constructing_actor_cnt, current val is 3205
I1222 14:40:46.550457 84569 thread.cpp:99] Thread 1048577 construct Actor kCollectiveBoxingGeneric 2199025352715
I1222 14:40:46.550563 84576 runtime_context.cpp:29] DecreaseCounter constructing_actor_cnt, current val is 3204
I1222 14:40:46.550771 84569 runtime_context.cpp:29] DecreaseCounter constructing_actor_cnt, current val is 3203
I1222 14:40:46.550873 84565 naive_actor.cpp:25] actor 1099645845509 switch to &NaiveActor::HandlerNormal
I1222 14:40:46.550951 84565 thread.cpp:99] Thread 524352 construct Actor kTick 1099645845509
I1222 14:40:46.551031 84576 naive_actor.cpp:25] actor 2199029547020 switch to &NaiveActor::HandlerNormal
I1222 14:40:46.551045 84565 runtime_context.cpp:29] DecreaseCounter constructing_actor_cnt, current val is 3202
I1222 14:40:46.551134 84576 thread.cpp:99] Thread 1048579 construct Actor kCopyHd 2199029547020
I1222 14:40:46.551193 84569 naive_actor.cpp:25] actor 2199025352727 switch to &NaiveActor::HandlerNormal
I1222 14:40:46.551273 84576 runtime_context.cpp:29] DecreaseCounter constructing_actor_cnt, current val is 3201
I1222 14:40:46.551322 84569 thread.cpp:99] Thread 1048577 construct Actor kCollectiveBoxingGeneric 2199025352727
I1222 14:40:46.551352 84565 naive_actor.cpp:25] actor 1099645845505 switch to &NaiveActor::HandlerNormal
I1222 14:40:46.551488 84569 runtime_context.cpp:29] DecreaseCounter constructing_actor_cnt, current val is 3200
I1222 14:40:46.551503 84565 thread.cpp:99] Thread 524352 construct Actor kTick 1099645845505
I1222 14:40:46.551640 84565 runtime_context.cpp:29] DecreaseCounter constructing_actor_cnt, current val is 3199
I1222 14:40:46.551661 84576 naive_actor.cpp:25] actor 2199029547009 switch to &NaiveActor::HandlerNormal
I1222 14:40:46.551756 84576 thread.cpp:99] Thread 1048579 construct Actor kCopyHd 2199029547009
I1222 14:40:46.551844 84569 naive_actor.cpp:25] actor 2199025352841 switch to &NaiveActor::HandlerNormal
I1222 14:40:46.551869 84565 naive_actor.cpp:25] actor 1099645845511 switch to &NaiveActor::HandlerNormal
I1222 14:40:46.551878 84576 runtime_context.cpp:29] DecreaseCounter constructing_actor_cnt, current val is 3198
I1222 14:40:46.551931 84569 thread.cpp:99] Thread 1048577 construct Actor kCollectiveBoxingGeneric 2199025352841
I1222 14:40:46.551977 84565 thread.cpp:99] Thread 524352 construct Actor kDstSubsetTick 1099645845511
I1222 14:40:46.552134 84569 runtime_context.cpp:29] DecreaseCounter constructing_actor_cnt, current val is 3197
I1222 14:40:46.551973 84531 naive_actor.cpp:25] actor 2199023255554 switch to &NaiveActor::HandlerNormal
I1222 14:40:46.552163 84565 runtime_context.cpp:29] DecreaseCounter constructing_actor_cnt, current val is 3196
I1222 14:40:46.552253 84576 naive_actor.cpp:25] actor 2199029547018 switch to &NaiveActor::HandlerNormal
I1222 14:40:46.552297 84531 thread.cpp:99] Thread 1048576 construct Actor kNormalForward 2199023255554
I1222 14:40:46.552421 84576 thread.cpp:99] Thread 1048579 construct Actor kCopyHd 2199029547018
I1222 14:40:46.552445 84569 naive_actor.cpp:25] actor 2199025352726 switch to &NaiveActor::HandlerNormal
I1222 14:40:46.552572 84531 runtime_context.cpp:29] DecreaseCounter constructing_actor_cnt, current val is 3195
I1222 14:40:46.552659 84576 runtime_context.cpp:29] DecreaseCounter constructing_actor_cnt, current val is 3194
I1222 14:40:46.552708 84569 thread.cpp:99] Thread 1048577 construct Actor kCollectiveBoxingGeneric 2199025352726
I1222 14:40:46.552938 84569 runtime_context.cpp:29] DecreaseCounter constructing_actor_cnt, current val is 3193
I1222 14:40:46.553133 84569 naive_actor.cpp:25] actor 2199025352820 switch to &NaiveActor::HandlerNormal
I1222 14:40:46.553185 84569 thread.cpp:99] Thread 1048577 construct Actor kCollectiveBoxingGeneric 2199025352820
I1222 14:40:46.553228 84569 runtime_context.cpp:29] DecreaseCounter constructing_actor_cnt, current val is 3192
I1222 14:40:46.553368 84569 naive_actor.cpp:25] actor 2199025352723 switch to &NaiveActor::HandlerNormal
I1222 14:40:46.553413 84569 thread.cpp:99] Thread 1048577 construct Actor kCollectiveBoxingGeneric 2199025352723
I1222 14:40:46.553454 84569 runtime_context.cpp:29] DecreaseCounter constructing_actor_cnt, current val is 3191
I1222 14:40:46.553591 84569 naive_actor.cpp:25] actor 2199025352763 switch to &NaiveActor::HandlerNormal
I1222 14:40:46.553635 84569 thread.cpp:99] Thread 1048577 construct Actor kCollectiveBoxingGeneric 2199025352763
I1222 14:40:46.553686 84569 runtime_context.cpp:29] DecreaseCounter constructing_actor_cnt, current val is 3190
I1222 14:40:46.553848 84569 naive_actor.cpp:25] actor 2199025352716 switch to &NaiveActor::HandlerNormal
I1222 14:40:46.553881 84569 thread.cpp:99] Thread 1048577 construct Actor kCollectiveBoxingGeneric 2199025352716
I1222 14:40:46.553916 84569 runtime_context.cpp:29] DecreaseCounter constructing_actor_cnt, current val is 3189
I1222 14:40:46.554003 84531 naive_actor.cpp:25] actor 2199023255552 switch to &NaiveActor::HandlerNormal
I1222 14:40:46.554051 84569 naive_actor.cpp:25] actor 2199025352732 switch to &NaiveActor::HandlerNormal
I1222 14:40:46.554143 84531 thread.cpp:99] Thread 1048576 construct Actor kNormalForward 2199023255552
I1222 14:40:46.554183 84569 thread.cpp:99] Thread 1048577 construct Actor kCollectiveBoxingGeneric 2199025352732
I1222 14:40:46.554329 84569 runtime_context.cpp:29] DecreaseCounter constructing_actor_cnt, current val is 3188
I1222 14:40:46.554334 84531 runtime_context.cpp:29] DecreaseCounter constructing_actor_cnt, current val is 3187
I1222 14:40:46.554494 84569 naive_actor.cpp:25] actor 2199025352719 switch to &NaiveActor::HandlerNormal
I1222 14:40:46.554540 84569 thread.cpp:99] Thread 1048577 construct Actor kCollectiveBoxingGeneric 2199025352719
I1222 14:40:46.554589 84569 runtime_context.cpp:29] DecreaseCounter constructing_actor_cnt, current val is 3186
I1222 14:40:46.554731 84569 naive_actor.cpp:25] actor 2199025352864 switch to &NaiveActor::HandlerNormal
I1222 14:40:46.554800 84569 thread.cpp:99] Thread 1048577 construct Actor kCollectiveBoxingGeneric 2199025352864
I1222 14:40:46.554852 84569 runtime_context.cpp:29] DecreaseCounter constructing_actor_cnt, current val is 3185
I1222 14:40:46.555018 84569 naive_actor.cpp:25] actor 2199025352713 switch to &NaiveActor::HandlerNormal
I1222 14:40:46.555063 84569 thread.cpp:99] Thread 1048577 construct Actor kCollectiveBoxingGeneric 2199025352713
I1222 14:40:46.555043 84531 naive_actor.cpp:25] actor 2199023255565 switch to &NaiveActor::HandlerNormal
I1222 14:40:46.555104 84569 runtime_context.cpp:29] DecreaseCounter constructing_actor_cnt, current val is 3184
I1222 14:40:46.555188 84531 thread.cpp:99] Thread 1048576 construct Actor kNormalForward 2199023255565
I1222 14:40:46.555354 84569 naive_actor.cpp:25] actor 2199025352882 switch to &NaiveActor::HandlerNormal
I1222 14:40:46.555363 84531 runtime_context.cpp:29] DecreaseCounter constructing_actor_cnt, current val is 3183
I1222 14:40:46.555406 84569 thread.cpp:99] Thread 1048577 construct Actor kCollectiveBoxingGeneric 2199025352882
I1222 14:40:46.555510 84569 runtime_context.cpp:29] DecreaseCounter constructing_actor_cnt, current val is 3182
I1222 14:40:46.555732 84569 naive_actor.cpp:25] actor 2199025352712 switch to &NaiveActor::HandlerNormal
I1222 14:40:46.556015 84569 thread.cpp:99] Thread 1048577 construct Actor kCollectiveBoxingGeneric 2199025352712
I1222 14:40:46.556057 84569 runtime_context.cpp:29] DecreaseCounter constructing_actor_cnt, current val is 3181
I1222 14:40:46.556231 84569 naive_actor.cpp:25] actor 2199025352766 switch to &NaiveActor::HandlerNormal
I1222 14:40:46.556279 84569 thread.cpp:99] Thread 1048577 construct Actor kCollectiveBoxingGeneric 2199025352766
I1222 14:40:46.556318 84569 runtime_context.cpp:29] DecreaseCounter constructing_actor_cnt, current val is 3180
I1222 14:40:46.556463 84569 naive_actor.cpp:25] actor 2199025352743 switch to &NaiveActor::HandlerNormal
I1222 14:40:46.556509 84569 thread.cpp:99] Thread 1048577 construct Actor kCollectiveBoxingGeneric 2199025352743
I1222 14:40:46.556545 84569 runtime_context.cpp:29] DecreaseCounter constructing_actor_cnt, current val is 3179
I1222 14:40:46.556671 84569 naive_actor.cpp:25] actor 2199025352764 switch to &NaiveActor::HandlerNormal
I1222 14:40:46.556717 84569 thread.cpp:99] Thread 1048577 construct Actor kCollectiveBoxingGeneric 2199025352764
I1222 14:40:46.556754 84569 runtime_context.cpp:29] DecreaseCounter constructing_actor_cnt, current val is 3178
I1222 14:40:46.556754 84531 naive_actor.cpp:25] actor 2199023255597 switch to &NaiveActor::HandlerNormal
I1222 14:40:46.556910 84531 thread.cpp:99] Thread 1048576 construct Actor kNormalForward 2199023255597
I1222 14:40:46.556919 84569 naive_actor.cpp:25] actor 2199025352815 switch to &NaiveActor::HandlerNormal
I1222 14:40:46.557015 84569 thread.cpp:99] Thread 1048577 construct Actor kCollectiveBoxingGeneric 2199025352815
I1222 14:40:46.557060 84569 runtime_context.cpp:29] DecreaseCounter constructing_actor_cnt, current val is 3176
I1222 14:40:46.557060 84531 runtime_context.cpp:29] DecreaseCounter constructing_actor_cnt, current val is 3177
I1222 14:40:46.557199 84569 naive_actor.cpp:25] actor 2199025352782 switch to &NaiveActor::HandlerNormal
I1222 14:40:46.557248 84569 thread.cpp:99] Thread 1048577 construct Actor kCollectiveBoxingGeneric 2199025352782
I1222 14:40:46.557301 84569 runtime_context.cpp:29] DecreaseCounter constructing_actor_cnt, current val is 3175
I1222 14:40:46.557443 84569 naive_actor.cpp:25] actor 2199025352706 switch to &NaiveActor::HandlerNormal
I1222 14:40:46.557489 84569 thread.cpp:99] Thread 1048577 construct Actor kCollectiveBoxingGeneric 2199025352706
I1222 14:40:46.557526 84569 runtime_context.cpp:29] DecreaseCounter constructing_actor_cnt, current val is 3174
I1222 14:40:46.557651 84569 naive_actor.cpp:25] actor 2199025352705 switch to &NaiveActor::HandlerNormal
I1222 14:40:46.557695 84569 thread.cpp:99] Thread 1048577 construct Actor kCollectiveBoxingGeneric 2199025352705
I1222 14:40:46.557731 84569 runtime_context.cpp:29] DecreaseCounter constructing_actor_cnt, current val is 3173
I1222 14:40:46.557909 84569 naive_actor.cpp:25] actor 2199025352725 switch to &NaiveActor::HandlerNormal
I1222 14:40:46.557960 84569 thread.cpp:99] Thread 1048577 construct Actor kCollectiveBoxingGeneric 2199025352725
I1222 14:40:46.558005 84569 runtime_context.cpp:29] DecreaseCounter constructing_actor_cnt, current val is 3172
I1222 14:40:46.558171 84569 naive_actor.cpp:25] actor 2199025352787 switch to &NaiveActor::HandlerNormal
I1222 14:40:46.558216 84569 thread.cpp:99] Thread 1048577 construct Actor kCollectiveBoxingGeneric 2199025352787
I1222 14:40:46.558271 84569 runtime_context.cpp:29] DecreaseCounter constructing_actor_cnt, current val is 3171
I1222 14:40:46.558427 84569 naive_actor.cpp:25] actor 2199025352858 switch to &NaiveActor::HandlerNormal
I1222 14:40:46.558481 84569 thread.cpp:99] Thread 1048577 construct Actor kCollectiveBoxingGeneric 2199025352858
I1222 14:40:46.558517 84569 runtime_context.cpp:29] DecreaseCounter constructing_actor_cnt, current val is 3170
I1222 14:40:46.558660 84569 naive_actor.cpp:25] actor 2199025352878 switch to &NaiveActor::HandlerNormal
I1222 14:40:46.558776 84569 thread.cpp:99] Thread 1048577 construct Actor kCollectiveBoxingGeneric 2199025352878
I1222 14:40:46.558794 84531 naive_actor.cpp:25] actor 2199023255560 switch to &NaiveActor::HandlerNormal
I1222 14:40:46.559360 84569 runtime_context.cpp:29] DecreaseCounter constructing_actor_cnt, current val is 3169
I1222 14:40:46.559450 84531 thread.cpp:99] Thread 1048576 construct Actor kNormalForward 2199023255560
I1222 14:40:46.559615 84569 naive_actor.cpp:25] actor 2199025352797 switch to &NaiveActor::HandlerNormal
I1222 14:40:46.559635 84531 runtime_context.cpp:29] DecreaseCounter constructing_actor_cnt, current val is 3168
I1222 14:40:46.559665 84569 thread.cpp:99] Thread 1048577 construct Actor kCollectiveBoxingGeneric 2199025352797
I1222 14:40:46.559773 84569 runtime_context.cpp:29] DecreaseCounter constructing_actor_cnt, current val is 3167
I1222 14:40:46.559932 84569 naive_actor.cpp:25] actor 2199025352814 switch to &NaiveActor::HandlerNormal
I1222 14:40:46.559983 84569 thread.cpp:99] Thread 1048577 construct Actor kCollectiveBoxingGeneric 2199025352814
I1222 14:40:46.560040 84569 runtime_context.cpp:29] DecreaseCounter constructing_actor_cnt, current val is 3166
I1222 14:40:46.560184 84569 naive_actor.cpp:25] actor 2199025352755 switch to &NaiveActor::HandlerNormal
I1222 14:40:46.560232 84569 thread.cpp:99] Thread 1048577 construct Actor kCollectiveBoxingGeneric 2199025352755
I1222 14:40:46.560212 84531 naive_actor.cpp:25] actor 2199023255561 switch to &NaiveActor::HandlerNormal
I1222 14:40:46.560276 84569 runtime_context.cpp:29] DecreaseCounter constructing_actor_cnt, current val is 3165
I1222 14:40:46.560364 84531 thread.cpp:99] Thread 1048576 construct Actor kNormalForward 2199023255561
I1222 14:40:46.560515 84531 runtime_context.cpp:29] DecreaseCounter constructing_actor_cnt, current val is 3164
I1222 14:40:46.560518 84569 naive_actor.cpp:25] actor 2199025352740 switch to &NaiveActor::HandlerNormal
I1222 14:40:46.560612 84569 thread.cpp:99] Thread 1048577 construct Actor kCollectiveBoxingGeneric 2199025352740
I1222 14:40:46.560663 84569 runtime_context.cpp:29] DecreaseCounter constructing_actor_cnt, current val is 3163
I1222 14:40:46.560822 84569 naive_actor.cpp:25] actor 2199025352800 switch to &NaiveActor::HandlerNormal
I1222 14:40:46.560883 84569 thread.cpp:99] Thread 1048577 construct Actor kCollectiveBoxingGeneric 2199025352800
I1222 14:40:46.560925 84569 runtime_context.cpp:29] DecreaseCounter constructing_actor_cnt, current val is 3162
I1222 14:40:46.561056 84531 naive_actor.cpp:25] actor 2199023255583 switch to &NaiveActor::HandlerNormal
I1222 14:40:46.561067 84569 naive_actor.cpp:25] actor 2199025352759 switch to &NaiveActor::HandlerNormal
I1222 14:40:46.561168 84531 thread.cpp:99] Thread 1048576 construct Actor kNormalForward 2199023255583
I1222 14:40:46.561214 84569 thread.cpp:99] Thread 1048577 construct Actor kCollectiveBoxingGeneric 2199025352759
I1222 14:40:46.561328 84569 runtime_context.cpp:29] DecreaseCounter constructing_actor_cnt, current val is 3161
I1222 14:40:46.561349 84531 runtime_context.cpp:29] DecreaseCounter constructing_actor_cnt, current val is 3160
I1222 14:40:46.561468 84569 naive_actor.cpp:25] actor 2199025352821 switch to &NaiveActor::HandlerNormal
I1222 14:40:46.561515 84569 thread.cpp:99] Thread 1048577 construct Actor kCollectiveBoxingGeneric 2199025352821
I1222 14:40:46.561565 84569 runtime_context.cpp:29] DecreaseCounter constructing_actor_cnt, current val is 3159
I1222 14:40:46.561724 84569 naive_actor.cpp:25] actor 2199025352733 switch to &NaiveActor::HandlerNormal
I1222 14:40:46.561758 84569 thread.cpp:99] Thread 1048577 construct Actor kCollectiveBoxingGeneric 2199025352733
I1222 14:40:46.561802 84569 runtime_context.cpp:29] DecreaseCounter constructing_actor_cnt, current val is 3158
I1222 14:40:46.561949 84569 naive_actor.cpp:25] actor 2199025352811 switch to &NaiveActor::HandlerNormal
I1222 14:40:46.561995 84569 thread.cpp:99] Thread 1048577 construct Actor kCollectiveBoxingGeneric 2199025352811
I1222 14:40:46.562031 84569 runtime_context.cpp:29] DecreaseCounter constructing_actor_cnt, current val is 3157
I1222 14:40:46.562227 84569 naive_actor.cpp:25] actor 2199025352709 switch to &NaiveActor::HandlerNormal
I1222 14:40:46.562559 84569 thread.cpp:99] Thread 1048577 construct Actor kCollectiveBoxingGeneric 2199025352709
I1222 14:40:46.562616 84569 runtime_context.cpp:29] DecreaseCounter constructing_actor_cnt, current val is 3156
I1222 14:40:46.562762 84569 naive_actor.cpp:25] actor 2199025352833 switch to &NaiveActor::HandlerNormal
I1222 14:40:46.562757 84531 naive_actor.cpp:25] actor 2199023255595 switch to &NaiveActor::HandlerNormal
I1222 14:40:46.562819 84569 thread.cpp:99] Thread 1048577 construct Actor kCollectiveBoxingGeneric 2199025352833
I1222 14:40:46.562906 84531 thread.cpp:99] Thread 1048576 construct Actor kNormalForward 2199023255595
I1222 14:40:46.562943 84569 runtime_context.cpp:29] DecreaseCounter constructing_actor_cnt, current val is 3155
I1222 14:40:46.563072 84531 runtime_context.cpp:29] DecreaseCounter constructing_actor_cnt, current val is 3154
I1222 14:40:46.563158 84569 naive_actor.cpp:25] actor 2199025352813 switch to &NaiveActor::HandlerNormal
I1222 14:40:46.563208 84569 thread.cpp:99] Thread 1048577 construct Actor kCollectiveBoxingGeneric 2199025352813
I1222 14:40:46.563292 84569 runtime_context.cpp:29] DecreaseCounter constructing_actor_cnt, current val is 3153
I1222 14:40:46.563439 84569 naive_actor.cpp:25] actor 2199025352775 switch to &NaiveActor::HandlerNormal
I1222 14:40:46.563488 84569 thread.cpp:99] Thread 1048577 construct Actor kCollectiveBoxingGeneric 2199025352775
I1222 14:40:46.563539 84569 runtime_context.cpp:29] DecreaseCounter constructing_actor_cnt, current val is 3152
I1222 14:40:46.563649 84531 naive_actor.cpp:25] actor 2199023255557 switch to &NaiveActor::HandlerNormal
I1222 14:40:46.563694 84569 naive_actor.cpp:25] actor 2199025352720 switch to &NaiveActor::HandlerNormal
I1222 14:40:46.563794 84569 thread.cpp:99] Thread 1048577 construct Actor kCollectiveBoxingGeneric 2199025352720
I1222 14:40:46.563750 84531 thread.cpp:99] Thread 1048576 construct Actor kNormalForward 2199023255557
I1222 14:40:46.563851 84569 runtime_context.cpp:29] DecreaseCounter constructing_actor_cnt, current val is 3151
I1222 14:40:46.563968 84531 runtime_context.cpp:29] DecreaseCounter constructing_actor_cnt, current val is 3150
I1222 14:40:46.564075 84569 naive_actor.cpp:25] actor 2199025352758 switch to &NaiveActor::HandlerNormal
I1222 14:40:46.564110 84569 thread.cpp:99] Thread 1048577 construct Actor kCollectiveBoxingGeneric 2199025352758
I1222 14:40:46.564152 84569 runtime_context.cpp:29] DecreaseCounter constructing_actor_cnt, current val is 3149
I1222 14:40:46.564321 84569 naive_actor.cpp:25] actor 2199025352777 switch to &NaiveActor::HandlerNormal
I1222 14:40:46.564355 84569 thread.cpp:99] Thread 1048577 construct Actor kCollectiveBoxingGeneric 2199025352777
I1222 14:40:46.564393 84569 runtime_context.cpp:29] DecreaseCounter constructing_actor_cnt, current val is 3148
I1222 14:40:46.564533 84569 naive_actor.cpp:25] actor 2199025352794 switch to &NaiveActor::HandlerNormal
I1222 14:40:46.564549 84531 naive_actor.cpp:25] actor 2199023255577 switch to &NaiveActor::HandlerNormal
I1222 14:40:46.564589 84569 thread.cpp:99] Thread 1048577 construct Actor kCollectiveBoxingGeneric 2199025352794
I1222 14:40:46.564666 84531 thread.cpp:99] Thread 1048576 construct Actor kNormalForward 2199023255577
I1222 14:40:46.564702 84569 runtime_context.cpp:29] DecreaseCounter constructing_actor_cnt, current val is 3147
I1222 14:40:46.564827 84531 runtime_context.cpp:29] DecreaseCounter constructing_actor_cnt, current val is 3146
I1222 14:40:46.564908 84569 naive_actor.cpp:25] actor 2199025352741 switch to &NaiveActor::HandlerNormal
I1222 14:40:46.564954 84569 thread.cpp:99] Thread 1048577 construct Actor kCollectiveBoxingGeneric 2199025352741
I1222 14:40:46.565009 84569 runtime_context.cpp:29] DecreaseCounter constructing_actor_cnt, current val is 3145
I1222 14:40:46.565157 84569 naive_actor.cpp:25] actor 2199025352899 switch to &NaiveActor::HandlerNormal
I1222 14:40:46.565246 84569 thread.cpp:99] Thread 1048577 construct Actor kCollectiveBoxingGeneric 2199025352899
I1222 14:40:46.565726 84569 runtime_context.cpp:29] DecreaseCounter constructing_actor_cnt, current val is 3144
I1222 14:40:46.565898 84569 naive_actor.cpp:25] actor 2199025352768 switch to &NaiveActor::HandlerNormal
I1222 14:40:46.565949 84569 thread.cpp:99] Thread 1048577 construct Actor kCollectiveBoxingGeneric 2199025352768
I1222 14:40:46.566002 84569 runtime_context.cpp:29] DecreaseCounter constructing_actor_cnt, current val is 3143
I1222 14:40:46.566152 84569 naive_actor.cpp:25] actor 2199025352852 switch to &NaiveActor::HandlerNormal
I1222 14:40:46.566200 84569 thread.cpp:99] Thread 1048577 construct Actor kCollectiveBoxingGeneric 2199025352852
I1222 14:40:46.566249 84569 runtime_context.cpp:29] DecreaseCounter constructing_actor_cnt, current val is 3142
I1222 14:40:46.566397 84569 naive_actor.cpp:25] actor 2199025352874 switch to &NaiveActor::HandlerNormal
I1222 14:40:46.566437 84569 thread.cpp:99] Thread 1048577 construct Actor kCollectiveBoxingGeneric 2199025352874
I1222 14:40:46.566488 84569 runtime_context.cpp:29] DecreaseCounter constructing_actor_cnt, current val is 3141
I1222 14:40:46.566630 84569 naive_actor.cpp:25] actor 2199025352857 switch to &NaiveActor::HandlerNormal
I1222 14:40:46.566679 84569 thread.cpp:99] Thread 1048577 construct Actor kCollectiveBoxingGeneric 2199025352857
I1222 14:40:46.566740 84569 runtime_context.cpp:29] DecreaseCounter constructing_actor_cnt, current val is 3140
I1222 14:40:46.566886 84569 naive_actor.cpp:25] actor 2199025352801 switch to &NaiveActor::HandlerNormal
I1222 14:40:46.566926 84569 thread.cpp:99] Thread 1048577 construct Actor kCollectiveBoxingGeneric 2199025352801
I1222 14:40:46.566963 84569 runtime_context.cpp:29] DecreaseCounter constructing_actor_cnt, current val is 3139
I1222 14:40:46.567106 84569 naive_actor.cpp:25] actor 2199025352835 switch to &NaiveActor::HandlerNormal
I1222 14:40:46.567157 84569 thread.cpp:99] Thread 1048577 construct Actor kCollectiveBoxingGeneric 2199025352835
I1222 14:40:46.567194 84569 runtime_context.cpp:29] DecreaseCounter constructing_actor_cnt, current val is 3138
I1222 14:40:46.567268 84531 naive_actor.cpp:25] actor 2199023255568 switch to &NaiveActor::HandlerNormal
I1222 14:40:46.567350 84569 naive_actor.cpp:25] actor 2199025352762 switch to &NaiveActor::HandlerNormal
I1222 14:40:46.567405 84531 thread.cpp:99] Thread 1048576 construct Actor kNormalForward 2199023255568
I1222 14:40:46.567446 84569 thread.cpp:99] Thread 1048577 construct Actor kCollectiveBoxingGeneric 2199025352762
I1222 14:40:46.567559 84569 runtime_context.cpp:29] DecreaseCounter constructing_actor_cnt, current val is 3137
I1222 14:40:46.567590 84531 runtime_context.cpp:29] DecreaseCounter constructing_actor_cnt, current val is 3136
I1222 14:40:46.567714 84569 naive_actor.cpp:25] actor 2199025352750 switch to &NaiveActor::HandlerNormal
I1222 14:40:46.567772 84569 thread.cpp:99] Thread 1048577 construct Actor kCollectiveBoxingGeneric 2199025352750
I1222 14:40:46.567848 84569 runtime_context.cpp:29] DecreaseCounter constructing_actor_cnt, current val is 3135
I1222 14:40:46.568006 84569 naive_actor.cpp:25] actor 2199025352780 switch to &NaiveActor::HandlerNormal
I1222 14:40:46.568063 84569 thread.cpp:99] Thread 1048577 construct Actor kCollectiveBoxingGeneric 2199025352780
I1222 14:40:46.568115 84569 runtime_context.cpp:29] DecreaseCounter constructing_actor_cnt, current val is 3134
I1222 14:40:46.568275 84569 naive_actor.cpp:25] actor 2199025352838 switch to &NaiveActor::HandlerNormal
I1222 14:40:46.568323 84569 thread.cpp:99] Thread 1048577 construct Actor kCollectiveBoxingGeneric 2199025352838
I1222 14:40:46.568375 84569 runtime_context.cpp:29] DecreaseCounter constructing_actor_cnt, current val is 3133
I1222 14:40:46.568542 84569 naive_actor.cpp:25] actor 2199025352770 switch to &NaiveActor::HandlerNormal
I1222 14:40:46.568595 84569 thread.cpp:99] Thread 1048577 construct Actor kCollectiveBoxingGeneric 2199025352770
I1222 14:40:46.568646 84569 runtime_context.cpp:29] DecreaseCounter constructing_actor_cnt, current val is 3132
I1222 14:40:46.568852 84569 naive_actor.cpp:25] actor 2199025352722 switch to &NaiveActor::HandlerNormal
I1222 14:40:46.569044 84531 naive_actor.cpp:25] actor 2199023255591 switch to &NaiveActor::HandlerNormal
I1222 14:40:46.569226 84569 thread.cpp:99] Thread 1048577 construct Actor kCollectiveBoxingGeneric 2199025352722
I1222 14:40:46.569314 84531 thread.cpp:99] Thread 1048576 construct Actor kNormalForward 2199023255591
I1222 14:40:46.569355 84569 runtime_context.cpp:29] DecreaseCounter constructing_actor_cnt, current val is 3131
I1222 14:40:46.569483 84531 runtime_context.cpp:29] DecreaseCounter constructing_actor_cnt, current val is 3130
I1222 14:40:46.569564 84569 naive_actor.cpp:25] actor 2199025352792 switch to &NaiveActor::HandlerNormal
I1222 14:40:46.569613 84569 thread.cpp:99] Thread 1048577 construct Actor kCollectiveBoxingGeneric 2199025352792
I1222 14:40:46.569665 84569 runtime_context.cpp:29] DecreaseCounter constructing_actor_cnt, current val is 3129
I1222 14:40:46.569864 84569 naive_actor.cpp:25] actor 2199025352734 switch to &NaiveActor::HandlerNormal
I1222 14:40:46.569909 84569 thread.cpp:99] Thread 1048577 construct Actor kCollectiveBoxingGeneric 2199025352734
I1222 14:40:46.569962 84569 runtime_context.cpp:29] DecreaseCounter constructing_actor_cnt, current val is 3128
I1222 14:40:46.570104 84569 naive_actor.cpp:25] actor 2199025352808 switch to &NaiveActor::HandlerNormal
I1222 14:40:46.570154 84569 thread.cpp:99] Thread 1048577 construct Actor kCollectiveBoxingGeneric 2199025352808
I1222 14:40:46.570209 84569 runtime_context.cpp:29] DecreaseCounter constructing_actor_cnt, current val is 3127
I1222 14:40:46.570338 84569 naive_actor.cpp:25] actor 2199025352831 switch to &NaiveActor::HandlerNormal
I1222 14:40:46.570402 84569 thread.cpp:99] Thread 1048577 construct Actor kCollectiveBoxingGeneric 2199025352831
I1222 14:40:46.570441 84569 runtime_context.cpp:29] DecreaseCounter constructing_actor_cnt, current val is 3126
I1222 14:40:46.570583 84569 naive_actor.cpp:25] actor 2199025352744 switch to &NaiveActor::HandlerNormal
I1222 14:40:46.570628 84569 thread.cpp:99] Thread 1048577 construct Actor kCollectiveBoxingGeneric 2199025352744
I1222 14:40:46.570664 84569 runtime_context.cpp:29] DecreaseCounter constructing_actor_cnt, current val is 3125
I1222 14:40:46.570848 84569 naive_actor.cpp:25] actor 2199025352729 switch to &NaiveActor::HandlerNormal
I1222 14:40:46.570884 84569 thread.cpp:99] Thread 1048577 construct Actor kCollectiveBoxingGeneric 2199025352729
I1222 14:40:46.570937 84569 runtime_context.cpp:29] DecreaseCounter constructing_actor_cnt, current val is 3124
I1222 14:40:46.571079 84569 naive_actor.cpp:25] actor 2199025352877 switch to &NaiveActor::HandlerNormal
I1222 14:40:46.571125 84569 thread.cpp:99] Thread 1048577 construct Actor kCollectiveBoxingGeneric 2199025352877
I1222 14:40:46.571177 84569 runtime_context.cpp:29] DecreaseCounter constructing_actor_cnt, current val is 3123
I1222 14:40:46.571244 84531 naive_actor.cpp:25] actor 2199023255556 switch to &NaiveActor::HandlerNormal
I1222 14:40:46.571319 84569 naive_actor.cpp:25] actor 2199025352728 switch to &NaiveActor::HandlerNormal
I1222 14:40:46.571367 84531 thread.cpp:99] Thread 1048576 construct Actor kNormalForward 2199023255556
I1222 14:40:46.571406 84569 thread.cpp:99] Thread 1048577 construct Actor kCollectiveBoxingGeneric 2199025352728
I1222 14:40:46.571555 84569 runtime_context.cpp:29] DecreaseCounter constructing_actor_cnt, current val is 3122
I1222 14:40:46.571564 84531 runtime_context.cpp:29] DecreaseCounter constructing_actor_cnt, current val is 3121
I1222 14:40:46.571712 84569 naive_actor.cpp:25] actor 2199025352823 switch to &NaiveActor::HandlerNormal
I1222 14:40:46.571760 84569 thread.cpp:99] Thread 1048577 construct Actor kCollectiveBoxingGeneric 2199025352823
I1222 14:40:46.571826 84569 runtime_context.cpp:29] DecreaseCounter constructing_actor_cnt, current val is 3120
I1222 14:40:46.571991 84569 naive_actor.cpp:25] actor 2199025352765 switch to &NaiveActor::HandlerNormal
I1222 14:40:46.572103 84569 thread.cpp:99] Thread 1048577 construct Actor kCollectiveBoxingGeneric 2199025352765
I1222 14:40:46.572208 84531 naive_actor.cpp:25] actor 2199023255623 switch to &NaiveActor::HandlerNormal
I1222 14:40:46.572551 84569 runtime_context.cpp:29] DecreaseCounter constructing_actor_cnt, current val is 3119
I1222 14:40:46.572630 84531 thread.cpp:99] Thread 1048576 construct Actor kNormalForward 2199023255623
I1222 14:40:46.572808 84531 runtime_context.cpp:29] DecreaseCounter constructing_actor_cnt, current val is 3118
I1222 14:40:46.572810 84569 naive_actor.cpp:25] actor 2199025352805 switch to &NaiveActor::HandlerNormal
I1222 14:40:46.572943 84569 thread.cpp:99] Thread 1048577 construct Actor kCollectiveBoxingGeneric 2199025352805
I1222 14:40:46.572997 84569 runtime_context.cpp:29] DecreaseCounter constructing_actor_cnt, current val is 3117
I1222 14:40:46.573150 84569 naive_actor.cpp:25] actor 2199025352865 switch to &NaiveActor::HandlerNormal
I1222 14:40:46.573199 84569 thread.cpp:99] Thread 1048577 construct Actor kCollectiveBoxingGeneric 2199025352865
I1222 14:40:46.573236 84569 runtime_context.cpp:29] DecreaseCounter constructing_actor_cnt, current val is 3116
I1222 14:40:46.573376 84569 naive_actor.cpp:25] actor 2199025352739 switch to &NaiveActor::HandlerNormal
I1222 14:40:46.573413 84569 thread.cpp:99] Thread 1048577 construct Actor kCollectiveBoxingGeneric 2199025352739
I1222 14:40:46.573379 84531 naive_actor.cpp:25] actor 2199023255581 switch to &NaiveActor::HandlerNormal
I1222 14:40:46.573454 84569 runtime_context.cpp:29] DecreaseCounter constructing_actor_cnt, current val is 3115
I1222 14:40:46.573529 84531 thread.cpp:99] Thread 1048576 construct Actor kNormalForward 2199023255581
I1222 14:40:46.573678 84569 naive_actor.cpp:25] actor 2199025352718 switch to &NaiveActor::HandlerNormal
I1222 14:40:46.573683 84531 runtime_context.cpp:29] DecreaseCounter constructing_actor_cnt, current val is 3114
I1222 14:40:46.573733 84569 thread.cpp:99] Thread 1048577 construct Actor kCollectiveBoxingGeneric 2199025352718
I1222 14:40:46.573870 84569 runtime_context.cpp:29] DecreaseCounter constructing_actor_cnt, current val is 3113
I1222 14:40:46.574031 84569 naive_actor.cpp:25] actor 2199025352883 switch to &NaiveActor::HandlerNormal
I1222 14:40:46.574087 84569 thread.cpp:99] Thread 1048577 construct Actor kCollectiveBoxingGeneric 2199025352883
I1222 14:40:46.574126 84569 runtime_context.cpp:29] DecreaseCounter constructing_actor_cnt, current val is 3112
I1222 14:40:46.574285 84569 naive_actor.cpp:25] actor 2199025352812 switch to &NaiveActor::HandlerNormal
I1222 14:40:46.574339 84569 thread.cpp:99] Thread 1048577 construct Actor kCollectiveBoxingGeneric 2199025352812
I1222 14:40:46.574301 84531 naive_actor.cpp:25] actor 2199023255587 switch to &NaiveActor::HandlerNormal
I1222 14:40:46.574395 84569 runtime_context.cpp:29] DecreaseCounter constructing_actor_cnt, current val is 3111
I1222 14:40:46.574468 84531 thread.cpp:99] Thread 1048576 construct Actor kNormalForward 2199023255587
I1222 14:40:46.574625 84569 naive_actor.cpp:25] actor 2199025352745 switch to &NaiveActor::HandlerNormal
I1222 14:40:46.574621 84531 runtime_context.cpp:29] DecreaseCounter constructing_actor_cnt, current val is 3110
I1222 14:40:46.574679 84569 thread.cpp:99] Thread 1048577 construct Actor kCollectiveBoxingGeneric 2199025352745
I1222 14:40:46.574815 84569 runtime_context.cpp:29] DecreaseCounter constructing_actor_cnt, current val is 3109
I1222 14:40:46.574975 84569 naive_actor.cpp:25] actor 2199025352730 switch to &NaiveActor::HandlerNormal
I1222 14:40:46.575013 84569 thread.cpp:99] Thread 1048577 construct Actor kCollectiveBoxingGeneric 2199025352730
I1222 14:40:46.575053 84569 runtime_context.cpp:29] DecreaseCounter constructing_actor_cnt, current val is 3108
I1222 14:40:46.575191 84569 naive_actor.cpp:25] actor 2199025352856 switch to &NaiveActor::HandlerNormal
I1222 14:40:46.575238 84569 thread.cpp:99] Thread 1048577 construct Actor kCollectiveBoxingGeneric 2199025352856
I1222 14:40:46.575325 84569 runtime_context.cpp:29] DecreaseCounter constructing_actor_cnt, current val is 3107
I1222 14:40:46.575536 84569 naive_actor.cpp:25] actor 2199025352756 switch to &NaiveActor::HandlerNormal
I1222 14:40:46.575593 84569 thread.cpp:99] Thread 1048577 construct Actor kCollectiveBoxingGeneric 2199025352756
I1222 14:40:46.575659 84569 runtime_context.cpp:29] DecreaseCounter constructing_actor_cnt, current val is 3106
I1222 14:40:46.575832 84569 naive_actor.cpp:25] actor 2199025352753 switch to &NaiveActor::HandlerNormal
I1222 14:40:46.575878 84569 thread.cpp:99] Thread 1048577 construct Actor kCollectiveBoxingGeneric 2199025352753
I1222 14:40:46.575928 84569 runtime_context.cpp:29] DecreaseCounter constructing_actor_cnt, current val is 3105
I1222 14:40:46.576069 84569 naive_actor.cpp:25] actor 2199025352717 switch to &NaiveActor::HandlerNormal
I1222 14:40:46.576107 84569 thread.cpp:99] Thread 1048577 construct Actor kCollectiveBoxingGeneric 2199025352717
I1222 14:40:46.576155 84569 runtime_context.cpp:29] DecreaseCounter constructing_actor_cnt, current val is 3104
I1222 14:40:46.576212 84531 naive_actor.cpp:25] actor 2199023255590 switch to &NaiveActor::HandlerNormal
I1222 14:40:46.576305 84569 naive_actor.cpp:25] actor 2199025352870 switch to &NaiveActor::HandlerNormal
I1222 14:40:46.576345 84531 thread.cpp:99] Thread 1048576 construct Actor kNormalForward 2199023255590
I1222 14:40:46.576390 84569 thread.cpp:99] Thread 1048577 construct Actor kCollectiveBoxingGeneric 2199025352870
I1222 14:40:46.576520 84569 runtime_context.cpp:29] DecreaseCounter constructing_actor_cnt, current val is 3103
I1222 14:40:46.576539 84531 runtime_context.cpp:29] DecreaseCounter constructing_actor_cnt, current val is 3102
I1222 14:40:46.576679 84569 naive_actor.cpp:25] actor 2199025352746 switch to &NaiveActor::HandlerNormal
I1222 14:40:46.576737 84569 thread.cpp:99] Thread 1048577 construct Actor kCollectiveBoxingGeneric 2199025352746
I1222 14:40:46.576799 84569 runtime_context.cpp:29] DecreaseCounter constructing_actor_cnt, current val is 3101
I1222 14:40:46.576975 84569 naive_actor.cpp:25] actor 2199025352736 switch to &NaiveActor::HandlerNormal
I1222 14:40:46.577009 84569 thread.cpp:99] Thread 1048577 construct Actor kCollectiveBoxingGeneric 2199025352736
I1222 14:40:46.577049 84569 runtime_context.cpp:29] DecreaseCounter constructing_actor_cnt, current val is 3100
I1222 14:40:46.577190 84569 naive_actor.cpp:25] actor 2199025352771 switch to &NaiveActor::HandlerNormal
I1222 14:40:46.577239 84569 thread.cpp:99] Thread 1048577 construct Actor kCollectiveBoxingGeneric 2199025352771
I1222 14:40:46.577292 84569 runtime_context.cpp:29] DecreaseCounter constructing_actor_cnt, current val is 3099
I1222 14:40:46.577450 84569 naive_actor.cpp:25] actor 2199025352897 switch to &NaiveActor::HandlerNormal
I1222 14:40:46.577503 84569 thread.cpp:99] Thread 1048577 construct Actor kCollectiveBoxingGeneric 2199025352897
I1222 14:40:46.577553 84569 runtime_context.cpp:29] DecreaseCounter constructing_actor_cnt, current val is 3098
I1222 14:40:46.577703 84569 naive_actor.cpp:25] actor 2199025352872 switch to &NaiveActor::HandlerNormal
I1222 14:40:46.577775 84569 thread.cpp:99] Thread 1048577 construct Actor kCollectiveBoxingGeneric 2199025352872
I1222 14:40:46.577838 84569 runtime_context.cpp:29] DecreaseCounter constructing_actor_cnt, current val is 3097
I1222 14:40:46.577955 84531 naive_actor.cpp:25] actor 2199023255585 switch to &NaiveActor::HandlerNormal
I1222 14:40:46.577984 84569 naive_actor.cpp:25] actor 2199025352711 switch to &NaiveActor::HandlerNormal
I1222 14:40:46.578070 84531 thread.cpp:99] Thread 1048576 construct Actor kNormalForward 2199023255585
I1222 14:40:46.578102 84569 thread.cpp:99] Thread 1048577 construct Actor kCollectiveBoxingGeneric 2199025352711
I1222 14:40:46.578209 84569 runtime_context.cpp:29] DecreaseCounter constructing_actor_cnt, current val is 3096
I1222 14:40:46.578234 84531 runtime_context.cpp:29] DecreaseCounter constructing_actor_cnt, current val is 3095
I1222 14:40:46.578361 84569 naive_actor.cpp:25] actor 2199025352898 switch to &NaiveActor::HandlerNormal
I1222 14:40:46.578460 84569 thread.cpp:99] Thread 1048577 construct Actor kCollectiveBoxingGeneric 2199025352898
I1222 14:40:46.579023 84569 runtime_context.cpp:29] DecreaseCounter constructing_actor_cnt, current val is 3094
I1222 14:40:46.579196 84569 naive_actor.cpp:25] actor 2199025352795 switch to &NaiveActor::HandlerNormal
I1222 14:40:46.579248 84569 thread.cpp:99] Thread 1048577 construct Actor kCollectiveBoxingGeneric 2199025352795
I1222 14:40:46.579298 84569 runtime_context.cpp:29] DecreaseCounter constructing_actor_cnt, current val is 3093
I1222 14:40:46.579463 84569 naive_actor.cpp:25] actor 2199025352840 switch to &NaiveActor::HandlerNormal
I1222 14:40:46.579495 84569 thread.cpp:99] Thread 1048577 construct Actor kCollectiveBoxingGeneric 2199025352840
I1222 14:40:46.579520 84531 naive_actor.cpp:25] actor 2199023255579 switch to &NaiveActor::HandlerNormal
I1222 14:40:46.579541 84569 runtime_context.cpp:29] DecreaseCounter constructing_actor_cnt, current val is 3092
I1222 14:40:46.579641 84531 thread.cpp:99] Thread 1048576 construct Actor kNormalForward 2199023255579
I1222 14:40:46.579798 84569 naive_actor.cpp:25] actor 2199025352724 switch to &NaiveActor::HandlerNormal
I1222 14:40:46.579815 84531 runtime_context.cpp:29] DecreaseCounter constructing_actor_cnt, current val is 3091
I1222 14:40:46.579843 84569 thread.cpp:99] Thread 1048577 construct Actor kCollectiveBoxingGeneric 2199025352724
I1222 14:40:46.579932 84569 runtime_context.cpp:29] DecreaseCounter constructing_actor_cnt, current val is 3090
I1222 14:40:46.580101 84569 naive_actor.cpp:25] actor 2199025352866 switch to &NaiveActor::HandlerNormal
I1222 14:40:46.580147 84569 thread.cpp:99] Thread 1048577 construct Actor kCollectiveBoxingGeneric 2199025352866
I1222 14:40:46.580199 84569 runtime_context.cpp:29] DecreaseCounter constructing_actor_cnt, current val is 3089
I1222 14:40:46.580369 84569 naive_actor.cpp:25] actor 2199025352707 switch to &NaiveActor::HandlerNormal
I1222 14:40:46.580420 84569 thread.cpp:99] Thread 1048577 construct Actor kCollectiveBoxingGeneric 2199025352707
I1222 14:40:46.580461 84569 runtime_context.cpp:29] DecreaseCounter constructing_actor_cnt, current val is 3088
I1222 14:40:46.580615 84569 naive_actor.cpp:25] actor 2199025352774 switch to &NaiveActor::HandlerNormal
I1222 14:40:46.580653 84569 thread.cpp:99] Thread 1048577 construct Actor kCollectiveBoxingGeneric 2199025352774
I1222 14:40:46.580690 84569 runtime_context.cpp:29] DecreaseCounter constructing_actor_cnt, current val is 3087
I1222 14:40:46.580847 84569 naive_actor.cpp:25] actor 2199025352888 switch to &NaiveActor::HandlerNormal
I1222 14:40:46.580897 84569 thread.cpp:99] Thread 1048577 construct Actor kCollectiveBoxingGeneric 2199025352888
I1222 14:40:46.580948 84569 runtime_context.cpp:29] DecreaseCounter constructing_actor_cnt, current val is 3086
I1222 14:40:46.581089 84569 naive_actor.cpp:25] actor 2199025352798 switch to &NaiveActor::HandlerNormal
I1222 14:40:46.581135 84569 thread.cpp:99] Thread 1048577 construct Actor kCollectiveBoxingGeneric 2199025352798
I1222 14:40:46.581183 84569 runtime_context.cpp:29] DecreaseCounter constructing_actor_cnt, current val is 3085
I1222 14:40:46.581244 84531 naive_actor.cpp:25] actor 2199023255574 switch to &NaiveActor::HandlerNormal
I1222 14:40:46.581324 84569 naive_actor.cpp:25] actor 2199025352854 switch to &NaiveActor::HandlerNormal
I1222 14:40:46.581375 84531 thread.cpp:99] Thread 1048576 construct Actor kNormalForward 2199023255574
I1222 14:40:46.581405 84569 thread.cpp:99] Thread 1048577 construct Actor kCollectiveBoxingGeneric 2199025352854
I1222 14:40:46.581529 84569 runtime_context.cpp:29] DecreaseCounter constructing_actor_cnt, current val is 3084
I1222 14:40:46.581543 84531 runtime_context.cpp:29] DecreaseCounter constructing_actor_cnt, current val is 3083
I1222 14:40:46.581687 84569 naive_actor.cpp:25] actor 2199025352778 switch to &NaiveActor::HandlerNormal
I1222 14:40:46.581735 84569 thread.cpp:99] Thread 1048577 construct Actor kCollectiveBoxingGeneric 2199025352778
I1222 14:40:46.581838 84569 runtime_context.cpp:29] DecreaseCounter constructing_actor_cnt, current val is 3082
I1222 14:40:46.582492 84569 naive_actor.cpp:25] actor 2199025352785 switch to &NaiveActor::HandlerNormal
I1222 14:40:46.582545 84569 thread.cpp:99] Thread 1048577 construct Actor kCollectiveBoxingGeneric 2199025352785
I1222 14:40:46.582597 84569 runtime_context.cpp:29] DecreaseCounter constructing_actor_cnt, current val is 3081
I1222 14:40:46.582767 84569 naive_actor.cpp:25] actor 2199025352721 switch to &NaiveActor::HandlerNormal
I1222 14:40:46.582818 84569 thread.cpp:99] Thread 1048577 construct Actor kCollectiveBoxingGeneric 2199025352721
I1222 14:40:46.582857 84569 runtime_context.cpp:29] DecreaseCounter constructing_actor_cnt, current val is 3080
I1222 14:40:46.582943 84531 naive_actor.cpp:25] actor 2199023255586 switch to &NaiveActor::HandlerNormal
I1222 14:40:46.583011 84569 naive_actor.cpp:25] actor 2199025352791 switch to &NaiveActor::HandlerNormal
I1222 14:40:46.583055 84531 thread.cpp:99] Thread 1048576 construct Actor kNormalForward 2199023255586
I1222 14:40:46.583083 84569 thread.cpp:99] Thread 1048577 construct Actor kCollectiveBoxingGeneric 2199025352791
I1222 14:40:46.583195 84569 runtime_context.cpp:29] DecreaseCounter constructing_actor_cnt, current val is 3079
I1222 14:40:46.583214 84531 runtime_context.cpp:29] DecreaseCounter constructing_actor_cnt, current val is 3078
