I1222 14:52:03.737185 86659 runtime_context.cpp:29] DecreaseCounter constructing_actor_cnt, current val is 3232
I1222 14:52:03.737221 86690 thread.cpp:99] Thread 1048577 construct Actor kCollectiveBoxingGeneric 2199025352737
I1222 14:52:03.737313 86707 runtime_context.cpp:29] DecreaseCounter constructing_actor_cnt, current val is 3231
I1222 14:52:03.737409 86687 thread.cpp:99] Thread 524352 construct Actor kSrcSubsetTick 1099645845510
I1222 14:52:03.737433 86655 naive_actor.cpp:25] actor 2199023255553 switch to &NaiveActor::HandlerNormal
I1222 14:52:03.737453 86711 naive_actor.cpp:25] actor 2199029547008 switch to &NaiveActor::HandlerNormal
I1222 14:52:03.737589 86690 runtime_context.cpp:29] DecreaseCounter constructing_actor_cnt, current val is 3230
I1222 14:52:03.737737 86687 runtime_context.cpp:29] DecreaseCounter constructing_actor_cnt, current val is 3229
I1222 14:52:03.737740 86707 copy_comm_net_actor.cpp:66] actor 1099656331268 switch to &CopyCommNetActor::HandlerNormal
I1222 14:52:03.737812 86655 thread.cpp:99] Thread 1048576 construct Actor kNormalForward 2199023255553
I1222 14:52:03.737850 86711 thread.cpp:99] Thread 1048579 construct Actor kCopyHd 2199029547008
I1222 14:52:03.738015 86707 thread.cpp:99] Thread 524357 construct Actor kCopyCommNet 1099656331268
I1222 14:52:03.738145 86711 runtime_context.cpp:29] DecreaseCounter constructing_actor_cnt, current val is 3228
I1222 14:52:03.738154 86655 runtime_context.cpp:29] DecreaseCounter constructing_actor_cnt, current val is 3227
I1222 14:52:03.738189 86707 runtime_context.cpp:29] DecreaseCounter constructing_actor_cnt, current val is 3226
I1222 14:52:03.738353 86711 naive_actor.cpp:25] actor 2199029547010 switch to &NaiveActor::HandlerNormal
I1222 14:52:03.738175 86690 naive_actor.cpp:25] actor 2199025352744 switch to &NaiveActor::HandlerNormal
I1222 14:52:03.738499 86707 copy_comm_net_actor.cpp:66] actor 1099656331265 switch to &CopyCommNetActor::HandlerNormal
I1222 14:52:03.738426 86711 thread.cpp:99] Thread 1048579 construct Actor kCopyHd 2199029547010
I1222 14:52:03.738585 86687 naive_actor.cpp:25] actor 1099645845511 switch to &NaiveActor::HandlerNormal
I1222 14:52:03.738554 86707 thread.cpp:99] Thread 524357 construct Actor kCopyCommNet 1099656331265
I1222 14:52:03.738512 86690 thread.cpp:99] Thread 1048577 construct Actor kCollectiveBoxingGeneric 2199025352744
I1222 14:52:03.738704 86687 thread.cpp:99] Thread 524352 construct Actor kDstSubsetTick 1099645845511
I1222 14:52:03.739358 86711 runtime_context.cpp:29] DecreaseCounter constructing_actor_cnt, current val is 3225
I1222 14:52:03.739365 86707 runtime_context.cpp:29] DecreaseCounter constructing_actor_cnt, current val is 3224
I1222 14:52:03.739377 86690 runtime_context.cpp:29] DecreaseCounter constructing_actor_cnt, current val is 3223
I1222 14:52:03.739416 86687 runtime_context.cpp:29] DecreaseCounter constructing_actor_cnt, current val is 3222
I1222 14:52:03.739611 86707 copy_comm_net_actor.cpp:66] actor 1099656331270 switch to &CopyCommNetActor::HandlerNormal
I1222 14:52:03.739578 86711 naive_actor.cpp:25] actor 2199029547017 switch to &NaiveActor::HandlerNormal
I1222 14:52:03.739679 86707 thread.cpp:99] Thread 524357 construct Actor kCopyCommNet 1099656331270
I1222 14:52:03.739758 86711 thread.cpp:99] Thread 1048579 construct Actor kCopyHd 2199029547017
I1222 14:52:03.739850 86690 naive_actor.cpp:25] actor 2199025352708 switch to &NaiveActor::HandlerNormal
I1222 14:52:03.739833 86707 runtime_context.cpp:29] DecreaseCounter constructing_actor_cnt, current val is 3221
I1222 14:52:03.739877 86711 runtime_context.cpp:29] DecreaseCounter constructing_actor_cnt, current val is 3220
I1222 14:52:03.739951 86690 thread.cpp:99] Thread 1048577 construct Actor kCollectiveBoxingGeneric 2199025352708
I1222 14:52:03.740181 86707 copy_comm_net_actor.cpp:66] actor 1099656331266 switch to &CopyCommNetActor::HandlerNormal
I1222 14:52:03.740558 86690 runtime_context.cpp:29] DecreaseCounter constructing_actor_cnt, current val is 3219
I1222 14:52:03.740571 86707 thread.cpp:99] Thread 524357 construct Actor kCopyCommNet 1099656331266
I1222 14:52:03.740607 86711 naive_actor.cpp:25] actor 2199029547012 switch to &NaiveActor::HandlerNormal
I1222 14:52:03.740653 86687 naive_actor.cpp:25] actor 1099645845506 switch to &NaiveActor::HandlerNormal
I1222 14:52:03.740716 86707 runtime_context.cpp:29] DecreaseCounter constructing_actor_cnt, current val is 3218
I1222 14:52:03.740733 86711 thread.cpp:99] Thread 1048579 construct Actor kCopyHd 2199029547012
I1222 14:52:03.740841 86687 thread.cpp:99] Thread 524352 construct Actor kDstSubsetTick 1099645845506
I1222 14:52:03.740898 86690 naive_actor.cpp:25] actor 2199025352754 switch to &NaiveActor::HandlerNormal
I1222 14:52:03.740955 86711 runtime_context.cpp:29] DecreaseCounter constructing_actor_cnt, current val is 3217
I1222 14:52:03.741050 86707 copy_comm_net_actor.cpp:66] actor 1099656331271 switch to &CopyCommNetActor::HandlerNormal
I1222 14:52:03.741076 86690 thread.cpp:99] Thread 1048577 construct Actor kCollectiveBoxingGeneric 2199025352754
I1222 14:52:03.741079 86687 runtime_context.cpp:29] DecreaseCounter constructing_actor_cnt, current val is 3216
I1222 14:52:03.741170 86707 thread.cpp:99] Thread 524357 construct Actor kCopyCommNet 1099656331271
I1222 14:52:03.741253 86711 naive_actor.cpp:25] actor 2199029547019 switch to &NaiveActor::HandlerNormal
I1222 14:52:03.741271 86690 runtime_context.cpp:29] DecreaseCounter constructing_actor_cnt, current val is 3215
I1222 14:52:03.741371 86707 runtime_context.cpp:29] DecreaseCounter constructing_actor_cnt, current val is 3214
I1222 14:52:03.741400 86711 thread.cpp:99] Thread 1048579 construct Actor kCopyHd 2199029547019
I1222 14:52:03.741575 86711 runtime_context.cpp:29] DecreaseCounter constructing_actor_cnt, current val is 3213
I1222 14:52:03.741634 86655 naive_actor.cpp:25] actor 2199023255552 switch to &NaiveActor::HandlerNormal
I1222 14:52:03.741662 86707 copy_comm_net_actor.cpp:66] actor 1099656331272 switch to &CopyCommNetActor::HandlerNormal
I1222 14:52:03.741729 86690 naive_actor.cpp:25] actor 2199025352714 switch to &NaiveActor::HandlerNormal
I1222 14:52:03.741755 86711 naive_actor.cpp:25] actor 2199029547016 switch to &NaiveActor::HandlerNormal
I1222 14:52:03.741827 86687 naive_actor.cpp:25] actor 1099645845507 switch to &NaiveActor::HandlerNormal
I1222 14:52:03.741837 86655 thread.cpp:99] Thread 1048576 construct Actor kNormalForward 2199023255552
I1222 14:52:03.741887 86707 thread.cpp:99] Thread 524357 construct Actor kCopyCommNet 1099656331272
I1222 14:52:03.741967 86690 thread.cpp:99] Thread 1048577 construct Actor kCollectiveBoxingGeneric 2199025352714
I1222 14:52:03.742002 86711 thread.cpp:99] Thread 1048579 construct Actor kCopyHd 2199029547016
I1222 14:52:03.742089 86687 thread.cpp:99] Thread 524352 construct Actor kTick 1099645845507
I1222 14:52:03.742200 86707 runtime_context.cpp:29] DecreaseCounter constructing_actor_cnt, current val is 3212
I1222 14:52:03.742224 86655 runtime_context.cpp:29] DecreaseCounter constructing_actor_cnt, current val is 3211
I1222 14:52:03.742277 86690 runtime_context.cpp:29] DecreaseCounter constructing_actor_cnt, current val is 3210
I1222 14:52:03.742292 86711 runtime_context.cpp:29] DecreaseCounter constructing_actor_cnt, current val is 3209
I1222 14:52:03.742386 86687 runtime_context.cpp:29] DecreaseCounter constructing_actor_cnt, current val is 3208
I1222 14:52:03.742668 86711 naive_actor.cpp:25] actor 2199029547014 switch to &NaiveActor::HandlerNormal
I1222 14:52:03.742715 86711 thread.cpp:99] Thread 1048579 construct Actor kCopyHd 2199029547014
I1222 14:52:03.742749 86690 naive_actor.cpp:25] actor 2199025352713 switch to &NaiveActor::HandlerNormal
I1222 14:52:03.742831 86711 runtime_context.cpp:29] DecreaseCounter constructing_actor_cnt, current val is 3207
I1222 14:52:03.743032 86655 naive_actor.cpp:25] actor 2199023255559 switch to &NaiveActor::HandlerNormal
I1222 14:52:03.743140 86687 naive_actor.cpp:25] actor 1099645845505 switch to &NaiveActor::HandlerNormal
I1222 14:52:03.743271 86690 thread.cpp:99] Thread 1048577 construct Actor kCollectiveBoxingGeneric 2199025352713
I1222 14:52:03.743391 86655 thread.cpp:99] Thread 1048576 construct Actor kNormalForward 2199023255559
I1222 14:52:03.743424 86711 naive_actor.cpp:25] actor 2199029547018 switch to &NaiveActor::HandlerNormal
I1222 14:52:03.743487 86687 thread.cpp:99] Thread 524352 construct Actor kTick 1099645845505
I1222 14:52:03.743592 86690 runtime_context.cpp:29] DecreaseCounter constructing_actor_cnt, current val is 3206
I1222 14:52:03.743799 86687 runtime_context.cpp:29] DecreaseCounter constructing_actor_cnt, current val is 3204
I1222 14:52:03.743688 86655 runtime_context.cpp:29] DecreaseCounter constructing_actor_cnt, current val is 3205
I1222 14:52:03.743667 86711 thread.cpp:99] Thread 1048579 construct Actor kCopyHd 2199029547018
I1222 14:52:03.744000 86711 runtime_context.cpp:29] DecreaseCounter constructing_actor_cnt, current val is 3203
I1222 14:52:03.744055 86690 naive_actor.cpp:25] actor 2199025352742 switch to &NaiveActor::HandlerNormal
I1222 14:52:03.744146 86711 naive_actor.cpp:25] actor 2199029547020 switch to &NaiveActor::HandlerNormal
I1222 14:52:03.744153 86690 thread.cpp:99] Thread 1048577 construct Actor kCollectiveBoxingGeneric 2199025352742
I1222 14:52:03.744204 86711 thread.cpp:99] Thread 1048579 construct Actor kCopyHd 2199029547020
I1222 14:52:03.744302 86690 runtime_context.cpp:29] DecreaseCounter constructing_actor_cnt, current val is 3202
I1222 14:52:03.744307 86711 runtime_context.cpp:29] DecreaseCounter constructing_actor_cnt, current val is 3201
I1222 14:52:03.744567 86687 naive_actor.cpp:25] actor 1099645845512 switch to &NaiveActor::HandlerNormal
I1222 14:52:03.744624 86690 naive_actor.cpp:25] actor 2199025352798 switch to &NaiveActor::HandlerNormal
I1222 14:52:03.744689 86687 thread.cpp:99] Thread 524352 construct Actor kSrcSubsetTick 1099645845512
I1222 14:52:03.744773 86690 thread.cpp:99] Thread 1048577 construct Actor kCollectiveBoxingGeneric 2199025352798
I1222 14:52:03.744917 86687 runtime_context.cpp:29] DecreaseCounter constructing_actor_cnt, current val is 3200
I1222 14:52:03.744956 86690 runtime_context.cpp:29] DecreaseCounter constructing_actor_cnt, current val is 3199
I1222 14:52:03.745297 86690 naive_actor.cpp:25] actor 2199025352725 switch to &NaiveActor::HandlerNormal
I1222 14:52:03.745393 86690 thread.cpp:99] Thread 1048577 construct Actor kCollectiveBoxingGeneric 2199025352725
I1222 14:52:03.745491 86690 runtime_context.cpp:29] DecreaseCounter constructing_actor_cnt, current val is 3198
I1222 14:52:03.745486 86655 naive_actor.cpp:25] actor 2199023255558 switch to &NaiveActor::HandlerNormal
I1222 14:52:03.745651 86687 naive_actor.cpp:25] actor 1099645845513 switch to &NaiveActor::HandlerNormal
I1222 14:52:03.745687 86655 thread.cpp:99] Thread 1048576 construct Actor kNormalForward 2199023255558
I1222 14:52:03.745757 86687 thread.cpp:99] Thread 524352 construct Actor kDstSubsetTick 1099645845513
I1222 14:52:03.745833 86690 naive_actor.cpp:25] actor 2199025352760 switch to &NaiveActor::HandlerNormal
I1222 14:52:03.745921 86655 runtime_context.cpp:29] DecreaseCounter constructing_actor_cnt, current val is 3197
I1222 14:52:03.745957 86690 thread.cpp:99] Thread 1048577 construct Actor kCollectiveBoxingGeneric 2199025352760
I1222 14:52:03.745961 86687 runtime_context.cpp:29] DecreaseCounter constructing_actor_cnt, current val is 3196
I1222 14:52:03.746093 86690 runtime_context.cpp:29] DecreaseCounter constructing_actor_cnt, current val is 3195
I1222 14:52:03.746415 86690 naive_actor.cpp:25] actor 2199025352712 switch to &NaiveActor::HandlerNormal
I1222 14:52:03.746592 86690 thread.cpp:99] Thread 1048577 construct Actor kCollectiveBoxingGeneric 2199025352712
I1222 14:52:03.746795 86687 naive_actor.cpp:25] actor 1099645845504 switch to &NaiveActor::HandlerNormal
I1222 14:52:03.747084 86690 runtime_context.cpp:29] DecreaseCounter constructing_actor_cnt, current val is 3194
I1222 14:52:03.747155 86687 thread.cpp:99] Thread 524352 construct Actor kSrcSubsetTick 1099645845504
I1222 14:52:03.747354 86687 runtime_context.cpp:29] DecreaseCounter constructing_actor_cnt, current val is 3193
I1222 14:52:03.747462 86690 naive_actor.cpp:25] actor 2199025352779 switch to &NaiveActor::HandlerNormal
I1222 14:52:03.747516 86655 naive_actor.cpp:25] actor 2199023255590 switch to &NaiveActor::HandlerNormal
I1222 14:52:03.747551 86690 thread.cpp:99] Thread 1048577 construct Actor kCollectiveBoxingGeneric 2199025352779
I1222 14:52:03.747653 86655 thread.cpp:99] Thread 1048576 construct Actor kNormalForward 2199023255590
I1222 14:52:03.747746 86690 runtime_context.cpp:29] DecreaseCounter constructing_actor_cnt, current val is 3192
I1222 14:52:03.747859 86655 runtime_context.cpp:29] DecreaseCounter constructing_actor_cnt, current val is 3191
I1222 14:52:03.748073 86690 naive_actor.cpp:25] actor 2199025352816 switch to &NaiveActor::HandlerNormal
I1222 14:52:03.748164 86690 thread.cpp:99] Thread 1048577 construct Actor kCollectiveBoxingGeneric 2199025352816
I1222 14:52:03.748267 86690 runtime_context.cpp:29] DecreaseCounter constructing_actor_cnt, current val is 3190
I1222 14:52:03.748425 86655 naive_actor.cpp:25] actor 2199023255565 switch to &NaiveActor::HandlerNormal
I1222 14:52:03.748528 86655 thread.cpp:99] Thread 1048576 construct Actor kNormalForward 2199023255565
I1222 14:52:03.748553 86690 naive_actor.cpp:25] actor 2199025352796 switch to &NaiveActor::HandlerNormal
I1222 14:52:03.748664 86655 runtime_context.cpp:29] DecreaseCounter constructing_actor_cnt, current val is 3189
I1222 14:52:03.748680 86690 thread.cpp:99] Thread 1048577 construct Actor kCollectiveBoxingGeneric 2199025352796
I1222 14:52:03.748854 86690 runtime_context.cpp:29] DecreaseCounter constructing_actor_cnt, current val is 3188
I1222 14:52:03.749138 86690 naive_actor.cpp:25] actor 2199025352705 switch to &NaiveActor::HandlerNormal
I1222 14:52:03.749225 86690 thread.cpp:99] Thread 1048577 construct Actor kCollectiveBoxingGeneric 2199025352705
I1222 14:52:03.749321 86690 runtime_context.cpp:29] DecreaseCounter constructing_actor_cnt, current val is 3187
I1222 14:52:03.749603 86690 naive_actor.cpp:25] actor 2199025352804 switch to &NaiveActor::HandlerNormal
I1222 14:52:03.749688 86690 thread.cpp:99] Thread 1048577 construct Actor kCollectiveBoxingGeneric 2199025352804
I1222 14:52:03.749804 86690 runtime_context.cpp:29] DecreaseCounter constructing_actor_cnt, current val is 3186
I1222 14:52:03.750118 86690 naive_actor.cpp:25] actor 2199025352762 switch to &NaiveActor::HandlerNormal
I1222 14:52:03.750198 86690 thread.cpp:99] Thread 1048577 construct Actor kCollectiveBoxingGeneric 2199025352762
I1222 14:52:03.750274 86690 runtime_context.cpp:29] DecreaseCounter constructing_actor_cnt, current val is 3185
I1222 14:52:03.750407 86655 naive_actor.cpp:25] actor 2199023255562 switch to &NaiveActor::HandlerNormal
I1222 14:52:03.750526 86655 thread.cpp:99] Thread 1048576 construct Actor kNormalForward 2199023255562
I1222 14:52:03.750545 86690 naive_actor.cpp:25] actor 2199025352810 switch to &NaiveActor::HandlerNormal
I1222 14:52:03.750679 86655 runtime_context.cpp:29] DecreaseCounter constructing_actor_cnt, current val is 3184
I1222 14:52:03.750679 86690 thread.cpp:99] Thread 1048577 construct Actor kCollectiveBoxingGeneric 2199025352810
I1222 14:52:03.750869 86690 runtime_context.cpp:29] DecreaseCounter constructing_actor_cnt, current val is 3183
I1222 14:52:03.751163 86690 naive_actor.cpp:25] actor 2199025352832 switch to &NaiveActor::HandlerNormal
I1222 14:52:03.751251 86690 thread.cpp:99] Thread 1048577 construct Actor kCollectiveBoxingGeneric 2199025352832
I1222 14:52:03.751328 86690 runtime_context.cpp:29] DecreaseCounter constructing_actor_cnt, current val is 3182
I1222 14:52:03.751701 86690 naive_actor.cpp:25] actor 2199025352781 switch to &NaiveActor::HandlerNormal
I1222 14:52:03.751879 86690 thread.cpp:99] Thread 1048577 construct Actor kCollectiveBoxingGeneric 2199025352781
I1222 14:52:03.751981 86690 runtime_context.cpp:29] DecreaseCounter constructing_actor_cnt, current val is 3181
I1222 14:52:03.752271 86690 naive_actor.cpp:25] actor 2199025352828 switch to &NaiveActor::HandlerNormal
I1222 14:52:03.752287 86655 naive_actor.cpp:25] actor 2199023255594 switch to &NaiveActor::HandlerNormal
I1222 14:52:03.752363 86690 thread.cpp:99] Thread 1048577 construct Actor kCollectiveBoxingGeneric 2199025352828
I1222 14:52:03.752466 86655 thread.cpp:99] Thread 1048576 construct Actor kNormalForward 2199023255594
I1222 14:52:03.752560 86690 runtime_context.cpp:29] DecreaseCounter constructing_actor_cnt, current val is 3180
I1222 14:52:03.752656 86655 runtime_context.cpp:29] DecreaseCounter constructing_actor_cnt, current val is 3179
I1222 14:52:03.752882 86690 naive_actor.cpp:25] actor 2199025352758 switch to &NaiveActor::HandlerNormal
I1222 14:52:03.752970 86690 thread.cpp:99] Thread 1048577 construct Actor kCollectiveBoxingGeneric 2199025352758
I1222 14:52:03.753064 86690 runtime_context.cpp:29] DecreaseCounter constructing_actor_cnt, current val is 3178
I1222 14:52:03.753355 86690 naive_actor.cpp:25] actor 2199025352780 switch to &NaiveActor::HandlerNormal
I1222 14:52:03.753422 86690 thread.cpp:99] Thread 1048577 construct Actor kCollectiveBoxingGeneric 2199025352780
I1222 14:52:03.753510 86690 runtime_context.cpp:29] DecreaseCounter constructing_actor_cnt, current val is 3177
I1222 14:52:03.753772 86690 naive_actor.cpp:25] actor 2199025352851 switch to &NaiveActor::HandlerNormal
I1222 14:52:03.753871 86690 thread.cpp:99] Thread 1048577 construct Actor kCollectiveBoxingGeneric 2199025352851
I1222 14:52:03.753962 86690 runtime_context.cpp:29] DecreaseCounter constructing_actor_cnt, current val is 3176
I1222 14:52:03.754217 86655 naive_actor.cpp:25] actor 2199023255564 switch to &NaiveActor::HandlerNormal
I1222 14:52:03.754245 86690 naive_actor.cpp:25] actor 2199025352859 switch to &NaiveActor::HandlerNormal
I1222 14:52:03.754340 86655 thread.cpp:99] Thread 1048576 construct Actor kNormalForward 2199023255564
I1222 14:52:03.754401 86690 thread.cpp:99] Thread 1048577 construct Actor kCollectiveBoxingGeneric 2199025352859
I1222 14:52:03.754527 86655 runtime_context.cpp:29] DecreaseCounter constructing_actor_cnt, current val is 3175
I1222 14:52:03.754549 86690 runtime_context.cpp:29] DecreaseCounter constructing_actor_cnt, current val is 3174
I1222 14:52:03.754912 86690 naive_actor.cpp:25] actor 2199025352846 switch to &NaiveActor::HandlerNormal
I1222 14:52:03.755002 86690 thread.cpp:99] Thread 1048577 construct Actor kCollectiveBoxingGeneric 2199025352846
I1222 14:52:03.755100 86690 runtime_context.cpp:29] DecreaseCounter constructing_actor_cnt, current val is 3173
I1222 14:52:03.755385 86690 naive_actor.cpp:25] actor 2199025352777 switch to &NaiveActor::HandlerNormal
I1222 14:52:03.755471 86690 thread.cpp:99] Thread 1048577 construct Actor kCollectiveBoxingGeneric 2199025352777
I1222 14:52:03.755563 86690 runtime_context.cpp:29] DecreaseCounter constructing_actor_cnt, current val is 3172
I1222 14:52:03.755874 86690 naive_actor.cpp:25] actor 2199025352873 switch to &NaiveActor::HandlerNormal
I1222 14:52:03.755964 86690 thread.cpp:99] Thread 1048577 construct Actor kCollectiveBoxingGeneric 2199025352873
I1222 14:52:03.755997 86655 naive_actor.cpp:25] actor 2199023255578 switch to &NaiveActor::HandlerNormal
I1222 14:52:03.756083 86690 runtime_context.cpp:29] DecreaseCounter constructing_actor_cnt, current val is 3171
I1222 14:52:03.756135 86655 thread.cpp:99] Thread 1048576 construct Actor kNormalForward 2199023255578
I1222 14:52:03.756314 86655 runtime_context.cpp:29] DecreaseCounter constructing_actor_cnt, current val is 3170
I1222 14:52:03.756425 86690 naive_actor.cpp:25] actor 2199025352750 switch to &NaiveActor::HandlerNormal
I1222 14:52:03.756608 86690 thread.cpp:99] Thread 1048577 construct Actor kCollectiveBoxingGeneric 2199025352750
I1222 14:52:03.757063 86690 runtime_context.cpp:29] DecreaseCounter constructing_actor_cnt, current val is 3169
I1222 14:52:03.757369 86690 naive_actor.cpp:25] actor 2199025352710 switch to &NaiveActor::HandlerNormal
I1222 14:52:03.757458 86690 thread.cpp:99] Thread 1048577 construct Actor kCollectiveBoxingGeneric 2199025352710
I1222 14:52:03.757536 86690 runtime_context.cpp:29] DecreaseCounter constructing_actor_cnt, current val is 3168
I1222 14:52:03.757652 86655 naive_actor.cpp:25] actor 2199023255563 switch to &NaiveActor::HandlerNormal
I1222 14:52:03.757756 86655 thread.cpp:99] Thread 1048576 construct Actor kNormalForward 2199023255563
I1222 14:52:03.757850 86690 naive_actor.cpp:25] actor 2199025352792 switch to &NaiveActor::HandlerNormal
I1222 14:52:03.757880 86655 runtime_context.cpp:29] DecreaseCounter constructing_actor_cnt, current val is 3167
I1222 14:52:03.757925 86690 thread.cpp:99] Thread 1048577 construct Actor kCollectiveBoxingGeneric 2199025352792
I1222 14:52:03.758090 86690 runtime_context.cpp:29] DecreaseCounter constructing_actor_cnt, current val is 3166
I1222 14:52:03.758385 86690 naive_actor.cpp:25] actor 2199025352812 switch to &NaiveActor::HandlerNormal
I1222 14:52:03.758471 86690 thread.cpp:99] Thread 1048577 construct Actor kCollectiveBoxingGeneric 2199025352812
I1222 14:52:03.758566 86690 runtime_context.cpp:29] DecreaseCounter constructing_actor_cnt, current val is 3165
I1222 14:52:03.758862 86690 naive_actor.cpp:25] actor 2199025352735 switch to &NaiveActor::HandlerNormal
I1222 14:52:03.758975 86690 thread.cpp:99] Thread 1048577 construct Actor kCollectiveBoxingGeneric 2199025352735
I1222 14:52:03.759069 86690 runtime_context.cpp:29] DecreaseCounter constructing_actor_cnt, current val is 3164
I1222 14:52:03.759339 86690 naive_actor.cpp:25] actor 2199025352770 switch to &NaiveActor::HandlerNormal
I1222 14:52:03.759346 86655 naive_actor.cpp:25] actor 2199023255560 switch to &NaiveActor::HandlerNormal
I1222 14:52:03.759429 86690 thread.cpp:99] Thread 1048577 construct Actor kCollectiveBoxingGeneric 2199025352770
I1222 14:52:03.759521 86655 thread.cpp:99] Thread 1048576 construct Actor kNormalForward 2199023255560
I1222 14:52:03.759613 86690 runtime_context.cpp:29] DecreaseCounter constructing_actor_cnt, current val is 3163
I1222 14:52:03.759714 86655 runtime_context.cpp:29] DecreaseCounter constructing_actor_cnt, current val is 3162
I1222 14:52:03.759949 86690 naive_actor.cpp:25] actor 2199025352855 switch to &NaiveActor::HandlerNormal
I1222 14:52:03.760072 86690 thread.cpp:99] Thread 1048577 construct Actor kCollectiveBoxingGeneric 2199025352855
I1222 14:52:03.760171 86690 runtime_context.cpp:29] DecreaseCounter constructing_actor_cnt, current val is 3161
I1222 14:52:03.760239 86655 naive_actor.cpp:25] actor 2199023255557 switch to &NaiveActor::HandlerNormal
I1222 14:52:03.760335 86655 thread.cpp:99] Thread 1048576 construct Actor kNormalForward 2199023255557
I1222 14:52:03.760452 86655 runtime_context.cpp:29] DecreaseCounter constructing_actor_cnt, current val is 3160
I1222 14:52:03.760457 86690 naive_actor.cpp:25] actor 2199025352748 switch to &NaiveActor::HandlerNormal
I1222 14:52:03.760583 86690 thread.cpp:99] Thread 1048577 construct Actor kCollectiveBoxingGeneric 2199025352748
I1222 14:52:03.760675 86690 runtime_context.cpp:29] DecreaseCounter constructing_actor_cnt, current val is 3159
I1222 14:52:03.760938 86655 naive_actor.cpp:25] actor 2199023255589 switch to &NaiveActor::HandlerNormal
I1222 14:52:03.760960 86690 naive_actor.cpp:25] actor 2199025352807 switch to &NaiveActor::HandlerNormal
I1222 14:52:03.761040 86655 thread.cpp:99] Thread 1048576 construct Actor kNormalForward 2199023255589
I1222 14:52:03.761102 86690 thread.cpp:99] Thread 1048577 construct Actor kCollectiveBoxingGeneric 2199025352807
I1222 14:52:03.761204 86655 runtime_context.cpp:29] DecreaseCounter constructing_actor_cnt, current val is 3158
I1222 14:52:03.761224 86690 runtime_context.cpp:29] DecreaseCounter constructing_actor_cnt, current val is 3157
I1222 14:52:03.761621 86690 naive_actor.cpp:25] actor 2199025352773 switch to &NaiveActor::HandlerNormal
I1222 14:52:03.761649 86655 naive_actor.cpp:25] actor 2199023255555 switch to &NaiveActor::HandlerNormal
I1222 14:52:03.761979 86690 thread.cpp:99] Thread 1048577 construct Actor kCollectiveBoxingGeneric 2199025352773
I1222 14:52:03.762064 86655 thread.cpp:99] Thread 1048576 construct Actor kNormalForward 2199023255555
I1222 14:52:03.762147 86690 runtime_context.cpp:29] DecreaseCounter constructing_actor_cnt, current val is 3156
I1222 14:52:03.762228 86655 runtime_context.cpp:29] DecreaseCounter constructing_actor_cnt, current val is 3155
I1222 14:52:03.762476 86690 naive_actor.cpp:25] actor 2199025352896 switch to &NaiveActor::HandlerNormal
I1222 14:52:03.762567 86690 thread.cpp:99] Thread 1048577 construct Actor kCollectiveBoxingGeneric 2199025352896
I1222 14:52:03.762665 86690 runtime_context.cpp:29] DecreaseCounter constructing_actor_cnt, current val is 3154
I1222 14:52:03.762974 86690 naive_actor.cpp:25] actor 2199025352767 switch to &NaiveActor::HandlerNormal
I1222 14:52:03.763062 86690 thread.cpp:99] Thread 1048577 construct Actor kCollectiveBoxingGeneric 2199025352767
I1222 14:52:03.763160 86690 runtime_context.cpp:29] DecreaseCounter constructing_actor_cnt, current val is 3153
I1222 14:52:03.763433 86690 naive_actor.cpp:25] actor 2199025352829 switch to &NaiveActor::HandlerNormal
I1222 14:52:03.763515 86690 thread.cpp:99] Thread 1048577 construct Actor kCollectiveBoxingGeneric 2199025352829
I1222 14:52:03.763598 86655 naive_actor.cpp:25] actor 2199023255621 switch to &NaiveActor::HandlerNormal
I1222 14:52:03.763615 86690 runtime_context.cpp:29] DecreaseCounter constructing_actor_cnt, current val is 3152
I1222 14:52:03.763698 86655 thread.cpp:99] Thread 1048576 construct Actor kNormalForward 2199023255621
I1222 14:52:03.763895 86655 runtime_context.cpp:29] DecreaseCounter constructing_actor_cnt, current val is 3151
I1222 14:52:03.764009 86690 naive_actor.cpp:25] actor 2199025352854 switch to &NaiveActor::HandlerNormal
I1222 14:52:03.764097 86690 thread.cpp:99] Thread 1048577 construct Actor kCollectiveBoxingGeneric 2199025352854
I1222 14:52:03.764189 86690 runtime_context.cpp:29] DecreaseCounter constructing_actor_cnt, current val is 3150
I1222 14:52:03.764417 86655 naive_actor.cpp:25] actor 2199023255581 switch to &NaiveActor::HandlerNormal
I1222 14:52:03.764467 86690 naive_actor.cpp:25] actor 2199025352848 switch to &NaiveActor::HandlerNormal
I1222 14:52:03.764518 86655 thread.cpp:99] Thread 1048576 construct Actor kNormalForward 2199023255581
I1222 14:52:03.764597 86690 thread.cpp:99] Thread 1048577 construct Actor kCollectiveBoxingGeneric 2199025352848
I1222 14:52:03.764710 86655 runtime_context.cpp:29] DecreaseCounter constructing_actor_cnt, current val is 3149
I1222 14:52:03.764734 86690 runtime_context.cpp:29] DecreaseCounter constructing_actor_cnt, current val is 3148
I1222 14:52:03.765086 86690 naive_actor.cpp:25] actor 2199025352749 switch to &NaiveActor::HandlerNormal
I1222 14:52:03.765173 86690 thread.cpp:99] Thread 1048577 construct Actor kCollectiveBoxingGeneric 2199025352749
I1222 14:52:03.765254 86690 runtime_context.cpp:29] DecreaseCounter constructing_actor_cnt, current val is 3147
I1222 14:52:03.765547 86690 naive_actor.cpp:25] actor 2199025352719 switch to &NaiveActor::HandlerNormal
I1222 14:52:03.765628 86690 thread.cpp:99] Thread 1048577 construct Actor kCollectiveBoxingGeneric 2199025352719
I1222 14:52:03.765728 86690 runtime_context.cpp:29] DecreaseCounter constructing_actor_cnt, current val is 3146
I1222 14:52:03.766047 86690 naive_actor.cpp:25] actor 2199025352722 switch to &NaiveActor::HandlerNormal
I1222 14:52:03.766114 86690 thread.cpp:99] Thread 1048577 construct Actor kCollectiveBoxingGeneric 2199025352722
I1222 14:52:03.766191 86690 runtime_context.cpp:29] DecreaseCounter constructing_actor_cnt, current val is 3145
I1222 14:52:03.766204 86655 naive_actor.cpp:25] actor 2199023255599 switch to &NaiveActor::HandlerNormal
I1222 14:52:03.766448 86655 thread.cpp:99] Thread 1048576 construct Actor kNormalForward 2199023255599
I1222 14:52:03.766489 86690 naive_actor.cpp:25] actor 2199025352739 switch to &NaiveActor::HandlerNormal
I1222 14:52:03.766966 86690 thread.cpp:99] Thread 1048577 construct Actor kCollectiveBoxingGeneric 2199025352739
I1222 14:52:03.766971 86655 runtime_context.cpp:29] DecreaseCounter constructing_actor_cnt, current val is 3144
I1222 14:52:03.767050 86690 runtime_context.cpp:29] DecreaseCounter constructing_actor_cnt, current val is 3143
I1222 14:52:03.767349 86690 naive_actor.cpp:25] actor 2199025352843 switch to &NaiveActor::HandlerNormal
I1222 14:52:03.767434 86690 thread.cpp:99] Thread 1048577 construct Actor kCollectiveBoxingGeneric 2199025352843
I1222 14:52:03.767531 86690 runtime_context.cpp:29] DecreaseCounter constructing_actor_cnt, current val is 3142
I1222 14:52:03.767823 86690 naive_actor.cpp:25] actor 2199025352876 switch to &NaiveActor::HandlerNormal
I1222 14:52:03.767910 86690 thread.cpp:99] Thread 1048577 construct Actor kCollectiveBoxingGeneric 2199025352876
I1222 14:52:03.768007 86690 runtime_context.cpp:29] DecreaseCounter constructing_actor_cnt, current val is 3141
I1222 14:52:03.768285 86690 naive_actor.cpp:25] actor 2199025352769 switch to &NaiveActor::HandlerNormal
I1222 14:52:03.768370 86690 thread.cpp:99] Thread 1048577 construct Actor kCollectiveBoxingGeneric 2199025352769
I1222 14:52:03.768451 86690 runtime_context.cpp:29] DecreaseCounter constructing_actor_cnt, current val is 3140
I1222 14:52:03.768734 86690 naive_actor.cpp:25] actor 2199025352868 switch to &NaiveActor::HandlerNormal
I1222 14:52:03.768826 86690 thread.cpp:99] Thread 1048577 construct Actor kCollectiveBoxingGeneric 2199025352868
I1222 14:52:03.768921 86690 runtime_context.cpp:29] DecreaseCounter constructing_actor_cnt, current val is 3139
I1222 14:52:03.769117 86655 naive_actor.cpp:25] actor 2199023255568 switch to &NaiveActor::HandlerNormal
I1222 14:52:03.769222 86690 naive_actor.cpp:25] actor 2199025352895 switch to &NaiveActor::HandlerNormal
I1222 14:52:03.769232 86655 thread.cpp:99] Thread 1048576 construct Actor kNormalForward 2199023255568
I1222 14:52:03.769307 86690 thread.cpp:99] Thread 1048577 construct Actor kCollectiveBoxingGeneric 2199025352895
I1222 14:52:03.769456 86690 runtime_context.cpp:29] DecreaseCounter constructing_actor_cnt, current val is 3138
I1222 14:52:03.769457 86655 runtime_context.cpp:29] DecreaseCounter constructing_actor_cnt, current val is 3137
I1222 14:52:03.769733 86690 naive_actor.cpp:25] actor 2199025352891 switch to &NaiveActor::HandlerNormal
I1222 14:52:03.769834 86690 thread.cpp:99] Thread 1048577 construct Actor kCollectiveBoxingGeneric 2199025352891
I1222 14:52:03.769930 86690 runtime_context.cpp:29] DecreaseCounter constructing_actor_cnt, current val is 3136
I1222 14:52:03.770226 86690 naive_actor.cpp:25] actor 2199025352788 switch to &NaiveActor::HandlerNormal
I1222 14:52:03.770313 86690 thread.cpp:99] Thread 1048577 construct Actor kCollectiveBoxingGeneric 2199025352788
I1222 14:52:03.770404 86690 runtime_context.cpp:29] DecreaseCounter constructing_actor_cnt, current val is 3135
I1222 14:52:03.770717 86690 naive_actor.cpp:25] actor 2199025352755 switch to &NaiveActor::HandlerNormal
I1222 14:52:03.770818 86690 thread.cpp:99] Thread 1048577 construct Actor kCollectiveBoxingGeneric 2199025352755
I1222 14:52:03.770890 86655 naive_actor.cpp:25] actor 2199023255571 switch to &NaiveActor::HandlerNormal
I1222 14:52:03.770911 86690 runtime_context.cpp:29] DecreaseCounter constructing_actor_cnt, current val is 3134
I1222 14:52:03.770998 86655 thread.cpp:99] Thread 1048576 construct Actor kNormalForward 2199023255571
I1222 14:52:03.771174 86655 runtime_context.cpp:29] DecreaseCounter constructing_actor_cnt, current val is 3133
I1222 14:52:03.771297 86690 naive_actor.cpp:25] actor 2199025352704 switch to &NaiveActor::HandlerNormal
I1222 14:52:03.771384 86690 thread.cpp:99] Thread 1048577 construct Actor kCollectiveBoxingGeneric 2199025352704
I1222 14:52:03.771477 86690 runtime_context.cpp:29] DecreaseCounter constructing_actor_cnt, current val is 3132
I1222 14:52:03.771910 86690 naive_actor.cpp:25] actor 2199025352886 switch to &NaiveActor::HandlerNormal
I1222 14:52:03.772193 86690 thread.cpp:99] Thread 1048577 construct Actor kCollectiveBoxingGeneric 2199025352886
I1222 14:52:03.772301 86690 runtime_context.cpp:29] DecreaseCounter constructing_actor_cnt, current val is 3131
I1222 14:52:03.772436 86655 naive_actor.cpp:25] actor 2199023255569 switch to &NaiveActor::HandlerNormal
I1222 14:52:03.772539 86655 thread.cpp:99] Thread 1048576 construct Actor kNormalForward 2199023255569
I1222 14:52:03.772631 86690 naive_actor.cpp:25] actor 2199025352731 switch to &NaiveActor::HandlerNormal
I1222 14:52:03.772647 86655 runtime_context.cpp:29] DecreaseCounter constructing_actor_cnt, current val is 3130
I1222 14:52:03.772706 86690 thread.cpp:99] Thread 1048577 construct Actor kCollectiveBoxingGeneric 2199025352731
I1222 14:52:03.772886 86690 runtime_context.cpp:29] DecreaseCounter constructing_actor_cnt, current val is 3129
I1222 14:52:03.773190 86690 naive_actor.cpp:25] actor 2199025352824 switch to &NaiveActor::HandlerNormal
I1222 14:52:03.773208 86655 naive_actor.cpp:25] actor 2199023255575 switch to &NaiveActor::HandlerNormal
I1222 14:52:03.773283 86690 thread.cpp:99] Thread 1048577 construct Actor kCollectiveBoxingGeneric 2199025352824
I1222 14:52:03.773367 86655 thread.cpp:99] Thread 1048576 construct Actor kNormalForward 2199023255575
I1222 14:52:03.773460 86690 runtime_context.cpp:29] DecreaseCounter constructing_actor_cnt, current val is 3128
I1222 14:52:03.773530 86655 runtime_context.cpp:29] DecreaseCounter constructing_actor_cnt, current val is 3127
I1222 14:52:03.773741 86690 naive_actor.cpp:25] actor 2199025352775 switch to &NaiveActor::HandlerNormal
I1222 14:52:03.773842 86690 thread.cpp:99] Thread 1048577 construct Actor kCollectiveBoxingGeneric 2199025352775
I1222 14:52:03.773943 86690 runtime_context.cpp:29] DecreaseCounter constructing_actor_cnt, current val is 3126
I1222 14:52:03.774237 86690 naive_actor.cpp:25] actor 2199025352734 switch to &NaiveActor::HandlerNormal
I1222 14:52:03.774323 86690 thread.cpp:99] Thread 1048577 construct Actor kCollectiveBoxingGeneric 2199025352734
I1222 14:52:03.774420 86690 runtime_context.cpp:29] DecreaseCounter constructing_actor_cnt, current val is 3125
I1222 14:52:03.774695 86690 naive_actor.cpp:25] actor 2199025352822 switch to &NaiveActor::HandlerNormal
I1222 14:52:03.774778 86690 thread.cpp:99] Thread 1048577 construct Actor kCollectiveBoxingGeneric 2199025352822
I1222 14:52:03.774871 86655 naive_actor.cpp:25] actor 2199023255586 switch to &NaiveActor::HandlerNormal
I1222 14:52:03.774891 86690 runtime_context.cpp:29] DecreaseCounter constructing_actor_cnt, current val is 3124
I1222 14:52:03.774989 86655 thread.cpp:99] Thread 1048576 construct Actor kNormalForward 2199023255586
I1222 14:52:03.775164 86655 runtime_context.cpp:29] DecreaseCounter constructing_actor_cnt, current val is 3123
I1222 14:52:03.775269 86690 naive_actor.cpp:25] actor 2199025352839 switch to &NaiveActor::HandlerNormal
I1222 14:52:03.775346 86690 thread.cpp:99] Thread 1048577 construct Actor kCollectiveBoxingGeneric 2199025352839
I1222 14:52:03.775432 86690 runtime_context.cpp:29] DecreaseCounter constructing_actor_cnt, current val is 3122
I1222 14:52:03.775689 86690 naive_actor.cpp:25] actor 2199025352747 switch to &NaiveActor::HandlerNormal
I1222 14:52:03.775765 86690 thread.cpp:99] Thread 1048577 construct Actor kCollectiveBoxingGeneric 2199025352747
I1222 14:52:03.775866 86690 runtime_context.cpp:29] DecreaseCounter constructing_actor_cnt, current val is 3121
I1222 14:52:03.776113 86690 naive_actor.cpp:25] actor 2199025352841 switch to &NaiveActor::HandlerNormal
I1222 14:52:03.776191 86690 thread.cpp:99] Thread 1048577 construct Actor kCollectiveBoxingGeneric 2199025352841
I1222 14:52:03.776263 86690 runtime_context.cpp:29] DecreaseCounter constructing_actor_cnt, current val is 3120
I1222 14:52:03.776314 86655 naive_actor.cpp:25] actor 2199023255585 switch to &NaiveActor::HandlerNormal
I1222 14:52:03.776405 86655 thread.cpp:99] Thread 1048576 construct Actor kNormalForward 2199023255585
I1222 14:52:03.776530 86690 naive_actor.cpp:25] actor 2199025352778 switch to &NaiveActor::HandlerNormal
I1222 14:52:03.776595 86655 runtime_context.cpp:29] DecreaseCounter constructing_actor_cnt, current val is 3119
I1222 14:52:03.777124 86690 thread.cpp:99] Thread 1048577 construct Actor kCollectiveBoxingGeneric 2199025352778
I1222 14:52:03.777279 86690 runtime_context.cpp:29] DecreaseCounter constructing_actor_cnt, current val is 3118
I1222 14:52:03.777546 86690 naive_actor.cpp:25] actor 2199025352771 switch to &NaiveActor::HandlerNormal
I1222 14:52:03.777595 86655 naive_actor.cpp:25] actor 2199023255566 switch to &NaiveActor::HandlerNormal
I1222 14:52:03.777635 86690 thread.cpp:99] Thread 1048577 construct Actor kCollectiveBoxingGeneric 2199025352771
I1222 14:52:03.777698 86655 thread.cpp:99] Thread 1048576 construct Actor kNormalForward 2199023255566
I1222 14:52:03.777796 86690 runtime_context.cpp:29] DecreaseCounter constructing_actor_cnt, current val is 3117
I1222 14:52:03.777877 86655 runtime_context.cpp:29] DecreaseCounter constructing_actor_cnt, current val is 3116
I1222 14:52:03.778088 86690 naive_actor.cpp:25] actor 2199025352730 switch to &NaiveActor::HandlerNormal
I1222 14:52:03.778167 86690 thread.cpp:99] Thread 1048577 construct Actor kCollectiveBoxingGeneric 2199025352730
I1222 14:52:03.778251 86690 runtime_context.cpp:29] DecreaseCounter constructing_actor_cnt, current val is 3115
I1222 14:52:03.778524 86690 naive_actor.cpp:25] actor 2199025352718 switch to &NaiveActor::HandlerNormal
I1222 14:52:03.778599 86690 thread.cpp:99] Thread 1048577 construct Actor kCollectiveBoxingGeneric 2199025352718
I1222 14:52:03.778673 86690 runtime_context.cpp:29] DecreaseCounter constructing_actor_cnt, current val is 3114
I1222 14:52:03.778937 86690 naive_actor.cpp:25] actor 2199025352723 switch to &NaiveActor::HandlerNormal
I1222 14:52:03.779016 86690 thread.cpp:99] Thread 1048577 construct Actor kCollectiveBoxingGeneric 2199025352723
I1222 14:52:03.779085 86690 runtime_context.cpp:29] DecreaseCounter constructing_actor_cnt, current val is 3113
I1222 14:52:03.779183 86655 naive_actor.cpp:25] actor 2199023255617 switch to &NaiveActor::HandlerNormal
I1222 14:52:03.779268 86655 thread.cpp:99] Thread 1048576 construct Actor kNormalForward 2199023255617
I1222 14:52:03.779367 86690 naive_actor.cpp:25] actor 2199025352786 switch to &NaiveActor::HandlerNormal
I1222 14:52:03.779397 86655 runtime_context.cpp:29] DecreaseCounter constructing_actor_cnt, current val is 3112
I1222 14:52:03.779457 86690 thread.cpp:99] Thread 1048577 construct Actor kCollectiveBoxingGeneric 2199025352786
I1222 14:52:03.779583 86690 runtime_context.cpp:29] DecreaseCounter constructing_actor_cnt, current val is 3111
I1222 14:52:03.779857 86690 naive_actor.cpp:25] actor 2199025352805 switch to &NaiveActor::HandlerNormal
I1222 14:52:03.779942 86690 thread.cpp:99] Thread 1048577 construct Actor kCollectiveBoxingGeneric 2199025352805
I1222 14:52:03.780026 86690 runtime_context.cpp:29] DecreaseCounter constructing_actor_cnt, current val is 3110
I1222 14:52:03.780272 86690 naive_actor.cpp:25] actor 2199025352746 switch to &NaiveActor::HandlerNormal
I1222 14:52:03.780356 86690 thread.cpp:99] Thread 1048577 construct Actor kCollectiveBoxingGeneric 2199025352746
I1222 14:52:03.780431 86690 runtime_context.cpp:29] DecreaseCounter constructing_actor_cnt, current val is 3109
I1222 14:52:03.780560 86655 naive_actor.cpp:25] actor 2199023255591 switch to &NaiveActor::HandlerNormal
I1222 14:52:03.780658 86655 thread.cpp:99] Thread 1048576 construct Actor kNormalForward 2199023255591
I1222 14:52:03.780681 86690 naive_actor.cpp:25] actor 2199025352793 switch to &NaiveActor::HandlerNormal
I1222 14:52:03.780797 86655 runtime_context.cpp:29] DecreaseCounter constructing_actor_cnt, current val is 3108
I1222 14:52:03.780798 86690 thread.cpp:99] Thread 1048577 construct Actor kCollectiveBoxingGeneric 2199025352793
I1222 14:52:03.780941 86690 runtime_context.cpp:29] DecreaseCounter constructing_actor_cnt, current val is 3107
I1222 14:52:03.781255 86655 naive_actor.cpp:25] actor 2199023255583 switch to &NaiveActor::HandlerNormal
I1222 14:52:03.781308 86690 naive_actor.cpp:25] actor 2199025352726 switch to &NaiveActor::HandlerNormal
I1222 14:52:03.781603 86655 thread.cpp:99] Thread 1048576 construct Actor kNormalForward 2199023255583
I1222 14:52:03.781683 86690 thread.cpp:99] Thread 1048577 construct Actor kCollectiveBoxingGeneric 2199025352726
I1222 14:52:03.781775 86655 runtime_context.cpp:29] DecreaseCounter constructing_actor_cnt, current val is 3106
I1222 14:52:03.781806 86690 runtime_context.cpp:29] DecreaseCounter constructing_actor_cnt, current val is 3105
I1222 14:52:03.782121 86690 naive_actor.cpp:25] actor 2199025352830 switch to &NaiveActor::HandlerNormal
I1222 14:52:03.782202 86690 thread.cpp:99] Thread 1048577 construct Actor kCollectiveBoxingGeneric 2199025352830
I1222 14:52:03.782217 86655 naive_actor.cpp:25] actor 2199023255623 switch to &NaiveActor::HandlerNormal
I1222 14:52:03.782297 86690 runtime_context.cpp:29] DecreaseCounter constructing_actor_cnt, current val is 3104
I1222 14:52:03.782346 86655 thread.cpp:99] Thread 1048576 construct Actor kNormalForward 2199023255623
I1222 14:52:03.782511 86655 runtime_context.cpp:29] DecreaseCounter constructing_actor_cnt, current val is 3103
I1222 14:52:03.782642 86690 naive_actor.cpp:25] actor 2199025352743 switch to &NaiveActor::HandlerNormal
I1222 14:52:03.782728 86690 thread.cpp:99] Thread 1048577 construct Actor kCollectiveBoxingGeneric 2199025352743
I1222 14:52:03.782824 86690 runtime_context.cpp:29] DecreaseCounter constructing_actor_cnt, current val is 3102
I1222 14:52:03.783073 86690 naive_actor.cpp:25] actor 2199025352797 switch to &NaiveActor::HandlerNormal
I1222 14:52:03.783152 86690 thread.cpp:99] Thread 1048577 construct Actor kCollectiveBoxingGeneric 2199025352797
I1222 14:52:03.783241 86690 runtime_context.cpp:29] DecreaseCounter constructing_actor_cnt, current val is 3101
I1222 14:52:03.783485 86690 naive_actor.cpp:25] actor 2199025352753 switch to &NaiveActor::HandlerNormal
I1222 14:52:03.783561 86690 thread.cpp:99] Thread 1048577 construct Actor kCollectiveBoxingGeneric 2199025352753
I1222 14:52:03.783648 86690 runtime_context.cpp:29] DecreaseCounter constructing_actor_cnt, current val is 3100
I1222 14:52:03.783922 86690 naive_actor.cpp:25] actor 2199025352820 switch to &NaiveActor::HandlerNormal
I1222 14:52:03.783934 86655 naive_actor.cpp:25] actor 2199023255582 switch to &NaiveActor::HandlerNormal
I1222 14:52:03.784003 86690 thread.cpp:99] Thread 1048577 construct Actor kCollectiveBoxingGeneric 2199025352820
I1222 14:52:03.784071 86655 thread.cpp:99] Thread 1048576 construct Actor kNormalForward 2199023255582
I1222 14:52:03.784137 86690 runtime_context.cpp:29] DecreaseCounter constructing_actor_cnt, current val is 3099
I1222 14:52:03.784209 86655 runtime_context.cpp:29] DecreaseCounter constructing_actor_cnt, current val is 3098
I1222 14:52:03.784399 86690 naive_actor.cpp:25] actor 2199025352774 switch to &NaiveActor::HandlerNormal
I1222 14:52:03.784476 86690 thread.cpp:99] Thread 1048577 construct Actor kCollectiveBoxingGeneric 2199025352774
I1222 14:52:03.784562 86690 runtime_context.cpp:29] DecreaseCounter constructing_actor_cnt, current val is 3097
I1222 14:52:03.784690 86655 naive_actor.cpp:25] actor 2199023255577 switch to &NaiveActor::HandlerNormal
I1222 14:52:03.784767 86655 thread.cpp:99] Thread 1048576 construct Actor kNormalForward 2199023255577
I1222 14:52:03.784843 86690 naive_actor.cpp:25] actor 2199025352785 switch to &NaiveActor::HandlerNormal
I1222 14:52:03.784866 86655 runtime_context.cpp:29] DecreaseCounter constructing_actor_cnt, current val is 3096
I1222 14:52:03.784920 86690 thread.cpp:99] Thread 1048577 construct Actor kCollectiveBoxingGeneric 2199025352785
I1222 14:52:03.785060 86690 runtime_context.cpp:29] DecreaseCounter constructing_actor_cnt, current val is 3095
I1222 14:52:03.785310 86690 naive_actor.cpp:25] actor 2199025352791 switch to &NaiveActor::HandlerNormal
I1222 14:52:03.785348 86655 naive_actor.cpp:25] actor 2199023255622 switch to &NaiveActor::HandlerNormal
I1222 14:52:03.785392 86690 thread.cpp:99] Thread 1048577 construct Actor kCollectiveBoxingGeneric 2199025352791
I1222 14:52:03.785542 86655 thread.cpp:99] Thread 1048576 construct Actor kNormalForward 2199023255622
I1222 14:52:03.786114 86690 runtime_context.cpp:29] DecreaseCounter constructing_actor_cnt, current val is 3094
I1222 14:52:03.786173 86655 runtime_context.cpp:29] DecreaseCounter constructing_actor_cnt, current val is 3093
I1222 14:52:03.786415 86690 naive_actor.cpp:25] actor 2199025352803 switch to &NaiveActor::HandlerNormal
I1222 14:52:03.786490 86690 thread.cpp:99] Thread 1048577 construct Actor kCollectiveBoxingGeneric 2199025352803
I1222 14:52:03.786577 86690 runtime_context.cpp:29] DecreaseCounter constructing_actor_cnt, current val is 3092
I1222 14:52:03.786855 86690 naive_actor.cpp:25] actor 2199025352827 switch to &NaiveActor::HandlerNormal
I1222 14:52:03.786933 86690 thread.cpp:99] Thread 1048577 construct Actor kCollectiveBoxingGeneric 2199025352827
I1222 14:52:03.787016 86690 runtime_context.cpp:29] DecreaseCounter constructing_actor_cnt, current val is 3091
I1222 14:52:03.787279 86690 naive_actor.cpp:25] actor 2199025352733 switch to &NaiveActor::HandlerNormal
I1222 14:52:03.787302 86655 naive_actor.cpp:25] actor 2199023255597 switch to &NaiveActor::HandlerNormal
I1222 14:52:03.787359 86690 thread.cpp:99] Thread 1048577 construct Actor kCollectiveBoxingGeneric 2199025352733
I1222 14:52:03.787427 86655 thread.cpp:99] Thread 1048576 construct Actor kNormalForward 2199023255597
I1222 14:52:03.787498 86690 runtime_context.cpp:29] DecreaseCounter constructing_actor_cnt, current val is 3090
I1222 14:52:03.787569 86655 runtime_context.cpp:29] DecreaseCounter constructing_actor_cnt, current val is 3089
I1222 14:52:03.787765 86690 naive_actor.cpp:25] actor 2199025352849 switch to &NaiveActor::HandlerNormal
I1222 14:52:03.787855 86690 thread.cpp:99] Thread 1048577 construct Actor kCollectiveBoxingGeneric 2199025352849
I1222 14:52:03.787952 86690 runtime_context.cpp:29] DecreaseCounter constructing_actor_cnt, current val is 3088
I1222 14:52:03.788062 86655 naive_actor.cpp:25] actor 2199023255654 switch to &NaiveActor::HandlerNormal
I1222 14:52:03.788148 86655 thread.cpp:99] Thread 1048576 construct Actor kNormalForward 2199023255654
I1222 14:52:03.788220 86690 naive_actor.cpp:25] actor 2199025352764 switch to &NaiveActor::HandlerNormal
I1222 14:52:03.788252 86655 runtime_context.cpp:29] DecreaseCounter constructing_actor_cnt, current val is 3087
I1222 14:52:03.788300 86690 thread.cpp:99] Thread 1048577 construct Actor kCollectiveBoxingGeneric 2199025352764
I1222 14:52:03.788440 86690 runtime_context.cpp:29] DecreaseCounter constructing_actor_cnt, current val is 3086
I1222 14:52:03.788707 86690 naive_actor.cpp:25] actor 2199025352811 switch to &NaiveActor::HandlerNormal
I1222 14:52:03.788791 86690 thread.cpp:99] Thread 1048577 construct Actor kCollectiveBoxingGeneric 2199025352811
I1222 14:52:03.788863 86690 runtime_context.cpp:29] DecreaseCounter constructing_actor_cnt, current val is 3085
I1222 14:52:03.789124 86690 naive_actor.cpp:25] actor 2199025352833 switch to &NaiveActor::HandlerNormal
I1222 14:52:03.789198 86690 thread.cpp:99] Thread 1048577 construct Actor kCollectiveBoxingGeneric 2199025352833
I1222 14:52:03.789268 86690 runtime_context.cpp:29] DecreaseCounter constructing_actor_cnt, current val is 3084
I1222 14:52:03.789484 86655 naive_actor.cpp:25] actor 2199023255596 switch to &NaiveActor::HandlerNormal
I1222 14:52:03.789517 86690 naive_actor.cpp:25] actor 2199025352715 switch to &NaiveActor::HandlerNormal
I1222 14:52:03.789585 86655 thread.cpp:99] Thread 1048576 construct Actor kNormalForward 2199023255596
I1222 14:52:03.789641 86690 thread.cpp:99] Thread 1048577 construct Actor kCollectiveBoxingGeneric 2199025352715
I1222 14:52:03.789741 86655 runtime_context.cpp:29] DecreaseCounter constructing_actor_cnt, current val is 3083
I1222 14:52:03.789769 86690 runtime_context.cpp:29] DecreaseCounter constructing_actor_cnt, current val is 3082
I1222 14:52:03.790151 86690 naive_actor.cpp:25] actor 2199025352842 switch to &NaiveActor::HandlerNormal
I1222 14:52:03.790493 86690 thread.cpp:99] Thread 1048577 construct Actor kCollectiveBoxingGeneric 2199025352842
I1222 14:52:03.790586 86690 runtime_context.cpp:29] DecreaseCounter constructing_actor_cnt, current val is 3081
I1222 14:52:03.790812 86655 naive_actor.cpp:25] actor 2199023255595 switch to &NaiveActor::HandlerNormal
I1222 14:52:03.790876 86690 naive_actor.cpp:25] actor 2199025352864 switch to &NaiveActor::HandlerNormal
I1222 14:52:03.790901 86655 thread.cpp:99] Thread 1048576 construct Actor kNormalForward 2199023255595
I1222 14:52:03.790953 86690 thread.cpp:99] Thread 1048577 construct Actor kCollectiveBoxingGeneric 2199025352864
I1222 14:52:03.791056 86655 runtime_context.cpp:29] DecreaseCounter constructing_actor_cnt, current val is 3080
I1222 14:52:03.791069 86690 runtime_context.cpp:29] DecreaseCounter constructing_actor_cnt, current val is 3079
I1222 14:52:03.791364 86690 naive_actor.cpp:25] actor 2199025352870 switch to &NaiveActor::HandlerNormal
I1222 14:52:03.791441 86690 thread.cpp:99] Thread 1048577 construct Actor kCollectiveBoxingGeneric 2199025352870
I1222 14:52:03.791525 86690 runtime_context.cpp:29] DecreaseCounter constructing_actor_cnt, current val is 3078
I1222 14:52:03.791774 86690 naive_actor.cpp:25] actor 2199025352721 switch to &NaiveActor::HandlerNormal
