 Insert buffer op : [System-Pipeline-Buffer-Op_-base_model.m_stage0.encoder.layer.1.output.dropout-dropout_97-mask_0-stage_id_0](buffer_size:4) 
 from [base_model.m_stage0.encoder.layer.1.output.dropout-dropout_97] (stage_id:0) -> [base_model.m_stage0.encoder.layer.1.output.dropout-dropout_97_grad] (stage_id:0) 
I1222 14:51:40.546814 86198 pipeline_buffer_pass.cpp:117] 
 Insert buffer op : [System-Pipeline-Buffer-Op_-base_model.m_stage0.encoder.layer.1.intermediate.intermediate_act_fn-gelu_94-out_0-stage_id_0](buffer_size:4) 
 from [base_model.m_stage0.encoder.layer.1.intermediate.intermediate_act_fn-gelu_94] (stage_id:0) -> [base_model.m_stage0.encoder.layer.1.output.dense-broadcast_matmul_95_b_grad] (stage_id:0) 
I1222 14:51:40.547287 86198 pipeline_buffer_pass.cpp:117] 
 Insert buffer op : [System-Pipeline-Buffer-Op_-base_model.m_stage0.encoder.layer.1.intermediate.dense-broadcast_add_93-z_0-stage_id_0](buffer_size:4) 
 from [base_model.m_stage0.encoder.layer.1.intermediate.dense-broadcast_add_93] (stage_id:0) -> [base_model.m_stage0.encoder.layer.1.intermediate.intermediate_act_fn-gelu_94_grad] (stage_id:0) 
I1222 14:51:40.547346 86198 pipeline_buffer_pass.cpp:117] 
 Insert buffer op : [System-Pipeline-Buffer-Op_-base_model.m_stage0.encoder.layer.1.attention.output.LayerNorm-layer_norm_91-y_0-stage_id_0](buffer_size:4) 
 from [base_model.m_stage0.encoder.layer.1.attention.output.LayerNorm-layer_norm_91] (stage_id:0) -> [base_model.m_stage0.encoder.layer.1.intermediate.dense-broadcast_matmul_92_b_grad] (stage_id:0) 
I1222 14:51:40.547402 86198 pipeline_buffer_pass.cpp:117] 
 Insert buffer op : [System-Pipeline-Buffer-Op_-base_model.m_stage0.encoder.layer.1.attention.output.LayerNorm-layer_norm_91-normalized_0-stage_id_0](buffer_size:4) 
 from [base_model.m_stage0.encoder.layer.1.attention.output.LayerNorm-layer_norm_91] (stage_id:0) -> [base_model.m_stage0.encoder.layer.1.attention.output.LayerNorm-layer_norm_91_param_grad] (stage_id:0) 
I1222 14:51:40.547459 86198 pipeline_buffer_pass.cpp:117] 
 Insert buffer op : [System-Pipeline-Buffer-Op_-base_model.m_stage0.encoder.layer.1.attention.output-add_n_90-out_0-stage_id_0](buffer_size:4) 
 from [base_model.m_stage0.encoder.layer.1.attention.output-add_n_90] (stage_id:0) -> [base_model.m_stage0.encoder.layer.1.attention.output.LayerNorm-layer_norm_91_grad] (stage_id:0) 
I1222 14:51:40.547511 86198 pipeline_buffer_pass.cpp:117] 
 Insert buffer op : [System-Pipeline-Buffer-Op_-base_model.m_stage0.encoder.layer.1.attention.output.LayerNorm-layer_norm_91-mean_0-stage_id_0](buffer_size:4) 
 from [base_model.m_stage0.encoder.layer.1.attention.output.LayerNorm-layer_norm_91] (stage_id:0) -> [base_model.m_stage0.encoder.layer.1.attention.output.LayerNorm-layer_norm_91_grad] (stage_id:0) 
I1222 14:51:40.547559 86198 pipeline_buffer_pass.cpp:117] 
 Insert buffer op : [System-Pipeline-Buffer-Op_-base_model.m_stage0.encoder.layer.1.attention.output.LayerNorm-layer_norm_91-inv_variance_0-stage_id_0](buffer_size:4) 
 from [base_model.m_stage0.encoder.layer.1.attention.output.LayerNorm-layer_norm_91] (stage_id:0) -> [base_model.m_stage0.encoder.layer.1.attention.output.LayerNorm-layer_norm_91_grad] (stage_id:0) 
I1222 14:51:40.547614 86198 pipeline_buffer_pass.cpp:117] 
 Insert buffer op : [System-Pipeline-Buffer-Op_-base_model.m_stage0.encoder.layer.1.attention.output.dropout-dropout_89-mask_0-stage_id_0](buffer_size:4) 
 from [base_model.m_stage0.encoder.layer.1.attention.output.dropout-dropout_89] (stage_id:0) -> [base_model.m_stage0.encoder.layer.1.attention.output.dropout-dropout_89_grad] (stage_id:0) 
I1222 14:51:40.547673 86198 pipeline_buffer_pass.cpp:117] 
 Insert buffer op : [System-Pipeline-Buffer-Op_-base_model.m_stage0.encoder.layer.1.attention.self-reshape_86-out_0-stage_id_0](buffer_size:4) 
 from [base_model.m_stage0.encoder.layer.1.attention.self-reshape_86] (stage_id:0) -> [base_model.m_stage0.encoder.layer.1.attention.output.dense-broadcast_matmul_87_b_grad] (stage_id:0) 
I1222 14:51:40.547730 86198 pipeline_buffer_pass.cpp:117] 
 Insert buffer op : [System-Pipeline-Buffer-Op_-base_model.m_stage0.encoder.layer.1.attention.self-transpose_77-output_0-stage_id_0](buffer_size:4) 
 from [base_model.m_stage0.encoder.layer.1.attention.self-transpose_77] (stage_id:0) -> [base_model.m_stage0.encoder.layer.1.attention.self-batch_matmul_84_grad_a] (stage_id:0) 
I1222 14:51:40.547817 86198 pipeline_buffer_pass.cpp:117] 
 Insert buffer op : [System-Pipeline-Buffer-Op_-base_model.m_stage0.encoder.layer.1.attention.self.dropout-dropout_83-out_0-stage_id_0](buffer_size:4) 
 from [base_model.m_stage0.encoder.layer.1.attention.self.dropout-dropout_83] (stage_id:0) -> [base_model.m_stage0.encoder.layer.1.attention.self-batch_matmul_84_grad_b] (stage_id:0) 
I1222 14:51:40.548316 86198 pipeline_buffer_pass.cpp:117] 
 Insert buffer op : [System-Pipeline-Buffer-Op_-base_model.m_stage0.encoder.layer.1.attention.self.dropout-dropout_83-mask_0-stage_id_0](buffer_size:4) 
 from [base_model.m_stage0.encoder.layer.1.attention.self.dropout-dropout_83] (stage_id:0) -> [base_model.m_stage0.encoder.layer.1.attention.self.dropout-dropout_83_grad] (stage_id:0) 
I1222 14:51:40.548373 86198 pipeline_buffer_pass.cpp:117] 
 Insert buffer op : [System-Pipeline-Buffer-Op_-base_model.m_stage0.encoder.layer.1.attention.self-softmax_82-out_0-stage_id_0](buffer_size:4) 
 from [base_model.m_stage0.encoder.layer.1.attention.self-softmax_82] (stage_id:0) -> [base_model.m_stage0.encoder.layer.1.attention.self-softmax_82_grad] (stage_id:0) 
I1222 14:51:40.548434 86198 pipeline_buffer_pass.cpp:117] 
 Insert buffer op : [System-Pipeline-Buffer-Op_-base_model.m_stage0.encoder.layer.0.output.LayerNorm-layer_norm_65-y_0-stage_id_0](buffer_size:4) 
 from [base_model.m_stage0.encoder.layer.0.output.LayerNorm-layer_norm_65] (stage_id:0) -> [base_model.m_stage0.encoder.layer.1.attention.self.value-broadcast_matmul_74_b_grad] (stage_id:0) 
I1222 14:51:40.548486 86198 pipeline_buffer_pass.cpp:117] 
 Insert buffer op : [System-Pipeline-Buffer-Op_-base_model.m_stage0.encoder.layer.1.attention.self-transpose_78-output_0-stage_id_0](buffer_size:4) 
 from [base_model.m_stage0.encoder.layer.1.attention.self-transpose_78] (stage_id:0) -> [base_model.m_stage0.encoder.layer.1.attention.self-batch_matmul_79_grad_a] (stage_id:0) 
I1222 14:51:40.548539 86198 pipeline_buffer_pass.cpp:117] 
 Insert buffer op : [System-Pipeline-Buffer-Op_-base_model.m_stage0.encoder.layer.1.attention.self-transpose_69-output_0-stage_id_0](buffer_size:4) 
 from [base_model.m_stage0.encoder.layer.1.attention.self-transpose_69] (stage_id:0) -> [base_model.m_stage0.encoder.layer.1.attention.self-batch_matmul_79_grad_b] (stage_id:0) 
I1222 14:51:40.548635 86198 pipeline_buffer_pass.cpp:117] 
 Insert buffer op : [System-Pipeline-Buffer-Op_-base_model.m_stage0.encoder.layer.0.output.LayerNorm-layer_norm_65-normalized_0-stage_id_0](buffer_size:4) 
 from [base_model.m_stage0.encoder.layer.0.output.LayerNorm-layer_norm_65] (stage_id:0) -> [base_model.m_stage0.encoder.layer.0.output.LayerNorm-layer_norm_65_param_grad] (stage_id:0) 
I1222 14:51:40.548692 86198 pipeline_buffer_pass.cpp:117] 
 Insert buffer op : [System-Pipeline-Buffer-Op_-base_model.m_stage0.encoder.layer.0.output-add_n_64-out_0-stage_id_0](buffer_size:4) 
 from [base_model.m_stage0.encoder.layer.0.output-add_n_64] (stage_id:0) -> [base_model.m_stage0.encoder.layer.0.output.LayerNorm-layer_norm_65_grad] (stage_id:0) 
I1222 14:51:40.548745 86198 pipeline_buffer_pass.cpp:117] 
 Insert buffer op : [System-Pipeline-Buffer-Op_-base_model.m_stage0.encoder.layer.0.output.LayerNorm-layer_norm_65-mean_0-stage_id_0](buffer_size:4) 
 from [base_model.m_stage0.encoder.layer.0.output.LayerNorm-layer_norm_65] (stage_id:0) -> [base_model.m_stage0.encoder.layer.0.output.LayerNorm-layer_norm_65_grad] (stage_id:0) 
I1222 14:51:40.548799 86198 pipeline_buffer_pass.cpp:117] 
 Insert buffer op : [System-Pipeline-Buffer-Op_-base_model.m_stage0.encoder.layer.0.output.LayerNorm-layer_norm_65-inv_variance_0-stage_id_0](buffer_size:4) 
 from [base_model.m_stage0.encoder.layer.0.output.LayerNorm-layer_norm_65] (stage_id:0) -> [base_model.m_stage0.encoder.layer.0.output.LayerNorm-layer_norm_65_grad] (stage_id:0) 
I1222 14:51:40.548852 86198 pipeline_buffer_pass.cpp:117] 
 Insert buffer op : [System-Pipeline-Buffer-Op_-base_model.m_stage0.encoder.layer.0.output.dropout-dropout_63-mask_0-stage_id_0](buffer_size:4) 
 from [base_model.m_stage0.encoder.layer.0.output.dropout-dropout_63] (stage_id:0) -> [base_model.m_stage0.encoder.layer.0.output.dropout-dropout_63_grad] (stage_id:0) 
I1222 14:51:40.548938 86198 pipeline_buffer_pass.cpp:117] 
 Insert buffer op : [System-Pipeline-Buffer-Op_-base_model.m_stage0.encoder.layer.0.intermediate.intermediate_act_fn-gelu_60-out_0-stage_id_0](buffer_size:4) 
 from [base_model.m_stage0.encoder.layer.0.intermediate.intermediate_act_fn-gelu_60] (stage_id:0) -> [base_model.m_stage0.encoder.layer.0.output.dense-broadcast_matmul_61_b_grad] (stage_id:0) 
I1222 14:51:40.551084 86198 pipeline_buffer_pass.cpp:117] 
 Insert buffer op : [System-Pipeline-Buffer-Op_-base_model.m_stage0.encoder.layer.0.intermediate.dense-broadcast_add_59-z_0-stage_id_0](buffer_size:4) 
 from [base_model.m_stage0.encoder.layer.0.intermediate.dense-broadcast_add_59] (stage_id:0) -> [base_model.m_stage0.encoder.layer.0.intermediate.intermediate_act_fn-gelu_60_grad] (stage_id:0) 
I1222 14:51:40.551143 86198 pipeline_buffer_pass.cpp:117] 
 Insert buffer op : [System-Pipeline-Buffer-Op_-base_model.m_stage0.encoder.layer.0.attention.output.LayerNorm-layer_norm_57-y_0-stage_id_0](buffer_size:4) 
 from [base_model.m_stage0.encoder.layer.0.attention.output.LayerNorm-layer_norm_57] (stage_id:0) -> [base_model.m_stage0.encoder.layer.0.intermediate.dense-broadcast_matmul_58_b_grad] (stage_id:0) 
I1222 14:51:40.551201 86198 pipeline_buffer_pass.cpp:117] 
 Insert buffer op : [System-Pipeline-Buffer-Op_-base_model.m_stage0.encoder.layer.0.attention.output.LayerNorm-layer_norm_57-normalized_0-stage_id_0](buffer_size:4) 
 from [base_model.m_stage0.encoder.layer.0.attention.output.LayerNorm-layer_norm_57] (stage_id:0) -> [base_model.m_stage0.encoder.layer.0.attention.output.LayerNorm-layer_norm_57_param_grad] (stage_id:0) 
I1222 14:51:40.551257 86198 pipeline_buffer_pass.cpp:117] 
 Insert buffer op : [System-Pipeline-Buffer-Op_-base_model.m_stage0.encoder.layer.0.attention.output-add_n_56-out_0-stage_id_0](buffer_size:4) 
 from [base_model.m_stage0.encoder.layer.0.attention.output-add_n_56] (stage_id:0) -> [base_model.m_stage0.encoder.layer.0.attention.output.LayerNorm-layer_norm_57_grad] (stage_id:0) 
I1222 14:51:40.551311 86198 pipeline_buffer_pass.cpp:117] 
 Insert buffer op : [System-Pipeline-Buffer-Op_-base_model.m_stage0.encoder.layer.0.attention.output.LayerNorm-layer_norm_57-mean_0-stage_id_0](buffer_size:4) 
 from [base_model.m_stage0.encoder.layer.0.attention.output.LayerNorm-layer_norm_57] (stage_id:0) -> [base_model.m_stage0.encoder.layer.0.attention.output.LayerNorm-layer_norm_57_grad] (stage_id:0) 
I1222 14:51:40.551357 86198 pipeline_buffer_pass.cpp:117] 
 Insert buffer op : [System-Pipeline-Buffer-Op_-base_model.m_stage0.encoder.layer.0.attention.output.LayerNorm-layer_norm_57-inv_variance_0-stage_id_0](buffer_size:4) 
 from [base_model.m_stage0.encoder.layer.0.attention.output.LayerNorm-layer_norm_57] (stage_id:0) -> [base_model.m_stage0.encoder.layer.0.attention.output.LayerNorm-layer_norm_57_grad] (stage_id:0) 
I1222 14:51:40.551410 86198 pipeline_buffer_pass.cpp:117] 
 Insert buffer op : [System-Pipeline-Buffer-Op_-base_model.m_stage0.encoder.layer.0.attention.output.dropout-dropout_55-mask_0-stage_id_0](buffer_size:4) 
 from [base_model.m_stage0.encoder.layer.0.attention.output.dropout-dropout_55] (stage_id:0) -> [base_model.m_stage0.encoder.layer.0.attention.output.dropout-dropout_55_grad] (stage_id:0) 
I1222 14:51:40.551467 86198 pipeline_buffer_pass.cpp:117] 
 Insert buffer op : [System-Pipeline-Buffer-Op_-base_model.m_stage0.encoder.layer.0.attention.self-reshape_52-out_0-stage_id_0](buffer_size:4) 
 from [base_model.m_stage0.encoder.layer.0.attention.self-reshape_52] (stage_id:0) -> [base_model.m_stage0.encoder.layer.0.attention.output.dense-broadcast_matmul_53_b_grad] (stage_id:0) 
I1222 14:51:40.551524 86198 pipeline_buffer_pass.cpp:117] 
 Insert buffer op : [System-Pipeline-Buffer-Op_-base_model.m_stage0.encoder.layer.0.attention.self-transpose_43-output_0-stage_id_0](buffer_size:4) 
 from [base_model.m_stage0.encoder.layer.0.attention.self-transpose_43] (stage_id:0) -> [base_model.m_stage0.encoder.layer.0.attention.self-batch_matmul_50_grad_a] (stage_id:0) 
I1222 14:51:40.551607 86198 pipeline_buffer_pass.cpp:117] 
 Insert buffer op : [System-Pipeline-Buffer-Op_-base_model.m_stage0.encoder.layer.0.attention.self.dropout-dropout_49-out_0-stage_id_0](buffer_size:4) 
 from [base_model.m_stage0.encoder.layer.0.attention.self.dropout-dropout_49] (stage_id:0) -> [base_model.m_stage0.encoder.layer.0.attention.self-batch_matmul_50_grad_b] (stage_id:0) 
I1222 14:51:40.552054 86198 pipeline_buffer_pass.cpp:117] 
 Insert buffer op : [System-Pipeline-Buffer-Op_-base_model.m_stage0.encoder.layer.0.attention.self.dropout-dropout_49-mask_0-stage_id_0](buffer_size:4) 
 from [base_model.m_stage0.encoder.layer.0.attention.self.dropout-dropout_49] (stage_id:0) -> [base_model.m_stage0.encoder.layer.0.attention.self.dropout-dropout_49_grad] (stage_id:0) 
I1222 14:51:40.552111 86198 pipeline_buffer_pass.cpp:117] 
 Insert buffer op : [System-Pipeline-Buffer-Op_-base_model.m_stage0.encoder.layer.0.attention.self-softmax_48-out_0-stage_id_0](buffer_size:4) 
 from [base_model.m_stage0.encoder.layer.0.attention.self-softmax_48] (stage_id:0) -> [base_model.m_stage0.encoder.layer.0.attention.self-softmax_48_grad] (stage_id:0) 
I1222 14:51:40.552168 86198 pipeline_buffer_pass.cpp:117] 
 Insert buffer op : [System-Pipeline-Buffer-Op_-base_model.m_stage0.embeddings.dropout-dropout_25-out_0-stage_id_0](buffer_size:4) 
 from [base_model.m_stage0.embeddings.dropout-dropout_25] (stage_id:0) -> [base_model.m_stage0.encoder.layer.0.attention.self.value-broadcast_matmul_40_b_grad] (stage_id:0) 
I1222 14:51:40.552223 86198 pipeline_buffer_pass.cpp:117] 
 Insert buffer op : [System-Pipeline-Buffer-Op_-base_model.m_stage0.encoder.layer.0.attention.self-transpose_44-output_0-stage_id_0](buffer_size:4) 
 from [base_model.m_stage0.encoder.layer.0.attention.self-transpose_44] (stage_id:0) -> [base_model.m_stage0.encoder.layer.0.attention.self-batch_matmul_45_grad_a] (stage_id:0) 
I1222 14:51:40.552278 86198 pipeline_buffer_pass.cpp:117] 
 Insert buffer op : [System-Pipeline-Buffer-Op_-base_model.m_stage0.encoder.layer.0.attention.self-transpose_35-output_0-stage_id_0](buffer_size:4) 
 from [base_model.m_stage0.encoder.layer.0.attention.self-transpose_35] (stage_id:0) -> [base_model.m_stage0.encoder.layer.0.attention.self-batch_matmul_45_grad_b] (stage_id:0) 
I1222 14:51:40.552369 86198 pipeline_buffer_pass.cpp:117] 
 Insert buffer op : [System-Pipeline-Buffer-Op_-base_model.m_stage0.embeddings.dropout-dropout_25-mask_0-stage_id_0](buffer_size:4) 
 from [base_model.m_stage0.embeddings.dropout-dropout_25] (stage_id:0) -> [base_model.m_stage0.embeddings.dropout-dropout_25_grad] (stage_id:0) 
I1222 14:51:40.552426 86198 pipeline_buffer_pass.cpp:117] 
 Insert buffer op : [System-Pipeline-Buffer-Op_-base_model.m_stage0.embeddings.LayerNorm-layer_norm_24-normalized_0-stage_id_0](buffer_size:4) 
 from [base_model.m_stage0.embeddings.LayerNorm-layer_norm_24] (stage_id:0) -> [base_model.m_stage0.embeddings.LayerNorm-layer_norm_24_param_grad] (stage_id:0) 
I1222 14:51:40.552484 86198 pipeline_buffer_pass.cpp:117] 
 Insert buffer op : [System-Pipeline-Buffer-Op_-base_model.m_stage0.embeddings-broadcast_add_23-z_0-stage_id_0](buffer_size:4) 
 from [base_model.m_stage0.embeddings-broadcast_add_23] (stage_id:0) -> [base_model.m_stage0.embeddings.LayerNorm-layer_norm_24_grad] (stage_id:0) 
I1222 14:51:40.552538 86198 pipeline_buffer_pass.cpp:117] 
 Insert buffer op : [System-Pipeline-Buffer-Op_-base_model.m_stage0.embeddings.LayerNorm-layer_norm_24-mean_0-stage_id_0](buffer_size:4) 
 from [base_model.m_stage0.embeddings.LayerNorm-layer_norm_24] (stage_id:0) -> [base_model.m_stage0.embeddings.LayerNorm-layer_norm_24_grad] (stage_id:0) 
I1222 14:51:40.552587 86198 pipeline_buffer_pass.cpp:117] 
 Insert buffer op : [System-Pipeline-Buffer-Op_-base_model.m_stage0.embeddings.LayerNorm-layer_norm_24-inv_variance_0-stage_id_0](buffer_size:4) 
 from [base_model.m_stage0.embeddings.LayerNorm-layer_norm_24] (stage_id:0) -> [base_model.m_stage0.embeddings.LayerNorm-layer_norm_24_grad] (stage_id:0) 
I1222 14:51:40.552686 86198 pipeline_buffer_pass.cpp:117] 
 Insert buffer op : [System-Pipeline-Buffer-Op_-base_model.m_stage0.embeddings.position_embeddings-gather_20-out_0-stage_id_0](buffer_size:4) 
 from [base_model.m_stage0.embeddings.position_embeddings-gather_20] (stage_id:0) -> [base_model.m_stage0.embeddings-broadcast_add_23_y_grad_reduce_sum_like] (stage_id:0) 
I1222 14:51:40.553050 86198 pipeline_buffer_pass.cpp:117] 
 Insert buffer op : [System-Pipeline-Buffer-Op_-base_model.m_stage0.embeddings-slice_19-y_0-stage_id_0](buffer_size:4) 
 from [base_model.m_stage0.embeddings-slice_19] (stage_id:0) -> [base_model.m_stage0.embeddings.position_embeddings-gather_20_grad] (stage_id:0) 
I1222 14:51:40.553112 86198 pipeline_buffer_pass.cpp:117] 
 Insert buffer op : [System-Pipeline-Buffer-Op_-base_model-identity_15-out_0-stage_id_0](buffer_size:4) 
 from [base_model-identity_15] (stage_id:0) -> [base_model.m_stage0.embeddings.word_embeddings-gather_18_grad] (stage_id:0) 
I1222 14:51:40.553169 86198 pipeline_buffer_pass.cpp:117] 
 Insert buffer op : [System-Pipeline-Buffer-Op_-base_model-identity_16-out_0-stage_id_0](buffer_size:4) 
 from [base_model-identity_16] (stage_id:0) -> [base_model.m_stage0.embeddings.token_type_embeddings-gather_21_grad] (stage_id:0) 
I1222 14:51:40.553745 86198 pipeline_buffer_pass.cpp:117] 
 Insert buffer op : [System-Pipeline-Buffer-Op_-_train_data_loader-hierarchical_parallel_cast_8-out_0-stage_id_0](buffer_size:4) 
 from [_train_data_loader-hierarchical_parallel_cast_8] (stage_id:0) -> [base_model-identity_15] (stage_id:0) 
I1222 14:51:40.553822 86198 pipeline_buffer_pass.cpp:117] 
 Insert buffer op : [System-Pipeline-Buffer-Op_-_train_data_loader-hierarchical_parallel_cast_11-out_0-stage_id_0](buffer_size:4) 
 from [_train_data_loader-hierarchical_parallel_cast_11] (stage_id:0) -> [base_model-identity_16] (stage_id:0) 
I1222 14:51:40.553875 86198 pipeline_buffer_pass.cpp:117] 
 Insert buffer op : [System-Pipeline-Buffer-Op_-_train_data_loader-hierarchical_parallel_cast_10-out_0-stage_id_0](buffer_size:4) 
 from [_train_data_loader-hierarchical_parallel_cast_10] (stage_id:0) -> [base_model-identity_17] (stage_id:0) 
I1222 14:51:40.554423 86198 pipeline_buffer_pass.cpp:212] 
 Insert buffer op pair : src_buffer = <System-Pipeline-Buffer-Op_-base_model-identity_440-out_0>(buffer_size:1) , dst_buffer = <System-Pipeline-Buffer-Op_-base_model-identity_440-out_0-stage_id_1>(buffer_size:1) 
 from [base_model-identity_440] (stage_id:0) -> [base_model-identity_441] (stage_id:1) 
I1222 14:51:40.554486 86198 pipeline_buffer_pass.cpp:117] 
 Insert buffer op : [System-Pipeline-Buffer-Op_-_train_data_loader-hierarchical_parallel_cast_10-out_0-stage_id_1](buffer_size:4) 
 from [_train_data_loader-hierarchical_parallel_cast_10] (stage_id:0) -> [base_model-identity_442] (stage_id:1) 
I1222 14:51:40.555044 86198 pipeline_buffer_pass.cpp:117] 
 Insert buffer op : [System-Pipeline-Buffer-Op_-_train_data_loader-hierarchical_parallel_cast_9-out_0-stage_id_1](buffer_size:4) 
 from [_train_data_loader-hierarchical_parallel_cast_9] (stage_id:0) -> [reshape_872] (stage_id:1) 
I1222 14:51:40.555109 86198 pipeline_buffer_pass.cpp:117] 
 Insert buffer op : [System-Pipeline-Buffer-Op_-_train_data_loader-hierarchical_parallel_cast_13-out_0-stage_id_1](buffer_size:4) 
 from [_train_data_loader-hierarchical_parallel_cast_13] (stage_id:0) -> [expand_dims_880] (stage_id:1) 
I1222 14:51:40.555166 86198 pipeline_buffer_pass.cpp:117] 
 Insert buffer op : [System-Pipeline-Buffer-Op_-_train_data_loader-hierarchical_parallel_cast_12-out_0-stage_id_1](buffer_size:4) 
 from [_train_data_loader-hierarchical_parallel_cast_12] (stage_id:0) -> [reshape_884] (stage_id:1) 
I1222 14:51:40.555223 86198 pipeline_buffer_pass.cpp:117] 
 Insert buffer op : [System-Pipeline-Buffer-Op_-_train_data_loader-hierarchical_parallel_cast_14-out_0-stage_id_1](buffer_size:4) 
 from [_train_data_loader-hierarchical_parallel_cast_14] (stage_id:0) -> [multiply_891] (stage_id:1) 
I1222 14:51:40.556500 86198 pipeline_buffer_pass.cpp:212] 
 Insert buffer op pair : src_buffer = <System-Pipeline-Buffer-Op_-base_model-identity_441_grad-out_0>(buffer_size:1) , dst_buffer = <System-Pipeline-Buffer-Op_-base_model-identity_441_grad-out_0-stage_id_0>(buffer_size:1) 
 from [base_model-identity_441_grad] (stage_id:1) -> [base_model-identity_440_grad] (stage_id:0) 
I1222 14:51:41.548851 86198 global.h:43] DeleteGlobal N7oneflow7JobDescE
I1222 14:51:42.692557 86198 global.h:36] NewGlobal N7oneflow7JobDescE
I1222 14:52:03.583376 86198 runtime_context.cpp:21] NewCounter constructing_actor_cnt 3261
I1222 14:52:03.584834 86648 wait_and_send_ids_actor.cpp:53] actor 36284020031488 switch to &WaitAndSendIdsActor::HandlerWaitToStart
I1222 14:52:03.585628 86633 naive_actor.cpp:25] actor 37391985281976 switch to &NaiveActor::HandlerNormal
I1222 14:52:03.585005 86648 thread.cpp:99] Thread 17301569 construct Actor kWaitAndSendIds 36284020031488
I1222 14:52:03.585824 86633 thread.cpp:99] Thread 17829888 construct Actor kDeviceTick 37391985281976
I1222 14:52:03.586005 86648 runtime_context.cpp:29] DecreaseCounter constructing_actor_cnt, current val is 3260
I1222 14:52:03.586071 86633 runtime_context.cpp:29] DecreaseCounter constructing_actor_cnt, current val is 3259
I1222 14:52:03.678025 86634 naive_actor.cpp:25] actor 36283894202368 switch to &NaiveActor::HandlerNormal
I1222 14:52:03.678112 86638 naive_actor.cpp:25] actor 36283890008064 switch to &NaiveActor::HandlerNormal
I1222 14:52:03.678119 86634 thread.cpp:99] Thread 17301509 construct Actor kNormalForward 36283894202368
I1222 14:52:03.678184 86639 naive_actor.cpp:25] actor 36283896299520 switch to &NaiveActor::HandlerNormal
I1222 14:52:03.678221 86638 thread.cpp:99] Thread 17301507 construct Actor kNormalForward 36283890008064
I1222 14:52:03.678375 86634 runtime_context.cpp:29] DecreaseCounter constructing_actor_cnt, current val is 3258
I1222 14:52:03.678411 86639 thread.cpp:99] Thread 17301510 construct Actor kNormalForward 36283896299520
I1222 14:52:03.678418 86636 naive_actor.cpp:25] actor 36283887910912 switch to &NaiveActor::HandlerNormal
I1222 14:52:03.678519 86638 runtime_context.cpp:29] DecreaseCounter constructing_actor_cnt, current val is 3257
I1222 14:52:03.678642 86636 thread.cpp:99] Thread 17301506 construct Actor kNormalForward 36283887910912
I1222 14:52:03.678633 86629 naive_actor.cpp:25] actor 36283892105216 switch to &NaiveActor::HandlerNormal
I1222 14:52:03.678774 86639 runtime_context.cpp:29] DecreaseCounter constructing_actor_cnt, current val is 3256
I1222 14:52:03.678859 86636 runtime_context.cpp:29] DecreaseCounter constructing_actor_cnt, current val is 3255
I1222 14:52:03.678810 86629 thread.cpp:99] Thread 17301508 construct Actor kNormalForward 36283892105216
I1222 14:52:03.679051 86635 naive_actor.cpp:25] actor 36283883716608 switch to &NaiveActor::HandlerNormal
I1222 14:52:03.679155 86637 naive_actor.cpp:25] actor 36283885813760 switch to &NaiveActor::HandlerNormal
I1222 14:52:03.679105 86629 runtime_context.cpp:29] DecreaseCounter constructing_actor_cnt, current val is 3254
I1222 14:52:03.679078 86633 naive_actor.cpp:25] actor 37391985278984 switch to &NaiveActor::HandlerNormal
I1222 14:52:03.679224 86635 thread.cpp:99] Thread 17301504 construct Actor kNormalForward 36283883716608
I1222 14:52:03.679351 86637 thread.cpp:99] Thread 17301505 construct Actor kNormalForward 36283885813760
I1222 14:52:03.679988 86633 thread.cpp:99] Thread 17829888 construct Actor kNormalForward 37391985278984
I1222 14:52:03.680343 86641 naive_actor.cpp:25] actor 37391987376129 switch to &NaiveActor::HandlerNormal
I1222 14:52:03.680234 86646 naive_actor.cpp:25] actor 37391989473280 switch to &NaiveActor::HandlerNormal
I1222 14:52:03.680639 86633 runtime_context.cpp:29] DecreaseCounter constructing_actor_cnt, current val is 3251
I1222 14:52:03.680493 86635 runtime_context.cpp:29] DecreaseCounter constructing_actor_cnt, current val is 3252
I1222 14:52:03.680526 86641 thread.cpp:99] Thread 17829889 construct Actor kCollectiveBoxingGeneric 37391987376129
I1222 14:52:03.680517 86647 copy_comm_net_actor.cpp:66] actor 36284028420102 switch to &CopyCommNetActor::HandlerNormal
I1222 14:52:03.680539 86653 naive_actor.cpp:25] actor 37391991570432 switch to &NaiveActor::HandlerNormal
I1222 14:52:03.680419 86637 runtime_context.cpp:29] DecreaseCounter constructing_actor_cnt, current val is 3253
I1222 14:52:03.680663 86646 thread.cpp:99] Thread 17829890 construct Actor kCopyHd 37391989473280
I1222 14:52:03.680671 86643 naive_actor.cpp:25] actor 36283900493824 switch to &NaiveActor::HandlerNormal
I1222 14:52:03.682054 86646 runtime_context.cpp:29] DecreaseCounter constructing_actor_cnt, current val is 3249
I1222 14:52:03.680994 86641 runtime_context.cpp:29] DecreaseCounter constructing_actor_cnt, current val is 3250
I1222 14:52:03.681125 86642 naive_actor.cpp:25] actor 36284017934338 switch to &NaiveActor::HandlerNormal
I1222 14:52:03.681202 86644 naive_actor.cpp:25] actor 36284026322944 switch to &NaiveActor::HandlerNormal
I1222 14:52:03.681239 86633 naive_actor.cpp:25] actor 37391985278989 switch to &NaiveActor::HandlerNormal
I1222 14:52:03.682394 86646 naive_actor.cpp:25] actor 37391989473292 switch to &NaiveActor::HandlerNormal
I1222 14:52:03.681383 86649 naive_actor.cpp:25] actor 36283898396672 switch to &NaiveActor::HandlerNormal
I1222 14:52:03.681833 86647 thread.cpp:99] Thread 17301573 construct Actor kCopyCommNet 36284028420102
I1222 14:52:03.681938 86653 thread.cpp:99] Thread 17829891 construct Actor kCopyHd 37391991570432
I1222 14:52:03.682648 86647 runtime_context.cpp:29] DecreaseCounter constructing_actor_cnt, current val is 3248
I1222 14:52:03.682068 86643 thread.cpp:99] Thread 17301512 construct Actor kNormalForward 36283900493824
I1222 14:52:03.682255 86642 thread.cpp:99] Thread 17301568 construct Actor kDstSubsetTick 36284017934338
I1222 14:52:03.682296 86641 naive_actor.cpp:25] actor 37391987376174 switch to &NaiveActor::HandlerNormal
I1222 14:52:03.682854 86641 thread.cpp:99] Thread 17829889 construct Actor kCollectiveBoxingGeneric 37391987376174
I1222 14:52:03.681346 86651 naive_actor.cpp:25] actor 36284024225792 switch to &NaiveActor::HandlerNormal
I1222 14:52:03.682425 86633 thread.cpp:99] Thread 17829888 construct Actor kNormalForward 37391985278989
I1222 14:52:03.682482 86646 thread.cpp:99] Thread 17829890 construct Actor kCopyHd 37391989473292
I1222 14:52:03.682552 86649 thread.cpp:99] Thread 17301511 construct Actor kNormalForward 36283898396672
I1222 14:52:03.683108 86646 runtime_context.cpp:29] DecreaseCounter constructing_actor_cnt, current val is 3242
I1222 14:52:03.682703 86653 runtime_context.cpp:29] DecreaseCounter constructing_actor_cnt, current val is 3247
I1222 14:52:03.682761 86643 runtime_context.cpp:29] DecreaseCounter constructing_actor_cnt, current val is 3246
I1222 14:52:03.682328 86644 thread.cpp:99] Thread 17301572 construct Actor kCriticalSectionWaitTick 36284026322944
I1222 14:52:03.682893 86641 runtime_context.cpp:29] DecreaseCounter constructing_actor_cnt, current val is 3245
I1222 14:52:03.682912 86642 runtime_context.cpp:29] DecreaseCounter constructing_actor_cnt, current val is 3244
I1222 14:52:03.682950 86647 copy_comm_net_actor.cpp:66] actor 36284028420096 switch to &CopyCommNetActor::HandlerNormal
I1222 14:52:03.682956 86651 thread.cpp:99] Thread 17301571 construct Actor kCriticalSectionWaitTick 36284024225792
I1222 14:52:03.683097 86633 runtime_context.cpp:29] DecreaseCounter constructing_actor_cnt, current val is 3243
I1222 14:52:03.680756 86650 sink_actor.cpp:21] actor 36284022128640 switch to &SinkActor::HandlerNormal
I1222 14:52:03.683174 86649 runtime_context.cpp:29] DecreaseCounter constructing_actor_cnt, current val is 3241
I1222 14:52:03.683388 86644 runtime_context.cpp:29] DecreaseCounter constructing_actor_cnt, current val is 3240
I1222 14:52:03.683430 86646 naive_actor.cpp:25] actor 37391989473282 switch to &NaiveActor::HandlerNormal
I1222 14:52:03.683451 86641 naive_actor.cpp:25] actor 37391987376194 switch to &NaiveActor::HandlerNormal
I1222 14:52:03.684073 86641 thread.cpp:99] Thread 17829889 construct Actor kCollectiveBoxingGeneric 37391987376194
I1222 14:52:03.683632 86651 runtime_context.cpp:29] DecreaseCounter constructing_actor_cnt, current val is 3239
I1222 14:52:03.683801 86650 thread.cpp:99] Thread 17301570 construct Actor kCallbackNotify 36284022128640
I1222 14:52:03.683997 86646 thread.cpp:99] Thread 17829890 construct Actor kCopyHd 37391989473282
I1222 14:52:03.683516 86647 thread.cpp:99] Thread 17301573 construct Actor kCopyCommNet 36284028420096
I1222 14:52:03.684100 86642 naive_actor.cpp:25] actor 36284017934345 switch to &NaiveActor::HandlerNormal
I1222 14:52:03.684811 86641 runtime_context.cpp:29] DecreaseCounter constructing_actor_cnt, current val is 3238
I1222 14:52:03.684964 86650 runtime_context.cpp:29] DecreaseCounter constructing_actor_cnt, current val is 3237
I1222 14:52:03.684989 86646 runtime_context.cpp:29] DecreaseCounter constructing_actor_cnt, current val is 3236
I1222 14:52:03.684991 86633 naive_actor.cpp:25] actor 37391985278988 switch to &NaiveActor::HandlerNormal
I1222 14:52:03.685071 86647 runtime_context.cpp:29] DecreaseCounter constructing_actor_cnt, current val is 3235
I1222 14:52:03.685115 86642 thread.cpp:99] Thread 17301568 construct Actor kDstSubsetTick 36284017934345
I1222 14:52:03.685235 86641 naive_actor.cpp:25] actor 37391987376130 switch to &NaiveActor::HandlerNormal
I1222 14:52:03.685551 86641 thread.cpp:99] Thread 17829889 construct Actor kCollectiveBoxingGeneric 37391987376130
I1222 14:52:03.685504 86646 naive_actor.cpp:25] actor 37391989473290 switch to &NaiveActor::HandlerNormal
I1222 14:52:03.685392 86633 thread.cpp:99] Thread 17829888 construct Actor kNormalForward 37391985278988
I1222 14:52:03.685670 86647 copy_comm_net_actor.cpp:66] actor 36284028420099 switch to &CopyCommNetActor::HandlerNormal
I1222 14:52:03.685576 86642 runtime_context.cpp:29] DecreaseCounter constructing_actor_cnt, current val is 3234
I1222 14:52:03.685634 86646 thread.cpp:99] Thread 17829890 construct Actor kCopyHd 37391989473290
I1222 14:52:03.685580 86641 runtime_context.cpp:29] DecreaseCounter constructing_actor_cnt, current val is 3233
I1222 14:52:03.685905 86646 runtime_context.cpp:29] DecreaseCounter constructing_actor_cnt, current val is 3231
I1222 14:52:03.685781 86633 runtime_context.cpp:29] DecreaseCounter constructing_actor_cnt, current val is 3232
I1222 14:52:03.685758 86647 thread.cpp:99] Thread 17301573 construct Actor kCopyCommNet 36284028420099
I1222 14:52:03.685998 86641 naive_actor.cpp:25] actor 37391987376137 switch to &NaiveActor::HandlerNormal
I1222 14:52:03.686172 86641 thread.cpp:99] Thread 17829889 construct Actor kCollectiveBoxingGeneric 37391987376137
I1222 14:52:03.686177 86647 runtime_context.cpp:29] DecreaseCounter constructing_actor_cnt, current val is 3230
I1222 14:52:03.686214 86641 runtime_context.cpp:29] DecreaseCounter constructing_actor_cnt, current val is 3229
I1222 14:52:03.686206 86646 naive_actor.cpp:25] actor 37391989473288 switch to &NaiveActor::HandlerNormal
I1222 14:52:03.686399 86646 thread.cpp:99] Thread 17829890 construct Actor kCopyHd 37391989473288
I1222 14:52:03.686414 86641 naive_actor.cpp:25] actor 37391987376149 switch to &NaiveActor::HandlerNormal
I1222 14:52:03.686502 86646 runtime_context.cpp:29] DecreaseCounter constructing_actor_cnt, current val is 3228
I1222 14:52:03.686511 86641 thread.cpp:99] Thread 17829889 construct Actor kCollectiveBoxingGeneric 37391987376149
I1222 14:52:03.686578 86633 naive_actor.cpp:25] actor 37391985278979 switch to &NaiveActor::HandlerNormal
I1222 14:52:03.686475 86642 naive_actor.cpp:25] actor 36284017934336 switch to &NaiveActor::HandlerNormal
I1222 14:52:03.686616 86641 runtime_context.cpp:29] DecreaseCounter constructing_actor_cnt, current val is 3227
I1222 14:52:03.686827 86646 naive_actor.cpp:25] actor 37391989473291 switch to &NaiveActor::HandlerNormal
I1222 14:52:03.686690 86633 thread.cpp:99] Thread 17829888 construct Actor kNormalForward 37391985278979
I1222 14:52:03.686794 86642 thread.cpp:99] Thread 17301568 construct Actor kSrcSubsetTick 36284017934336
I1222 14:52:03.686506 86647 copy_comm_net_actor.cpp:66] actor 36284028420110 switch to &CopyCommNetActor::HandlerNormal
I1222 14:52:03.686913 86646 thread.cpp:99] Thread 17829890 construct Actor kCopyHd 37391989473291
I1222 14:52:03.686919 86641 naive_actor.cpp:25] actor 37391987376144 switch to &NaiveActor::HandlerNormal
I1222 14:52:03.687911 86641 thread.cpp:99] Thread 17829889 construct Actor kCollectiveBoxingGeneric 37391987376144
I1222 14:52:03.687916 86646 runtime_context.cpp:29] DecreaseCounter constructing_actor_cnt, current val is 3224
I1222 14:52:03.687832 86647 thread.cpp:99] Thread 17301573 construct Actor kCopyCommNet 36284028420110
I1222 14:52:03.687032 86633 runtime_context.cpp:29] DecreaseCounter constructing_actor_cnt, current val is 3226
I1222 14:52:03.687197 86642 runtime_context.cpp:29] DecreaseCounter constructing_actor_cnt, current val is 3225
I1222 14:52:03.687937 86641 runtime_context.cpp:29] DecreaseCounter constructing_actor_cnt, current val is 3223
I1222 14:52:03.688079 86647 runtime_context.cpp:29] DecreaseCounter constructing_actor_cnt, current val is 3222
I1222 14:52:03.688196 86646 naive_actor.cpp:25] actor 37391989473289 switch to &NaiveActor::HandlerNormal
I1222 14:52:03.688313 86641 naive_actor.cpp:25] actor 37391987376142 switch to &NaiveActor::HandlerNormal
I1222 14:52:03.688432 86641 thread.cpp:99] Thread 17829889 construct Actor kCollectiveBoxingGeneric 37391987376142
I1222 14:52:03.688398 86646 thread.cpp:99] Thread 17829890 construct Actor kCopyHd 37391989473289
I1222 14:52:03.688465 86641 runtime_context.cpp:29] DecreaseCounter constructing_actor_cnt, current val is 3221
I1222 14:52:03.688519 86647 copy_comm_net_actor.cpp:66] actor 36284028420098 switch to &CopyCommNetActor::HandlerNormal
I1222 14:52:03.688633 86641 naive_actor.cpp:25] actor 37391987376186 switch to &NaiveActor::HandlerNormal
I1222 14:52:03.688676 86641 thread.cpp:99] Thread 17829889 construct Actor kCollectiveBoxingGeneric 37391987376186
I1222 14:52:03.688639 86647 thread.cpp:99] Thread 17301573 construct Actor kCopyCommNet 36284028420098
I1222 14:52:03.688549 86646 runtime_context.cpp:29] DecreaseCounter constructing_actor_cnt, current val is 3220
I1222 14:52:03.688843 86642 naive_actor.cpp:25] actor 36284017934342 switch to &NaiveActor::HandlerNormal
I1222 14:52:03.688827 86647 runtime_context.cpp:29] DecreaseCounter constructing_actor_cnt, current val is 3218
I1222 14:52:03.688719 86641 runtime_context.cpp:29] DecreaseCounter constructing_actor_cnt, current val is 3219
I1222 14:52:03.688954 86642 thread.cpp:99] Thread 17301568 construct Actor kSrcSubsetTick 36284017934342
I1222 14:52:03.689072 86646 naive_actor.cpp:25] actor 37391989473284 switch to &NaiveActor::HandlerNormal
I1222 14:52:03.689146 86641 naive_actor.cpp:25] actor 37391987376128 switch to &NaiveActor::HandlerNormal
I1222 14:52:03.689246 86641 thread.cpp:99] Thread 17829889 construct Actor kCollectiveBoxingGeneric 37391987376128
I1222 14:52:03.689213 86642 runtime_context.cpp:29] DecreaseCounter constructing_actor_cnt, current val is 3217
I1222 14:52:03.689211 86646 thread.cpp:99] Thread 17829890 construct Actor kCopyHd 37391989473284
I1222 14:52:03.689242 86647 copy_comm_net_actor.cpp:66] actor 36284028420103 switch to &CopyCommNetActor::HandlerNormal
I1222 14:52:03.689275 86641 runtime_context.cpp:29] DecreaseCounter constructing_actor_cnt, current val is 3216
I1222 14:52:03.689404 86633 naive_actor.cpp:25] actor 37391985278978 switch to &NaiveActor::HandlerNormal
I1222 14:52:03.689429 86646 runtime_context.cpp:29] DecreaseCounter constructing_actor_cnt, current val is 3215
I1222 14:52:03.689486 86647 thread.cpp:99] Thread 17301573 construct Actor kCopyCommNet 36284028420103
I1222 14:52:03.689612 86641 naive_actor.cpp:25] actor 37391987376204 switch to &NaiveActor::HandlerNormal
I1222 14:52:03.689630 86633 thread.cpp:99] Thread 17829888 construct Actor kNormalForward 37391985278978
I1222 14:52:03.689802 86647 runtime_context.cpp:29] DecreaseCounter constructing_actor_cnt, current val is 3214
I1222 14:52:03.689805 86641 thread.cpp:99] Thread 17829889 construct Actor kCollectiveBoxingGeneric 37391987376204
I1222 14:52:03.689914 86646 naive_actor.cpp:25] actor 37391989473285 switch to &NaiveActor::HandlerNormal
I1222 14:52:03.689929 86633 runtime_context.cpp:29] DecreaseCounter constructing_actor_cnt, current val is 3213
I1222 14:52:03.689962 86642 naive_actor.cpp:25] actor 36284017934340 switch to &NaiveActor::HandlerNormal
I1222 14:52:03.690039 86641 runtime_context.cpp:29] DecreaseCounter constructing_actor_cnt, current val is 3212
I1222 14:52:03.690116 86646 thread.cpp:99] Thread 17829890 construct Actor kCopyHd 37391989473285
I1222 14:52:03.690207 86647 copy_comm_net_actor.cpp:66] actor 36284028420117 switch to &CopyCommNetActor::HandlerNormal
I1222 14:52:03.690268 86642 thread.cpp:99] Thread 17301568 construct Actor kTick 36284017934340
I1222 14:52:03.690389 86641 naive_actor.cpp:25] actor 37391987376180 switch to &NaiveActor::HandlerNormal
I1222 14:52:03.690574 86641 thread.cpp:99] Thread 17829889 construct Actor kCollectiveBoxingGeneric 37391987376180
I1222 14:52:03.690481 86647 thread.cpp:99] Thread 17301573 construct Actor kCopyCommNet 36284028420117
I1222 14:52:03.690635 86642 runtime_context.cpp:29] DecreaseCounter constructing_actor_cnt, current val is 3209
I1222 14:52:03.690677 86647 runtime_context.cpp:29] DecreaseCounter constructing_actor_cnt, current val is 3208
I1222 14:52:03.690402 86646 runtime_context.cpp:29] DecreaseCounter constructing_actor_cnt, current val is 3211
I1222 14:52:03.690610 86641 runtime_context.cpp:29] DecreaseCounter constructing_actor_cnt, current val is 3210
I1222 14:52:03.690948 86641 naive_actor.cpp:25] actor 37391987376177 switch to &NaiveActor::HandlerNormal
I1222 14:52:03.690984 86641 thread.cpp:99] Thread 17829889 construct Actor kCollectiveBoxingGeneric 37391987376177
I1222 14:52:03.690963 86647 copy_comm_net_actor.cpp:66] actor 36284028420097 switch to &CopyCommNetActor::HandlerNormal
I1222 14:52:03.691028 86641 runtime_context.cpp:29] DecreaseCounter constructing_actor_cnt, current val is 3207
I1222 14:52:03.691026 86646 naive_actor.cpp:25] actor 37391989473287 switch to &NaiveActor::HandlerNormal
I1222 14:52:03.691107 86647 thread.cpp:99] Thread 17301573 construct Actor kCopyCommNet 36284028420097
I1222 14:52:03.691191 86642 naive_actor.cpp:25] actor 36284017934341 switch to &NaiveActor::HandlerNormal
I1222 14:52:03.691200 86646 thread.cpp:99] Thread 17829890 construct Actor kCopyHd 37391989473287
I1222 14:52:03.691213 86641 naive_actor.cpp:25] actor 37391987376164 switch to &NaiveActor::HandlerNormal
I1222 14:52:03.691439 86641 thread.cpp:99] Thread 17829889 construct Actor kCollectiveBoxingGeneric 37391987376164
I1222 14:52:03.691445 86646 runtime_context.cpp:29] DecreaseCounter constructing_actor_cnt, current val is 3205
I1222 14:52:03.691390 86633 naive_actor.cpp:25] actor 37391985278976 switch to &NaiveActor::HandlerNormal
I1222 14:52:03.691305 86647 runtime_context.cpp:29] DecreaseCounter constructing_actor_cnt, current val is 3206
I1222 14:52:03.691349 86642 thread.cpp:99] Thread 17301568 construct Actor kTick 36284017934341
I1222 14:52:03.691466 86641 runtime_context.cpp:29] DecreaseCounter constructing_actor_cnt, current val is 3204
I1222 14:52:03.691603 86633 thread.cpp:99] Thread 17829888 construct Actor kNormalForward 37391985278976
I1222 14:52:03.691803 86642 runtime_context.cpp:29] DecreaseCounter constructing_actor_cnt, current val is 3203
I1222 14:52:03.691864 86641 naive_actor.cpp:25] actor 37391987376183 switch to &NaiveActor::HandlerNormal
I1222 14:52:03.691953 86641 thread.cpp:99] Thread 17829889 construct Actor kCollectiveBoxingGeneric 37391987376183
I1222 14:52:03.691915 86633 runtime_context.cpp:29] DecreaseCounter constructing_actor_cnt, current val is 3202
I1222 14:52:03.691888 86647 copy_comm_net_actor.cpp:66] actor 36284028420115 switch to &CopyCommNetActor::HandlerNormal
I1222 14:52:03.691983 86641 runtime_context.cpp:29] DecreaseCounter constructing_actor_cnt, current val is 3201
I1222 14:52:03.692059 86646 naive_actor.cpp:25] actor 37391989473283 switch to &NaiveActor::HandlerNormal
I1222 14:52:03.692139 86647 thread.cpp:99] Thread 17301573 construct Actor kCopyCommNet 36284028420115
I1222 14:52:03.692255 86641 naive_actor.cpp:25] actor 37391987376198 switch to &NaiveActor::HandlerNormal
I1222 14:52:03.693145 86641 thread.cpp:99] Thread 17829889 construct Actor kCollectiveBoxingGeneric 37391987376198
I1222 14:52:03.693153 86647 runtime_context.cpp:29] DecreaseCounter constructing_actor_cnt, current val is 3200
I1222 14:52:03.692379 86646 thread.cpp:99] Thread 17829890 construct Actor kCopyHd 37391989473283
I1222 14:52:03.692401 86642 naive_actor.cpp:25] actor 36284017934337 switch to &NaiveActor::HandlerNormal
I1222 14:52:03.693171 86641 runtime_context.cpp:29] DecreaseCounter constructing_actor_cnt, current val is 3199
I1222 14:52:03.693332 86646 runtime_context.cpp:29] DecreaseCounter constructing_actor_cnt, current val is 3198
I1222 14:52:03.693343 86633 naive_actor.cpp:25] actor 37391985278987 switch to &NaiveActor::HandlerNormal
I1222 14:52:03.693405 86642 thread.cpp:99] Thread 17301568 construct Actor kTick 36284017934337
I1222 14:52:03.693406 86647 copy_comm_net_actor.cpp:66] actor 36284028420101 switch to &CopyCommNetActor::HandlerNormal
I1222 14:52:03.693536 86641 naive_actor.cpp:25] actor 37391987376236 switch to &NaiveActor::HandlerNormal
I1222 14:52:03.693606 86633 thread.cpp:99] Thread 17829888 construct Actor kNormalForward 37391985278987
I1222 14:52:03.693732 86642 runtime_context.cpp:29] DecreaseCounter constructing_actor_cnt, current val is 3197
I1222 14:52:03.693737 86647 thread.cpp:99] Thread 17301573 construct Actor kCopyCommNet 36284028420101
I1222 14:52:03.693773 86641 thread.cpp:99] Thread 17829889 construct Actor kCollectiveBoxingGeneric 37391987376236
I1222 14:52:03.693984 86647 runtime_context.cpp:29] DecreaseCounter constructing_actor_cnt, current val is 3195
I1222 14:52:03.693924 86633 runtime_context.cpp:29] DecreaseCounter constructing_actor_cnt, current val is 3196
I1222 14:52:03.693773 86646 naive_actor.cpp:25] actor 37391989473286 switch to &NaiveActor::HandlerNormal
I1222 14:52:03.694006 86641 runtime_context.cpp:29] DecreaseCounter constructing_actor_cnt, current val is 3194
I1222 14:52:03.694217 86646 thread.cpp:99] Thread 17829890 construct Actor kCopyHd 37391989473286
I1222 14:52:03.694304 86647 copy_comm_net_actor.cpp:66] actor 36284028420105 switch to &CopyCommNetActor::HandlerNormal
I1222 14:52:03.694355 86641 naive_actor.cpp:25] actor 37391987376218 switch to &NaiveActor::HandlerNormal
I1222 14:52:03.694443 86642 naive_actor.cpp:25] actor 36284017934343 switch to &NaiveActor::HandlerNormal
I1222 14:52:03.694417 86647 thread.cpp:99] Thread 17301573 construct Actor kCopyCommNet 36284028420105
I1222 14:52:03.694455 86641 thread.cpp:99] Thread 17829889 construct Actor kCollectiveBoxingGeneric 37391987376218
I1222 14:52:03.694372 86646 runtime_context.cpp:29] DecreaseCounter constructing_actor_cnt, current val is 3193
I1222 14:52:03.694553 86642 thread.cpp:99] Thread 17301568 construct Actor kDstSubsetTick 36284017934343
I1222 14:52:03.694905 86646 naive_actor.cpp:25] actor 37391989473281 switch to &NaiveActor::HandlerNormal
I1222 14:52:03.694962 86641 runtime_context.cpp:29] DecreaseCounter constructing_actor_cnt, current val is 3192
I1222 14:52:03.694998 86647 runtime_context.cpp:29] DecreaseCounter constructing_actor_cnt, current val is 3191
I1222 14:52:03.694998 86646 thread.cpp:99] Thread 17829890 construct Actor kCopyHd 37391989473281
I1222 14:52:03.695029 86642 runtime_context.cpp:29] DecreaseCounter constructing_actor_cnt, current val is 3190
I1222 14:52:03.695122 86641 naive_actor.cpp:25] actor 37391987376165 switch to &NaiveActor::HandlerNormal
I1222 14:52:03.695281 86641 thread.cpp:99] Thread 17829889 construct Actor kCollectiveBoxingGeneric 37391987376165
I1222 14:52:03.695214 86646 runtime_context.cpp:29] DecreaseCounter constructing_actor_cnt, current val is 3189
I1222 14:52:03.695336 86641 runtime_context.cpp:29] DecreaseCounter constructing_actor_cnt, current val is 3188
I1222 14:52:03.695338 86647 copy_comm_net_actor.cpp:66] actor 36284028420113 switch to &CopyCommNetActor::HandlerNormal
I1222 14:52:03.695528 86641 naive_actor.cpp:25] actor 37391987376147 switch to &NaiveActor::HandlerNormal
I1222 14:52:03.696220 86641 thread.cpp:99] Thread 17829889 construct Actor kCollectiveBoxingGeneric 37391987376147
I1222 14:52:03.695749 86642 naive_actor.cpp:25] actor 36284017934339 switch to &NaiveActor::HandlerNormal
I1222 14:52:03.696300 86633 naive_actor.cpp:25] actor 37391985278983 switch to &NaiveActor::HandlerNormal
I1222 14:52:03.696249 86641 runtime_context.cpp:29] DecreaseCounter constructing_actor_cnt, current val is 3187
I1222 14:52:03.696417 86633 thread.cpp:99] Thread 17829888 construct Actor kNormalForward 37391985278983
I1222 14:52:03.696341 86642 thread.cpp:99] Thread 17301568 construct Actor kTick 36284017934339
I1222 14:52:03.695595 86647 thread.cpp:99] Thread 17301573 construct Actor kCopyCommNet 36284028420113
I1222 14:52:03.696521 86641 naive_actor.cpp:25] actor 37391987376215 switch to &NaiveActor::HandlerNormal
I1222 14:52:03.696636 86641 thread.cpp:99] Thread 17829889 construct Actor kCollectiveBoxingGeneric 37391987376215
I1222 14:52:03.696642 86647 runtime_context.cpp:29] DecreaseCounter constructing_actor_cnt, current val is 3184
I1222 14:52:03.696552 86633 runtime_context.cpp:29] DecreaseCounter constructing_actor_cnt, current val is 3186
I1222 14:52:03.696609 86642 runtime_context.cpp:29] DecreaseCounter constructing_actor_cnt, current val is 3185
I1222 14:52:03.696663 86641 runtime_context.cpp:29] DecreaseCounter constructing_actor_cnt, current val is 3183
I1222 14:52:03.696935 86647 copy_comm_net_actor.cpp:66] actor 36284028420100 switch to &CopyCommNetActor::HandlerNormal
I1222 14:52:03.696995 86641 naive_actor.cpp:25] actor 37391987376278 switch to &NaiveActor::HandlerNormal
I1222 14:52:03.697074 86641 thread.cpp:99] Thread 17829889 construct Actor kCollectiveBoxingGeneric 37391987376278
I1222 14:52:03.697036 86647 thread.cpp:99] Thread 17301573 construct Actor kCopyCommNet 36284028420100
I1222 14:52:03.697101 86641 runtime_context.cpp:29] DecreaseCounter constructing_actor_cnt, current val is 3182
I1222 14:52:03.697204 86647 runtime_context.cpp:29] DecreaseCounter constructing_actor_cnt, current val is 3181
I1222 14:52:03.697273 86641 naive_actor.cpp:25] actor 37391987376140 switch to &NaiveActor::HandlerNormal
I1222 14:52:03.697314 86641 thread.cpp:99] Thread 17829889 construct Actor kCollectiveBoxingGeneric 37391987376140
I1222 14:52:03.697358 86641 runtime_context.cpp:29] DecreaseCounter constructing_actor_cnt, current val is 3180
I1222 14:52:03.697468 86641 naive_actor.cpp:25] actor 37391987376155 switch to &NaiveActor::HandlerNormal
I1222 14:52:03.697502 86641 thread.cpp:99] Thread 17829889 construct Actor kCollectiveBoxingGeneric 37391987376155
I1222 14:52:03.697515 86647 copy_comm_net_actor.cpp:66] actor 36284028420104 switch to &CopyCommNetActor::HandlerNormal
I1222 14:52:03.697544 86641 runtime_context.cpp:29] DecreaseCounter constructing_actor_cnt, current val is 3179
I1222 14:52:03.697554 86642 naive_actor.cpp:25] actor 36284017934344 switch to &NaiveActor::HandlerNormal
I1222 14:52:03.697615 86647 thread.cpp:99] Thread 17301573 construct Actor kCopyCommNet 36284028420104
I1222 14:52:03.697728 86641 naive_actor.cpp:25] actor 37391987376232 switch to &NaiveActor::HandlerNormal
I1222 14:52:03.697850 86641 thread.cpp:99] Thread 17829889 construct Actor kCollectiveBoxingGeneric 37391987376232
I1222 14:52:03.697749 86642 thread.cpp:99] Thread 17301568 construct Actor kSrcSubsetTick 36284017934344
I1222 14:52:03.697865 86647 runtime_context.cpp:29] DecreaseCounter constructing_actor_cnt, current val is 3178
I1222 14:52:03.697876 86641 runtime_context.cpp:29] DecreaseCounter constructing_actor_cnt, current val is 3177
I1222 14:52:03.698032 86642 runtime_context.cpp:29] DecreaseCounter constructing_actor_cnt, current val is 3176
I1222 14:52:03.698072 86641 naive_actor.cpp:25] actor 37391987376227 switch to &NaiveActor::HandlerNormal
I1222 14:52:03.698132 86641 thread.cpp:99] Thread 17829889 construct Actor kCollectiveBoxingGeneric 37391987376227
I1222 14:52:03.698168 86633 naive_actor.cpp:25] actor 37391985278998 switch to &NaiveActor::HandlerNormal
I1222 14:52:03.698199 86647 copy_comm_net_actor.cpp:66] actor 36284028420108 switch to &CopyCommNetActor::HandlerNormal
I1222 14:52:03.698210 86641 runtime_context.cpp:29] DecreaseCounter constructing_actor_cnt, current val is 3175
I1222 14:52:03.698758 86633 thread.cpp:99] Thread 17829888 construct Actor kNormalForward 37391985278998
I1222 14:52:03.698832 86647 thread.cpp:99] Thread 17301573 construct Actor kCopyCommNet 36284028420108
