 from [base_model.m_stage0.embeddings.LayerNorm-layer_norm_24] (stage_id:0) -> [base_model.m_stage0.embeddings.LayerNorm-layer_norm_24_param_grad] (stage_id:0) 
I1222 14:12:24.957271 79005 pipeline_buffer_pass.cpp:117] 
 Insert buffer op : [System-Pipeline-Buffer-Op_-base_model.m_stage0.embeddings-broadcast_add_23-z_0-stage_id_0](buffer_size:4) 
 from [base_model.m_stage0.embeddings-broadcast_add_23] (stage_id:0) -> [base_model.m_stage0.embeddings.LayerNorm-layer_norm_24_grad] (stage_id:0) 
I1222 14:12:24.957341 79005 pipeline_buffer_pass.cpp:117] 
 Insert buffer op : [System-Pipeline-Buffer-Op_-base_model.m_stage0.embeddings.LayerNorm-layer_norm_24-mean_0-stage_id_0](buffer_size:4) 
 from [base_model.m_stage0.embeddings.LayerNorm-layer_norm_24] (stage_id:0) -> [base_model.m_stage0.embeddings.LayerNorm-layer_norm_24_grad] (stage_id:0) 
I1222 14:12:24.957401 79005 pipeline_buffer_pass.cpp:117] 
 Insert buffer op : [System-Pipeline-Buffer-Op_-base_model.m_stage0.embeddings.LayerNorm-layer_norm_24-inv_variance_0-stage_id_0](buffer_size:4) 
 from [base_model.m_stage0.embeddings.LayerNorm-layer_norm_24] (stage_id:0) -> [base_model.m_stage0.embeddings.LayerNorm-layer_norm_24_grad] (stage_id:0) 
I1222 14:12:24.957466 79005 pipeline_buffer_pass.cpp:117] 
 Insert buffer op : [System-Pipeline-Buffer-Op_-base_model.m_stage0.embeddings.position_embeddings-gather_20-out_0-stage_id_0](buffer_size:4) 
 from [base_model.m_stage0.embeddings.position_embeddings-gather_20] (stage_id:0) -> [base_model.m_stage0.embeddings-broadcast_add_23_y_grad_reduce_sum_like] (stage_id:0) 
I1222 14:12:24.957538 79005 pipeline_buffer_pass.cpp:117] 
 Insert buffer op : [System-Pipeline-Buffer-Op_-base_model.m_stage0.embeddings-slice_19-y_0-stage_id_0](buffer_size:4) 
 from [base_model.m_stage0.embeddings-slice_19] (stage_id:0) -> [base_model.m_stage0.embeddings.position_embeddings-gather_20_grad] (stage_id:0) 
I1222 14:12:24.957638 79005 pipeline_buffer_pass.cpp:117] 
 Insert buffer op : [System-Pipeline-Buffer-Op_-base_model-identity_15-out_0-stage_id_0](buffer_size:4) 
 from [base_model-identity_15] (stage_id:0) -> [base_model.m_stage0.embeddings.word_embeddings-gather_18_grad] (stage_id:0) 
I1222 14:12:24.958012 79005 pipeline_buffer_pass.cpp:117] 
 Insert buffer op : [System-Pipeline-Buffer-Op_-base_model-identity_16-out_0-stage_id_0](buffer_size:4) 
 from [base_model-identity_16] (stage_id:0) -> [base_model.m_stage0.embeddings.token_type_embeddings-gather_21_grad] (stage_id:0) 
I1222 14:12:24.958320 79005 pipeline_buffer_pass.cpp:117] 
 Insert buffer op : [System-Pipeline-Buffer-Op_-_train_data_loader-hierarchical_parallel_cast_8-out_0-stage_id_0](buffer_size:4) 
 from [_train_data_loader-hierarchical_parallel_cast_8] (stage_id:0) -> [base_model-identity_15] (stage_id:0) 
I1222 14:12:24.958402 79005 pipeline_buffer_pass.cpp:117] 
 Insert buffer op : [System-Pipeline-Buffer-Op_-_train_data_loader-hierarchical_parallel_cast_11-out_0-stage_id_0](buffer_size:4) 
 from [_train_data_loader-hierarchical_parallel_cast_11] (stage_id:0) -> [base_model-identity_16] (stage_id:0) 
I1222 14:12:24.958472 79005 pipeline_buffer_pass.cpp:117] 
 Insert buffer op : [System-Pipeline-Buffer-Op_-_train_data_loader-hierarchical_parallel_cast_10-out_0-stage_id_0](buffer_size:4) 
 from [_train_data_loader-hierarchical_parallel_cast_10] (stage_id:0) -> [base_model-identity_17] (stage_id:0) 
I1222 14:12:24.958920 79005 pipeline_buffer_pass.cpp:212] 
 Insert buffer op pair : src_buffer = <System-Pipeline-Buffer-Op_-base_model-identity_236-out_0>(buffer_size:1) , dst_buffer = <System-Pipeline-Buffer-Op_-base_model-identity_236-out_0-stage_id_1>(buffer_size:1) 
 from [base_model-identity_236] (stage_id:0) -> [base_model-identity_237] (stage_id:1) 
I1222 14:12:24.958993 79005 pipeline_buffer_pass.cpp:117] 
 Insert buffer op : [System-Pipeline-Buffer-Op_-_train_data_loader-hierarchical_parallel_cast_10-out_0-stage_id_1](buffer_size:4) 
 from [_train_data_loader-hierarchical_parallel_cast_10] (stage_id:0) -> [base_model-identity_238] (stage_id:1) 
I1222 14:12:24.959404 79005 pipeline_buffer_pass.cpp:117] 
 Insert buffer op : [System-Pipeline-Buffer-Op_-_train_data_loader-hierarchical_parallel_cast_9-out_0-stage_id_1](buffer_size:4) 
 from [_train_data_loader-hierarchical_parallel_cast_9] (stage_id:0) -> [reshape_464] (stage_id:1) 
I1222 14:12:24.959488 79005 pipeline_buffer_pass.cpp:117] 
 Insert buffer op : [System-Pipeline-Buffer-Op_-_train_data_loader-hierarchical_parallel_cast_13-out_0-stage_id_1](buffer_size:4) 
 from [_train_data_loader-hierarchical_parallel_cast_13] (stage_id:0) -> [expand_dims_472] (stage_id:1) 
I1222 14:12:24.959568 79005 pipeline_buffer_pass.cpp:117] 
 Insert buffer op : [System-Pipeline-Buffer-Op_-_train_data_loader-hierarchical_parallel_cast_12-out_0-stage_id_1](buffer_size:4) 
 from [_train_data_loader-hierarchical_parallel_cast_12] (stage_id:0) -> [reshape_476] (stage_id:1) 
I1222 14:12:24.959643 79005 pipeline_buffer_pass.cpp:117] 
 Insert buffer op : [System-Pipeline-Buffer-Op_-_train_data_loader-hierarchical_parallel_cast_14-out_0-stage_id_1](buffer_size:4) 
 from [_train_data_loader-hierarchical_parallel_cast_14] (stage_id:0) -> [multiply_483] (stage_id:1) 
I1222 14:12:24.960408 79005 pipeline_buffer_pass.cpp:212] 
 Insert buffer op pair : src_buffer = <System-Pipeline-Buffer-Op_-base_model-identity_237_grad-out_0>(buffer_size:1) , dst_buffer = <System-Pipeline-Buffer-Op_-base_model-identity_237_grad-out_0-stage_id_0>(buffer_size:1) 
 from [base_model-identity_237_grad] (stage_id:1) -> [base_model-identity_236_grad] (stage_id:0) 
I1222 14:12:25.644903 79005 global.h:43] DeleteGlobal N7oneflow7JobDescE
I1222 14:12:26.327726 79005 global.h:36] NewGlobal N7oneflow7JobDescE
I1222 14:12:34.963507 79005 runtime_context.cpp:21] NewCounter constructing_actor_cnt 1724
I1222 14:12:34.964707 79632 wait_and_send_ids_actor.cpp:53] actor 36284020031488 switch to &WaitAndSendIdsActor::HandlerWaitToStart
I1222 14:12:34.965021 79625 naive_actor.cpp:25] actor 37391985280506 switch to &NaiveActor::HandlerNormal
I1222 14:12:34.964843 79632 thread.cpp:99] Thread 17301569 construct Actor kWaitAndSendIds 36284020031488
I1222 14:12:34.965320 79625 thread.cpp:99] Thread 17829888 construct Actor kDeviceTick 37391985280506
I1222 14:12:34.965570 79625 runtime_context.cpp:29] DecreaseCounter constructing_actor_cnt, current val is 1722
I1222 14:12:34.965561 79632 runtime_context.cpp:29] DecreaseCounter constructing_actor_cnt, current val is 1723
I1222 14:12:34.966102 79625 naive_actor.cpp:25] actor 37391985280515 switch to &NaiveActor::HandlerNormal
I1222 14:12:34.966187 79625 thread.cpp:99] Thread 17829888 construct Actor kDeviceTick 37391985280515
I1222 14:12:34.966284 79625 runtime_context.cpp:29] DecreaseCounter constructing_actor_cnt, current val is 1721
I1222 14:12:34.966671 79625 naive_actor.cpp:25] actor 37391985280513 switch to &NaiveActor::HandlerNormal
I1222 14:12:34.966743 79625 thread.cpp:99] Thread 17829888 construct Actor kDeviceTick 37391985280513
I1222 14:12:34.966851 79625 runtime_context.cpp:29] DecreaseCounter constructing_actor_cnt, current val is 1720
I1222 14:12:34.967223 79625 naive_actor.cpp:25] actor 37391985280511 switch to &NaiveActor::HandlerNormal
I1222 14:12:34.967295 79625 thread.cpp:99] Thread 17829888 construct Actor kDeviceTick 37391985280511
I1222 14:12:34.967383 79625 runtime_context.cpp:29] DecreaseCounter constructing_actor_cnt, current val is 1719
I1222 14:12:34.968225 79625 naive_actor.cpp:25] actor 37391985280509 switch to &NaiveActor::HandlerNormal
I1222 14:12:34.968304 79625 thread.cpp:99] Thread 17829888 construct Actor kDeviceTick 37391985280509
I1222 14:12:34.968408 79625 runtime_context.cpp:29] DecreaseCounter constructing_actor_cnt, current val is 1718
I1222 14:12:35.040457 79618 naive_actor.cpp:25] actor 36283896299520 switch to &NaiveActor::HandlerNormal
I1222 14:12:35.040459 79614 naive_actor.cpp:25] actor 36283894202368 switch to &NaiveActor::HandlerNormal
I1222 14:12:35.040653 79618 thread.cpp:99] Thread 17301510 construct Actor kNormalForward 36283896299520
I1222 14:12:35.040680 79617 naive_actor.cpp:25] actor 36283883716608 switch to &NaiveActor::HandlerNormal
I1222 14:12:35.040725 79614 thread.cpp:99] Thread 17301509 construct Actor kNormalForward 36283894202368
I1222 14:12:35.040876 79618 runtime_context.cpp:29] DecreaseCounter constructing_actor_cnt, current val is 1717
I1222 14:12:35.040951 79617 thread.cpp:99] Thread 17301504 construct Actor kNormalForward 36283883716608
I1222 14:12:35.041097 79614 runtime_context.cpp:29] DecreaseCounter constructing_actor_cnt, current val is 1716
I1222 14:12:35.041131 79631 naive_actor.cpp:25] actor 37391987376135 switch to &NaiveActor::HandlerNormal
I1222 14:12:35.041231 79629 naive_actor.cpp:25] actor 37391991570457 switch to &NaiveActor::HandlerNormal
I1222 14:12:35.041512 79629 thread.cpp:99] Thread 17829891 construct Actor kCollectiveBoxingGeneric 37391991570457
I1222 14:12:35.041330 79637 naive_actor.cpp:25] actor 37391989473284 switch to &NaiveActor::HandlerNormal
I1222 14:12:35.041361 79617 runtime_context.cpp:29] DecreaseCounter constructing_actor_cnt, current val is 1715
I1222 14:12:35.041371 79626 naive_actor.cpp:25] actor 36284017934340 switch to &NaiveActor::HandlerNormal
I1222 14:12:35.041405 79634 sink_actor.cpp:21] actor 36284022128640 switch to &SinkActor::HandlerNormal
I1222 14:12:35.041465 79616 naive_actor.cpp:25] actor 36283890008064 switch to &NaiveActor::HandlerNormal
I1222 14:12:35.041466 79631 thread.cpp:99] Thread 17829889 construct Actor kCopyHd 37391987376135
I1222 14:12:35.041308 79627 copy_comm_net_actor.cpp:66] actor 36284028420103 switch to &CopyCommNetActor::HandlerNormal
I1222 14:12:35.041569 79629 runtime_context.cpp:29] DecreaseCounter constructing_actor_cnt, current val is 1714
I1222 14:12:35.041585 79635 naive_actor.cpp:25] actor 36284026322944 switch to &NaiveActor::HandlerNormal
I1222 14:12:35.041600 79637 thread.cpp:99] Thread 17829890 construct Actor kCopyHd 37391989473284
I1222 14:12:35.041780 79626 thread.cpp:99] Thread 17301568 construct Actor kTick 36284017934340
I1222 14:12:35.041915 79638 naive_actor.cpp:25] actor 36283900493824 switch to &NaiveActor::HandlerNormal
I1222 14:12:35.043862 79638 thread.cpp:99] Thread 17301512 construct Actor kNormalForward 36283900493824
I1222 14:12:35.041949 79634 thread.cpp:99] Thread 17301570 construct Actor kCallbackNotify 36284022128640
I1222 14:12:35.041960 79633 naive_actor.cpp:25] actor 36284024225792 switch to &NaiveActor::HandlerNormal
I1222 14:12:35.044023 79634 runtime_context.cpp:29] DecreaseCounter constructing_actor_cnt, current val is 1709
I1222 14:12:35.042019 79616 thread.cpp:99] Thread 17301507 construct Actor kNormalForward 36283890008064
I1222 14:12:35.042079 79620 naive_actor.cpp:25] actor 36283892105216 switch to &NaiveActor::HandlerNormal
I1222 14:12:35.042156 79631 runtime_context.cpp:29] DecreaseCounter constructing_actor_cnt, current val is 1713
I1222 14:12:35.042181 79627 thread.cpp:99] Thread 17301573 construct Actor kCopyCommNet 36284028420103
I1222 14:12:35.042183 79619 naive_actor.cpp:25] actor 36283885813760 switch to &NaiveActor::HandlerNormal
I1222 14:12:35.042315 79635 thread.cpp:99] Thread 17301572 construct Actor kCriticalSectionWaitTick 36284026322944
I1222 14:12:35.042382 79629 naive_actor.cpp:25] actor 37391991570443 switch to &NaiveActor::HandlerNormal
I1222 14:12:35.044533 79629 thread.cpp:99] Thread 17829891 construct Actor kCollectiveBoxingGeneric 37391991570443
I1222 14:12:35.043776 79637 runtime_context.cpp:29] DecreaseCounter constructing_actor_cnt, current val is 1712
I1222 14:12:35.041898 79615 naive_actor.cpp:25] actor 36283887910912 switch to &NaiveActor::HandlerNormal
I1222 14:12:35.043875 79626 runtime_context.cpp:29] DecreaseCounter constructing_actor_cnt, current val is 1711
I1222 14:12:35.043941 79638 runtime_context.cpp:29] DecreaseCounter constructing_actor_cnt, current val is 1710
I1222 14:12:35.042016 79625 naive_actor.cpp:25] actor 37391985278999 switch to &NaiveActor::HandlerNormal
I1222 14:12:35.044029 79633 thread.cpp:99] Thread 17301571 construct Actor kCriticalSectionWaitTick 36284024225792
I1222 14:12:35.044167 79616 runtime_context.cpp:29] DecreaseCounter constructing_actor_cnt, current val is 1708
I1222 14:12:35.044242 79620 thread.cpp:99] Thread 17301508 construct Actor kNormalForward 36283892105216
I1222 14:12:35.044376 79627 runtime_context.cpp:29] DecreaseCounter constructing_actor_cnt, current val is 1707
I1222 14:12:35.044476 79619 thread.cpp:99] Thread 17301505 construct Actor kNormalForward 36283885813760
I1222 14:12:35.044524 79635 runtime_context.cpp:29] DecreaseCounter constructing_actor_cnt, current val is 1706
I1222 14:12:35.042429 79639 naive_actor.cpp:25] actor 36283898396672 switch to &NaiveActor::HandlerNormal
I1222 14:12:35.044584 79629 runtime_context.cpp:29] DecreaseCounter constructing_actor_cnt, current val is 1705
I1222 14:12:35.044582 79631 naive_actor.cpp:25] actor 37391987376131 switch to &NaiveActor::HandlerNormal
I1222 14:12:35.044713 79637 naive_actor.cpp:25] actor 37391989473280 switch to &NaiveActor::HandlerNormal
I1222 14:12:35.045465 79629 naive_actor.cpp:25] actor 37391991570453 switch to &NaiveActor::HandlerNormal
I1222 14:12:35.045516 79629 thread.cpp:99] Thread 17829891 construct Actor kCollectiveBoxingGeneric 37391991570453
I1222 14:12:35.045029 79633 runtime_context.cpp:29] DecreaseCounter constructing_actor_cnt, current val is 1704
I1222 14:12:35.045053 79626 naive_actor.cpp:25] actor 36284017934337 switch to &NaiveActor::HandlerNormal
I1222 14:12:35.045177 79620 runtime_context.cpp:29] DecreaseCounter constructing_actor_cnt, current val is 1703
I1222 14:12:35.045264 79619 runtime_context.cpp:29] DecreaseCounter constructing_actor_cnt, current val is 1702
I1222 14:12:35.045307 79627 copy_comm_net_actor.cpp:66] actor 36284028420102 switch to &CopyCommNetActor::HandlerNormal
I1222 14:12:35.045305 79639 thread.cpp:99] Thread 17301511 construct Actor kNormalForward 36283898396672
I1222 14:12:35.045439 79631 thread.cpp:99] Thread 17829889 construct Actor kCopyHd 37391987376131
I1222 14:12:35.045470 79637 thread.cpp:99] Thread 17829890 construct Actor kCopyHd 37391989473280
I1222 14:12:35.044708 79615 thread.cpp:99] Thread 17301506 construct Actor kNormalForward 36283887910912
I1222 14:12:35.044927 79625 thread.cpp:99] Thread 17829888 construct Actor kNormalForward 37391985278999
I1222 14:12:35.045545 79629 runtime_context.cpp:29] DecreaseCounter constructing_actor_cnt, current val is 1701
I1222 14:12:35.045635 79626 thread.cpp:99] Thread 17301568 construct Actor kTick 36284017934337
I1222 14:12:35.045812 79627 thread.cpp:99] Thread 17301573 construct Actor kCopyCommNet 36284028420102
I1222 14:12:35.046916 79629 naive_actor.cpp:25] actor 37391991570478 switch to &NaiveActor::HandlerNormal
I1222 14:12:35.046598 79637 runtime_context.cpp:29] DecreaseCounter constructing_actor_cnt, current val is 1698
I1222 14:12:35.046595 79631 runtime_context.cpp:29] DecreaseCounter constructing_actor_cnt, current val is 1699
I1222 14:12:35.046766 79615 runtime_context.cpp:29] DecreaseCounter constructing_actor_cnt, current val is 1697
I1222 14:12:35.046870 79625 runtime_context.cpp:29] DecreaseCounter constructing_actor_cnt, current val is 1696
I1222 14:12:35.046023 79639 runtime_context.cpp:29] DecreaseCounter constructing_actor_cnt, current val is 1700
I1222 14:12:35.047300 79631 naive_actor.cpp:25] actor 37391987376136 switch to &NaiveActor::HandlerNormal
I1222 14:12:35.046938 79627 runtime_context.cpp:29] DecreaseCounter constructing_actor_cnt, current val is 1694
I1222 14:12:35.046957 79629 thread.cpp:99] Thread 17829891 construct Actor kCollectiveBoxingGeneric 37391991570478
I1222 14:12:35.047094 79637 naive_actor.cpp:25] actor 37391989473282 switch to &NaiveActor::HandlerNormal
I1222 14:12:35.047515 79637 thread.cpp:99] Thread 17829890 construct Actor kCopyHd 37391989473282
I1222 14:12:35.047395 79631 thread.cpp:99] Thread 17829889 construct Actor kCopyHd 37391987376136
I1222 14:12:35.047493 79629 runtime_context.cpp:29] DecreaseCounter constructing_actor_cnt, current val is 1693
I1222 14:12:35.046924 79626 runtime_context.cpp:29] DecreaseCounter constructing_actor_cnt, current val is 1695
I1222 14:12:35.047564 79637 runtime_context.cpp:29] DecreaseCounter constructing_actor_cnt, current val is 1692
I1222 14:12:35.047580 79627 copy_comm_net_actor.cpp:66] actor 36284028420100 switch to &CopyCommNetActor::HandlerNormal
I1222 14:12:35.047654 79631 runtime_context.cpp:29] DecreaseCounter constructing_actor_cnt, current val is 1691
I1222 14:12:35.047724 79629 naive_actor.cpp:25] actor 37391991570500 switch to &NaiveActor::HandlerNormal
I1222 14:12:35.047902 79629 thread.cpp:99] Thread 17829891 construct Actor kCollectiveBoxingGeneric 37391991570500
I1222 14:12:35.047827 79637 naive_actor.cpp:25] actor 37391989473281 switch to &NaiveActor::HandlerNormal
I1222 14:12:35.047967 79637 thread.cpp:99] Thread 17829890 construct Actor kCopyHd 37391989473281
I1222 14:12:35.047950 79629 runtime_context.cpp:29] DecreaseCounter constructing_actor_cnt, current val is 1690
I1222 14:12:35.048027 79637 runtime_context.cpp:29] DecreaseCounter constructing_actor_cnt, current val is 1689
I1222 14:12:35.048077 79626 naive_actor.cpp:25] actor 36284017934339 switch to &NaiveActor::HandlerNormal
I1222 14:12:35.047796 79627 thread.cpp:99] Thread 17301573 construct Actor kCopyCommNet 36284028420100
I1222 14:12:35.048146 79626 thread.cpp:99] Thread 17301568 construct Actor kTick 36284017934339
I1222 14:12:35.048157 79629 naive_actor.cpp:25] actor 37391991570442 switch to &NaiveActor::HandlerNormal
I1222 14:12:35.048185 79637 naive_actor.cpp:25] actor 37391989473283 switch to &NaiveActor::HandlerNormal
I1222 14:12:35.048312 79637 thread.cpp:99] Thread 17829890 construct Actor kCopyHd 37391989473283
I1222 14:12:35.048274 79629 thread.cpp:99] Thread 17829891 construct Actor kCollectiveBoxingGeneric 37391991570442
I1222 14:12:35.048281 79626 runtime_context.cpp:29] DecreaseCounter constructing_actor_cnt, current val is 1687
I1222 14:12:35.048219 79627 runtime_context.cpp:29] DecreaseCounter constructing_actor_cnt, current val is 1688
I1222 14:12:35.048341 79637 runtime_context.cpp:29] DecreaseCounter constructing_actor_cnt, current val is 1686
I1222 14:12:35.048358 79629 runtime_context.cpp:29] DecreaseCounter constructing_actor_cnt, current val is 1685
I1222 14:12:35.048468 79631 naive_actor.cpp:25] actor 37391987376137 switch to &NaiveActor::HandlerNormal
I1222 14:12:35.048666 79625 naive_actor.cpp:25] actor 37391985278981 switch to &NaiveActor::HandlerNormal
I1222 14:12:35.048723 79626 naive_actor.cpp:25] actor 36284017934336 switch to &NaiveActor::HandlerNormal
I1222 14:12:35.049054 79627 copy_comm_net_actor.cpp:66] actor 36284028420106 switch to &CopyCommNetActor::HandlerNormal
I1222 14:12:35.049063 79629 naive_actor.cpp:25] actor 37391991570472 switch to &NaiveActor::HandlerNormal
I1222 14:12:35.049314 79629 thread.cpp:99] Thread 17829891 construct Actor kCollectiveBoxingGeneric 37391991570472
I1222 14:12:35.049190 79625 thread.cpp:99] Thread 17829888 construct Actor kNormalForward 37391985278981
I1222 14:12:35.049239 79626 thread.cpp:99] Thread 17301568 construct Actor kSrcSubsetTick 36284017934336
I1222 14:12:35.049289 79627 thread.cpp:99] Thread 17301573 construct Actor kCopyCommNet 36284028420106
I1222 14:12:35.049082 79631 thread.cpp:99] Thread 17829889 construct Actor kCopyHd 37391987376137
I1222 14:12:35.049340 79629 runtime_context.cpp:29] DecreaseCounter constructing_actor_cnt, current val is 1684
I1222 14:12:35.049458 79625 runtime_context.cpp:29] DecreaseCounter constructing_actor_cnt, current val is 1683
I1222 14:12:35.049494 79626 runtime_context.cpp:29] DecreaseCounter constructing_actor_cnt, current val is 1682
I1222 14:12:35.049500 79627 runtime_context.cpp:29] DecreaseCounter constructing_actor_cnt, current val is 1681
I1222 14:12:35.049571 79631 runtime_context.cpp:29] DecreaseCounter constructing_actor_cnt, current val is 1680
I1222 14:12:35.049659 79629 naive_actor.cpp:25] actor 37391991570492 switch to &NaiveActor::HandlerNormal
I1222 14:12:35.049839 79629 thread.cpp:99] Thread 17829891 construct Actor kCollectiveBoxingGeneric 37391991570492
I1222 14:12:35.049840 79627 copy_comm_net_actor.cpp:66] actor 36284028420096 switch to &CopyCommNetActor::HandlerNormal
I1222 14:12:35.049885 79629 runtime_context.cpp:29] DecreaseCounter constructing_actor_cnt, current val is 1679
I1222 14:12:35.049927 79627 thread.cpp:99] Thread 17301573 construct Actor kCopyCommNet 36284028420096
I1222 14:12:35.049986 79625 naive_actor.cpp:25] actor 37391985279013 switch to &NaiveActor::HandlerNormal
I1222 14:12:35.050082 79631 naive_actor.cpp:25] actor 37391987376132 switch to &NaiveActor::HandlerNormal
I1222 14:12:35.050052 79627 runtime_context.cpp:29] DecreaseCounter constructing_actor_cnt, current val is 1678
I1222 14:12:35.050047 79629 naive_actor.cpp:25] actor 37391991570436 switch to &NaiveActor::HandlerNormal
I1222 14:12:35.050107 79625 thread.cpp:99] Thread 17829888 construct Actor kNormalForward 37391985279013
I1222 14:12:35.050123 79626 naive_actor.cpp:25] actor 36284017934345 switch to &NaiveActor::HandlerNormal
I1222 14:12:35.050367 79625 runtime_context.cpp:29] DecreaseCounter constructing_actor_cnt, current val is 1677
I1222 14:12:35.050267 79629 thread.cpp:99] Thread 17829891 construct Actor kCollectiveBoxingGeneric 37391991570436
I1222 14:12:35.050361 79627 copy_comm_net_actor.cpp:66] actor 36284028420097 switch to &CopyCommNetActor::HandlerNormal
I1222 14:12:35.050185 79631 thread.cpp:99] Thread 17829889 construct Actor kCopyHd 37391987376132
I1222 14:12:35.050380 79626 thread.cpp:99] Thread 17301568 construct Actor kDstSubsetTick 36284017934345
I1222 14:12:35.050611 79631 runtime_context.cpp:29] DecreaseCounter constructing_actor_cnt, current val is 1675
I1222 14:12:35.050681 79626 runtime_context.cpp:29] DecreaseCounter constructing_actor_cnt, current val is 1674
I1222 14:12:35.050468 79629 runtime_context.cpp:29] DecreaseCounter constructing_actor_cnt, current val is 1676
I1222 14:12:35.050500 79627 thread.cpp:99] Thread 17301573 construct Actor kCopyCommNet 36284028420097
I1222 14:12:35.050765 79625 naive_actor.cpp:25] actor 37391985279031 switch to &NaiveActor::HandlerNormal
I1222 14:12:35.050855 79629 naive_actor.cpp:25] actor 37391991570432 switch to &NaiveActor::HandlerNormal
I1222 14:12:35.051443 79629 thread.cpp:99] Thread 17829891 construct Actor kCollectiveBoxingGeneric 37391991570432
I1222 14:12:35.051071 79627 runtime_context.cpp:29] DecreaseCounter constructing_actor_cnt, current val is 1673
I1222 14:12:35.051170 79626 naive_actor.cpp:25] actor 36284017934344 switch to &NaiveActor::HandlerNormal
I1222 14:12:35.051421 79625 thread.cpp:99] Thread 17829888 construct Actor kNormalForward 37391985279031
I1222 14:12:35.050925 79631 naive_actor.cpp:25] actor 37391987376144 switch to &NaiveActor::HandlerNormal
I1222 14:12:35.051482 79629 runtime_context.cpp:29] DecreaseCounter constructing_actor_cnt, current val is 1672
I1222 14:12:35.051594 79626 thread.cpp:99] Thread 17301568 construct Actor kSrcSubsetTick 36284017934344
I1222 14:12:35.051694 79625 runtime_context.cpp:29] DecreaseCounter constructing_actor_cnt, current val is 1671
I1222 14:12:35.051852 79627 copy_comm_net_actor.cpp:66] actor 36284028420104 switch to &CopyCommNetActor::HandlerNormal
I1222 14:12:35.051858 79629 naive_actor.cpp:25] actor 37391991570464 switch to &NaiveActor::HandlerNormal
I1222 14:12:35.051731 79631 thread.cpp:99] Thread 17829889 construct Actor kCopyHd 37391987376144
I1222 14:12:35.051862 79626 runtime_context.cpp:29] DecreaseCounter constructing_actor_cnt, current val is 1670
I1222 14:12:35.051987 79627 thread.cpp:99] Thread 17301573 construct Actor kCopyCommNet 36284028420104
I1222 14:12:35.052021 79629 thread.cpp:99] Thread 17829891 construct Actor kCollectiveBoxingGeneric 37391991570464
I1222 14:12:35.052249 79625 naive_actor.cpp:25] actor 37391985278996 switch to &NaiveActor::HandlerNormal
I1222 14:12:35.052112 79631 runtime_context.cpp:29] DecreaseCounter constructing_actor_cnt, current val is 1669
I1222 14:12:35.052260 79627 runtime_context.cpp:29] DecreaseCounter constructing_actor_cnt, current val is 1668
I1222 14:12:35.052275 79629 runtime_context.cpp:29] DecreaseCounter constructing_actor_cnt, current val is 1667
I1222 14:12:35.052323 79625 thread.cpp:99] Thread 17829888 construct Actor kNormalForward 37391985278996
I1222 14:12:35.052445 79626 naive_actor.cpp:25] actor 36284017934341 switch to &NaiveActor::HandlerNormal
I1222 14:12:35.052599 79631 naive_actor.cpp:25] actor 37391987376141 switch to &NaiveActor::HandlerNormal
I1222 14:12:35.052605 79625 runtime_context.cpp:29] DecreaseCounter constructing_actor_cnt, current val is 1666
I1222 14:12:35.052582 79629 naive_actor.cpp:25] actor 37391991570459 switch to &NaiveActor::HandlerNormal
I1222 14:12:35.052819 79629 thread.cpp:99] Thread 17829891 construct Actor kCollectiveBoxingGeneric 37391991570459
I1222 14:12:35.052707 79627 copy_comm_net_actor.cpp:66] actor 36284028420117 switch to &CopyCommNetActor::HandlerNormal
I1222 14:12:35.052712 79631 thread.cpp:99] Thread 17829889 construct Actor kCopyHd 37391987376141
I1222 14:12:35.052615 79626 thread.cpp:99] Thread 17301568 construct Actor kTick 36284017934341
I1222 14:12:35.052850 79629 runtime_context.cpp:29] DecreaseCounter constructing_actor_cnt, current val is 1665
I1222 14:12:35.052932 79627 thread.cpp:99] Thread 17301573 construct Actor kCopyCommNet 36284028420117
I1222 14:12:35.053053 79631 runtime_context.cpp:29] DecreaseCounter constructing_actor_cnt, current val is 1664
I1222 14:12:35.053134 79626 runtime_context.cpp:29] DecreaseCounter constructing_actor_cnt, current val is 1663
I1222 14:12:35.053210 79629 naive_actor.cpp:25] actor 37391991570475 switch to &NaiveActor::HandlerNormal
I1222 14:12:35.053333 79629 thread.cpp:99] Thread 17829891 construct Actor kCollectiveBoxingGeneric 37391991570475
I1222 14:12:35.053227 79627 runtime_context.cpp:29] DecreaseCounter constructing_actor_cnt, current val is 1662
I1222 14:12:35.053388 79629 runtime_context.cpp:29] DecreaseCounter constructing_actor_cnt, current val is 1661
I1222 14:12:35.053489 79631 naive_actor.cpp:25] actor 37391987376145 switch to &NaiveActor::HandlerNormal
I1222 14:12:35.053627 79629 naive_actor.cpp:25] actor 37391991570499 switch to &NaiveActor::HandlerNormal
I1222 14:12:35.054141 79629 thread.cpp:99] Thread 17829891 construct Actor kCollectiveBoxingGeneric 37391991570499
I1222 14:12:35.053654 79627 copy_comm_net_actor.cpp:66] actor 36284028420112 switch to &CopyCommNetActor::HandlerNormal
I1222 14:12:35.053750 79625 naive_actor.cpp:25] actor 37391985278982 switch to &NaiveActor::HandlerNormal
I1222 14:12:35.054117 79631 thread.cpp:99] Thread 17829889 construct Actor kCopyHd 37391987376145
I1222 14:12:35.053633 79626 naive_actor.cpp:25] actor 36284017934343 switch to &NaiveActor::HandlerNormal
I1222 14:12:35.054175 79629 runtime_context.cpp:29] DecreaseCounter constructing_actor_cnt, current val is 1660
I1222 14:12:35.054244 79627 thread.cpp:99] Thread 17301573 construct Actor kCopyCommNet 36284028420112
I1222 14:12:35.054304 79625 thread.cpp:99] Thread 17829888 construct Actor kNormalForward 37391985278982
I1222 14:12:35.054384 79631 runtime_context.cpp:29] DecreaseCounter constructing_actor_cnt, current val is 1659
I1222 14:12:35.054404 79626 thread.cpp:99] Thread 17301568 construct Actor kDstSubsetTick 36284017934343
I1222 14:12:35.054523 79629 naive_actor.cpp:25] actor 37391991570509 switch to &NaiveActor::HandlerNormal
I1222 14:12:35.054709 79626 runtime_context.cpp:29] DecreaseCounter constructing_actor_cnt, current val is 1656
I1222 14:12:35.054610 79625 runtime_context.cpp:29] DecreaseCounter constructing_actor_cnt, current val is 1657
I1222 14:12:35.054714 79629 thread.cpp:99] Thread 17829891 construct Actor kCollectiveBoxingGeneric 37391991570509
I1222 14:12:35.054533 79627 runtime_context.cpp:29] DecreaseCounter constructing_actor_cnt, current val is 1658
I1222 14:12:35.054869 79631 naive_actor.cpp:25] actor 37391987376128 switch to &NaiveActor::HandlerNormal
I1222 14:12:35.054888 79629 runtime_context.cpp:29] DecreaseCounter constructing_actor_cnt, current val is 1655
I1222 14:12:35.055042 79631 thread.cpp:99] Thread 17829889 construct Actor kCopyHd 37391987376128
I1222 14:12:35.055176 79631 runtime_context.cpp:29] DecreaseCounter constructing_actor_cnt, current val is 1654
I1222 14:12:35.055245 79626 naive_actor.cpp:25] actor 36284017934342 switch to &NaiveActor::HandlerNormal
I1222 14:12:35.055200 79627 copy_comm_net_actor.cpp:66] actor 36284028420101 switch to &CopyCommNetActor::HandlerNormal
I1222 14:12:35.055182 79629 naive_actor.cpp:25] actor 37391991570524 switch to &NaiveActor::HandlerNormal
I1222 14:12:35.055404 79629 thread.cpp:99] Thread 17829891 construct Actor kCollectiveBoxingGeneric 37391991570524
I1222 14:12:35.055382 79627 thread.cpp:99] Thread 17301573 construct Actor kCopyCommNet 36284028420101
I1222 14:12:35.055320 79626 thread.cpp:99] Thread 17301568 construct Actor kSrcSubsetTick 36284017934342
I1222 14:12:35.055431 79629 runtime_context.cpp:29] DecreaseCounter constructing_actor_cnt, current val is 1653
I1222 14:12:35.055461 79631 naive_actor.cpp:25] actor 37391987376138 switch to &NaiveActor::HandlerNormal
I1222 14:12:35.055529 79627 runtime_context.cpp:29] DecreaseCounter constructing_actor_cnt, current val is 1652
I1222 14:12:35.055613 79626 runtime_context.cpp:29] DecreaseCounter constructing_actor_cnt, current val is 1651
I1222 14:12:35.055649 79631 thread.cpp:99] Thread 17829889 construct Actor kCopyHd 37391987376138
I1222 14:12:35.055853 79625 naive_actor.cpp:25] actor 37391985279045 switch to &NaiveActor::HandlerNormal
I1222 14:12:35.055681 79629 naive_actor.cpp:25] actor 37391991570440 switch to &NaiveActor::HandlerNormal
I1222 14:12:35.055971 79629 thread.cpp:99] Thread 17829891 construct Actor kCollectiveBoxingGeneric 37391991570440
I1222 14:12:35.055940 79625 thread.cpp:99] Thread 17829888 construct Actor kNormalForward 37391985279045
I1222 14:12:35.055902 79631 runtime_context.cpp:29] DecreaseCounter constructing_actor_cnt, current val is 1650
I1222 14:12:35.056099 79625 runtime_context.cpp:29] DecreaseCounter constructing_actor_cnt, current val is 1648
I1222 14:12:35.056000 79629 runtime_context.cpp:29] DecreaseCounter constructing_actor_cnt, current val is 1649
I1222 14:12:35.055955 79627 copy_comm_net_actor.cpp:66] actor 36284028420105 switch to &CopyCommNetActor::HandlerNormal
I1222 14:12:35.056289 79626 naive_actor.cpp:25] actor 36284017934338 switch to &NaiveActor::HandlerNormal
I1222 14:12:35.056303 79631 naive_actor.cpp:25] actor 37391987376140 switch to &NaiveActor::HandlerNormal
I1222 14:12:35.056736 79629 naive_actor.cpp:25] actor 37391991570501 switch to &NaiveActor::HandlerNormal
I1222 14:12:35.056912 79629 thread.cpp:99] Thread 17829891 construct Actor kCollectiveBoxingGeneric 37391991570501
I1222 14:12:35.056798 79626 thread.cpp:99] Thread 17301568 construct Actor kDstSubsetTick 36284017934338
I1222 14:12:35.056881 79631 thread.cpp:99] Thread 17829889 construct Actor kCopyHd 37391987376140
I1222 14:12:35.056736 79627 thread.cpp:99] Thread 17301573 construct Actor kCopyCommNet 36284028420105
I1222 14:12:35.057096 79626 runtime_context.cpp:29] DecreaseCounter constructing_actor_cnt, current val is 1646
I1222 14:12:35.056949 79629 runtime_context.cpp:29] DecreaseCounter constructing_actor_cnt, current val is 1647
I1222 14:12:35.057109 79631 runtime_context.cpp:29] DecreaseCounter constructing_actor_cnt, current val is 1645
I1222 14:12:35.057248 79629 naive_actor.cpp:25] actor 37391991570489 switch to &NaiveActor::HandlerNormal
I1222 14:12:35.057201 79625 naive_actor.cpp:25] actor 37391985278979 switch to &NaiveActor::HandlerNormal
I1222 14:12:35.057137 79627 runtime_context.cpp:29] DecreaseCounter constructing_actor_cnt, current val is 1644
I1222 14:12:35.057279 79629 thread.cpp:99] Thread 17829891 construct Actor kCollectiveBoxingGeneric 37391991570489
I1222 14:12:35.057458 79631 naive_actor.cpp:25] actor 37391987376130 switch to &NaiveActor::HandlerNormal
I1222 14:12:35.057374 79625 thread.cpp:99] Thread 17829888 construct Actor kNormalForward 37391985278979
I1222 14:12:35.057490 79629 runtime_context.cpp:29] DecreaseCounter constructing_actor_cnt, current val is 1643
I1222 14:12:35.057538 79631 thread.cpp:99] Thread 17829889 construct Actor kCopyHd 37391987376130
I1222 14:12:35.057639 79627 copy_comm_net_actor.cpp:66] actor 36284028420110 switch to &CopyCommNetActor::HandlerNormal
I1222 14:12:35.057651 79625 runtime_context.cpp:29] DecreaseCounter constructing_actor_cnt, current val is 1642
I1222 14:12:35.057708 79629 naive_actor.cpp:25] actor 37391991570470 switch to &NaiveActor::HandlerNormal
I1222 14:12:35.057862 79629 thread.cpp:99] Thread 17829891 construct Actor kCollectiveBoxingGeneric 37391991570470
I1222 14:12:35.057798 79627 thread.cpp:99] Thread 17301573 construct Actor kCopyCommNet 36284028420110
I1222 14:12:35.057729 79631 runtime_context.cpp:29] DecreaseCounter constructing_actor_cnt, current val is 1641
I1222 14:12:35.057901 79629 runtime_context.cpp:29] DecreaseCounter constructing_actor_cnt, current val is 1640
I1222 14:12:35.058001 79627 runtime_context.cpp:29] DecreaseCounter constructing_actor_cnt, current val is 1639
I1222 14:12:35.058136 79629 naive_actor.cpp:25] actor 37391991570535 switch to &NaiveActor::HandlerNormal
I1222 14:12:35.058182 79629 thread.cpp:99] Thread 17829891 construct Actor kCollectiveBoxingGeneric 37391991570535
I1222 14:12:35.058223 79629 runtime_context.cpp:29] DecreaseCounter constructing_actor_cnt, current val is 1638
I1222 14:12:35.058272 79631 naive_actor.cpp:25] actor 37391987376129 switch to &NaiveActor::HandlerNormal
I1222 14:12:35.058359 79627 copy_comm_net_actor.cpp:66] actor 36284028420099 switch to &CopyCommNetActor::HandlerNormal
I1222 14:12:35.058358 79629 naive_actor.cpp:25] actor 37391991570490 switch to &NaiveActor::HandlerNormal
I1222 14:12:35.058465 79629 thread.cpp:99] Thread 17829891 construct Actor kCollectiveBoxingGeneric 37391991570490
I1222 14:12:35.058432 79627 thread.cpp:99] Thread 17301573 construct Actor kCopyCommNet 36284028420099
I1222 14:12:35.058374 79631 thread.cpp:99] Thread 17829889 construct Actor kCopyHd 37391987376129
I1222 14:12:35.058506 79629 runtime_context.cpp:29] DecreaseCounter constructing_actor_cnt, current val is 1637
I1222 14:12:35.058579 79627 runtime_context.cpp:29] DecreaseCounter constructing_actor_cnt, current val is 1636
I1222 14:12:35.058645 79631 runtime_context.cpp:29] DecreaseCounter constructing_actor_cnt, current val is 1635
I1222 14:12:35.058794 79629 naive_actor.cpp:25] actor 37391991570503 switch to &NaiveActor::HandlerNormal
I1222 14:12:35.058780 79625 naive_actor.cpp:25] actor 37391985278988 switch to &NaiveActor::HandlerNormal
I1222 14:12:35.059317 79629 thread.cpp:99] Thread 17829891 construct Actor kCollectiveBoxingGeneric 37391991570503
I1222 14:12:35.059392 79625 thread.cpp:99] Thread 17829888 construct Actor kNormalForward 37391985278988
I1222 14:12:35.059417 79629 runtime_context.cpp:29] DecreaseCounter constructing_actor_cnt, current val is 1634
I1222 14:12:35.059415 79627 copy_comm_net_actor.cpp:66] actor 36284028420098 switch to &CopyCommNetActor::HandlerNormal
I1222 14:12:35.059573 79629 naive_actor.cpp:25] actor 37391991570450 switch to &NaiveActor::HandlerNormal
I1222 14:12:35.059509 79625 runtime_context.cpp:29] DecreaseCounter constructing_actor_cnt, current val is 1633
I1222 14:12:35.059482 79631 naive_actor.cpp:25] actor 37391987376142 switch to &NaiveActor::HandlerNormal
I1222 14:12:35.059578 79627 thread.cpp:99] Thread 17301573 construct Actor kCopyCommNet 36284028420098
I1222 14:12:35.059607 79629 thread.cpp:99] Thread 17829891 construct Actor kCollectiveBoxingGeneric 37391991570450
I1222 14:12:35.059733 79631 thread.cpp:99] Thread 17829889 construct Actor kCopyHd 37391987376142
I1222 14:12:35.059841 79629 runtime_context.cpp:29] DecreaseCounter constructing_actor_cnt, current val is 1631
I1222 14:12:35.059842 79627 runtime_context.cpp:29] DecreaseCounter constructing_actor_cnt, current val is 1632
I1222 14:12:35.059913 79631 runtime_context.cpp:29] DecreaseCounter constructing_actor_cnt, current val is 1630
I1222 14:12:35.059988 79629 naive_actor.cpp:25] actor 37391991570469 switch to &NaiveActor::HandlerNormal
I1222 14:12:35.060093 79629 thread.cpp:99] Thread 17829891 construct Actor kCollectiveBoxingGeneric 37391991570469
I1222 14:12:35.060052 79625 naive_actor.cpp:25] actor 37391985279011 switch to &NaiveActor::HandlerNormal
I1222 14:12:35.060137 79629 runtime_context.cpp:29] DecreaseCounter constructing_actor_cnt, current val is 1629
I1222 14:12:35.060201 79627 copy_comm_net_actor.cpp:66] actor 36284028420119 switch to &CopyCommNetActor::HandlerNormal
I1222 14:12:35.060185 79625 thread.cpp:99] Thread 17829888 construct Actor kNormalForward 37391985279011
I1222 14:12:35.060267 79631 naive_actor.cpp:25] actor 37391987376133 switch to &NaiveActor::HandlerNormal
I1222 14:12:35.060310 79629 naive_actor.cpp:25] actor 37391991570484 switch to &NaiveActor::HandlerNormal
I1222 14:12:35.060497 79629 thread.cpp:99] Thread 17829891 construct Actor kCollectiveBoxingGeneric 37391991570484
I1222 14:12:35.060438 79625 runtime_context.cpp:29] DecreaseCounter constructing_actor_cnt, current val is 1628
I1222 14:12:35.060459 79631 thread.cpp:99] Thread 17829889 construct Actor kCopyHd 37391987376133
I1222 14:12:35.060343 79627 thread.cpp:99] Thread 17301573 construct Actor kCopyCommNet 36284028420119
I1222 14:12:35.060525 79629 runtime_context.cpp:29] DecreaseCounter constructing_actor_cnt, current val is 1627
I1222 14:12:35.060643 79631 runtime_context.cpp:29] DecreaseCounter constructing_actor_cnt, current val is 1626
I1222 14:12:35.060729 79627 runtime_context.cpp:29] DecreaseCounter constructing_actor_cnt, current val is 1625
I1222 14:12:35.060798 79629 naive_actor.cpp:25] actor 37391991570504 switch to &NaiveActor::HandlerNormal
I1222 14:12:35.060889 79629 thread.cpp:99] Thread 17829891 construct Actor kCollectiveBoxingGeneric 37391991570504
I1222 14:12:35.060930 79629 runtime_context.cpp:29] DecreaseCounter constructing_actor_cnt, current val is 1624
I1222 14:12:35.061014 79631 naive_actor.cpp:25] actor 37391987376139 switch to &NaiveActor::HandlerNormal
I1222 14:12:35.061069 79627 copy_comm_net_actor.cpp:66] actor 36284028420118 switch to &CopyCommNetActor::HandlerNormal
I1222 14:12:35.061072 79629 naive_actor.cpp:25] actor 37391991570518 switch to &NaiveActor::HandlerNormal
I1222 14:12:35.061815 79629 thread.cpp:99] Thread 17829891 construct Actor kCollectiveBoxingGeneric 37391991570518
I1222 14:12:35.061301 79627 thread.cpp:99] Thread 17301573 construct Actor kCopyCommNet 36284028420118
I1222 14:12:35.061463 79625 naive_actor.cpp:25] actor 37391985278977 switch to &NaiveActor::HandlerNormal
I1222 14:12:35.061123 79631 thread.cpp:99] Thread 17829889 construct Actor kCopyHd 37391987376139
I1222 14:12:35.061856 79629 runtime_context.cpp:29] DecreaseCounter constructing_actor_cnt, current val is 1623
I1222 14:12:35.061955 79627 runtime_context.cpp:29] DecreaseCounter constructing_actor_cnt, current val is 1622
I1222 14:12:35.061986 79625 thread.cpp:99] Thread 17829888 construct Actor kNormalForward 37391985278977
I1222 14:12:35.062081 79631 runtime_context.cpp:29] DecreaseCounter constructing_actor_cnt, current val is 1621
I1222 14:12:35.062271 79625 runtime_context.cpp:29] DecreaseCounter constructing_actor_cnt, current val is 1620
I1222 14:12:35.062181 79629 naive_actor.cpp:25] actor 37391991570507 switch to &NaiveActor::HandlerNormal
I1222 14:12:35.062361 79629 thread.cpp:99] Thread 17829891 construct Actor kCollectiveBoxingGeneric 37391991570507
I1222 14:12:35.062399 79629 runtime_context.cpp:29] DecreaseCounter constructing_actor_cnt, current val is 1619
I1222 14:12:35.062392 79627 copy_comm_net_actor.cpp:66] actor 36284028420108 switch to &CopyCommNetActor::HandlerNormal
I1222 14:12:35.062510 79631 naive_actor.cpp:25] actor 37391987376146 switch to &NaiveActor::HandlerNormal
I1222 14:12:35.062520 79627 thread.cpp:99] Thread 17301573 construct Actor kCopyCommNet 36284028420108
I1222 14:12:35.062532 79629 naive_actor.cpp:25] actor 37391991570497 switch to &NaiveActor::HandlerNormal
I1222 14:12:35.062690 79629 thread.cpp:99] Thread 17829891 construct Actor kCollectiveBoxingGeneric 37391991570497
I1222 14:12:35.062597 79631 thread.cpp:99] Thread 17829889 construct Actor kCopyHd 37391987376146
I1222 14:12:35.062696 79627 runtime_context.cpp:29] DecreaseCounter constructing_actor_cnt, current val is 1618
I1222 14:12:35.062731 79629 runtime_context.cpp:29] DecreaseCounter constructing_actor_cnt, current val is 1617
I1222 14:12:35.062835 79631 runtime_context.cpp:29] DecreaseCounter constructing_actor_cnt, current val is 1616
I1222 14:12:35.063004 79629 naive_actor.cpp:25] actor 37391991570519 switch to &NaiveActor::HandlerNormal
I1222 14:12:35.063052 79629 thread.cpp:99] Thread 17829891 construct Actor kCollectiveBoxingGeneric 37391991570519
I1222 14:12:35.063091 79629 runtime_context.cpp:29] DecreaseCounter constructing_actor_cnt, current val is 1615
I1222 14:12:35.063102 79627 copy_comm_net_actor.cpp:66] actor 36284028420107 switch to &CopyCommNetActor::HandlerNormal
I1222 14:12:35.063194 79627 thread.cpp:99] Thread 17301573 construct Actor kCopyCommNet 36284028420107
I1222 14:12:35.063211 79629 naive_actor.cpp:25] actor 37391991570513 switch to &NaiveActor::HandlerNormal
I1222 14:12:35.063297 79625 naive_actor.cpp:25] actor 37391985278980 switch to &NaiveActor::HandlerNormal
I1222 14:12:35.063318 79629 thread.cpp:99] Thread 17829891 construct Actor kCollectiveBoxingGeneric 37391991570513
I1222 14:12:35.063218 79631 naive_actor.cpp:25] actor 37391987376134 switch to &NaiveActor::HandlerNormal
I1222 14:12:35.063305 79627 runtime_context.cpp:29] DecreaseCounter constructing_actor_cnt, current val is 1614
I1222 14:12:35.063395 79625 thread.cpp:99] Thread 17829888 construct Actor kNormalForward 37391985278980
I1222 14:12:35.063431 79629 runtime_context.cpp:29] DecreaseCounter constructing_actor_cnt, current val is 1613
I1222 14:12:35.063486 79631 thread.cpp:99] Thread 17829889 construct Actor kCopyHd 37391987376134
I1222 14:12:35.063647 79625 runtime_context.cpp:29] DecreaseCounter constructing_actor_cnt, current val is 1612
I1222 14:12:35.063709 79629 naive_actor.cpp:25] actor 37391991570456 switch to &NaiveActor::HandlerNormal
I1222 14:12:35.063742 79631 runtime_context.cpp:29] DecreaseCounter constructing_actor_cnt, current val is 1611
I1222 14:12:35.063762 79627 copy_comm_net_actor.cpp:66] actor 36284028420114 switch to &CopyCommNetActor::HandlerNormal
I1222 14:12:35.063833 79629 thread.cpp:99] Thread 17829891 construct Actor kCollectiveBoxingGeneric 37391991570456
I1222 14:12:35.064119 79625 naive_actor.cpp:25] actor 37391985279063 switch to &NaiveActor::HandlerNormal
I1222 14:12:35.064420 79627 thread.cpp:99] Thread 17301573 construct Actor kCopyCommNet 36284028420114
I1222 14:12:35.064464 79629 runtime_context.cpp:29] DecreaseCounter constructing_actor_cnt, current val is 1610
I1222 14:12:35.064522 79625 thread.cpp:99] Thread 17829888 construct Actor kNormalForward 37391985279063
I1222 14:12:35.064570 79631 naive_actor.cpp:25] actor 37391987376143 switch to &NaiveActor::HandlerNormal
I1222 14:12:35.064641 79627 runtime_context.cpp:29] DecreaseCounter constructing_actor_cnt, current val is 1609
I1222 14:12:35.064730 79629 naive_actor.cpp:25] actor 37391991570529 switch to &NaiveActor::HandlerNormal
I1222 14:12:35.064738 79625 runtime_context.cpp:29] DecreaseCounter constructing_actor_cnt, current val is 1608
I1222 14:12:35.064795 79631 thread.cpp:99] Thread 17829889 construct Actor kCopyHd 37391987376143
I1222 14:12:35.064882 79629 thread.cpp:99] Thread 17829891 construct Actor kCollectiveBoxingGeneric 37391991570529
I1222 14:12:35.065045 79631 runtime_context.cpp:29] DecreaseCounter constructing_actor_cnt, current val is 1607
I1222 14:12:35.065052 79629 runtime_context.cpp:29] DecreaseCounter constructing_actor_cnt, current val is 1606
I1222 14:12:35.065093 79627 copy_comm_net_actor.cpp:66] actor 36284028420115 switch to &CopyCommNetActor::HandlerNormal
I1222 14:12:35.065263 79629 naive_actor.cpp:25] actor 37391991570508 switch to &NaiveActor::HandlerNormal
I1222 14:12:35.065294 79629 thread.cpp:99] Thread 17829891 construct Actor kCollectiveBoxingGeneric 37391991570508
I1222 14:12:35.065264 79627 thread.cpp:99] Thread 17301573 construct Actor kCopyCommNet 36284028420115
I1222 14:12:35.065326 79629 runtime_context.cpp:29] DecreaseCounter constructing_actor_cnt, current val is 1605
I1222 14:12:35.065405 79627 runtime_context.cpp:29] DecreaseCounter constructing_actor_cnt, current val is 1604
I1222 14:12:35.065488 79629 naive_actor.cpp:25] actor 37391991570528 switch to &NaiveActor::HandlerNormal
I1222 14:12:35.065527 79629 thread.cpp:99] Thread 17829891 construct Actor kCollectiveBoxingGeneric 37391991570528
I1222 14:12:35.065584 79629 runtime_context.cpp:29] DecreaseCounter constructing_actor_cnt, current val is 1603
I1222 14:12:35.065690 79627 copy_comm_net_actor.cpp:66] actor 36284028420111 switch to &CopyCommNetActor::HandlerNormal
I1222 14:12:35.065698 79629 naive_actor.cpp:25] actor 37391991570514 switch to &NaiveActor::HandlerNormal
I1222 14:12:35.065814 79629 thread.cpp:99] Thread 17829891 construct Actor kCollectiveBoxingGeneric 37391991570514
I1222 14:12:35.065794 79627 thread.cpp:99] Thread 17301573 construct Actor kCopyCommNet 36284028420111
I1222 14:12:35.065841 79629 runtime_context.cpp:29] DecreaseCounter constructing_actor_cnt, current val is 1602
I1222 14:12:35.065922 79627 runtime_context.cpp:29] DecreaseCounter constructing_actor_cnt, current val is 1601
I1222 14:12:35.065989 79629 naive_actor.cpp:25] actor 37391991570523 switch to &NaiveActor::HandlerNormal
I1222 14:12:35.065938 79625 naive_actor.cpp:25] actor 37391985279028 switch to &NaiveActor::HandlerNormal
I1222 14:12:35.066033 79629 thread.cpp:99] Thread 17829891 construct Actor kCollectiveBoxingGeneric 37391991570523
I1222 14:12:35.066107 79625 thread.cpp:99] Thread 17829888 construct Actor kNormalForward 37391985279028
I1222 14:12:35.066133 79629 runtime_context.cpp:29] DecreaseCounter constructing_actor_cnt, current val is 1600
I1222 14:12:35.066210 79627 copy_comm_net_actor.cpp:66] actor 36284028420113 switch to &CopyCommNetActor::HandlerNormal
I1222 14:12:35.066216 79625 runtime_context.cpp:29] DecreaseCounter constructing_actor_cnt, current val is 1599
I1222 14:12:35.066270 79629 naive_actor.cpp:25] actor 37391991570473 switch to &NaiveActor::HandlerNormal
I1222 14:12:35.068815 79629 thread.cpp:99] Thread 17829891 construct Actor kCollectiveBoxingGeneric 37391991570473
I1222 14:12:35.067301 79625 naive_actor.cpp:25] actor 37391985279014 switch to &NaiveActor::HandlerNormal
I1222 14:12:35.066298 79627 thread.cpp:99] Thread 17301573 construct Actor kCopyCommNet 36284028420113
I1222 14:12:35.068859 79629 runtime_context.cpp:29] DecreaseCounter constructing_actor_cnt, current val is 1598
I1222 14:12:35.068923 79625 thread.cpp:99] Thread 17829888 construct Actor kNormalForward 37391985279014
I1222 14:12:35.069018 79627 runtime_context.cpp:29] DecreaseCounter constructing_actor_cnt, current val is 1597
I1222 14:12:35.069098 79629 naive_actor.cpp:25] actor 37391991570474 switch to &NaiveActor::HandlerNormal
I1222 14:12:35.069108 79625 runtime_context.cpp:29] DecreaseCounter constructing_actor_cnt, current val is 1596
I1222 14:12:35.069149 79629 thread.cpp:99] Thread 17829891 construct Actor kCollectiveBoxingGeneric 37391991570474
I1222 14:12:35.069243 79629 runtime_context.cpp:29] DecreaseCounter constructing_actor_cnt, current val is 1595
I1222 14:12:35.069337 79627 copy_comm_net_actor.cpp:66] actor 36284028420109 switch to &CopyCommNetActor::HandlerNormal
I1222 14:12:35.069350 79629 naive_actor.cpp:25] actor 37391991570439 switch to &NaiveActor::HandlerNormal
I1222 14:12:35.069453 79629 thread.cpp:99] Thread 17829891 construct Actor kCollectiveBoxingGeneric 37391991570439
I1222 14:12:35.069418 79627 thread.cpp:99] Thread 17301573 construct Actor kCopyCommNet 36284028420109
I1222 14:12:35.069480 79629 runtime_context.cpp:29] DecreaseCounter constructing_actor_cnt, current val is 1594
I1222 14:12:35.069556 79627 runtime_context.cpp:29] DecreaseCounter constructing_actor_cnt, current val is 1593
I1222 14:12:35.069631 79629 naive_actor.cpp:25] actor 37391991570533 switch to &NaiveActor::HandlerNormal
I1222 14:12:35.069671 79629 thread.cpp:99] Thread 17829891 construct Actor kCollectiveBoxingGeneric 37391991570533
I1222 14:12:35.069717 79629 runtime_context.cpp:29] DecreaseCounter constructing_actor_cnt, current val is 1592
I1222 14:12:35.069825 79629 naive_actor.cpp:25] actor 37391991570441 switch to &NaiveActor::HandlerNormal
I1222 14:12:35.069839 79627 copy_comm_net_actor.cpp:66] actor 36284028420116 switch to &CopyCommNetActor::HandlerNormal
I1222 14:12:35.069864 79629 thread.cpp:99] Thread 17829891 construct Actor kCollectiveBoxingGeneric 37391991570441
I1222 14:12:35.069936 79627 thread.cpp:99] Thread 17301573 construct Actor kCopyCommNet 36284028420116
I1222 14:12:35.069977 79629 runtime_context.cpp:29] DecreaseCounter constructing_actor_cnt, current val is 1591
I1222 14:12:35.070067 79627 runtime_context.cpp:29] DecreaseCounter constructing_actor_cnt, current val is 1590
I1222 14:12:35.070143 79629 naive_actor.cpp:25] actor 37391991570486 switch to &NaiveActor::HandlerNormal
I1222 14:12:35.070168 79629 thread.cpp:99] Thread 17829891 construct Actor kCollectiveBoxingGeneric 37391991570486
I1222 14:12:35.070189 79629 runtime_context.cpp:29] DecreaseCounter constructing_actor_cnt, current val is 1589
