I1222 14:28:02.826632 81774 thread.cpp:99] Thread 1048579 construct Actor kCopyHd 2199029547012
I1222 14:28:02.826735 81785 runtime_context.cpp:29] DecreaseCounter constructing_actor_cnt, current val is 3232
I1222 14:28:02.826804 81750 runtime_context.cpp:29] DecreaseCounter constructing_actor_cnt, current val is 3231
I1222 14:28:02.826833 81757 thread.cpp:99] Thread 524352 construct Actor kDstSubsetTick 1099645845511
I1222 14:28:02.826982 81774 runtime_context.cpp:29] DecreaseCounter constructing_actor_cnt, current val is 3230
I1222 14:28:02.827023 81762 copy_comm_net_actor.cpp:66] actor 1099656331264 switch to &CopyCommNetActor::HandlerNormal
I1222 14:28:02.827152 81757 runtime_context.cpp:29] DecreaseCounter constructing_actor_cnt, current val is 3229
I1222 14:28:02.827240 81762 thread.cpp:99] Thread 524357 construct Actor kCopyCommNet 1099656331264
I1222 14:28:02.827293 81750 naive_actor.cpp:25] actor 2199025352742 switch to &NaiveActor::HandlerNormal
I1222 14:28:02.827374 81762 runtime_context.cpp:29] DecreaseCounter constructing_actor_cnt, current val is 3228
I1222 14:28:02.827391 81774 naive_actor.cpp:25] actor 2199029547018 switch to &NaiveActor::HandlerNormal
I1222 14:28:02.827430 81750 thread.cpp:99] Thread 1048577 construct Actor kCollectiveBoxingGeneric 2199025352742
I1222 14:28:02.827560 81774 thread.cpp:99] Thread 1048579 construct Actor kCopyHd 2199029547018
I1222 14:28:02.827600 81762 copy_comm_net_actor.cpp:66] actor 1099656331269 switch to &CopyCommNetActor::HandlerNormal
I1222 14:28:02.827641 81750 runtime_context.cpp:29] DecreaseCounter constructing_actor_cnt, current val is 3227
I1222 14:28:02.827692 81757 naive_actor.cpp:25] actor 1099645845510 switch to &NaiveActor::HandlerNormal
I1222 14:28:02.827704 81774 runtime_context.cpp:29] DecreaseCounter constructing_actor_cnt, current val is 3226
I1222 14:28:02.827728 81762 thread.cpp:99] Thread 524357 construct Actor kCopyCommNet 1099656331269
I1222 14:28:02.827829 81715 naive_actor.cpp:25] actor 2199023255592 switch to &NaiveActor::HandlerNormal
I1222 14:28:02.827852 81757 thread.cpp:99] Thread 524352 construct Actor kSrcSubsetTick 1099645845510
I1222 14:28:02.827980 81762 runtime_context.cpp:29] DecreaseCounter constructing_actor_cnt, current val is 3225
I1222 14:28:02.828132 81757 runtime_context.cpp:29] DecreaseCounter constructing_actor_cnt, current val is 3224
I1222 14:28:02.828058 81715 thread.cpp:99] Thread 1048576 construct Actor kNormalForward 2199023255592
I1222 14:28:02.827986 81750 naive_actor.cpp:25] actor 2199025352793 switch to &NaiveActor::HandlerNormal
I1222 14:28:02.828135 81774 naive_actor.cpp:25] actor 2199029547020 switch to &NaiveActor::HandlerNormal
I1222 14:28:02.828277 81762 copy_comm_net_actor.cpp:66] actor 1099656331265 switch to &CopyCommNetActor::HandlerNormal
I1222 14:28:02.828303 81715 runtime_context.cpp:29] DecreaseCounter constructing_actor_cnt, current val is 3223
I1222 14:28:02.828308 81750 thread.cpp:99] Thread 1048577 construct Actor kCollectiveBoxingGeneric 2199025352793
I1222 14:28:02.828384 81774 thread.cpp:99] Thread 1048579 construct Actor kCopyHd 2199029547020
I1222 14:28:02.828436 81762 thread.cpp:99] Thread 524357 construct Actor kCopyCommNet 1099656331265
I1222 14:28:02.828642 81774 runtime_context.cpp:29] DecreaseCounter constructing_actor_cnt, current val is 3221
I1222 14:28:02.828701 81757 naive_actor.cpp:25] actor 1099645845506 switch to &NaiveActor::HandlerNormal
I1222 14:28:02.828672 81762 runtime_context.cpp:29] DecreaseCounter constructing_actor_cnt, current val is 3220
I1222 14:28:02.828572 81750 runtime_context.cpp:29] DecreaseCounter constructing_actor_cnt, current val is 3222
I1222 14:28:02.828768 81757 thread.cpp:99] Thread 524352 construct Actor kDstSubsetTick 1099645845506
I1222 14:28:02.828938 81774 naive_actor.cpp:25] actor 2199029547009 switch to &NaiveActor::HandlerNormal
I1222 14:28:02.829008 81762 copy_comm_net_actor.cpp:66] actor 1099656331271 switch to &CopyCommNetActor::HandlerNormal
I1222 14:28:02.829455 81715 naive_actor.cpp:25] actor 2199023255558 switch to &NaiveActor::HandlerNormal
I1222 14:28:02.829480 81757 runtime_context.cpp:29] DecreaseCounter constructing_actor_cnt, current val is 3219
I1222 14:28:02.829521 81774 thread.cpp:99] Thread 1048579 construct Actor kCopyHd 2199029547009
I1222 14:28:02.829576 81750 naive_actor.cpp:25] actor 2199025352760 switch to &NaiveActor::HandlerNormal
I1222 14:28:02.829577 81762 thread.cpp:99] Thread 524357 construct Actor kCopyCommNet 1099656331271
I1222 14:28:02.829663 81715 thread.cpp:99] Thread 1048576 construct Actor kNormalForward 2199023255558
I1222 14:28:02.829808 81774 runtime_context.cpp:29] DecreaseCounter constructing_actor_cnt, current val is 3218
I1222 14:28:02.829994 81715 runtime_context.cpp:29] DecreaseCounter constructing_actor_cnt, current val is 3216
I1222 14:28:02.829903 81762 runtime_context.cpp:29] DecreaseCounter constructing_actor_cnt, current val is 3217
I1222 14:28:02.829840 81750 thread.cpp:99] Thread 1048577 construct Actor kCollectiveBoxingGeneric 2199025352760
I1222 14:28:02.830078 81757 naive_actor.cpp:25] actor 1099645845508 switch to &NaiveActor::HandlerNormal
I1222 14:28:02.830196 81750 runtime_context.cpp:29] DecreaseCounter constructing_actor_cnt, current val is 3215
I1222 14:28:02.830231 81757 thread.cpp:99] Thread 524352 construct Actor kTick 1099645845508
I1222 14:28:02.830248 81762 copy_comm_net_actor.cpp:66] actor 1099656331272 switch to &CopyCommNetActor::HandlerNormal
I1222 14:28:02.830374 81757 runtime_context.cpp:29] DecreaseCounter constructing_actor_cnt, current val is 3214
I1222 14:28:02.830248 81774 naive_actor.cpp:25] actor 2199029547011 switch to &NaiveActor::HandlerNormal
I1222 14:28:02.830474 81715 naive_actor.cpp:25] actor 2199023255561 switch to &NaiveActor::HandlerNormal
I1222 14:28:02.830384 81762 thread.cpp:99] Thread 524357 construct Actor kCopyCommNet 1099656331272
I1222 14:28:02.830484 81750 naive_actor.cpp:25] actor 2199025352779 switch to &NaiveActor::HandlerNormal
I1222 14:28:02.830500 81774 thread.cpp:99] Thread 1048579 construct Actor kCopyHd 2199029547011
I1222 14:28:02.830572 81715 thread.cpp:99] Thread 1048576 construct Actor kNormalForward 2199023255561
I1222 14:28:02.830631 81762 runtime_context.cpp:29] DecreaseCounter constructing_actor_cnt, current val is 3213
I1222 14:28:02.830677 81750 thread.cpp:99] Thread 1048577 construct Actor kCollectiveBoxingGeneric 2199025352779
I1222 14:28:02.830691 81757 naive_actor.cpp:25] actor 1099645845509 switch to &NaiveActor::HandlerNormal
I1222 14:28:02.830766 81774 runtime_context.cpp:29] DecreaseCounter constructing_actor_cnt, current val is 3212
I1222 14:28:02.830845 81715 runtime_context.cpp:29] DecreaseCounter constructing_actor_cnt, current val is 3211
I1222 14:28:02.830919 81750 runtime_context.cpp:29] DecreaseCounter constructing_actor_cnt, current val is 3210
I1222 14:28:02.830953 81757 thread.cpp:99] Thread 524352 construct Actor kTick 1099645845509
I1222 14:28:02.830961 81762 copy_comm_net_actor.cpp:66] actor 1099656331266 switch to &CopyCommNetActor::HandlerNormal
I1222 14:28:02.831212 81757 runtime_context.cpp:29] DecreaseCounter constructing_actor_cnt, current val is 3209
I1222 14:28:02.831228 81774 naive_actor.cpp:25] actor 2199029547015 switch to &NaiveActor::HandlerNormal
I1222 14:28:02.831229 81762 thread.cpp:99] Thread 524357 construct Actor kCopyCommNet 1099656331266
I1222 14:28:02.831317 81750 naive_actor.cpp:25] actor 2199025352830 switch to &NaiveActor::HandlerNormal
I1222 14:28:02.831362 81774 thread.cpp:99] Thread 1048579 construct Actor kCopyHd 2199029547015
I1222 14:28:02.831424 81762 runtime_context.cpp:29] DecreaseCounter constructing_actor_cnt, current val is 3208
I1222 14:28:02.831470 81750 thread.cpp:99] Thread 1048577 construct Actor kCollectiveBoxingGeneric 2199025352830
I1222 14:28:02.831650 81757 naive_actor.cpp:25] actor 1099645845512 switch to &NaiveActor::HandlerNormal
I1222 14:28:02.831673 81774 runtime_context.cpp:29] DecreaseCounter constructing_actor_cnt, current val is 3207
I1222 14:28:02.832064 81715 naive_actor.cpp:25] actor 2199023255570 switch to &NaiveActor::HandlerNormal
I1222 14:28:02.832191 81750 runtime_context.cpp:29] DecreaseCounter constructing_actor_cnt, current val is 3206
I1222 14:28:02.832226 81757 thread.cpp:99] Thread 524352 construct Actor kSrcSubsetTick 1099645845512
I1222 14:28:02.832382 81715 thread.cpp:99] Thread 1048576 construct Actor kNormalForward 2199023255570
I1222 14:28:02.832520 81757 runtime_context.cpp:29] DecreaseCounter constructing_actor_cnt, current val is 3205
I1222 14:28:02.832552 81774 naive_actor.cpp:25] actor 2199029547014 switch to &NaiveActor::HandlerNormal
I1222 14:28:02.832585 81715 runtime_context.cpp:29] DecreaseCounter constructing_actor_cnt, current val is 3204
I1222 14:28:02.832621 81750 naive_actor.cpp:25] actor 2199025352796 switch to &NaiveActor::HandlerNormal
I1222 14:28:02.832684 81774 thread.cpp:99] Thread 1048579 construct Actor kCopyHd 2199029547014
I1222 14:28:02.832816 81750 thread.cpp:99] Thread 1048577 construct Actor kCollectiveBoxingGeneric 2199025352796
I1222 14:28:02.832885 81757 naive_actor.cpp:25] actor 1099645845507 switch to &NaiveActor::HandlerNormal
I1222 14:28:02.832911 81774 runtime_context.cpp:29] DecreaseCounter constructing_actor_cnt, current val is 3203
I1222 14:28:02.832959 81750 runtime_context.cpp:29] DecreaseCounter constructing_actor_cnt, current val is 3202
I1222 14:28:02.832991 81757 thread.cpp:99] Thread 524352 construct Actor kTick 1099645845507
I1222 14:28:02.833158 81715 naive_actor.cpp:25] actor 2199023255557 switch to &NaiveActor::HandlerNormal
I1222 14:28:02.833189 81757 runtime_context.cpp:29] DecreaseCounter constructing_actor_cnt, current val is 3201
I1222 14:28:02.833253 81715 thread.cpp:99] Thread 1048576 construct Actor kNormalForward 2199023255557
I1222 14:28:02.833330 81750 naive_actor.cpp:25] actor 2199025352849 switch to &NaiveActor::HandlerNormal
I1222 14:28:02.833354 81774 naive_actor.cpp:25] actor 2199029547008 switch to &NaiveActor::HandlerNormal
I1222 14:28:02.833392 81715 runtime_context.cpp:29] DecreaseCounter constructing_actor_cnt, current val is 3200
I1222 14:28:02.833410 81750 thread.cpp:99] Thread 1048577 construct Actor kCollectiveBoxingGeneric 2199025352849
I1222 14:28:02.833499 81774 thread.cpp:99] Thread 1048579 construct Actor kCopyHd 2199029547008
I1222 14:28:02.833631 81750 runtime_context.cpp:29] DecreaseCounter constructing_actor_cnt, current val is 3199
I1222 14:28:02.833654 81757 naive_actor.cpp:25] actor 1099645845504 switch to &NaiveActor::HandlerNormal
I1222 14:28:02.833714 81774 runtime_context.cpp:29] DecreaseCounter constructing_actor_cnt, current val is 3198
I1222 14:28:02.833811 81757 thread.cpp:99] Thread 524352 construct Actor kSrcSubsetTick 1099645845504
I1222 14:28:02.833953 81715 naive_actor.cpp:25] actor 2199023255602 switch to &NaiveActor::HandlerNormal
I1222 14:28:02.833956 81750 naive_actor.cpp:25] actor 2199025352810 switch to &NaiveActor::HandlerNormal
I1222 14:28:02.833971 81757 runtime_context.cpp:29] DecreaseCounter constructing_actor_cnt, current val is 3197
I1222 14:28:02.834048 81715 thread.cpp:99] Thread 1048576 construct Actor kNormalForward 2199023255602
I1222 14:28:02.834107 81750 thread.cpp:99] Thread 1048577 construct Actor kCollectiveBoxingGeneric 2199025352810
I1222 14:28:02.834249 81715 runtime_context.cpp:29] DecreaseCounter constructing_actor_cnt, current val is 3196
I1222 14:28:02.834156 81774 naive_actor.cpp:25] actor 2199029547019 switch to &NaiveActor::HandlerNormal
I1222 14:28:02.834275 81750 runtime_context.cpp:29] DecreaseCounter constructing_actor_cnt, current val is 3195
I1222 14:28:02.834391 81774 thread.cpp:99] Thread 1048579 construct Actor kCopyHd 2199029547019
I1222 14:28:02.834684 81715 naive_actor.cpp:25] actor 2199023255555 switch to &NaiveActor::HandlerNormal
I1222 14:28:02.834690 81750 naive_actor.cpp:25] actor 2199025352713 switch to &NaiveActor::HandlerNormal
I1222 14:28:02.835134 81774 runtime_context.cpp:29] DecreaseCounter constructing_actor_cnt, current val is 3194
I1222 14:28:02.835175 81715 thread.cpp:99] Thread 1048576 construct Actor kNormalForward 2199023255555
I1222 14:28:02.835237 81750 thread.cpp:99] Thread 1048577 construct Actor kCollectiveBoxingGeneric 2199025352713
I1222 14:28:02.835397 81715 runtime_context.cpp:29] DecreaseCounter constructing_actor_cnt, current val is 3193
I1222 14:28:02.835428 81750 runtime_context.cpp:29] DecreaseCounter constructing_actor_cnt, current val is 3192
I1222 14:28:02.835538 81774 naive_actor.cpp:25] actor 2199029547010 switch to &NaiveActor::HandlerNormal
I1222 14:28:02.835630 81774 thread.cpp:99] Thread 1048579 construct Actor kCopyHd 2199029547010
I1222 14:28:02.835688 81750 naive_actor.cpp:25] actor 2199025352725 switch to &NaiveActor::HandlerNormal
I1222 14:28:02.835726 81774 runtime_context.cpp:29] DecreaseCounter constructing_actor_cnt, current val is 3191
I1222 14:28:02.835762 81750 thread.cpp:99] Thread 1048577 construct Actor kCollectiveBoxingGeneric 2199025352725
I1222 14:28:02.835927 81750 runtime_context.cpp:29] DecreaseCounter constructing_actor_cnt, current val is 3190
I1222 14:28:02.836055 81774 naive_actor.cpp:25] actor 2199029547016 switch to &NaiveActor::HandlerNormal
I1222 14:28:02.836143 81774 thread.cpp:99] Thread 1048579 construct Actor kCopyHd 2199029547016
I1222 14:28:02.836151 81750 naive_actor.cpp:25] actor 2199025352715 switch to &NaiveActor::HandlerNormal
I1222 14:28:02.836237 81774 runtime_context.cpp:29] DecreaseCounter constructing_actor_cnt, current val is 3189
I1222 14:28:02.836277 81750 thread.cpp:99] Thread 1048577 construct Actor kCollectiveBoxingGeneric 2199025352715
I1222 14:28:02.836414 81750 runtime_context.cpp:29] DecreaseCounter constructing_actor_cnt, current val is 3188
I1222 14:28:02.836613 81715 naive_actor.cpp:25] actor 2199023255634 switch to &NaiveActor::HandlerNormal
I1222 14:28:02.836622 81750 naive_actor.cpp:25] actor 2199025352832 switch to &NaiveActor::HandlerNormal
I1222 14:28:02.836714 81715 thread.cpp:99] Thread 1048576 construct Actor kNormalForward 2199023255634
I1222 14:28:02.836771 81750 thread.cpp:99] Thread 1048577 construct Actor kCollectiveBoxingGeneric 2199025352832
I1222 14:28:02.836895 81715 runtime_context.cpp:29] DecreaseCounter constructing_actor_cnt, current val is 3187
I1222 14:28:02.836907 81750 runtime_context.cpp:29] DecreaseCounter constructing_actor_cnt, current val is 3186
I1222 14:28:02.837170 81750 naive_actor.cpp:25] actor 2199025352731 switch to &NaiveActor::HandlerNormal
I1222 14:28:02.837240 81750 thread.cpp:99] Thread 1048577 construct Actor kCollectiveBoxingGeneric 2199025352731
I1222 14:28:02.837309 81750 runtime_context.cpp:29] DecreaseCounter constructing_actor_cnt, current val is 3185
I1222 14:28:02.837325 81715 naive_actor.cpp:25] actor 2199023255565 switch to &NaiveActor::HandlerNormal
I1222 14:28:02.837440 81715 thread.cpp:99] Thread 1048576 construct Actor kNormalForward 2199023255565
I1222 14:28:02.837540 81715 runtime_context.cpp:29] DecreaseCounter constructing_actor_cnt, current val is 3184
I1222 14:28:02.837543 81750 naive_actor.cpp:25] actor 2199025352711 switch to &NaiveActor::HandlerNormal
I1222 14:28:02.837657 81750 thread.cpp:99] Thread 1048577 construct Actor kCollectiveBoxingGeneric 2199025352711
I1222 14:28:02.837731 81750 runtime_context.cpp:29] DecreaseCounter constructing_actor_cnt, current val is 3183
I1222 14:28:02.837954 81750 naive_actor.cpp:25] actor 2199025352727 switch to &NaiveActor::HandlerNormal
I1222 14:28:02.838027 81750 thread.cpp:99] Thread 1048577 construct Actor kCollectiveBoxingGeneric 2199025352727
I1222 14:28:02.838096 81750 runtime_context.cpp:29] DecreaseCounter constructing_actor_cnt, current val is 3182
I1222 14:28:02.838380 81750 naive_actor.cpp:25] actor 2199025352782 switch to &NaiveActor::HandlerNormal
I1222 14:28:02.838537 81715 naive_actor.cpp:25] actor 2199023255554 switch to &NaiveActor::HandlerNormal
I1222 14:28:02.838806 81750 thread.cpp:99] Thread 1048577 construct Actor kCollectiveBoxingGeneric 2199025352782
I1222 14:28:02.838884 81715 thread.cpp:99] Thread 1048576 construct Actor kNormalForward 2199023255554
I1222 14:28:02.838958 81750 runtime_context.cpp:29] DecreaseCounter constructing_actor_cnt, current val is 3181
I1222 14:28:02.839040 81715 runtime_context.cpp:29] DecreaseCounter constructing_actor_cnt, current val is 3180
I1222 14:28:02.839208 81750 naive_actor.cpp:25] actor 2199025352892 switch to &NaiveActor::HandlerNormal
I1222 14:28:02.839279 81750 thread.cpp:99] Thread 1048577 construct Actor kCollectiveBoxingGeneric 2199025352892
I1222 14:28:02.839351 81750 runtime_context.cpp:29] DecreaseCounter constructing_actor_cnt, current val is 3179
I1222 14:28:02.839633 81750 naive_actor.cpp:25] actor 2199025352851 switch to &NaiveActor::HandlerNormal
I1222 14:28:02.839700 81750 thread.cpp:99] Thread 1048577 construct Actor kCollectiveBoxingGeneric 2199025352851
I1222 14:28:02.839771 81750 runtime_context.cpp:29] DecreaseCounter constructing_actor_cnt, current val is 3178
I1222 14:28:02.839993 81750 naive_actor.cpp:25] actor 2199025352762 switch to &NaiveActor::HandlerNormal
I1222 14:28:02.840061 81750 thread.cpp:99] Thread 1048577 construct Actor kCollectiveBoxingGeneric 2199025352762
I1222 14:28:02.840128 81750 runtime_context.cpp:29] DecreaseCounter constructing_actor_cnt, current val is 3177
I1222 14:28:02.840189 81715 naive_actor.cpp:25] actor 2199023255563 switch to &NaiveActor::HandlerNormal
I1222 14:28:02.840286 81715 thread.cpp:99] Thread 1048576 construct Actor kNormalForward 2199023255563
I1222 14:28:02.840353 81750 naive_actor.cpp:25] actor 2199025352734 switch to &NaiveActor::HandlerNormal
I1222 14:28:02.840395 81715 runtime_context.cpp:29] DecreaseCounter constructing_actor_cnt, current val is 3176
I1222 14:28:02.840421 81750 thread.cpp:99] Thread 1048577 construct Actor kCollectiveBoxingGeneric 2199025352734
I1222 14:28:02.840540 81750 runtime_context.cpp:29] DecreaseCounter constructing_actor_cnt, current val is 3175
I1222 14:28:02.840755 81750 naive_actor.cpp:25] actor 2199025352747 switch to &NaiveActor::HandlerNormal
I1222 14:28:02.840833 81750 thread.cpp:99] Thread 1048577 construct Actor kCollectiveBoxingGeneric 2199025352747
I1222 14:28:02.840905 81750 runtime_context.cpp:29] DecreaseCounter constructing_actor_cnt, current val is 3174
I1222 14:28:02.841116 81750 naive_actor.cpp:25] actor 2199025352786 switch to &NaiveActor::HandlerNormal
I1222 14:28:02.841184 81750 thread.cpp:99] Thread 1048577 construct Actor kCollectiveBoxingGeneric 2199025352786
I1222 14:28:02.841254 81750 runtime_context.cpp:29] DecreaseCounter constructing_actor_cnt, current val is 3173
I1222 14:28:02.841375 81715 naive_actor.cpp:25] actor 2199023255553 switch to &NaiveActor::HandlerNormal
I1222 14:28:02.841467 81715 thread.cpp:99] Thread 1048576 construct Actor kNormalForward 2199023255553
I1222 14:28:02.841472 81750 naive_actor.cpp:25] actor 2199025352710 switch to &NaiveActor::HandlerNormal
I1222 14:28:02.841578 81715 runtime_context.cpp:29] DecreaseCounter constructing_actor_cnt, current val is 3172
I1222 14:28:02.841583 81750 thread.cpp:99] Thread 1048577 construct Actor kCollectiveBoxingGeneric 2199025352710
I1222 14:28:02.841701 81750 runtime_context.cpp:29] DecreaseCounter constructing_actor_cnt, current val is 3171
I1222 14:28:02.841922 81750 naive_actor.cpp:25] actor 2199025352873 switch to &NaiveActor::HandlerNormal
I1222 14:28:02.841990 81750 thread.cpp:99] Thread 1048577 construct Actor kCollectiveBoxingGeneric 2199025352873
I1222 14:28:02.842010 81715 naive_actor.cpp:25] actor 2199023255577 switch to &NaiveActor::HandlerNormal
I1222 14:28:02.842067 81750 runtime_context.cpp:29] DecreaseCounter constructing_actor_cnt, current val is 3170
I1222 14:28:02.842119 81715 thread.cpp:99] Thread 1048576 construct Actor kNormalForward 2199023255577
I1222 14:28:02.842344 81750 naive_actor.cpp:25] actor 2199025352771 switch to &NaiveActor::HandlerNormal
I1222 14:28:02.842346 81715 runtime_context.cpp:29] DecreaseCounter constructing_actor_cnt, current val is 3169
I1222 14:28:02.842929 81750 thread.cpp:99] Thread 1048577 construct Actor kCollectiveBoxingGeneric 2199025352771
I1222 14:28:02.843060 81750 runtime_context.cpp:29] DecreaseCounter constructing_actor_cnt, current val is 3168
I1222 14:28:02.843288 81750 naive_actor.cpp:25] actor 2199025352820 switch to &NaiveActor::HandlerNormal
I1222 14:28:02.843358 81750 thread.cpp:99] Thread 1048577 construct Actor kCollectiveBoxingGeneric 2199025352820
I1222 14:28:02.843432 81750 runtime_context.cpp:29] DecreaseCounter constructing_actor_cnt, current val is 3167
I1222 14:28:02.843655 81750 naive_actor.cpp:25] actor 2199025352733 switch to &NaiveActor::HandlerNormal
I1222 14:28:02.843724 81750 thread.cpp:99] Thread 1048577 construct Actor kCollectiveBoxingGeneric 2199025352733
I1222 14:28:02.843806 81750 runtime_context.cpp:29] DecreaseCounter constructing_actor_cnt, current val is 3166
I1222 14:28:02.844024 81750 naive_actor.cpp:25] actor 2199025352737 switch to &NaiveActor::HandlerNormal
I1222 14:28:02.844089 81750 thread.cpp:99] Thread 1048577 construct Actor kCollectiveBoxingGeneric 2199025352737
I1222 14:28:02.844125 81715 naive_actor.cpp:25] actor 2199023255556 switch to &NaiveActor::HandlerNormal
I1222 14:28:02.844156 81750 runtime_context.cpp:29] DecreaseCounter constructing_actor_cnt, current val is 3165
I1222 14:28:02.844223 81715 thread.cpp:99] Thread 1048576 construct Actor kNormalForward 2199023255556
I1222 14:28:02.844381 81715 runtime_context.cpp:29] DecreaseCounter constructing_actor_cnt, current val is 3164
I1222 14:28:02.844452 81750 naive_actor.cpp:25] actor 2199025352780 switch to &NaiveActor::HandlerNormal
I1222 14:28:02.844517 81750 thread.cpp:99] Thread 1048577 construct Actor kCollectiveBoxingGeneric 2199025352780
I1222 14:28:02.844594 81750 runtime_context.cpp:29] DecreaseCounter constructing_actor_cnt, current val is 3163
I1222 14:28:02.844811 81750 naive_actor.cpp:25] actor 2199025352726 switch to &NaiveActor::HandlerNormal
I1222 14:28:02.844878 81750 thread.cpp:99] Thread 1048577 construct Actor kCollectiveBoxingGeneric 2199025352726
I1222 14:28:02.844950 81750 runtime_context.cpp:29] DecreaseCounter constructing_actor_cnt, current val is 3162
I1222 14:28:02.845161 81750 naive_actor.cpp:25] actor 2199025352743 switch to &NaiveActor::HandlerNormal
I1222 14:28:02.845232 81750 thread.cpp:99] Thread 1048577 construct Actor kCollectiveBoxingGeneric 2199025352743
I1222 14:28:02.845307 81750 runtime_context.cpp:29] DecreaseCounter constructing_actor_cnt, current val is 3161
I1222 14:28:02.845521 81750 naive_actor.cpp:25] actor 2199025352718 switch to &NaiveActor::HandlerNormal
I1222 14:28:02.845588 81750 thread.cpp:99] Thread 1048577 construct Actor kCollectiveBoxingGeneric 2199025352718
I1222 14:28:02.845621 81715 naive_actor.cpp:25] actor 2199023255562 switch to &NaiveActor::HandlerNormal
I1222 14:28:02.845659 81750 runtime_context.cpp:29] DecreaseCounter constructing_actor_cnt, current val is 3160
I1222 14:28:02.845721 81715 thread.cpp:99] Thread 1048576 construct Actor kNormalForward 2199023255562
I1222 14:28:02.845894 81715 runtime_context.cpp:29] DecreaseCounter constructing_actor_cnt, current val is 3159
I1222 14:28:02.845973 81750 naive_actor.cpp:25] actor 2199025352754 switch to &NaiveActor::HandlerNormal
I1222 14:28:02.846040 81750 thread.cpp:99] Thread 1048577 construct Actor kCollectiveBoxingGeneric 2199025352754
I1222 14:28:02.846112 81750 runtime_context.cpp:29] DecreaseCounter constructing_actor_cnt, current val is 3158
I1222 14:28:02.846328 81750 naive_actor.cpp:25] actor 2199025352763 switch to &NaiveActor::HandlerNormal
I1222 14:28:02.846395 81750 thread.cpp:99] Thread 1048577 construct Actor kCollectiveBoxingGeneric 2199025352763
I1222 14:28:02.846465 81750 runtime_context.cpp:29] DecreaseCounter constructing_actor_cnt, current val is 3157
I1222 14:28:02.846751 81750 naive_actor.cpp:25] actor 2199025352724 switch to &NaiveActor::HandlerNormal
I1222 14:28:02.847061 81715 naive_actor.cpp:25] actor 2199023255564 switch to &NaiveActor::HandlerNormal
I1222 14:28:02.847352 81750 thread.cpp:99] Thread 1048577 construct Actor kCollectiveBoxingGeneric 2199025352724
I1222 14:28:02.847430 81715 thread.cpp:99] Thread 1048576 construct Actor kNormalForward 2199023255564
I1222 14:28:02.847503 81750 runtime_context.cpp:29] DecreaseCounter constructing_actor_cnt, current val is 3156
I1222 14:28:02.847587 81715 runtime_context.cpp:29] DecreaseCounter constructing_actor_cnt, current val is 3155
I1222 14:28:02.847774 81750 naive_actor.cpp:25] actor 2199025352764 switch to &NaiveActor::HandlerNormal
I1222 14:28:02.847852 81750 thread.cpp:99] Thread 1048577 construct Actor kCollectiveBoxingGeneric 2199025352764
I1222 14:28:02.847923 81750 runtime_context.cpp:29] DecreaseCounter constructing_actor_cnt, current val is 3154
I1222 14:28:02.848029 81715 naive_actor.cpp:25] actor 2199023255575 switch to &NaiveActor::HandlerNormal
I1222 14:28:02.848114 81715 thread.cpp:99] Thread 1048576 construct Actor kNormalForward 2199023255575
I1222 14:28:02.848146 81750 naive_actor.cpp:25] actor 2199025352761 switch to &NaiveActor::HandlerNormal
I1222 14:28:02.848213 81715 runtime_context.cpp:29] DecreaseCounter constructing_actor_cnt, current val is 3153
I1222 14:28:02.848222 81750 thread.cpp:99] Thread 1048577 construct Actor kCollectiveBoxingGeneric 2199025352761
I1222 14:28:02.848342 81750 runtime_context.cpp:29] DecreaseCounter constructing_actor_cnt, current val is 3152
I1222 14:28:02.848551 81750 naive_actor.cpp:25] actor 2199025352735 switch to &NaiveActor::HandlerNormal
I1222 14:28:02.848618 81750 thread.cpp:99] Thread 1048577 construct Actor kCollectiveBoxingGeneric 2199025352735
I1222 14:28:02.848618 81715 naive_actor.cpp:25] actor 2199023255581 switch to &NaiveActor::HandlerNormal
I1222 14:28:02.848701 81750 runtime_context.cpp:29] DecreaseCounter constructing_actor_cnt, current val is 3151
I1222 14:28:02.848748 81715 thread.cpp:99] Thread 1048576 construct Actor kNormalForward 2199023255581
I1222 14:28:02.848897 81715 runtime_context.cpp:29] DecreaseCounter constructing_actor_cnt, current val is 3150
I1222 14:28:02.848970 81750 naive_actor.cpp:25] actor 2199025352768 switch to &NaiveActor::HandlerNormal
I1222 14:28:02.849040 81750 thread.cpp:99] Thread 1048577 construct Actor kCollectiveBoxingGeneric 2199025352768
I1222 14:28:02.849114 81750 runtime_context.cpp:29] DecreaseCounter constructing_actor_cnt, current val is 3149
I1222 14:28:02.849323 81750 naive_actor.cpp:25] actor 2199025352753 switch to &NaiveActor::HandlerNormal
I1222 14:28:02.849390 81750 thread.cpp:99] Thread 1048577 construct Actor kCollectiveBoxingGeneric 2199025352753
I1222 14:28:02.849457 81750 runtime_context.cpp:29] DecreaseCounter constructing_actor_cnt, current val is 3148
I1222 14:28:02.849680 81750 naive_actor.cpp:25] actor 2199025352712 switch to &NaiveActor::HandlerNormal
I1222 14:28:02.849748 81750 thread.cpp:99] Thread 1048577 construct Actor kCollectiveBoxingGeneric 2199025352712
I1222 14:28:02.849828 81750 runtime_context.cpp:29] DecreaseCounter constructing_actor_cnt, current val is 3147
I1222 14:28:02.850050 81750 naive_actor.cpp:25] actor 2199025352814 switch to &NaiveActor::HandlerNormal
I1222 14:28:02.850123 81750 thread.cpp:99] Thread 1048577 construct Actor kCollectiveBoxingGeneric 2199025352814
I1222 14:28:02.850191 81750 runtime_context.cpp:29] DecreaseCounter constructing_actor_cnt, current val is 3146
I1222 14:28:02.850229 81715 naive_actor.cpp:25] actor 2199023255576 switch to &NaiveActor::HandlerNormal
I1222 14:28:02.850353 81715 thread.cpp:99] Thread 1048576 construct Actor kNormalForward 2199023255576
I1222 14:28:02.850437 81750 naive_actor.cpp:25] actor 2199025352705 switch to &NaiveActor::HandlerNormal
I1222 14:28:02.850484 81715 runtime_context.cpp:29] DecreaseCounter constructing_actor_cnt, current val is 3145
I1222 14:28:02.850502 81750 thread.cpp:99] Thread 1048577 construct Actor kCollectiveBoxingGeneric 2199025352705
I1222 14:28:02.850703 81750 runtime_context.cpp:29] DecreaseCounter constructing_actor_cnt, current val is 3144
I1222 14:28:02.851439 81750 naive_actor.cpp:25] actor 2199025352748 switch to &NaiveActor::HandlerNormal
I1222 14:28:02.851538 81750 thread.cpp:99] Thread 1048577 construct Actor kCollectiveBoxingGeneric 2199025352748
I1222 14:28:02.851613 81750 runtime_context.cpp:29] DecreaseCounter constructing_actor_cnt, current val is 3143
I1222 14:28:02.851665 81715 naive_actor.cpp:25] actor 2199023255584 switch to &NaiveActor::HandlerNormal
I1222 14:28:02.851876 81750 naive_actor.cpp:25] actor 2199025352812 switch to &NaiveActor::HandlerNormal
I1222 14:28:02.851907 81715 thread.cpp:99] Thread 1048576 construct Actor kNormalForward 2199023255584
I1222 14:28:02.852005 81750 thread.cpp:99] Thread 1048577 construct Actor kCollectiveBoxingGeneric 2199025352812
I1222 14:28:02.852197 81715 runtime_context.cpp:29] DecreaseCounter constructing_actor_cnt, current val is 3142
I1222 14:28:02.852212 81750 runtime_context.cpp:29] DecreaseCounter constructing_actor_cnt, current val is 3141
I1222 14:28:02.852531 81750 naive_actor.cpp:25] actor 2199025352842 switch to &NaiveActor::HandlerNormal
I1222 14:28:02.852614 81750 thread.cpp:99] Thread 1048577 construct Actor kCollectiveBoxingGeneric 2199025352842
I1222 14:28:02.852706 81750 runtime_context.cpp:29] DecreaseCounter constructing_actor_cnt, current val is 3140
I1222 14:28:02.852933 81750 naive_actor.cpp:25] actor 2199025352864 switch to &NaiveActor::HandlerNormal
I1222 14:28:02.853003 81750 thread.cpp:99] Thread 1048577 construct Actor kCollectiveBoxingGeneric 2199025352864
I1222 14:28:02.853113 81750 runtime_context.cpp:29] DecreaseCounter constructing_actor_cnt, current val is 3139
I1222 14:28:02.853341 81750 naive_actor.cpp:25] actor 2199025352801 switch to &NaiveActor::HandlerNormal
I1222 14:28:02.853420 81750 thread.cpp:99] Thread 1048577 construct Actor kCollectiveBoxingGeneric 2199025352801
I1222 14:28:02.853539 81715 naive_actor.cpp:25] actor 2199023255578 switch to &NaiveActor::HandlerNormal
I1222 14:28:02.853549 81750 runtime_context.cpp:29] DecreaseCounter constructing_actor_cnt, current val is 3138
I1222 14:28:02.853736 81715 thread.cpp:99] Thread 1048576 construct Actor kNormalForward 2199023255578
I1222 14:28:02.853965 81715 runtime_context.cpp:29] DecreaseCounter constructing_actor_cnt, current val is 3137
I1222 14:28:02.853986 81750 naive_actor.cpp:25] actor 2199025352774 switch to &NaiveActor::HandlerNormal
I1222 14:28:02.854128 81750 thread.cpp:99] Thread 1048577 construct Actor kCollectiveBoxingGeneric 2199025352774
I1222 14:28:02.854223 81750 runtime_context.cpp:29] DecreaseCounter constructing_actor_cnt, current val is 3136
I1222 14:28:02.854463 81750 naive_actor.cpp:25] actor 2199025352736 switch to &NaiveActor::HandlerNormal
I1222 14:28:02.854544 81750 thread.cpp:99] Thread 1048577 construct Actor kCollectiveBoxingGeneric 2199025352736
I1222 14:28:02.854656 81750 runtime_context.cpp:29] DecreaseCounter constructing_actor_cnt, current val is 3135
I1222 14:28:02.854921 81750 naive_actor.cpp:25] actor 2199025352752 switch to &NaiveActor::HandlerNormal
I1222 14:28:02.855011 81750 thread.cpp:99] Thread 1048577 construct Actor kCollectiveBoxingGeneric 2199025352752
I1222 14:28:02.855074 81750 runtime_context.cpp:29] DecreaseCounter constructing_actor_cnt, current val is 3134
I1222 14:28:02.855338 81750 naive_actor.cpp:25] actor 2199025352804 switch to &NaiveActor::HandlerNormal
I1222 14:28:02.855418 81750 thread.cpp:99] Thread 1048577 construct Actor kCollectiveBoxingGeneric 2199025352804
I1222 14:28:02.855509 81750 runtime_context.cpp:29] DecreaseCounter constructing_actor_cnt, current val is 3133
I1222 14:28:02.855753 81750 naive_actor.cpp:25] actor 2199025352784 switch to &NaiveActor::HandlerNormal
I1222 14:28:02.855829 81750 thread.cpp:99] Thread 1048577 construct Actor kCollectiveBoxingGeneric 2199025352784
I1222 14:28:02.855872 81715 naive_actor.cpp:25] actor 2199023255567 switch to &NaiveActor::HandlerNormal
I1222 14:28:02.855901 81750 runtime_context.cpp:29] DecreaseCounter constructing_actor_cnt, current val is 3132
I1222 14:28:02.856081 81715 thread.cpp:99] Thread 1048576 construct Actor kNormalForward 2199023255567
I1222 14:28:02.856830 81715 runtime_context.cpp:29] DecreaseCounter constructing_actor_cnt, current val is 3131
I1222 14:28:02.856859 81750 naive_actor.cpp:25] actor 2199025352857 switch to &NaiveActor::HandlerNormal
I1222 14:28:02.856957 81750 thread.cpp:99] Thread 1048577 construct Actor kCollectiveBoxingGeneric 2199025352857
I1222 14:28:02.857045 81750 runtime_context.cpp:29] DecreaseCounter constructing_actor_cnt, current val is 3130
I1222 14:28:02.857285 81750 naive_actor.cpp:25] actor 2199025352767 switch to &NaiveActor::HandlerNormal
I1222 14:28:02.857383 81750 thread.cpp:99] Thread 1048577 construct Actor kCollectiveBoxingGeneric 2199025352767
I1222 14:28:02.857463 81750 runtime_context.cpp:29] DecreaseCounter constructing_actor_cnt, current val is 3129
I1222 14:28:02.857734 81750 naive_actor.cpp:25] actor 2199025352882 switch to &NaiveActor::HandlerNormal
I1222 14:28:02.857836 81750 thread.cpp:99] Thread 1048577 construct Actor kCollectiveBoxingGeneric 2199025352882
I1222 14:28:02.857951 81750 runtime_context.cpp:29] DecreaseCounter constructing_actor_cnt, current val is 3128
I1222 14:28:02.858011 81715 naive_actor.cpp:25] actor 2199023255569 switch to &NaiveActor::HandlerNormal
I1222 14:28:02.858099 81715 thread.cpp:99] Thread 1048576 construct Actor kNormalForward 2199023255569
I1222 14:28:02.858193 81750 naive_actor.cpp:25] actor 2199025352823 switch to &NaiveActor::HandlerNormal
I1222 14:28:02.858206 81715 runtime_context.cpp:29] DecreaseCounter constructing_actor_cnt, current val is 3127
I1222 14:28:02.858263 81750 thread.cpp:99] Thread 1048577 construct Actor kCollectiveBoxingGeneric 2199025352823
I1222 14:28:02.858410 81750 runtime_context.cpp:29] DecreaseCounter constructing_actor_cnt, current val is 3126
I1222 14:28:02.858651 81750 naive_actor.cpp:25] actor 2199025352791 switch to &NaiveActor::HandlerNormal
I1222 14:28:02.858762 81750 thread.cpp:99] Thread 1048577 construct Actor kCollectiveBoxingGeneric 2199025352791
I1222 14:28:02.858857 81750 runtime_context.cpp:29] DecreaseCounter constructing_actor_cnt, current val is 3125
I1222 14:28:02.859084 81750 naive_actor.cpp:25] actor 2199025352840 switch to &NaiveActor::HandlerNormal
I1222 14:28:02.859165 81750 thread.cpp:99] Thread 1048577 construct Actor kCollectiveBoxingGeneric 2199025352840
I1222 14:28:02.859241 81750 runtime_context.cpp:29] DecreaseCounter constructing_actor_cnt, current val is 3124
I1222 14:28:02.859472 81750 naive_actor.cpp:25] actor 2199025352790 switch to &NaiveActor::HandlerNormal
I1222 14:28:02.859488 81715 naive_actor.cpp:25] actor 2199023255590 switch to &NaiveActor::HandlerNormal
I1222 14:28:02.859553 81750 thread.cpp:99] Thread 1048577 construct Actor kCollectiveBoxingGeneric 2199025352790
I1222 14:28:02.859647 81715 thread.cpp:99] Thread 1048576 construct Actor kNormalForward 2199023255590
I1222 14:28:02.859717 81750 runtime_context.cpp:29] DecreaseCounter constructing_actor_cnt, current val is 3123
I1222 14:28:02.859812 81715 runtime_context.cpp:29] DecreaseCounter constructing_actor_cnt, current val is 3122
I1222 14:28:02.859972 81750 naive_actor.cpp:25] actor 2199025352828 switch to &NaiveActor::HandlerNormal
I1222 14:28:02.860038 81750 thread.cpp:99] Thread 1048577 construct Actor kCollectiveBoxingGeneric 2199025352828
I1222 14:28:02.860103 81750 runtime_context.cpp:29] DecreaseCounter constructing_actor_cnt, current val is 3121
I1222 14:28:02.860437 81750 naive_actor.cpp:25] actor 2199025352799 switch to &NaiveActor::HandlerNormal
I1222 14:28:02.860497 81750 thread.cpp:99] Thread 1048577 construct Actor kCollectiveBoxingGeneric 2199025352799
I1222 14:28:02.860575 81750 runtime_context.cpp:29] DecreaseCounter constructing_actor_cnt, current val is 3120
I1222 14:28:02.860824 81750 naive_actor.cpp:25] actor 2199025352819 switch to &NaiveActor::HandlerNormal
I1222 14:28:02.860926 81750 thread.cpp:99] Thread 1048577 construct Actor kCollectiveBoxingGeneric 2199025352819
I1222 14:28:02.860982 81715 naive_actor.cpp:25] actor 2199023255593 switch to &NaiveActor::HandlerNormal
I1222 14:28:02.861109 81750 runtime_context.cpp:29] DecreaseCounter constructing_actor_cnt, current val is 3119
I1222 14:28:02.861510 81715 thread.cpp:99] Thread 1048576 construct Actor kNormalForward 2199023255593
I1222 14:28:02.861694 81715 runtime_context.cpp:29] DecreaseCounter constructing_actor_cnt, current val is 3118
I1222 14:28:02.861733 81750 naive_actor.cpp:25] actor 2199025352813 switch to &NaiveActor::HandlerNormal
I1222 14:28:02.861831 81750 thread.cpp:99] Thread 1048577 construct Actor kCollectiveBoxingGeneric 2199025352813
I1222 14:28:02.861909 81750 runtime_context.cpp:29] DecreaseCounter constructing_actor_cnt, current val is 3117
I1222 14:28:02.862162 81750 naive_actor.cpp:25] actor 2199025352773 switch to &NaiveActor::HandlerNormal
I1222 14:28:02.862242 81750 thread.cpp:99] Thread 1048577 construct Actor kCollectiveBoxingGeneric 2199025352773
I1222 14:28:02.862325 81750 runtime_context.cpp:29] DecreaseCounter constructing_actor_cnt, current val is 3116
I1222 14:28:02.862527 81750 naive_actor.cpp:25] actor 2199025352866 switch to &NaiveActor::HandlerNormal
I1222 14:28:02.862597 81750 thread.cpp:99] Thread 1048577 construct Actor kCollectiveBoxingGeneric 2199025352866
I1222 14:28:02.862671 81750 runtime_context.cpp:29] DecreaseCounter constructing_actor_cnt, current val is 3115
I1222 14:28:02.862848 81715 naive_actor.cpp:25] actor 2199023255571 switch to &NaiveActor::HandlerNormal
I1222 14:28:02.862905 81750 naive_actor.cpp:25] actor 2199025352803 switch to &NaiveActor::HandlerNormal
I1222 14:28:02.862964 81715 thread.cpp:99] Thread 1048576 construct Actor kNormalForward 2199023255571
I1222 14:28:02.863015 81750 thread.cpp:99] Thread 1048577 construct Actor kCollectiveBoxingGeneric 2199025352803
I1222 14:28:02.863132 81750 runtime_context.cpp:29] DecreaseCounter constructing_actor_cnt, current val is 3114
I1222 14:28:02.863135 81715 runtime_context.cpp:29] DecreaseCounter constructing_actor_cnt, current val is 3113
I1222 14:28:02.863396 81750 naive_actor.cpp:25] actor 2199025352815 switch to &NaiveActor::HandlerNormal
I1222 14:28:02.863472 81750 thread.cpp:99] Thread 1048577 construct Actor kCollectiveBoxingGeneric 2199025352815
I1222 14:28:02.863543 81750 runtime_context.cpp:29] DecreaseCounter constructing_actor_cnt, current val is 3112
I1222 14:28:02.863751 81750 naive_actor.cpp:25] actor 2199025352758 switch to &NaiveActor::HandlerNormal
I1222 14:28:02.863845 81750 thread.cpp:99] Thread 1048577 construct Actor kCollectiveBoxingGeneric 2199025352758
I1222 14:28:02.863925 81750 runtime_context.cpp:29] DecreaseCounter constructing_actor_cnt, current val is 3111
I1222 14:28:02.864153 81750 naive_actor.cpp:25] actor 2199025352846 switch to &NaiveActor::HandlerNormal
I1222 14:28:02.864214 81750 thread.cpp:99] Thread 1048577 construct Actor kCollectiveBoxingGeneric 2199025352846
I1222 14:28:02.864296 81750 runtime_context.cpp:29] DecreaseCounter constructing_actor_cnt, current val is 3110
I1222 14:28:02.864352 81715 naive_actor.cpp:25] actor 2199023255580 switch to &NaiveActor::HandlerNormal
I1222 14:28:02.864446 81715 thread.cpp:99] Thread 1048576 construct Actor kNormalForward 2199023255580
I1222 14:28:02.864552 81750 naive_actor.cpp:25] actor 2199025352877 switch to &NaiveActor::HandlerNormal
I1222 14:28:02.864558 81715 runtime_context.cpp:29] DecreaseCounter constructing_actor_cnt, current val is 3109
I1222 14:28:02.864634 81750 thread.cpp:99] Thread 1048577 construct Actor kCollectiveBoxingGeneric 2199025352877
I1222 14:28:02.864740 81750 runtime_context.cpp:29] DecreaseCounter constructing_actor_cnt, current val is 3108
I1222 14:28:02.864979 81750 naive_actor.cpp:25] actor 2199025352719 switch to &NaiveActor::HandlerNormal
I1222 14:28:02.865053 81750 thread.cpp:99] Thread 1048577 construct Actor kCollectiveBoxingGeneric 2199025352719
I1222 14:28:02.865083 81715 naive_actor.cpp:25] actor 2199023255589 switch to &NaiveActor::HandlerNormal
I1222 14:28:02.865137 81750 runtime_context.cpp:29] DecreaseCounter constructing_actor_cnt, current val is 3107
I1222 14:28:02.865270 81715 thread.cpp:99] Thread 1048576 construct Actor kNormalForward 2199023255589
I1222 14:28:02.865839 81715 runtime_context.cpp:29] DecreaseCounter constructing_actor_cnt, current val is 3106
I1222 14:28:02.865921 81750 naive_actor.cpp:25] actor 2199025352854 switch to &NaiveActor::HandlerNormal
I1222 14:28:02.866021 81750 thread.cpp:99] Thread 1048577 construct Actor kCollectiveBoxingGeneric 2199025352854
I1222 14:28:02.866104 81750 runtime_context.cpp:29] DecreaseCounter constructing_actor_cnt, current val is 3105
I1222 14:28:02.866281 81715 naive_actor.cpp:25] actor 2199023255587 switch to &NaiveActor::HandlerNormal
I1222 14:28:02.866326 81750 naive_actor.cpp:25] actor 2199025352876 switch to &NaiveActor::HandlerNormal
I1222 14:28:02.866385 81715 thread.cpp:99] Thread 1048576 construct Actor kNormalForward 2199023255587
I1222 14:28:02.866453 81750 thread.cpp:99] Thread 1048577 construct Actor kCollectiveBoxingGeneric 2199025352876
I1222 14:28:02.866542 81715 runtime_context.cpp:29] DecreaseCounter constructing_actor_cnt, current val is 3104
I1222 14:28:02.866557 81750 runtime_context.cpp:29] DecreaseCounter constructing_actor_cnt, current val is 3103
I1222 14:28:02.866883 81750 naive_actor.cpp:25] actor 2199025352835 switch to &NaiveActor::HandlerNormal
I1222 14:28:02.866963 81750 thread.cpp:99] Thread 1048577 construct Actor kCollectiveBoxingGeneric 2199025352835
I1222 14:28:02.866992 81715 naive_actor.cpp:25] actor 2199023255666 switch to &NaiveActor::HandlerNormal
I1222 14:28:02.867053 81750 runtime_context.cpp:29] DecreaseCounter constructing_actor_cnt, current val is 3102
I1222 14:28:02.867094 81715 thread.cpp:99] Thread 1048576 construct Actor kNormalForward 2199023255666
I1222 14:28:02.867251 81715 runtime_context.cpp:29] DecreaseCounter constructing_actor_cnt, current val is 3101
I1222 14:28:02.867358 81750 naive_actor.cpp:25] actor 2199025352856 switch to &NaiveActor::HandlerNormal
I1222 14:28:02.867429 81750 thread.cpp:99] Thread 1048577 construct Actor kCollectiveBoxingGeneric 2199025352856
I1222 14:28:02.867492 81750 runtime_context.cpp:29] DecreaseCounter constructing_actor_cnt, current val is 3100
I1222 14:28:02.867743 81750 naive_actor.cpp:25] actor 2199025352834 switch to &NaiveActor::HandlerNormal
I1222 14:28:02.867820 81750 thread.cpp:99] Thread 1048577 construct Actor kCollectiveBoxingGeneric 2199025352834
I1222 14:28:02.867895 81750 runtime_context.cpp:29] DecreaseCounter constructing_actor_cnt, current val is 3099
I1222 14:28:02.868125 81750 naive_actor.cpp:25] actor 2199025352853 switch to &NaiveActor::HandlerNormal
I1222 14:28:02.868198 81750 thread.cpp:99] Thread 1048577 construct Actor kCollectiveBoxingGeneric 2199025352853
I1222 14:28:02.868278 81750 runtime_context.cpp:29] DecreaseCounter constructing_actor_cnt, current val is 3098
I1222 14:28:02.868446 81715 naive_actor.cpp:25] actor 2199023255621 switch to &NaiveActor::HandlerNormal
I1222 14:28:02.868494 81750 naive_actor.cpp:25] actor 2199025352884 switch to &NaiveActor::HandlerNormal
I1222 14:28:02.868549 81715 thread.cpp:99] Thread 1048576 construct Actor kNormalForward 2199023255621
I1222 14:28:02.868623 81750 thread.cpp:99] Thread 1048577 construct Actor kCollectiveBoxingGeneric 2199025352884
I1222 14:28:02.868762 81715 runtime_context.cpp:29] DecreaseCounter constructing_actor_cnt, current val is 3097
I1222 14:28:02.868763 81750 runtime_context.cpp:29] DecreaseCounter constructing_actor_cnt, current val is 3096
I1222 14:28:02.869057 81750 naive_actor.cpp:25] actor 2199025352827 switch to &NaiveActor::HandlerNormal
I1222 14:28:02.869117 81750 thread.cpp:99] Thread 1048577 construct Actor kCollectiveBoxingGeneric 2199025352827
I1222 14:28:02.869177 81750 runtime_context.cpp:29] DecreaseCounter constructing_actor_cnt, current val is 3095
I1222 14:28:02.869397 81750 naive_actor.cpp:25] actor 2199025352777 switch to &NaiveActor::HandlerNormal
I1222 14:28:02.869459 81750 thread.cpp:99] Thread 1048577 construct Actor kCollectiveBoxingGeneric 2199025352777
I1222 14:28:02.869630 81750 runtime_context.cpp:29] DecreaseCounter constructing_actor_cnt, current val is 3094
I1222 14:28:02.869817 81715 naive_actor.cpp:25] actor 2199023255579 switch to &NaiveActor::HandlerNormal
I1222 14:28:02.870210 81715 thread.cpp:99] Thread 1048576 construct Actor kNormalForward 2199023255579
I1222 14:28:02.870319 81715 runtime_context.cpp:29] DecreaseCounter constructing_actor_cnt, current val is 3093
I1222 14:28:02.870337 81750 naive_actor.cpp:25] actor 2199025352826 switch to &NaiveActor::HandlerNormal
I1222 14:28:02.870437 81750 thread.cpp:99] Thread 1048577 construct Actor kCollectiveBoxingGeneric 2199025352826
I1222 14:28:02.870532 81750 runtime_context.cpp:29] DecreaseCounter constructing_actor_cnt, current val is 3092
I1222 14:28:02.870776 81750 naive_actor.cpp:25] actor 2199025352845 switch to &NaiveActor::HandlerNormal
I1222 14:28:02.870867 81750 thread.cpp:99] Thread 1048577 construct Actor kCollectiveBoxingGeneric 2199025352845
I1222 14:28:02.870945 81750 runtime_context.cpp:29] DecreaseCounter constructing_actor_cnt, current val is 3091
I1222 14:28:02.871146 81750 naive_actor.cpp:25] actor 2199025352898 switch to &NaiveActor::HandlerNormal
I1222 14:28:02.871218 81750 thread.cpp:99] Thread 1048577 construct Actor kCollectiveBoxingGeneric 2199025352898
I1222 14:28:02.871290 81750 runtime_context.cpp:29] DecreaseCounter constructing_actor_cnt, current val is 3090
I1222 14:28:02.871516 81750 naive_actor.cpp:25] actor 2199025352750 switch to &NaiveActor::HandlerNormal
I1222 14:28:02.871568 81750 thread.cpp:99] Thread 1048577 construct Actor kCollectiveBoxingGeneric 2199025352750
I1222 14:28:02.871572 81715 naive_actor.cpp:25] actor 2199023255653 switch to &NaiveActor::HandlerNormal
I1222 14:28:02.871631 81750 runtime_context.cpp:29] DecreaseCounter constructing_actor_cnt, current val is 3089
I1222 14:28:02.871680 81715 thread.cpp:99] Thread 1048576 construct Actor kNormalForward 2199023255653
I1222 14:28:02.871838 81715 runtime_context.cpp:29] DecreaseCounter constructing_actor_cnt, current val is 3088
I1222 14:28:02.871913 81750 naive_actor.cpp:25] actor 2199025352862 switch to &NaiveActor::HandlerNormal
I1222 14:28:02.871999 81750 thread.cpp:99] Thread 1048577 construct Actor kCollectiveBoxingGeneric 2199025352862
I1222 14:28:02.872081 81750 runtime_context.cpp:29] DecreaseCounter constructing_actor_cnt, current val is 3087
I1222 14:28:02.872293 81715 naive_actor.cpp:25] actor 2199023255566 switch to &NaiveActor::HandlerNormal
I1222 14:28:02.872318 81750 naive_actor.cpp:25] actor 2199025352822 switch to &NaiveActor::HandlerNormal
I1222 14:28:02.872372 81715 thread.cpp:99] Thread 1048576 construct Actor kNormalForward 2199023255566
I1222 14:28:02.872422 81750 thread.cpp:99] Thread 1048577 construct Actor kCollectiveBoxingGeneric 2199025352822
I1222 14:28:02.872519 81715 runtime_context.cpp:29] DecreaseCounter constructing_actor_cnt, current val is 3086
I1222 14:28:02.872543 81750 runtime_context.cpp:29] DecreaseCounter constructing_actor_cnt, current val is 3085
I1222 14:28:02.872828 81750 naive_actor.cpp:25] actor 2199025352770 switch to &NaiveActor::HandlerNormal
I1222 14:28:02.872910 81750 thread.cpp:99] Thread 1048577 construct Actor kCollectiveBoxingGeneric 2199025352770
I1222 14:28:02.872985 81750 runtime_context.cpp:29] DecreaseCounter constructing_actor_cnt, current val is 3084
I1222 14:28:02.873222 81750 naive_actor.cpp:25] actor 2199025352895 switch to &NaiveActor::HandlerNormal
I1222 14:28:02.873294 81750 thread.cpp:99] Thread 1048577 construct Actor kCollectiveBoxingGeneric 2199025352895
I1222 14:28:02.873369 81750 runtime_context.cpp:29] DecreaseCounter constructing_actor_cnt, current val is 3083
I1222 14:28:02.873569 81715 naive_actor.cpp:25] actor 2199023255597 switch to &NaiveActor::HandlerNormal
I1222 14:28:02.873584 81750 naive_actor.cpp:25] actor 2199025352839 switch to &NaiveActor::HandlerNormal
I1222 14:28:02.873664 81715 thread.cpp:99] Thread 1048576 construct Actor kNormalForward 2199023255597
I1222 14:28:02.873723 81750 thread.cpp:99] Thread 1048577 construct Actor kCollectiveBoxingGeneric 2199025352839
I1222 14:28:02.873927 81715 runtime_context.cpp:29] DecreaseCounter constructing_actor_cnt, current val is 3082
I1222 14:28:02.874310 81750 runtime_context.cpp:29] DecreaseCounter constructing_actor_cnt, current val is 3081
I1222 14:28:02.874625 81750 naive_actor.cpp:25] actor 2199025352875 switch to &NaiveActor::HandlerNormal
I1222 14:28:02.874702 81750 thread.cpp:99] Thread 1048577 construct Actor kCollectiveBoxingGeneric 2199025352875
I1222 14:28:02.874775 81750 runtime_context.cpp:29] DecreaseCounter constructing_actor_cnt, current val is 3080
I1222 14:28:02.875083 81750 naive_actor.cpp:25] actor 2199025352844 switch to &NaiveActor::HandlerNormal
I1222 14:28:02.875149 81750 thread.cpp:99] Thread 1048577 construct Actor kCollectiveBoxingGeneric 2199025352844
I1222 14:28:02.875226 81750 runtime_context.cpp:29] DecreaseCounter constructing_actor_cnt, current val is 3079
I1222 14:28:02.875444 81715 naive_actor.cpp:25] actor 2199023255573 switch to &NaiveActor::HandlerNormal
I1222 14:28:02.875463 81750 naive_actor.cpp:25] actor 2199025352792 switch to &NaiveActor::HandlerNormal
I1222 14:28:02.875545 81715 thread.cpp:99] Thread 1048576 construct Actor kNormalForward 2199023255573
I1222 14:28:02.875603 81750 thread.cpp:99] Thread 1048577 construct Actor kCollectiveBoxingGeneric 2199025352792
