 Insert buffer op : [System-Pipeline-Buffer-Op_-base_model.m_stage0.encoder.layer.1.output.dropout-dropout_97-mask_0-stage_id_0](buffer_size:4) 
 from [base_model.m_stage0.encoder.layer.1.output.dropout-dropout_97] (stage_id:0) -> [base_model.m_stage0.encoder.layer.1.output.dropout-dropout_97_grad] (stage_id:0) 
I1222 14:40:24.187316 84064 pipeline_buffer_pass.cpp:117] 
 Insert buffer op : [System-Pipeline-Buffer-Op_-base_model.m_stage0.encoder.layer.1.intermediate.intermediate_act_fn-gelu_94-out_0-stage_id_0](buffer_size:4) 
 from [base_model.m_stage0.encoder.layer.1.intermediate.intermediate_act_fn-gelu_94] (stage_id:0) -> [base_model.m_stage0.encoder.layer.1.output.dense-broadcast_matmul_95_b_grad] (stage_id:0) 
I1222 14:40:24.187883 84064 pipeline_buffer_pass.cpp:117] 
 Insert buffer op : [System-Pipeline-Buffer-Op_-base_model.m_stage0.encoder.layer.1.intermediate.dense-broadcast_add_93-z_0-stage_id_0](buffer_size:4) 
 from [base_model.m_stage0.encoder.layer.1.intermediate.dense-broadcast_add_93] (stage_id:0) -> [base_model.m_stage0.encoder.layer.1.intermediate.intermediate_act_fn-gelu_94_grad] (stage_id:0) 
I1222 14:40:24.187944 84064 pipeline_buffer_pass.cpp:117] 
 Insert buffer op : [System-Pipeline-Buffer-Op_-base_model.m_stage0.encoder.layer.1.attention.output.LayerNorm-layer_norm_91-y_0-stage_id_0](buffer_size:4) 
 from [base_model.m_stage0.encoder.layer.1.attention.output.LayerNorm-layer_norm_91] (stage_id:0) -> [base_model.m_stage0.encoder.layer.1.intermediate.dense-broadcast_matmul_92_b_grad] (stage_id:0) 
I1222 14:40:24.188004 84064 pipeline_buffer_pass.cpp:117] 
 Insert buffer op : [System-Pipeline-Buffer-Op_-base_model.m_stage0.encoder.layer.1.attention.output.LayerNorm-layer_norm_91-normalized_0-stage_id_0](buffer_size:4) 
 from [base_model.m_stage0.encoder.layer.1.attention.output.LayerNorm-layer_norm_91] (stage_id:0) -> [base_model.m_stage0.encoder.layer.1.attention.output.LayerNorm-layer_norm_91_param_grad] (stage_id:0) 
I1222 14:40:24.188062 84064 pipeline_buffer_pass.cpp:117] 
 Insert buffer op : [System-Pipeline-Buffer-Op_-base_model.m_stage0.encoder.layer.1.attention.output-add_n_90-out_0-stage_id_0](buffer_size:4) 
 from [base_model.m_stage0.encoder.layer.1.attention.output-add_n_90] (stage_id:0) -> [base_model.m_stage0.encoder.layer.1.attention.output.LayerNorm-layer_norm_91_grad] (stage_id:0) 
I1222 14:40:24.188117 84064 pipeline_buffer_pass.cpp:117] 
 Insert buffer op : [System-Pipeline-Buffer-Op_-base_model.m_stage0.encoder.layer.1.attention.output.LayerNorm-layer_norm_91-mean_0-stage_id_0](buffer_size:4) 
 from [base_model.m_stage0.encoder.layer.1.attention.output.LayerNorm-layer_norm_91] (stage_id:0) -> [base_model.m_stage0.encoder.layer.1.attention.output.LayerNorm-layer_norm_91_grad] (stage_id:0) 
I1222 14:40:24.188166 84064 pipeline_buffer_pass.cpp:117] 
 Insert buffer op : [System-Pipeline-Buffer-Op_-base_model.m_stage0.encoder.layer.1.attention.output.LayerNorm-layer_norm_91-inv_variance_0-stage_id_0](buffer_size:4) 
 from [base_model.m_stage0.encoder.layer.1.attention.output.LayerNorm-layer_norm_91] (stage_id:0) -> [base_model.m_stage0.encoder.layer.1.attention.output.LayerNorm-layer_norm_91_grad] (stage_id:0) 
I1222 14:40:24.188221 84064 pipeline_buffer_pass.cpp:117] 
 Insert buffer op : [System-Pipeline-Buffer-Op_-base_model.m_stage0.encoder.layer.1.attention.output.dropout-dropout_89-mask_0-stage_id_0](buffer_size:4) 
 from [base_model.m_stage0.encoder.layer.1.attention.output.dropout-dropout_89] (stage_id:0) -> [base_model.m_stage0.encoder.layer.1.attention.output.dropout-dropout_89_grad] (stage_id:0) 
I1222 14:40:24.188282 84064 pipeline_buffer_pass.cpp:117] 
 Insert buffer op : [System-Pipeline-Buffer-Op_-base_model.m_stage0.encoder.layer.1.attention.self-reshape_86-out_0-stage_id_0](buffer_size:4) 
 from [base_model.m_stage0.encoder.layer.1.attention.self-reshape_86] (stage_id:0) -> [base_model.m_stage0.encoder.layer.1.attention.output.dense-broadcast_matmul_87_b_grad] (stage_id:0) 
I1222 14:40:24.188341 84064 pipeline_buffer_pass.cpp:117] 
 Insert buffer op : [System-Pipeline-Buffer-Op_-base_model.m_stage0.encoder.layer.1.attention.self-transpose_77-output_0-stage_id_0](buffer_size:4) 
 from [base_model.m_stage0.encoder.layer.1.attention.self-transpose_77] (stage_id:0) -> [base_model.m_stage0.encoder.layer.1.attention.self-batch_matmul_84_grad_a] (stage_id:0) 
I1222 14:40:24.188426 84064 pipeline_buffer_pass.cpp:117] 
 Insert buffer op : [System-Pipeline-Buffer-Op_-base_model.m_stage0.encoder.layer.1.attention.self.dropout-dropout_83-out_0-stage_id_0](buffer_size:4) 
 from [base_model.m_stage0.encoder.layer.1.attention.self.dropout-dropout_83] (stage_id:0) -> [base_model.m_stage0.encoder.layer.1.attention.self-batch_matmul_84_grad_b] (stage_id:0) 
I1222 14:40:24.188985 84064 pipeline_buffer_pass.cpp:117] 
 Insert buffer op : [System-Pipeline-Buffer-Op_-base_model.m_stage0.encoder.layer.1.attention.self.dropout-dropout_83-mask_0-stage_id_0](buffer_size:4) 
 from [base_model.m_stage0.encoder.layer.1.attention.self.dropout-dropout_83] (stage_id:0) -> [base_model.m_stage0.encoder.layer.1.attention.self.dropout-dropout_83_grad] (stage_id:0) 
I1222 14:40:24.189043 84064 pipeline_buffer_pass.cpp:117] 
 Insert buffer op : [System-Pipeline-Buffer-Op_-base_model.m_stage0.encoder.layer.1.attention.self-softmax_82-out_0-stage_id_0](buffer_size:4) 
 from [base_model.m_stage0.encoder.layer.1.attention.self-softmax_82] (stage_id:0) -> [base_model.m_stage0.encoder.layer.1.attention.self-softmax_82_grad] (stage_id:0) 
I1222 14:40:24.189105 84064 pipeline_buffer_pass.cpp:117] 
 Insert buffer op : [System-Pipeline-Buffer-Op_-base_model.m_stage0.encoder.layer.0.output.LayerNorm-layer_norm_65-y_0-stage_id_0](buffer_size:4) 
 from [base_model.m_stage0.encoder.layer.0.output.LayerNorm-layer_norm_65] (stage_id:0) -> [base_model.m_stage0.encoder.layer.1.attention.self.value-broadcast_matmul_74_b_grad] (stage_id:0) 
I1222 14:40:24.189160 84064 pipeline_buffer_pass.cpp:117] 
 Insert buffer op : [System-Pipeline-Buffer-Op_-base_model.m_stage0.encoder.layer.1.attention.self-transpose_78-output_0-stage_id_0](buffer_size:4) 
 from [base_model.m_stage0.encoder.layer.1.attention.self-transpose_78] (stage_id:0) -> [base_model.m_stage0.encoder.layer.1.attention.self-batch_matmul_79_grad_a] (stage_id:0) 
I1222 14:40:24.189216 84064 pipeline_buffer_pass.cpp:117] 
 Insert buffer op : [System-Pipeline-Buffer-Op_-base_model.m_stage0.encoder.layer.1.attention.self-transpose_69-output_0-stage_id_0](buffer_size:4) 
 from [base_model.m_stage0.encoder.layer.1.attention.self-transpose_69] (stage_id:0) -> [base_model.m_stage0.encoder.layer.1.attention.self-batch_matmul_79_grad_b] (stage_id:0) 
I1222 14:40:24.189314 84064 pipeline_buffer_pass.cpp:117] 
 Insert buffer op : [System-Pipeline-Buffer-Op_-base_model.m_stage0.encoder.layer.0.output.LayerNorm-layer_norm_65-normalized_0-stage_id_0](buffer_size:4) 
 from [base_model.m_stage0.encoder.layer.0.output.LayerNorm-layer_norm_65] (stage_id:0) -> [base_model.m_stage0.encoder.layer.0.output.LayerNorm-layer_norm_65_param_grad] (stage_id:0) 
I1222 14:40:24.189373 84064 pipeline_buffer_pass.cpp:117] 
 Insert buffer op : [System-Pipeline-Buffer-Op_-base_model.m_stage0.encoder.layer.0.output-add_n_64-out_0-stage_id_0](buffer_size:4) 
 from [base_model.m_stage0.encoder.layer.0.output-add_n_64] (stage_id:0) -> [base_model.m_stage0.encoder.layer.0.output.LayerNorm-layer_norm_65_grad] (stage_id:0) 
I1222 14:40:24.189427 84064 pipeline_buffer_pass.cpp:117] 
 Insert buffer op : [System-Pipeline-Buffer-Op_-base_model.m_stage0.encoder.layer.0.output.LayerNorm-layer_norm_65-mean_0-stage_id_0](buffer_size:4) 
 from [base_model.m_stage0.encoder.layer.0.output.LayerNorm-layer_norm_65] (stage_id:0) -> [base_model.m_stage0.encoder.layer.0.output.LayerNorm-layer_norm_65_grad] (stage_id:0) 
I1222 14:40:24.189477 84064 pipeline_buffer_pass.cpp:117] 
 Insert buffer op : [System-Pipeline-Buffer-Op_-base_model.m_stage0.encoder.layer.0.output.LayerNorm-layer_norm_65-inv_variance_0-stage_id_0](buffer_size:4) 
 from [base_model.m_stage0.encoder.layer.0.output.LayerNorm-layer_norm_65] (stage_id:0) -> [base_model.m_stage0.encoder.layer.0.output.LayerNorm-layer_norm_65_grad] (stage_id:0) 
I1222 14:40:24.189532 84064 pipeline_buffer_pass.cpp:117] 
 Insert buffer op : [System-Pipeline-Buffer-Op_-base_model.m_stage0.encoder.layer.0.output.dropout-dropout_63-mask_0-stage_id_0](buffer_size:4) 
 from [base_model.m_stage0.encoder.layer.0.output.dropout-dropout_63] (stage_id:0) -> [base_model.m_stage0.encoder.layer.0.output.dropout-dropout_63_grad] (stage_id:0) 
I1222 14:40:24.189620 84064 pipeline_buffer_pass.cpp:117] 
 Insert buffer op : [System-Pipeline-Buffer-Op_-base_model.m_stage0.encoder.layer.0.intermediate.intermediate_act_fn-gelu_60-out_0-stage_id_0](buffer_size:4) 
 from [base_model.m_stage0.encoder.layer.0.intermediate.intermediate_act_fn-gelu_60] (stage_id:0) -> [base_model.m_stage0.encoder.layer.0.output.dense-broadcast_matmul_61_b_grad] (stage_id:0) 
I1222 14:40:24.190106 84064 pipeline_buffer_pass.cpp:117] 
 Insert buffer op : [System-Pipeline-Buffer-Op_-base_model.m_stage0.encoder.layer.0.intermediate.dense-broadcast_add_59-z_0-stage_id_0](buffer_size:4) 
 from [base_model.m_stage0.encoder.layer.0.intermediate.dense-broadcast_add_59] (stage_id:0) -> [base_model.m_stage0.encoder.layer.0.intermediate.intermediate_act_fn-gelu_60_grad] (stage_id:0) 
I1222 14:40:24.190169 84064 pipeline_buffer_pass.cpp:117] 
 Insert buffer op : [System-Pipeline-Buffer-Op_-base_model.m_stage0.encoder.layer.0.attention.output.LayerNorm-layer_norm_57-y_0-stage_id_0](buffer_size:4) 
 from [base_model.m_stage0.encoder.layer.0.attention.output.LayerNorm-layer_norm_57] (stage_id:0) -> [base_model.m_stage0.encoder.layer.0.intermediate.dense-broadcast_matmul_58_b_grad] (stage_id:0) 
I1222 14:40:24.190229 84064 pipeline_buffer_pass.cpp:117] 
 Insert buffer op : [System-Pipeline-Buffer-Op_-base_model.m_stage0.encoder.layer.0.attention.output.LayerNorm-layer_norm_57-normalized_0-stage_id_0](buffer_size:4) 
 from [base_model.m_stage0.encoder.layer.0.attention.output.LayerNorm-layer_norm_57] (stage_id:0) -> [base_model.m_stage0.encoder.layer.0.attention.output.LayerNorm-layer_norm_57_param_grad] (stage_id:0) 
I1222 14:40:24.190287 84064 pipeline_buffer_pass.cpp:117] 
 Insert buffer op : [System-Pipeline-Buffer-Op_-base_model.m_stage0.encoder.layer.0.attention.output.LayerNorm-layer_norm_57-mean_0-stage_id_0](buffer_size:4) 
 from [base_model.m_stage0.encoder.layer.0.attention.output.LayerNorm-layer_norm_57] (stage_id:0) -> [base_model.m_stage0.encoder.layer.0.attention.output.LayerNorm-layer_norm_57_grad] (stage_id:0) 
I1222 14:40:24.190342 84064 pipeline_buffer_pass.cpp:117] 
 Insert buffer op : [System-Pipeline-Buffer-Op_-base_model.m_stage0.encoder.layer.0.attention.output.LayerNorm-layer_norm_57-inv_variance_0-stage_id_0](buffer_size:4) 
 from [base_model.m_stage0.encoder.layer.0.attention.output.LayerNorm-layer_norm_57] (stage_id:0) -> [base_model.m_stage0.encoder.layer.0.attention.output.LayerNorm-layer_norm_57_grad] (stage_id:0) 
I1222 14:40:24.190394 84064 pipeline_buffer_pass.cpp:117] 
 Insert buffer op : [System-Pipeline-Buffer-Op_-base_model.m_stage0.encoder.layer.0.attention.output-add_n_56-out_0-stage_id_0](buffer_size:4) 
 from [base_model.m_stage0.encoder.layer.0.attention.output-add_n_56] (stage_id:0) -> [base_model.m_stage0.encoder.layer.0.attention.output.LayerNorm-layer_norm_57_grad] (stage_id:0) 
I1222 14:40:24.190449 84064 pipeline_buffer_pass.cpp:117] 
 Insert buffer op : [System-Pipeline-Buffer-Op_-base_model.m_stage0.encoder.layer.0.attention.output.dropout-dropout_55-mask_0-stage_id_0](buffer_size:4) 
 from [base_model.m_stage0.encoder.layer.0.attention.output.dropout-dropout_55] (stage_id:0) -> [base_model.m_stage0.encoder.layer.0.attention.output.dropout-dropout_55_grad] (stage_id:0) 
I1222 14:40:24.190510 84064 pipeline_buffer_pass.cpp:117] 
 Insert buffer op : [System-Pipeline-Buffer-Op_-base_model.m_stage0.encoder.layer.0.attention.self-reshape_52-out_0-stage_id_0](buffer_size:4) 
 from [base_model.m_stage0.encoder.layer.0.attention.self-reshape_52] (stage_id:0) -> [base_model.m_stage0.encoder.layer.0.attention.output.dense-broadcast_matmul_53_b_grad] (stage_id:0) 
I1222 14:40:24.190572 84064 pipeline_buffer_pass.cpp:117] 
 Insert buffer op : [System-Pipeline-Buffer-Op_-base_model.m_stage0.encoder.layer.0.attention.self-transpose_43-output_0-stage_id_0](buffer_size:4) 
 from [base_model.m_stage0.encoder.layer.0.attention.self-transpose_43] (stage_id:0) -> [base_model.m_stage0.encoder.layer.0.attention.self-batch_matmul_50_grad_a] (stage_id:0) 
I1222 14:40:24.190658 84064 pipeline_buffer_pass.cpp:117] 
 Insert buffer op : [System-Pipeline-Buffer-Op_-base_model.m_stage0.encoder.layer.0.attention.self.dropout-dropout_49-out_0-stage_id_0](buffer_size:4) 
 from [base_model.m_stage0.encoder.layer.0.attention.self.dropout-dropout_49] (stage_id:0) -> [base_model.m_stage0.encoder.layer.0.attention.self-batch_matmul_50_grad_b] (stage_id:0) 
I1222 14:40:24.191151 84064 pipeline_buffer_pass.cpp:117] 
 Insert buffer op : [System-Pipeline-Buffer-Op_-base_model.m_stage0.encoder.layer.0.attention.self.dropout-dropout_49-mask_0-stage_id_0](buffer_size:4) 
 from [base_model.m_stage0.encoder.layer.0.attention.self.dropout-dropout_49] (stage_id:0) -> [base_model.m_stage0.encoder.layer.0.attention.self.dropout-dropout_49_grad] (stage_id:0) 
I1222 14:40:24.191211 84064 pipeline_buffer_pass.cpp:117] 
 Insert buffer op : [System-Pipeline-Buffer-Op_-base_model.m_stage0.encoder.layer.0.attention.self-softmax_48-out_0-stage_id_0](buffer_size:4) 
 from [base_model.m_stage0.encoder.layer.0.attention.self-softmax_48] (stage_id:0) -> [base_model.m_stage0.encoder.layer.0.attention.self-softmax_48_grad] (stage_id:0) 
I1222 14:40:24.191275 84064 pipeline_buffer_pass.cpp:117] 
 Insert buffer op : [System-Pipeline-Buffer-Op_-base_model.m_stage0.embeddings.dropout-dropout_25-out_0-stage_id_0](buffer_size:4) 
 from [base_model.m_stage0.embeddings.dropout-dropout_25] (stage_id:0) -> [base_model.m_stage0.encoder.layer.0.attention.self.value-broadcast_matmul_40_b_grad] (stage_id:0) 
I1222 14:40:24.191332 84064 pipeline_buffer_pass.cpp:117] 
 Insert buffer op : [System-Pipeline-Buffer-Op_-base_model.m_stage0.encoder.layer.0.attention.self-transpose_44-output_0-stage_id_0](buffer_size:4) 
 from [base_model.m_stage0.encoder.layer.0.attention.self-transpose_44] (stage_id:0) -> [base_model.m_stage0.encoder.layer.0.attention.self-batch_matmul_45_grad_a] (stage_id:0) 
I1222 14:40:24.191388 84064 pipeline_buffer_pass.cpp:117] 
 Insert buffer op : [System-Pipeline-Buffer-Op_-base_model.m_stage0.encoder.layer.0.attention.self-transpose_35-output_0-stage_id_0](buffer_size:4) 
 from [base_model.m_stage0.encoder.layer.0.attention.self-transpose_35] (stage_id:0) -> [base_model.m_stage0.encoder.layer.0.attention.self-batch_matmul_45_grad_b] (stage_id:0) 
I1222 14:40:24.191483 84064 pipeline_buffer_pass.cpp:117] 
 Insert buffer op : [System-Pipeline-Buffer-Op_-base_model.m_stage0.embeddings.dropout-dropout_25-mask_0-stage_id_0](buffer_size:4) 
 from [base_model.m_stage0.embeddings.dropout-dropout_25] (stage_id:0) -> [base_model.m_stage0.embeddings.dropout-dropout_25_grad] (stage_id:0) 
I1222 14:40:24.191543 84064 pipeline_buffer_pass.cpp:117] 
 Insert buffer op : [System-Pipeline-Buffer-Op_-base_model.m_stage0.embeddings.LayerNorm-layer_norm_24-normalized_0-stage_id_0](buffer_size:4) 
 from [base_model.m_stage0.embeddings.LayerNorm-layer_norm_24] (stage_id:0) -> [base_model.m_stage0.embeddings.LayerNorm-layer_norm_24_param_grad] (stage_id:0) 
I1222 14:40:24.191599 84064 pipeline_buffer_pass.cpp:117] 
 Insert buffer op : [System-Pipeline-Buffer-Op_-base_model.m_stage0.embeddings-broadcast_add_23-z_0-stage_id_0](buffer_size:4) 
 from [base_model.m_stage0.embeddings-broadcast_add_23] (stage_id:0) -> [base_model.m_stage0.embeddings.LayerNorm-layer_norm_24_grad] (stage_id:0) 
I1222 14:40:24.191655 84064 pipeline_buffer_pass.cpp:117] 
 Insert buffer op : [System-Pipeline-Buffer-Op_-base_model.m_stage0.embeddings.LayerNorm-layer_norm_24-mean_0-stage_id_0](buffer_size:4) 
 from [base_model.m_stage0.embeddings.LayerNorm-layer_norm_24] (stage_id:0) -> [base_model.m_stage0.embeddings.LayerNorm-layer_norm_24_grad] (stage_id:0) 
I1222 14:40:24.191706 84064 pipeline_buffer_pass.cpp:117] 
 Insert buffer op : [System-Pipeline-Buffer-Op_-base_model.m_stage0.embeddings.LayerNorm-layer_norm_24-inv_variance_0-stage_id_0](buffer_size:4) 
 from [base_model.m_stage0.embeddings.LayerNorm-layer_norm_24] (stage_id:0) -> [base_model.m_stage0.embeddings.LayerNorm-layer_norm_24_grad] (stage_id:0) 
I1222 14:40:24.191818 84064 pipeline_buffer_pass.cpp:117] 
 Insert buffer op : [System-Pipeline-Buffer-Op_-base_model.m_stage0.embeddings.position_embeddings-gather_20-out_0-stage_id_0](buffer_size:4) 
 from [base_model.m_stage0.embeddings.position_embeddings-gather_20] (stage_id:0) -> [base_model.m_stage0.embeddings-broadcast_add_23_y_grad_reduce_sum_like] (stage_id:0) 
I1222 14:40:24.192308 84064 pipeline_buffer_pass.cpp:117] 
 Insert buffer op : [System-Pipeline-Buffer-Op_-base_model.m_stage0.embeddings-slice_19-y_0-stage_id_0](buffer_size:4) 
 from [base_model.m_stage0.embeddings-slice_19] (stage_id:0) -> [base_model.m_stage0.embeddings.position_embeddings-gather_20_grad] (stage_id:0) 
I1222 14:40:24.192370 84064 pipeline_buffer_pass.cpp:117] 
 Insert buffer op : [System-Pipeline-Buffer-Op_-base_model-identity_15-out_0-stage_id_0](buffer_size:4) 
 from [base_model-identity_15] (stage_id:0) -> [base_model.m_stage0.embeddings.word_embeddings-gather_18_grad] (stage_id:0) 
I1222 14:40:24.192430 84064 pipeline_buffer_pass.cpp:117] 
 Insert buffer op : [System-Pipeline-Buffer-Op_-base_model-identity_16-out_0-stage_id_0](buffer_size:4) 
 from [base_model-identity_16] (stage_id:0) -> [base_model.m_stage0.embeddings.token_type_embeddings-gather_21_grad] (stage_id:0) 
I1222 14:40:24.193024 84064 pipeline_buffer_pass.cpp:117] 
 Insert buffer op : [System-Pipeline-Buffer-Op_-_train_data_loader-hierarchical_parallel_cast_8-out_0-stage_id_0](buffer_size:4) 
 from [_train_data_loader-hierarchical_parallel_cast_8] (stage_id:0) -> [base_model-identity_15] (stage_id:0) 
I1222 14:40:24.193097 84064 pipeline_buffer_pass.cpp:117] 
 Insert buffer op : [System-Pipeline-Buffer-Op_-_train_data_loader-hierarchical_parallel_cast_11-out_0-stage_id_0](buffer_size:4) 
 from [_train_data_loader-hierarchical_parallel_cast_11] (stage_id:0) -> [base_model-identity_16] (stage_id:0) 
I1222 14:40:24.193153 84064 pipeline_buffer_pass.cpp:117] 
 Insert buffer op : [System-Pipeline-Buffer-Op_-_train_data_loader-hierarchical_parallel_cast_10-out_0-stage_id_0](buffer_size:4) 
 from [_train_data_loader-hierarchical_parallel_cast_10] (stage_id:0) -> [base_model-identity_17] (stage_id:0) 
I1222 14:40:24.193717 84064 pipeline_buffer_pass.cpp:212] 
 Insert buffer op pair : src_buffer = <System-Pipeline-Buffer-Op_-base_model-identity_440-out_0>(buffer_size:1) , dst_buffer = <System-Pipeline-Buffer-Op_-base_model-identity_440-out_0-stage_id_1>(buffer_size:1) 
 from [base_model-identity_440] (stage_id:0) -> [base_model-identity_441] (stage_id:1) 
I1222 14:40:24.193789 84064 pipeline_buffer_pass.cpp:117] 
 Insert buffer op : [System-Pipeline-Buffer-Op_-_train_data_loader-hierarchical_parallel_cast_10-out_0-stage_id_1](buffer_size:4) 
 from [_train_data_loader-hierarchical_parallel_cast_10] (stage_id:0) -> [base_model-identity_442] (stage_id:1) 
I1222 14:40:24.194337 84064 pipeline_buffer_pass.cpp:117] 
 Insert buffer op : [System-Pipeline-Buffer-Op_-_train_data_loader-hierarchical_parallel_cast_9-out_0-stage_id_1](buffer_size:4) 
 from [_train_data_loader-hierarchical_parallel_cast_9] (stage_id:0) -> [reshape_872] (stage_id:1) 
I1222 14:40:24.194404 84064 pipeline_buffer_pass.cpp:117] 
 Insert buffer op : [System-Pipeline-Buffer-Op_-_train_data_loader-hierarchical_parallel_cast_13-out_0-stage_id_1](buffer_size:4) 
 from [_train_data_loader-hierarchical_parallel_cast_13] (stage_id:0) -> [expand_dims_880] (stage_id:1) 
I1222 14:40:24.194463 84064 pipeline_buffer_pass.cpp:117] 
 Insert buffer op : [System-Pipeline-Buffer-Op_-_train_data_loader-hierarchical_parallel_cast_12-out_0-stage_id_1](buffer_size:4) 
 from [_train_data_loader-hierarchical_parallel_cast_12] (stage_id:0) -> [reshape_884] (stage_id:1) 
I1222 14:40:24.194522 84064 pipeline_buffer_pass.cpp:117] 
 Insert buffer op : [System-Pipeline-Buffer-Op_-_train_data_loader-hierarchical_parallel_cast_14-out_0-stage_id_1](buffer_size:4) 
 from [_train_data_loader-hierarchical_parallel_cast_14] (stage_id:0) -> [multiply_891] (stage_id:1) 
I1222 14:40:24.195962 84064 pipeline_buffer_pass.cpp:212] 
 Insert buffer op pair : src_buffer = <System-Pipeline-Buffer-Op_-base_model-identity_441_grad-out_0>(buffer_size:1) , dst_buffer = <System-Pipeline-Buffer-Op_-base_model-identity_441_grad-out_0-stage_id_0>(buffer_size:1) 
 from [base_model-identity_441_grad] (stage_id:1) -> [base_model-identity_440_grad] (stage_id:0) 
I1222 14:40:25.205107 84064 global.h:43] DeleteGlobal N7oneflow7JobDescE
I1222 14:40:26.558393 84064 global.h:36] NewGlobal N7oneflow7JobDescE
I1222 14:40:40.939944 84064 global.h:36] NewGlobal N7oneflow7OpGraphE
I1222 14:40:44.673363 84064 global.h:43] DeleteGlobal N7oneflow7OpGraphE
I1222 14:40:45.066964 84064 nn_graph.cpp:267] 
job_id: 0 , job_name: PipelineGraph_0 , compile time: 18.5083 seconds.
I1222 14:40:45.169193 84064 plan_util.cpp:927]  Plan: PipelineGraph_0 needs to allocate [ 9815.69 MiB ] device memory in Rank: 1 , Device: 1
I1222 14:40:45.169315 84064 plan_util.cpp:927]  Plan: PipelineGraph_0 needs to allocate [ 9655.92 MiB ] device memory in Rank: 3 , Device: 1
I1222 14:40:45.169334 84064 plan_util.cpp:927]  Plan: PipelineGraph_0 needs to allocate [ 19041.8 MiB ] device memory in Rank: 2 , Device: 0
I1222 14:40:45.169349 84064 plan_util.cpp:927]  Plan: PipelineGraph_0 needs to allocate [ 19041.8 MiB ] device memory in Rank: 0 , Device: 0
I1222 14:40:46.377197 84064 runtime_context.cpp:21] NewCounter constructing_actor_cnt 3318
I1222 14:40:46.378561 84531 naive_actor.cpp:25] actor 2199023258565 switch to &NaiveActor::HandlerNormal
I1222 14:40:46.378719 84596 naive_actor.cpp:25] actor 1099582930944 switch to &NaiveActor::HandlerNormal
I1222 14:40:46.378633 84531 thread.cpp:99] Thread 1048576 construct Actor kDeviceTick 2199023258565
I1222 14:40:46.378906 84596 thread.cpp:99] Thread 524322 construct Actor kDeviceTick 1099582930944
I1222 14:40:46.379009 84531 runtime_context.cpp:29] DecreaseCounter constructing_actor_cnt, current val is 3317
I1222 14:40:46.379045 84586 wait_and_send_ids_actor.cpp:53] actor 1099647942656 switch to &WaitAndSendIdsActor::HandlerWaitToStart
I1222 14:40:46.379201 84531 naive_actor.cpp:25] actor 2199023258562 switch to &NaiveActor::HandlerNormal
I1222 14:40:46.379076 84596 runtime_context.cpp:29] DecreaseCounter constructing_actor_cnt, current val is 3316
I1222 14:40:46.379211 84586 thread.cpp:99] Thread 524353 construct Actor kWaitAndSendIds 1099647942656
I1222 14:40:46.379251 84531 thread.cpp:99] Thread 1048576 construct Actor kDeviceTick 2199023258562
I1222 14:40:46.379456 84531 runtime_context.cpp:29] DecreaseCounter constructing_actor_cnt, current val is 3315
I1222 14:40:46.379478 84586 runtime_context.cpp:29] DecreaseCounter constructing_actor_cnt, current val is 3314
I1222 14:40:46.516412 84576 naive_actor.cpp:25] actor 2199029547013 switch to &NaiveActor::HandlerNormal
I1222 14:40:46.516494 84599 naive_actor.cpp:25] actor 2199027449856 switch to &NaiveActor::HandlerNormal
I1222 14:40:46.516793 84569 naive_actor.cpp:25] actor 2199025352749 switch to &NaiveActor::HandlerNormal
I1222 14:40:46.516957 84576 thread.cpp:99] Thread 1048579 construct Actor kCopyHd 2199029547013
I1222 14:40:46.517427 84599 thread.cpp:99] Thread 1048578 construct Actor kCopyHd 2199027449856
I1222 14:40:46.517756 84569 thread.cpp:99] Thread 1048577 construct Actor kCollectiveBoxingGeneric 2199025352749
I1222 14:40:46.517882 84591 naive_actor.cpp:25] actor 1099610193920 switch to &NaiveActor::HandlerNormal
I1222 14:40:46.518141 84579 naive_actor.cpp:25] actor 1099624873984 switch to &NaiveActor::HandlerNormal
I1222 14:40:46.518208 84588 naive_actor.cpp:25] actor 1099643748352 switch to &NaiveActor::HandlerNormal
I1222 14:40:46.518304 84576 runtime_context.cpp:29] DecreaseCounter constructing_actor_cnt, current val is 3313
I1222 14:40:46.518569 84599 runtime_context.cpp:29] DecreaseCounter constructing_actor_cnt, current val is 3312
I1222 14:40:46.518640 84531 naive_actor.cpp:25] actor 2199023255563 switch to &NaiveActor::HandlerNormal
I1222 14:40:46.518712 84569 runtime_context.cpp:29] DecreaseCounter constructing_actor_cnt, current val is 3311
I1222 14:40:46.518779 84591 thread.cpp:99] Thread 524335 construct Actor kSliceBoxing 1099610193920
I1222 14:40:46.518843 84567 naive_actor.cpp:25] actor 1099626971136 switch to &NaiveActor::HandlerNormal
I1222 14:40:46.520279 84591 runtime_context.cpp:29] DecreaseCounter constructing_actor_cnt, current val is 3310
I1222 14:40:46.518918 84580 naive_actor.cpp:25] actor 1099589222400 switch to &NaiveActor::HandlerNormal
I1222 14:40:46.518914 84579 thread.cpp:99] Thread 524342 construct Actor kSliceBoxing 1099624873984
I1222 14:40:46.518915 84584 naive_actor.cpp:25] actor 1099633262592 switch to &NaiveActor::HandlerNormal
I1222 14:40:46.518972 84588 thread.cpp:99] Thread 524351 construct Actor kSliceBoxing 1099643748352
I1222 14:40:46.519057 84594 naive_actor.cpp:25] actor 1099641651200 switch to &NaiveActor::HandlerNormal
I1222 14:40:46.519073 84606 naive_actor.cpp:25] actor 1099618582528 switch to &NaiveActor::HandlerNormal
I1222 14:40:46.519114 84603 copy_comm_net_actor.cpp:66] actor 1099656331268 switch to &CopyCommNetActor::HandlerNormal
I1222 14:40:46.521797 84550 naive_actor.cpp:25] actor 1099547279360 switch to &NaiveActor::HandlerNormal
I1222 14:40:46.519229 84531 thread.cpp:99] Thread 1048576 construct Actor kNormalForward 2199023255563
I1222 14:40:46.519233 84593 naive_actor.cpp:25] actor 1099620679680 switch to &NaiveActor::HandlerNormal
I1222 14:40:46.519281 84571 naive_actor.cpp:25] actor 1099601805312 switch to &NaiveActor::HandlerNormal
I1222 14:40:46.519325 84595 naive_actor.cpp:25] actor 1099591319552 switch to &NaiveActor::HandlerNormal
I1222 14:40:46.519379 84585 naive_actor.cpp:25] actor 1099637456896 switch to &NaiveActor::HandlerNormal
I1222 14:40:46.519369 84576 naive_actor.cpp:25] actor 2199029547014 switch to &NaiveActor::HandlerNormal
I1222 14:40:46.519449 84597 naive_actor.cpp:25] actor 1099639554048 switch to &NaiveActor::HandlerNormal
I1222 14:40:46.519528 84592 naive_actor.cpp:25] actor 1099603902464 switch to &NaiveActor::HandlerNormal
I1222 14:40:46.519567 84547 naive_actor.cpp:25] actor 1099543085056 switch to &NaiveActor::HandlerNormal
I1222 14:40:46.519585 84601 naive_actor.cpp:25] actor 1099622776832 switch to &NaiveActor::HandlerNormal
I1222 14:40:46.519613 84600 naive_actor.cpp:25] actor 1099595513856 switch to &NaiveActor::HandlerNormal
I1222 14:40:46.519723 84570 naive_actor.cpp:25] actor 1099597611008 switch to &NaiveActor::HandlerNormal
I1222 14:40:46.519816 84574 naive_actor.cpp:25] actor 1099593416704 switch to &NaiveActor::HandlerNormal
I1222 14:40:46.524024 84574 thread.cpp:99] Thread 524327 construct Actor kSliceBoxing 1099593416704
I1222 14:40:46.520015 84554 naive_actor.cpp:25] actor 1099555667968 switch to &NaiveActor::HandlerNormal
I1222 14:40:46.524173 84554 thread.cpp:99] Thread 524309 construct Actor kNormalForward 1099555667968
I1222 14:40:46.520045 84552 naive_actor.cpp:25] actor 1099549376512 switch to &NaiveActor::HandlerNormal
I1222 14:40:46.520153 84572 naive_actor.cpp:25] actor 1099616485376 switch to &NaiveActor::HandlerNormal
I1222 14:40:46.520213 84563 naive_actor.cpp:25] actor 1099574542336 switch to &NaiveActor::HandlerNormal
I1222 14:40:46.518867 84581 naive_actor.cpp:25] actor 1099629068288 switch to &NaiveActor::HandlerNormal
I1222 14:40:46.520303 84567 thread.cpp:99] Thread 524343 construct Actor kSliceBoxing 1099626971136
I1222 14:40:46.520318 84577 naive_actor.cpp:25] actor 1099605999616 switch to &NaiveActor::HandlerNormal
I1222 14:40:46.524708 84577 thread.cpp:99] Thread 524333 construct Actor kSliceBoxing 1099605999616
I1222 14:40:46.520551 84549 naive_actor.cpp:25] actor 1099557765120 switch to &NaiveActor::HandlerNormal
I1222 14:40:46.524803 84549 thread.cpp:99] Thread 524310 construct Actor kNormalForward 1099557765120
I1222 14:40:46.520577 84557 naive_actor.cpp:25] actor 1099564056576 switch to &NaiveActor::HandlerNormal
I1222 14:40:46.520570 84545 naive_actor.cpp:25] actor 1099530502144 switch to &NaiveActor::HandlerNormal
I1222 14:40:46.520619 84604 sink_actor.cpp:21] actor 1099650039808 switch to &SinkActor::HandlerNormal
I1222 14:40:46.520689 84580 thread.cpp:99] Thread 524325 construct Actor kSliceBoxing 1099589222400
I1222 14:40:46.520823 84590 naive_actor.cpp:25] actor 1099614388224 switch to &NaiveActor::HandlerNormal
I1222 14:40:46.526110 84580 runtime_context.cpp:29] DecreaseCounter constructing_actor_cnt, current val is 3301
I1222 14:40:46.521029 84584 thread.cpp:99] Thread 524346 construct Actor kSliceBoxing 1099633262592
I1222 14:40:46.521152 84561 naive_actor.cpp:25] actor 1099576639488 switch to &NaiveActor::HandlerNormal
I1222 14:40:46.521194 84560 naive_actor.cpp:25] actor 1099570348032 switch to &NaiveActor::HandlerNormal
I1222 14:40:46.521214 84588 runtime_context.cpp:29] DecreaseCounter constructing_actor_cnt, current val is 3308
I1222 14:40:46.521376 84594 thread.cpp:99] Thread 524350 construct Actor kSliceBoxing 1099641651200
I1222 14:40:46.521493 84533 naive_actor.cpp:25] actor 1099540987904 switch to &NaiveActor::HandlerNormal
I1222 14:40:46.521608 84606 thread.cpp:99] Thread 524339 construct Actor kSliceBoxing 1099618582528
I1222 14:40:46.519115 84605 naive_actor.cpp:25] actor 1099612291072 switch to &NaiveActor::HandlerNormal
I1222 14:40:46.521816 84583 naive_actor.cpp:25] actor 1099580833792 switch to &NaiveActor::HandlerNormal
I1222 14:40:46.521814 84603 thread.cpp:99] Thread 524357 construct Actor kCopyCommNet 1099656331268
I1222 14:40:46.522019 84544 naive_actor.cpp:25] actor 1099538890752 switch to &NaiveActor::HandlerNormal
I1222 14:40:46.522008 84578 naive_actor.cpp:25] actor 1099654234112 switch to &NaiveActor::HandlerNormal
I1222 14:40:46.522013 84558 naive_actor.cpp:25] actor 1099568250880 switch to &NaiveActor::HandlerNormal
I1222 14:40:46.527778 84558 thread.cpp:99] Thread 524315 construct Actor kNormalForward 1099568250880
I1222 14:40:46.522194 84564 naive_actor.cpp:25] actor 1099572445184 switch to &NaiveActor::HandlerNormal
I1222 14:40:46.522209 84553 naive_actor.cpp:25] actor 1099551473664 switch to &NaiveActor::HandlerNormal
I1222 14:40:46.522246 84531 runtime_context.cpp:29] DecreaseCounter constructing_actor_cnt, current val is 3307
I1222 14:40:46.522296 84593 thread.cpp:99] Thread 524340 construct Actor kSliceBoxing 1099620679680
I1222 14:40:46.522416 84555 naive_actor.cpp:25] actor 1099561959424 switch to &NaiveActor::HandlerNormal
I1222 14:40:46.522455 84602 naive_actor.cpp:25] actor 1099585028096 switch to &NaiveActor::HandlerNormal
I1222 14:40:46.522473 84582 naive_actor.cpp:25] actor 1099587125248 switch to &NaiveActor::HandlerNormal
I1222 14:40:46.522516 84571 thread.cpp:99] Thread 524331 construct Actor kSliceBoxing 1099601805312
I1222 14:40:46.522569 84599 naive_actor.cpp:25] actor 2199027449858 switch to &NaiveActor::HandlerNormal
I1222 14:40:46.522624 84595 thread.cpp:99] Thread 524326 construct Actor kSliceBoxing 1099591319552
I1222 14:40:46.522647 84565 naive_actor.cpp:25] actor 1099645845510 switch to &NaiveActor::HandlerNormal
I1222 14:40:46.522740 84585 thread.cpp:99] Thread 524348 construct Actor kSliceBoxing 1099637456896
I1222 14:40:46.522737 84566 naive_actor.cpp:25] actor 1099652136960 switch to &NaiveActor::HandlerNormal
I1222 14:40:46.529134 84566 thread.cpp:99] Thread 524355 construct Actor kCriticalSectionWaitTick 1099652136960
I1222 14:40:46.522807 84562 naive_actor.cpp:25] actor 1099578736640 switch to &NaiveActor::HandlerNormal
I1222 14:40:46.522879 84556 naive_actor.cpp:25] actor 1099559862272 switch to &NaiveActor::HandlerNormal
I1222 14:40:46.529460 84556 thread.cpp:99] Thread 524311 construct Actor kNormalForward 1099559862272
I1222 14:40:46.529498 84531 naive_actor.cpp:25] actor 2199023255559 switch to &NaiveActor::HandlerNormal
I1222 14:40:46.523033 84559 naive_actor.cpp:25] actor 1099566153728 switch to &NaiveActor::HandlerNormal
I1222 14:40:46.523041 84534 naive_actor.cpp:25] actor 1099532599296 switch to &NaiveActor::HandlerNormal
I1222 14:40:46.523128 84540 naive_actor.cpp:25] actor 1099528404992 switch to &NaiveActor::HandlerNormal
I1222 14:40:46.523192 84597 thread.cpp:99] Thread 524349 construct Actor kSliceBoxing 1099639554048
I1222 14:40:46.523245 84538 naive_actor.cpp:25] actor 1099526307840 switch to &NaiveActor::HandlerNormal
I1222 14:40:46.523252 84539 naive_actor.cpp:25] actor 1099513724928 switch to &NaiveActor::HandlerNormal
I1222 14:40:46.530522 84539 thread.cpp:99] Thread 524289 construct Actor kNormalForward 1099513724928
I1222 14:40:46.523293 84536 naive_actor.cpp:25] actor 1099517919232 switch to &NaiveActor::HandlerNormal
I1222 14:40:46.523397 84592 thread.cpp:99] Thread 524332 construct Actor kSliceBoxing 1099603902464
I1222 14:40:46.523459 84547 thread.cpp:99] Thread 524303 construct Actor kDeviceTick 1099543085056
I1222 14:40:46.523536 84601 thread.cpp:99] Thread 524341 construct Actor kSliceBoxing 1099622776832
I1222 14:40:46.523542 84532 naive_actor.cpp:25] actor 1099520016384 switch to &NaiveActor::HandlerNormal
I1222 14:40:46.523561 84537 naive_actor.cpp:25] actor 1099522113536 switch to &NaiveActor::HandlerNormal
I1222 14:40:46.523726 84600 thread.cpp:99] Thread 524328 construct Actor kSliceBoxing 1099595513856
I1222 14:40:46.523767 84548 repeat_actor.cpp:69] actor 1099545182208 switch to &RepeatActor::HandlerNormal
I1222 14:40:46.523850 84543 naive_actor.cpp:25] actor 1099536793600 switch to &NaiveActor::HandlerNormal
I1222 14:40:46.523872 84570 thread.cpp:99] Thread 524329 construct Actor kSliceBoxing 1099597611008
I1222 14:40:46.523882 84546 naive_actor.cpp:25] actor 1099524210688 switch to &NaiveActor::HandlerNormal
I1222 14:40:46.519939 84607 naive_actor.cpp:25] actor 1099599708160 switch to &NaiveActor::HandlerNormal
I1222 14:40:46.524045 84541 naive_actor.cpp:25] actor 1099534696448 switch to &NaiveActor::HandlerNormal
I1222 14:40:46.524152 84574 runtime_context.cpp:29] DecreaseCounter constructing_actor_cnt, current val is 3306
I1222 14:40:46.520025 84573 naive_actor.cpp:25] actor 1099635359744 switch to &NaiveActor::HandlerNormal
I1222 14:40:46.524261 84554 runtime_context.cpp:29] DecreaseCounter constructing_actor_cnt, current val is 3305
I1222 14:40:46.531769 84573 thread.cpp:99] Thread 524347 construct Actor kSliceBoxing 1099635359744
I1222 14:40:46.524466 84572 thread.cpp:99] Thread 524338 construct Actor kSliceBoxing 1099616485376
I1222 14:40:46.524526 84563 thread.cpp:99] Thread 524318 construct Actor kNormalForward 1099574542336
I1222 14:40:46.524569 84581 thread.cpp:99] Thread 524344 construct Actor kSliceBoxing 1099629068288
I1222 14:40:46.524693 84567 runtime_context.cpp:29] DecreaseCounter constructing_actor_cnt, current val is 3304
I1222 14:40:46.520483 84589 naive_actor.cpp:25] actor 1099631165440 switch to &NaiveActor::HandlerNormal
I1222 14:40:46.524765 84577 runtime_context.cpp:29] DecreaseCounter constructing_actor_cnt, current val is 3303
I1222 14:40:46.520565 84587 naive_actor.cpp:25] actor 1099608096768 switch to &NaiveActor::HandlerNormal
I1222 14:40:46.524873 84549 runtime_context.cpp:29] DecreaseCounter constructing_actor_cnt, current val is 3302
I1222 14:40:46.524945 84557 thread.cpp:99] Thread 524313 construct Actor kNormalForward 1099564056576
I1222 14:40:46.525154 84545 thread.cpp:99] Thread 524297 construct Actor kNormalForward 1099530502144
I1222 14:40:46.525859 84604 thread.cpp:99] Thread 524354 construct Actor kCallbackNotify 1099650039808
I1222 14:40:46.520875 84579 runtime_context.cpp:29] DecreaseCounter constructing_actor_cnt, current val is 3309
I1222 14:40:46.526127 84590 thread.cpp:99] Thread 524337 construct Actor kSliceBoxing 1099614388224
I1222 14:40:46.526381 84584 runtime_context.cpp:29] DecreaseCounter constructing_actor_cnt, current val is 3300
I1222 14:40:46.526469 84561 thread.cpp:99] Thread 524319 construct Actor kNormalForward 1099576639488
I1222 14:40:46.526625 84560 thread.cpp:99] Thread 524316 construct Actor kNormalForward 1099570348032
I1222 14:40:46.526887 84594 runtime_context.cpp:29] DecreaseCounter constructing_actor_cnt, current val is 3299
I1222 14:40:46.526944 84533 thread.cpp:99] Thread 524302 construct Actor kNormalForward 1099540987904
I1222 14:40:46.527192 84606 runtime_context.cpp:29] DecreaseCounter constructing_actor_cnt, current val is 3298
I1222 14:40:46.527269 84605 thread.cpp:99] Thread 524336 construct Actor kSliceBoxing 1099612291072
I1222 14:40:46.527339 84583 thread.cpp:99] Thread 524321 construct Actor kDeviceTick 1099580833792
I1222 14:40:46.527454 84603 runtime_context.cpp:29] DecreaseCounter constructing_actor_cnt, current val is 3297
I1222 14:40:46.527611 84544 thread.cpp:99] Thread 524301 construct Actor kNormalForward 1099538890752
I1222 14:40:46.527724 84578 thread.cpp:99] Thread 524356 construct Actor kCriticalSectionWaitTick 1099654234112
I1222 14:40:46.522070 84550 thread.cpp:99] Thread 524305 construct Actor kNormalForward 1099547279360
I1222 14:40:46.527870 84558 runtime_context.cpp:29] DecreaseCounter constructing_actor_cnt, current val is 3296
I1222 14:40:46.527909 84564 thread.cpp:99] Thread 524317 construct Actor kNormalForward 1099572445184
I1222 14:40:46.528013 84553 thread.cpp:99] Thread 524307 construct Actor kNormalForward 1099551473664
I1222 14:40:46.528280 84593 runtime_context.cpp:29] DecreaseCounter constructing_actor_cnt, current val is 3295
I1222 14:40:46.528429 84555 thread.cpp:99] Thread 524312 construct Actor kNormalForward 1099561959424
I1222 14:40:46.528517 84602 thread.cpp:99] Thread 524323 construct Actor kNormalForward 1099585028096
I1222 14:40:46.528627 84582 thread.cpp:99] Thread 524324 construct Actor kNormalForward 1099587125248
I1222 14:40:46.528770 84542 naive_actor.cpp:25] actor 1099511627776 switch to &NaiveActor::HandlerNormal
I1222 14:40:46.528836 84571 runtime_context.cpp:29] DecreaseCounter constructing_actor_cnt, current val is 3294
I1222 14:40:46.528851 84599 thread.cpp:99] Thread 1048578 construct Actor kCopyHd 2199027449858
I1222 14:40:46.528941 84595 runtime_context.cpp:29] DecreaseCounter constructing_actor_cnt, current val is 3293
I1222 14:40:46.528992 84565 thread.cpp:99] Thread 524352 construct Actor kSrcSubsetTick 1099645845510
I1222 14:40:46.529078 84585 runtime_context.cpp:29] DecreaseCounter constructing_actor_cnt, current val is 3292
I1222 14:40:46.522804 84569 naive_actor.cpp:25] actor 2199025352769 switch to &NaiveActor::HandlerNormal
I1222 14:40:46.529304 84566 runtime_context.cpp:29] DecreaseCounter constructing_actor_cnt, current val is 3291
I1222 14:40:46.529366 84562 thread.cpp:99] Thread 524320 construct Actor kNormalForward 1099578736640
I1222 14:40:46.522995 84576 thread.cpp:99] Thread 1048579 construct Actor kCopyHd 2199029547014
I1222 14:40:46.523022 84551 naive_actor.cpp:25] actor 1099553570816 switch to &NaiveActor::HandlerNormal
I1222 14:40:46.529562 84556 runtime_context.cpp:29] DecreaseCounter constructing_actor_cnt, current val is 3290
I1222 14:40:46.535176 84576 runtime_context.cpp:29] DecreaseCounter constructing_actor_cnt, current val is 3258
I1222 14:40:46.529685 84559 thread.cpp:99] Thread 524314 construct Actor kNormalForward 1099566153728
I1222 14:40:46.529750 84534 thread.cpp:99] Thread 524298 construct Actor kNormalForward 1099532599296
I1222 14:40:46.535353 84559 runtime_context.cpp:29] DecreaseCounter constructing_actor_cnt, current val is 3257
I1222 14:40:46.529953 84597 runtime_context.cpp:29] DecreaseCounter constructing_actor_cnt, current val is 3289
I1222 14:40:46.530495 84538 thread.cpp:99] Thread 524295 construct Actor kNormalForward 1099526307840
I1222 14:40:46.523288 84535 naive_actor.cpp:25] actor 1099515822080 switch to &NaiveActor::HandlerNormal
I1222 14:40:46.530603 84539 runtime_context.cpp:29] DecreaseCounter constructing_actor_cnt, current val is 3288
I1222 14:40:46.530673 84536 thread.cpp:99] Thread 524291 construct Actor kNormalForward 1099517919232
I1222 14:40:46.530808 84547 runtime_context.cpp:29] DecreaseCounter constructing_actor_cnt, current val is 3287
I1222 14:40:46.530854 84592 runtime_context.cpp:29] DecreaseCounter constructing_actor_cnt, current val is 3286
I1222 14:40:46.530876 84601 runtime_context.cpp:29] DecreaseCounter constructing_actor_cnt, current val is 3285
I1222 14:40:46.530925 84532 thread.cpp:99] Thread 524292 construct Actor kNormalForward 1099520016384
I1222 14:40:46.531003 84537 thread.cpp:99] Thread 524293 construct Actor kNormalForward 1099522113536
I1222 14:40:46.531129 84600 runtime_context.cpp:29] DecreaseCounter constructing_actor_cnt, current val is 3284
I1222 14:40:46.531175 84548 thread.cpp:99] Thread 524304 construct Actor kRepeat 1099545182208
I1222 14:40:46.531209 84543 thread.cpp:99] Thread 524300 construct Actor kNormalForward 1099536793600
I1222 14:40:46.531324 84570 runtime_context.cpp:29] DecreaseCounter constructing_actor_cnt, current val is 3283
I1222 14:40:46.536948 84548 runtime_context.cpp:29] DecreaseCounter constructing_actor_cnt, current val is 3251
I1222 14:40:46.531493 84607 thread.cpp:99] Thread 524330 construct Actor kSliceBoxing 1099599708160
I1222 14:40:46.531579 84541 thread.cpp:99] Thread 524299 construct Actor kNormalForward 1099534696448
I1222 14:40:46.524328 84552 thread.cpp:99] Thread 524306 construct Actor kNormalForward 1099549376512
I1222 14:40:46.531886 84573 runtime_context.cpp:29] DecreaseCounter constructing_actor_cnt, current val is 3282
I1222 14:40:46.531983 84572 runtime_context.cpp:29] DecreaseCounter constructing_actor_cnt, current val is 3281
I1222 14:40:46.532006 84581 runtime_context.cpp:29] DecreaseCounter constructing_actor_cnt, current val is 3280
I1222 14:40:46.532014 84563 runtime_context.cpp:29] DecreaseCounter constructing_actor_cnt, current val is 3279
I1222 14:40:46.532121 84589 thread.cpp:99] Thread 524345 construct Actor kSliceBoxing 1099631165440
I1222 14:40:46.532192 84587 thread.cpp:99] Thread 524334 construct Actor kSliceBoxing 1099608096768
I1222 14:40:46.532328 84557 runtime_context.cpp:29] DecreaseCounter constructing_actor_cnt, current val is 3278
I1222 14:40:46.532426 84604 runtime_context.cpp:29] DecreaseCounter constructing_actor_cnt, current val is 3277
I1222 14:40:46.532439 84545 runtime_context.cpp:29] DecreaseCounter constructing_actor_cnt, current val is 3276
I1222 14:40:46.532486 84590 runtime_context.cpp:29] DecreaseCounter constructing_actor_cnt, current val is 3275
I1222 14:40:46.532694 84561 runtime_context.cpp:29] DecreaseCounter constructing_actor_cnt, current val is 3274
I1222 14:40:46.532835 84560 runtime_context.cpp:29] DecreaseCounter constructing_actor_cnt, current val is 3273
I1222 14:40:46.532896 84533 runtime_context.cpp:29] DecreaseCounter constructing_actor_cnt, current val is 3272
I1222 14:40:46.533591 84605 runtime_context.cpp:29] DecreaseCounter constructing_actor_cnt, current val is 3271
I1222 14:40:46.533603 84583 runtime_context.cpp:29] DecreaseCounter constructing_actor_cnt, current val is 3270
I1222 14:40:46.533756 84544 runtime_context.cpp:29] DecreaseCounter constructing_actor_cnt, current val is 3269
I1222 14:40:46.533830 84603 copy_comm_net_actor.cpp:66] actor 1099656331272 switch to &CopyCommNetActor::HandlerNormal
I1222 14:40:46.533854 84578 runtime_context.cpp:29] DecreaseCounter constructing_actor_cnt, current val is 3268
I1222 14:40:46.534008 84550 runtime_context.cpp:29] DecreaseCounter constructing_actor_cnt, current val is 3267
I1222 14:40:46.534026 84564 runtime_context.cpp:29] DecreaseCounter constructing_actor_cnt, current val is 3266
I1222 14:40:46.534102 84553 runtime_context.cpp:29] DecreaseCounter constructing_actor_cnt, current val is 3265
I1222 14:40:46.534350 84555 runtime_context.cpp:29] DecreaseCounter constructing_actor_cnt, current val is 3264
I1222 14:40:46.534375 84602 runtime_context.cpp:29] DecreaseCounter constructing_actor_cnt, current val is 3263
I1222 14:40:46.534446 84582 runtime_context.cpp:29] DecreaseCounter constructing_actor_cnt, current val is 3262
I1222 14:40:46.534473 84542 thread.cpp:99] Thread 524288 construct Actor kNormalForward 1099511627776
I1222 14:40:46.534626 84599 runtime_context.cpp:29] DecreaseCounter constructing_actor_cnt, current val is 3261
I1222 14:40:46.534773 84565 runtime_context.cpp:29] DecreaseCounter constructing_actor_cnt, current val is 3260
I1222 14:40:46.534881 84569 thread.cpp:99] Thread 1048577 construct Actor kCollectiveBoxingGeneric 2199025352769
I1222 14:40:46.535063 84562 runtime_context.cpp:29] DecreaseCounter constructing_actor_cnt, current val is 3259
I1222 14:40:46.535156 84551 thread.cpp:99] Thread 524308 construct Actor kNormalForward 1099553570816
I1222 14:40:46.529608 84531 thread.cpp:99] Thread 1048576 construct Actor kNormalForward 2199023255559
I1222 14:40:46.529826 84540 thread.cpp:99] Thread 524296 construct Actor kNormalForward 1099528404992
I1222 14:40:46.535405 84534 runtime_context.cpp:29] DecreaseCounter constructing_actor_cnt, current val is 3256
I1222 14:40:46.540086 84531 runtime_context.cpp:29] DecreaseCounter constructing_actor_cnt, current val is 3241
I1222 14:40:46.535586 84538 runtime_context.cpp:29] DecreaseCounter constructing_actor_cnt, current val is 3255
I1222 14:40:46.535642 84535 thread.cpp:99] Thread 524290 construct Actor kNormalForward 1099515822080
I1222 14:40:46.535823 84536 runtime_context.cpp:29] DecreaseCounter constructing_actor_cnt, current val is 3254
I1222 14:40:46.536206 84532 runtime_context.cpp:29] DecreaseCounter constructing_actor_cnt, current val is 3253
I1222 14:40:46.536747 84537 runtime_context.cpp:29] DecreaseCounter constructing_actor_cnt, current val is 3252
I1222 14:40:46.536950 84543 runtime_context.cpp:29] DecreaseCounter constructing_actor_cnt, current val is 3250
I1222 14:40:46.531366 84546 thread.cpp:99] Thread 524294 construct Actor kNormalForward 1099524210688
I1222 14:40:46.537134 84607 runtime_context.cpp:29] DecreaseCounter constructing_actor_cnt, current val is 3249
I1222 14:40:46.537240 84541 runtime_context.cpp:29] DecreaseCounter constructing_actor_cnt, current val is 3248
I1222 14:40:46.537268 84552 runtime_context.cpp:29] DecreaseCounter constructing_actor_cnt, current val is 3247
I1222 14:40:46.537652 84589 runtime_context.cpp:29] DecreaseCounter constructing_actor_cnt, current val is 3246
I1222 14:40:46.537662 84587 runtime_context.cpp:29] DecreaseCounter constructing_actor_cnt, current val is 3245
I1222 14:40:46.538487 84603 thread.cpp:99] Thread 524357 construct Actor kCopyCommNet 1099656331272
I1222 14:40:46.539039 84542 runtime_context.cpp:29] DecreaseCounter constructing_actor_cnt, current val is 3244
I1222 14:40:46.539177 84599 naive_actor.cpp:25] actor 2199027449857 switch to &NaiveActor::HandlerNormal
I1222 14:40:46.539533 84569 runtime_context.cpp:29] DecreaseCounter constructing_actor_cnt, current val is 3243
I1222 14:40:46.539958 84551 runtime_context.cpp:29] DecreaseCounter constructing_actor_cnt, current val is 3242
I1222 14:40:46.535579 84576 naive_actor.cpp:25] actor 2199029547008 switch to &NaiveActor::HandlerNormal
I1222 14:40:46.540104 84540 runtime_context.cpp:29] DecreaseCounter constructing_actor_cnt, current val is 3240
I1222 14:40:46.540097 84565 naive_actor.cpp:25] actor 1099645845512 switch to &NaiveActor::HandlerNormal
I1222 14:40:46.540391 84535 runtime_context.cpp:29] DecreaseCounter constructing_actor_cnt, current val is 3239
I1222 14:40:46.540928 84546 runtime_context.cpp:29] DecreaseCounter constructing_actor_cnt, current val is 3238
I1222 14:40:46.541360 84603 runtime_context.cpp:29] DecreaseCounter constructing_actor_cnt, current val is 3237
I1222 14:40:46.541446 84599 thread.cpp:99] Thread 1048578 construct Actor kCopyHd 2199027449857
I1222 14:40:46.541702 84576 thread.cpp:99] Thread 1048579 construct Actor kCopyHd 2199029547008
I1222 14:40:46.541761 84542 naive_actor.cpp:25] actor 1099511627777 switch to &NaiveActor::HandlerNormal
I1222 14:40:46.541808 84565 thread.cpp:99] Thread 524352 construct Actor kSrcSubsetTick 1099645845512
I1222 14:40:46.541962 84569 naive_actor.cpp:25] actor 2199025352788 switch to &NaiveActor::HandlerNormal
I1222 14:40:46.542026 84531 naive_actor.cpp:25] actor 2199023255582 switch to &NaiveActor::HandlerNormal
I1222 14:40:46.542233 84599 runtime_context.cpp:29] DecreaseCounter constructing_actor_cnt, current val is 3236
I1222 14:40:46.542299 84603 copy_comm_net_actor.cpp:66] actor 1099656331267 switch to &CopyCommNetActor::HandlerNormal
I1222 14:40:46.542361 84576 runtime_context.cpp:29] DecreaseCounter constructing_actor_cnt, current val is 3235
I1222 14:40:46.542434 84542 thread.cpp:99] Thread 524288 construct Actor kSliceBoxing 1099511627777
I1222 14:40:46.542557 84565 runtime_context.cpp:29] DecreaseCounter constructing_actor_cnt, current val is 3234
I1222 14:40:46.542577 84569 thread.cpp:99] Thread 1048577 construct Actor kCollectiveBoxingGeneric 2199025352788
I1222 14:40:46.542688 84531 thread.cpp:99] Thread 1048576 construct Actor kNormalForward 2199023255582
I1222 14:40:46.542801 84603 thread.cpp:99] Thread 524357 construct Actor kCopyCommNet 1099656331267
I1222 14:40:46.543013 84542 runtime_context.cpp:29] DecreaseCounter constructing_actor_cnt, current val is 3233
