Log file created at: 2021/12/22 14:36:31
Running on machine: cn1
Log line format: [IWEF]mmdd hh:mm:ss.uuuuuu threadid file:line] msg
I1222 14:36:31.825563 83365 global.h:36] NewGlobal N7oneflow7EnvDescE
I1222 14:36:31.826969 83365 global.h:36] NewGlobal N7oneflow10ProcessCtxE
I1222 14:36:31.826994 83365 env_global_objects_scope.cpp:157] using rpc backend: gRPC
I1222 14:36:31.827008 83365 global.h:36] NewGlobal N7oneflow10CtrlServerE
I1222 14:36:31.827759 83365 ctrl_server.cpp:40] CtrlServer listening on 0.0.0.0:41784
I1222 14:36:31.827895 83365 rank_info_bootstrap_server.cpp:47] RankInfoBootstrapServer listening on 0.0.0.0:36484
I1222 14:37:01.816002 83365 rpc_client.cpp:187] LoadServer cn1 Successful at 0 times
I1222 14:37:01.817955 83365 ctrl_bootstrap.cpp:77] 
ctrl_addr {
  host: "cn1"
  port: 35115
}
ctrl_addr {
  host: "172.16.0.11"
  port: 41784
}
ctrl_addr {
  host: "172.16.0.12"
  port: 36135
}
ctrl_addr {
  host: "172.16.0.12"
  port: 41487
}
rank: 1
node_size: 2
I1222 14:37:31.821285 83365 rpc_client.cpp:187] LoadServer cn1 Successful at 0 times
I1222 14:37:31.822084 83365 rpc_client.cpp:187] LoadServer 172.16.0.11 Successful at 0 times
I1222 14:37:31.822638 83365 rpc_client.cpp:187] LoadServer 172.16.0.12 Successful at 0 times
I1222 14:37:31.823192 83365 rpc_client.cpp:187] LoadServer 172.16.0.12 Successful at 0 times
I1222 14:37:31.846722 83365 global.h:36] NewGlobal N7oneflow12ResourceDescE
I1222 14:37:31.846769 83365 global.h:36] NewGlobal N7oneflow12ResourceDescE
I1222 14:37:31.855720 83365 net_ib_device_descriptor.cpp:110] Inactivate port: device mlx5_0 port 
I1222 14:37:31.859239 83365 net_ib_device_descriptor.cpp:110] Inactivate port: device mlx5_1 port 
I1222 14:37:31.866137 83365 net_ib_device_descriptor.cpp:110] Inactivate port: device mlx5_3 port 
I1222 14:37:31.987821 83365 global.h:36] NewGlobal N7oneflow2ep21DeviceManagerRegistryE
I1222 14:37:31.987869 83365 global.h:36] NewGlobal N7oneflow10ThreadPoolE
I1222 14:37:31.989133 83365 global.h:36] NewGlobal N7oneflow16EagerNcclCommMgrE
I1222 14:37:31.989158 83365 global.h:36] NewGlobal N7oneflow18CudnnConvAlgoCacheE
I1222 14:37:31.989171 83365 global.h:36] NewGlobal N7oneflow2vm19VirtualMachineScopeE
I1222 14:37:31.989192 83365 global.h:36] NewGlobal N7oneflow14VirtualMachineE
I1222 14:37:31.989500 83365 virtual_machine.cpp:80] transport stream type: N7oneflow2vm13CpuStreamTypeE
I1222 14:37:31.989519 83365 virtual_machine.cpp:80] transport stream type: N7oneflow2vm14CudaStreamTypeE
I1222 14:37:31.989531 83365 virtual_machine.cpp:80] transport stream type: N7oneflow2vm19AsyncCudaStreamTypeE
I1222 14:37:31.989652 83365 global.h:36] NewGlobal N7oneflow27EagerJobBuildAndInferCtxMgrE
I1222 14:37:31.989735 83365 global.h:36] NewGlobal N7oneflow12EpollCommNetE
I1222 14:37:31.989848 83365 epoll_comm_network.cpp:63] CommNet:Epoll listening on 0.0.0.0:37383
I1222 14:37:31.999346 83365 epoll_comm_network.cpp:197] machine 0 sockfd 60
I1222 14:37:31.999379 83365 epoll_comm_network.cpp:197] machine 1 sockfd -1
I1222 14:37:31.999389 83365 epoll_comm_network.cpp:197] machine 2 sockfd 58
I1222 14:37:31.999399 83365 epoll_comm_network.cpp:197] machine 3 sockfd 56
I1222 14:37:31.999490 83365 global.h:36] NewGlobal N7oneflow9TransportE
I1222 14:37:31.999548 83365 global.h:43] DeleteGlobal N7oneflow17ForeignLockHelperE
I1222 14:37:31.999637 83365 global.h:36] NewGlobal N7oneflow25MultiClientSessionContextE
I1222 14:37:39.588852 83365 version.cpp:22] OneFlow git version: v0.5.0-381-g3677dbf43-snapshot
I1222 14:37:39.588929 83365 cuda_device_manager_factory.cpp:63] CUDA runtime version: 11.1
I1222 14:37:39.588948 83365 cuda_device_manager_factory.cpp:72] cuDNN version: 8.0.5
I1222 14:37:39.588961 83365 cuda_device_manager_factory.cpp:85] NCCL version: 2.11.4
I1222 14:37:39.588999 83365 global.h:43] DeleteGlobal N7oneflow12ResourceDescE
I1222 14:37:39.589013 83365 global.h:36] NewGlobal N7oneflow12ResourceDescE
I1222 14:37:39.589025 83365 global.h:36] NewGlobal N7oneflow5IDMgrE
I1222 14:37:39.589037 83365 global.h:36] NewGlobal N7oneflow22TaskStreamIndexManagerE
I1222 14:37:39.589046 83365 global.h:36] NewGlobal N7oneflow26LazyJobBuildAndInferCtxMgrE
I1222 14:37:39.589191 83365 global.h:36] NewGlobal N7oneflow9BufferMgrISt10shared_ptrINS_11JobInstanceEEEE
I1222 14:37:39.589805 83365 global.h:36] NewGlobal N7oneflow9BufferMgrISt10shared_ptrINS_23CriticalSectionInstanceEEEE
I1222 14:37:39.589824 83365 global.h:36] NewGlobal N7oneflow10RuntimeCtxE
I1222 14:37:39.589840 83365 global.h:36] NewGlobal N7oneflow15MemoryAllocatorE
I1222 14:37:39.589855 83365 global.h:36] NewGlobal N7oneflow8ChunkMgrE
I1222 14:37:39.589869 83365 global.h:36] NewGlobal N7oneflow8RegstMgrE
I1222 14:37:39.589884 83365 global.h:36] NewGlobal N7oneflow11ActorMsgBusE
I1222 14:37:39.589896 83365 global.h:36] NewGlobal N7oneflow9ThreadMgrE
I1222 14:37:39.589908 83365 global.h:36] NewGlobal N7oneflow15RuntimeJobDescsE
I1222 14:37:39.589922 83365 global.h:36] NewGlobal N7oneflow7summary12EventsWriterE
I1222 14:37:39.589938 83365 global.h:36] NewGlobal N7oneflow6boxing10collective9SchedulerE
I1222 14:37:39.610584 83365 global.h:36] NewGlobal N7oneflow7JobDescE
I1222 14:37:39.713485 83576 eager_nccl_comm_manager.cpp:69]  EagerNcclCommMgr::ncclCommInitRank device_vec.size() = 2, nccl_unique_id = 0200ffffff8affffffffffffffac100a0b000000000000000000000000000000000000000000000000000000000000000000000000000000000000000000000000000000000000000000000000000000000000000000000000000000000000000000000000000000000000000000000000000000000000000000000000000000000000000000000000, rank = 0, key = {eager_nccl_unique_id_rpc_key,1:1,3:1}
I1222 14:37:41.490135 83365 global.h:43] DeleteGlobal N7oneflow7JobDescE
I1222 14:37:41.490278 83365 global.h:36] NewGlobal N7oneflow7JobDescE
I1222 14:37:48.850455 83365 global.h:43] DeleteGlobal N7oneflow7JobDescE
I1222 14:37:49.916570 83365 global.h:36] NewGlobal N7oneflow7JobDescE
I1222 14:38:07.324954 83365 runtime_context.cpp:21] NewCounter constructing_actor_cnt 2723
I1222 14:38:07.325736 83859 wait_and_send_ids_actor.cpp:53] actor 36284020031488 switch to &WaitAndSendIdsActor::HandlerWaitToStart
I1222 14:38:07.325877 83804 naive_actor.cpp:25] actor 37391985281420 switch to &NaiveActor::HandlerNormal
I1222 14:38:07.325814 83859 thread.cpp:99] Thread 17301569 construct Actor kWaitAndSendIds 36284020031488
I1222 14:38:07.326004 83804 thread.cpp:99] Thread 17829888 construct Actor kDeviceTick 37391985281420
I1222 14:38:07.326154 83859 runtime_context.cpp:29] DecreaseCounter constructing_actor_cnt, current val is 2722
I1222 14:38:07.326189 83804 runtime_context.cpp:29] DecreaseCounter constructing_actor_cnt, current val is 2721
I1222 14:38:07.326383 83804 naive_actor.cpp:25] actor 37391985281424 switch to &NaiveActor::HandlerNormal
I1222 14:38:07.326412 83804 thread.cpp:99] Thread 17829888 construct Actor kDeviceTick 37391985281424
I1222 14:38:07.326448 83804 runtime_context.cpp:29] DecreaseCounter constructing_actor_cnt, current val is 2720
I1222 14:38:07.327013 83804 naive_actor.cpp:25] actor 37391985281418 switch to &NaiveActor::HandlerNormal
I1222 14:38:07.327044 83804 thread.cpp:99] Thread 17829888 construct Actor kDeviceTick 37391985281418
I1222 14:38:07.327090 83804 runtime_context.cpp:29] DecreaseCounter constructing_actor_cnt, current val is 2719
I1222 14:38:07.327252 83804 naive_actor.cpp:25] actor 37391985281422 switch to &NaiveActor::HandlerNormal
I1222 14:38:07.327277 83804 thread.cpp:99] Thread 17829888 construct Actor kDeviceTick 37391985281422
I1222 14:38:07.327314 83804 runtime_context.cpp:29] DecreaseCounter constructing_actor_cnt, current val is 2718
I1222 14:38:07.391374 83802 naive_actor.cpp:25] actor 36283885813760 switch to &NaiveActor::HandlerNormal
I1222 14:38:07.391382 83800 naive_actor.cpp:25] actor 36283894202368 switch to &NaiveActor::HandlerNormal
I1222 14:38:07.391568 83802 thread.cpp:99] Thread 17301505 construct Actor kNormalForward 36283885813760
I1222 14:38:07.391932 83800 thread.cpp:99] Thread 17301509 construct Actor kNormalForward 36283894202368
I1222 14:38:07.391984 83801 naive_actor.cpp:25] actor 36283890008064 switch to &NaiveActor::HandlerNormal
I1222 14:38:07.392021 83847 naive_actor.cpp:25] actor 37391987376135 switch to &NaiveActor::HandlerNormal
I1222 14:38:07.392212 83802 runtime_context.cpp:29] DecreaseCounter constructing_actor_cnt, current val is 2717
I1222 14:38:07.392251 83800 runtime_context.cpp:29] DecreaseCounter constructing_actor_cnt, current val is 2716
I1222 14:38:07.392239 83856 naive_actor.cpp:25] actor 37391991570433 switch to &NaiveActor::HandlerNormal
I1222 14:38:07.392261 83840 naive_actor.cpp:25] actor 37391989473295 switch to &NaiveActor::HandlerNormal
I1222 14:38:07.392313 83801 thread.cpp:99] Thread 17301507 construct Actor kNormalForward 36283890008064
I1222 14:38:07.392362 83804 naive_actor.cpp:25] actor 37391985279007 switch to &NaiveActor::HandlerNormal
I1222 14:38:07.393630 83801 runtime_context.cpp:29] DecreaseCounter constructing_actor_cnt, current val is 2715
I1222 14:38:07.392491 83848 copy_comm_net_actor.cpp:66] actor 36284028420105 switch to &CopyCommNetActor::HandlerNormal
I1222 14:38:07.392589 83799 naive_actor.cpp:25] actor 36283892105216 switch to &NaiveActor::HandlerNormal
I1222 14:38:07.392621 83805 naive_actor.cpp:25] actor 36284017934342 switch to &NaiveActor::HandlerNormal
I1222 14:38:07.392632 83851 naive_actor.cpp:25] actor 36283898396672 switch to &NaiveActor::HandlerNormal
I1222 14:38:07.392638 83857 sink_actor.cpp:21] actor 36284022128640 switch to &SinkActor::HandlerNormal
I1222 14:38:07.392699 83798 naive_actor.cpp:25] actor 36283887910912 switch to &NaiveActor::HandlerNormal
I1222 14:38:07.392765 83797 naive_actor.cpp:25] actor 36283883716608 switch to &NaiveActor::HandlerNormal
I1222 14:38:07.392905 83796 naive_actor.cpp:25] actor 36283896299520 switch to &NaiveActor::HandlerNormal
I1222 14:38:07.392964 83849 naive_actor.cpp:25] actor 36283900493824 switch to &NaiveActor::HandlerNormal
I1222 14:38:07.393116 83850 naive_actor.cpp:25] actor 36284026322944 switch to &NaiveActor::HandlerNormal
I1222 14:38:07.393152 83858 naive_actor.cpp:25] actor 36284024225792 switch to &NaiveActor::HandlerNormal
I1222 14:38:07.393397 83856 thread.cpp:99] Thread 17829891 construct Actor kCopyHd 37391991570433
I1222 14:38:07.393540 83840 thread.cpp:99] Thread 17829890 construct Actor kCollectiveBoxingGeneric 37391989473295
I1222 14:38:07.392484 83847 thread.cpp:99] Thread 17829889 construct Actor kCopyHd 37391987376135
I1222 14:38:07.393636 83804 thread.cpp:99] Thread 17829888 construct Actor kNormalForward 37391985279007
I1222 14:38:07.394778 83847 runtime_context.cpp:29] DecreaseCounter constructing_actor_cnt, current val is 2712
I1222 14:38:07.393824 83799 thread.cpp:99] Thread 17301508 construct Actor kNormalForward 36283892105216
I1222 14:38:07.393903 83805 thread.cpp:99] Thread 17301568 construct Actor kSrcSubsetTick 36284017934342
I1222 14:38:07.393956 83851 thread.cpp:99] Thread 17301511 construct Actor kNormalForward 36283898396672
I1222 14:38:07.394001 83857 thread.cpp:99] Thread 17301570 construct Actor kCallbackNotify 36284022128640
I1222 14:38:07.395004 83805 runtime_context.cpp:29] DecreaseCounter constructing_actor_cnt, current val is 2709
I1222 14:38:07.394217 83797 thread.cpp:99] Thread 17301504 construct Actor kNormalForward 36283883716608
I1222 14:38:07.394325 83796 thread.cpp:99] Thread 17301510 construct Actor kNormalForward 36283896299520
I1222 14:38:07.394374 83849 thread.cpp:99] Thread 17301512 construct Actor kNormalForward 36283900493824
I1222 14:38:07.394446 83850 thread.cpp:99] Thread 17301572 construct Actor kCriticalSectionWaitTick 36284026322944
I1222 14:38:07.395308 83849 runtime_context.cpp:29] DecreaseCounter constructing_actor_cnt, current val is 2705
I1222 14:38:07.394670 83856 runtime_context.cpp:29] DecreaseCounter constructing_actor_cnt, current val is 2714
I1222 14:38:07.394770 83840 runtime_context.cpp:29] DecreaseCounter constructing_actor_cnt, current val is 2713
I1222 14:38:07.393762 83848 thread.cpp:99] Thread 17301573 construct Actor kCopyCommNet 36284028420105
I1222 14:38:07.394858 83804 runtime_context.cpp:29] DecreaseCounter constructing_actor_cnt, current val is 2711
I1222 14:38:07.395630 83848 runtime_context.cpp:29] DecreaseCounter constructing_actor_cnt, current val is 2702
I1222 14:38:07.394976 83847 naive_actor.cpp:25] actor 37391987376128 switch to &NaiveActor::HandlerNormal
I1222 14:38:07.396426 83847 thread.cpp:99] Thread 17829889 construct Actor kCopyHd 37391987376128
I1222 14:38:07.395010 83851 runtime_context.cpp:29] DecreaseCounter constructing_actor_cnt, current val is 2708
I1222 14:38:07.395028 83857 runtime_context.cpp:29] DecreaseCounter constructing_actor_cnt, current val is 2707
I1222 14:38:07.395205 83797 runtime_context.cpp:29] DecreaseCounter constructing_actor_cnt, current val is 2706
I1222 14:38:07.394558 83858 thread.cpp:99] Thread 17301571 construct Actor kCriticalSectionWaitTick 36284024225792
I1222 14:38:07.395324 83796 runtime_context.cpp:29] DecreaseCounter constructing_actor_cnt, current val is 2704
I1222 14:38:07.395359 83850 runtime_context.cpp:29] DecreaseCounter constructing_actor_cnt, current val is 2703
I1222 14:38:07.395488 83805 naive_actor.cpp:25] actor 36284017934340 switch to &NaiveActor::HandlerNormal
I1222 14:38:07.394917 83799 runtime_context.cpp:29] DecreaseCounter constructing_actor_cnt, current val is 2710
I1222 14:38:07.395700 83856 naive_actor.cpp:25] actor 37391991570434 switch to &NaiveActor::HandlerNormal
I1222 14:38:07.395890 83840 naive_actor.cpp:25] actor 37391989473299 switch to &NaiveActor::HandlerNormal
I1222 14:38:07.395994 83848 copy_comm_net_actor.cpp:66] actor 36284028420096 switch to &CopyCommNetActor::HandlerNormal
I1222 14:38:07.396198 83804 naive_actor.cpp:25] actor 37391985279000 switch to &NaiveActor::HandlerNormal
I1222 14:38:07.397222 83804 thread.cpp:99] Thread 17829888 construct Actor kNormalForward 37391985279000
I1222 14:38:07.396486 83847 runtime_context.cpp:29] DecreaseCounter constructing_actor_cnt, current val is 2701
I1222 14:38:07.396747 83858 runtime_context.cpp:29] DecreaseCounter constructing_actor_cnt, current val is 2700
I1222 14:38:07.396905 83805 thread.cpp:99] Thread 17301568 construct Actor kTick 36284017934340
I1222 14:38:07.397018 83856 thread.cpp:99] Thread 17829891 construct Actor kCopyHd 37391991570434
I1222 14:38:07.397126 83840 thread.cpp:99] Thread 17829890 construct Actor kCollectiveBoxingGeneric 37391989473299
I1222 14:38:07.397475 83856 runtime_context.cpp:29] DecreaseCounter constructing_actor_cnt, current val is 2697
I1222 14:38:07.394109 83798 thread.cpp:99] Thread 17301506 construct Actor kNormalForward 36283887910912
I1222 14:38:07.397284 83804 runtime_context.cpp:29] DecreaseCounter constructing_actor_cnt, current val is 2699
I1222 14:38:07.397390 83847 naive_actor.cpp:25] actor 37391987376133 switch to &NaiveActor::HandlerNormal
I1222 14:38:07.397418 83805 runtime_context.cpp:29] DecreaseCounter constructing_actor_cnt, current val is 2698
I1222 14:38:07.397716 83798 runtime_context.cpp:29] DecreaseCounter constructing_actor_cnt, current val is 2695
I1222 14:38:07.397526 83840 runtime_context.cpp:29] DecreaseCounter constructing_actor_cnt, current val is 2696
I1222 14:38:07.397680 83847 thread.cpp:99] Thread 17829889 construct Actor kCopyHd 37391987376133
I1222 14:38:07.397182 83848 thread.cpp:99] Thread 17301573 construct Actor kCopyCommNet 36284028420096
I1222 14:38:07.397759 83856 naive_actor.cpp:25] actor 37391991570432 switch to &NaiveActor::HandlerNormal
I1222 14:38:07.397946 83847 runtime_context.cpp:29] DecreaseCounter constructing_actor_cnt, current val is 2694
I1222 14:38:07.398036 83848 runtime_context.cpp:29] DecreaseCounter constructing_actor_cnt, current val is 2693
I1222 14:38:07.398085 83856 thread.cpp:99] Thread 17829891 construct Actor kCopyHd 37391991570432
I1222 14:38:07.398274 83847 naive_actor.cpp:25] actor 37391987376132 switch to &NaiveActor::HandlerNormal
I1222 14:38:07.398298 83856 runtime_context.cpp:29] DecreaseCounter constructing_actor_cnt, current val is 2692
I1222 14:38:07.398396 83848 copy_comm_net_actor.cpp:66] actor 36284028420106 switch to &CopyCommNetActor::HandlerNormal
I1222 14:38:07.398329 83847 thread.cpp:99] Thread 17829889 construct Actor kCopyHd 37391987376132
I1222 14:38:07.398325 83805 naive_actor.cpp:25] actor 36284017934338 switch to &NaiveActor::HandlerNormal
I1222 14:38:07.398309 83840 naive_actor.cpp:25] actor 37391989473322 switch to &NaiveActor::HandlerNormal
I1222 14:38:07.398458 83804 naive_actor.cpp:25] actor 37391985278991 switch to &NaiveActor::HandlerNormal
I1222 14:38:07.398478 83848 thread.cpp:99] Thread 17301573 construct Actor kCopyCommNet 36284028420106
I1222 14:38:07.398528 83847 runtime_context.cpp:29] DecreaseCounter constructing_actor_cnt, current val is 2691
I1222 14:38:07.399477 83848 runtime_context.cpp:29] DecreaseCounter constructing_actor_cnt, current val is 2690
I1222 14:38:07.399343 83840 thread.cpp:99] Thread 17829890 construct Actor kCollectiveBoxingGeneric 37391989473322
I1222 14:38:07.399391 83804 thread.cpp:99] Thread 17829888 construct Actor kNormalForward 37391985278991
I1222 14:38:07.398636 83805 thread.cpp:99] Thread 17301568 construct Actor kDstSubsetTick 36284017934338
I1222 14:38:07.399643 83840 runtime_context.cpp:29] DecreaseCounter constructing_actor_cnt, current val is 2689
I1222 14:38:07.399688 83804 runtime_context.cpp:29] DecreaseCounter constructing_actor_cnt, current val is 2688
I1222 14:38:07.399709 83848 copy_comm_net_actor.cpp:66] actor 36284028420099 switch to &CopyCommNetActor::HandlerNormal
I1222 14:38:07.399756 83805 runtime_context.cpp:29] DecreaseCounter constructing_actor_cnt, current val is 2687
I1222 14:38:07.399796 83847 naive_actor.cpp:25] actor 37391987376131 switch to &NaiveActor::HandlerNormal
I1222 14:38:07.399879 83848 thread.cpp:99] Thread 17301573 construct Actor kCopyCommNet 36284028420099
I1222 14:38:07.399997 83847 thread.cpp:99] Thread 17829889 construct Actor kCopyHd 37391987376131
I1222 14:38:07.400066 83840 naive_actor.cpp:25] actor 37391989473325 switch to &NaiveActor::HandlerNormal
I1222 14:38:07.400075 83848 runtime_context.cpp:29] DecreaseCounter constructing_actor_cnt, current val is 2686
I1222 14:38:07.400125 83847 runtime_context.cpp:29] DecreaseCounter constructing_actor_cnt, current val is 2685
I1222 14:38:07.400185 83840 thread.cpp:99] Thread 17829890 construct Actor kCollectiveBoxingGeneric 37391989473325
I1222 14:38:07.400250 83805 naive_actor.cpp:25] actor 36284017934337 switch to &NaiveActor::HandlerNormal
I1222 14:38:07.400409 83848 copy_comm_net_actor.cpp:66] actor 36284028420102 switch to &CopyCommNetActor::HandlerNormal
I1222 14:38:07.400384 83840 runtime_context.cpp:29] DecreaseCounter constructing_actor_cnt, current val is 2684
I1222 14:38:07.400415 83805 thread.cpp:99] Thread 17301568 construct Actor kTick 36284017934337
I1222 14:38:07.400410 83847 naive_actor.cpp:25] actor 37391987376130 switch to &NaiveActor::HandlerNormal
I1222 14:38:07.400625 83805 runtime_context.cpp:29] DecreaseCounter constructing_actor_cnt, current val is 2683
I1222 14:38:07.400475 83848 thread.cpp:99] Thread 17301573 construct Actor kCopyCommNet 36284028420102
I1222 14:38:07.400410 83804 naive_actor.cpp:25] actor 37391985279039 switch to &NaiveActor::HandlerNormal
I1222 14:38:07.400632 83847 thread.cpp:99] Thread 17829889 construct Actor kCopyHd 37391987376130
I1222 14:38:07.400744 83848 runtime_context.cpp:29] DecreaseCounter constructing_actor_cnt, current val is 2682
I1222 14:38:07.400768 83804 thread.cpp:99] Thread 17829888 construct Actor kNormalForward 37391985279039
I1222 14:38:07.400804 83840 naive_actor.cpp:25] actor 37391989473348 switch to &NaiveActor::HandlerNormal
I1222 14:38:07.400831 83847 runtime_context.cpp:29] DecreaseCounter constructing_actor_cnt, current val is 2681
I1222 14:38:07.400945 83804 runtime_context.cpp:29] DecreaseCounter constructing_actor_cnt, current val is 2680
I1222 14:38:07.400980 83805 naive_actor.cpp:25] actor 36284017934341 switch to &NaiveActor::HandlerNormal
I1222 14:38:07.400983 83840 thread.cpp:99] Thread 17829890 construct Actor kCollectiveBoxingGeneric 37391989473348
I1222 14:38:07.401017 83848 copy_comm_net_actor.cpp:66] actor 36284028420117 switch to &CopyCommNetActor::HandlerNormal
I1222 14:38:07.401119 83805 thread.cpp:99] Thread 17301568 construct Actor kTick 36284017934341
I1222 14:38:07.401142 83847 naive_actor.cpp:25] actor 37391987376129 switch to &NaiveActor::HandlerNormal
I1222 14:38:07.401221 83840 runtime_context.cpp:29] DecreaseCounter constructing_actor_cnt, current val is 2679
I1222 14:38:07.401244 83848 thread.cpp:99] Thread 17301573 construct Actor kCopyCommNet 36284028420117
I1222 14:38:07.401284 83804 naive_actor.cpp:25] actor 37391985279032 switch to &NaiveActor::HandlerNormal
I1222 14:38:07.402058 83804 thread.cpp:99] Thread 17829888 construct Actor kNormalForward 37391985279032
I1222 14:38:07.401913 83847 thread.cpp:99] Thread 17829889 construct Actor kCopyHd 37391987376129
I1222 14:38:07.402037 83848 runtime_context.cpp:29] DecreaseCounter constructing_actor_cnt, current val is 2677
I1222 14:38:07.401377 83805 runtime_context.cpp:29] DecreaseCounter constructing_actor_cnt, current val is 2678
I1222 14:38:07.402119 83804 runtime_context.cpp:29] DecreaseCounter constructing_actor_cnt, current val is 2676
I1222 14:38:07.402148 83847 runtime_context.cpp:29] DecreaseCounter constructing_actor_cnt, current val is 2675
I1222 14:38:07.402312 83848 copy_comm_net_actor.cpp:66] actor 36284028420098 switch to &CopyCommNetActor::HandlerNormal
I1222 14:38:07.402237 83840 naive_actor.cpp:25] actor 37391989473304 switch to &NaiveActor::HandlerNormal
I1222 14:38:07.402379 83848 thread.cpp:99] Thread 17301573 construct Actor kCopyCommNet 36284028420098
I1222 14:38:07.402428 83847 naive_actor.cpp:25] actor 37391987376141 switch to &NaiveActor::HandlerNormal
I1222 14:38:07.402462 83840 thread.cpp:99] Thread 17829890 construct Actor kCollectiveBoxingGeneric 37391989473304
I1222 14:38:07.402520 83805 naive_actor.cpp:25] actor 36284017934343 switch to &NaiveActor::HandlerNormal
I1222 14:38:07.402526 83848 runtime_context.cpp:29] DecreaseCounter constructing_actor_cnt, current val is 2674
I1222 14:38:07.402557 83847 thread.cpp:99] Thread 17829889 construct Actor kCopyHd 37391987376141
I1222 14:38:07.402648 83840 runtime_context.cpp:29] DecreaseCounter constructing_actor_cnt, current val is 2673
I1222 14:38:07.402683 83805 thread.cpp:99] Thread 17301568 construct Actor kDstSubsetTick 36284017934343
I1222 14:38:07.402792 83847 runtime_context.cpp:29] DecreaseCounter constructing_actor_cnt, current val is 2672
I1222 14:38:07.402945 83805 runtime_context.cpp:29] DecreaseCounter constructing_actor_cnt, current val is 2671
I1222 14:38:07.402905 83804 naive_actor.cpp:25] actor 37391985279023 switch to &NaiveActor::HandlerNormal
I1222 14:38:07.402890 83848 copy_comm_net_actor.cpp:66] actor 36284028420107 switch to &CopyCommNetActor::HandlerNormal
I1222 14:38:07.403053 83804 thread.cpp:99] Thread 17829888 construct Actor kNormalForward 37391985279023
I1222 14:38:07.403131 83840 naive_actor.cpp:25] actor 37391989473351 switch to &NaiveActor::HandlerNormal
I1222 14:38:07.403120 83848 thread.cpp:99] Thread 17301573 construct Actor kCopyCommNet 36284028420107
I1222 14:38:07.403069 83847 naive_actor.cpp:25] actor 37391987376136 switch to &NaiveActor::HandlerNormal
I1222 14:38:07.403194 83804 runtime_context.cpp:29] DecreaseCounter constructing_actor_cnt, current val is 2670
I1222 14:38:07.403228 83840 thread.cpp:99] Thread 17829890 construct Actor kCollectiveBoxingGeneric 37391989473351
I1222 14:38:07.403291 83805 naive_actor.cpp:25] actor 36284017934339 switch to &NaiveActor::HandlerNormal
I1222 14:38:07.403292 83848 runtime_context.cpp:29] DecreaseCounter constructing_actor_cnt, current val is 2669
I1222 14:38:07.403317 83847 thread.cpp:99] Thread 17829889 construct Actor kCopyHd 37391987376136
I1222 14:38:07.403429 83840 runtime_context.cpp:29] DecreaseCounter constructing_actor_cnt, current val is 2668
I1222 14:38:07.403463 83805 thread.cpp:99] Thread 17301568 construct Actor kTick 36284017934339
I1222 14:38:07.403565 83847 runtime_context.cpp:29] DecreaseCounter constructing_actor_cnt, current val is 2667
I1222 14:38:07.403651 83848 copy_comm_net_actor.cpp:66] actor 36284028420101 switch to &CopyCommNetActor::HandlerNormal
I1222 14:38:07.403698 83805 runtime_context.cpp:29] DecreaseCounter constructing_actor_cnt, current val is 2666
I1222 14:38:07.403750 83848 thread.cpp:99] Thread 17301573 construct Actor kCopyCommNet 36284028420101
I1222 14:38:07.403810 83847 naive_actor.cpp:25] actor 37391987376134 switch to &NaiveActor::HandlerNormal
I1222 14:38:07.403862 83840 naive_actor.cpp:25] actor 37391989473331 switch to &NaiveActor::HandlerNormal
I1222 14:38:07.404032 83804 naive_actor.cpp:25] actor 37391985279071 switch to &NaiveActor::HandlerNormal
I1222 14:38:07.404211 83805 naive_actor.cpp:25] actor 36284017934345 switch to &NaiveActor::HandlerNormal
I1222 14:38:07.404424 83848 runtime_context.cpp:29] DecreaseCounter constructing_actor_cnt, current val is 2665
I1222 14:38:07.404438 83847 thread.cpp:99] Thread 17829889 construct Actor kCopyHd 37391987376134
I1222 14:38:07.404521 83840 thread.cpp:99] Thread 17829890 construct Actor kCollectiveBoxingGeneric 37391989473331
I1222 14:38:07.404567 83804 thread.cpp:99] Thread 17829888 construct Actor kNormalForward 37391985279071
I1222 14:38:07.404628 83805 thread.cpp:99] Thread 17301568 construct Actor kDstSubsetTick 36284017934345
I1222 14:38:07.404736 83847 runtime_context.cpp:29] DecreaseCounter constructing_actor_cnt, current val is 2664
I1222 14:38:07.404914 83805 runtime_context.cpp:29] DecreaseCounter constructing_actor_cnt, current val is 2661
I1222 14:38:07.404830 83848 copy_comm_net_actor.cpp:66] actor 36284028420100 switch to &CopyCommNetActor::HandlerNormal
I1222 14:38:07.404850 83804 runtime_context.cpp:29] DecreaseCounter constructing_actor_cnt, current val is 2662
I1222 14:38:07.404826 83840 runtime_context.cpp:29] DecreaseCounter constructing_actor_cnt, current val is 2663
I1222 14:38:07.405023 83847 naive_actor.cpp:25] actor 37391987376142 switch to &NaiveActor::HandlerNormal
I1222 14:38:07.405028 83848 thread.cpp:99] Thread 17301573 construct Actor kCopyCommNet 36284028420100
I1222 14:38:07.405179 83847 thread.cpp:99] Thread 17829889 construct Actor kCopyHd 37391987376142
I1222 14:38:07.405253 83848 runtime_context.cpp:29] DecreaseCounter constructing_actor_cnt, current val is 2660
I1222 14:38:07.405284 83847 runtime_context.cpp:29] DecreaseCounter constructing_actor_cnt, current val is 2659
I1222 14:38:07.405350 83805 naive_actor.cpp:25] actor 36284017934344 switch to &NaiveActor::HandlerNormal
I1222 14:38:07.405386 83840 naive_actor.cpp:25] actor 37391989473366 switch to &NaiveActor::HandlerNormal
I1222 14:38:07.405436 83805 thread.cpp:99] Thread 17301568 construct Actor kSrcSubsetTick 36284017934344
I1222 14:38:07.405441 83848 copy_comm_net_actor.cpp:66] actor 36284028420104 switch to &CopyCommNetActor::HandlerNormal
I1222 14:38:07.405472 83847 naive_actor.cpp:25] actor 37391987376144 switch to &NaiveActor::HandlerNormal
I1222 14:38:07.405524 83840 thread.cpp:99] Thread 17829890 construct Actor kCollectiveBoxingGeneric 37391989473366
I1222 14:38:07.405609 83805 runtime_context.cpp:29] DecreaseCounter constructing_actor_cnt, current val is 2658
I1222 14:38:07.405625 83848 thread.cpp:99] Thread 17301573 construct Actor kCopyCommNet 36284028420104
I1222 14:38:07.405628 83804 naive_actor.cpp:25] actor 37391985279004 switch to &NaiveActor::HandlerNormal
I1222 14:38:07.405666 83847 thread.cpp:99] Thread 17829889 construct Actor kCopyHd 37391987376144
I1222 14:38:07.405755 83840 runtime_context.cpp:29] DecreaseCounter constructing_actor_cnt, current val is 2657
I1222 14:38:07.405859 83848 runtime_context.cpp:29] DecreaseCounter constructing_actor_cnt, current val is 2656
I1222 14:38:07.405880 83804 thread.cpp:99] Thread 17829888 construct Actor kNormalForward 37391985279004
I1222 14:38:07.405934 83847 runtime_context.cpp:29] DecreaseCounter constructing_actor_cnt, current val is 2655
I1222 14:38:07.406108 83804 runtime_context.cpp:29] DecreaseCounter constructing_actor_cnt, current val is 2654
I1222 14:38:07.406191 83805 naive_actor.cpp:25] actor 36284017934336 switch to &NaiveActor::HandlerNormal
I1222 14:38:07.406240 83840 naive_actor.cpp:25] actor 37391989473292 switch to &NaiveActor::HandlerNormal
I1222 14:38:07.406206 83847 naive_actor.cpp:25] actor 37391987376139 switch to &NaiveActor::HandlerNormal
I1222 14:38:07.406193 83848 copy_comm_net_actor.cpp:66] actor 36284028420110 switch to &CopyCommNetActor::HandlerNormal
I1222 14:38:07.406270 83805 thread.cpp:99] Thread 17301568 construct Actor kSrcSubsetTick 36284017934336
I1222 14:38:07.406343 83840 thread.cpp:99] Thread 17829890 construct Actor kCollectiveBoxingGeneric 37391989473292
I1222 14:38:07.406432 83847 thread.cpp:99] Thread 17829889 construct Actor kCopyHd 37391987376139
I1222 14:38:07.407260 83840 runtime_context.cpp:29] DecreaseCounter constructing_actor_cnt, current val is 2652
I1222 14:38:07.407114 83848 thread.cpp:99] Thread 17301573 construct Actor kCopyCommNet 36284028420110
I1222 14:38:07.407198 83805 runtime_context.cpp:29] DecreaseCounter constructing_actor_cnt, current val is 2653
I1222 14:38:07.406741 83804 naive_actor.cpp:25] actor 37391985279003 switch to &NaiveActor::HandlerNormal
I1222 14:38:07.407287 83847 runtime_context.cpp:29] DecreaseCounter constructing_actor_cnt, current val is 2651
I1222 14:38:07.407393 83848 runtime_context.cpp:29] DecreaseCounter constructing_actor_cnt, current val is 2650
I1222 14:38:07.407472 83804 thread.cpp:99] Thread 17829888 construct Actor kNormalForward 37391985279003
I1222 14:38:07.407560 83840 naive_actor.cpp:25] actor 37391989473394 switch to &NaiveActor::HandlerNormal
I1222 14:38:07.407610 83847 naive_actor.cpp:25] actor 37391987376138 switch to &NaiveActor::HandlerNormal
I1222 14:38:07.407622 83804 runtime_context.cpp:29] DecreaseCounter constructing_actor_cnt, current val is 2649
I1222 14:38:07.407673 83840 thread.cpp:99] Thread 17829890 construct Actor kCollectiveBoxingGeneric 37391989473394
I1222 14:38:07.407696 83848 copy_comm_net_actor.cpp:66] actor 36284028420103 switch to &CopyCommNetActor::HandlerNormal
I1222 14:38:07.407716 83847 thread.cpp:99] Thread 17829889 construct Actor kCopyHd 37391987376138
I1222 14:38:07.407855 83840 runtime_context.cpp:29] DecreaseCounter constructing_actor_cnt, current val is 2648
I1222 14:38:07.407881 83848 thread.cpp:99] Thread 17301573 construct Actor kCopyCommNet 36284028420103
I1222 14:38:07.407941 83847 runtime_context.cpp:29] DecreaseCounter constructing_actor_cnt, current val is 2647
I1222 14:38:07.408053 83848 runtime_context.cpp:29] DecreaseCounter constructing_actor_cnt, current val is 2646
I1222 14:38:07.408174 83847 naive_actor.cpp:25] actor 37391987376140 switch to &NaiveActor::HandlerNormal
I1222 14:38:07.408222 83847 thread.cpp:99] Thread 17829889 construct Actor kCopyHd 37391987376140
I1222 14:38:07.408253 83840 naive_actor.cpp:25] actor 37391989473369 switch to &NaiveActor::HandlerNormal
I1222 14:38:07.408334 83804 naive_actor.cpp:25] actor 37391985279064 switch to &NaiveActor::HandlerNormal
I1222 14:38:07.408272 83847 runtime_context.cpp:29] DecreaseCounter constructing_actor_cnt, current val is 2645
I1222 14:38:07.408254 83848 copy_comm_net_actor.cpp:66] actor 36284028420112 switch to &CopyCommNetActor::HandlerNormal
I1222 14:38:07.408344 83840 thread.cpp:99] Thread 17829890 construct Actor kCollectiveBoxingGeneric 37391989473369
I1222 14:38:07.408387 83804 thread.cpp:99] Thread 17829888 construct Actor kNormalForward 37391985279064
I1222 14:38:07.408480 83848 thread.cpp:99] Thread 17301573 construct Actor kCopyCommNet 36284028420112
I1222 14:38:07.408524 83847 naive_actor.cpp:25] actor 37391987376137 switch to &NaiveActor::HandlerNormal
I1222 14:38:07.408566 83840 runtime_context.cpp:29] DecreaseCounter constructing_actor_cnt, current val is 2644
I1222 14:38:07.408604 83804 runtime_context.cpp:29] DecreaseCounter constructing_actor_cnt, current val is 2643
I1222 14:38:07.408636 83848 runtime_context.cpp:29] DecreaseCounter constructing_actor_cnt, current val is 2642
I1222 14:38:07.408658 83847 thread.cpp:99] Thread 17829889 construct Actor kCopyHd 37391987376137
I1222 14:38:07.408864 83847 runtime_context.cpp:29] DecreaseCounter constructing_actor_cnt, current val is 2641
I1222 14:38:07.408941 83848 copy_comm_net_actor.cpp:66] actor 36284028420097 switch to &CopyCommNetActor::HandlerNormal
I1222 14:38:07.408982 83804 naive_actor.cpp:25] actor 37391985278992 switch to &NaiveActor::HandlerNormal
I1222 14:38:07.408984 83840 naive_actor.cpp:25] actor 37391989473345 switch to &NaiveActor::HandlerNormal
I1222 14:38:07.409009 83847 naive_actor.cpp:25] actor 37391987376143 switch to &NaiveActor::HandlerNormal
I1222 14:38:07.409075 83848 thread.cpp:99] Thread 17301573 construct Actor kCopyCommNet 36284028420097
I1222 14:38:07.409552 83804 thread.cpp:99] Thread 17829888 construct Actor kNormalForward 37391985278992
I1222 14:38:07.409704 83848 runtime_context.cpp:29] DecreaseCounter constructing_actor_cnt, current val is 2640
I1222 14:38:07.409729 83804 runtime_context.cpp:29] DecreaseCounter constructing_actor_cnt, current val is 2639
I1222 14:38:07.409617 83840 thread.cpp:99] Thread 17829890 construct Actor kCollectiveBoxingGeneric 37391989473345
I1222 14:38:07.409647 83847 thread.cpp:99] Thread 17829889 construct Actor kCopyHd 37391987376143
I1222 14:38:07.409865 83840 runtime_context.cpp:29] DecreaseCounter constructing_actor_cnt, current val is 2638
I1222 14:38:07.409883 83847 runtime_context.cpp:29] DecreaseCounter constructing_actor_cnt, current val is 2637
I1222 14:38:07.409895 83848 copy_comm_net_actor.cpp:66] actor 36284028420114 switch to &CopyCommNetActor::HandlerNormal
I1222 14:38:07.410027 83848 thread.cpp:99] Thread 17301573 construct Actor kCopyCommNet 36284028420114
I1222 14:38:07.410094 83848 runtime_context.cpp:29] DecreaseCounter constructing_actor_cnt, current val is 2636
I1222 14:38:07.410192 83840 naive_actor.cpp:25] actor 37391989473424 switch to &NaiveActor::HandlerNormal
I1222 14:38:07.410271 83848 copy_comm_net_actor.cpp:66] actor 36284028420108 switch to &CopyCommNetActor::HandlerNormal
I1222 14:38:07.410275 83840 thread.cpp:99] Thread 17829890 construct Actor kCollectiveBoxingGeneric 37391989473424
I1222 14:38:07.410300 83804 naive_actor.cpp:25] actor 37391985278979 switch to &NaiveActor::HandlerNormal
I1222 14:38:07.410329 83848 thread.cpp:99] Thread 17301573 construct Actor kCopyCommNet 36284028420108
I1222 14:38:07.410413 83840 runtime_context.cpp:29] DecreaseCounter constructing_actor_cnt, current val is 2635
I1222 14:38:07.410413 83804 thread.cpp:99] Thread 17829888 construct Actor kNormalForward 37391985278979
I1222 14:38:07.410463 83848 runtime_context.cpp:29] DecreaseCounter constructing_actor_cnt, current val is 2634
I1222 14:38:07.410588 83804 runtime_context.cpp:29] DecreaseCounter constructing_actor_cnt, current val is 2633
I1222 14:38:07.410728 83848 copy_comm_net_actor.cpp:66] actor 36284028420116 switch to &CopyCommNetActor::HandlerNormal
I1222 14:38:07.410795 83848 thread.cpp:99] Thread 17301573 construct Actor kCopyCommNet 36284028420116
I1222 14:38:07.410820 83840 naive_actor.cpp:25] actor 37391989473426 switch to &NaiveActor::HandlerNormal
I1222 14:38:07.410864 83848 runtime_context.cpp:29] DecreaseCounter constructing_actor_cnt, current val is 2632
I1222 14:38:07.410923 83840 thread.cpp:99] Thread 17829890 construct Actor kCollectiveBoxingGeneric 37391989473426
I1222 14:38:07.411057 83840 runtime_context.cpp:29] DecreaseCounter constructing_actor_cnt, current val is 2631
I1222 14:38:07.411088 83848 copy_comm_net_actor.cpp:66] actor 36284028420111 switch to &CopyCommNetActor::HandlerNormal
I1222 14:38:07.411154 83804 naive_actor.cpp:25] actor 37391985279024 switch to &NaiveActor::HandlerNormal
I1222 14:38:07.411185 83848 thread.cpp:99] Thread 17301573 construct Actor kCopyCommNet 36284028420111
I1222 14:38:07.411228 83804 thread.cpp:99] Thread 17829888 construct Actor kNormalForward 37391985279024
I1222 14:38:07.411280 83848 runtime_context.cpp:29] DecreaseCounter constructing_actor_cnt, current val is 2630
I1222 14:38:07.411321 83804 runtime_context.cpp:29] DecreaseCounter constructing_actor_cnt, current val is 2629
I1222 14:38:07.411378 83840 naive_actor.cpp:25] actor 37391989473450 switch to &NaiveActor::HandlerNormal
I1222 14:38:07.411440 83848 copy_comm_net_actor.cpp:66] actor 36284028420113 switch to &CopyCommNetActor::HandlerNormal
I1222 14:38:07.411469 83840 thread.cpp:99] Thread 17829890 construct Actor kCollectiveBoxingGeneric 37391989473450
I1222 14:38:07.411509 83848 thread.cpp:99] Thread 17301573 construct Actor kCopyCommNet 36284028420113
I1222 14:38:07.411700 83840 runtime_context.cpp:29] DecreaseCounter constructing_actor_cnt, current val is 2628
I1222 14:38:07.411893 83804 naive_actor.cpp:25] actor 37391985279005 switch to &NaiveActor::HandlerNormal
I1222 14:38:07.412181 83848 runtime_context.cpp:29] DecreaseCounter constructing_actor_cnt, current val is 2627
I1222 14:38:07.412281 83804 thread.cpp:99] Thread 17829888 construct Actor kNormalForward 37391985279005
I1222 14:38:07.412398 83804 runtime_context.cpp:29] DecreaseCounter constructing_actor_cnt, current val is 2626
I1222 14:38:07.412503 83840 naive_actor.cpp:25] actor 37391989473298 switch to &NaiveActor::HandlerNormal
I1222 14:38:07.412504 83848 copy_comm_net_actor.cpp:66] actor 36284028420109 switch to &CopyCommNetActor::HandlerNormal
I1222 14:38:07.412612 83840 thread.cpp:99] Thread 17829890 construct Actor kCollectiveBoxingGeneric 37391989473298
I1222 14:38:07.412652 83848 thread.cpp:99] Thread 17301573 construct Actor kCopyCommNet 36284028420109
I1222 14:38:07.412745 83840 runtime_context.cpp:29] DecreaseCounter constructing_actor_cnt, current val is 2625
I1222 14:38:07.412791 83848 runtime_context.cpp:29] DecreaseCounter constructing_actor_cnt, current val is 2624
I1222 14:38:07.413013 83848 copy_comm_net_actor.cpp:66] actor 36284028420115 switch to &CopyCommNetActor::HandlerNormal
I1222 14:38:07.413024 83804 naive_actor.cpp:25] actor 37391985279055 switch to &NaiveActor::HandlerNormal
I1222 14:38:07.413077 83848 thread.cpp:99] Thread 17301573 construct Actor kCopyCommNet 36284028420115
I1222 14:38:07.413097 83840 naive_actor.cpp:25] actor 37391989473282 switch to &NaiveActor::HandlerNormal
I1222 14:38:07.413130 83804 thread.cpp:99] Thread 17829888 construct Actor kNormalForward 37391985279055
I1222 14:38:07.413179 83848 runtime_context.cpp:29] DecreaseCounter constructing_actor_cnt, current val is 2623
I1222 14:38:07.413277 83804 runtime_context.cpp:29] DecreaseCounter constructing_actor_cnt, current val is 2622
I1222 14:38:07.413228 83840 thread.cpp:99] Thread 17829890 construct Actor kCollectiveBoxingGeneric 37391989473282
I1222 14:38:07.413378 83840 runtime_context.cpp:29] DecreaseCounter constructing_actor_cnt, current val is 2621
I1222 14:38:07.413653 83840 naive_actor.cpp:25] actor 37391989473391 switch to &NaiveActor::HandlerNormal
I1222 14:38:07.413735 83840 thread.cpp:99] Thread 17829890 construct Actor kCollectiveBoxingGeneric 37391989473391
I1222 14:38:07.413848 83840 runtime_context.cpp:29] DecreaseCounter constructing_actor_cnt, current val is 2620
I1222 14:38:07.413867 83804 naive_actor.cpp:25] actor 37391985279103 switch to &NaiveActor::HandlerNormal
I1222 14:38:07.413962 83804 thread.cpp:99] Thread 17829888 construct Actor kNormalForward 37391985279103
I1222 14:38:07.414028 83804 runtime_context.cpp:29] DecreaseCounter constructing_actor_cnt, current val is 2619
I1222 14:38:07.414160 83840 naive_actor.cpp:25] actor 37391989473291 switch to &NaiveActor::HandlerNormal
I1222 14:38:07.414243 83840 thread.cpp:99] Thread 17829890 construct Actor kCollectiveBoxingGeneric 37391989473291
I1222 14:38:07.414335 83840 runtime_context.cpp:29] DecreaseCounter constructing_actor_cnt, current val is 2618
I1222 14:38:07.414618 83840 naive_actor.cpp:25] actor 37391989473311 switch to &NaiveActor::HandlerNormal
I1222 14:38:07.414640 83804 naive_actor.cpp:25] actor 37391985278997 switch to &NaiveActor::HandlerNormal
I1222 14:38:07.414707 83840 thread.cpp:99] Thread 17829890 construct Actor kCollectiveBoxingGeneric 37391989473311
I1222 14:38:07.414739 83804 thread.cpp:99] Thread 17829888 construct Actor kNormalForward 37391985278997
I1222 14:38:07.414849 83840 runtime_context.cpp:29] DecreaseCounter constructing_actor_cnt, current val is 2617
I1222 14:38:07.414862 83804 runtime_context.cpp:29] DecreaseCounter constructing_actor_cnt, current val is 2616
I1222 14:38:07.415118 83840 naive_actor.cpp:25] actor 37391989473457 switch to &NaiveActor::HandlerNormal
I1222 14:38:07.415278 83840 thread.cpp:99] Thread 17829890 construct Actor kCollectiveBoxingGeneric 37391989473457
I1222 14:38:07.416244 83840 runtime_context.cpp:29] DecreaseCounter constructing_actor_cnt, current val is 2615
I1222 14:38:07.416462 83804 naive_actor.cpp:25] actor 37391985279029 switch to &NaiveActor::HandlerNormal
I1222 14:38:07.416519 83804 thread.cpp:99] Thread 17829888 construct Actor kNormalForward 37391985279029
I1222 14:38:07.416563 83840 naive_actor.cpp:25] actor 37391989473312 switch to &NaiveActor::HandlerNormal
I1222 14:38:07.416575 83804 runtime_context.cpp:29] DecreaseCounter constructing_actor_cnt, current val is 2614
I1222 14:38:07.416635 83840 thread.cpp:99] Thread 17829890 construct Actor kCollectiveBoxingGeneric 37391989473312
I1222 14:38:07.416729 83840 runtime_context.cpp:29] DecreaseCounter constructing_actor_cnt, current val is 2613
I1222 14:38:07.416879 83804 naive_actor.cpp:25] actor 37391985279036 switch to &NaiveActor::HandlerNormal
I1222 14:38:07.416925 83804 thread.cpp:99] Thread 17829888 construct Actor kNormalForward 37391985279036
I1222 14:38:07.416970 83804 runtime_context.cpp:29] DecreaseCounter constructing_actor_cnt, current val is 2612
I1222 14:38:07.417034 83840 naive_actor.cpp:25] actor 37391989473319 switch to &NaiveActor::HandlerNormal
I1222 14:38:07.417115 83840 thread.cpp:99] Thread 17829890 construct Actor kCollectiveBoxingGeneric 37391989473319
I1222 14:38:07.417207 83840 runtime_context.cpp:29] DecreaseCounter constructing_actor_cnt, current val is 2611
I1222 14:38:07.417474 83840 naive_actor.cpp:25] actor 37391989473303 switch to &NaiveActor::HandlerNormal
I1222 14:38:07.417554 83840 thread.cpp:99] Thread 17829890 construct Actor kCollectiveBoxingGeneric 37391989473303
I1222 14:38:07.417629 83804 naive_actor.cpp:25] actor 37391985279035 switch to &NaiveActor::HandlerNormal
I1222 14:38:07.417670 83804 thread.cpp:99] Thread 17829888 construct Actor kNormalForward 37391985279035
I1222 14:38:07.417630 83840 runtime_context.cpp:29] DecreaseCounter constructing_actor_cnt, current val is 2610
I1222 14:38:07.417726 83804 runtime_context.cpp:29] DecreaseCounter constructing_actor_cnt, current val is 2609
I1222 14:38:07.417994 83840 naive_actor.cpp:25] actor 37391989473330 switch to &NaiveActor::HandlerNormal
I1222 14:38:07.418082 83840 thread.cpp:99] Thread 17829890 construct Actor kCollectiveBoxingGeneric 37391989473330
I1222 14:38:07.418170 83840 runtime_context.cpp:29] DecreaseCounter constructing_actor_cnt, current val is 2608
I1222 14:38:07.418277 83804 naive_actor.cpp:25] actor 37391985278977 switch to &NaiveActor::HandlerNormal
I1222 14:38:07.418330 83804 thread.cpp:99] Thread 17829888 construct Actor kNormalForward 37391985278977
I1222 14:38:07.418393 83804 runtime_context.cpp:29] DecreaseCounter constructing_actor_cnt, current val is 2607
I1222 14:38:07.418488 83840 naive_actor.cpp:25] actor 37391989473324 switch to &NaiveActor::HandlerNormal
I1222 14:38:07.418574 83840 thread.cpp:99] Thread 17829890 construct Actor kCollectiveBoxingGeneric 37391989473324
I1222 14:38:07.418644 83804 naive_actor.cpp:25] actor 37391985279096 switch to &NaiveActor::HandlerNormal
I1222 14:38:07.418674 83804 thread.cpp:99] Thread 17829888 construct Actor kNormalForward 37391985279096
I1222 14:38:07.418679 83840 runtime_context.cpp:29] DecreaseCounter constructing_actor_cnt, current val is 2606
I1222 14:38:07.418718 83804 runtime_context.cpp:29] DecreaseCounter constructing_actor_cnt, current val is 2605
I1222 14:38:07.418983 83840 naive_actor.cpp:25] actor 37391989473284 switch to &NaiveActor::HandlerNormal
I1222 14:38:07.419070 83840 thread.cpp:99] Thread 17829890 construct Actor kCollectiveBoxingGeneric 37391989473284
I1222 14:38:07.419154 83840 runtime_context.cpp:29] DecreaseCounter constructing_actor_cnt, current val is 2604
I1222 14:38:07.419373 83804 naive_actor.cpp:25] actor 37391985279128 switch to &NaiveActor::HandlerNormal
I1222 14:38:07.419430 83804 thread.cpp:99] Thread 17829888 construct Actor kNormalForward 37391985279128
I1222 14:38:07.419454 83840 naive_actor.cpp:25] actor 37391989473337 switch to &NaiveActor::HandlerNormal
I1222 14:38:07.419559 83804 runtime_context.cpp:29] DecreaseCounter constructing_actor_cnt, current val is 2603
I1222 14:38:07.420073 83840 thread.cpp:99] Thread 17829890 construct Actor kCollectiveBoxingGeneric 37391989473337
I1222 14:38:07.420182 83840 runtime_context.cpp:29] DecreaseCounter constructing_actor_cnt, current val is 2602
I1222 14:38:07.420331 83804 naive_actor.cpp:25] actor 37391985279011 switch to &NaiveActor::HandlerNormal
I1222 14:38:07.420385 83804 thread.cpp:99] Thread 17829888 construct Actor kNormalForward 37391985279011
I1222 14:38:07.420436 83804 runtime_context.cpp:29] DecreaseCounter constructing_actor_cnt, current val is 2601
I1222 14:38:07.420483 83840 naive_actor.cpp:25] actor 37391989473359 switch to &NaiveActor::HandlerNormal
I1222 14:38:07.420565 83840 thread.cpp:99] Thread 17829890 construct Actor kCollectiveBoxingGeneric 37391989473359
I1222 14:38:07.420656 83840 runtime_context.cpp:29] DecreaseCounter constructing_actor_cnt, current val is 2600
I1222 14:38:07.420945 83840 naive_actor.cpp:25] actor 37391989473471 switch to &NaiveActor::HandlerNormal
I1222 14:38:07.420985 83804 naive_actor.cpp:25] actor 37391985279056 switch to &NaiveActor::HandlerNormal
I1222 14:38:07.421032 83840 thread.cpp:99] Thread 17829890 construct Actor kCollectiveBoxingGeneric 37391989473471
I1222 14:38:07.421067 83804 thread.cpp:99] Thread 17829888 construct Actor kNormalForward 37391985279056
I1222 14:38:07.421145 83840 runtime_context.cpp:29] DecreaseCounter constructing_actor_cnt, current val is 2599
I1222 14:38:07.421166 83804 runtime_context.cpp:29] DecreaseCounter constructing_actor_cnt, current val is 2598
I1222 14:38:07.421404 83840 naive_actor.cpp:25] actor 37391989473339 switch to &NaiveActor::HandlerNormal
I1222 14:38:07.421484 83840 thread.cpp:99] Thread 17829890 construct Actor kCollectiveBoxingGeneric 37391989473339
I1222 14:38:07.421569 83840 runtime_context.cpp:29] DecreaseCounter constructing_actor_cnt, current val is 2597
I1222 14:38:07.421797 83804 naive_actor.cpp:25] actor 37391985278988 switch to &NaiveActor::HandlerNormal
I1222 14:38:07.421854 83804 thread.cpp:99] Thread 17829888 construct Actor kNormalForward 37391985278988
I1222 14:38:07.421866 83840 naive_actor.cpp:25] actor 37391989473422 switch to &NaiveActor::HandlerNormal
I1222 14:38:07.421926 83804 runtime_context.cpp:29] DecreaseCounter constructing_actor_cnt, current val is 2596
I1222 14:38:07.421945 83840 thread.cpp:99] Thread 17829890 construct Actor kCollectiveBoxingGeneric 37391989473422
I1222 14:38:07.422060 83840 runtime_context.cpp:29] DecreaseCounter constructing_actor_cnt, current val is 2595
I1222 14:38:07.422340 83840 naive_actor.cpp:25] actor 37391989473344 switch to &NaiveActor::HandlerNormal
I1222 14:38:07.422421 83840 thread.cpp:99] Thread 17829890 construct Actor kCollectiveBoxingGeneric 37391989473344
I1222 14:38:07.422505 83840 runtime_context.cpp:29] DecreaseCounter constructing_actor_cnt, current val is 2594
I1222 14:38:07.422557 83804 naive_actor.cpp:25] actor 37391985279037 switch to &NaiveActor::HandlerNormal
I1222 14:38:07.422613 83804 thread.cpp:99] Thread 17829888 construct Actor kNormalForward 37391985279037
I1222 14:38:07.422667 83804 runtime_context.cpp:29] DecreaseCounter constructing_actor_cnt, current val is 2593
I1222 14:38:07.422798 83840 naive_actor.cpp:25] actor 37391989473288 switch to &NaiveActor::HandlerNormal
I1222 14:38:07.422878 83840 thread.cpp:99] Thread 17829890 construct Actor kCollectiveBoxingGeneric 37391989473288
I1222 14:38:07.422953 83840 runtime_context.cpp:29] DecreaseCounter constructing_actor_cnt, current val is 2592
I1222 14:38:07.423219 83840 naive_actor.cpp:25] actor 37391989473290 switch to &NaiveActor::HandlerNormal
I1222 14:38:07.423231 83804 naive_actor.cpp:25] actor 37391985278983 switch to &NaiveActor::HandlerNormal
I1222 14:38:07.423303 83840 thread.cpp:99] Thread 17829890 construct Actor kCollectiveBoxingGeneric 37391989473290
I1222 14:38:07.423337 83804 thread.cpp:99] Thread 17829888 construct Actor kNormalForward 37391985278983
I1222 14:38:07.423414 83840 runtime_context.cpp:29] DecreaseCounter constructing_actor_cnt, current val is 2591
I1222 14:38:07.423486 83804 runtime_context.cpp:29] DecreaseCounter constructing_actor_cnt, current val is 2590
I1222 14:38:07.424284 83840 naive_actor.cpp:25] actor 37391989473350 switch to &NaiveActor::HandlerNormal
I1222 14:38:07.424368 83840 thread.cpp:99] Thread 17829890 construct Actor kCollectiveBoxingGeneric 37391989473350
I1222 14:38:07.424461 83840 runtime_context.cpp:29] DecreaseCounter constructing_actor_cnt, current val is 2589
I1222 14:38:07.424614 83804 naive_actor.cpp:25] actor 37391985278976 switch to &NaiveActor::HandlerNormal
I1222 14:38:07.424672 83804 thread.cpp:99] Thread 17829888 construct Actor kNormalForward 37391985278976
