I1222 14:49:05.019052 86016 copy_comm_net_actor.cpp:66] actor 1099656331269 switch to &CopyCommNetActor::HandlerNormal
I1222 14:49:05.019445 85925 runtime_context.cpp:29] DecreaseCounter constructing_actor_cnt, current val is 3232
I1222 14:49:05.019454 85940 runtime_context.cpp:29] DecreaseCounter constructing_actor_cnt, current val is 3231
I1222 14:49:05.019510 86015 thread.cpp:99] Thread 1048579 construct Actor kCopyHd 2199029547020
I1222 14:49:05.019623 85976 thread.cpp:99] Thread 1048577 construct Actor kCollectiveBoxingGeneric 2199025352754
I1222 14:49:05.019985 86015 runtime_context.cpp:29] DecreaseCounter constructing_actor_cnt, current val is 3230
I1222 14:49:05.019713 86016 thread.cpp:99] Thread 524357 construct Actor kCopyCommNet 1099656331269
I1222 14:49:05.020009 85976 runtime_context.cpp:29] DecreaseCounter constructing_actor_cnt, current val is 3229
I1222 14:49:05.020030 85969 naive_actor.cpp:25] actor 1099645845511 switch to &NaiveActor::HandlerNormal
I1222 14:49:05.020200 86016 runtime_context.cpp:29] DecreaseCounter constructing_actor_cnt, current val is 3228
I1222 14:49:05.020283 85969 thread.cpp:99] Thread 524352 construct Actor kDstSubsetTick 1099645845511
I1222 14:49:05.020323 85976 naive_actor.cpp:25] actor 2199025352750 switch to &NaiveActor::HandlerNormal
I1222 14:49:05.020437 85969 runtime_context.cpp:29] DecreaseCounter constructing_actor_cnt, current val is 3227
I1222 14:49:05.020396 86015 naive_actor.cpp:25] actor 2199029547009 switch to &NaiveActor::HandlerNormal
I1222 14:49:05.020443 85976 thread.cpp:99] Thread 1048577 construct Actor kCollectiveBoxingGeneric 2199025352750
I1222 14:49:05.020594 86015 thread.cpp:99] Thread 1048579 construct Actor kCopyHd 2199029547009
I1222 14:49:05.020591 86016 copy_comm_net_actor.cpp:66] actor 1099656331270 switch to &CopyCommNetActor::HandlerNormal
I1222 14:49:05.020644 85976 runtime_context.cpp:29] DecreaseCounter constructing_actor_cnt, current val is 3226
I1222 14:49:05.020731 86015 runtime_context.cpp:29] DecreaseCounter constructing_actor_cnt, current val is 3225
I1222 14:49:05.020763 86016 thread.cpp:99] Thread 524357 construct Actor kCopyCommNet 1099656331270
I1222 14:49:05.020970 85976 naive_actor.cpp:25] actor 2199025352770 switch to &NaiveActor::HandlerNormal
I1222 14:49:05.021003 86016 runtime_context.cpp:29] DecreaseCounter constructing_actor_cnt, current val is 3224
I1222 14:49:05.021023 85976 thread.cpp:99] Thread 1048577 construct Actor kCollectiveBoxingGeneric 2199025352770
I1222 14:49:05.021113 86015 naive_actor.cpp:25] actor 2199029547008 switch to &NaiveActor::HandlerNormal
I1222 14:49:05.021147 85976 runtime_context.cpp:29] DecreaseCounter constructing_actor_cnt, current val is 3223
I1222 14:49:05.021221 85969 naive_actor.cpp:25] actor 1099645845506 switch to &NaiveActor::HandlerNormal
I1222 14:49:05.021211 86015 thread.cpp:99] Thread 1048579 construct Actor kCopyHd 2199029547008
I1222 14:49:05.021283 86016 copy_comm_net_actor.cpp:66] actor 1099656331271 switch to &CopyCommNetActor::HandlerNormal
I1222 14:49:05.021325 85969 thread.cpp:99] Thread 524352 construct Actor kDstSubsetTick 1099645845506
I1222 14:49:05.021373 85976 naive_actor.cpp:25] actor 2199025352804 switch to &NaiveActor::HandlerNormal
I1222 14:49:05.021415 85925 naive_actor.cpp:25] actor 2199023255562 switch to &NaiveActor::HandlerNormal
I1222 14:49:05.021427 86015 runtime_context.cpp:29] DecreaseCounter constructing_actor_cnt, current val is 3222
I1222 14:49:05.021464 86016 thread.cpp:99] Thread 524357 construct Actor kCopyCommNet 1099656331271
I1222 14:49:05.021545 85976 thread.cpp:99] Thread 1048577 construct Actor kCollectiveBoxingGeneric 2199025352804
I1222 14:49:05.021562 85969 runtime_context.cpp:29] DecreaseCounter constructing_actor_cnt, current val is 3221
I1222 14:49:05.021663 85925 thread.cpp:99] Thread 1048576 construct Actor kNormalForward 2199023255562
I1222 14:49:05.021940 86016 runtime_context.cpp:29] DecreaseCounter constructing_actor_cnt, current val is 3220
I1222 14:49:05.021970 86015 naive_actor.cpp:25] actor 2199029547012 switch to &NaiveActor::HandlerNormal
I1222 14:49:05.022411 85976 runtime_context.cpp:29] DecreaseCounter constructing_actor_cnt, current val is 3219
I1222 14:49:05.022612 85925 runtime_context.cpp:29] DecreaseCounter constructing_actor_cnt, current val is 3218
I1222 14:49:05.022698 86015 thread.cpp:99] Thread 1048579 construct Actor kCopyHd 2199029547012
I1222 14:49:05.022835 86016 copy_comm_net_actor.cpp:66] actor 1099656331268 switch to &CopyCommNetActor::HandlerNormal
I1222 14:49:05.022861 85976 naive_actor.cpp:25] actor 2199025352722 switch to &NaiveActor::HandlerNormal
I1222 14:49:05.022914 86015 runtime_context.cpp:29] DecreaseCounter constructing_actor_cnt, current val is 3217
I1222 14:49:05.022935 85969 naive_actor.cpp:25] actor 1099645845513 switch to &NaiveActor::HandlerNormal
I1222 14:49:05.022964 86016 thread.cpp:99] Thread 524357 construct Actor kCopyCommNet 1099656331268
I1222 14:49:05.023006 85976 thread.cpp:99] Thread 1048577 construct Actor kCollectiveBoxingGeneric 2199025352722
I1222 14:49:05.023170 85969 thread.cpp:99] Thread 524352 construct Actor kDstSubsetTick 1099645845513
I1222 14:49:05.023264 86016 runtime_context.cpp:29] DecreaseCounter constructing_actor_cnt, current val is 3216
I1222 14:49:05.023274 85976 runtime_context.cpp:29] DecreaseCounter constructing_actor_cnt, current val is 3215
I1222 14:49:05.023283 86015 naive_actor.cpp:25] actor 2199029547017 switch to &NaiveActor::HandlerNormal
I1222 14:49:05.023366 85969 runtime_context.cpp:29] DecreaseCounter constructing_actor_cnt, current val is 3214
I1222 14:49:05.023523 86015 thread.cpp:99] Thread 1048579 construct Actor kCopyHd 2199029547017
I1222 14:49:05.023545 85976 naive_actor.cpp:25] actor 2199025352739 switch to &NaiveActor::HandlerNormal
I1222 14:49:05.023684 86015 runtime_context.cpp:29] DecreaseCounter constructing_actor_cnt, current val is 3213
I1222 14:49:05.023598 86016 copy_comm_net_actor.cpp:66] actor 1099656331267 switch to &CopyCommNetActor::HandlerNormal
I1222 14:49:05.023697 85976 thread.cpp:99] Thread 1048577 construct Actor kCollectiveBoxingGeneric 2199025352739
I1222 14:49:05.023870 86016 thread.cpp:99] Thread 524357 construct Actor kCopyCommNet 1099656331267
I1222 14:49:05.023919 85976 runtime_context.cpp:29] DecreaseCounter constructing_actor_cnt, current val is 3212
I1222 14:49:05.023986 86016 runtime_context.cpp:29] DecreaseCounter constructing_actor_cnt, current val is 3211
I1222 14:49:05.024060 85969 naive_actor.cpp:25] actor 1099645845504 switch to &NaiveActor::HandlerNormal
I1222 14:49:05.023994 86015 naive_actor.cpp:25] actor 2199029547016 switch to &NaiveActor::HandlerNormal
I1222 14:49:05.024103 85976 naive_actor.cpp:25] actor 2199025352741 switch to &NaiveActor::HandlerNormal
I1222 14:49:05.024135 85969 thread.cpp:99] Thread 524352 construct Actor kSrcSubsetTick 1099645845504
I1222 14:49:05.024219 86015 thread.cpp:99] Thread 1048579 construct Actor kCopyHd 2199029547016
I1222 14:49:05.024204 85925 naive_actor.cpp:25] actor 2199023255569 switch to &NaiveActor::HandlerNormal
I1222 14:49:05.024260 85976 thread.cpp:99] Thread 1048577 construct Actor kCollectiveBoxingGeneric 2199025352741
I1222 14:49:05.024279 86016 copy_comm_net_actor.cpp:66] actor 1099656331266 switch to &CopyCommNetActor::HandlerNormal
I1222 14:49:05.024360 85969 runtime_context.cpp:29] DecreaseCounter constructing_actor_cnt, current val is 3210
I1222 14:49:05.024411 86015 runtime_context.cpp:29] DecreaseCounter constructing_actor_cnt, current val is 3209
I1222 14:49:05.024471 85925 thread.cpp:99] Thread 1048576 construct Actor kNormalForward 2199023255569
I1222 14:49:05.024518 85976 runtime_context.cpp:29] DecreaseCounter constructing_actor_cnt, current val is 3208
I1222 14:49:05.024588 86016 thread.cpp:99] Thread 524357 construct Actor kCopyCommNet 1099656331266
I1222 14:49:05.024905 86015 naive_actor.cpp:25] actor 2199029547013 switch to &NaiveActor::HandlerNormal
I1222 14:49:05.024950 85925 runtime_context.cpp:29] DecreaseCounter constructing_actor_cnt, current val is 3207
I1222 14:49:05.025116 85969 naive_actor.cpp:25] actor 1099645845510 switch to &NaiveActor::HandlerNormal
I1222 14:49:05.025465 86016 runtime_context.cpp:29] DecreaseCounter constructing_actor_cnt, current val is 3206
I1222 14:49:05.025501 85976 naive_actor.cpp:25] actor 2199025352712 switch to &NaiveActor::HandlerNormal
I1222 14:49:05.025523 86015 thread.cpp:99] Thread 1048579 construct Actor kCopyHd 2199029547013
I1222 14:49:05.025673 85969 thread.cpp:99] Thread 524352 construct Actor kSrcSubsetTick 1099645845510
I1222 14:49:05.025775 85976 thread.cpp:99] Thread 1048577 construct Actor kCollectiveBoxingGeneric 2199025352712
I1222 14:49:05.025894 86015 runtime_context.cpp:29] DecreaseCounter constructing_actor_cnt, current val is 3205
I1222 14:49:05.025921 86016 copy_comm_net_actor.cpp:66] actor 1099656331272 switch to &CopyCommNetActor::HandlerNormal
I1222 14:49:05.025967 85969 runtime_context.cpp:29] DecreaseCounter constructing_actor_cnt, current val is 3204
I1222 14:49:05.025977 85976 runtime_context.cpp:29] DecreaseCounter constructing_actor_cnt, current val is 3203
I1222 14:49:05.026114 86016 thread.cpp:99] Thread 524357 construct Actor kCopyCommNet 1099656331272
I1222 14:49:05.026129 85925 naive_actor.cpp:25] actor 2199023255557 switch to &NaiveActor::HandlerNormal
I1222 14:49:05.026264 86015 naive_actor.cpp:25] actor 2199029547011 switch to &NaiveActor::HandlerNormal
I1222 14:49:05.026298 86016 runtime_context.cpp:29] DecreaseCounter constructing_actor_cnt, current val is 3202
I1222 14:49:05.026300 85976 naive_actor.cpp:25] actor 2199025352740 switch to &NaiveActor::HandlerNormal
I1222 14:49:05.026382 85925 thread.cpp:99] Thread 1048576 construct Actor kNormalForward 2199023255557
I1222 14:49:05.026449 86015 thread.cpp:99] Thread 1048579 construct Actor kCopyHd 2199029547011
I1222 14:49:05.026506 85969 naive_actor.cpp:25] actor 1099645845505 switch to &NaiveActor::HandlerNormal
I1222 14:49:05.026549 85976 thread.cpp:99] Thread 1048577 construct Actor kCollectiveBoxingGeneric 2199025352740
I1222 14:49:05.026672 85925 runtime_context.cpp:29] DecreaseCounter constructing_actor_cnt, current val is 3201
I1222 14:49:05.026691 86015 runtime_context.cpp:29] DecreaseCounter constructing_actor_cnt, current val is 3200
I1222 14:49:05.026718 85969 thread.cpp:99] Thread 524352 construct Actor kTick 1099645845505
I1222 14:49:05.026755 85976 runtime_context.cpp:29] DecreaseCounter constructing_actor_cnt, current val is 3199
I1222 14:49:05.027007 85969 runtime_context.cpp:29] DecreaseCounter constructing_actor_cnt, current val is 3198
I1222 14:49:05.027093 86015 naive_actor.cpp:25] actor 2199029547019 switch to &NaiveActor::HandlerNormal
I1222 14:49:05.027102 85976 naive_actor.cpp:25] actor 2199025352828 switch to &NaiveActor::HandlerNormal
I1222 14:49:05.027180 86015 thread.cpp:99] Thread 1048579 construct Actor kCopyHd 2199029547019
I1222 14:49:05.027231 85976 thread.cpp:99] Thread 1048577 construct Actor kCollectiveBoxingGeneric 2199025352828
I1222 14:49:05.027331 86015 runtime_context.cpp:29] DecreaseCounter constructing_actor_cnt, current val is 3197
I1222 14:49:05.027354 85976 runtime_context.cpp:29] DecreaseCounter constructing_actor_cnt, current val is 3196
I1222 14:49:05.027539 85976 naive_actor.cpp:25] actor 2199025352778 switch to &NaiveActor::HandlerNormal
I1222 14:49:05.027541 85969 naive_actor.cpp:25] actor 1099645845509 switch to &NaiveActor::HandlerNormal
I1222 14:49:05.027593 85976 thread.cpp:99] Thread 1048577 construct Actor kCollectiveBoxingGeneric 2199025352778
I1222 14:49:05.027618 86015 naive_actor.cpp:25] actor 2199029547014 switch to &NaiveActor::HandlerNormal
I1222 14:49:05.027679 85969 thread.cpp:99] Thread 524352 construct Actor kTick 1099645845509
I1222 14:49:05.027732 85976 runtime_context.cpp:29] DecreaseCounter constructing_actor_cnt, current val is 3195
I1222 14:49:05.028509 85969 runtime_context.cpp:29] DecreaseCounter constructing_actor_cnt, current val is 3194
I1222 14:49:05.028311 85925 naive_actor.cpp:25] actor 2199023255571 switch to &NaiveActor::HandlerNormal
I1222 14:49:05.027891 86015 thread.cpp:99] Thread 1048579 construct Actor kCopyHd 2199029547014
I1222 14:49:05.028641 85976 naive_actor.cpp:25] actor 2199025352710 switch to &NaiveActor::HandlerNormal
I1222 14:49:05.028808 86015 runtime_context.cpp:29] DecreaseCounter constructing_actor_cnt, current val is 3193
I1222 14:49:05.028693 85925 thread.cpp:99] Thread 1048576 construct Actor kNormalForward 2199023255571
I1222 14:49:05.028822 85976 thread.cpp:99] Thread 1048577 construct Actor kCollectiveBoxingGeneric 2199025352710
I1222 14:49:05.029006 85976 runtime_context.cpp:29] DecreaseCounter constructing_actor_cnt, current val is 3192
I1222 14:49:05.029035 85925 runtime_context.cpp:29] DecreaseCounter constructing_actor_cnt, current val is 3191
I1222 14:49:05.029075 85969 naive_actor.cpp:25] actor 1099645845512 switch to &NaiveActor::HandlerNormal
I1222 14:49:05.029147 85976 naive_actor.cpp:25] actor 2199025352759 switch to &NaiveActor::HandlerNormal
I1222 14:49:05.029191 85969 thread.cpp:99] Thread 524352 construct Actor kSrcSubsetTick 1099645845512
I1222 14:49:05.029232 85976 thread.cpp:99] Thread 1048577 construct Actor kCollectiveBoxingGeneric 2199025352759
I1222 14:49:05.029338 85976 runtime_context.cpp:29] DecreaseCounter constructing_actor_cnt, current val is 3189
I1222 14:49:05.029336 85969 runtime_context.cpp:29] DecreaseCounter constructing_actor_cnt, current val is 3190
I1222 14:49:05.029482 85976 naive_actor.cpp:25] actor 2199025352846 switch to &NaiveActor::HandlerNormal
I1222 14:49:05.029534 85976 thread.cpp:99] Thread 1048577 construct Actor kCollectiveBoxingGeneric 2199025352846
I1222 14:49:05.029569 85976 runtime_context.cpp:29] DecreaseCounter constructing_actor_cnt, current val is 3188
I1222 14:49:05.029726 85976 naive_actor.cpp:25] actor 2199025352793 switch to &NaiveActor::HandlerNormal
I1222 14:49:05.029772 85976 thread.cpp:99] Thread 1048577 construct Actor kCollectiveBoxingGeneric 2199025352793
I1222 14:49:05.029827 85976 runtime_context.cpp:29] DecreaseCounter constructing_actor_cnt, current val is 3187
I1222 14:49:05.029969 85976 naive_actor.cpp:25] actor 2199025352758 switch to &NaiveActor::HandlerNormal
I1222 14:49:05.030012 85976 thread.cpp:99] Thread 1048577 construct Actor kCollectiveBoxingGeneric 2199025352758
I1222 14:49:05.030056 85976 runtime_context.cpp:29] DecreaseCounter constructing_actor_cnt, current val is 3186
I1222 14:49:05.030194 85976 naive_actor.cpp:25] actor 2199025352795 switch to &NaiveActor::HandlerNormal
I1222 14:49:05.030236 85976 thread.cpp:99] Thread 1048577 construct Actor kCollectiveBoxingGeneric 2199025352795
I1222 14:49:05.030278 85976 runtime_context.cpp:29] DecreaseCounter constructing_actor_cnt, current val is 3185
I1222 14:49:05.030365 85925 naive_actor.cpp:25] actor 2199023255553 switch to &NaiveActor::HandlerNormal
I1222 14:49:05.030403 85976 naive_actor.cpp:25] actor 2199025352748 switch to &NaiveActor::HandlerNormal
I1222 14:49:05.030495 85925 thread.cpp:99] Thread 1048576 construct Actor kNormalForward 2199023255553
I1222 14:49:05.030524 85976 thread.cpp:99] Thread 1048577 construct Actor kCollectiveBoxingGeneric 2199025352748
I1222 14:49:05.030632 85976 runtime_context.cpp:29] DecreaseCounter constructing_actor_cnt, current val is 3184
I1222 14:49:05.030649 85925 runtime_context.cpp:29] DecreaseCounter constructing_actor_cnt, current val is 3183
I1222 14:49:05.030781 85976 naive_actor.cpp:25] actor 2199025352777 switch to &NaiveActor::HandlerNormal
I1222 14:49:05.030822 85976 thread.cpp:99] Thread 1048577 construct Actor kCollectiveBoxingGeneric 2199025352777
I1222 14:49:05.030874 85976 runtime_context.cpp:29] DecreaseCounter constructing_actor_cnt, current val is 3182
I1222 14:49:05.031081 85976 naive_actor.cpp:25] actor 2199025352794 switch to &NaiveActor::HandlerNormal
I1222 14:49:05.031548 85976 thread.cpp:99] Thread 1048577 construct Actor kCollectiveBoxingGeneric 2199025352794
I1222 14:49:05.031587 85976 runtime_context.cpp:29] DecreaseCounter constructing_actor_cnt, current val is 3181
I1222 14:49:05.031733 85976 naive_actor.cpp:25] actor 2199025352809 switch to &NaiveActor::HandlerNormal
I1222 14:49:05.031790 85976 thread.cpp:99] Thread 1048577 construct Actor kCollectiveBoxingGeneric 2199025352809
I1222 14:49:05.031827 85976 runtime_context.cpp:29] DecreaseCounter constructing_actor_cnt, current val is 3180
I1222 14:49:05.031965 85976 naive_actor.cpp:25] actor 2199025352715 switch to &NaiveActor::HandlerNormal
I1222 14:49:05.031960 85925 naive_actor.cpp:25] actor 2199023255554 switch to &NaiveActor::HandlerNormal
I1222 14:49:05.032007 85976 thread.cpp:99] Thread 1048577 construct Actor kCollectiveBoxingGeneric 2199025352715
I1222 14:49:05.032116 85925 thread.cpp:99] Thread 1048576 construct Actor kNormalForward 2199023255554
I1222 14:49:05.032160 85976 runtime_context.cpp:29] DecreaseCounter constructing_actor_cnt, current val is 3179
I1222 14:49:05.032274 85925 runtime_context.cpp:29] DecreaseCounter constructing_actor_cnt, current val is 3178
I1222 14:49:05.032342 85976 naive_actor.cpp:25] actor 2199025352727 switch to &NaiveActor::HandlerNormal
I1222 14:49:05.032390 85976 thread.cpp:99] Thread 1048577 construct Actor kCollectiveBoxingGeneric 2199025352727
I1222 14:49:05.032438 85976 runtime_context.cpp:29] DecreaseCounter constructing_actor_cnt, current val is 3177
I1222 14:49:05.032567 85976 naive_actor.cpp:25] actor 2199025352724 switch to &NaiveActor::HandlerNormal
I1222 14:49:05.032614 85976 thread.cpp:99] Thread 1048577 construct Actor kCollectiveBoxingGeneric 2199025352724
I1222 14:49:05.032647 85976 runtime_context.cpp:29] DecreaseCounter constructing_actor_cnt, current val is 3176
I1222 14:49:05.032791 85976 naive_actor.cpp:25] actor 2199025352830 switch to &NaiveActor::HandlerNormal
I1222 14:49:05.032845 85976 thread.cpp:99] Thread 1048577 construct Actor kCollectiveBoxingGeneric 2199025352830
I1222 14:49:05.032879 85976 runtime_context.cpp:29] DecreaseCounter constructing_actor_cnt, current val is 3175
I1222 14:49:05.033020 85976 naive_actor.cpp:25] actor 2199025352792 switch to &NaiveActor::HandlerNormal
I1222 14:49:05.033051 85976 thread.cpp:99] Thread 1048577 construct Actor kCollectiveBoxingGeneric 2199025352792
I1222 14:49:05.033102 85976 runtime_context.cpp:29] DecreaseCounter constructing_actor_cnt, current val is 3174
I1222 14:49:05.033252 85976 naive_actor.cpp:25] actor 2199025352808 switch to &NaiveActor::HandlerNormal
I1222 14:49:05.033289 85976 thread.cpp:99] Thread 1048577 construct Actor kCollectiveBoxingGeneric 2199025352808
I1222 14:49:05.033336 85976 runtime_context.cpp:29] DecreaseCounter constructing_actor_cnt, current val is 3173
I1222 14:49:05.033493 85976 naive_actor.cpp:25] actor 2199025352850 switch to &NaiveActor::HandlerNormal
I1222 14:49:05.033536 85976 thread.cpp:99] Thread 1048577 construct Actor kCollectiveBoxingGeneric 2199025352850
I1222 14:49:05.033584 85976 runtime_context.cpp:29] DecreaseCounter constructing_actor_cnt, current val is 3172
I1222 14:49:05.033603 85925 naive_actor.cpp:25] actor 2199023255597 switch to &NaiveActor::HandlerNormal
I1222 14:49:05.033713 85925 thread.cpp:99] Thread 1048576 construct Actor kNormalForward 2199023255597
I1222 14:49:05.033728 85976 naive_actor.cpp:25] actor 2199025352767 switch to &NaiveActor::HandlerNormal
I1222 14:49:05.033843 85976 thread.cpp:99] Thread 1048577 construct Actor kCollectiveBoxingGeneric 2199025352767
I1222 14:49:05.033864 85925 runtime_context.cpp:29] DecreaseCounter constructing_actor_cnt, current val is 3171
I1222 14:49:05.033877 85976 runtime_context.cpp:29] DecreaseCounter constructing_actor_cnt, current val is 3170
I1222 14:49:05.034080 85976 naive_actor.cpp:25] actor 2199025352807 switch to &NaiveActor::HandlerNormal
I1222 14:49:05.034178 85976 thread.cpp:99] Thread 1048577 construct Actor kCollectiveBoxingGeneric 2199025352807
I1222 14:49:05.034695 85976 runtime_context.cpp:29] DecreaseCounter constructing_actor_cnt, current val is 3169
I1222 14:49:05.034863 85976 naive_actor.cpp:25] actor 2199025352831 switch to &NaiveActor::HandlerNormal
I1222 14:49:05.034907 85976 thread.cpp:99] Thread 1048577 construct Actor kCollectiveBoxingGeneric 2199025352831
I1222 14:49:05.034955 85976 runtime_context.cpp:29] DecreaseCounter constructing_actor_cnt, current val is 3168
I1222 14:49:05.035094 85976 naive_actor.cpp:25] actor 2199025352782 switch to &NaiveActor::HandlerNormal
I1222 14:49:05.035125 85976 thread.cpp:99] Thread 1048577 construct Actor kCollectiveBoxingGeneric 2199025352782
I1222 14:49:05.035156 85976 runtime_context.cpp:29] DecreaseCounter constructing_actor_cnt, current val is 3167
I1222 14:49:05.035265 85976 naive_actor.cpp:25] actor 2199025352704 switch to &NaiveActor::HandlerNormal
I1222 14:49:05.035293 85976 thread.cpp:99] Thread 1048577 construct Actor kCollectiveBoxingGeneric 2199025352704
I1222 14:49:05.035326 85976 runtime_context.cpp:29] DecreaseCounter constructing_actor_cnt, current val is 3166
I1222 14:49:05.035336 85925 naive_actor.cpp:25] actor 2199023255563 switch to &NaiveActor::HandlerNormal
I1222 14:49:05.035463 85976 naive_actor.cpp:25] actor 2199025352761 switch to &NaiveActor::HandlerNormal
I1222 14:49:05.035497 85976 thread.cpp:99] Thread 1048577 construct Actor kCollectiveBoxingGeneric 2199025352761
I1222 14:49:05.035456 85925 thread.cpp:99] Thread 1048576 construct Actor kNormalForward 2199023255563
I1222 14:49:05.035533 85976 runtime_context.cpp:29] DecreaseCounter constructing_actor_cnt, current val is 3165
I1222 14:49:05.035646 85925 runtime_context.cpp:29] DecreaseCounter constructing_actor_cnt, current val is 3164
I1222 14:49:05.035719 85976 naive_actor.cpp:25] actor 2199025352849 switch to &NaiveActor::HandlerNormal
I1222 14:49:05.035791 85976 thread.cpp:99] Thread 1048577 construct Actor kCollectiveBoxingGeneric 2199025352849
I1222 14:49:05.035830 85976 runtime_context.cpp:29] DecreaseCounter constructing_actor_cnt, current val is 3163
I1222 14:49:05.035972 85976 naive_actor.cpp:25] actor 2199025352829 switch to &NaiveActor::HandlerNormal
I1222 14:49:05.036021 85976 thread.cpp:99] Thread 1048577 construct Actor kCollectiveBoxingGeneric 2199025352829
I1222 14:49:05.036059 85976 runtime_context.cpp:29] DecreaseCounter constructing_actor_cnt, current val is 3162
I1222 14:49:05.036203 85976 naive_actor.cpp:25] actor 2199025352848 switch to &NaiveActor::HandlerNormal
I1222 14:49:05.036242 85976 thread.cpp:99] Thread 1048577 construct Actor kCollectiveBoxingGeneric 2199025352848
I1222 14:49:05.036293 85976 runtime_context.cpp:29] DecreaseCounter constructing_actor_cnt, current val is 3161
I1222 14:49:05.036428 85976 naive_actor.cpp:25] actor 2199025352872 switch to &NaiveActor::HandlerNormal
I1222 14:49:05.036482 85976 thread.cpp:99] Thread 1048577 construct Actor kCollectiveBoxingGeneric 2199025352872
I1222 14:49:05.036530 85976 runtime_context.cpp:29] DecreaseCounter constructing_actor_cnt, current val is 3160
I1222 14:49:05.036684 85976 naive_actor.cpp:25] actor 2199025352713 switch to &NaiveActor::HandlerNormal
I1222 14:49:05.036720 85976 thread.cpp:99] Thread 1048577 construct Actor kCollectiveBoxingGeneric 2199025352713
I1222 14:49:05.036767 85976 runtime_context.cpp:29] DecreaseCounter constructing_actor_cnt, current val is 3159
I1222 14:49:05.036918 85976 naive_actor.cpp:25] actor 2199025352814 switch to &NaiveActor::HandlerNormal
I1222 14:49:05.036957 85976 thread.cpp:99] Thread 1048577 construct Actor kCollectiveBoxingGeneric 2199025352814
I1222 14:49:05.036971 85925 naive_actor.cpp:25] actor 2199023255552 switch to &NaiveActor::HandlerNormal
I1222 14:49:05.037004 85976 runtime_context.cpp:29] DecreaseCounter constructing_actor_cnt, current val is 3158
I1222 14:49:05.037093 85925 thread.cpp:99] Thread 1048576 construct Actor kNormalForward 2199023255552
I1222 14:49:05.037225 85976 naive_actor.cpp:25] actor 2199025352822 switch to &NaiveActor::HandlerNormal
I1222 14:49:05.037252 85925 runtime_context.cpp:29] DecreaseCounter constructing_actor_cnt, current val is 3157
I1222 14:49:05.037319 85976 thread.cpp:99] Thread 1048577 construct Actor kCollectiveBoxingGeneric 2199025352822
I1222 14:49:05.037878 85976 runtime_context.cpp:29] DecreaseCounter constructing_actor_cnt, current val is 3156
I1222 14:49:05.038030 85976 naive_actor.cpp:25] actor 2199025352723 switch to &NaiveActor::HandlerNormal
I1222 14:49:05.038085 85976 thread.cpp:99] Thread 1048577 construct Actor kCollectiveBoxingGeneric 2199025352723
I1222 14:49:05.038122 85976 runtime_context.cpp:29] DecreaseCounter constructing_actor_cnt, current val is 3155
I1222 14:49:05.038249 85976 naive_actor.cpp:25] actor 2199025352839 switch to &NaiveActor::HandlerNormal
I1222 14:49:05.038280 85976 thread.cpp:99] Thread 1048577 construct Actor kCollectiveBoxingGeneric 2199025352839
I1222 14:49:05.038328 85976 runtime_context.cpp:29] DecreaseCounter constructing_actor_cnt, current val is 3154
I1222 14:49:05.038444 85976 naive_actor.cpp:25] actor 2199025352834 switch to &NaiveActor::HandlerNormal
I1222 14:49:05.038486 85976 thread.cpp:99] Thread 1048577 construct Actor kCollectiveBoxingGeneric 2199025352834
I1222 14:49:05.038522 85976 runtime_context.cpp:29] DecreaseCounter constructing_actor_cnt, current val is 3153
I1222 14:49:05.038674 85976 naive_actor.cpp:25] actor 2199025352891 switch to &NaiveActor::HandlerNormal
I1222 14:49:05.038718 85976 thread.cpp:99] Thread 1048577 construct Actor kCollectiveBoxingGeneric 2199025352891
I1222 14:49:05.038789 85976 runtime_context.cpp:29] DecreaseCounter constructing_actor_cnt, current val is 3152
I1222 14:49:05.038923 85976 naive_actor.cpp:25] actor 2199025352893 switch to &NaiveActor::HandlerNormal
I1222 14:49:05.038969 85976 thread.cpp:99] Thread 1048577 construct Actor kCollectiveBoxingGeneric 2199025352893
I1222 14:49:05.039016 85976 runtime_context.cpp:29] DecreaseCounter constructing_actor_cnt, current val is 3151
I1222 14:49:05.039144 85976 naive_actor.cpp:25] actor 2199025352743 switch to &NaiveActor::HandlerNormal
I1222 14:49:05.039186 85976 thread.cpp:99] Thread 1048577 construct Actor kCollectiveBoxingGeneric 2199025352743
I1222 14:49:05.039216 85925 naive_actor.cpp:25] actor 2199023255556 switch to &NaiveActor::HandlerNormal
I1222 14:49:05.039237 85976 runtime_context.cpp:29] DecreaseCounter constructing_actor_cnt, current val is 3150
I1222 14:49:05.039332 85925 thread.cpp:99] Thread 1048576 construct Actor kNormalForward 2199023255556
I1222 14:49:05.039469 85976 naive_actor.cpp:25] actor 2199025352857 switch to &NaiveActor::HandlerNormal
I1222 14:49:05.039474 85925 runtime_context.cpp:29] DecreaseCounter constructing_actor_cnt, current val is 3149
I1222 14:49:05.039525 85976 thread.cpp:99] Thread 1048577 construct Actor kCollectiveBoxingGeneric 2199025352857
I1222 14:49:05.039652 85976 runtime_context.cpp:29] DecreaseCounter constructing_actor_cnt, current val is 3148
I1222 14:49:05.039813 85976 naive_actor.cpp:25] actor 2199025352877 switch to &NaiveActor::HandlerNormal
I1222 14:49:05.039853 85976 thread.cpp:99] Thread 1048577 construct Actor kCollectiveBoxingGeneric 2199025352877
I1222 14:49:05.039889 85976 runtime_context.cpp:29] DecreaseCounter constructing_actor_cnt, current val is 3147
I1222 14:49:05.040004 85976 naive_actor.cpp:25] actor 2199025352892 switch to &NaiveActor::HandlerNormal
I1222 14:49:05.040045 85976 thread.cpp:99] Thread 1048577 construct Actor kCollectiveBoxingGeneric 2199025352892
I1222 14:49:05.040081 85976 runtime_context.cpp:29] DecreaseCounter constructing_actor_cnt, current val is 3146
I1222 14:49:05.040220 85976 naive_actor.cpp:25] actor 2199025352853 switch to &NaiveActor::HandlerNormal
I1222 14:49:05.040268 85976 thread.cpp:99] Thread 1048577 construct Actor kCollectiveBoxingGeneric 2199025352853
I1222 14:49:05.040318 85976 runtime_context.cpp:29] DecreaseCounter constructing_actor_cnt, current val is 3145
I1222 14:49:05.040460 85976 naive_actor.cpp:25] actor 2199025352875 switch to &NaiveActor::HandlerNormal
I1222 14:49:05.040546 85976 thread.cpp:99] Thread 1048577 construct Actor kCollectiveBoxingGeneric 2199025352875
I1222 14:49:05.040982 85925 naive_actor.cpp:25] actor 2199023255580 switch to &NaiveActor::HandlerNormal
I1222 14:49:05.041124 85976 runtime_context.cpp:29] DecreaseCounter constructing_actor_cnt, current val is 3144
I1222 14:49:05.041213 85925 thread.cpp:99] Thread 1048576 construct Actor kNormalForward 2199023255580
I1222 14:49:05.041349 85976 naive_actor.cpp:25] actor 2199025352707 switch to &NaiveActor::HandlerNormal
I1222 14:49:05.041360 85925 runtime_context.cpp:29] DecreaseCounter constructing_actor_cnt, current val is 3143
I1222 14:49:05.041400 85976 thread.cpp:99] Thread 1048577 construct Actor kCollectiveBoxingGeneric 2199025352707
I1222 14:49:05.041491 85976 runtime_context.cpp:29] DecreaseCounter constructing_actor_cnt, current val is 3142
I1222 14:49:05.041615 85976 naive_actor.cpp:25] actor 2199025352898 switch to &NaiveActor::HandlerNormal
I1222 14:49:05.041659 85976 thread.cpp:99] Thread 1048577 construct Actor kCollectiveBoxingGeneric 2199025352898
I1222 14:49:05.041705 85976 runtime_context.cpp:29] DecreaseCounter constructing_actor_cnt, current val is 3141
I1222 14:49:05.041839 85976 naive_actor.cpp:25] actor 2199025352734 switch to &NaiveActor::HandlerNormal
I1222 14:49:05.041893 85976 thread.cpp:99] Thread 1048577 construct Actor kCollectiveBoxingGeneric 2199025352734
I1222 14:49:05.041944 85976 runtime_context.cpp:29] DecreaseCounter constructing_actor_cnt, current val is 3140
I1222 14:49:05.041978 85925 naive_actor.cpp:25] actor 2199023255555 switch to &NaiveActor::HandlerNormal
I1222 14:49:05.042079 85925 thread.cpp:99] Thread 1048576 construct Actor kNormalForward 2199023255555
I1222 14:49:05.042106 85976 naive_actor.cpp:25] actor 2199025352894 switch to &NaiveActor::HandlerNormal
I1222 14:49:05.042194 85976 thread.cpp:99] Thread 1048577 construct Actor kCollectiveBoxingGeneric 2199025352894
I1222 14:49:05.042212 85925 runtime_context.cpp:29] DecreaseCounter constructing_actor_cnt, current val is 3139
I1222 14:49:05.042248 85976 runtime_context.cpp:29] DecreaseCounter constructing_actor_cnt, current val is 3138
I1222 14:49:05.042433 85976 naive_actor.cpp:25] actor 2199025352721 switch to &NaiveActor::HandlerNormal
I1222 14:49:05.042469 85976 thread.cpp:99] Thread 1048577 construct Actor kCollectiveBoxingGeneric 2199025352721
I1222 14:49:05.042526 85976 runtime_context.cpp:29] DecreaseCounter constructing_actor_cnt, current val is 3137
I1222 14:49:05.042687 85976 naive_actor.cpp:25] actor 2199025352725 switch to &NaiveActor::HandlerNormal
I1222 14:49:05.042732 85976 thread.cpp:99] Thread 1048577 construct Actor kCollectiveBoxingGeneric 2199025352725
I1222 14:49:05.042776 85976 runtime_context.cpp:29] DecreaseCounter constructing_actor_cnt, current val is 3136
I1222 14:49:05.042929 85976 naive_actor.cpp:25] actor 2199025352738 switch to &NaiveActor::HandlerNormal
I1222 14:49:05.042973 85976 thread.cpp:99] Thread 1048577 construct Actor kCollectiveBoxingGeneric 2199025352738
I1222 14:49:05.043021 85976 runtime_context.cpp:29] DecreaseCounter constructing_actor_cnt, current val is 3135
I1222 14:49:05.043167 85976 naive_actor.cpp:25] actor 2199025352757 switch to &NaiveActor::HandlerNormal
I1222 14:49:05.043212 85976 thread.cpp:99] Thread 1048577 construct Actor kCollectiveBoxingGeneric 2199025352757
I1222 14:49:05.043248 85976 runtime_context.cpp:29] DecreaseCounter constructing_actor_cnt, current val is 3134
I1222 14:49:05.043385 85976 naive_actor.cpp:25] actor 2199025352733 switch to &NaiveActor::HandlerNormal
I1222 14:49:05.043431 85976 thread.cpp:99] Thread 1048577 construct Actor kCollectiveBoxingGeneric 2199025352733
I1222 14:49:05.043465 85976 runtime_context.cpp:29] DecreaseCounter constructing_actor_cnt, current val is 3133
I1222 14:49:05.043581 85976 naive_actor.cpp:25] actor 2199025352768 switch to &NaiveActor::HandlerNormal
I1222 14:49:05.043622 85976 thread.cpp:99] Thread 1048577 construct Actor kCollectiveBoxingGeneric 2199025352768
I1222 14:49:05.043715 85976 runtime_context.cpp:29] DecreaseCounter constructing_actor_cnt, current val is 3132
I1222 14:49:05.043823 85925 naive_actor.cpp:25] actor 2199023255588 switch to &NaiveActor::HandlerNormal
I1222 14:49:05.044255 85925 thread.cpp:99] Thread 1048576 construct Actor kNormalForward 2199023255588
I1222 14:49:05.044263 85976 naive_actor.cpp:25] actor 2199025352764 switch to &NaiveActor::HandlerNormal
I1222 14:49:05.044344 85976 thread.cpp:99] Thread 1048577 construct Actor kCollectiveBoxingGeneric 2199025352764
I1222 14:49:05.044391 85976 runtime_context.cpp:29] DecreaseCounter constructing_actor_cnt, current val is 3131
I1222 14:49:05.044399 85925 runtime_context.cpp:29] DecreaseCounter constructing_actor_cnt, current val is 3130
I1222 14:49:05.044546 85976 naive_actor.cpp:25] actor 2199025352771 switch to &NaiveActor::HandlerNormal
I1222 14:49:05.044592 85976 thread.cpp:99] Thread 1048577 construct Actor kCollectiveBoxingGeneric 2199025352771
I1222 14:49:05.044646 85976 runtime_context.cpp:29] DecreaseCounter constructing_actor_cnt, current val is 3129
I1222 14:49:05.044797 85976 naive_actor.cpp:25] actor 2199025352735 switch to &NaiveActor::HandlerNormal
I1222 14:49:05.044847 85976 thread.cpp:99] Thread 1048577 construct Actor kCollectiveBoxingGeneric 2199025352735
I1222 14:49:05.044898 85976 runtime_context.cpp:29] DecreaseCounter constructing_actor_cnt, current val is 3128
I1222 14:49:05.045039 85976 naive_actor.cpp:25] actor 2199025352762 switch to &NaiveActor::HandlerNormal
I1222 14:49:05.045071 85976 thread.cpp:99] Thread 1048577 construct Actor kCollectiveBoxingGeneric 2199025352762
I1222 14:49:05.045120 85976 runtime_context.cpp:29] DecreaseCounter constructing_actor_cnt, current val is 3127
I1222 14:49:05.045270 85976 naive_actor.cpp:25] actor 2199025352718 switch to &NaiveActor::HandlerNormal
I1222 14:49:05.045334 85976 thread.cpp:99] Thread 1048577 construct Actor kCollectiveBoxingGeneric 2199025352718
I1222 14:49:05.045387 85976 runtime_context.cpp:29] DecreaseCounter constructing_actor_cnt, current val is 3126
I1222 14:49:05.045527 85976 naive_actor.cpp:25] actor 2199025352797 switch to &NaiveActor::HandlerNormal
I1222 14:49:05.045567 85976 thread.cpp:99] Thread 1048577 construct Actor kCollectiveBoxingGeneric 2199025352797
I1222 14:49:05.045600 85976 runtime_context.cpp:29] DecreaseCounter constructing_actor_cnt, current val is 3125
I1222 14:49:05.045742 85976 naive_actor.cpp:25] actor 2199025352801 switch to &NaiveActor::HandlerNormal
I1222 14:49:05.045779 85976 thread.cpp:99] Thread 1048577 construct Actor kCollectiveBoxingGeneric 2199025352801
I1222 14:49:05.045822 85976 runtime_context.cpp:29] DecreaseCounter constructing_actor_cnt, current val is 3124
I1222 14:49:05.045926 85925 naive_actor.cpp:25] actor 2199023255558 switch to &NaiveActor::HandlerNormal
I1222 14:49:05.045969 85976 naive_actor.cpp:25] actor 2199025352823 switch to &NaiveActor::HandlerNormal
I1222 14:49:05.046097 85976 thread.cpp:99] Thread 1048577 construct Actor kCollectiveBoxingGeneric 2199025352823
I1222 14:49:05.046056 85925 thread.cpp:99] Thread 1048576 construct Actor kNormalForward 2199023255558
I1222 14:49:05.046146 85976 runtime_context.cpp:29] DecreaseCounter constructing_actor_cnt, current val is 3123
I1222 14:49:05.046275 85925 runtime_context.cpp:29] DecreaseCounter constructing_actor_cnt, current val is 3122
I1222 14:49:05.046334 85976 naive_actor.cpp:25] actor 2199025352742 switch to &NaiveActor::HandlerNormal
I1222 14:49:05.046377 85976 thread.cpp:99] Thread 1048577 construct Actor kCollectiveBoxingGeneric 2199025352742
I1222 14:49:05.046427 85976 runtime_context.cpp:29] DecreaseCounter constructing_actor_cnt, current val is 3121
I1222 14:49:05.046567 85976 naive_actor.cpp:25] actor 2199025352728 switch to &NaiveActor::HandlerNormal
I1222 14:49:05.046618 85976 thread.cpp:99] Thread 1048577 construct Actor kCollectiveBoxingGeneric 2199025352728
I1222 14:49:05.046667 85976 runtime_context.cpp:29] DecreaseCounter constructing_actor_cnt, current val is 3120
I1222 14:49:05.046799 85976 naive_actor.cpp:25] actor 2199025352706 switch to &NaiveActor::HandlerNormal
I1222 14:49:05.046885 85976 thread.cpp:99] Thread 1048577 construct Actor kCollectiveBoxingGeneric 2199025352706
I1222 14:49:05.047333 85976 runtime_context.cpp:29] DecreaseCounter constructing_actor_cnt, current val is 3119
I1222 14:49:05.047472 85976 naive_actor.cpp:25] actor 2199025352726 switch to &NaiveActor::HandlerNormal
I1222 14:49:05.047513 85976 thread.cpp:99] Thread 1048577 construct Actor kCollectiveBoxingGeneric 2199025352726
I1222 14:49:05.047523 85925 naive_actor.cpp:25] actor 2199023255573 switch to &NaiveActor::HandlerNormal
I1222 14:49:05.047564 85976 runtime_context.cpp:29] DecreaseCounter constructing_actor_cnt, current val is 3118
I1222 14:49:05.047665 85925 thread.cpp:99] Thread 1048576 construct Actor kNormalForward 2199023255573
I1222 14:49:05.047814 85976 naive_actor.cpp:25] actor 2199025352749 switch to &NaiveActor::HandlerNormal
I1222 14:49:05.047847 85976 thread.cpp:99] Thread 1048577 construct Actor kCollectiveBoxingGeneric 2199025352749
I1222 14:49:05.047852 85925 runtime_context.cpp:29] DecreaseCounter constructing_actor_cnt, current val is 3117
I1222 14:49:05.047884 85976 runtime_context.cpp:29] DecreaseCounter constructing_actor_cnt, current val is 3116
I1222 14:49:05.048089 85976 naive_actor.cpp:25] actor 2199025352780 switch to &NaiveActor::HandlerNormal
I1222 14:49:05.048125 85976 thread.cpp:99] Thread 1048577 construct Actor kCollectiveBoxingGeneric 2199025352780
I1222 14:49:05.048171 85976 runtime_context.cpp:29] DecreaseCounter constructing_actor_cnt, current val is 3115
I1222 14:49:05.048303 85976 naive_actor.cpp:25] actor 2199025352840 switch to &NaiveActor::HandlerNormal
I1222 14:49:05.048348 85976 thread.cpp:99] Thread 1048577 construct Actor kCollectiveBoxingGeneric 2199025352840
I1222 14:49:05.048409 85976 runtime_context.cpp:29] DecreaseCounter constructing_actor_cnt, current val is 3114
I1222 14:49:05.048686 85976 naive_actor.cpp:25] actor 2199025352842 switch to &NaiveActor::HandlerNormal
I1222 14:49:05.048771 85976 thread.cpp:99] Thread 1048577 construct Actor kCollectiveBoxingGeneric 2199025352842
I1222 14:49:05.048885 85976 runtime_context.cpp:29] DecreaseCounter constructing_actor_cnt, current val is 3113
I1222 14:49:05.049131 85976 naive_actor.cpp:25] actor 2199025352769 switch to &NaiveActor::HandlerNormal
I1222 14:49:05.049221 85976 thread.cpp:99] Thread 1048577 construct Actor kCollectiveBoxingGeneric 2199025352769
I1222 14:49:05.049310 85976 runtime_context.cpp:29] DecreaseCounter constructing_actor_cnt, current val is 3112
I1222 14:49:05.049453 85925 naive_actor.cpp:25] actor 2199023255578 switch to &NaiveActor::HandlerNormal
I1222 14:49:05.049544 85976 naive_actor.cpp:25] actor 2199025352815 switch to &NaiveActor::HandlerNormal
I1222 14:49:05.049589 85925 thread.cpp:99] Thread 1048576 construct Actor kNormalForward 2199023255578
I1222 14:49:05.049647 85976 thread.cpp:99] Thread 1048577 construct Actor kCollectiveBoxingGeneric 2199025352815
I1222 14:49:05.049804 85976 runtime_context.cpp:29] DecreaseCounter constructing_actor_cnt, current val is 3111
I1222 14:49:05.049813 85925 runtime_context.cpp:29] DecreaseCounter constructing_actor_cnt, current val is 3110
I1222 14:49:05.050026 85976 naive_actor.cpp:25] actor 2199025352811 switch to &NaiveActor::HandlerNormal
I1222 14:49:05.050092 85976 thread.cpp:99] Thread 1048577 construct Actor kCollectiveBoxingGeneric 2199025352811
I1222 14:49:05.050164 85976 runtime_context.cpp:29] DecreaseCounter constructing_actor_cnt, current val is 3109
I1222 14:49:05.050362 85976 naive_actor.cpp:25] actor 2199025352784 switch to &NaiveActor::HandlerNormal
I1222 14:49:05.050426 85976 thread.cpp:99] Thread 1048577 construct Actor kCollectiveBoxingGeneric 2199025352784
I1222 14:49:05.050482 85976 runtime_context.cpp:29] DecreaseCounter constructing_actor_cnt, current val is 3108
I1222 14:49:05.050678 85976 naive_actor.cpp:25] actor 2199025352776 switch to &NaiveActor::HandlerNormal
I1222 14:49:05.050741 85976 thread.cpp:99] Thread 1048577 construct Actor kCollectiveBoxingGeneric 2199025352776
I1222 14:49:05.050897 85976 runtime_context.cpp:29] DecreaseCounter constructing_actor_cnt, current val is 3107
I1222 14:49:05.051288 85925 naive_actor.cpp:25] actor 2199023255596 switch to &NaiveActor::HandlerNormal
I1222 14:49:05.051414 85925 thread.cpp:99] Thread 1048576 construct Actor kNormalForward 2199023255596
I1222 14:49:05.051503 85976 naive_actor.cpp:25] actor 2199025352760 switch to &NaiveActor::HandlerNormal
I1222 14:49:05.051556 85925 runtime_context.cpp:29] DecreaseCounter constructing_actor_cnt, current val is 3106
I1222 14:49:05.051580 85976 thread.cpp:99] Thread 1048577 construct Actor kCollectiveBoxingGeneric 2199025352760
I1222 14:49:05.051694 85976 runtime_context.cpp:29] DecreaseCounter constructing_actor_cnt, current val is 3105
I1222 14:49:05.051918 85976 naive_actor.cpp:25] actor 2199025352858 switch to &NaiveActor::HandlerNormal
I1222 14:49:05.051986 85976 thread.cpp:99] Thread 1048577 construct Actor kCollectiveBoxingGeneric 2199025352858
I1222 14:49:05.052057 85976 runtime_context.cpp:29] DecreaseCounter constructing_actor_cnt, current val is 3104
I1222 14:49:05.052309 85976 naive_actor.cpp:25] actor 2199025352866 switch to &NaiveActor::HandlerNormal
I1222 14:49:05.052382 85976 thread.cpp:99] Thread 1048577 construct Actor kCollectiveBoxingGeneric 2199025352866
I1222 14:49:05.052457 85976 runtime_context.cpp:29] DecreaseCounter constructing_actor_cnt, current val is 3103
I1222 14:49:05.052676 85976 naive_actor.cpp:25] actor 2199025352884 switch to &NaiveActor::HandlerNormal
I1222 14:49:05.052745 85976 thread.cpp:99] Thread 1048577 construct Actor kCollectiveBoxingGeneric 2199025352884
I1222 14:49:05.052812 85976 runtime_context.cpp:29] DecreaseCounter constructing_actor_cnt, current val is 3102
I1222 14:49:05.052989 85925 naive_actor.cpp:25] actor 2199023255593 switch to &NaiveActor::HandlerNormal
I1222 14:49:05.053027 85976 naive_actor.cpp:25] actor 2199025352753 switch to &NaiveActor::HandlerNormal
I1222 14:49:05.053099 85925 thread.cpp:99] Thread 1048576 construct Actor kNormalForward 2199023255593
I1222 14:49:05.053144 85976 thread.cpp:99] Thread 1048577 construct Actor kCollectiveBoxingGeneric 2199025352753
I1222 14:49:05.053279 85976 runtime_context.cpp:29] DecreaseCounter constructing_actor_cnt, current val is 3100
I1222 14:49:05.053280 85925 runtime_context.cpp:29] DecreaseCounter constructing_actor_cnt, current val is 3101
I1222 14:49:05.053527 85976 naive_actor.cpp:25] actor 2199025352812 switch to &NaiveActor::HandlerNormal
I1222 14:49:05.053602 85976 thread.cpp:99] Thread 1048577 construct Actor kCollectiveBoxingGeneric 2199025352812
I1222 14:49:05.053670 85976 runtime_context.cpp:29] DecreaseCounter constructing_actor_cnt, current val is 3099
I1222 14:49:05.053879 85976 naive_actor.cpp:25] actor 2199025352765 switch to &NaiveActor::HandlerNormal
I1222 14:49:05.053927 85976 thread.cpp:99] Thread 1048577 construct Actor kCollectiveBoxingGeneric 2199025352765
I1222 14:49:05.053992 85976 runtime_context.cpp:29] DecreaseCounter constructing_actor_cnt, current val is 3098
I1222 14:49:05.054191 85976 naive_actor.cpp:25] actor 2199025352788 switch to &NaiveActor::HandlerNormal
I1222 14:49:05.054283 85976 thread.cpp:99] Thread 1048577 construct Actor kCollectiveBoxingGeneric 2199025352788
I1222 14:49:05.054339 85976 runtime_context.cpp:29] DecreaseCounter constructing_actor_cnt, current val is 3097
I1222 14:49:05.054553 85976 naive_actor.cpp:25] actor 2199025352763 switch to &NaiveActor::HandlerNormal
I1222 14:49:05.054648 85976 thread.cpp:99] Thread 1048577 construct Actor kCollectiveBoxingGeneric 2199025352763
I1222 14:49:05.054728 85976 runtime_context.cpp:29] DecreaseCounter constructing_actor_cnt, current val is 3096
I1222 14:49:05.054946 85976 naive_actor.cpp:25] actor 2199025352774 switch to &NaiveActor::HandlerNormal
I1222 14:49:05.055019 85976 thread.cpp:99] Thread 1048577 construct Actor kCollectiveBoxingGeneric 2199025352774
I1222 14:49:05.055059 85925 naive_actor.cpp:25] actor 2199023255594 switch to &NaiveActor::HandlerNormal
I1222 14:49:05.055091 85976 runtime_context.cpp:29] DecreaseCounter constructing_actor_cnt, current val is 3095
I1222 14:49:05.055164 85925 thread.cpp:99] Thread 1048576 construct Actor kNormalForward 2199023255594
I1222 14:49:05.055483 85976 naive_actor.cpp:25] actor 2199025352799 switch to &NaiveActor::HandlerNormal
I1222 14:49:05.055833 85976 thread.cpp:99] Thread 1048577 construct Actor kCollectiveBoxingGeneric 2199025352799
I1222 14:49:05.055848 85925 runtime_context.cpp:29] DecreaseCounter constructing_actor_cnt, current val is 3094
I1222 14:49:05.055893 85976 runtime_context.cpp:29] DecreaseCounter constructing_actor_cnt, current val is 3093
I1222 14:49:05.056147 85976 naive_actor.cpp:25] actor 2199025352833 switch to &NaiveActor::HandlerNormal
I1222 14:49:05.056216 85976 thread.cpp:99] Thread 1048577 construct Actor kCollectiveBoxingGeneric 2199025352833
I1222 14:49:05.056285 85976 runtime_context.cpp:29] DecreaseCounter constructing_actor_cnt, current val is 3092
I1222 14:49:05.056357 85925 naive_actor.cpp:25] actor 2199023255589 switch to &NaiveActor::HandlerNormal
I1222 14:49:05.056450 85925 thread.cpp:99] Thread 1048576 construct Actor kNormalForward 2199023255589
I1222 14:49:05.056476 85976 naive_actor.cpp:25] actor 2199025352744 switch to &NaiveActor::HandlerNormal
I1222 14:49:05.056567 85925 runtime_context.cpp:29] DecreaseCounter constructing_actor_cnt, current val is 3091
I1222 14:49:05.056574 85976 thread.cpp:99] Thread 1048577 construct Actor kCollectiveBoxingGeneric 2199025352744
I1222 14:49:05.056702 85976 runtime_context.cpp:29] DecreaseCounter constructing_actor_cnt, current val is 3090
I1222 14:49:05.056910 85976 naive_actor.cpp:25] actor 2199025352731 switch to &NaiveActor::HandlerNormal
I1222 14:49:05.056975 85976 thread.cpp:99] Thread 1048577 construct Actor kCollectiveBoxingGeneric 2199025352731
I1222 14:49:05.057046 85976 runtime_context.cpp:29] DecreaseCounter constructing_actor_cnt, current val is 3089
I1222 14:49:05.057272 85976 naive_actor.cpp:25] actor 2199025352852 switch to &NaiveActor::HandlerNormal
I1222 14:49:05.057341 85976 thread.cpp:99] Thread 1048577 construct Actor kCollectiveBoxingGeneric 2199025352852
I1222 14:49:05.057410 85976 runtime_context.cpp:29] DecreaseCounter constructing_actor_cnt, current val is 3088
I1222 14:49:05.057637 85976 naive_actor.cpp:25] actor 2199025352779 switch to &NaiveActor::HandlerNormal
I1222 14:49:05.057703 85976 thread.cpp:99] Thread 1048577 construct Actor kCollectiveBoxingGeneric 2199025352779
I1222 14:49:05.057775 85976 runtime_context.cpp:29] DecreaseCounter constructing_actor_cnt, current val is 3087
I1222 14:49:05.058007 85976 naive_actor.cpp:25] actor 2199025352878 switch to &NaiveActor::HandlerNormal
I1222 14:49:05.058064 85976 thread.cpp:99] Thread 1048577 construct Actor kCollectiveBoxingGeneric 2199025352878
I1222 14:49:05.058120 85976 runtime_context.cpp:29] DecreaseCounter constructing_actor_cnt, current val is 3086
I1222 14:49:05.058332 85976 naive_actor.cpp:25] actor 2199025352747 switch to &NaiveActor::HandlerNormal
I1222 14:49:05.058405 85976 thread.cpp:99] Thread 1048577 construct Actor kCollectiveBoxingGeneric 2199025352747
I1222 14:49:05.058472 85976 runtime_context.cpp:29] DecreaseCounter constructing_actor_cnt, current val is 3085
I1222 14:49:05.058617 85925 naive_actor.cpp:25] actor 2199023255567 switch to &NaiveActor::HandlerNormal
I1222 14:49:05.058670 85976 naive_actor.cpp:25] actor 2199025352708 switch to &NaiveActor::HandlerNormal
I1222 14:49:05.058723 85925 thread.cpp:99] Thread 1048576 construct Actor kNormalForward 2199023255567
I1222 14:49:05.058768 85976 thread.cpp:99] Thread 1048577 construct Actor kCollectiveBoxingGeneric 2199025352708
I1222 14:49:05.058931 85976 runtime_context.cpp:29] DecreaseCounter constructing_actor_cnt, current val is 3084
I1222 14:49:05.058956 85925 runtime_context.cpp:29] DecreaseCounter constructing_actor_cnt, current val is 3083
I1222 14:49:05.059155 85976 naive_actor.cpp:25] actor 2199025352773 switch to &NaiveActor::HandlerNormal
I1222 14:49:05.059218 85976 thread.cpp:99] Thread 1048577 construct Actor kCollectiveBoxingGeneric 2199025352773
I1222 14:49:05.059361 85976 runtime_context.cpp:29] DecreaseCounter constructing_actor_cnt, current val is 3082
I1222 14:49:05.059491 85925 naive_actor.cpp:25] actor 2199023255581 switch to &NaiveActor::HandlerNormal
I1222 14:49:05.060045 85925 thread.cpp:99] Thread 1048576 construct Actor kNormalForward 2199023255581
I1222 14:49:05.060138 85976 naive_actor.cpp:25] actor 2199025352854 switch to &NaiveActor::HandlerNormal
I1222 14:49:05.060178 85925 runtime_context.cpp:29] DecreaseCounter constructing_actor_cnt, current val is 3081
I1222 14:49:05.060211 85976 thread.cpp:99] Thread 1048577 construct Actor kCollectiveBoxingGeneric 2199025352854
I1222 14:49:05.060364 85976 runtime_context.cpp:29] DecreaseCounter constructing_actor_cnt, current val is 3080
I1222 14:49:05.060585 85976 naive_actor.cpp:25] actor 2199025352791 switch to &NaiveActor::HandlerNormal
I1222 14:49:05.060649 85976 thread.cpp:99] Thread 1048577 construct Actor kCollectiveBoxingGeneric 2199025352791
I1222 14:49:05.060721 85976 runtime_context.cpp:29] DecreaseCounter constructing_actor_cnt, current val is 3079
I1222 14:49:05.060953 85976 naive_actor.cpp:25] actor 2199025352803 switch to &NaiveActor::HandlerNormal
I1222 14:49:05.061022 85976 thread.cpp:99] Thread 1048577 construct Actor kCollectiveBoxingGeneric 2199025352803
