 from [base_model.m_stage0.embeddings.LayerNorm-layer_norm_24] (stage_id:0) -> [base_model.m_stage0.embeddings.LayerNorm-layer_norm_24_param_grad] (stage_id:0) 
I1222 14:12:24.722846 79004 pipeline_buffer_pass.cpp:117] 
 Insert buffer op : [System-Pipeline-Buffer-Op_-base_model.m_stage0.embeddings-broadcast_add_23-z_0-stage_id_0](buffer_size:4) 
 from [base_model.m_stage0.embeddings-broadcast_add_23] (stage_id:0) -> [base_model.m_stage0.embeddings.LayerNorm-layer_norm_24_grad] (stage_id:0) 
I1222 14:12:24.722904 79004 pipeline_buffer_pass.cpp:117] 
 Insert buffer op : [System-Pipeline-Buffer-Op_-base_model.m_stage0.embeddings.LayerNorm-layer_norm_24-mean_0-stage_id_0](buffer_size:4) 
 from [base_model.m_stage0.embeddings.LayerNorm-layer_norm_24] (stage_id:0) -> [base_model.m_stage0.embeddings.LayerNorm-layer_norm_24_grad] (stage_id:0) 
I1222 14:12:24.722954 79004 pipeline_buffer_pass.cpp:117] 
 Insert buffer op : [System-Pipeline-Buffer-Op_-base_model.m_stage0.embeddings.LayerNorm-layer_norm_24-inv_variance_0-stage_id_0](buffer_size:4) 
 from [base_model.m_stage0.embeddings.LayerNorm-layer_norm_24] (stage_id:0) -> [base_model.m_stage0.embeddings.LayerNorm-layer_norm_24_grad] (stage_id:0) 
I1222 14:12:24.723011 79004 pipeline_buffer_pass.cpp:117] 
 Insert buffer op : [System-Pipeline-Buffer-Op_-base_model.m_stage0.embeddings.position_embeddings-gather_20-out_0-stage_id_0](buffer_size:4) 
 from [base_model.m_stage0.embeddings.position_embeddings-gather_20] (stage_id:0) -> [base_model.m_stage0.embeddings-broadcast_add_23_y_grad_reduce_sum_like] (stage_id:0) 
I1222 14:12:24.723073 79004 pipeline_buffer_pass.cpp:117] 
 Insert buffer op : [System-Pipeline-Buffer-Op_-base_model.m_stage0.embeddings-slice_19-y_0-stage_id_0](buffer_size:4) 
 from [base_model.m_stage0.embeddings-slice_19] (stage_id:0) -> [base_model.m_stage0.embeddings.position_embeddings-gather_20_grad] (stage_id:0) 
I1222 14:12:24.723170 79004 pipeline_buffer_pass.cpp:117] 
 Insert buffer op : [System-Pipeline-Buffer-Op_-base_model-identity_15-out_0-stage_id_0](buffer_size:4) 
 from [base_model-identity_15] (stage_id:0) -> [base_model.m_stage0.embeddings.word_embeddings-gather_18_grad] (stage_id:0) 
I1222 14:12:24.723830 79004 pipeline_buffer_pass.cpp:117] 
 Insert buffer op : [System-Pipeline-Buffer-Op_-base_model-identity_16-out_0-stage_id_0](buffer_size:4) 
 from [base_model-identity_16] (stage_id:0) -> [base_model.m_stage0.embeddings.token_type_embeddings-gather_21_grad] (stage_id:0) 
I1222 14:12:24.724128 79004 pipeline_buffer_pass.cpp:117] 
 Insert buffer op : [System-Pipeline-Buffer-Op_-_train_data_loader-hierarchical_parallel_cast_8-out_0-stage_id_0](buffer_size:4) 
 from [_train_data_loader-hierarchical_parallel_cast_8] (stage_id:0) -> [base_model-identity_15] (stage_id:0) 
I1222 14:12:24.724192 79004 pipeline_buffer_pass.cpp:117] 
 Insert buffer op : [System-Pipeline-Buffer-Op_-_train_data_loader-hierarchical_parallel_cast_11-out_0-stage_id_0](buffer_size:4) 
 from [_train_data_loader-hierarchical_parallel_cast_11] (stage_id:0) -> [base_model-identity_16] (stage_id:0) 
I1222 14:12:24.724247 79004 pipeline_buffer_pass.cpp:117] 
 Insert buffer op : [System-Pipeline-Buffer-Op_-_train_data_loader-hierarchical_parallel_cast_10-out_0-stage_id_0](buffer_size:4) 
 from [_train_data_loader-hierarchical_parallel_cast_10] (stage_id:0) -> [base_model-identity_17] (stage_id:0) 
I1222 14:12:24.724583 79004 pipeline_buffer_pass.cpp:212] 
 Insert buffer op pair : src_buffer = <System-Pipeline-Buffer-Op_-base_model-identity_236-out_0>(buffer_size:1) , dst_buffer = <System-Pipeline-Buffer-Op_-base_model-identity_236-out_0-stage_id_1>(buffer_size:1) 
 from [base_model-identity_236] (stage_id:0) -> [base_model-identity_237] (stage_id:1) 
I1222 14:12:24.724644 79004 pipeline_buffer_pass.cpp:117] 
 Insert buffer op : [System-Pipeline-Buffer-Op_-_train_data_loader-hierarchical_parallel_cast_10-out_0-stage_id_1](buffer_size:4) 
 from [_train_data_loader-hierarchical_parallel_cast_10] (stage_id:0) -> [base_model-identity_238] (stage_id:1) 
I1222 14:12:24.724954 79004 pipeline_buffer_pass.cpp:117] 
 Insert buffer op : [System-Pipeline-Buffer-Op_-_train_data_loader-hierarchical_parallel_cast_9-out_0-stage_id_1](buffer_size:4) 
 from [_train_data_loader-hierarchical_parallel_cast_9] (stage_id:0) -> [reshape_464] (stage_id:1) 
I1222 14:12:24.725020 79004 pipeline_buffer_pass.cpp:117] 
 Insert buffer op : [System-Pipeline-Buffer-Op_-_train_data_loader-hierarchical_parallel_cast_13-out_0-stage_id_1](buffer_size:4) 
 from [_train_data_loader-hierarchical_parallel_cast_13] (stage_id:0) -> [expand_dims_472] (stage_id:1) 
I1222 14:12:24.725085 79004 pipeline_buffer_pass.cpp:117] 
 Insert buffer op : [System-Pipeline-Buffer-Op_-_train_data_loader-hierarchical_parallel_cast_12-out_0-stage_id_1](buffer_size:4) 
 from [_train_data_loader-hierarchical_parallel_cast_12] (stage_id:0) -> [reshape_476] (stage_id:1) 
I1222 14:12:24.725145 79004 pipeline_buffer_pass.cpp:117] 
 Insert buffer op : [System-Pipeline-Buffer-Op_-_train_data_loader-hierarchical_parallel_cast_14-out_0-stage_id_1](buffer_size:4) 
 from [_train_data_loader-hierarchical_parallel_cast_14] (stage_id:0) -> [multiply_483] (stage_id:1) 
I1222 14:12:24.725822 79004 pipeline_buffer_pass.cpp:212] 
 Insert buffer op pair : src_buffer = <System-Pipeline-Buffer-Op_-base_model-identity_237_grad-out_0>(buffer_size:1) , dst_buffer = <System-Pipeline-Buffer-Op_-base_model-identity_237_grad-out_0-stage_id_0>(buffer_size:1) 
 from [base_model-identity_237_grad] (stage_id:1) -> [base_model-identity_236_grad] (stage_id:0) 
I1222 14:12:25.233291 79004 global.h:43] DeleteGlobal N7oneflow7JobDescE
I1222 14:12:25.837929 79004 global.h:36] NewGlobal N7oneflow7JobDescE
I1222 14:12:32.412175 79004 global.h:36] NewGlobal N7oneflow7OpGraphE
I1222 14:12:34.007253 79004 global.h:43] DeleteGlobal N7oneflow7OpGraphE
I1222 14:12:34.186534 79004 nn_graph.cpp:267] 
job_id: 0 , job_name: PipelineGraph_0 , compile time: 8.34836 seconds.
I1222 14:12:34.227995 79004 plan_util.cpp:927]  Plan: PipelineGraph_0 needs to allocate [ 4126.7 MiB ] device memory in Rank: 3 , Device: 1
I1222 14:12:34.228072 79004 plan_util.cpp:927]  Plan: PipelineGraph_0 needs to allocate [ 3933.84 MiB ] device memory in Rank: 1 , Device: 1
I1222 14:12:34.228089 79004 plan_util.cpp:927]  Plan: PipelineGraph_0 needs to allocate [ 7106.31 MiB ] device memory in Rank: 2 , Device: 0
I1222 14:12:34.228106 79004 plan_util.cpp:927]  Plan: PipelineGraph_0 needs to allocate [ 7106.32 MiB ] device memory in Rank: 0 , Device: 0
I1222 14:12:34.953883 79004 runtime_context.cpp:21] NewCounter constructing_actor_cnt 1770
I1222 14:12:34.954937 79540 naive_actor.cpp:25] actor 2199023257110 switch to &NaiveActor::HandlerNormal
I1222 14:12:34.955220 79599 naive_actor.cpp:25] actor 1099582930944 switch to &NaiveActor::HandlerNormal
I1222 14:12:34.955502 79574 wait_and_send_ids_actor.cpp:53] actor 1099647942656 switch to &WaitAndSendIdsActor::HandlerWaitToStart
I1222 14:12:34.955077 79540 thread.cpp:99] Thread 1048576 construct Actor kDeviceTick 2199023257110
I1222 14:12:34.955361 79599 thread.cpp:99] Thread 524322 construct Actor kDeviceTick 1099582930944
I1222 14:12:34.955674 79574 thread.cpp:99] Thread 524353 construct Actor kWaitAndSendIds 1099647942656
I1222 14:12:34.955876 79540 runtime_context.cpp:29] DecreaseCounter constructing_actor_cnt, current val is 1769
I1222 14:12:34.955943 79599 runtime_context.cpp:29] DecreaseCounter constructing_actor_cnt, current val is 1768
I1222 14:12:34.956022 79574 runtime_context.cpp:29] DecreaseCounter constructing_actor_cnt, current val is 1767
I1222 14:12:34.956672 79540 naive_actor.cpp:25] actor 2199023257113 switch to &NaiveActor::HandlerNormal
I1222 14:12:34.956765 79540 thread.cpp:99] Thread 1048576 construct Actor kDeviceTick 2199023257113
I1222 14:12:34.956872 79540 runtime_context.cpp:29] DecreaseCounter constructing_actor_cnt, current val is 1766
I1222 14:12:35.004000 79610 naive_actor.cpp:25] actor 1099624873984 switch to &NaiveActor::HandlerNormal
I1222 14:12:35.004148 79613 naive_actor.cpp:25] actor 1099629068288 switch to &NaiveActor::HandlerNormal
I1222 14:12:35.004508 79610 thread.cpp:99] Thread 524342 construct Actor kSliceBoxing 1099624873984
I1222 14:12:35.005007 79613 thread.cpp:99] Thread 524344 construct Actor kSliceBoxing 1099629068288
I1222 14:12:35.005070 79573 naive_actor.cpp:25] actor 2199025352723 switch to &NaiveActor::HandlerNormal
I1222 14:12:35.005239 79586 naive_actor.cpp:25] actor 2199029547017 switch to &NaiveActor::HandlerNormal
I1222 14:12:35.005311 79602 naive_actor.cpp:25] actor 2199027449857 switch to &NaiveActor::HandlerNormal
I1222 14:12:35.005502 79610 runtime_context.cpp:29] DecreaseCounter constructing_actor_cnt, current val is 1765
I1222 14:12:35.005991 79613 runtime_context.cpp:29] DecreaseCounter constructing_actor_cnt, current val is 1764
I1222 14:12:35.006476 79573 thread.cpp:99] Thread 1048577 construct Actor kCollectiveBoxingGeneric 2199025352723
I1222 14:12:35.006835 79586 thread.cpp:99] Thread 1048579 construct Actor kCopyHd 2199029547017
I1222 14:12:35.007272 79602 thread.cpp:99] Thread 1048578 construct Actor kCopyHd 2199027449857
I1222 14:12:35.007829 79609 naive_actor.cpp:25] actor 1099616485376 switch to &NaiveActor::HandlerNormal
I1222 14:12:35.007881 79553 naive_actor.cpp:25] actor 1099543085056 switch to &NaiveActor::HandlerNormal
I1222 14:12:35.008040 79607 naive_actor.cpp:25] actor 1099612291072 switch to &NaiveActor::HandlerNormal
I1222 14:12:35.008025 79598 naive_actor.cpp:25] actor 1099626971136 switch to &NaiveActor::HandlerNormal
I1222 14:12:35.008134 79573 runtime_context.cpp:29] DecreaseCounter constructing_actor_cnt, current val is 1763
I1222 14:12:35.008298 79586 runtime_context.cpp:29] DecreaseCounter constructing_actor_cnt, current val is 1762
I1222 14:12:35.008371 79602 runtime_context.cpp:29] DecreaseCounter constructing_actor_cnt, current val is 1761
I1222 14:12:35.009093 79592 copy_comm_net_actor.cpp:66] actor 1099656331264 switch to &CopyCommNetActor::HandlerNormal
I1222 14:12:35.008425 79570 naive_actor.cpp:25] actor 1099572445184 switch to &NaiveActor::HandlerNormal
I1222 14:12:35.009815 79570 thread.cpp:99] Thread 524317 construct Actor kNormalForward 1099572445184
I1222 14:12:35.009833 79552 naive_actor.cpp:25] actor 1099538890752 switch to &NaiveActor::HandlerNormal
I1222 14:12:35.008587 79607 thread.cpp:99] Thread 524336 construct Actor kSliceBoxing 1099612291072
I1222 14:12:35.008720 79598 thread.cpp:99] Thread 524343 construct Actor kSliceBoxing 1099626971136
I1222 14:12:35.010195 79567 naive_actor.cpp:25] actor 1099576639488 switch to &NaiveActor::HandlerNormal
I1222 14:12:35.008903 79540 naive_actor.cpp:25] actor 2199023255578 switch to &NaiveActor::HandlerNormal
I1222 14:12:35.009080 79603 naive_actor.cpp:25] actor 1099620679680 switch to &NaiveActor::HandlerNormal
I1222 14:12:35.008424 79609 thread.cpp:99] Thread 524338 construct Actor kSliceBoxing 1099616485376
I1222 14:12:35.009111 79612 naive_actor.cpp:25] actor 1099595513856 switch to &NaiveActor::HandlerNormal
I1222 14:12:35.010848 79600 naive_actor.cpp:25] actor 1099643748352 switch to &NaiveActor::HandlerNormal
I1222 14:12:35.009136 79577 naive_actor.cpp:25] actor 1099591319552 switch to &NaiveActor::HandlerNormal
I1222 14:12:35.011013 79577 thread.cpp:99] Thread 524326 construct Actor kSliceBoxing 1099591319552
I1222 14:12:35.009153 79605 naive_actor.cpp:25] actor 1099603902464 switch to &NaiveActor::HandlerNormal
I1222 14:12:35.009192 79559 naive_actor.cpp:25] actor 1099549376512 switch to &NaiveActor::HandlerNormal
I1222 14:12:35.009215 79555 naive_actor.cpp:25] actor 1099557765120 switch to &NaiveActor::HandlerNormal
I1222 14:12:35.009481 79589 naive_actor.cpp:25] actor 1099601805312 switch to &NaiveActor::HandlerNormal
I1222 14:12:35.009506 79575 naive_actor.cpp:25] actor 1099608096768 switch to &NaiveActor::HandlerNormal
I1222 14:12:35.009481 79587 naive_actor.cpp:25] actor 1099631165440 switch to &NaiveActor::HandlerNormal
I1222 14:12:35.009506 79611 naive_actor.cpp:25] actor 1099633262592 switch to &NaiveActor::HandlerNormal
I1222 14:12:35.011720 79560 naive_actor.cpp:25] actor 1099551473664 switch to &NaiveActor::HandlerNormal
I1222 14:12:35.009554 79580 naive_actor.cpp:25] actor 1099618582528 switch to &NaiveActor::HandlerNormal
I1222 14:12:35.011977 79583 naive_actor.cpp:25] actor 1099580833792 switch to &NaiveActor::HandlerNormal
I1222 14:12:35.009564 79551 naive_actor.cpp:25] actor 1099524210688 switch to &NaiveActor::HandlerNormal
I1222 14:12:35.009712 79591 naive_actor.cpp:25] actor 1099585028096 switch to &NaiveActor::HandlerNormal
I1222 14:12:35.009749 79592 thread.cpp:99] Thread 524357 construct Actor kCopyCommNet 1099656331264
I1222 14:12:35.008455 79595 naive_actor.cpp:25] actor 1099652136960 switch to &NaiveActor::HandlerNormal
I1222 14:12:35.012660 79541 naive_actor.cpp:25] actor 1099515822080 switch to &NaiveActor::HandlerNormal
I1222 14:12:35.012671 79586 naive_actor.cpp:25] actor 2199029547016 switch to &NaiveActor::HandlerNormal
I1222 14:12:35.009860 79576 naive_actor.cpp:25] actor 1099641651200 switch to &NaiveActor::HandlerNormal
I1222 14:12:35.009889 79570 runtime_context.cpp:29] DecreaseCounter constructing_actor_cnt, current val is 1760
I1222 14:12:35.009997 79552 thread.cpp:99] Thread 524301 construct Actor kNormalForward 1099538890752
I1222 14:12:35.010002 79556 naive_actor.cpp:25] actor 1099555667968 switch to &NaiveActor::HandlerNormal
I1222 14:12:35.013248 79552 runtime_context.cpp:29] DecreaseCounter constructing_actor_cnt, current val is 1754
I1222 14:12:35.010087 79581 naive_actor.cpp:25] actor 1099605999616 switch to &NaiveActor::HandlerNormal
I1222 14:12:35.010126 79590 naive_actor.cpp:25] actor 1099635359744 switch to &NaiveActor::HandlerNormal
I1222 14:12:35.008855 79565 naive_actor.cpp:25] actor 1099561959424 switch to &NaiveActor::HandlerNormal
I1222 14:12:35.010243 79604 naive_actor.cpp:25] actor 1099599708160 switch to &NaiveActor::HandlerNormal
I1222 14:12:35.010274 79598 runtime_context.cpp:29] DecreaseCounter constructing_actor_cnt, current val is 1758
I1222 14:12:35.010289 79557 naive_actor.cpp:25] actor 1099547279360 switch to &NaiveActor::HandlerNormal
I1222 14:12:35.010340 79594 naive_actor.cpp:25] actor 1099637456896 switch to &NaiveActor::HandlerNormal
I1222 14:12:35.010335 79545 naive_actor.cpp:25] actor 1099530502144 switch to &NaiveActor::HandlerNormal
I1222 14:12:35.010351 79567 thread.cpp:99] Thread 524319 construct Actor kNormalForward 1099576639488
I1222 14:12:35.010510 79540 thread.cpp:99] Thread 1048576 construct Actor kNormalForward 2199023255578
I1222 14:12:35.010530 79597 naive_actor.cpp:25] actor 1099597611008 switch to &NaiveActor::HandlerNormal
I1222 14:12:35.010547 79547 naive_actor.cpp:25] actor 1099526307840 switch to &NaiveActor::HandlerNormal
I1222 14:12:35.010574 79593 naive_actor.cpp:25] actor 1099589222400 switch to &NaiveActor::HandlerNormal
I1222 14:12:35.010670 79603 thread.cpp:99] Thread 524340 construct Actor kSliceBoxing 1099620679680
I1222 14:12:35.010752 79554 repeat_actor.cpp:69] actor 1099545182208 switch to &RepeatActor::HandlerNormal
I1222 14:12:35.010836 79609 runtime_context.cpp:29] DecreaseCounter constructing_actor_cnt, current val is 1757
I1222 14:12:35.010861 79612 thread.cpp:99] Thread 524328 construct Actor kSliceBoxing 1099595513856
I1222 14:12:35.009122 79608 naive_actor.cpp:25] actor 1099614388224 switch to &NaiveActor::HandlerNormal
I1222 14:12:35.010957 79600 thread.cpp:99] Thread 524351 construct Actor kSliceBoxing 1099643748352
I1222 14:12:35.009145 79573 naive_actor.cpp:25] actor 2199025352715 switch to &NaiveActor::HandlerNormal
I1222 14:12:35.015846 79600 runtime_context.cpp:29] DecreaseCounter constructing_actor_cnt, current val is 1749
I1222 14:12:35.011101 79577 runtime_context.cpp:29] DecreaseCounter constructing_actor_cnt, current val is 1756
I1222 14:12:35.011149 79584 naive_actor.cpp:25] actor 1099587125248 switch to &NaiveActor::HandlerNormal
I1222 14:12:35.011184 79605 thread.cpp:99] Thread 524332 construct Actor kSliceBoxing 1099603902464
I1222 14:12:35.011236 79559 thread.cpp:99] Thread 524306 construct Actor kNormalForward 1099549376512
I1222 14:12:35.011350 79555 thread.cpp:99] Thread 524310 construct Actor kNormalForward 1099557765120
I1222 14:12:35.011462 79589 thread.cpp:99] Thread 524331 construct Actor kSliceBoxing 1099601805312
I1222 14:12:35.011518 79575 thread.cpp:99] Thread 524334 construct Actor kSliceBoxing 1099608096768
I1222 14:12:35.011665 79579 naive_actor.cpp:25] actor 1099645845511 switch to &NaiveActor::HandlerNormal
I1222 14:12:35.011672 79587 thread.cpp:99] Thread 524345 construct Actor kSliceBoxing 1099631165440
I1222 14:12:35.011730 79588 naive_actor.cpp:25] actor 1099639554048 switch to &NaiveActor::HandlerNormal
I1222 14:12:35.016520 79587 runtime_context.cpp:29] DecreaseCounter constructing_actor_cnt, current val is 1743
I1222 14:12:35.011746 79611 thread.cpp:99] Thread 524346 construct Actor kSliceBoxing 1099633262592
I1222 14:12:35.011884 79560 thread.cpp:99] Thread 524307 construct Actor kNormalForward 1099551473664
I1222 14:12:35.011832 79537 naive_actor.cpp:25] actor 1099522113536 switch to &NaiveActor::HandlerNormal
I1222 14:12:35.009562 79571 naive_actor.cpp:25] actor 1099610193920 switch to &NaiveActor::HandlerNormal
I1222 14:12:35.011993 79580 thread.cpp:99] Thread 524339 construct Actor kSliceBoxing 1099618582528
I1222 14:12:35.011996 79542 naive_actor.cpp:25] actor 1099528404992 switch to &NaiveActor::HandlerNormal
I1222 14:12:35.012116 79562 naive_actor.cpp:25] actor 1099564056576 switch to &NaiveActor::HandlerNormal
I1222 14:12:35.012226 79583 thread.cpp:99] Thread 524321 construct Actor kDeviceTick 1099580833792
I1222 14:12:35.012293 79566 naive_actor.cpp:25] actor 1099566153728 switch to &NaiveActor::HandlerNormal
I1222 14:12:35.012310 79569 naive_actor.cpp:25] actor 1099574542336 switch to &NaiveActor::HandlerNormal
I1222 14:12:35.017311 79569 thread.cpp:99] Thread 524318 construct Actor kNormalForward 1099574542336
I1222 14:12:35.012414 79591 thread.cpp:99] Thread 524323 construct Actor kNormalForward 1099585028096
I1222 14:12:35.012487 79592 runtime_context.cpp:29] DecreaseCounter constructing_actor_cnt, current val is 1755
I1222 14:12:35.012521 79582 naive_actor.cpp:25] actor 1099622776832 switch to &NaiveActor::HandlerNormal
I1222 14:12:35.017894 79582 thread.cpp:99] Thread 524341 construct Actor kSliceBoxing 1099622776832
I1222 14:12:35.012666 79550 naive_actor.cpp:25] actor 1099534696448 switch to &NaiveActor::HandlerNormal
I1222 14:12:35.017961 79592 copy_comm_net_actor.cpp:66] actor 1099656331268 switch to &CopyCommNetActor::HandlerNormal
I1222 14:12:35.018003 79592 thread.cpp:99] Thread 524357 construct Actor kCopyCommNet 1099656331268
I1222 14:12:35.012681 79595 thread.cpp:99] Thread 524355 construct Actor kCriticalSectionWaitTick 1099652136960
I1222 14:12:35.009863 79578 naive_actor.cpp:25] actor 1099593416704 switch to &NaiveActor::HandlerNormal
I1222 14:12:35.012673 79536 naive_actor.cpp:25] actor 1099532599296 switch to &NaiveActor::HandlerNormal
I1222 14:12:35.012729 79541 thread.cpp:99] Thread 524290 construct Actor kNormalForward 1099515822080
I1222 14:12:35.012670 79568 naive_actor.cpp:25] actor 1099578736640 switch to &NaiveActor::HandlerNormal
I1222 14:12:35.012728 79596 naive_actor.cpp:25] actor 1099654234112 switch to &NaiveActor::HandlerNormal
I1222 14:12:35.012866 79586 thread.cpp:99] Thread 1048579 construct Actor kCopyHd 2199029547016
I1222 14:12:35.012953 79576 thread.cpp:99] Thread 524350 construct Actor kSliceBoxing 1099641651200
I1222 14:12:35.018636 79586 runtime_context.cpp:29] DecreaseCounter constructing_actor_cnt, current val is 1732
I1222 14:12:35.013005 79543 naive_actor.cpp:25] actor 1099513724928 switch to &NaiveActor::HandlerNormal
I1222 14:12:35.013021 79564 naive_actor.cpp:25] actor 1099570348032 switch to &NaiveActor::HandlerNormal
I1222 14:12:35.010064 79607 runtime_context.cpp:29] DecreaseCounter constructing_actor_cnt, current val is 1759
I1222 14:12:35.013279 79556 thread.cpp:99] Thread 524309 construct Actor kNormalForward 1099555667968
I1222 14:12:35.019018 79586 naive_actor.cpp:25] actor 2199029547019 switch to &NaiveActor::HandlerNormal
I1222 14:12:35.013481 79538 naive_actor.cpp:25] actor 1099536793600 switch to &NaiveActor::HandlerNormal
I1222 14:12:35.013500 79581 thread.cpp:99] Thread 524333 construct Actor kSliceBoxing 1099605999616
I1222 14:12:35.013576 79563 naive_actor.cpp:25] actor 1099559862272 switch to &NaiveActor::HandlerNormal
I1222 14:12:35.013581 79590 thread.cpp:99] Thread 524347 construct Actor kSliceBoxing 1099635359744
I1222 14:12:35.013599 79544 naive_actor.cpp:25] actor 1099520016384 switch to &NaiveActor::HandlerNormal
I1222 14:12:35.013700 79565 thread.cpp:99] Thread 524312 construct Actor kNormalForward 1099561959424
I1222 14:12:35.013990 79604 thread.cpp:99] Thread 524330 construct Actor kSliceBoxing 1099599708160
I1222 14:12:35.014569 79557 thread.cpp:99] Thread 524305 construct Actor kNormalForward 1099547279360
I1222 14:12:35.014593 79594 thread.cpp:99] Thread 524348 construct Actor kSliceBoxing 1099637456896
I1222 14:12:35.014719 79545 thread.cpp:99] Thread 524297 construct Actor kNormalForward 1099530502144
I1222 14:12:35.014919 79567 runtime_context.cpp:29] DecreaseCounter constructing_actor_cnt, current val is 1753
I1222 14:12:35.015014 79597 thread.cpp:99] Thread 524329 construct Actor kSliceBoxing 1099597611008
I1222 14:12:35.015043 79540 runtime_context.cpp:29] DecreaseCounter constructing_actor_cnt, current val is 1752
I1222 14:12:35.015112 79547 thread.cpp:99] Thread 524295 construct Actor kNormalForward 1099526307840
I1222 14:12:35.015214 79593 thread.cpp:99] Thread 524325 construct Actor kSliceBoxing 1099589222400
I1222 14:12:35.015296 79548 naive_actor.cpp:25] actor 1099511627776 switch to &NaiveActor::HandlerNormal
I1222 14:12:35.020252 79593 runtime_context.cpp:29] DecreaseCounter constructing_actor_cnt, current val is 1720
I1222 14:12:35.015432 79554 thread.cpp:99] Thread 524304 construct Actor kRepeat 1099545182208
I1222 14:12:35.015573 79612 runtime_context.cpp:29] DecreaseCounter constructing_actor_cnt, current val is 1750
I1222 14:12:35.015717 79608 thread.cpp:99] Thread 524337 construct Actor kSliceBoxing 1099614388224
I1222 14:12:35.015856 79573 thread.cpp:99] Thread 1048577 construct Actor kCollectiveBoxingGeneric 2199025352715
I1222 14:12:35.011075 79561 naive_actor.cpp:25] actor 1099568250880 switch to &NaiveActor::HandlerNormal
I1222 14:12:35.016016 79584 thread.cpp:99] Thread 524324 construct Actor kNormalForward 1099587125248
I1222 14:12:35.016083 79605 runtime_context.cpp:29] DecreaseCounter constructing_actor_cnt, current val is 1748
I1222 14:12:35.016129 79559 runtime_context.cpp:29] DecreaseCounter constructing_actor_cnt, current val is 1747
I1222 14:12:35.016224 79555 runtime_context.cpp:29] DecreaseCounter constructing_actor_cnt, current val is 1746
I1222 14:12:35.016263 79589 runtime_context.cpp:29] DecreaseCounter constructing_actor_cnt, current val is 1745
I1222 14:12:35.016299 79575 runtime_context.cpp:29] DecreaseCounter constructing_actor_cnt, current val is 1744
I1222 14:12:35.016352 79579 thread.cpp:99] Thread 524352 construct Actor kDstSubsetTick 1099645845511
I1222 14:12:35.009514 79606 sink_actor.cpp:21] actor 1099650039808 switch to &SinkActor::HandlerNormal
I1222 14:12:35.021775 79579 runtime_context.cpp:29] DecreaseCounter constructing_actor_cnt, current val is 1715
I1222 14:12:35.016669 79611 runtime_context.cpp:29] DecreaseCounter constructing_actor_cnt, current val is 1742
I1222 14:12:35.016778 79560 runtime_context.cpp:29] DecreaseCounter constructing_actor_cnt, current val is 1741
I1222 14:12:35.016894 79537 thread.cpp:99] Thread 524293 construct Actor kNormalForward 1099522113536
I1222 14:12:35.016927 79571 thread.cpp:99] Thread 524335 construct Actor kSliceBoxing 1099610193920
I1222 14:12:35.017017 79580 runtime_context.cpp:29] DecreaseCounter constructing_actor_cnt, current val is 1740
I1222 14:12:35.022198 79537 runtime_context.cpp:29] DecreaseCounter constructing_actor_cnt, current val is 1713
I1222 14:12:35.017146 79562 thread.cpp:99] Thread 524313 construct Actor kNormalForward 1099564056576
I1222 14:12:35.017279 79566 thread.cpp:99] Thread 524314 construct Actor kNormalForward 1099566153728
I1222 14:12:35.017280 79583 runtime_context.cpp:29] DecreaseCounter constructing_actor_cnt, current val is 1739
I1222 14:12:35.012360 79551 thread.cpp:99] Thread 524294 construct Actor kNormalForward 1099524210688
I1222 14:12:35.017361 79569 runtime_context.cpp:29] DecreaseCounter constructing_actor_cnt, current val is 1738
I1222 14:12:35.017468 79591 runtime_context.cpp:29] DecreaseCounter constructing_actor_cnt, current val is 1737
I1222 14:12:35.012560 79602 naive_actor.cpp:25] actor 2199027449858 switch to &NaiveActor::HandlerNormal
I1222 14:12:35.017932 79582 runtime_context.cpp:29] DecreaseCounter constructing_actor_cnt, current val is 1736
I1222 14:12:35.008525 79553 thread.cpp:99] Thread 524303 construct Actor kDeviceTick 1099543085056
I1222 14:12:35.017961 79550 thread.cpp:99] Thread 524299 construct Actor kNormalForward 1099534696448
I1222 14:12:35.022859 79553 runtime_context.cpp:29] DecreaseCounter constructing_actor_cnt, current val is 1709
I1222 14:12:35.018044 79592 runtime_context.cpp:29] DecreaseCounter constructing_actor_cnt, current val is 1735
I1222 14:12:35.018179 79578 thread.cpp:99] Thread 524327 construct Actor kSliceBoxing 1099593416704
I1222 14:12:35.018199 79595 runtime_context.cpp:29] DecreaseCounter constructing_actor_cnt, current val is 1734
I1222 14:12:35.018271 79536 thread.cpp:99] Thread 524298 construct Actor kNormalForward 1099532599296
I1222 14:12:35.018328 79541 runtime_context.cpp:29] DecreaseCounter constructing_actor_cnt, current val is 1733
I1222 14:12:35.018416 79568 thread.cpp:99] Thread 524320 construct Actor kNormalForward 1099578736640
I1222 14:12:35.018512 79596 thread.cpp:99] Thread 524356 construct Actor kCriticalSectionWaitTick 1099654234112
I1222 14:12:35.012948 79549 naive_actor.cpp:25] actor 1099517919232 switch to &NaiveActor::HandlerNormal
I1222 14:12:35.018667 79576 runtime_context.cpp:29] DecreaseCounter constructing_actor_cnt, current val is 1731
I1222 14:12:35.018819 79543 thread.cpp:99] Thread 524289 construct Actor kNormalForward 1099513724928
I1222 14:12:35.018908 79564 thread.cpp:99] Thread 524316 construct Actor kNormalForward 1099570348032
I1222 14:12:35.013303 79546 naive_actor.cpp:25] actor 1099540987904 switch to &NaiveActor::HandlerNormal
I1222 14:12:35.024190 79564 runtime_context.cpp:29] DecreaseCounter constructing_actor_cnt, current val is 1702
I1222 14:12:35.019129 79586 thread.cpp:99] Thread 1048579 construct Actor kCopyHd 2199029547019
I1222 14:12:35.019217 79538 thread.cpp:99] Thread 524300 construct Actor kNormalForward 1099536793600
I1222 14:12:35.019351 79581 runtime_context.cpp:29] DecreaseCounter constructing_actor_cnt, current val is 1729
I1222 14:12:35.019423 79563 thread.cpp:99] Thread 524311 construct Actor kNormalForward 1099559862272
I1222 14:12:35.019506 79590 runtime_context.cpp:29] DecreaseCounter constructing_actor_cnt, current val is 1728
I1222 14:12:35.019552 79544 thread.cpp:99] Thread 524292 construct Actor kNormalForward 1099520016384
I1222 14:12:35.019663 79565 runtime_context.cpp:29] DecreaseCounter constructing_actor_cnt, current val is 1727
I1222 14:12:35.019767 79604 runtime_context.cpp:29] DecreaseCounter constructing_actor_cnt, current val is 1726
I1222 14:12:35.019793 79594 runtime_context.cpp:29] DecreaseCounter constructing_actor_cnt, current val is 1725
I1222 14:12:35.019809 79557 runtime_context.cpp:29] DecreaseCounter constructing_actor_cnt, current val is 1724
I1222 14:12:35.019927 79545 runtime_context.cpp:29] DecreaseCounter constructing_actor_cnt, current val is 1723
I1222 14:12:35.019984 79597 runtime_context.cpp:29] DecreaseCounter constructing_actor_cnt, current val is 1722
I1222 14:12:35.020210 79547 runtime_context.cpp:29] DecreaseCounter constructing_actor_cnt, current val is 1721
I1222 14:12:35.020260 79548 thread.cpp:99] Thread 524288 construct Actor kNormalForward 1099511627776
I1222 14:12:35.015367 79603 runtime_context.cpp:29] DecreaseCounter constructing_actor_cnt, current val is 1751
I1222 14:12:35.020481 79554 runtime_context.cpp:29] DecreaseCounter constructing_actor_cnt, current val is 1719
I1222 14:12:35.021193 79540 naive_actor.cpp:25] actor 2199023255553 switch to &NaiveActor::HandlerNormal
I1222 14:12:35.021219 79608 runtime_context.cpp:29] DecreaseCounter constructing_actor_cnt, current val is 1718
I1222 14:12:35.021219 79573 runtime_context.cpp:29] DecreaseCounter constructing_actor_cnt, current val is 1717
I1222 14:12:35.021291 79561 thread.cpp:99] Thread 524315 construct Actor kNormalForward 1099568250880
I1222 14:12:35.021404 79584 runtime_context.cpp:29] DecreaseCounter constructing_actor_cnt, current val is 1716
I1222 14:12:35.016533 79588 thread.cpp:99] Thread 524349 construct Actor kSliceBoxing 1099639554048
I1222 14:12:35.021816 79606 thread.cpp:99] Thread 524354 construct Actor kCallbackNotify 1099650039808
I1222 14:12:35.022168 79571 runtime_context.cpp:29] DecreaseCounter constructing_actor_cnt, current val is 1714
I1222 14:12:35.017096 79542 thread.cpp:99] Thread 524296 construct Actor kNormalForward 1099528404992
I1222 14:12:35.022383 79562 runtime_context.cpp:29] DecreaseCounter constructing_actor_cnt, current val is 1712
I1222 14:12:35.022444 79566 runtime_context.cpp:29] DecreaseCounter constructing_actor_cnt, current val is 1711
I1222 14:12:35.022614 79551 runtime_context.cpp:29] DecreaseCounter constructing_actor_cnt, current val is 1710
I1222 14:12:35.022670 79579 naive_actor.cpp:25] actor 1099645845512 switch to &NaiveActor::HandlerNormal
I1222 14:12:35.022716 79602 thread.cpp:99] Thread 1048578 construct Actor kCopyHd 2199027449858
I1222 14:12:35.012668 79558 naive_actor.cpp:25] actor 1099553570816 switch to &NaiveActor::HandlerNormal
I1222 14:12:35.022894 79550 runtime_context.cpp:29] DecreaseCounter constructing_actor_cnt, current val is 1708
I1222 14:12:35.023022 79578 runtime_context.cpp:29] DecreaseCounter constructing_actor_cnt, current val is 1707
I1222 14:12:35.023032 79592 copy_comm_net_actor.cpp:66] actor 1099656331271 switch to &CopyCommNetActor::HandlerNormal
I1222 14:12:35.026670 79592 thread.cpp:99] Thread 524357 construct Actor kCopyCommNet 1099656331271
I1222 14:12:35.023355 79568 runtime_context.cpp:29] DecreaseCounter constructing_actor_cnt, current val is 1705
I1222 14:12:35.023427 79596 runtime_context.cpp:29] DecreaseCounter constructing_actor_cnt, current val is 1704
I1222 14:12:35.023448 79549 thread.cpp:99] Thread 524291 construct Actor kNormalForward 1099517919232
I1222 14:12:35.024057 79543 runtime_context.cpp:29] DecreaseCounter constructing_actor_cnt, current val is 1703
I1222 14:12:35.019100 79556 runtime_context.cpp:29] DecreaseCounter constructing_actor_cnt, current val is 1730
I1222 14:12:35.024204 79546 thread.cpp:99] Thread 524302 construct Actor kNormalForward 1099540987904
I1222 14:12:35.024400 79586 runtime_context.cpp:29] DecreaseCounter constructing_actor_cnt, current val is 1701
I1222 14:12:35.027598 79546 runtime_context.cpp:29] DecreaseCounter constructing_actor_cnt, current val is 1689
I1222 14:12:35.024694 79563 runtime_context.cpp:29] DecreaseCounter constructing_actor_cnt, current val is 1699
I1222 14:12:35.024866 79544 runtime_context.cpp:29] DecreaseCounter constructing_actor_cnt, current val is 1698
I1222 14:12:35.025321 79548 runtime_context.cpp:29] DecreaseCounter constructing_actor_cnt, current val is 1697
I1222 14:12:35.025547 79540 thread.cpp:99] Thread 1048576 construct Actor kNormalForward 2199023255553
I1222 14:12:35.025820 79561 runtime_context.cpp:29] DecreaseCounter constructing_actor_cnt, current val is 1696
I1222 14:12:35.028082 79548 naive_actor.cpp:25] actor 1099511627777 switch to &NaiveActor::HandlerNormal
I1222 14:12:35.028127 79548 thread.cpp:99] Thread 524288 construct Actor kSliceBoxing 1099511627777
I1222 14:12:35.025993 79606 runtime_context.cpp:29] DecreaseCounter constructing_actor_cnt, current val is 1694
I1222 14:12:35.026183 79542 runtime_context.cpp:29] DecreaseCounter constructing_actor_cnt, current val is 1693
I1222 14:12:35.026355 79579 thread.cpp:99] Thread 524352 construct Actor kSrcSubsetTick 1099645845512
I1222 14:12:35.026444 79602 runtime_context.cpp:29] DecreaseCounter constructing_actor_cnt, current val is 1692
I1222 14:12:35.028425 79579 runtime_context.cpp:29] DecreaseCounter constructing_actor_cnt, current val is 1686
I1222 14:12:35.023242 79536 runtime_context.cpp:29] DecreaseCounter constructing_actor_cnt, current val is 1706
I1222 14:12:35.027109 79592 runtime_context.cpp:29] DecreaseCounter constructing_actor_cnt, current val is 1691
I1222 14:12:35.027365 79549 runtime_context.cpp:29] DecreaseCounter constructing_actor_cnt, current val is 1690
I1222 14:12:35.028709 79602 naive_actor.cpp:25] actor 2199027449856 switch to &NaiveActor::HandlerNormal
I1222 14:12:35.027844 79586 naive_actor.cpp:25] actor 2199029547014 switch to &NaiveActor::HandlerNormal
I1222 14:12:35.025831 79573 naive_actor.cpp:25] actor 2199025352742 switch to &NaiveActor::HandlerNormal
I1222 14:12:35.028084 79540 runtime_context.cpp:29] DecreaseCounter constructing_actor_cnt, current val is 1688
I1222 14:12:35.025929 79588 runtime_context.cpp:29] DecreaseCounter constructing_actor_cnt, current val is 1695
I1222 14:12:35.028172 79548 runtime_context.cpp:29] DecreaseCounter constructing_actor_cnt, current val is 1687
I1222 14:12:35.026499 79558 thread.cpp:99] Thread 524308 construct Actor kNormalForward 1099553570816
I1222 14:12:35.024497 79538 runtime_context.cpp:29] DecreaseCounter constructing_actor_cnt, current val is 1700
I1222 14:12:35.028733 79592 copy_comm_net_actor.cpp:66] actor 1099656331266 switch to &CopyCommNetActor::HandlerNormal
I1222 14:12:35.029320 79592 thread.cpp:99] Thread 524357 construct Actor kCopyCommNet 1099656331266
I1222 14:12:35.028914 79586 thread.cpp:99] Thread 1048579 construct Actor kCopyHd 2199029547014
I1222 14:12:35.028955 79573 thread.cpp:99] Thread 1048577 construct Actor kCollectiveBoxingGeneric 2199025352742
I1222 14:12:35.029469 79586 runtime_context.cpp:29] DecreaseCounter constructing_actor_cnt, current val is 1683
I1222 14:12:35.029281 79558 runtime_context.cpp:29] DecreaseCounter constructing_actor_cnt, current val is 1685
I1222 14:12:35.028822 79602 thread.cpp:99] Thread 1048578 construct Actor kCopyHd 2199027449856
I1222 14:12:35.029364 79592 runtime_context.cpp:29] DecreaseCounter constructing_actor_cnt, current val is 1684
I1222 14:12:35.029219 79579 naive_actor.cpp:25] actor 1099645845510 switch to &NaiveActor::HandlerNormal
I1222 14:12:35.029489 79573 runtime_context.cpp:29] DecreaseCounter constructing_actor_cnt, current val is 1682
I1222 14:12:35.029882 79586 naive_actor.cpp:25] actor 2199029547010 switch to &NaiveActor::HandlerNormal
I1222 14:12:35.030226 79540 naive_actor.cpp:25] actor 2199023255554 switch to &NaiveActor::HandlerNormal
I1222 14:12:35.030256 79602 runtime_context.cpp:29] DecreaseCounter constructing_actor_cnt, current val is 1681
I1222 14:12:35.030345 79592 copy_comm_net_actor.cpp:66] actor 1099656331265 switch to &CopyCommNetActor::HandlerNormal
I1222 14:12:35.030691 79592 thread.cpp:99] Thread 524357 construct Actor kCopyCommNet 1099656331265
I1222 14:12:35.030503 79586 thread.cpp:99] Thread 1048579 construct Actor kCopyHd 2199029547010
I1222 14:12:35.030536 79573 naive_actor.cpp:25] actor 2199025352740 switch to &NaiveActor::HandlerNormal
I1222 14:12:35.030822 79586 runtime_context.cpp:29] DecreaseCounter constructing_actor_cnt, current val is 1679
I1222 14:12:35.030378 79579 thread.cpp:99] Thread 524352 construct Actor kSrcSubsetTick 1099645845510
I1222 14:12:35.030725 79592 runtime_context.cpp:29] DecreaseCounter constructing_actor_cnt, current val is 1680
I1222 14:12:35.030597 79540 thread.cpp:99] Thread 1048576 construct Actor kNormalForward 2199023255554
I1222 14:12:35.030830 79573 thread.cpp:99] Thread 1048577 construct Actor kCollectiveBoxingGeneric 2199025352740
I1222 14:12:35.031039 79579 runtime_context.cpp:29] DecreaseCounter constructing_actor_cnt, current val is 1678
I1222 14:12:35.031136 79586 naive_actor.cpp:25] actor 2199029547011 switch to &NaiveActor::HandlerNormal
I1222 14:12:35.031121 79573 runtime_context.cpp:29] DecreaseCounter constructing_actor_cnt, current val is 1677
I1222 14:12:35.031136 79540 runtime_context.cpp:29] DecreaseCounter constructing_actor_cnt, current val is 1676
I1222 14:12:35.031080 79592 copy_comm_net_actor.cpp:66] actor 1099656331269 switch to &CopyCommNetActor::HandlerNormal
I1222 14:12:35.031381 79592 thread.cpp:99] Thread 524357 construct Actor kCopyCommNet 1099656331269
I1222 14:12:35.031244 79586 thread.cpp:99] Thread 1048579 construct Actor kCopyHd 2199029547011
I1222 14:12:35.031388 79573 naive_actor.cpp:25] actor 2199025352704 switch to &NaiveActor::HandlerNormal
I1222 14:12:35.031427 79592 runtime_context.cpp:29] DecreaseCounter constructing_actor_cnt, current val is 1675
I1222 14:12:35.031520 79586 runtime_context.cpp:29] DecreaseCounter constructing_actor_cnt, current val is 1674
I1222 14:12:35.031539 79573 thread.cpp:99] Thread 1048577 construct Actor kCollectiveBoxingGeneric 2199025352704
I1222 14:12:35.031642 79592 copy_comm_net_actor.cpp:66] actor 1099656331270 switch to &CopyCommNetActor::HandlerNormal
I1222 14:12:35.031694 79573 runtime_context.cpp:29] DecreaseCounter constructing_actor_cnt, current val is 1673
I1222 14:12:35.031713 79592 thread.cpp:99] Thread 524357 construct Actor kCopyCommNet 1099656331270
I1222 14:12:35.031777 79540 naive_actor.cpp:25] actor 2199023255561 switch to &NaiveActor::HandlerNormal
I1222 14:12:35.031890 79586 naive_actor.cpp:25] actor 2199029547009 switch to &NaiveActor::HandlerNormal
I1222 14:12:35.031821 79592 runtime_context.cpp:29] DecreaseCounter constructing_actor_cnt, current val is 1672
I1222 14:12:35.031908 79573 naive_actor.cpp:25] actor 2199025352776 switch to &NaiveActor::HandlerNormal
I1222 14:12:35.031904 79540 thread.cpp:99] Thread 1048576 construct Actor kNormalForward 2199023255561
I1222 14:12:35.031982 79586 thread.cpp:99] Thread 1048579 construct Actor kCopyHd 2199029547009
I1222 14:12:35.032174 79540 runtime_context.cpp:29] DecreaseCounter constructing_actor_cnt, current val is 1671
I1222 14:12:35.032089 79592 copy_comm_net_actor.cpp:66] actor 1099656331267 switch to &CopyCommNetActor::HandlerNormal
I1222 14:12:35.032064 79573 thread.cpp:99] Thread 1048577 construct Actor kCollectiveBoxingGeneric 2199025352776
I1222 14:12:35.032213 79586 runtime_context.cpp:29] DecreaseCounter constructing_actor_cnt, current val is 1670
I1222 14:12:35.032251 79579 naive_actor.cpp:25] actor 1099645845506 switch to &NaiveActor::HandlerNormal
I1222 14:12:35.032907 79592 thread.cpp:99] Thread 524357 construct Actor kCopyCommNet 1099656331267
I1222 14:12:35.032963 79573 runtime_context.cpp:29] DecreaseCounter constructing_actor_cnt, current val is 1669
I1222 14:12:35.033124 79579 thread.cpp:99] Thread 524352 construct Actor kDstSubsetTick 1099645845506
I1222 14:12:35.033175 79592 runtime_context.cpp:29] DecreaseCounter constructing_actor_cnt, current val is 1668
I1222 14:12:35.033284 79586 naive_actor.cpp:25] actor 2199029547013 switch to &NaiveActor::HandlerNormal
I1222 14:12:35.033324 79573 naive_actor.cpp:25] actor 2199025352711 switch to &NaiveActor::HandlerNormal
I1222 14:12:35.033421 79579 runtime_context.cpp:29] DecreaseCounter constructing_actor_cnt, current val is 1667
I1222 14:12:35.033432 79586 thread.cpp:99] Thread 1048579 construct Actor kCopyHd 2199029547013
I1222 14:12:35.033432 79592 copy_comm_net_actor.cpp:66] actor 1099656331272 switch to &CopyCommNetActor::HandlerNormal
I1222 14:12:35.033468 79573 thread.cpp:99] Thread 1048577 construct Actor kCollectiveBoxingGeneric 2199025352711
I1222 14:12:35.033625 79586 runtime_context.cpp:29] DecreaseCounter constructing_actor_cnt, current val is 1666
I1222 14:12:35.033711 79540 naive_actor.cpp:25] actor 2199023255562 switch to &NaiveActor::HandlerNormal
I1222 14:12:35.033681 79573 runtime_context.cpp:29] DecreaseCounter constructing_actor_cnt, current val is 1665
I1222 14:12:35.033627 79592 thread.cpp:99] Thread 524357 construct Actor kCopyCommNet 1099656331272
I1222 14:12:35.033845 79540 thread.cpp:99] Thread 1048576 construct Actor kNormalForward 2199023255562
I1222 14:12:35.033923 79592 runtime_context.cpp:29] DecreaseCounter constructing_actor_cnt, current val is 1664
I1222 14:12:35.033962 79586 naive_actor.cpp:25] actor 2199029547018 switch to &NaiveActor::HandlerNormal
I1222 14:12:35.033989 79573 naive_actor.cpp:25] actor 2199025352712 switch to &NaiveActor::HandlerNormal
I1222 14:12:35.034057 79540 runtime_context.cpp:29] DecreaseCounter constructing_actor_cnt, current val is 1663
I1222 14:12:35.034111 79586 thread.cpp:99] Thread 1048579 construct Actor kCopyHd 2199029547018
I1222 14:12:35.034147 79573 thread.cpp:99] Thread 1048577 construct Actor kCollectiveBoxingGeneric 2199025352712
I1222 14:12:35.034279 79579 naive_actor.cpp:25] actor 1099645845504 switch to &NaiveActor::HandlerNormal
I1222 14:12:35.034296 79586 runtime_context.cpp:29] DecreaseCounter constructing_actor_cnt, current val is 1662
I1222 14:12:35.034310 79573 runtime_context.cpp:29] DecreaseCounter constructing_actor_cnt, current val is 1661
I1222 14:12:35.034394 79579 thread.cpp:99] Thread 524352 construct Actor kSrcSubsetTick 1099645845504
I1222 14:12:35.034592 79573 naive_actor.cpp:25] actor 2199025352727 switch to &NaiveActor::HandlerNormal
I1222 14:12:35.034624 79579 runtime_context.cpp:29] DecreaseCounter constructing_actor_cnt, current val is 1660
I1222 14:12:35.034632 79573 thread.cpp:99] Thread 1048577 construct Actor kCollectiveBoxingGeneric 2199025352727
I1222 14:12:35.034651 79586 naive_actor.cpp:25] actor 2199029547020 switch to &NaiveActor::HandlerNormal
I1222 14:12:35.034744 79573 runtime_context.cpp:29] DecreaseCounter constructing_actor_cnt, current val is 1659
I1222 14:12:35.034826 79586 thread.cpp:99] Thread 1048579 construct Actor kCopyHd 2199029547020
I1222 14:12:35.034960 79573 naive_actor.cpp:25] actor 2199025352745 switch to &NaiveActor::HandlerNormal
I1222 14:12:35.034960 79586 runtime_context.cpp:29] DecreaseCounter constructing_actor_cnt, current val is 1658
I1222 14:12:35.035004 79573 thread.cpp:99] Thread 1048577 construct Actor kCollectiveBoxingGeneric 2199025352745
I1222 14:12:35.035172 79573 runtime_context.cpp:29] DecreaseCounter constructing_actor_cnt, current val is 1657
I1222 14:12:35.035200 79579 naive_actor.cpp:25] actor 1099645845507 switch to &NaiveActor::HandlerNormal
I1222 14:12:35.035861 79579 thread.cpp:99] Thread 524352 construct Actor kTick 1099645845507
I1222 14:12:35.035398 79540 naive_actor.cpp:25] actor 2199023255571 switch to &NaiveActor::HandlerNormal
I1222 14:12:35.035290 79586 naive_actor.cpp:25] actor 2199029547008 switch to &NaiveActor::HandlerNormal
I1222 14:12:35.035913 79579 runtime_context.cpp:29] DecreaseCounter constructing_actor_cnt, current val is 1656
I1222 14:12:35.035953 79573 naive_actor.cpp:25] actor 2199025352773 switch to &NaiveActor::HandlerNormal
I1222 14:12:35.035981 79540 thread.cpp:99] Thread 1048576 construct Actor kNormalForward 2199023255571
I1222 14:12:35.036054 79586 thread.cpp:99] Thread 1048579 construct Actor kCopyHd 2199029547008
I1222 14:12:35.036126 79573 thread.cpp:99] Thread 1048577 construct Actor kCollectiveBoxingGeneric 2199025352773
I1222 14:12:35.036242 79540 runtime_context.cpp:29] DecreaseCounter constructing_actor_cnt, current val is 1655
I1222 14:12:35.036273 79586 runtime_context.cpp:29] DecreaseCounter constructing_actor_cnt, current val is 1654
I1222 14:12:35.036291 79573 runtime_context.cpp:29] DecreaseCounter constructing_actor_cnt, current val is 1653
I1222 14:12:35.036309 79579 naive_actor.cpp:25] actor 1099645845508 switch to &NaiveActor::HandlerNormal
I1222 14:12:35.036478 79579 thread.cpp:99] Thread 524352 construct Actor kTick 1099645845508
I1222 14:12:35.036541 79573 naive_actor.cpp:25] actor 2199025352726 switch to &NaiveActor::HandlerNormal
I1222 14:12:35.036553 79579 runtime_context.cpp:29] DecreaseCounter constructing_actor_cnt, current val is 1652
I1222 14:12:35.036583 79573 thread.cpp:99] Thread 1048577 construct Actor kCollectiveBoxingGeneric 2199025352726
I1222 14:12:35.036630 79586 naive_actor.cpp:25] actor 2199029547012 switch to &NaiveActor::HandlerNormal
I1222 14:12:35.036722 79586 thread.cpp:99] Thread 1048579 construct Actor kCopyHd 2199029547012
I1222 14:12:35.036778 79579 naive_actor.cpp:25] actor 1099645845505 switch to &NaiveActor::HandlerNormal
I1222 14:12:35.036835 79579 thread.cpp:99] Thread 524352 construct Actor kTick 1099645845505
I1222 14:12:35.037242 79573 runtime_context.cpp:29] DecreaseCounter constructing_actor_cnt, current val is 1651
I1222 14:12:35.037272 79579 runtime_context.cpp:29] DecreaseCounter constructing_actor_cnt, current val is 1650
I1222 14:12:35.037279 79586 runtime_context.cpp:29] DecreaseCounter constructing_actor_cnt, current val is 1649
I1222 14:12:35.037401 79573 naive_actor.cpp:25] actor 2199025352787 switch to &NaiveActor::HandlerNormal
I1222 14:12:35.037446 79573 thread.cpp:99] Thread 1048577 construct Actor kCollectiveBoxingGeneric 2199025352787
I1222 14:12:35.037516 79573 runtime_context.cpp:29] DecreaseCounter constructing_actor_cnt, current val is 1648
I1222 14:12:35.037561 79579 naive_actor.cpp:25] actor 1099645845513 switch to &NaiveActor::HandlerNormal
I1222 14:12:35.037602 79579 thread.cpp:99] Thread 524352 construct Actor kDstSubsetTick 1099645845513
I1222 14:12:35.037616 79586 naive_actor.cpp:25] actor 2199029547015 switch to &NaiveActor::HandlerNormal
I1222 14:12:35.037657 79579 runtime_context.cpp:29] DecreaseCounter constructing_actor_cnt, current val is 1647
I1222 14:12:35.037664 79573 naive_actor.cpp:25] actor 2199025352733 switch to &NaiveActor::HandlerNormal
I1222 14:12:35.037720 79586 thread.cpp:99] Thread 1048579 construct Actor kCopyHd 2199029547015
I1222 14:12:35.037791 79573 thread.cpp:99] Thread 1048577 construct Actor kCollectiveBoxingGeneric 2199025352733
I1222 14:12:35.037887 79586 runtime_context.cpp:29] DecreaseCounter constructing_actor_cnt, current val is 1646
I1222 14:12:35.037907 79573 runtime_context.cpp:29] DecreaseCounter constructing_actor_cnt, current val is 1645
I1222 14:12:35.037919 79579 naive_actor.cpp:25] actor 1099645845509 switch to &NaiveActor::HandlerNormal
I1222 14:12:35.038029 79579 thread.cpp:99] Thread 524352 construct Actor kTick 1099645845509
I1222 14:12:35.038096 79573 naive_actor.cpp:25] actor 2199025352797 switch to &NaiveActor::HandlerNormal
I1222 14:12:35.038107 79579 runtime_context.cpp:29] DecreaseCounter constructing_actor_cnt, current val is 1644
I1222 14:12:35.038532 79573 thread.cpp:99] Thread 1048577 construct Actor kCollectiveBoxingGeneric 2199025352797
I1222 14:12:35.038606 79573 runtime_context.cpp:29] DecreaseCounter constructing_actor_cnt, current val is 1643
I1222 14:12:35.038738 79573 naive_actor.cpp:25] actor 2199025352714 switch to &NaiveActor::HandlerNormal
I1222 14:12:35.038777 79573 thread.cpp:99] Thread 1048577 construct Actor kCollectiveBoxingGeneric 2199025352714
I1222 14:12:35.038827 79573 runtime_context.cpp:29] DecreaseCounter constructing_actor_cnt, current val is 1642
I1222 14:12:35.038862 79540 naive_actor.cpp:25] actor 2199023255570 switch to &NaiveActor::HandlerNormal
I1222 14:12:35.038949 79573 naive_actor.cpp:25] actor 2199025352731 switch to &NaiveActor::HandlerNormal
I1222 14:12:35.039017 79573 thread.cpp:99] Thread 1048577 construct Actor kCollectiveBoxingGeneric 2199025352731
I1222 14:12:35.038985 79540 thread.cpp:99] Thread 1048576 construct Actor kNormalForward 2199023255570
I1222 14:12:35.039063 79573 runtime_context.cpp:29] DecreaseCounter constructing_actor_cnt, current val is 1641
I1222 14:12:35.039188 79540 runtime_context.cpp:29] DecreaseCounter constructing_actor_cnt, current val is 1640
I1222 14:12:35.039247 79573 naive_actor.cpp:25] actor 2199025352707 switch to &NaiveActor::HandlerNormal
I1222 14:12:35.039296 79573 thread.cpp:99] Thread 1048577 construct Actor kCollectiveBoxingGeneric 2199025352707
I1222 14:12:35.039346 79573 runtime_context.cpp:29] DecreaseCounter constructing_actor_cnt, current val is 1639
I1222 14:12:35.039499 79573 naive_actor.cpp:25] actor 2199025352751 switch to &NaiveActor::HandlerNormal
I1222 14:12:35.039572 79573 thread.cpp:99] Thread 1048577 construct Actor kCollectiveBoxingGeneric 2199025352751
I1222 14:12:35.039635 79573 runtime_context.cpp:29] DecreaseCounter constructing_actor_cnt, current val is 1638
I1222 14:12:35.039755 79540 naive_actor.cpp:25] actor 2199023255559 switch to &NaiveActor::HandlerNormal
I1222 14:12:35.039791 79573 naive_actor.cpp:25] actor 2199025352779 switch to &NaiveActor::HandlerNormal
I1222 14:12:35.039901 79540 thread.cpp:99] Thread 1048576 construct Actor kNormalForward 2199023255559
I1222 14:12:35.039958 79573 thread.cpp:99] Thread 1048577 construct Actor kCollectiveBoxingGeneric 2199025352779
I1222 14:12:35.040098 79573 runtime_context.cpp:29] DecreaseCounter constructing_actor_cnt, current val is 1637
I1222 14:12:35.040107 79540 runtime_context.cpp:29] DecreaseCounter constructing_actor_cnt, current val is 1636
I1222 14:12:35.040251 79573 naive_actor.cpp:25] actor 2199025352749 switch to &NaiveActor::HandlerNormal
I1222 14:12:35.040316 79573 thread.cpp:99] Thread 1048577 construct Actor kCollectiveBoxingGeneric 2199025352749
I1222 14:12:35.040378 79573 runtime_context.cpp:29] DecreaseCounter constructing_actor_cnt, current val is 1635
