I1222 14:25:04.905961 81026 runtime_context.cpp:29] DecreaseCounter constructing_actor_cnt, current val is 3233
I1222 14:25:04.907227 81077 runtime_context.cpp:29] DecreaseCounter constructing_actor_cnt, current val is 3231
I1222 14:25:04.905822 81020 thread.cpp:99] Thread 1048576 construct Actor kNormalForward 2199023255574
I1222 14:25:04.907125 81062 copy_comm_net_actor.cpp:66] actor 1099656331264 switch to &CopyCommNetActor::HandlerNormal
I1222 14:25:04.907234 81056 naive_actor.cpp:25] actor 1099645845505 switch to &NaiveActor::HandlerNormal
I1222 14:25:04.907529 81056 thread.cpp:99] Thread 524352 construct Actor kTick 1099645845505
I1222 14:25:04.907444 81020 runtime_context.cpp:29] DecreaseCounter constructing_actor_cnt, current val is 3230
I1222 14:25:04.907474 81062 thread.cpp:99] Thread 524357 construct Actor kCopyCommNet 1099656331264
I1222 14:25:04.906188 81053 thread.cpp:99] Thread 1048577 construct Actor kCollectiveBoxingGeneric 2199025352734
I1222 14:25:04.907573 81077 naive_actor.cpp:25] actor 2199029547014 switch to &NaiveActor::HandlerNormal
I1222 14:25:04.907591 81056 runtime_context.cpp:29] DecreaseCounter constructing_actor_cnt, current val is 3229
I1222 14:25:04.907752 81062 runtime_context.cpp:29] DecreaseCounter constructing_actor_cnt, current val is 3228
I1222 14:25:04.907876 81053 runtime_context.cpp:29] DecreaseCounter constructing_actor_cnt, current val is 3227
I1222 14:25:04.907923 81077 thread.cpp:99] Thread 1048579 construct Actor kCopyHd 2199029547014
I1222 14:25:04.908224 81077 runtime_context.cpp:29] DecreaseCounter constructing_actor_cnt, current val is 3226
I1222 14:25:04.908263 81062 copy_comm_net_actor.cpp:66] actor 1099656331272 switch to &CopyCommNetActor::HandlerNormal
I1222 14:25:04.908344 81056 naive_actor.cpp:25] actor 1099645845510 switch to &NaiveActor::HandlerNormal
I1222 14:25:04.908412 81053 naive_actor.cpp:25] actor 2199025352809 switch to &NaiveActor::HandlerNormal
I1222 14:25:04.908439 81056 thread.cpp:99] Thread 524352 construct Actor kSrcSubsetTick 1099645845510
I1222 14:25:04.908380 81062 thread.cpp:99] Thread 524357 construct Actor kCopyCommNet 1099656331272
I1222 14:25:04.908519 81077 naive_actor.cpp:25] actor 2199029547015 switch to &NaiveActor::HandlerNormal
I1222 14:25:04.908519 81053 thread.cpp:99] Thread 1048577 construct Actor kCollectiveBoxingGeneric 2199025352809
I1222 14:25:04.908598 81056 runtime_context.cpp:29] DecreaseCounter constructing_actor_cnt, current val is 3225
I1222 14:25:04.908663 81062 runtime_context.cpp:29] DecreaseCounter constructing_actor_cnt, current val is 3224
I1222 14:25:04.908715 81077 thread.cpp:99] Thread 1048579 construct Actor kCopyHd 2199029547015
I1222 14:25:04.908826 81053 runtime_context.cpp:29] DecreaseCounter constructing_actor_cnt, current val is 3223
I1222 14:25:04.909034 81077 runtime_context.cpp:29] DecreaseCounter constructing_actor_cnt, current val is 3222
I1222 14:25:04.909140 81062 copy_comm_net_actor.cpp:66] actor 1099656331266 switch to &CopyCommNetActor::HandlerNormal
I1222 14:25:04.909155 81020 naive_actor.cpp:25] actor 2199023255586 switch to &NaiveActor::HandlerNormal
I1222 14:25:04.909243 81062 thread.cpp:99] Thread 524357 construct Actor kCopyCommNet 1099656331266
I1222 14:25:04.909304 81053 naive_actor.cpp:25] actor 2199025352713 switch to &NaiveActor::HandlerNormal
I1222 14:25:04.909323 81056 naive_actor.cpp:25] actor 1099645845506 switch to &NaiveActor::HandlerNormal
I1222 14:25:04.909551 81056 thread.cpp:99] Thread 524352 construct Actor kDstSubsetTick 1099645845506
I1222 14:25:04.909355 81020 thread.cpp:99] Thread 1048576 construct Actor kNormalForward 2199023255586
I1222 14:25:04.909446 81062 runtime_context.cpp:29] DecreaseCounter constructing_actor_cnt, current val is 3221
I1222 14:25:04.909502 81053 thread.cpp:99] Thread 1048577 construct Actor kCollectiveBoxingGeneric 2199025352713
I1222 14:25:04.909332 81077 naive_actor.cpp:25] actor 2199029547016 switch to &NaiveActor::HandlerNormal
I1222 14:25:04.909670 81056 runtime_context.cpp:29] DecreaseCounter constructing_actor_cnt, current val is 3220
I1222 14:25:04.910352 81020 runtime_context.cpp:29] DecreaseCounter constructing_actor_cnt, current val is 3219
I1222 14:25:04.910450 81053 runtime_context.cpp:29] DecreaseCounter constructing_actor_cnt, current val is 3218
I1222 14:25:04.910506 81077 thread.cpp:99] Thread 1048579 construct Actor kCopyHd 2199029547016
I1222 14:25:04.910547 81062 copy_comm_net_actor.cpp:66] actor 1099656331265 switch to &CopyCommNetActor::HandlerNormal
I1222 14:25:04.910826 81077 runtime_context.cpp:29] DecreaseCounter constructing_actor_cnt, current val is 3217
I1222 14:25:04.910876 81062 thread.cpp:99] Thread 524357 construct Actor kCopyCommNet 1099656331265
I1222 14:25:04.910879 81056 naive_actor.cpp:25] actor 1099645845512 switch to &NaiveActor::HandlerNormal
I1222 14:25:04.911079 81056 thread.cpp:99] Thread 524352 construct Actor kSrcSubsetTick 1099645845512
I1222 14:25:04.911048 81062 runtime_context.cpp:29] DecreaseCounter constructing_actor_cnt, current val is 3216
I1222 14:25:04.911175 81077 naive_actor.cpp:25] actor 2199029547012 switch to &NaiveActor::HandlerNormal
I1222 14:25:04.911152 81056 runtime_context.cpp:29] DecreaseCounter constructing_actor_cnt, current val is 3215
I1222 14:25:04.910949 81053 naive_actor.cpp:25] actor 2199025352850 switch to &NaiveActor::HandlerNormal
I1222 14:25:04.911185 81020 naive_actor.cpp:25] actor 2199023255555 switch to &NaiveActor::HandlerNormal
I1222 14:25:04.911273 81077 thread.cpp:99] Thread 1048579 construct Actor kCopyHd 2199029547012
I1222 14:25:04.911401 81062 copy_comm_net_actor.cpp:66] actor 1099656331270 switch to &CopyCommNetActor::HandlerNormal
I1222 14:25:04.911404 81053 thread.cpp:99] Thread 1048577 construct Actor kCollectiveBoxingGeneric 2199025352850
I1222 14:25:04.911504 81020 thread.cpp:99] Thread 1048576 construct Actor kNormalForward 2199023255555
I1222 14:25:04.911594 81056 naive_actor.cpp:25] actor 1099645845508 switch to &NaiveActor::HandlerNormal
I1222 14:25:04.911836 81056 thread.cpp:99] Thread 524352 construct Actor kTick 1099645845508
I1222 14:25:04.911650 81062 thread.cpp:99] Thread 524357 construct Actor kCopyCommNet 1099656331270
I1222 14:25:04.911746 81053 runtime_context.cpp:29] DecreaseCounter constructing_actor_cnt, current val is 3213
I1222 14:25:04.911598 81077 runtime_context.cpp:29] DecreaseCounter constructing_actor_cnt, current val is 3214
I1222 14:25:04.911854 81020 runtime_context.cpp:29] DecreaseCounter constructing_actor_cnt, current val is 3212
I1222 14:25:04.911901 81056 runtime_context.cpp:29] DecreaseCounter constructing_actor_cnt, current val is 3211
I1222 14:25:04.911973 81062 runtime_context.cpp:29] DecreaseCounter constructing_actor_cnt, current val is 3210
I1222 14:25:04.912256 81053 naive_actor.cpp:25] actor 2199025352725 switch to &NaiveActor::HandlerNormal
I1222 14:25:04.912286 81077 naive_actor.cpp:25] actor 2199029547009 switch to &NaiveActor::HandlerNormal
I1222 14:25:04.912385 81053 thread.cpp:99] Thread 1048577 construct Actor kCollectiveBoxingGeneric 2199025352725
I1222 14:25:04.912426 81056 naive_actor.cpp:25] actor 1099645845509 switch to &NaiveActor::HandlerNormal
I1222 14:25:04.912588 81056 thread.cpp:99] Thread 524352 construct Actor kTick 1099645845509
I1222 14:25:04.912488 81062 copy_comm_net_actor.cpp:66] actor 1099656331269 switch to &CopyCommNetActor::HandlerNormal
I1222 14:25:04.912568 81053 runtime_context.cpp:29] DecreaseCounter constructing_actor_cnt, current val is 3209
I1222 14:25:04.912469 81077 thread.cpp:99] Thread 1048579 construct Actor kCopyHd 2199029547009
I1222 14:25:04.912660 81056 runtime_context.cpp:29] DecreaseCounter constructing_actor_cnt, current val is 3208
I1222 14:25:04.912719 81062 thread.cpp:99] Thread 524357 construct Actor kCopyCommNet 1099656331269
I1222 14:25:04.912994 81077 runtime_context.cpp:29] DecreaseCounter constructing_actor_cnt, current val is 3207
I1222 14:25:04.913069 81053 naive_actor.cpp:25] actor 2199025352771 switch to &NaiveActor::HandlerNormal
I1222 14:25:04.913568 81020 naive_actor.cpp:25] actor 2199023255556 switch to &NaiveActor::HandlerNormal
I1222 14:25:04.913733 81062 runtime_context.cpp:29] DecreaseCounter constructing_actor_cnt, current val is 3206
I1222 14:25:04.913878 81053 thread.cpp:99] Thread 1048577 construct Actor kCollectiveBoxingGeneric 2199025352771
I1222 14:25:04.913931 81056 naive_actor.cpp:25] actor 1099645845513 switch to &NaiveActor::HandlerNormal
I1222 14:25:04.914199 81056 thread.cpp:99] Thread 524352 construct Actor kDstSubsetTick 1099645845513
I1222 14:25:04.914017 81077 naive_actor.cpp:25] actor 2199029547010 switch to &NaiveActor::HandlerNormal
I1222 14:25:04.914157 81053 runtime_context.cpp:29] DecreaseCounter constructing_actor_cnt, current val is 3205
I1222 14:25:04.913986 81020 thread.cpp:99] Thread 1048576 construct Actor kNormalForward 2199023255556
I1222 14:25:04.914271 81056 runtime_context.cpp:29] DecreaseCounter constructing_actor_cnt, current val is 3204
I1222 14:25:04.914283 81062 copy_comm_net_actor.cpp:66] actor 1099656331271 switch to &CopyCommNetActor::HandlerNormal
I1222 14:25:04.914324 81077 thread.cpp:99] Thread 1048579 construct Actor kCopyHd 2199029547010
I1222 14:25:04.914551 81020 runtime_context.cpp:29] DecreaseCounter constructing_actor_cnt, current val is 3203
I1222 14:25:04.914597 81062 thread.cpp:99] Thread 524357 construct Actor kCopyCommNet 1099656331271
I1222 14:25:04.914811 81056 naive_actor.cpp:25] actor 1099645845504 switch to &NaiveActor::HandlerNormal
I1222 14:25:04.914873 81056 thread.cpp:99] Thread 524352 construct Actor kSrcSubsetTick 1099645845504
I1222 14:25:04.914660 81053 naive_actor.cpp:25] actor 2199025352762 switch to &NaiveActor::HandlerNormal
I1222 14:25:04.914849 81062 runtime_context.cpp:29] DecreaseCounter constructing_actor_cnt, current val is 3201
I1222 14:25:04.914695 81077 runtime_context.cpp:29] DecreaseCounter constructing_actor_cnt, current val is 3202
I1222 14:25:04.914953 81056 runtime_context.cpp:29] DecreaseCounter constructing_actor_cnt, current val is 3200
I1222 14:25:04.915007 81053 thread.cpp:99] Thread 1048577 construct Actor kCollectiveBoxingGeneric 2199025352762
I1222 14:25:04.915309 81053 runtime_context.cpp:29] DecreaseCounter constructing_actor_cnt, current val is 3199
I1222 14:25:04.915374 81077 naive_actor.cpp:25] actor 2199029547017 switch to &NaiveActor::HandlerNormal
I1222 14:25:04.915462 81077 thread.cpp:99] Thread 1048579 construct Actor kCopyHd 2199029547017
I1222 14:25:04.915550 81077 runtime_context.cpp:29] DecreaseCounter constructing_actor_cnt, current val is 3198
I1222 14:25:04.915589 81053 naive_actor.cpp:25] actor 2199025352704 switch to &NaiveActor::HandlerNormal
I1222 14:25:04.915693 81053 thread.cpp:99] Thread 1048577 construct Actor kCollectiveBoxingGeneric 2199025352704
I1222 14:25:04.915808 81053 runtime_context.cpp:29] DecreaseCounter constructing_actor_cnt, current val is 3197
I1222 14:25:04.915838 81077 naive_actor.cpp:25] actor 2199029547018 switch to &NaiveActor::HandlerNormal
I1222 14:25:04.915973 81077 thread.cpp:99] Thread 1048579 construct Actor kCopyHd 2199029547018
I1222 14:25:04.916069 81077 runtime_context.cpp:29] DecreaseCounter constructing_actor_cnt, current val is 3196
I1222 14:25:04.916114 81053 naive_actor.cpp:25] actor 2199025352780 switch to &NaiveActor::HandlerNormal
I1222 14:25:04.916062 81020 naive_actor.cpp:25] actor 2199023255570 switch to &NaiveActor::HandlerNormal
I1222 14:25:04.916215 81053 thread.cpp:99] Thread 1048577 construct Actor kCollectiveBoxingGeneric 2199025352780
I1222 14:25:04.916316 81020 thread.cpp:99] Thread 1048576 construct Actor kNormalForward 2199023255570
I1222 14:25:04.916343 81077 naive_actor.cpp:25] actor 2199029547019 switch to &NaiveActor::HandlerNormal
I1222 14:25:04.916406 81053 runtime_context.cpp:29] DecreaseCounter constructing_actor_cnt, current val is 3195
I1222 14:25:04.916602 81020 runtime_context.cpp:29] DecreaseCounter constructing_actor_cnt, current val is 3194
I1222 14:25:04.917090 81077 thread.cpp:99] Thread 1048579 construct Actor kCopyHd 2199029547019
I1222 14:25:04.917330 81077 runtime_context.cpp:29] DecreaseCounter constructing_actor_cnt, current val is 3193
I1222 14:25:04.917400 81053 naive_actor.cpp:25] actor 2199025352812 switch to &NaiveActor::HandlerNormal
I1222 14:25:04.917490 81053 thread.cpp:99] Thread 1048577 construct Actor kCollectiveBoxingGeneric 2199025352812
I1222 14:25:04.917582 81053 runtime_context.cpp:29] DecreaseCounter constructing_actor_cnt, current val is 3192
I1222 14:25:04.917984 81053 naive_actor.cpp:25] actor 2199025352730 switch to &NaiveActor::HandlerNormal
I1222 14:25:04.918071 81053 thread.cpp:99] Thread 1048577 construct Actor kCollectiveBoxingGeneric 2199025352730
I1222 14:25:04.918170 81053 runtime_context.cpp:29] DecreaseCounter constructing_actor_cnt, current val is 3191
I1222 14:25:04.918443 81053 naive_actor.cpp:25] actor 2199025352842 switch to &NaiveActor::HandlerNormal
I1222 14:25:04.918529 81053 thread.cpp:99] Thread 1048577 construct Actor kCollectiveBoxingGeneric 2199025352842
I1222 14:25:04.918630 81053 runtime_context.cpp:29] DecreaseCounter constructing_actor_cnt, current val is 3190
I1222 14:25:04.918767 81020 naive_actor.cpp:25] actor 2199023255560 switch to &NaiveActor::HandlerNormal
I1222 14:25:04.918898 81020 thread.cpp:99] Thread 1048576 construct Actor kNormalForward 2199023255560
I1222 14:25:04.918915 81053 naive_actor.cpp:25] actor 2199025352854 switch to &NaiveActor::HandlerNormal
I1222 14:25:04.919042 81020 runtime_context.cpp:29] DecreaseCounter constructing_actor_cnt, current val is 3189
I1222 14:25:04.919049 81053 thread.cpp:99] Thread 1048577 construct Actor kCollectiveBoxingGeneric 2199025352854
I1222 14:25:04.919206 81053 runtime_context.cpp:29] DecreaseCounter constructing_actor_cnt, current val is 3188
I1222 14:25:04.919471 81053 naive_actor.cpp:25] actor 2199025352876 switch to &NaiveActor::HandlerNormal
I1222 14:25:04.919555 81053 thread.cpp:99] Thread 1048577 construct Actor kCollectiveBoxingGeneric 2199025352876
I1222 14:25:04.919649 81053 runtime_context.cpp:29] DecreaseCounter constructing_actor_cnt, current val is 3187
I1222 14:25:04.919945 81053 naive_actor.cpp:25] actor 2199025352895 switch to &NaiveActor::HandlerNormal
I1222 14:25:04.920029 81053 thread.cpp:99] Thread 1048577 construct Actor kCollectiveBoxingGeneric 2199025352895
I1222 14:25:04.920123 81053 runtime_context.cpp:29] DecreaseCounter constructing_actor_cnt, current val is 3186
I1222 14:25:04.920385 81053 naive_actor.cpp:25] actor 2199025352746 switch to &NaiveActor::HandlerNormal
I1222 14:25:04.920470 81053 thread.cpp:99] Thread 1048577 construct Actor kCollectiveBoxingGeneric 2199025352746
I1222 14:25:04.920531 81020 naive_actor.cpp:25] actor 2199023255564 switch to &NaiveActor::HandlerNormal
I1222 14:25:04.920557 81053 runtime_context.cpp:29] DecreaseCounter constructing_actor_cnt, current val is 3185
I1222 14:25:04.920645 81020 thread.cpp:99] Thread 1048576 construct Actor kNormalForward 2199023255564
I1222 14:25:04.920861 81020 runtime_context.cpp:29] DecreaseCounter constructing_actor_cnt, current val is 3184
I1222 14:25:04.920967 81053 naive_actor.cpp:25] actor 2199025352723 switch to &NaiveActor::HandlerNormal
I1222 14:25:04.921056 81053 thread.cpp:99] Thread 1048577 construct Actor kCollectiveBoxingGeneric 2199025352723
I1222 14:25:04.921149 81053 runtime_context.cpp:29] DecreaseCounter constructing_actor_cnt, current val is 3183
I1222 14:25:04.921407 81053 naive_actor.cpp:25] actor 2199025352724 switch to &NaiveActor::HandlerNormal
I1222 14:25:04.921491 81053 thread.cpp:99] Thread 1048577 construct Actor kCollectiveBoxingGeneric 2199025352724
I1222 14:25:04.921583 81053 runtime_context.cpp:29] DecreaseCounter constructing_actor_cnt, current val is 3182
I1222 14:25:04.921967 81053 naive_actor.cpp:25] actor 2199025352733 switch to &NaiveActor::HandlerNormal
I1222 14:25:04.922200 81020 naive_actor.cpp:25] actor 2199023255592 switch to &NaiveActor::HandlerNormal
I1222 14:25:04.922358 81053 thread.cpp:99] Thread 1048577 construct Actor kCollectiveBoxingGeneric 2199025352733
I1222 14:25:04.922462 81020 thread.cpp:99] Thread 1048576 construct Actor kNormalForward 2199023255592
I1222 14:25:04.922556 81053 runtime_context.cpp:29] DecreaseCounter constructing_actor_cnt, current val is 3181
I1222 14:25:04.922662 81020 runtime_context.cpp:29] DecreaseCounter constructing_actor_cnt, current val is 3180
I1222 14:25:04.922912 81053 naive_actor.cpp:25] actor 2199025352785 switch to &NaiveActor::HandlerNormal
I1222 14:25:04.923003 81053 thread.cpp:99] Thread 1048577 construct Actor kCollectiveBoxingGeneric 2199025352785
I1222 14:25:04.923099 81053 runtime_context.cpp:29] DecreaseCounter constructing_actor_cnt, current val is 3179
I1222 14:25:04.923362 81053 naive_actor.cpp:25] actor 2199025352722 switch to &NaiveActor::HandlerNormal
I1222 14:25:04.923445 81053 thread.cpp:99] Thread 1048577 construct Actor kCollectiveBoxingGeneric 2199025352722
I1222 14:25:04.923537 81053 runtime_context.cpp:29] DecreaseCounter constructing_actor_cnt, current val is 3178
I1222 14:25:04.923815 81053 naive_actor.cpp:25] actor 2199025352761 switch to &NaiveActor::HandlerNormal
I1222 14:25:04.923900 81053 thread.cpp:99] Thread 1048577 construct Actor kCollectiveBoxingGeneric 2199025352761
I1222 14:25:04.923993 81053 runtime_context.cpp:29] DecreaseCounter constructing_actor_cnt, current val is 3177
I1222 14:25:04.924034 81020 naive_actor.cpp:25] actor 2199023255558 switch to &NaiveActor::HandlerNormal
I1222 14:25:04.924162 81020 thread.cpp:99] Thread 1048576 construct Actor kNormalForward 2199023255558
I1222 14:25:04.924299 81053 naive_actor.cpp:25] actor 2199025352768 switch to &NaiveActor::HandlerNormal
I1222 14:25:04.924307 81020 runtime_context.cpp:29] DecreaseCounter constructing_actor_cnt, current val is 3176
I1222 14:25:04.924387 81053 thread.cpp:99] Thread 1048577 construct Actor kCollectiveBoxingGeneric 2199025352768
I1222 14:25:04.924548 81053 runtime_context.cpp:29] DecreaseCounter constructing_actor_cnt, current val is 3175
I1222 14:25:04.924850 81053 naive_actor.cpp:25] actor 2199025352739 switch to &NaiveActor::HandlerNormal
I1222 14:25:04.924937 81053 thread.cpp:99] Thread 1048577 construct Actor kCollectiveBoxingGeneric 2199025352739
I1222 14:25:04.924955 81020 naive_actor.cpp:25] actor 2199023255581 switch to &NaiveActor::HandlerNormal
I1222 14:25:04.925037 81053 runtime_context.cpp:29] DecreaseCounter constructing_actor_cnt, current val is 3174
I1222 14:25:04.925101 81020 thread.cpp:99] Thread 1048576 construct Actor kNormalForward 2199023255581
I1222 14:25:04.925293 81020 runtime_context.cpp:29] DecreaseCounter constructing_actor_cnt, current val is 3173
I1222 14:25:04.925407 81053 naive_actor.cpp:25] actor 2199025352797 switch to &NaiveActor::HandlerNormal
I1222 14:25:04.925490 81053 thread.cpp:99] Thread 1048577 construct Actor kCollectiveBoxingGeneric 2199025352797
I1222 14:25:04.925585 81053 runtime_context.cpp:29] DecreaseCounter constructing_actor_cnt, current val is 3172
I1222 14:25:04.925869 81053 naive_actor.cpp:25] actor 2199025352778 switch to &NaiveActor::HandlerNormal
I1222 14:25:04.925956 81053 thread.cpp:99] Thread 1048577 construct Actor kCollectiveBoxingGeneric 2199025352778
I1222 14:25:04.926045 81053 runtime_context.cpp:29] DecreaseCounter constructing_actor_cnt, current val is 3171
I1222 14:25:04.926303 81053 naive_actor.cpp:25] actor 2199025352801 switch to &NaiveActor::HandlerNormal
I1222 14:25:04.926388 81053 thread.cpp:99] Thread 1048577 construct Actor kCollectiveBoxingGeneric 2199025352801
I1222 14:25:04.926481 81053 runtime_context.cpp:29] DecreaseCounter constructing_actor_cnt, current val is 3170
I1222 14:25:04.926745 81020 naive_actor.cpp:25] actor 2199023255563 switch to &NaiveActor::HandlerNormal
I1222 14:25:04.926753 81053 naive_actor.cpp:25] actor 2199025352837 switch to &NaiveActor::HandlerNormal
I1222 14:25:04.926964 81020 thread.cpp:99] Thread 1048576 construct Actor kNormalForward 2199023255563
I1222 14:25:04.927471 81053 thread.cpp:99] Thread 1048577 construct Actor kCollectiveBoxingGeneric 2199025352837
I1222 14:25:04.927616 81020 runtime_context.cpp:29] DecreaseCounter constructing_actor_cnt, current val is 3169
I1222 14:25:04.927644 81053 runtime_context.cpp:29] DecreaseCounter constructing_actor_cnt, current val is 3168
I1222 14:25:04.927976 81053 naive_actor.cpp:25] actor 2199025352717 switch to &NaiveActor::HandlerNormal
I1222 14:25:04.928062 81053 thread.cpp:99] Thread 1048577 construct Actor kCollectiveBoxingGeneric 2199025352717
I1222 14:25:04.928158 81053 runtime_context.cpp:29] DecreaseCounter constructing_actor_cnt, current val is 3167
I1222 14:25:04.928169 81020 naive_actor.cpp:25] actor 2199023255561 switch to &NaiveActor::HandlerNormal
I1222 14:25:04.928326 81020 thread.cpp:99] Thread 1048576 construct Actor kNormalForward 2199023255561
I1222 14:25:04.928455 81020 runtime_context.cpp:29] DecreaseCounter constructing_actor_cnt, current val is 3166
I1222 14:25:04.928467 81053 naive_actor.cpp:25] actor 2199025352793 switch to &NaiveActor::HandlerNormal
I1222 14:25:04.928602 81053 thread.cpp:99] Thread 1048577 construct Actor kCollectiveBoxingGeneric 2199025352793
I1222 14:25:04.928699 81053 runtime_context.cpp:29] DecreaseCounter constructing_actor_cnt, current val is 3165
I1222 14:25:04.928964 81020 naive_actor.cpp:25] actor 2199023255565 switch to &NaiveActor::HandlerNormal
I1222 14:25:04.928979 81053 naive_actor.cpp:25] actor 2199025352811 switch to &NaiveActor::HandlerNormal
I1222 14:25:04.929069 81020 thread.cpp:99] Thread 1048576 construct Actor kNormalForward 2199023255565
I1222 14:25:04.929150 81053 thread.cpp:99] Thread 1048577 construct Actor kCollectiveBoxingGeneric 2199025352811
I1222 14:25:04.929273 81020 runtime_context.cpp:29] DecreaseCounter constructing_actor_cnt, current val is 3164
I1222 14:25:04.929307 81053 runtime_context.cpp:29] DecreaseCounter constructing_actor_cnt, current val is 3163
I1222 14:25:04.929606 81053 naive_actor.cpp:25] actor 2199025352833 switch to &NaiveActor::HandlerNormal
I1222 14:25:04.929692 81053 thread.cpp:99] Thread 1048577 construct Actor kCollectiveBoxingGeneric 2199025352833
I1222 14:25:04.929801 81053 runtime_context.cpp:29] DecreaseCounter constructing_actor_cnt, current val is 3162
I1222 14:25:04.930102 81053 naive_actor.cpp:25] actor 2199025352715 switch to &NaiveActor::HandlerNormal
I1222 14:25:04.930186 81053 thread.cpp:99] Thread 1048577 construct Actor kCollectiveBoxingGeneric 2199025352715
I1222 14:25:04.930277 81053 runtime_context.cpp:29] DecreaseCounter constructing_actor_cnt, current val is 3161
I1222 14:25:04.930546 81053 naive_actor.cpp:25] actor 2199025352823 switch to &NaiveActor::HandlerNormal
I1222 14:25:04.930629 81053 thread.cpp:99] Thread 1048577 construct Actor kCollectiveBoxingGeneric 2199025352823
I1222 14:25:04.930721 81053 runtime_context.cpp:29] DecreaseCounter constructing_actor_cnt, current val is 3160
I1222 14:25:04.930831 81020 naive_actor.cpp:25] actor 2199023255562 switch to &NaiveActor::HandlerNormal
I1222 14:25:04.930948 81020 thread.cpp:99] Thread 1048576 construct Actor kNormalForward 2199023255562
I1222 14:25:04.931041 81053 naive_actor.cpp:25] actor 2199025352852 switch to &NaiveActor::HandlerNormal
I1222 14:25:04.931089 81020 runtime_context.cpp:29] DecreaseCounter constructing_actor_cnt, current val is 3159
I1222 14:25:04.931131 81053 thread.cpp:99] Thread 1048577 construct Actor kCollectiveBoxingGeneric 2199025352852
I1222 14:25:04.931288 81053 runtime_context.cpp:29] DecreaseCounter constructing_actor_cnt, current val is 3158
I1222 14:25:04.931555 81053 naive_actor.cpp:25] actor 2199025352834 switch to &NaiveActor::HandlerNormal
I1222 14:25:04.931640 81053 thread.cpp:99] Thread 1048577 construct Actor kCollectiveBoxingGeneric 2199025352834
I1222 14:25:04.931732 81053 runtime_context.cpp:29] DecreaseCounter constructing_actor_cnt, current val is 3157
I1222 14:25:04.932116 81053 naive_actor.cpp:25] actor 2199025352749 switch to &NaiveActor::HandlerNormal
I1222 14:25:04.932458 81020 naive_actor.cpp:25] actor 2199023255569 switch to &NaiveActor::HandlerNormal
I1222 14:25:04.932530 81053 thread.cpp:99] Thread 1048577 construct Actor kCollectiveBoxingGeneric 2199025352749
I1222 14:25:04.932629 81020 thread.cpp:99] Thread 1048576 construct Actor kNormalForward 2199023255569
I1222 14:25:04.932725 81053 runtime_context.cpp:29] DecreaseCounter constructing_actor_cnt, current val is 3156
I1222 14:25:04.932843 81020 runtime_context.cpp:29] DecreaseCounter constructing_actor_cnt, current val is 3155
I1222 14:25:04.933060 81053 naive_actor.cpp:25] actor 2199025352728 switch to &NaiveActor::HandlerNormal
I1222 14:25:04.933148 81053 thread.cpp:99] Thread 1048577 construct Actor kCollectiveBoxingGeneric 2199025352728
I1222 14:25:04.933244 81053 runtime_context.cpp:29] DecreaseCounter constructing_actor_cnt, current val is 3154
I1222 14:25:04.933507 81053 naive_actor.cpp:25] actor 2199025352769 switch to &NaiveActor::HandlerNormal
I1222 14:25:04.933612 81053 thread.cpp:99] Thread 1048577 construct Actor kCollectiveBoxingGeneric 2199025352769
I1222 14:25:04.933708 81053 runtime_context.cpp:29] DecreaseCounter constructing_actor_cnt, current val is 3153
I1222 14:25:04.933993 81053 naive_actor.cpp:25] actor 2199025352788 switch to &NaiveActor::HandlerNormal
I1222 14:25:04.934084 81053 thread.cpp:99] Thread 1048577 construct Actor kCollectiveBoxingGeneric 2199025352788
I1222 14:25:04.934175 81053 runtime_context.cpp:29] DecreaseCounter constructing_actor_cnt, current val is 3152
I1222 14:25:04.934448 81053 naive_actor.cpp:25] actor 2199025352830 switch to &NaiveActor::HandlerNormal
I1222 14:25:04.934531 81053 thread.cpp:99] Thread 1048577 construct Actor kCollectiveBoxingGeneric 2199025352830
I1222 14:25:04.934628 81053 runtime_context.cpp:29] DecreaseCounter constructing_actor_cnt, current val is 3151
I1222 14:25:04.934928 81053 naive_actor.cpp:25] actor 2199025352705 switch to &NaiveActor::HandlerNormal
I1222 14:25:04.935007 81053 thread.cpp:99] Thread 1048577 construct Actor kCollectiveBoxingGeneric 2199025352705
I1222 14:25:04.935048 81020 naive_actor.cpp:25] actor 2199023255567 switch to &NaiveActor::HandlerNormal
I1222 14:25:04.935096 81053 runtime_context.cpp:29] DecreaseCounter constructing_actor_cnt, current val is 3150
I1222 14:25:04.935165 81020 thread.cpp:99] Thread 1048576 construct Actor kNormalForward 2199023255567
I1222 14:25:04.935377 81020 runtime_context.cpp:29] DecreaseCounter constructing_actor_cnt, current val is 3149
I1222 14:25:04.935420 81053 naive_actor.cpp:25] actor 2199025352727 switch to &NaiveActor::HandlerNormal
I1222 14:25:04.935508 81053 thread.cpp:99] Thread 1048577 construct Actor kCollectiveBoxingGeneric 2199025352727
I1222 14:25:04.935593 81053 runtime_context.cpp:29] DecreaseCounter constructing_actor_cnt, current val is 3148
I1222 14:25:04.935848 81053 naive_actor.cpp:25] actor 2199025352840 switch to &NaiveActor::HandlerNormal
I1222 14:25:04.935926 81053 thread.cpp:99] Thread 1048577 construct Actor kCollectiveBoxingGeneric 2199025352840
I1222 14:25:04.936013 81053 runtime_context.cpp:29] DecreaseCounter constructing_actor_cnt, current val is 3147
I1222 14:25:04.936247 81053 naive_actor.cpp:25] actor 2199025352874 switch to &NaiveActor::HandlerNormal
I1222 14:25:04.936323 81053 thread.cpp:99] Thread 1048577 construct Actor kCollectiveBoxingGeneric 2199025352874
I1222 14:25:04.936406 81053 runtime_context.cpp:29] DecreaseCounter constructing_actor_cnt, current val is 3146
I1222 14:25:04.936646 81053 naive_actor.cpp:25] actor 2199025352866 switch to &NaiveActor::HandlerNormal
I1222 14:25:04.936719 81053 thread.cpp:99] Thread 1048577 construct Actor kCollectiveBoxingGeneric 2199025352866
I1222 14:25:04.936766 81020 naive_actor.cpp:25] actor 2199023255582 switch to &NaiveActor::HandlerNormal
I1222 14:25:04.936810 81053 runtime_context.cpp:29] DecreaseCounter constructing_actor_cnt, current val is 3145
I1222 14:25:04.936887 81020 thread.cpp:99] Thread 1048576 construct Actor kNormalForward 2199023255582
I1222 14:25:04.937216 81053 naive_actor.cpp:25] actor 2199025352884 switch to &NaiveActor::HandlerNormal
I1222 14:25:04.937666 81020 runtime_context.cpp:29] DecreaseCounter constructing_actor_cnt, current val is 3144
I1222 14:25:04.937670 81053 thread.cpp:99] Thread 1048577 construct Actor kCollectiveBoxingGeneric 2199025352884
I1222 14:25:04.937824 81053 runtime_context.cpp:29] DecreaseCounter constructing_actor_cnt, current val is 3143
I1222 14:25:04.938072 81053 naive_actor.cpp:25] actor 2199025352853 switch to &NaiveActor::HandlerNormal
I1222 14:25:04.938175 81053 thread.cpp:99] Thread 1048577 construct Actor kCollectiveBoxingGeneric 2199025352853
I1222 14:25:04.938274 81053 runtime_context.cpp:29] DecreaseCounter constructing_actor_cnt, current val is 3142
I1222 14:25:04.938529 81053 naive_actor.cpp:25] actor 2199025352721 switch to &NaiveActor::HandlerNormal
I1222 14:25:04.938630 81053 thread.cpp:99] Thread 1048577 construct Actor kCollectiveBoxingGeneric 2199025352721
I1222 14:25:04.938735 81053 runtime_context.cpp:29] DecreaseCounter constructing_actor_cnt, current val is 3141
I1222 14:25:04.939019 81053 naive_actor.cpp:25] actor 2199025352726 switch to &NaiveActor::HandlerNormal
I1222 14:25:04.939128 81053 thread.cpp:99] Thread 1048577 construct Actor kCollectiveBoxingGeneric 2199025352726
I1222 14:25:04.939215 81053 runtime_context.cpp:29] DecreaseCounter constructing_actor_cnt, current val is 3140
I1222 14:25:04.939385 81020 naive_actor.cpp:25] actor 2199023255578 switch to &NaiveActor::HandlerNormal
I1222 14:25:04.939487 81053 naive_actor.cpp:25] actor 2199025352707 switch to &NaiveActor::HandlerNormal
I1222 14:25:04.939589 81020 thread.cpp:99] Thread 1048576 construct Actor kNormalForward 2199023255578
I1222 14:25:04.939673 81053 thread.cpp:99] Thread 1048577 construct Actor kCollectiveBoxingGeneric 2199025352707
I1222 14:25:04.939894 81053 runtime_context.cpp:29] DecreaseCounter constructing_actor_cnt, current val is 3139
I1222 14:25:04.939919 81020 runtime_context.cpp:29] DecreaseCounter constructing_actor_cnt, current val is 3138
I1222 14:25:04.940165 81053 naive_actor.cpp:25] actor 2199025352863 switch to &NaiveActor::HandlerNormal
I1222 14:25:04.940287 81053 thread.cpp:99] Thread 1048577 construct Actor kCollectiveBoxingGeneric 2199025352863
I1222 14:25:04.940399 81053 runtime_context.cpp:29] DecreaseCounter constructing_actor_cnt, current val is 3137
I1222 14:25:04.940658 81053 naive_actor.cpp:25] actor 2199025352849 switch to &NaiveActor::HandlerNormal
I1222 14:25:04.940682 81020 naive_actor.cpp:25] actor 2199023255589 switch to &NaiveActor::HandlerNormal
I1222 14:25:04.940768 81053 thread.cpp:99] Thread 1048577 construct Actor kCollectiveBoxingGeneric 2199025352849
I1222 14:25:04.940928 81020 thread.cpp:99] Thread 1048576 construct Actor kNormalForward 2199023255589
I1222 14:25:04.941051 81053 runtime_context.cpp:29] DecreaseCounter constructing_actor_cnt, current val is 3136
I1222 14:25:04.941231 81020 runtime_context.cpp:29] DecreaseCounter constructing_actor_cnt, current val is 3135
I1222 14:25:04.941427 81053 naive_actor.cpp:25] actor 2199025352710 switch to &NaiveActor::HandlerNormal
I1222 14:25:04.941532 81053 thread.cpp:99] Thread 1048577 construct Actor kCollectiveBoxingGeneric 2199025352710
I1222 14:25:04.941606 81053 runtime_context.cpp:29] DecreaseCounter constructing_actor_cnt, current val is 3134
I1222 14:25:04.941944 81053 naive_actor.cpp:25] actor 2199025352824 switch to &NaiveActor::HandlerNormal
I1222 14:25:04.942029 81053 thread.cpp:99] Thread 1048577 construct Actor kCollectiveBoxingGeneric 2199025352824
I1222 14:25:04.942127 81053 runtime_context.cpp:29] DecreaseCounter constructing_actor_cnt, current val is 3133
I1222 14:25:04.942404 81053 naive_actor.cpp:25] actor 2199025352892 switch to &NaiveActor::HandlerNormal
I1222 14:25:04.942473 81053 thread.cpp:99] Thread 1048577 construct Actor kCollectiveBoxingGeneric 2199025352892
I1222 14:25:04.942524 81020 naive_actor.cpp:25] actor 2199023255615 switch to &NaiveActor::HandlerNormal
I1222 14:25:04.942553 81053 runtime_context.cpp:29] DecreaseCounter constructing_actor_cnt, current val is 3132
I1222 14:25:04.942709 81020 thread.cpp:99] Thread 1048576 construct Actor kNormalForward 2199023255615
I1222 14:25:04.943290 81020 runtime_context.cpp:29] DecreaseCounter constructing_actor_cnt, current val is 3131
I1222 14:25:04.943354 81053 naive_actor.cpp:25] actor 2199025352718 switch to &NaiveActor::HandlerNormal
I1222 14:25:04.943482 81053 thread.cpp:99] Thread 1048577 construct Actor kCollectiveBoxingGeneric 2199025352718
I1222 14:25:04.943579 81053 runtime_context.cpp:29] DecreaseCounter constructing_actor_cnt, current val is 3130
I1222 14:25:04.943889 81053 naive_actor.cpp:25] actor 2199025352875 switch to &NaiveActor::HandlerNormal
I1222 14:25:04.943984 81053 thread.cpp:99] Thread 1048577 construct Actor kCollectiveBoxingGeneric 2199025352875
I1222 14:25:04.944088 81053 runtime_context.cpp:29] DecreaseCounter constructing_actor_cnt, current val is 3129
I1222 14:25:04.944340 81053 naive_actor.cpp:25] actor 2199025352738 switch to &NaiveActor::HandlerNormal
I1222 14:25:04.944437 81053 thread.cpp:99] Thread 1048577 construct Actor kCollectiveBoxingGeneric 2199025352738
I1222 14:25:04.944504 81053 runtime_context.cpp:29] DecreaseCounter constructing_actor_cnt, current val is 3128
I1222 14:25:04.944679 81020 naive_actor.cpp:25] actor 2199023255647 switch to &NaiveActor::HandlerNormal
I1222 14:25:04.944779 81020 thread.cpp:99] Thread 1048576 construct Actor kNormalForward 2199023255647
I1222 14:25:04.944815 81053 naive_actor.cpp:25] actor 2199025352757 switch to &NaiveActor::HandlerNormal
I1222 14:25:04.944924 81053 thread.cpp:99] Thread 1048577 construct Actor kCollectiveBoxingGeneric 2199025352757
I1222 14:25:04.944927 81020 runtime_context.cpp:29] DecreaseCounter constructing_actor_cnt, current val is 3127
I1222 14:25:04.944994 81053 runtime_context.cpp:29] DecreaseCounter constructing_actor_cnt, current val is 3126
I1222 14:25:04.945256 81053 naive_actor.cpp:25] actor 2199025352742 switch to &NaiveActor::HandlerNormal
I1222 14:25:04.945374 81053 thread.cpp:99] Thread 1048577 construct Actor kCollectiveBoxingGeneric 2199025352742
I1222 14:25:04.945448 81053 runtime_context.cpp:29] DecreaseCounter constructing_actor_cnt, current val is 3125
I1222 14:25:04.945801 81053 naive_actor.cpp:25] actor 2199025352881 switch to &NaiveActor::HandlerNormal
I1222 14:25:04.945876 81053 thread.cpp:99] Thread 1048577 construct Actor kCollectiveBoxingGeneric 2199025352881
I1222 14:25:04.945966 81053 runtime_context.cpp:29] DecreaseCounter constructing_actor_cnt, current val is 3124
I1222 14:25:04.946277 81053 naive_actor.cpp:25] actor 2199025352765 switch to &NaiveActor::HandlerNormal
I1222 14:25:04.946370 81053 thread.cpp:99] Thread 1048577 construct Actor kCollectiveBoxingGeneric 2199025352765
I1222 14:25:04.946441 81053 runtime_context.cpp:29] DecreaseCounter constructing_actor_cnt, current val is 3123
I1222 14:25:04.946686 81053 naive_actor.cpp:25] actor 2199025352841 switch to &NaiveActor::HandlerNormal
I1222 14:25:04.946760 81053 thread.cpp:99] Thread 1048577 construct Actor kCollectiveBoxingGeneric 2199025352841
I1222 14:25:04.946868 81053 runtime_context.cpp:29] DecreaseCounter constructing_actor_cnt, current val is 3122
I1222 14:25:04.947129 81053 naive_actor.cpp:25] actor 2199025352753 switch to &NaiveActor::HandlerNormal
I1222 14:25:04.947160 81020 naive_actor.cpp:25] actor 2199023255606 switch to &NaiveActor::HandlerNormal
I1222 14:25:04.947216 81053 thread.cpp:99] Thread 1048577 construct Actor kCollectiveBoxingGeneric 2199025352753
I1222 14:25:04.947299 81020 thread.cpp:99] Thread 1048576 construct Actor kNormalForward 2199023255606
I1222 14:25:04.947387 81053 runtime_context.cpp:29] DecreaseCounter constructing_actor_cnt, current val is 3121
I1222 14:25:04.947476 81020 runtime_context.cpp:29] DecreaseCounter constructing_actor_cnt, current val is 3120
I1222 14:25:04.947659 81053 naive_actor.cpp:25] actor 2199025352776 switch to &NaiveActor::HandlerNormal
I1222 14:25:04.947743 81053 thread.cpp:99] Thread 1048577 construct Actor kCollectiveBoxingGeneric 2199025352776
I1222 14:25:04.947947 81053 runtime_context.cpp:29] DecreaseCounter constructing_actor_cnt, current val is 3119
I1222 14:25:04.948017 81020 naive_actor.cpp:25] actor 2199023255618 switch to &NaiveActor::HandlerNormal
I1222 14:25:04.948426 81020 thread.cpp:99] Thread 1048576 construct Actor kNormalForward 2199023255618
I1222 14:25:04.948547 81053 naive_actor.cpp:25] actor 2199025352751 switch to &NaiveActor::HandlerNormal
I1222 14:25:04.948556 81020 runtime_context.cpp:29] DecreaseCounter constructing_actor_cnt, current val is 3118
I1222 14:25:04.948647 81053 thread.cpp:99] Thread 1048577 construct Actor kCollectiveBoxingGeneric 2199025352751
I1222 14:25:04.948778 81053 runtime_context.cpp:29] DecreaseCounter constructing_actor_cnt, current val is 3117
I1222 14:25:04.949054 81053 naive_actor.cpp:25] actor 2199025352806 switch to &NaiveActor::HandlerNormal
I1222 14:25:04.949122 81053 thread.cpp:99] Thread 1048577 construct Actor kCollectiveBoxingGeneric 2199025352806
I1222 14:25:04.949208 81053 runtime_context.cpp:29] DecreaseCounter constructing_actor_cnt, current val is 3116
I1222 14:25:04.949476 81053 naive_actor.cpp:25] actor 2199025352772 switch to &NaiveActor::HandlerNormal
I1222 14:25:04.949580 81053 thread.cpp:99] Thread 1048577 construct Actor kCollectiveBoxingGeneric 2199025352772
I1222 14:25:04.949671 81053 runtime_context.cpp:29] DecreaseCounter constructing_actor_cnt, current val is 3115
I1222 14:25:04.949908 81020 naive_actor.cpp:25] actor 2199023255572 switch to &NaiveActor::HandlerNormal
I1222 14:25:04.949944 81053 naive_actor.cpp:25] actor 2199025352847 switch to &NaiveActor::HandlerNormal
I1222 14:25:04.950021 81020 thread.cpp:99] Thread 1048576 construct Actor kNormalForward 2199023255572
I1222 14:25:04.950078 81053 thread.cpp:99] Thread 1048577 construct Actor kCollectiveBoxingGeneric 2199025352847
I1222 14:25:04.950197 81020 runtime_context.cpp:29] DecreaseCounter constructing_actor_cnt, current val is 3114
I1222 14:25:04.950201 81053 runtime_context.cpp:29] DecreaseCounter constructing_actor_cnt, current val is 3113
I1222 14:25:04.950541 81053 naive_actor.cpp:25] actor 2199025352735 switch to &NaiveActor::HandlerNormal
I1222 14:25:04.950632 81053 thread.cpp:99] Thread 1048577 construct Actor kCollectiveBoxingGeneric 2199025352735
I1222 14:25:04.950722 81053 runtime_context.cpp:29] DecreaseCounter constructing_actor_cnt, current val is 3112
I1222 14:25:04.950740 81020 naive_actor.cpp:25] actor 2199023255587 switch to &NaiveActor::HandlerNormal
I1222 14:25:04.950892 81020 thread.cpp:99] Thread 1048576 construct Actor kNormalForward 2199023255587
I1222 14:25:04.950994 81053 naive_actor.cpp:25] actor 2199025352716 switch to &NaiveActor::HandlerNormal
I1222 14:25:04.951047 81020 runtime_context.cpp:29] DecreaseCounter constructing_actor_cnt, current val is 3111
I1222 14:25:04.951082 81053 thread.cpp:99] Thread 1048577 construct Actor kCollectiveBoxingGeneric 2199025352716
I1222 14:25:04.951215 81053 runtime_context.cpp:29] DecreaseCounter constructing_actor_cnt, current val is 3110
I1222 14:25:04.951517 81053 naive_actor.cpp:25] actor 2199025352871 switch to &NaiveActor::HandlerNormal
I1222 14:25:04.951606 81053 thread.cpp:99] Thread 1048577 construct Actor kCollectiveBoxingGeneric 2199025352871
I1222 14:25:04.951714 81053 runtime_context.cpp:29] DecreaseCounter constructing_actor_cnt, current val is 3109
I1222 14:25:04.952018 81053 naive_actor.cpp:25] actor 2199025352894 switch to &NaiveActor::HandlerNormal
I1222 14:25:04.952091 81053 thread.cpp:99] Thread 1048577 construct Actor kCollectiveBoxingGeneric 2199025352894
I1222 14:25:04.952178 81053 runtime_context.cpp:29] DecreaseCounter constructing_actor_cnt, current val is 3108
I1222 14:25:04.952219 81020 naive_actor.cpp:25] actor 2199023255552 switch to &NaiveActor::HandlerNormal
I1222 14:25:04.952342 81020 thread.cpp:99] Thread 1048576 construct Actor kNormalForward 2199023255552
I1222 14:25:04.952447 81020 runtime_context.cpp:29] DecreaseCounter constructing_actor_cnt, current val is 3107
I1222 14:25:04.952476 81053 naive_actor.cpp:25] actor 2199025352711 switch to &NaiveActor::HandlerNormal
I1222 14:25:04.953035 81053 thread.cpp:99] Thread 1048577 construct Actor kCollectiveBoxingGeneric 2199025352711
I1222 14:25:04.953125 81053 runtime_context.cpp:29] DecreaseCounter constructing_actor_cnt, current val is 3106
I1222 14:25:04.953404 81053 naive_actor.cpp:25] actor 2199025352774 switch to &NaiveActor::HandlerNormal
I1222 14:25:04.953491 81053 thread.cpp:99] Thread 1048577 construct Actor kCollectiveBoxingGeneric 2199025352774
I1222 14:25:04.953579 81053 runtime_context.cpp:29] DecreaseCounter constructing_actor_cnt, current val is 3105
I1222 14:25:04.953860 81020 naive_actor.cpp:25] actor 2199023255619 switch to &NaiveActor::HandlerNormal
I1222 14:25:04.953866 81053 naive_actor.cpp:25] actor 2199025352750 switch to &NaiveActor::HandlerNormal
I1222 14:25:04.953977 81020 thread.cpp:99] Thread 1048576 construct Actor kNormalForward 2199023255619
I1222 14:25:04.954056 81053 thread.cpp:99] Thread 1048577 construct Actor kCollectiveBoxingGeneric 2199025352750
I1222 14:25:04.954186 81020 runtime_context.cpp:29] DecreaseCounter constructing_actor_cnt, current val is 3104
I1222 14:25:04.954211 81053 runtime_context.cpp:29] DecreaseCounter constructing_actor_cnt, current val is 3103
I1222 14:25:04.954540 81053 naive_actor.cpp:25] actor 2199025352763 switch to &NaiveActor::HandlerNormal
I1222 14:25:04.954613 81053 thread.cpp:99] Thread 1048577 construct Actor kCollectiveBoxingGeneric 2199025352763
I1222 14:25:04.954730 81053 runtime_context.cpp:29] DecreaseCounter constructing_actor_cnt, current val is 3102
I1222 14:25:04.954988 81053 naive_actor.cpp:25] actor 2199025352708 switch to &NaiveActor::HandlerNormal
I1222 14:25:04.955098 81053 thread.cpp:99] Thread 1048577 construct Actor kCollectiveBoxingGeneric 2199025352708
I1222 14:25:04.955191 81053 runtime_context.cpp:29] DecreaseCounter constructing_actor_cnt, current val is 3101
I1222 14:25:04.955446 81053 naive_actor.cpp:25] actor 2199025352789 switch to &NaiveActor::HandlerNormal
I1222 14:25:04.955526 81053 thread.cpp:99] Thread 1048577 construct Actor kCollectiveBoxingGeneric 2199025352789
I1222 14:25:04.955547 81020 naive_actor.cpp:25] actor 2199023255588 switch to &NaiveActor::HandlerNormal
I1222 14:25:04.955613 81053 runtime_context.cpp:29] DecreaseCounter constructing_actor_cnt, current val is 3100
I1222 14:25:04.955662 81020 thread.cpp:99] Thread 1048576 construct Actor kNormalForward 2199023255588
I1222 14:25:04.955854 81020 runtime_context.cpp:29] DecreaseCounter constructing_actor_cnt, current val is 3099
I1222 14:25:04.955997 81053 naive_actor.cpp:25] actor 2199025352890 switch to &NaiveActor::HandlerNormal
I1222 14:25:04.956069 81053 thread.cpp:99] Thread 1048577 construct Actor kCollectiveBoxingGeneric 2199025352890
I1222 14:25:04.956151 81053 runtime_context.cpp:29] DecreaseCounter constructing_actor_cnt, current val is 3098
I1222 14:25:04.956321 81020 naive_actor.cpp:25] actor 2199023255602 switch to &NaiveActor::HandlerNormal
I1222 14:25:04.956406 81053 naive_actor.cpp:25] actor 2199025352732 switch to &NaiveActor::HandlerNormal
I1222 14:25:04.956413 81020 thread.cpp:99] Thread 1048576 construct Actor kNormalForward 2199023255602
I1222 14:25:04.956497 81053 thread.cpp:99] Thread 1048577 construct Actor kCollectiveBoxingGeneric 2199025352732
I1222 14:25:04.956609 81020 runtime_context.cpp:29] DecreaseCounter constructing_actor_cnt, current val is 3097
I1222 14:25:04.956641 81053 runtime_context.cpp:29] DecreaseCounter constructing_actor_cnt, current val is 3096
I1222 14:25:04.956908 81053 naive_actor.cpp:25] actor 2199025352748 switch to &NaiveActor::HandlerNormal
I1222 14:25:04.956995 81053 thread.cpp:99] Thread 1048577 construct Actor kCollectiveBoxingGeneric 2199025352748
I1222 14:25:04.957077 81053 runtime_context.cpp:29] DecreaseCounter constructing_actor_cnt, current val is 3095
I1222 14:25:04.957330 81053 naive_actor.cpp:25] actor 2199025352712 switch to &NaiveActor::HandlerNormal
I1222 14:25:04.957418 81053 thread.cpp:99] Thread 1048577 construct Actor kCollectiveBoxingGeneric 2199025352712
I1222 14:25:04.957592 81053 runtime_context.cpp:29] DecreaseCounter constructing_actor_cnt, current val is 3094
I1222 14:25:04.957831 81020 naive_actor.cpp:25] actor 2199023255596 switch to &NaiveActor::HandlerNormal
I1222 14:25:04.958074 81020 thread.cpp:99] Thread 1048576 construct Actor kNormalForward 2199023255596
I1222 14:25:04.958194 81053 naive_actor.cpp:25] actor 2199025352770 switch to &NaiveActor::HandlerNormal
I1222 14:25:04.958201 81020 runtime_context.cpp:29] DecreaseCounter constructing_actor_cnt, current val is 3093
I1222 14:25:04.958272 81053 thread.cpp:99] Thread 1048577 construct Actor kCollectiveBoxingGeneric 2199025352770
I1222 14:25:04.958397 81053 runtime_context.cpp:29] DecreaseCounter constructing_actor_cnt, current val is 3092
I1222 14:25:04.958634 81053 naive_actor.cpp:25] actor 2199025352791 switch to &NaiveActor::HandlerNormal
I1222 14:25:04.958709 81053 thread.cpp:99] Thread 1048577 construct Actor kCollectiveBoxingGeneric 2199025352791
I1222 14:25:04.958770 81053 runtime_context.cpp:29] DecreaseCounter constructing_actor_cnt, current val is 3091
I1222 14:25:04.959017 81053 naive_actor.cpp:25] actor 2199025352760 switch to &NaiveActor::HandlerNormal
I1222 14:25:04.959105 81053 thread.cpp:99] Thread 1048577 construct Actor kCollectiveBoxingGeneric 2199025352760
I1222 14:25:04.959170 81053 runtime_context.cpp:29] DecreaseCounter constructing_actor_cnt, current val is 3090
I1222 14:25:04.959412 81053 naive_actor.cpp:25] actor 2199025352714 switch to &NaiveActor::HandlerNormal
I1222 14:25:04.959502 81053 thread.cpp:99] Thread 1048577 construct Actor kCollectiveBoxingGeneric 2199025352714
I1222 14:25:04.959568 81053 runtime_context.cpp:29] DecreaseCounter constructing_actor_cnt, current val is 3089
I1222 14:25:04.959825 81053 naive_actor.cpp:25] actor 2199025352719 switch to &NaiveActor::HandlerNormal
I1222 14:25:04.959906 81053 thread.cpp:99] Thread 1048577 construct Actor kCollectiveBoxingGeneric 2199025352719
I1222 14:25:04.959990 81053 runtime_context.cpp:29] DecreaseCounter constructing_actor_cnt, current val is 3088
I1222 14:25:04.960116 81020 naive_actor.cpp:25] actor 2199023255624 switch to &NaiveActor::HandlerNormal
I1222 14:25:04.960214 81053 naive_actor.cpp:25] actor 2199025352802 switch to &NaiveActor::HandlerNormal
I1222 14:25:04.960220 81020 thread.cpp:99] Thread 1048576 construct Actor kNormalForward 2199023255624
I1222 14:25:04.960291 81053 thread.cpp:99] Thread 1048577 construct Actor kCollectiveBoxingGeneric 2199025352802
I1222 14:25:04.960433 81020 runtime_context.cpp:29] DecreaseCounter constructing_actor_cnt, current val is 3087
I1222 14:25:04.960436 81053 runtime_context.cpp:29] DecreaseCounter constructing_actor_cnt, current val is 3086
I1222 14:25:04.960716 81053 naive_actor.cpp:25] actor 2199025352817 switch to &NaiveActor::HandlerNormal
I1222 14:25:04.960812 81053 thread.cpp:99] Thread 1048577 construct Actor kCollectiveBoxingGeneric 2199025352817
I1222 14:25:04.960876 81053 runtime_context.cpp:29] DecreaseCounter constructing_actor_cnt, current val is 3085
I1222 14:25:04.960937 81020 naive_actor.cpp:25] actor 2199023255566 switch to &NaiveActor::HandlerNormal
I1222 14:25:04.961052 81020 thread.cpp:99] Thread 1048576 construct Actor kNormalForward 2199023255566
I1222 14:25:04.961123 81053 naive_actor.cpp:25] actor 2199025352773 switch to &NaiveActor::HandlerNormal
I1222 14:25:04.961163 81020 runtime_context.cpp:29] DecreaseCounter constructing_actor_cnt, current val is 3084
I1222 14:25:04.961213 81053 thread.cpp:99] Thread 1048577 construct Actor kCollectiveBoxingGeneric 2199025352773
I1222 14:25:04.961354 81053 runtime_context.cpp:29] DecreaseCounter constructing_actor_cnt, current val is 3083
I1222 14:25:04.961570 81053 naive_actor.cpp:25] actor 2199025352766 switch to &NaiveActor::HandlerNormal
I1222 14:25:04.961637 81053 thread.cpp:99] Thread 1048577 construct Actor kCollectiveBoxingGeneric 2199025352766
I1222 14:25:04.961694 81053 runtime_context.cpp:29] DecreaseCounter constructing_actor_cnt, current val is 3082
I1222 14:25:04.962061 81053 naive_actor.cpp:25] actor 2199025352767 switch to &NaiveActor::HandlerNormal
I1222 14:25:04.962249 81053 thread.cpp:99] Thread 1048577 construct Actor kCollectiveBoxingGeneric 2199025352767
I1222 14:25:04.962321 81053 runtime_context.cpp:29] DecreaseCounter constructing_actor_cnt, current val is 3081
I1222 14:25:04.962440 81020 naive_actor.cpp:25] actor 2199023255590 switch to &NaiveActor::HandlerNormal
I1222 14:25:04.962517 81053 naive_actor.cpp:25] actor 2199025352737 switch to &NaiveActor::HandlerNormal
I1222 14:25:04.962544 81020 thread.cpp:99] Thread 1048576 construct Actor kNormalForward 2199023255590
I1222 14:25:04.962591 81053 thread.cpp:99] Thread 1048577 construct Actor kCollectiveBoxingGeneric 2199025352737
I1222 14:25:04.962711 81053 runtime_context.cpp:29] DecreaseCounter constructing_actor_cnt, current val is 3080
I1222 14:25:04.962723 81020 runtime_context.cpp:29] DecreaseCounter constructing_actor_cnt, current val is 3079
I1222 14:25:04.962882 81053 naive_actor.cpp:25] actor 2199025352782 switch to &NaiveActor::HandlerNormal
I1222 14:25:04.962931 81053 thread.cpp:99] Thread 1048577 construct Actor kCollectiveBoxingGeneric 2199025352782
I1222 14:25:04.962977 81053 runtime_context.cpp:29] DecreaseCounter constructing_actor_cnt, current val is 3078
