 Insert buffer op : [System-Pipeline-Buffer-Op_-base_model.m_stage0.encoder.layer.1.output.dropout-dropout_97-mask_0-stage_id_0](buffer_size:4) 
 from [base_model.m_stage0.encoder.layer.1.output.dropout-dropout_97] (stage_id:0) -> [base_model.m_stage0.encoder.layer.1.output.dropout-dropout_97_grad] (stage_id:0) 
I1222 14:15:31.415980 79822 pipeline_buffer_pass.cpp:117] 
 Insert buffer op : [System-Pipeline-Buffer-Op_-base_model.m_stage0.encoder.layer.1.intermediate.intermediate_act_fn-gelu_94-out_0-stage_id_0](buffer_size:4) 
 from [base_model.m_stage0.encoder.layer.1.intermediate.intermediate_act_fn-gelu_94] (stage_id:0) -> [base_model.m_stage0.encoder.layer.1.output.dense-broadcast_matmul_95_b_grad] (stage_id:0) 
I1222 14:15:31.416519 79822 pipeline_buffer_pass.cpp:117] 
 Insert buffer op : [System-Pipeline-Buffer-Op_-base_model.m_stage0.encoder.layer.1.intermediate.dense-broadcast_add_93-z_0-stage_id_0](buffer_size:4) 
 from [base_model.m_stage0.encoder.layer.1.intermediate.dense-broadcast_add_93] (stage_id:0) -> [base_model.m_stage0.encoder.layer.1.intermediate.intermediate_act_fn-gelu_94_grad] (stage_id:0) 
I1222 14:15:31.416579 79822 pipeline_buffer_pass.cpp:117] 
 Insert buffer op : [System-Pipeline-Buffer-Op_-base_model.m_stage0.encoder.layer.1.attention.output.LayerNorm-layer_norm_91-y_0-stage_id_0](buffer_size:4) 
 from [base_model.m_stage0.encoder.layer.1.attention.output.LayerNorm-layer_norm_91] (stage_id:0) -> [base_model.m_stage0.encoder.layer.1.intermediate.dense-broadcast_matmul_92_b_grad] (stage_id:0) 
I1222 14:15:31.416640 79822 pipeline_buffer_pass.cpp:117] 
 Insert buffer op : [System-Pipeline-Buffer-Op_-base_model.m_stage0.encoder.layer.1.attention.output.LayerNorm-layer_norm_91-normalized_0-stage_id_0](buffer_size:4) 
 from [base_model.m_stage0.encoder.layer.1.attention.output.LayerNorm-layer_norm_91] (stage_id:0) -> [base_model.m_stage0.encoder.layer.1.attention.output.LayerNorm-layer_norm_91_param_grad] (stage_id:0) 
I1222 14:15:31.416694 79822 pipeline_buffer_pass.cpp:117] 
 Insert buffer op : [System-Pipeline-Buffer-Op_-base_model.m_stage0.encoder.layer.1.attention.output-add_n_90-out_0-stage_id_0](buffer_size:4) 
 from [base_model.m_stage0.encoder.layer.1.attention.output-add_n_90] (stage_id:0) -> [base_model.m_stage0.encoder.layer.1.attention.output.LayerNorm-layer_norm_91_grad] (stage_id:0) 
I1222 14:15:31.416746 79822 pipeline_buffer_pass.cpp:117] 
 Insert buffer op : [System-Pipeline-Buffer-Op_-base_model.m_stage0.encoder.layer.1.attention.output.LayerNorm-layer_norm_91-mean_0-stage_id_0](buffer_size:4) 
 from [base_model.m_stage0.encoder.layer.1.attention.output.LayerNorm-layer_norm_91] (stage_id:0) -> [base_model.m_stage0.encoder.layer.1.attention.output.LayerNorm-layer_norm_91_grad] (stage_id:0) 
I1222 14:15:31.416798 79822 pipeline_buffer_pass.cpp:117] 
 Insert buffer op : [System-Pipeline-Buffer-Op_-base_model.m_stage0.encoder.layer.1.attention.output.LayerNorm-layer_norm_91-inv_variance_0-stage_id_0](buffer_size:4) 
 from [base_model.m_stage0.encoder.layer.1.attention.output.LayerNorm-layer_norm_91] (stage_id:0) -> [base_model.m_stage0.encoder.layer.1.attention.output.LayerNorm-layer_norm_91_grad] (stage_id:0) 
I1222 14:15:31.416851 79822 pipeline_buffer_pass.cpp:117] 
 Insert buffer op : [System-Pipeline-Buffer-Op_-base_model.m_stage0.encoder.layer.1.attention.output.dropout-dropout_89-mask_0-stage_id_0](buffer_size:4) 
 from [base_model.m_stage0.encoder.layer.1.attention.output.dropout-dropout_89] (stage_id:0) -> [base_model.m_stage0.encoder.layer.1.attention.output.dropout-dropout_89_grad] (stage_id:0) 
I1222 14:15:31.416911 79822 pipeline_buffer_pass.cpp:117] 
 Insert buffer op : [System-Pipeline-Buffer-Op_-base_model.m_stage0.encoder.layer.1.attention.self-reshape_86-out_0-stage_id_0](buffer_size:4) 
 from [base_model.m_stage0.encoder.layer.1.attention.self-reshape_86] (stage_id:0) -> [base_model.m_stage0.encoder.layer.1.attention.output.dense-broadcast_matmul_87_b_grad] (stage_id:0) 
I1222 14:15:31.416968 79822 pipeline_buffer_pass.cpp:117] 
 Insert buffer op : [System-Pipeline-Buffer-Op_-base_model.m_stage0.encoder.layer.1.attention.self-transpose_77-output_0-stage_id_0](buffer_size:4) 
 from [base_model.m_stage0.encoder.layer.1.attention.self-transpose_77] (stage_id:0) -> [base_model.m_stage0.encoder.layer.1.attention.self-batch_matmul_84_grad_a] (stage_id:0) 
I1222 14:15:31.417048 79822 pipeline_buffer_pass.cpp:117] 
 Insert buffer op : [System-Pipeline-Buffer-Op_-base_model.m_stage0.encoder.layer.1.attention.self.dropout-dropout_83-out_0-stage_id_0](buffer_size:4) 
 from [base_model.m_stage0.encoder.layer.1.attention.self.dropout-dropout_83] (stage_id:0) -> [base_model.m_stage0.encoder.layer.1.attention.self-batch_matmul_84_grad_b] (stage_id:0) 
I1222 14:15:31.417564 79822 pipeline_buffer_pass.cpp:117] 
 Insert buffer op : [System-Pipeline-Buffer-Op_-base_model.m_stage0.encoder.layer.1.attention.self.dropout-dropout_83-mask_0-stage_id_0](buffer_size:4) 
 from [base_model.m_stage0.encoder.layer.1.attention.self.dropout-dropout_83] (stage_id:0) -> [base_model.m_stage0.encoder.layer.1.attention.self.dropout-dropout_83_grad] (stage_id:0) 
I1222 14:15:31.417621 79822 pipeline_buffer_pass.cpp:117] 
 Insert buffer op : [System-Pipeline-Buffer-Op_-base_model.m_stage0.encoder.layer.1.attention.self-softmax_82-out_0-stage_id_0](buffer_size:4) 
 from [base_model.m_stage0.encoder.layer.1.attention.self-softmax_82] (stage_id:0) -> [base_model.m_stage0.encoder.layer.1.attention.self-softmax_82_grad] (stage_id:0) 
I1222 14:15:31.417680 79822 pipeline_buffer_pass.cpp:117] 
 Insert buffer op : [System-Pipeline-Buffer-Op_-base_model.m_stage0.encoder.layer.0.output.LayerNorm-layer_norm_65-y_0-stage_id_0](buffer_size:4) 
 from [base_model.m_stage0.encoder.layer.0.output.LayerNorm-layer_norm_65] (stage_id:0) -> [base_model.m_stage0.encoder.layer.1.attention.self.value-broadcast_matmul_74_b_grad] (stage_id:0) 
I1222 14:15:31.417733 79822 pipeline_buffer_pass.cpp:117] 
 Insert buffer op : [System-Pipeline-Buffer-Op_-base_model.m_stage0.encoder.layer.1.attention.self-transpose_78-output_0-stage_id_0](buffer_size:4) 
 from [base_model.m_stage0.encoder.layer.1.attention.self-transpose_78] (stage_id:0) -> [base_model.m_stage0.encoder.layer.1.attention.self-batch_matmul_79_grad_a] (stage_id:0) 
I1222 14:15:31.417790 79822 pipeline_buffer_pass.cpp:117] 
 Insert buffer op : [System-Pipeline-Buffer-Op_-base_model.m_stage0.encoder.layer.1.attention.self-transpose_69-output_0-stage_id_0](buffer_size:4) 
 from [base_model.m_stage0.encoder.layer.1.attention.self-transpose_69] (stage_id:0) -> [base_model.m_stage0.encoder.layer.1.attention.self-batch_matmul_79_grad_b] (stage_id:0) 
I1222 14:15:31.417889 79822 pipeline_buffer_pass.cpp:117] 
 Insert buffer op : [System-Pipeline-Buffer-Op_-base_model.m_stage0.encoder.layer.0.output.LayerNorm-layer_norm_65-normalized_0-stage_id_0](buffer_size:4) 
 from [base_model.m_stage0.encoder.layer.0.output.LayerNorm-layer_norm_65] (stage_id:0) -> [base_model.m_stage0.encoder.layer.0.output.LayerNorm-layer_norm_65_param_grad] (stage_id:0) 
I1222 14:15:31.417944 79822 pipeline_buffer_pass.cpp:117] 
 Insert buffer op : [System-Pipeline-Buffer-Op_-base_model.m_stage0.encoder.layer.0.output-add_n_64-out_0-stage_id_0](buffer_size:4) 
 from [base_model.m_stage0.encoder.layer.0.output-add_n_64] (stage_id:0) -> [base_model.m_stage0.encoder.layer.0.output.LayerNorm-layer_norm_65_grad] (stage_id:0) 
I1222 14:15:31.417997 79822 pipeline_buffer_pass.cpp:117] 
 Insert buffer op : [System-Pipeline-Buffer-Op_-base_model.m_stage0.encoder.layer.0.output.LayerNorm-layer_norm_65-mean_0-stage_id_0](buffer_size:4) 
 from [base_model.m_stage0.encoder.layer.0.output.LayerNorm-layer_norm_65] (stage_id:0) -> [base_model.m_stage0.encoder.layer.0.output.LayerNorm-layer_norm_65_grad] (stage_id:0) 
I1222 14:15:31.418045 79822 pipeline_buffer_pass.cpp:117] 
 Insert buffer op : [System-Pipeline-Buffer-Op_-base_model.m_stage0.encoder.layer.0.output.LayerNorm-layer_norm_65-inv_variance_0-stage_id_0](buffer_size:4) 
 from [base_model.m_stage0.encoder.layer.0.output.LayerNorm-layer_norm_65] (stage_id:0) -> [base_model.m_stage0.encoder.layer.0.output.LayerNorm-layer_norm_65_grad] (stage_id:0) 
I1222 14:15:31.418098 79822 pipeline_buffer_pass.cpp:117] 
 Insert buffer op : [System-Pipeline-Buffer-Op_-base_model.m_stage0.encoder.layer.0.output.dropout-dropout_63-mask_0-stage_id_0](buffer_size:4) 
 from [base_model.m_stage0.encoder.layer.0.output.dropout-dropout_63] (stage_id:0) -> [base_model.m_stage0.encoder.layer.0.output.dropout-dropout_63_grad] (stage_id:0) 
I1222 14:15:31.418184 79822 pipeline_buffer_pass.cpp:117] 
 Insert buffer op : [System-Pipeline-Buffer-Op_-base_model.m_stage0.encoder.layer.0.intermediate.intermediate_act_fn-gelu_60-out_0-stage_id_0](buffer_size:4) 
 from [base_model.m_stage0.encoder.layer.0.intermediate.intermediate_act_fn-gelu_60] (stage_id:0) -> [base_model.m_stage0.encoder.layer.0.output.dense-broadcast_matmul_61_b_grad] (stage_id:0) 
I1222 14:15:31.418717 79822 pipeline_buffer_pass.cpp:117] 
 Insert buffer op : [System-Pipeline-Buffer-Op_-base_model.m_stage0.encoder.layer.0.intermediate.dense-broadcast_add_59-z_0-stage_id_0](buffer_size:4) 
 from [base_model.m_stage0.encoder.layer.0.intermediate.dense-broadcast_add_59] (stage_id:0) -> [base_model.m_stage0.encoder.layer.0.intermediate.intermediate_act_fn-gelu_60_grad] (stage_id:0) 
I1222 14:15:31.418779 79822 pipeline_buffer_pass.cpp:117] 
 Insert buffer op : [System-Pipeline-Buffer-Op_-base_model.m_stage0.encoder.layer.0.attention.output.LayerNorm-layer_norm_57-y_0-stage_id_0](buffer_size:4) 
 from [base_model.m_stage0.encoder.layer.0.attention.output.LayerNorm-layer_norm_57] (stage_id:0) -> [base_model.m_stage0.encoder.layer.0.intermediate.dense-broadcast_matmul_58_b_grad] (stage_id:0) 
I1222 14:15:31.418840 79822 pipeline_buffer_pass.cpp:117] 
 Insert buffer op : [System-Pipeline-Buffer-Op_-base_model.m_stage0.encoder.layer.0.attention.output.LayerNorm-layer_norm_57-normalized_0-stage_id_0](buffer_size:4) 
 from [base_model.m_stage0.encoder.layer.0.attention.output.LayerNorm-layer_norm_57] (stage_id:0) -> [base_model.m_stage0.encoder.layer.0.attention.output.LayerNorm-layer_norm_57_param_grad] (stage_id:0) 
I1222 14:15:31.418896 79822 pipeline_buffer_pass.cpp:117] 
 Insert buffer op : [System-Pipeline-Buffer-Op_-base_model.m_stage0.encoder.layer.0.attention.output.LayerNorm-layer_norm_57-mean_0-stage_id_0](buffer_size:4) 
 from [base_model.m_stage0.encoder.layer.0.attention.output.LayerNorm-layer_norm_57] (stage_id:0) -> [base_model.m_stage0.encoder.layer.0.attention.output.LayerNorm-layer_norm_57_grad] (stage_id:0) 
I1222 14:15:31.418947 79822 pipeline_buffer_pass.cpp:117] 
 Insert buffer op : [System-Pipeline-Buffer-Op_-base_model.m_stage0.encoder.layer.0.attention.output.LayerNorm-layer_norm_57-inv_variance_0-stage_id_0](buffer_size:4) 
 from [base_model.m_stage0.encoder.layer.0.attention.output.LayerNorm-layer_norm_57] (stage_id:0) -> [base_model.m_stage0.encoder.layer.0.attention.output.LayerNorm-layer_norm_57_grad] (stage_id:0) 
I1222 14:15:31.418996 79822 pipeline_buffer_pass.cpp:117] 
 Insert buffer op : [System-Pipeline-Buffer-Op_-base_model.m_stage0.encoder.layer.0.attention.output-add_n_56-out_0-stage_id_0](buffer_size:4) 
 from [base_model.m_stage0.encoder.layer.0.attention.output-add_n_56] (stage_id:0) -> [base_model.m_stage0.encoder.layer.0.attention.output.LayerNorm-layer_norm_57_grad] (stage_id:0) 
I1222 14:15:31.419049 79822 pipeline_buffer_pass.cpp:117] 
 Insert buffer op : [System-Pipeline-Buffer-Op_-base_model.m_stage0.encoder.layer.0.attention.output.dropout-dropout_55-mask_0-stage_id_0](buffer_size:4) 
 from [base_model.m_stage0.encoder.layer.0.attention.output.dropout-dropout_55] (stage_id:0) -> [base_model.m_stage0.encoder.layer.0.attention.output.dropout-dropout_55_grad] (stage_id:0) 
I1222 14:15:31.419107 79822 pipeline_buffer_pass.cpp:117] 
 Insert buffer op : [System-Pipeline-Buffer-Op_-base_model.m_stage0.encoder.layer.0.attention.self-reshape_52-out_0-stage_id_0](buffer_size:4) 
 from [base_model.m_stage0.encoder.layer.0.attention.self-reshape_52] (stage_id:0) -> [base_model.m_stage0.encoder.layer.0.attention.output.dense-broadcast_matmul_53_b_grad] (stage_id:0) 
I1222 14:15:31.419165 79822 pipeline_buffer_pass.cpp:117] 
 Insert buffer op : [System-Pipeline-Buffer-Op_-base_model.m_stage0.encoder.layer.0.attention.self-transpose_43-output_0-stage_id_0](buffer_size:4) 
 from [base_model.m_stage0.encoder.layer.0.attention.self-transpose_43] (stage_id:0) -> [base_model.m_stage0.encoder.layer.0.attention.self-batch_matmul_50_grad_a] (stage_id:0) 
I1222 14:15:31.419248 79822 pipeline_buffer_pass.cpp:117] 
 Insert buffer op : [System-Pipeline-Buffer-Op_-base_model.m_stage0.encoder.layer.0.attention.self.dropout-dropout_49-out_0-stage_id_0](buffer_size:4) 
 from [base_model.m_stage0.encoder.layer.0.attention.self.dropout-dropout_49] (stage_id:0) -> [base_model.m_stage0.encoder.layer.0.attention.self-batch_matmul_50_grad_b] (stage_id:0) 
I1222 14:15:31.419773 79822 pipeline_buffer_pass.cpp:117] 
 Insert buffer op : [System-Pipeline-Buffer-Op_-base_model.m_stage0.encoder.layer.0.attention.self.dropout-dropout_49-mask_0-stage_id_0](buffer_size:4) 
 from [base_model.m_stage0.encoder.layer.0.attention.self.dropout-dropout_49] (stage_id:0) -> [base_model.m_stage0.encoder.layer.0.attention.self.dropout-dropout_49_grad] (stage_id:0) 
I1222 14:15:31.419836 79822 pipeline_buffer_pass.cpp:117] 
 Insert buffer op : [System-Pipeline-Buffer-Op_-base_model.m_stage0.encoder.layer.0.attention.self-softmax_48-out_0-stage_id_0](buffer_size:4) 
 from [base_model.m_stage0.encoder.layer.0.attention.self-softmax_48] (stage_id:0) -> [base_model.m_stage0.encoder.layer.0.attention.self-softmax_48_grad] (stage_id:0) 
I1222 14:15:31.419895 79822 pipeline_buffer_pass.cpp:117] 
 Insert buffer op : [System-Pipeline-Buffer-Op_-base_model.m_stage0.embeddings.dropout-dropout_25-out_0-stage_id_0](buffer_size:4) 
 from [base_model.m_stage0.embeddings.dropout-dropout_25] (stage_id:0) -> [base_model.m_stage0.encoder.layer.0.attention.self.value-broadcast_matmul_40_b_grad] (stage_id:0) 
I1222 14:15:31.419948 79822 pipeline_buffer_pass.cpp:117] 
 Insert buffer op : [System-Pipeline-Buffer-Op_-base_model.m_stage0.encoder.layer.0.attention.self-transpose_44-output_0-stage_id_0](buffer_size:4) 
 from [base_model.m_stage0.encoder.layer.0.attention.self-transpose_44] (stage_id:0) -> [base_model.m_stage0.encoder.layer.0.attention.self-batch_matmul_45_grad_a] (stage_id:0) 
I1222 14:15:31.420001 79822 pipeline_buffer_pass.cpp:117] 
 Insert buffer op : [System-Pipeline-Buffer-Op_-base_model.m_stage0.encoder.layer.0.attention.self-transpose_35-output_0-stage_id_0](buffer_size:4) 
 from [base_model.m_stage0.encoder.layer.0.attention.self-transpose_35] (stage_id:0) -> [base_model.m_stage0.encoder.layer.0.attention.self-batch_matmul_45_grad_b] (stage_id:0) 
I1222 14:15:31.420096 79822 pipeline_buffer_pass.cpp:117] 
 Insert buffer op : [System-Pipeline-Buffer-Op_-base_model.m_stage0.embeddings.dropout-dropout_25-mask_0-stage_id_0](buffer_size:4) 
 from [base_model.m_stage0.embeddings.dropout-dropout_25] (stage_id:0) -> [base_model.m_stage0.embeddings.dropout-dropout_25_grad] (stage_id:0) 
I1222 14:15:31.420154 79822 pipeline_buffer_pass.cpp:117] 
 Insert buffer op : [System-Pipeline-Buffer-Op_-base_model.m_stage0.embeddings.LayerNorm-layer_norm_24-normalized_0-stage_id_0](buffer_size:4) 
 from [base_model.m_stage0.embeddings.LayerNorm-layer_norm_24] (stage_id:0) -> [base_model.m_stage0.embeddings.LayerNorm-layer_norm_24_param_grad] (stage_id:0) 
I1222 14:15:31.420210 79822 pipeline_buffer_pass.cpp:117] 
 Insert buffer op : [System-Pipeline-Buffer-Op_-base_model.m_stage0.embeddings-broadcast_add_23-z_0-stage_id_0](buffer_size:4) 
 from [base_model.m_stage0.embeddings-broadcast_add_23] (stage_id:0) -> [base_model.m_stage0.embeddings.LayerNorm-layer_norm_24_grad] (stage_id:0) 
I1222 14:15:31.420265 79822 pipeline_buffer_pass.cpp:117] 
 Insert buffer op : [System-Pipeline-Buffer-Op_-base_model.m_stage0.embeddings.LayerNorm-layer_norm_24-mean_0-stage_id_0](buffer_size:4) 
 from [base_model.m_stage0.embeddings.LayerNorm-layer_norm_24] (stage_id:0) -> [base_model.m_stage0.embeddings.LayerNorm-layer_norm_24_grad] (stage_id:0) 
I1222 14:15:31.420311 79822 pipeline_buffer_pass.cpp:117] 
 Insert buffer op : [System-Pipeline-Buffer-Op_-base_model.m_stage0.embeddings.LayerNorm-layer_norm_24-inv_variance_0-stage_id_0](buffer_size:4) 
 from [base_model.m_stage0.embeddings.LayerNorm-layer_norm_24] (stage_id:0) -> [base_model.m_stage0.embeddings.LayerNorm-layer_norm_24_grad] (stage_id:0) 
I1222 14:15:31.420413 79822 pipeline_buffer_pass.cpp:117] 
 Insert buffer op : [System-Pipeline-Buffer-Op_-base_model.m_stage0.embeddings.position_embeddings-gather_20-out_0-stage_id_0](buffer_size:4) 
 from [base_model.m_stage0.embeddings.position_embeddings-gather_20] (stage_id:0) -> [base_model.m_stage0.embeddings-broadcast_add_23_y_grad_reduce_sum_like] (stage_id:0) 
I1222 14:15:31.420923 79822 pipeline_buffer_pass.cpp:117] 
 Insert buffer op : [System-Pipeline-Buffer-Op_-base_model.m_stage0.embeddings-slice_19-y_0-stage_id_0](buffer_size:4) 
 from [base_model.m_stage0.embeddings-slice_19] (stage_id:0) -> [base_model.m_stage0.embeddings.position_embeddings-gather_20_grad] (stage_id:0) 
I1222 14:15:31.420984 79822 pipeline_buffer_pass.cpp:117] 
 Insert buffer op : [System-Pipeline-Buffer-Op_-base_model-identity_15-out_0-stage_id_0](buffer_size:4) 
 from [base_model-identity_15] (stage_id:0) -> [base_model.m_stage0.embeddings.word_embeddings-gather_18_grad] (stage_id:0) 
I1222 14:15:31.421041 79822 pipeline_buffer_pass.cpp:117] 
 Insert buffer op : [System-Pipeline-Buffer-Op_-base_model-identity_16-out_0-stage_id_0](buffer_size:4) 
 from [base_model-identity_16] (stage_id:0) -> [base_model.m_stage0.embeddings.token_type_embeddings-gather_21_grad] (stage_id:0) 
I1222 14:15:31.421715 79822 pipeline_buffer_pass.cpp:117] 
 Insert buffer op : [System-Pipeline-Buffer-Op_-_train_data_loader-hierarchical_parallel_cast_8-out_0-stage_id_0](buffer_size:4) 
 from [_train_data_loader-hierarchical_parallel_cast_8] (stage_id:0) -> [base_model-identity_15] (stage_id:0) 
I1222 14:15:31.421794 79822 pipeline_buffer_pass.cpp:117] 
 Insert buffer op : [System-Pipeline-Buffer-Op_-_train_data_loader-hierarchical_parallel_cast_11-out_0-stage_id_0](buffer_size:4) 
 from [_train_data_loader-hierarchical_parallel_cast_11] (stage_id:0) -> [base_model-identity_16] (stage_id:0) 
I1222 14:15:31.421850 79822 pipeline_buffer_pass.cpp:117] 
 Insert buffer op : [System-Pipeline-Buffer-Op_-_train_data_loader-hierarchical_parallel_cast_10-out_0-stage_id_0](buffer_size:4) 
 from [_train_data_loader-hierarchical_parallel_cast_10] (stage_id:0) -> [base_model-identity_17] (stage_id:0) 
I1222 14:15:31.422437 79822 pipeline_buffer_pass.cpp:212] 
 Insert buffer op pair : src_buffer = <System-Pipeline-Buffer-Op_-base_model-identity_440-out_0>(buffer_size:1) , dst_buffer = <System-Pipeline-Buffer-Op_-base_model-identity_440-out_0-stage_id_1>(buffer_size:1) 
 from [base_model-identity_440] (stage_id:0) -> [base_model-identity_441] (stage_id:1) 
I1222 14:15:31.422498 79822 pipeline_buffer_pass.cpp:117] 
 Insert buffer op : [System-Pipeline-Buffer-Op_-_train_data_loader-hierarchical_parallel_cast_10-out_0-stage_id_1](buffer_size:4) 
 from [_train_data_loader-hierarchical_parallel_cast_10] (stage_id:0) -> [base_model-identity_442] (stage_id:1) 
I1222 14:15:31.423089 79822 pipeline_buffer_pass.cpp:117] 
 Insert buffer op : [System-Pipeline-Buffer-Op_-_train_data_loader-hierarchical_parallel_cast_9-out_0-stage_id_1](buffer_size:4) 
 from [_train_data_loader-hierarchical_parallel_cast_9] (stage_id:0) -> [reshape_872] (stage_id:1) 
I1222 14:15:31.423154 79822 pipeline_buffer_pass.cpp:117] 
 Insert buffer op : [System-Pipeline-Buffer-Op_-_train_data_loader-hierarchical_parallel_cast_13-out_0-stage_id_1](buffer_size:4) 
 from [_train_data_loader-hierarchical_parallel_cast_13] (stage_id:0) -> [expand_dims_880] (stage_id:1) 
I1222 14:15:31.423210 79822 pipeline_buffer_pass.cpp:117] 
 Insert buffer op : [System-Pipeline-Buffer-Op_-_train_data_loader-hierarchical_parallel_cast_12-out_0-stage_id_1](buffer_size:4) 
 from [_train_data_loader-hierarchical_parallel_cast_12] (stage_id:0) -> [reshape_884] (stage_id:1) 
I1222 14:15:31.423267 79822 pipeline_buffer_pass.cpp:117] 
 Insert buffer op : [System-Pipeline-Buffer-Op_-_train_data_loader-hierarchical_parallel_cast_14-out_0-stage_id_1](buffer_size:4) 
 from [_train_data_loader-hierarchical_parallel_cast_14] (stage_id:0) -> [multiply_891] (stage_id:1) 
I1222 14:15:31.424669 79822 pipeline_buffer_pass.cpp:212] 
 Insert buffer op pair : src_buffer = <System-Pipeline-Buffer-Op_-base_model-identity_441_grad-out_0>(buffer_size:1) , dst_buffer = <System-Pipeline-Buffer-Op_-base_model-identity_441_grad-out_0-stage_id_0>(buffer_size:1) 
 from [base_model-identity_441_grad] (stage_id:1) -> [base_model-identity_440_grad] (stage_id:0) 
I1222 14:15:32.438125 79822 global.h:43] DeleteGlobal N7oneflow7JobDescE
I1222 14:15:33.584959 79822 global.h:36] NewGlobal N7oneflow7JobDescE
I1222 14:15:46.170361 79822 global.h:36] NewGlobal N7oneflow7OpGraphE
I1222 14:15:49.430572 79822 global.h:43] DeleteGlobal N7oneflow7OpGraphE
I1222 14:15:49.794340 79822 nn_graph.cpp:267] 
job_id: 0 , job_name: PipelineGraph_0 , compile time: 16.2091 seconds.
I1222 14:15:49.895308 79822 plan_util.cpp:927]  Plan: PipelineGraph_0 needs to allocate [ 9655.92 MiB ] device memory in Rank: 3 , Device: 1
I1222 14:15:49.895409 79822 plan_util.cpp:927]  Plan: PipelineGraph_0 needs to allocate [ 9655.92 MiB ] device memory in Rank: 1 , Device: 1
I1222 14:15:49.895427 79822 plan_util.cpp:927]  Plan: PipelineGraph_0 needs to allocate [ 19041.8 MiB ] device memory in Rank: 0 , Device: 0
I1222 14:15:49.895443 79822 plan_util.cpp:927]  Plan: PipelineGraph_0 needs to allocate [ 19041.8 MiB ] device memory in Rank: 2 , Device: 0
I1222 14:15:51.098197 79822 runtime_context.cpp:21] NewCounter constructing_actor_cnt 3318
I1222 14:15:51.099577 80292 naive_actor.cpp:25] actor 2199023258565 switch to &NaiveActor::HandlerNormal
I1222 14:15:51.099587 80355 naive_actor.cpp:25] actor 1099582930944 switch to &NaiveActor::HandlerNormal
I1222 14:15:51.099644 80292 thread.cpp:99] Thread 1048576 construct Actor kDeviceTick 2199023258565
I1222 14:15:51.099740 80355 thread.cpp:99] Thread 524322 construct Actor kDeviceTick 1099582930944
I1222 14:15:51.099982 80292 runtime_context.cpp:29] DecreaseCounter constructing_actor_cnt, current val is 3317
I1222 14:15:51.099943 80353 wait_and_send_ids_actor.cpp:53] actor 1099647942656 switch to &WaitAndSendIdsActor::HandlerWaitToStart
I1222 14:15:51.100045 80355 runtime_context.cpp:29] DecreaseCounter constructing_actor_cnt, current val is 3316
I1222 14:15:51.100160 80292 naive_actor.cpp:25] actor 2199023258562 switch to &NaiveActor::HandlerNormal
I1222 14:15:51.100250 80292 thread.cpp:99] Thread 1048576 construct Actor kDeviceTick 2199023258562
I1222 14:15:51.100162 80353 thread.cpp:99] Thread 524353 construct Actor kWaitAndSendIds 1099647942656
I1222 14:15:51.100312 80292 runtime_context.cpp:29] DecreaseCounter constructing_actor_cnt, current val is 3315
I1222 14:15:51.100435 80353 runtime_context.cpp:29] DecreaseCounter constructing_actor_cnt, current val is 3314
I1222 14:15:51.252192 80338 naive_actor.cpp:25] actor 2199029547008 switch to &NaiveActor::HandlerNormal
I1222 14:15:51.252686 80338 thread.cpp:99] Thread 1048579 construct Actor kCopyHd 2199029547008
I1222 14:15:51.252975 80328 naive_actor.cpp:25] actor 2199025352749 switch to &NaiveActor::HandlerNormal
I1222 14:15:51.253118 80338 runtime_context.cpp:29] DecreaseCounter constructing_actor_cnt, current val is 3313
I1222 14:15:51.253129 80367 naive_actor.cpp:25] actor 2199027449858 switch to &NaiveActor::HandlerNormal
I1222 14:15:51.253213 80348 naive_actor.cpp:25] actor 1099629068288 switch to &NaiveActor::HandlerNormal
I1222 14:15:51.253351 80328 thread.cpp:99] Thread 1048577 construct Actor kCollectiveBoxingGeneric 2199025352749
I1222 14:15:51.253763 80349 naive_actor.cpp:25] actor 1099639554048 switch to &NaiveActor::HandlerNormal
I1222 14:15:51.254120 80367 thread.cpp:99] Thread 1048578 construct Actor kCopyHd 2199027449858
I1222 14:15:51.254500 80348 thread.cpp:99] Thread 524344 construct Actor kSliceBoxing 1099629068288
I1222 14:15:51.254654 80328 runtime_context.cpp:29] DecreaseCounter constructing_actor_cnt, current val is 3312
I1222 14:15:51.254963 80350 copy_comm_net_actor.cpp:66] actor 1099656331269 switch to &CopyCommNetActor::HandlerNormal
I1222 14:15:51.254736 80349 thread.cpp:99] Thread 524349 construct Actor kSliceBoxing 1099639554048
I1222 14:15:51.254755 80346 naive_actor.cpp:25] actor 1099637456896 switch to &NaiveActor::HandlerNormal
I1222 14:15:51.255694 80349 runtime_context.cpp:29] DecreaseCounter constructing_actor_cnt, current val is 3309
I1222 14:15:51.254812 80354 naive_actor.cpp:25] actor 1099608096768 switch to &NaiveActor::HandlerNormal
I1222 14:15:51.254845 80352 naive_actor.cpp:25] actor 1099595513856 switch to &NaiveActor::HandlerNormal
I1222 14:15:51.254856 80367 runtime_context.cpp:29] DecreaseCounter constructing_actor_cnt, current val is 3311
I1222 14:15:51.254875 80359 naive_actor.cpp:25] actor 1099635359744 switch to &NaiveActor::HandlerNormal
I1222 14:15:51.256011 80310 naive_actor.cpp:25] actor 1099555667968 switch to &NaiveActor::HandlerNormal
I1222 14:15:51.254962 80339 naive_actor.cpp:25] actor 1099645845510 switch to &NaiveActor::HandlerNormal
I1222 14:15:51.254985 80334 naive_actor.cpp:25] actor 1099605999616 switch to &NaiveActor::HandlerNormal
I1222 14:15:51.254983 80348 runtime_context.cpp:29] DecreaseCounter constructing_actor_cnt, current val is 3310
I1222 14:15:51.254654 80292 naive_actor.cpp:25] actor 2199023255556 switch to &NaiveActor::HandlerNormal
I1222 14:15:51.255151 80350 thread.cpp:99] Thread 524357 construct Actor kCopyCommNet 1099656331269
I1222 14:15:51.255283 80329 naive_actor.cpp:25] actor 1099614388224 switch to &NaiveActor::HandlerNormal
I1222 14:15:51.255313 80363 naive_actor.cpp:25] actor 1099622776832 switch to &NaiveActor::HandlerNormal
I1222 14:15:51.255410 80351 naive_actor.cpp:25] actor 1099633262592 switch to &NaiveActor::HandlerNormal
I1222 14:15:51.255460 80358 naive_actor.cpp:25] actor 1099593416704 switch to &NaiveActor::HandlerNormal
I1222 14:15:51.255478 80356 naive_actor.cpp:25] actor 1099589222400 switch to &NaiveActor::HandlerNormal
I1222 14:15:51.255578 80335 naive_actor.cpp:25] actor 1099631165440 switch to &NaiveActor::HandlerNormal
I1222 14:15:51.255636 80308 repeat_actor.cpp:69] actor 1099545182208 switch to &RepeatActor::HandlerNormal
I1222 14:15:51.254810 80347 naive_actor.cpp:25] actor 1099601805312 switch to &NaiveActor::HandlerNormal
I1222 14:15:51.255712 80346 thread.cpp:99] Thread 524348 construct Actor kSliceBoxing 1099637456896
I1222 14:15:51.255844 80354 thread.cpp:99] Thread 524334 construct Actor kSliceBoxing 1099608096768
I1222 14:15:51.255834 80323 naive_actor.cpp:25] actor 1099572445184 switch to &NaiveActor::HandlerNormal
I1222 14:15:51.258445 80321 naive_actor.cpp:25] actor 1099574542336 switch to &NaiveActor::HandlerNormal
I1222 14:15:51.258601 80316 naive_actor.cpp:25] actor 1099568250880 switch to &NaiveActor::HandlerNormal
I1222 14:15:51.256011 80338 naive_actor.cpp:25] actor 2199029547013 switch to &NaiveActor::HandlerNormal
I1222 14:15:51.256048 80359 thread.cpp:99] Thread 524347 construct Actor kSliceBoxing 1099635359744
I1222 14:15:51.254865 80307 naive_actor.cpp:25] actor 1099543085056 switch to &NaiveActor::HandlerNormal
I1222 14:15:51.256124 80361 naive_actor.cpp:25] actor 1099610193920 switch to &NaiveActor::HandlerNormal
I1222 14:15:51.256150 80310 thread.cpp:99] Thread 524309 construct Actor kNormalForward 1099555667968
I1222 14:15:51.256160 80324 naive_actor.cpp:25] actor 1099576639488 switch to &NaiveActor::HandlerNormal
I1222 14:15:51.256181 80362 naive_actor.cpp:25] actor 1099641651200 switch to &NaiveActor::HandlerNormal
I1222 14:15:51.256312 80339 thread.cpp:99] Thread 524352 construct Actor kSrcSubsetTick 1099645845510
I1222 14:15:51.256345 80360 naive_actor.cpp:25] actor 1099618582528 switch to &NaiveActor::HandlerNormal
I1222 14:15:51.256404 80334 thread.cpp:99] Thread 524333 construct Actor kSliceBoxing 1099605999616
I1222 14:15:51.256491 80357 naive_actor.cpp:25] actor 1099620679680 switch to &NaiveActor::HandlerNormal
I1222 14:15:51.259560 80334 runtime_context.cpp:29] DecreaseCounter constructing_actor_cnt, current val is 3302
I1222 14:15:51.256536 80364 naive_actor.cpp:25] actor 1099591319552 switch to &NaiveActor::HandlerNormal
I1222 14:15:51.256562 80292 thread.cpp:99] Thread 1048576 construct Actor kNormalForward 2199023255556
I1222 14:15:51.256662 80350 runtime_context.cpp:29] DecreaseCounter constructing_actor_cnt, current val is 3308
I1222 14:15:51.256690 80365 naive_actor.cpp:25] actor 1099643748352 switch to &NaiveActor::HandlerNormal
I1222 14:15:51.256711 80306 naive_actor.cpp:25] actor 1099524210688 switch to &NaiveActor::HandlerNormal
I1222 14:15:51.256767 80329 thread.cpp:99] Thread 524337 construct Actor kSliceBoxing 1099614388224
I1222 14:15:51.256812 80336 sink_actor.cpp:21] actor 1099650039808 switch to &SinkActor::HandlerNormal
I1222 14:15:51.256850 80326 naive_actor.cpp:25] actor 1099626971136 switch to &NaiveActor::HandlerNormal
I1222 14:15:51.256863 80314 naive_actor.cpp:25] actor 1099549376512 switch to &NaiveActor::HandlerNormal
I1222 14:15:51.256980 80311 naive_actor.cpp:25] actor 1099557765120 switch to &NaiveActor::HandlerNormal
I1222 14:15:51.256994 80363 thread.cpp:99] Thread 524341 construct Actor kSliceBoxing 1099622776832
I1222 14:15:51.257055 80299 naive_actor.cpp:25] actor 1099532599296 switch to &NaiveActor::HandlerNormal
I1222 14:15:51.257081 80317 naive_actor.cpp:25] actor 1099570348032 switch to &NaiveActor::HandlerNormal
I1222 14:15:51.257097 80333 naive_actor.cpp:25] actor 1099597611008 switch to &NaiveActor::HandlerNormal
I1222 14:15:51.257158 80351 thread.cpp:99] Thread 524346 construct Actor kSliceBoxing 1099633262592
I1222 14:15:51.257254 80312 naive_actor.cpp:25] actor 1099547279360 switch to &NaiveActor::HandlerNormal
I1222 14:15:51.257323 80358 thread.cpp:99] Thread 524327 construct Actor kSliceBoxing 1099593416704
I1222 14:15:51.257309 80340 naive_actor.cpp:25] actor 1099612291072 switch to &NaiveActor::HandlerNormal
I1222 14:15:51.257432 80320 naive_actor.cpp:25] actor 1099564056576 switch to &NaiveActor::HandlerNormal
I1222 14:15:51.257477 80356 thread.cpp:99] Thread 524325 construct Actor kSliceBoxing 1099589222400
I1222 14:15:51.257478 80331 naive_actor.cpp:25] actor 1099603902464 switch to &NaiveActor::HandlerNormal
I1222 14:15:51.257607 80332 naive_actor.cpp:25] actor 1099580833792 switch to &NaiveActor::HandlerNormal
I1222 14:15:51.257666 80335 thread.cpp:99] Thread 524345 construct Actor kSliceBoxing 1099631165440
I1222 14:15:51.257835 80308 thread.cpp:99] Thread 524304 construct Actor kRepeat 1099545182208
I1222 14:15:51.257848 80343 naive_actor.cpp:25] actor 1099624873984 switch to &NaiveActor::HandlerNormal
I1222 14:15:51.257894 80342 naive_actor.cpp:25] actor 1099599708160 switch to &NaiveActor::HandlerNormal
I1222 14:15:51.262290 80342 thread.cpp:99] Thread 524330 construct Actor kSliceBoxing 1099599708160
I1222 14:15:51.257982 80319 naive_actor.cpp:25] actor 1099559862272 switch to &NaiveActor::HandlerNormal
I1222 14:15:51.258024 80347 thread.cpp:99] Thread 524331 construct Actor kSliceBoxing 1099601805312
I1222 14:15:51.258093 80313 naive_actor.cpp:25] actor 1099551473664 switch to &NaiveActor::HandlerNormal
I1222 14:15:51.258177 80296 naive_actor.cpp:25] actor 1099538890752 switch to &NaiveActor::HandlerNormal
I1222 14:15:51.258245 80346 runtime_context.cpp:29] DecreaseCounter constructing_actor_cnt, current val is 3307
I1222 14:15:51.258338 80354 runtime_context.cpp:29] DecreaseCounter constructing_actor_cnt, current val is 3306
I1222 14:15:51.258342 80315 naive_actor.cpp:25] actor 1099561959424 switch to &NaiveActor::HandlerNormal
I1222 14:15:51.258409 80303 naive_actor.cpp:25] actor 1099513724928 switch to &NaiveActor::HandlerNormal
I1222 14:15:51.255836 80345 naive_actor.cpp:25] actor 1099616485376 switch to &NaiveActor::HandlerNormal
I1222 14:15:51.258446 80302 naive_actor.cpp:25] actor 1099530502144 switch to &NaiveActor::HandlerNormal
I1222 14:15:51.258462 80323 thread.cpp:99] Thread 524317 construct Actor kNormalForward 1099572445184
I1222 14:15:51.258503 80297 naive_actor.cpp:25] actor 1099522113536 switch to &NaiveActor::HandlerNormal
I1222 14:15:51.258565 80341 naive_actor.cpp:25] actor 1099654234112 switch to &NaiveActor::HandlerNormal
I1222 14:15:51.255911 80352 thread.cpp:99] Thread 524328 construct Actor kSliceBoxing 1099595513856
I1222 14:15:51.258616 80321 thread.cpp:99] Thread 524318 construct Actor kNormalForward 1099574542336
I1222 14:15:51.258666 80367 naive_actor.cpp:25] actor 2199027449856 switch to &NaiveActor::HandlerNormal
I1222 14:15:51.258724 80316 thread.cpp:99] Thread 524315 construct Actor kNormalForward 1099568250880
I1222 14:15:51.258724 80344 naive_actor.cpp:25] actor 1099587125248 switch to &NaiveActor::HandlerNormal
I1222 14:15:51.264055 80316 runtime_context.cpp:29] DecreaseCounter constructing_actor_cnt, current val is 3288
I1222 14:15:51.258762 80322 naive_actor.cpp:25] actor 1099578736640 switch to &NaiveActor::HandlerNormal
I1222 14:15:51.258808 80330 naive_actor.cpp:25] actor 1099585028096 switch to &NaiveActor::HandlerNormal
I1222 14:15:51.258854 80338 thread.cpp:99] Thread 1048579 construct Actor kCopyHd 2199029547013
I1222 14:15:51.258855 80325 naive_actor.cpp:25] actor 1099652136960 switch to &NaiveActor::HandlerNormal
I1222 14:15:51.259003 80289 naive_actor.cpp:25] actor 1099534696448 switch to &NaiveActor::HandlerNormal
I1222 14:15:51.259013 80307 thread.cpp:99] Thread 524303 construct Actor kDeviceTick 1099543085056
I1222 14:15:51.259021 80359 runtime_context.cpp:29] DecreaseCounter constructing_actor_cnt, current val is 3305
I1222 14:15:51.259049 80361 thread.cpp:99] Thread 524335 construct Actor kSliceBoxing 1099610193920
I1222 14:15:51.259063 80300 naive_actor.cpp:25] actor 1099520016384 switch to &NaiveActor::HandlerNormal
I1222 14:15:51.264770 80361 runtime_context.cpp:29] DecreaseCounter constructing_actor_cnt, current val is 3285
I1222 14:15:51.259089 80301 naive_actor.cpp:25] actor 1099528404992 switch to &NaiveActor::HandlerNormal
I1222 14:15:51.259095 80294 naive_actor.cpp:25] actor 1099517919232 switch to &NaiveActor::HandlerNormal
I1222 14:15:51.259119 80295 naive_actor.cpp:25] actor 1099526307840 switch to &NaiveActor::HandlerNormal
I1222 14:15:51.259155 80293 naive_actor.cpp:25] actor 1099515822080 switch to &NaiveActor::HandlerNormal
I1222 14:15:51.259176 80309 naive_actor.cpp:25] actor 1099553570816 switch to &NaiveActor::HandlerNormal
I1222 14:15:51.259207 80324 thread.cpp:99] Thread 524319 construct Actor kNormalForward 1099576639488
I1222 14:15:51.259215 80310 runtime_context.cpp:29] DecreaseCounter constructing_actor_cnt, current val is 3304
I1222 14:15:51.259306 80362 thread.cpp:99] Thread 524350 construct Actor kSliceBoxing 1099641651200
I1222 14:15:51.259465 80339 runtime_context.cpp:29] DecreaseCounter constructing_actor_cnt, current val is 3303
I1222 14:15:51.259469 80360 thread.cpp:99] Thread 524339 construct Actor kSliceBoxing 1099618582528
I1222 14:15:51.256506 80305 naive_actor.cpp:25] actor 1099540987904 switch to &NaiveActor::HandlerNormal
I1222 14:15:51.259568 80357 thread.cpp:99] Thread 524340 construct Actor kSliceBoxing 1099620679680
I1222 14:15:51.259719 80364 thread.cpp:99] Thread 524326 construct Actor kSliceBoxing 1099591319552
I1222 14:15:51.265831 80357 runtime_context.cpp:29] DecreaseCounter constructing_actor_cnt, current val is 3281
I1222 14:15:51.260495 80365 thread.cpp:99] Thread 524351 construct Actor kSliceBoxing 1099643748352
I1222 14:15:51.260526 80350 copy_comm_net_actor.cpp:66] actor 1099656331266 switch to &CopyCommNetActor::HandlerNormal
I1222 14:15:51.260550 80306 thread.cpp:99] Thread 524294 construct Actor kNormalForward 1099524210688
I1222 14:15:51.260704 80329 runtime_context.cpp:29] DecreaseCounter constructing_actor_cnt, current val is 3300
I1222 14:15:51.260722 80336 thread.cpp:99] Thread 524354 construct Actor kCallbackNotify 1099650039808
I1222 14:15:51.260813 80326 thread.cpp:99] Thread 524343 construct Actor kSliceBoxing 1099626971136
I1222 14:15:51.260886 80314 thread.cpp:99] Thread 524306 construct Actor kNormalForward 1099549376512
I1222 14:15:51.260958 80311 thread.cpp:99] Thread 524310 construct Actor kNormalForward 1099557765120
I1222 14:15:51.261058 80363 runtime_context.cpp:29] DecreaseCounter constructing_actor_cnt, current val is 3299
I1222 14:15:51.261116 80299 thread.cpp:99] Thread 524298 construct Actor kNormalForward 1099532599296
I1222 14:15:51.261168 80317 thread.cpp:99] Thread 524316 construct Actor kNormalForward 1099570348032
I1222 14:15:51.261240 80333 thread.cpp:99] Thread 524329 construct Actor kSliceBoxing 1099597611008
I1222 14:15:51.261320 80351 runtime_context.cpp:29] DecreaseCounter constructing_actor_cnt, current val is 3298
I1222 14:15:51.267282 80317 runtime_context.cpp:29] DecreaseCounter constructing_actor_cnt, current val is 3271
I1222 14:15:51.261456 80358 runtime_context.cpp:29] DecreaseCounter constructing_actor_cnt, current val is 3297
I1222 14:15:51.261560 80340 thread.cpp:99] Thread 524336 construct Actor kSliceBoxing 1099612291072
I1222 14:15:51.261688 80320 thread.cpp:99] Thread 524313 construct Actor kNormalForward 1099564056576
I1222 14:15:51.261775 80356 runtime_context.cpp:29] DecreaseCounter constructing_actor_cnt, current val is 3296
I1222 14:15:51.267588 80320 runtime_context.cpp:29] DecreaseCounter constructing_actor_cnt, current val is 3269
I1222 14:15:51.261998 80332 thread.cpp:99] Thread 524321 construct Actor kDeviceTick 1099580833792
I1222 14:15:51.262127 80335 runtime_context.cpp:29] DecreaseCounter constructing_actor_cnt, current val is 3295
I1222 14:15:51.267845 80332 runtime_context.cpp:29] DecreaseCounter constructing_actor_cnt, current val is 3268
I1222 14:15:51.262251 80308 runtime_context.cpp:29] DecreaseCounter constructing_actor_cnt, current val is 3294
I1222 14:15:51.257956 80328 naive_actor.cpp:25] actor 2199025352769 switch to &NaiveActor::HandlerNormal
I1222 14:15:51.262356 80342 runtime_context.cpp:29] DecreaseCounter constructing_actor_cnt, current val is 3293
I1222 14:15:51.262495 80319 thread.cpp:99] Thread 524311 construct Actor kNormalForward 1099559862272
I1222 14:15:51.262564 80347 runtime_context.cpp:29] DecreaseCounter constructing_actor_cnt, current val is 3292
I1222 14:15:51.262624 80313 thread.cpp:99] Thread 524307 construct Actor kNormalForward 1099551473664
I1222 14:15:51.262684 80296 thread.cpp:99] Thread 524301 construct Actor kNormalForward 1099538890752
I1222 14:15:51.262841 80315 thread.cpp:99] Thread 524312 construct Actor kNormalForward 1099561959424
I1222 14:15:51.262917 80303 thread.cpp:99] Thread 524289 construct Actor kNormalForward 1099513724928
I1222 14:15:51.262960 80345 thread.cpp:99] Thread 524338 construct Actor kSliceBoxing 1099616485376
I1222 14:15:51.263031 80302 thread.cpp:99] Thread 524297 construct Actor kNormalForward 1099530502144
I1222 14:15:51.263116 80297 thread.cpp:99] Thread 524293 construct Actor kNormalForward 1099522113536
I1222 14:15:51.263116 80323 runtime_context.cpp:29] DecreaseCounter constructing_actor_cnt, current val is 3291
I1222 14:15:51.263211 80341 thread.cpp:99] Thread 524356 construct Actor kCriticalSectionWaitTick 1099654234112
I1222 14:15:51.263401 80352 runtime_context.cpp:29] DecreaseCounter constructing_actor_cnt, current val is 3290
I1222 14:15:51.263947 80321 runtime_context.cpp:29] DecreaseCounter constructing_actor_cnt, current val is 3289
I1222 14:15:51.263974 80367 thread.cpp:99] Thread 1048578 construct Actor kCopyHd 2199027449856
I1222 14:15:51.258759 80298 naive_actor.cpp:25] actor 1099536793600 switch to &NaiveActor::HandlerNormal
I1222 14:15:51.264063 80344 thread.cpp:99] Thread 524324 construct Actor kNormalForward 1099587125248
I1222 14:15:51.264163 80322 thread.cpp:99] Thread 524320 construct Actor kNormalForward 1099578736640
I1222 14:15:51.264218 80330 thread.cpp:99] Thread 524323 construct Actor kNormalForward 1099585028096
I1222 14:15:51.264336 80338 runtime_context.cpp:29] DecreaseCounter constructing_actor_cnt, current val is 3287
I1222 14:15:51.264400 80325 thread.cpp:99] Thread 524355 construct Actor kCriticalSectionWaitTick 1099652136960
I1222 14:15:51.264492 80289 thread.cpp:99] Thread 524299 construct Actor kNormalForward 1099534696448
I1222 14:15:51.264569 80307 runtime_context.cpp:29] DecreaseCounter constructing_actor_cnt, current val is 3286
I1222 14:15:51.259083 80318 naive_actor.cpp:25] actor 1099566153728 switch to &NaiveActor::HandlerNormal
I1222 14:15:51.264780 80300 thread.cpp:99] Thread 524292 construct Actor kNormalForward 1099520016384
I1222 14:15:51.264922 80301 thread.cpp:99] Thread 524296 construct Actor kNormalForward 1099528404992
I1222 14:15:51.265007 80294 thread.cpp:99] Thread 524291 construct Actor kNormalForward 1099517919232
I1222 14:15:51.265076 80295 thread.cpp:99] Thread 524295 construct Actor kNormalForward 1099526307840
I1222 14:15:51.265136 80293 thread.cpp:99] Thread 524290 construct Actor kNormalForward 1099515822080
I1222 14:15:51.265257 80309 thread.cpp:99] Thread 524308 construct Actor kNormalForward 1099553570816
I1222 14:15:51.265369 80324 runtime_context.cpp:29] DecreaseCounter constructing_actor_cnt, current val is 3284
I1222 14:15:51.270457 80309 runtime_context.cpp:29] DecreaseCounter constructing_actor_cnt, current val is 3247
I1222 14:15:51.265496 80362 runtime_context.cpp:29] DecreaseCounter constructing_actor_cnt, current val is 3283
I1222 14:15:51.265684 80360 runtime_context.cpp:29] DecreaseCounter constructing_actor_cnt, current val is 3282
I1222 14:15:51.265705 80305 thread.cpp:99] Thread 524302 construct Actor kNormalForward 1099540987904
I1222 14:15:51.260349 80292 runtime_context.cpp:29] DecreaseCounter constructing_actor_cnt, current val is 3301
I1222 14:15:51.270726 80305 runtime_context.cpp:29] DecreaseCounter constructing_actor_cnt, current val is 3246
I1222 14:15:51.266091 80365 runtime_context.cpp:29] DecreaseCounter constructing_actor_cnt, current val is 3279
I1222 14:15:51.266093 80350 thread.cpp:99] Thread 524357 construct Actor kCopyCommNet 1099656331266
I1222 14:15:51.266204 80306 runtime_context.cpp:29] DecreaseCounter constructing_actor_cnt, current val is 3278
I1222 14:15:51.266333 80336 runtime_context.cpp:29] DecreaseCounter constructing_actor_cnt, current val is 3277
I1222 14:15:51.266448 80326 runtime_context.cpp:29] DecreaseCounter constructing_actor_cnt, current val is 3276
I1222 14:15:51.266577 80311 runtime_context.cpp:29] DecreaseCounter constructing_actor_cnt, current val is 3275
I1222 14:15:51.266582 80314 runtime_context.cpp:29] DecreaseCounter constructing_actor_cnt, current val is 3274
I1222 14:15:51.266646 80339 naive_actor.cpp:25] actor 1099645845506 switch to &NaiveActor::HandlerNormal
I1222 14:15:51.266728 80299 runtime_context.cpp:29] DecreaseCounter constructing_actor_cnt, current val is 3273
I1222 14:15:51.267268 80333 runtime_context.cpp:29] DecreaseCounter constructing_actor_cnt, current val is 3272
I1222 14:15:51.261339 80312 thread.cpp:99] Thread 524305 construct Actor kNormalForward 1099547279360
I1222 14:15:51.267510 80340 runtime_context.cpp:29] DecreaseCounter constructing_actor_cnt, current val is 3270
I1222 14:15:51.261875 80331 thread.cpp:99] Thread 524332 construct Actor kSliceBoxing 1099603902464
I1222 14:15:51.262231 80343 thread.cpp:99] Thread 524342 construct Actor kSliceBoxing 1099624873984
I1222 14:15:51.268019 80328 thread.cpp:99] Thread 1048577 construct Actor kCollectiveBoxingGeneric 2199025352769
I1222 14:15:51.268196 80319 runtime_context.cpp:29] DecreaseCounter constructing_actor_cnt, current val is 3267
I1222 14:15:51.268224 80313 runtime_context.cpp:29] DecreaseCounter constructing_actor_cnt, current val is 3266
I1222 14:15:51.268244 80296 runtime_context.cpp:29] DecreaseCounter constructing_actor_cnt, current val is 3265
I1222 14:15:51.268262 80315 runtime_context.cpp:29] DecreaseCounter constructing_actor_cnt, current val is 3264
I1222 14:15:51.268313 80345 runtime_context.cpp:29] DecreaseCounter constructing_actor_cnt, current val is 3263
I1222 14:15:51.268326 80303 runtime_context.cpp:29] DecreaseCounter constructing_actor_cnt, current val is 3262
I1222 14:15:51.268368 80302 runtime_context.cpp:29] DecreaseCounter constructing_actor_cnt, current val is 3261
I1222 14:15:51.268389 80297 runtime_context.cpp:29] DecreaseCounter constructing_actor_cnt, current val is 3260
I1222 14:15:51.268487 80341 runtime_context.cpp:29] DecreaseCounter constructing_actor_cnt, current val is 3259
I1222 14:15:51.268666 80367 runtime_context.cpp:29] DecreaseCounter constructing_actor_cnt, current val is 3258
I1222 14:15:51.268720 80298 thread.cpp:99] Thread 524300 construct Actor kNormalForward 1099536793600
I1222 14:15:51.268792 80344 runtime_context.cpp:29] DecreaseCounter constructing_actor_cnt, current val is 3257
I1222 14:15:51.269168 80322 runtime_context.cpp:29] DecreaseCounter constructing_actor_cnt, current val is 3256
I1222 14:15:51.269193 80330 runtime_context.cpp:29] DecreaseCounter constructing_actor_cnt, current val is 3255
I1222 14:15:51.269409 80325 runtime_context.cpp:29] DecreaseCounter constructing_actor_cnt, current val is 3254
I1222 14:15:51.269413 80338 naive_actor.cpp:25] actor 2199029547011 switch to &NaiveActor::HandlerNormal
I1222 14:15:51.269484 80289 runtime_context.cpp:29] DecreaseCounter constructing_actor_cnt, current val is 3253
I1222 14:15:51.269573 80318 thread.cpp:99] Thread 524314 construct Actor kNormalForward 1099566153728
I1222 14:15:51.270160 80300 runtime_context.cpp:29] DecreaseCounter constructing_actor_cnt, current val is 3252
I1222 14:15:51.270220 80301 runtime_context.cpp:29] DecreaseCounter constructing_actor_cnt, current val is 3251
I1222 14:15:51.270325 80294 runtime_context.cpp:29] DecreaseCounter constructing_actor_cnt, current val is 3250
I1222 14:15:51.270342 80295 runtime_context.cpp:29] DecreaseCounter constructing_actor_cnt, current val is 3249
I1222 14:15:51.270366 80293 runtime_context.cpp:29] DecreaseCounter constructing_actor_cnt, current val is 3248
I1222 14:15:51.265383 80304 naive_actor.cpp:25] actor 1099511627776 switch to &NaiveActor::HandlerNormal
I1222 14:15:51.265864 80364 runtime_context.cpp:29] DecreaseCounter constructing_actor_cnt, current val is 3280
I1222 14:15:51.270964 80350 runtime_context.cpp:29] DecreaseCounter constructing_actor_cnt, current val is 3245
I1222 14:15:51.271100 80292 naive_actor.cpp:25] actor 2199023255565 switch to &NaiveActor::HandlerNormal
I1222 14:15:51.271385 80339 thread.cpp:99] Thread 524352 construct Actor kDstSubsetTick 1099645845506
I1222 14:15:51.271585 80312 runtime_context.cpp:29] DecreaseCounter constructing_actor_cnt, current val is 3244
I1222 14:15:51.271685 80331 runtime_context.cpp:29] DecreaseCounter constructing_actor_cnt, current val is 3243
I1222 14:15:51.274036 80339 runtime_context.cpp:29] DecreaseCounter constructing_actor_cnt, current val is 3238
I1222 14:15:51.271795 80328 runtime_context.cpp:29] DecreaseCounter constructing_actor_cnt, current val is 3241
I1222 14:15:51.272503 80367 naive_actor.cpp:25] actor 2199027449857 switch to &NaiveActor::HandlerNormal
I1222 14:15:51.272842 80298 runtime_context.cpp:29] DecreaseCounter constructing_actor_cnt, current val is 3240
I1222 14:15:51.272980 80338 thread.cpp:99] Thread 1048579 construct Actor kCopyHd 2199029547011
I1222 14:15:51.273149 80318 runtime_context.cpp:29] DecreaseCounter constructing_actor_cnt, current val is 3239
I1222 14:15:51.273586 80304 thread.cpp:99] Thread 524288 construct Actor kNormalForward 1099511627776
I1222 14:15:51.273836 80350 copy_comm_net_actor.cpp:66] actor 1099656331267 switch to &CopyCommNetActor::HandlerNormal
I1222 14:15:51.273859 80292 thread.cpp:99] Thread 1048576 construct Actor kNormalForward 2199023255565
I1222 14:15:51.271699 80343 runtime_context.cpp:29] DecreaseCounter constructing_actor_cnt, current val is 3242
I1222 14:15:51.274242 80367 thread.cpp:99] Thread 1048578 construct Actor kCopyHd 2199027449857
I1222 14:15:51.274403 80338 runtime_context.cpp:29] DecreaseCounter constructing_actor_cnt, current val is 3237
I1222 14:15:51.274766 80339 naive_actor.cpp:25] actor 1099645845508 switch to &NaiveActor::HandlerNormal
I1222 14:15:51.274565 80350 thread.cpp:99] Thread 524357 construct Actor kCopyCommNet 1099656331267
I1222 14:15:51.274608 80304 runtime_context.cpp:29] DecreaseCounter constructing_actor_cnt, current val is 3236
I1222 14:15:51.274685 80292 runtime_context.cpp:29] DecreaseCounter constructing_actor_cnt, current val is 3235
I1222 14:15:51.274806 80367 runtime_context.cpp:29] DecreaseCounter constructing_actor_cnt, current val is 3234
I1222 14:15:51.274436 80328 naive_actor.cpp:25] actor 2199025352788 switch to &NaiveActor::HandlerNormal
I1222 14:15:51.274933 80339 thread.cpp:99] Thread 524352 construct Actor kTick 1099645845508
I1222 14:15:51.274958 80338 naive_actor.cpp:25] actor 2199029547010 switch to &NaiveActor::HandlerNormal
I1222 14:15:51.275012 80350 runtime_context.cpp:29] DecreaseCounter constructing_actor_cnt, current val is 3233
I1222 14:15:51.275365 80328 thread.cpp:99] Thread 1048577 construct Actor kCollectiveBoxingGeneric 2199025352788
I1222 14:15:51.275446 80304 naive_actor.cpp:25] actor 1099511627777 switch to &NaiveActor::HandlerNormal
