Log file created at: 2021/12/22 14:30:37
Running on machine: cn1
Log line format: [IWEF]mmdd hh:mm:ss.uuuuuu threadid file:line] msg
I1222 14:30:37.197340 81968 global.h:36] NewGlobal N7oneflow7EnvDescE
I1222 14:30:37.198968 81968 global.h:36] NewGlobal N7oneflow10ProcessCtxE
I1222 14:30:37.199004 81968 env_global_objects_scope.cpp:157] using rpc backend: gRPC
I1222 14:30:37.199025 81968 global.h:36] NewGlobal N7oneflow10CtrlServerE
I1222 14:30:37.200039 81968 ctrl_server.cpp:40] CtrlServer listening on 0.0.0.0:37012
I1222 14:30:37.200219 81968 rank_info_bootstrap_server.cpp:47] RankInfoBootstrapServer listening on 0.0.0.0:42772
I1222 14:31:04.969241 81968 rpc_client.cpp:187] LoadServer cn1 Successful at 0 times
I1222 14:31:04.971432 81968 ctrl_bootstrap.cpp:77] 
ctrl_addr {
  host: "cn1"
  port: 40785
}
ctrl_addr {
  host: "172.16.0.11"
  port: 37012
}
ctrl_addr {
  host: "172.16.0.12"
  port: 35700
}
ctrl_addr {
  host: "172.16.0.12"
  port: 46765
}
rank: 1
node_size: 2
I1222 14:31:34.975113 81968 rpc_client.cpp:187] LoadServer cn1 Successful at 0 times
I1222 14:31:34.975625 81968 rpc_client.cpp:187] LoadServer 172.16.0.11 Successful at 0 times
I1222 14:31:34.976172 81968 rpc_client.cpp:187] LoadServer 172.16.0.12 Successful at 0 times
I1222 14:31:34.977262 81968 rpc_client.cpp:187] LoadServer 172.16.0.12 Successful at 0 times
I1222 14:31:35.010658 81968 global.h:36] NewGlobal N7oneflow12ResourceDescE
I1222 14:31:35.010733 81968 global.h:36] NewGlobal N7oneflow12ResourceDescE
I1222 14:31:35.016618 81968 net_ib_device_descriptor.cpp:110] Inactivate port: device mlx5_0 port 
I1222 14:31:35.020015 81968 net_ib_device_descriptor.cpp:110] Inactivate port: device mlx5_1 port 
I1222 14:31:35.026263 81968 net_ib_device_descriptor.cpp:110] Inactivate port: device mlx5_3 port 
I1222 14:31:35.207226 81968 global.h:36] NewGlobal N7oneflow2ep21DeviceManagerRegistryE
I1222 14:31:35.207301 81968 global.h:36] NewGlobal N7oneflow10ThreadPoolE
I1222 14:31:35.208987 81968 global.h:36] NewGlobal N7oneflow16EagerNcclCommMgrE
I1222 14:31:35.209024 81968 global.h:36] NewGlobal N7oneflow18CudnnConvAlgoCacheE
I1222 14:31:35.209046 81968 global.h:36] NewGlobal N7oneflow2vm19VirtualMachineScopeE
I1222 14:31:35.209074 81968 global.h:36] NewGlobal N7oneflow14VirtualMachineE
I1222 14:31:35.209512 81968 virtual_machine.cpp:80] transport stream type: N7oneflow2vm13CpuStreamTypeE
I1222 14:31:35.209542 81968 virtual_machine.cpp:80] transport stream type: N7oneflow2vm14CudaStreamTypeE
I1222 14:31:35.209559 81968 virtual_machine.cpp:80] transport stream type: N7oneflow2vm19AsyncCudaStreamTypeE
I1222 14:31:35.209731 81968 global.h:36] NewGlobal N7oneflow27EagerJobBuildAndInferCtxMgrE
I1222 14:31:35.210145 81968 global.h:36] NewGlobal N7oneflow12EpollCommNetE
I1222 14:31:35.210289 81968 epoll_comm_network.cpp:63] CommNet:Epoll listening on 0.0.0.0:34376
I1222 14:31:35.244956 81968 epoll_comm_network.cpp:197] machine 0 sockfd 60
I1222 14:31:35.244988 81968 epoll_comm_network.cpp:197] machine 1 sockfd -1
I1222 14:31:35.244998 81968 epoll_comm_network.cpp:197] machine 2 sockfd 58
I1222 14:31:35.245007 81968 epoll_comm_network.cpp:197] machine 3 sockfd 56
I1222 14:31:35.245098 81968 global.h:36] NewGlobal N7oneflow9TransportE
I1222 14:31:35.245209 81968 global.h:43] DeleteGlobal N7oneflow17ForeignLockHelperE
I1222 14:31:35.245333 81968 global.h:36] NewGlobal N7oneflow25MultiClientSessionContextE
I1222 14:31:43.046591 82248 eager_nccl_comm_manager.cpp:69]  EagerNcclCommMgr::ncclCommInitRank device_vec.size() = 2, nccl_unique_id = 0200ffffffdd4affffffac100a0b000000000000000000000000000000000000000000000000000000000000000000000000000000000000000000000000000000000000000000000000000000000000000000000000000000000000000000000000000000000000000000000000000000000000000000000000000000000000000000000000, rank = 1, key = {eager_nccl_unique_id_rpc_key,0:0,1:1}
I1222 14:31:43.123199 81968 version.cpp:22] OneFlow git version: v0.5.0-381-g3677dbf43-snapshot
I1222 14:31:43.123281 81968 cuda_device_manager_factory.cpp:63] CUDA runtime version: 11.1
I1222 14:31:43.123303 81968 cuda_device_manager_factory.cpp:72] cuDNN version: 8.0.5
I1222 14:31:43.123468 81968 cuda_device_manager_factory.cpp:85] NCCL version: 2.11.4
I1222 14:31:43.124153 81968 global.h:43] DeleteGlobal N7oneflow12ResourceDescE
I1222 14:31:43.124207 81968 global.h:36] NewGlobal N7oneflow12ResourceDescE
I1222 14:31:43.124249 81968 global.h:36] NewGlobal N7oneflow5IDMgrE
I1222 14:31:43.124285 81968 global.h:36] NewGlobal N7oneflow22TaskStreamIndexManagerE
I1222 14:31:43.124302 81968 global.h:36] NewGlobal N7oneflow26LazyJobBuildAndInferCtxMgrE
I1222 14:31:43.124318 81968 global.h:36] NewGlobal N7oneflow9BufferMgrISt10shared_ptrINS_11JobInstanceEEEE
I1222 14:31:43.124334 81968 global.h:36] NewGlobal N7oneflow9BufferMgrISt10shared_ptrINS_23CriticalSectionInstanceEEEE
I1222 14:31:43.124349 81968 global.h:36] NewGlobal N7oneflow10RuntimeCtxE
I1222 14:31:43.124366 81968 global.h:36] NewGlobal N7oneflow15MemoryAllocatorE
I1222 14:31:43.124385 81968 global.h:36] NewGlobal N7oneflow8ChunkMgrE
I1222 14:31:43.124403 81968 global.h:36] NewGlobal N7oneflow8RegstMgrE
I1222 14:31:43.124423 81968 global.h:36] NewGlobal N7oneflow11ActorMsgBusE
I1222 14:31:43.124439 81968 global.h:36] NewGlobal N7oneflow9ThreadMgrE
I1222 14:31:43.124452 81968 global.h:36] NewGlobal N7oneflow15RuntimeJobDescsE
I1222 14:31:43.124466 81968 global.h:36] NewGlobal N7oneflow7summary12EventsWriterE
I1222 14:31:43.124485 81968 global.h:36] NewGlobal N7oneflow6boxing10collective9SchedulerE
I1222 14:31:43.149049 81968 global.h:36] NewGlobal N7oneflow7JobDescE
I1222 14:31:44.744706 81968 global.h:43] DeleteGlobal N7oneflow7JobDescE
I1222 14:31:44.744851 81968 global.h:36] NewGlobal N7oneflow7JobDescE
I1222 14:31:51.883469 81968 global.h:43] DeleteGlobal N7oneflow7JobDescE
I1222 14:31:52.826050 81968 global.h:36] NewGlobal N7oneflow7JobDescE
I1222 14:32:09.549911 81968 runtime_context.cpp:21] NewCounter constructing_actor_cnt 2600
I1222 14:32:09.551268 82420 wait_and_send_ids_actor.cpp:53] actor 36284020031488 switch to &WaitAndSendIdsActor::HandlerWaitToStart
I1222 14:32:09.551880 82400 naive_actor.cpp:25] actor 37391985281315 switch to &NaiveActor::HandlerNormal
I1222 14:32:09.551437 82420 thread.cpp:99] Thread 17301569 construct Actor kWaitAndSendIds 36284020031488
I1222 14:32:09.552023 82400 thread.cpp:99] Thread 17829888 construct Actor kDeviceTick 37391985281315
I1222 14:32:09.552414 82420 runtime_context.cpp:29] DecreaseCounter constructing_actor_cnt, current val is 2599
I1222 14:32:09.552482 82400 runtime_context.cpp:29] DecreaseCounter constructing_actor_cnt, current val is 2598
I1222 14:32:09.612419 82418 naive_actor.cpp:25] actor 37391989473280 switch to &NaiveActor::HandlerNormal
I1222 14:32:09.612640 82404 naive_actor.cpp:25] actor 36283883716608 switch to &NaiveActor::HandlerNormal
I1222 14:32:09.612944 82401 naive_actor.cpp:25] actor 36283894202368 switch to &NaiveActor::HandlerNormal
I1222 14:32:09.612859 82400 naive_actor.cpp:25] actor 37391985278976 switch to &NaiveActor::HandlerNormal
I1222 14:32:09.612820 82418 thread.cpp:99] Thread 17829890 construct Actor kCopyHd 37391989473280
I1222 14:32:09.612965 82404 thread.cpp:99] Thread 17301504 construct Actor kNormalForward 36283883716608
I1222 14:32:09.613471 82407 naive_actor.cpp:25] actor 36283885813760 switch to &NaiveActor::HandlerNormal
I1222 14:32:09.613613 82404 runtime_context.cpp:29] DecreaseCounter constructing_actor_cnt, current val is 2596
I1222 14:32:09.613193 82403 naive_actor.cpp:25] actor 36283896299520 switch to &NaiveActor::HandlerNormal
I1222 14:32:09.613205 82408 copy_comm_net_actor.cpp:66] actor 36284028420109 switch to &CopyCommNetActor::HandlerNormal
I1222 14:32:09.613219 82421 sink_actor.cpp:21] actor 36284022128640 switch to &SinkActor::HandlerNormal
I1222 14:32:09.613287 82414 naive_actor.cpp:25] actor 37391987376134 switch to &NaiveActor::HandlerNormal
I1222 14:32:09.613314 82400 thread.cpp:99] Thread 17829888 construct Actor kNormalForward 37391985278976
I1222 14:32:09.613324 82406 naive_actor.cpp:25] actor 36283887910912 switch to &NaiveActor::HandlerNormal
I1222 14:32:09.613364 82419 naive_actor.cpp:25] actor 36284024225792 switch to &NaiveActor::HandlerNormal
I1222 14:32:09.613428 82411 naive_actor.cpp:25] actor 36284017934338 switch to &NaiveActor::HandlerNormal
I1222 14:32:09.613466 82418 runtime_context.cpp:29] DecreaseCounter constructing_actor_cnt, current val is 2597
I1222 14:32:09.613504 82405 naive_actor.cpp:25] actor 36283892105216 switch to &NaiveActor::HandlerNormal
I1222 14:32:09.613080 82401 thread.cpp:99] Thread 17301509 construct Actor kNormalForward 36283894202368
I1222 14:32:09.613600 82415 naive_actor.cpp:25] actor 36284026322944 switch to &NaiveActor::HandlerNormal
I1222 14:32:09.613117 82410 naive_actor.cpp:25] actor 37391991570437 switch to &NaiveActor::HandlerNormal
I1222 14:32:09.615620 82410 thread.cpp:99] Thread 17829891 construct Actor kCollectiveBoxingGeneric 37391991570437
I1222 14:32:09.613662 82412 naive_actor.cpp:25] actor 36283900493824 switch to &NaiveActor::HandlerNormal
I1222 14:32:09.613687 82402 naive_actor.cpp:25] actor 36283890008064 switch to &NaiveActor::HandlerNormal
I1222 14:32:09.613852 82403 thread.cpp:99] Thread 17301510 construct Actor kNormalForward 36283896299520
I1222 14:32:09.613896 82416 naive_actor.cpp:25] actor 36283898396672 switch to &NaiveActor::HandlerNormal
I1222 14:32:09.613965 82408 thread.cpp:99] Thread 17301573 construct Actor kCopyCommNet 36284028420109
I1222 14:32:09.614010 82421 thread.cpp:99] Thread 17301570 construct Actor kCallbackNotify 36284022128640
I1222 14:32:09.616089 82408 runtime_context.cpp:29] DecreaseCounter constructing_actor_cnt, current val is 2591
I1222 14:32:09.614192 82400 runtime_context.cpp:29] DecreaseCounter constructing_actor_cnt, current val is 2595
I1222 14:32:09.614226 82406 thread.cpp:99] Thread 17301506 construct Actor kNormalForward 36283887910912
I1222 14:32:09.614357 82419 thread.cpp:99] Thread 17301571 construct Actor kCriticalSectionWaitTick 36284024225792
I1222 14:32:09.615314 82411 thread.cpp:99] Thread 17301568 construct Actor kDstSubsetTick 36284017934338
I1222 14:32:09.615476 82405 thread.cpp:99] Thread 17301508 construct Actor kNormalForward 36283892105216
I1222 14:32:09.615571 82415 thread.cpp:99] Thread 17301572 construct Actor kCriticalSectionWaitTick 36284026322944
I1222 14:32:09.615587 82401 runtime_context.cpp:29] DecreaseCounter constructing_actor_cnt, current val is 2594
I1222 14:32:09.613634 82407 thread.cpp:99] Thread 17301505 construct Actor kNormalForward 36283885813760
I1222 14:32:09.615670 82410 runtime_context.cpp:29] DecreaseCounter constructing_actor_cnt, current val is 2593
I1222 14:32:09.615727 82412 thread.cpp:99] Thread 17301512 construct Actor kNormalForward 36283900493824
I1222 14:32:09.615841 82402 thread.cpp:99] Thread 17301507 construct Actor kNormalForward 36283890008064
I1222 14:32:09.616927 82410 naive_actor.cpp:25] actor 37391991570435 switch to &NaiveActor::HandlerNormal
I1222 14:32:09.616966 82410 thread.cpp:99] Thread 17829891 construct Actor kCollectiveBoxingGeneric 37391991570435
I1222 14:32:09.614068 82414 thread.cpp:99] Thread 17829889 construct Actor kCopyHd 37391987376134
I1222 14:32:09.617023 82402 runtime_context.cpp:29] DecreaseCounter constructing_actor_cnt, current val is 2581
I1222 14:32:09.616369 82408 copy_comm_net_actor.cpp:66] actor 36284028420099 switch to &CopyCommNetActor::HandlerNormal
I1222 14:32:09.616407 82406 runtime_context.cpp:29] DecreaseCounter constructing_actor_cnt, current val is 2589
I1222 14:32:09.616418 82419 runtime_context.cpp:29] DecreaseCounter constructing_actor_cnt, current val is 2588
I1222 14:32:09.616529 82411 runtime_context.cpp:29] DecreaseCounter constructing_actor_cnt, current val is 2587
I1222 14:32:09.616616 82415 runtime_context.cpp:29] DecreaseCounter constructing_actor_cnt, current val is 2586
I1222 14:32:09.616633 82405 runtime_context.cpp:29] DecreaseCounter constructing_actor_cnt, current val is 2585
I1222 14:32:09.616760 82407 runtime_context.cpp:29] DecreaseCounter constructing_actor_cnt, current val is 2584
I1222 14:32:09.616865 82400 naive_actor.cpp:25] actor 37391985278985 switch to &NaiveActor::HandlerNormal
I1222 14:32:09.616881 82412 runtime_context.cpp:29] DecreaseCounter constructing_actor_cnt, current val is 2583
I1222 14:32:09.615964 82403 runtime_context.cpp:29] DecreaseCounter constructing_actor_cnt, current val is 2592
I1222 14:32:09.615995 82416 thread.cpp:99] Thread 17301511 construct Actor kNormalForward 36283898396672
I1222 14:32:09.617013 82410 runtime_context.cpp:29] DecreaseCounter constructing_actor_cnt, current val is 2582
I1222 14:32:09.616122 82421 runtime_context.cpp:29] DecreaseCounter constructing_actor_cnt, current val is 2590
I1222 14:32:09.617067 82414 runtime_context.cpp:29] DecreaseCounter constructing_actor_cnt, current val is 2580
I1222 14:32:09.617153 82408 thread.cpp:99] Thread 17301573 construct Actor kCopyCommNet 36284028420099
I1222 14:32:09.617687 82400 thread.cpp:99] Thread 17829888 construct Actor kNormalForward 37391985278985
I1222 14:32:09.617833 82411 naive_actor.cpp:25] actor 36284017934339 switch to &NaiveActor::HandlerNormal
I1222 14:32:09.618642 82416 runtime_context.cpp:29] DecreaseCounter constructing_actor_cnt, current val is 2579
I1222 14:32:09.618750 82410 naive_actor.cpp:25] actor 37391991570457 switch to &NaiveActor::HandlerNormal
I1222 14:32:09.619110 82410 thread.cpp:99] Thread 17829891 construct Actor kCollectiveBoxingGeneric 37391991570457
I1222 14:32:09.618954 82414 naive_actor.cpp:25] actor 37391987376130 switch to &NaiveActor::HandlerNormal
I1222 14:32:09.618983 82400 runtime_context.cpp:29] DecreaseCounter constructing_actor_cnt, current val is 2577
I1222 14:32:09.619027 82411 thread.cpp:99] Thread 17301568 construct Actor kTick 36284017934339
I1222 14:32:09.618875 82408 runtime_context.cpp:29] DecreaseCounter constructing_actor_cnt, current val is 2578
I1222 14:32:09.619360 82411 runtime_context.cpp:29] DecreaseCounter constructing_actor_cnt, current val is 2575
I1222 14:32:09.619190 82414 thread.cpp:99] Thread 17829889 construct Actor kCopyHd 37391987376130
I1222 14:32:09.619148 82410 runtime_context.cpp:29] DecreaseCounter constructing_actor_cnt, current val is 2576
I1222 14:32:09.619514 82414 runtime_context.cpp:29] DecreaseCounter constructing_actor_cnt, current val is 2574
I1222 14:32:09.619575 82408 copy_comm_net_actor.cpp:66] actor 36284028420102 switch to &CopyCommNetActor::HandlerNormal
I1222 14:32:09.619657 82410 naive_actor.cpp:25] actor 37391991570473 switch to &NaiveActor::HandlerNormal
I1222 14:32:09.619724 82410 thread.cpp:99] Thread 17829891 construct Actor kCollectiveBoxingGeneric 37391991570473
I1222 14:32:09.619678 82408 thread.cpp:99] Thread 17301573 construct Actor kCopyCommNet 36284028420102
I1222 14:32:09.619761 82410 runtime_context.cpp:29] DecreaseCounter constructing_actor_cnt, current val is 2573
I1222 14:32:09.619755 82400 naive_actor.cpp:25] actor 37391985278981 switch to &NaiveActor::HandlerNormal
I1222 14:32:09.619777 82414 naive_actor.cpp:25] actor 37391987376133 switch to &NaiveActor::HandlerNormal
I1222 14:32:09.619877 82408 runtime_context.cpp:29] DecreaseCounter constructing_actor_cnt, current val is 2572
I1222 14:32:09.619978 82400 thread.cpp:99] Thread 17829888 construct Actor kNormalForward 37391985278981
I1222 14:32:09.619992 82410 naive_actor.cpp:25] actor 37391991570470 switch to &NaiveActor::HandlerNormal
I1222 14:32:09.620038 82414 thread.cpp:99] Thread 17829889 construct Actor kCopyHd 37391987376133
I1222 14:32:09.620244 82400 runtime_context.cpp:29] DecreaseCounter constructing_actor_cnt, current val is 2571
I1222 14:32:09.620220 82410 thread.cpp:99] Thread 17829891 construct Actor kCollectiveBoxingGeneric 37391991570470
I1222 14:32:09.620133 82411 naive_actor.cpp:25] actor 36284017934344 switch to &NaiveActor::HandlerNormal
I1222 14:32:09.620283 82414 runtime_context.cpp:29] DecreaseCounter constructing_actor_cnt, current val is 2570
I1222 14:32:09.620337 82410 runtime_context.cpp:29] DecreaseCounter constructing_actor_cnt, current val is 2569
I1222 14:32:09.620328 82408 copy_comm_net_actor.cpp:66] actor 36284028420106 switch to &CopyCommNetActor::HandlerNormal
I1222 14:32:09.620422 82411 thread.cpp:99] Thread 17301568 construct Actor kSrcSubsetTick 36284017934344
I1222 14:32:09.620605 82408 thread.cpp:99] Thread 17301573 construct Actor kCopyCommNet 36284028420106
I1222 14:32:09.620623 82410 naive_actor.cpp:25] actor 37391991570511 switch to &NaiveActor::HandlerNormal
I1222 14:32:09.620657 82414 naive_actor.cpp:25] actor 37391987376129 switch to &NaiveActor::HandlerNormal
I1222 14:32:09.620796 82400 naive_actor.cpp:25] actor 37391985278989 switch to &NaiveActor::HandlerNormal
I1222 14:32:09.620847 82411 runtime_context.cpp:29] DecreaseCounter constructing_actor_cnt, current val is 2568
I1222 14:32:09.621554 82410 thread.cpp:99] Thread 17829891 construct Actor kCollectiveBoxingGeneric 37391991570511
I1222 14:32:09.621551 82408 runtime_context.cpp:29] DecreaseCounter constructing_actor_cnt, current val is 2567
I1222 14:32:09.621608 82414 thread.cpp:99] Thread 17829889 construct Actor kCopyHd 37391987376129
I1222 14:32:09.621680 82400 thread.cpp:99] Thread 17829888 construct Actor kNormalForward 37391985278989
I1222 14:32:09.621809 82410 runtime_context.cpp:29] DecreaseCounter constructing_actor_cnt, current val is 2566
I1222 14:32:09.621958 82414 runtime_context.cpp:29] DecreaseCounter constructing_actor_cnt, current val is 2565
I1222 14:32:09.622084 82400 runtime_context.cpp:29] DecreaseCounter constructing_actor_cnt, current val is 2564
I1222 14:32:09.622090 82408 copy_comm_net_actor.cpp:66] actor 36284028420101 switch to &CopyCommNetActor::HandlerNormal
I1222 14:32:09.622153 82410 naive_actor.cpp:25] actor 37391991570488 switch to &NaiveActor::HandlerNormal
I1222 14:32:09.622320 82410 thread.cpp:99] Thread 17829891 construct Actor kCollectiveBoxingGeneric 37391991570488
I1222 14:32:09.622262 82408 thread.cpp:99] Thread 17301573 construct Actor kCopyCommNet 36284028420101
I1222 14:32:09.622314 82411 naive_actor.cpp:25] actor 36284017934337 switch to &NaiveActor::HandlerNormal
I1222 14:32:09.622380 82410 runtime_context.cpp:29] DecreaseCounter constructing_actor_cnt, current val is 2563
I1222 14:32:09.622529 82414 naive_actor.cpp:25] actor 37391987376128 switch to &NaiveActor::HandlerNormal
I1222 14:32:09.622529 82411 thread.cpp:99] Thread 17301568 construct Actor kTick 36284017934337
I1222 14:32:09.622637 82414 thread.cpp:99] Thread 17829889 construct Actor kCopyHd 37391987376128
I1222 14:32:09.622689 82408 runtime_context.cpp:29] DecreaseCounter constructing_actor_cnt, current val is 2562
I1222 14:32:09.622715 82410 naive_actor.cpp:25] actor 37391991570546 switch to &NaiveActor::HandlerNormal
I1222 14:32:09.622893 82410 thread.cpp:99] Thread 17829891 construct Actor kCollectiveBoxingGeneric 37391991570546
I1222 14:32:09.622853 82414 runtime_context.cpp:29] DecreaseCounter constructing_actor_cnt, current val is 2560
I1222 14:32:09.622819 82411 runtime_context.cpp:29] DecreaseCounter constructing_actor_cnt, current val is 2561
I1222 14:32:09.622967 82410 runtime_context.cpp:29] DecreaseCounter constructing_actor_cnt, current val is 2559
I1222 14:32:09.623075 82408 copy_comm_net_actor.cpp:66] actor 36284028420113 switch to &CopyCommNetActor::HandlerNormal
I1222 14:32:09.623183 82414 naive_actor.cpp:25] actor 37391987376132 switch to &NaiveActor::HandlerNormal
I1222 14:32:09.623214 82408 thread.cpp:99] Thread 17301573 construct Actor kCopyCommNet 36284028420113
I1222 14:32:09.623230 82410 naive_actor.cpp:25] actor 37391991570564 switch to &NaiveActor::HandlerNormal
I1222 14:32:09.623389 82408 runtime_context.cpp:29] DecreaseCounter constructing_actor_cnt, current val is 2558
I1222 14:32:09.623286 82414 thread.cpp:99] Thread 17829889 construct Actor kCopyHd 37391987376132
I1222 14:32:09.623399 82410 thread.cpp:99] Thread 17829891 construct Actor kCollectiveBoxingGeneric 37391991570564
I1222 14:32:09.623507 82400 naive_actor.cpp:25] actor 37391985278982 switch to &NaiveActor::HandlerNormal
I1222 14:32:09.623608 82400 thread.cpp:99] Thread 17829888 construct Actor kNormalForward 37391985278982
I1222 14:32:09.623569 82410 runtime_context.cpp:29] DecreaseCounter constructing_actor_cnt, current val is 2556
I1222 14:32:09.623548 82414 runtime_context.cpp:29] DecreaseCounter constructing_actor_cnt, current val is 2557
I1222 14:32:09.623548 82411 naive_actor.cpp:25] actor 36284017934343 switch to &NaiveActor::HandlerNormal
I1222 14:32:09.623670 82400 runtime_context.cpp:29] DecreaseCounter constructing_actor_cnt, current val is 2555
I1222 14:32:09.623682 82408 copy_comm_net_actor.cpp:66] actor 36284028420100 switch to &CopyCommNetActor::HandlerNormal
I1222 14:32:09.623759 82410 naive_actor.cpp:25] actor 37391991570589 switch to &NaiveActor::HandlerNormal
I1222 14:32:09.623970 82414 naive_actor.cpp:25] actor 37391987376138 switch to &NaiveActor::HandlerNormal
I1222 14:32:09.624495 82411 thread.cpp:99] Thread 17301568 construct Actor kDstSubsetTick 36284017934343
I1222 14:32:09.624598 82408 thread.cpp:99] Thread 17301573 construct Actor kCopyCommNet 36284028420100
I1222 14:32:09.624636 82410 thread.cpp:99] Thread 17829891 construct Actor kCollectiveBoxingGeneric 37391991570589
I1222 14:32:09.624702 82414 thread.cpp:99] Thread 17829889 construct Actor kCopyHd 37391987376138
I1222 14:32:09.624859 82411 runtime_context.cpp:29] DecreaseCounter constructing_actor_cnt, current val is 2554
I1222 14:32:09.624889 82408 runtime_context.cpp:29] DecreaseCounter constructing_actor_cnt, current val is 2553
I1222 14:32:09.624903 82410 runtime_context.cpp:29] DecreaseCounter constructing_actor_cnt, current val is 2552
I1222 14:32:09.624964 82414 runtime_context.cpp:29] DecreaseCounter constructing_actor_cnt, current val is 2551
I1222 14:32:09.625064 82400 naive_actor.cpp:25] actor 37391985278987 switch to &NaiveActor::HandlerNormal
I1222 14:32:09.625216 82400 thread.cpp:99] Thread 17829888 construct Actor kNormalForward 37391985278987
I1222 14:32:09.625228 82410 naive_actor.cpp:25] actor 37391991570436 switch to &NaiveActor::HandlerNormal
I1222 14:32:09.625288 82410 thread.cpp:99] Thread 17829891 construct Actor kCollectiveBoxingGeneric 37391991570436
I1222 14:32:09.625273 82400 runtime_context.cpp:29] DecreaseCounter constructing_actor_cnt, current val is 2550
I1222 14:32:09.625255 82408 copy_comm_net_actor.cpp:66] actor 36284028420108 switch to &CopyCommNetActor::HandlerNormal
I1222 14:32:09.625336 82410 runtime_context.cpp:29] DecreaseCounter constructing_actor_cnt, current val is 2549
I1222 14:32:09.625345 82414 naive_actor.cpp:25] actor 37391987376131 switch to &NaiveActor::HandlerNormal
I1222 14:32:09.625420 82408 thread.cpp:99] Thread 17301573 construct Actor kCopyCommNet 36284028420108
I1222 14:32:09.625524 82414 thread.cpp:99] Thread 17829889 construct Actor kCopyHd 37391987376131
I1222 14:32:09.625562 82410 naive_actor.cpp:25] actor 37391991570442 switch to &NaiveActor::HandlerNormal
I1222 14:32:09.625687 82414 runtime_context.cpp:29] DecreaseCounter constructing_actor_cnt, current val is 2547
I1222 14:32:09.625692 82410 thread.cpp:99] Thread 17829891 construct Actor kCollectiveBoxingGeneric 37391991570442
I1222 14:32:09.625640 82408 runtime_context.cpp:29] DecreaseCounter constructing_actor_cnt, current val is 2548
I1222 14:32:09.625852 82400 naive_actor.cpp:25] actor 37391985279019 switch to &NaiveActor::HandlerNormal
I1222 14:32:09.625793 82410 runtime_context.cpp:29] DecreaseCounter constructing_actor_cnt, current val is 2546
I1222 14:32:09.625926 82414 naive_actor.cpp:25] actor 37391987376135 switch to &NaiveActor::HandlerNormal
I1222 14:32:09.625906 82400 thread.cpp:99] Thread 17829888 construct Actor kNormalForward 37391985279019
I1222 14:32:09.625694 82411 naive_actor.cpp:25] actor 36284017934336 switch to &NaiveActor::HandlerNormal
I1222 14:32:09.626011 82414 thread.cpp:99] Thread 17829889 construct Actor kCopyHd 37391987376135
I1222 14:32:09.626065 82410 naive_actor.cpp:25] actor 37391991570450 switch to &NaiveActor::HandlerNormal
I1222 14:32:09.626068 82400 runtime_context.cpp:29] DecreaseCounter constructing_actor_cnt, current val is 2545
I1222 14:32:09.626081 82408 copy_comm_net_actor.cpp:66] actor 36284028420104 switch to &CopyCommNetActor::HandlerNormal
I1222 14:32:09.626140 82411 thread.cpp:99] Thread 17301568 construct Actor kSrcSubsetTick 36284017934336
I1222 14:32:09.626204 82414 runtime_context.cpp:29] DecreaseCounter constructing_actor_cnt, current val is 2544
I1222 14:32:09.626209 82410 thread.cpp:99] Thread 17829891 construct Actor kCollectiveBoxingGeneric 37391991570450
I1222 14:32:09.626309 82408 thread.cpp:99] Thread 17301573 construct Actor kCopyCommNet 36284028420104
I1222 14:32:09.626583 82411 runtime_context.cpp:29] DecreaseCounter constructing_actor_cnt, current val is 2543
I1222 14:32:09.626709 82400 naive_actor.cpp:25] actor 37391985278980 switch to &NaiveActor::HandlerNormal
I1222 14:32:09.627141 82410 runtime_context.cpp:29] DecreaseCounter constructing_actor_cnt, current val is 2542
I1222 14:32:09.627235 82408 runtime_context.cpp:29] DecreaseCounter constructing_actor_cnt, current val is 2541
I1222 14:32:09.627282 82414 naive_actor.cpp:25] actor 37391987376136 switch to &NaiveActor::HandlerNormal
I1222 14:32:09.627333 82400 thread.cpp:99] Thread 17829888 construct Actor kNormalForward 37391985278980
I1222 14:32:09.627466 82410 naive_actor.cpp:25] actor 37391991570507 switch to &NaiveActor::HandlerNormal
I1222 14:32:09.627568 82400 runtime_context.cpp:29] DecreaseCounter constructing_actor_cnt, current val is 2540
I1222 14:32:09.627499 82414 thread.cpp:99] Thread 17829889 construct Actor kCopyHd 37391987376136
I1222 14:32:09.627573 82410 thread.cpp:99] Thread 17829891 construct Actor kCollectiveBoxingGeneric 37391991570507
I1222 14:32:09.627656 82408 copy_comm_net_actor.cpp:66] actor 36284028420105 switch to &CopyCommNetActor::HandlerNormal
I1222 14:32:09.627669 82414 runtime_context.cpp:29] DecreaseCounter constructing_actor_cnt, current val is 2539
I1222 14:32:09.627694 82410 runtime_context.cpp:29] DecreaseCounter constructing_actor_cnt, current val is 2538
I1222 14:32:09.627763 82408 thread.cpp:99] Thread 17301573 construct Actor kCopyCommNet 36284028420105
I1222 14:32:09.627943 82411 naive_actor.cpp:25] actor 36284017934345 switch to &NaiveActor::HandlerNormal
I1222 14:32:09.627969 82410 naive_actor.cpp:25] actor 37391991570439 switch to &NaiveActor::HandlerNormal
I1222 14:32:09.628098 82410 thread.cpp:99] Thread 17829891 construct Actor kCollectiveBoxingGeneric 37391991570439
I1222 14:32:09.627996 82414 naive_actor.cpp:25] actor 37391987376137 switch to &NaiveActor::HandlerNormal
I1222 14:32:09.628062 82400 naive_actor.cpp:25] actor 37391985278986 switch to &NaiveActor::HandlerNormal
I1222 14:32:09.628198 82400 thread.cpp:99] Thread 17829888 construct Actor kNormalForward 37391985278986
I1222 14:32:09.627985 82408 runtime_context.cpp:29] DecreaseCounter constructing_actor_cnt, current val is 2537
I1222 14:32:09.628134 82410 runtime_context.cpp:29] DecreaseCounter constructing_actor_cnt, current val is 2536
I1222 14:32:09.628170 82414 thread.cpp:99] Thread 17829889 construct Actor kCopyHd 37391987376137
I1222 14:32:09.628058 82411 thread.cpp:99] Thread 17301568 construct Actor kDstSubsetTick 36284017934345
I1222 14:32:09.628244 82400 runtime_context.cpp:29] DecreaseCounter constructing_actor_cnt, current val is 2535
I1222 14:32:09.628388 82414 runtime_context.cpp:29] DecreaseCounter constructing_actor_cnt, current val is 2534
I1222 14:32:09.628418 82410 naive_actor.cpp:25] actor 37391991570467 switch to &NaiveActor::HandlerNormal
I1222 14:32:09.628556 82410 thread.cpp:99] Thread 17829891 construct Actor kCollectiveBoxingGeneric 37391991570467
I1222 14:32:09.628512 82411 runtime_context.cpp:29] DecreaseCounter constructing_actor_cnt, current val is 2533
I1222 14:32:09.628466 82408 copy_comm_net_actor.cpp:66] actor 36284028420111 switch to &CopyCommNetActor::HandlerNormal
I1222 14:32:09.628608 82410 runtime_context.cpp:29] DecreaseCounter constructing_actor_cnt, current val is 2532
I1222 14:32:09.628676 82414 naive_actor.cpp:25] actor 37391987376140 switch to &NaiveActor::HandlerNormal
I1222 14:32:09.628755 82408 thread.cpp:99] Thread 17301573 construct Actor kCopyCommNet 36284028420111
I1222 14:32:09.628881 82414 thread.cpp:99] Thread 17829889 construct Actor kCopyHd 37391987376140
I1222 14:32:09.628983 82408 runtime_context.cpp:29] DecreaseCounter constructing_actor_cnt, current val is 2531
I1222 14:32:09.628917 82410 naive_actor.cpp:25] actor 37391991570432 switch to &NaiveActor::HandlerNormal
I1222 14:32:09.628994 82400 naive_actor.cpp:25] actor 37391985279012 switch to &NaiveActor::HandlerNormal
I1222 14:32:09.629907 82400 thread.cpp:99] Thread 17829888 construct Actor kNormalForward 37391985279012
I1222 14:32:09.629329 82411 naive_actor.cpp:25] actor 36284017934342 switch to &NaiveActor::HandlerNormal
I1222 14:32:09.629341 82408 copy_comm_net_actor.cpp:66] actor 36284028420097 switch to &CopyCommNetActor::HandlerNormal
I1222 14:32:09.629848 82410 thread.cpp:99] Thread 17829891 construct Actor kCollectiveBoxingGeneric 37391991570432
I1222 14:32:09.629020 82414 runtime_context.cpp:29] DecreaseCounter constructing_actor_cnt, current val is 2530
I1222 14:32:09.629983 82400 runtime_context.cpp:29] DecreaseCounter constructing_actor_cnt, current val is 2529
I1222 14:32:09.630012 82411 thread.cpp:99] Thread 17301568 construct Actor kSrcSubsetTick 36284017934342
I1222 14:32:09.630115 82408 thread.cpp:99] Thread 17301573 construct Actor kCopyCommNet 36284028420097
I1222 14:32:09.630192 82410 runtime_context.cpp:29] DecreaseCounter constructing_actor_cnt, current val is 2528
I1222 14:32:09.630416 82411 runtime_context.cpp:29] DecreaseCounter constructing_actor_cnt, current val is 2527
I1222 14:32:09.630461 82414 naive_actor.cpp:25] actor 37391987376139 switch to &NaiveActor::HandlerNormal
I1222 14:32:09.630559 82408 runtime_context.cpp:29] DecreaseCounter constructing_actor_cnt, current val is 2526
I1222 14:32:09.630673 82410 naive_actor.cpp:25] actor 37391991570524 switch to &NaiveActor::HandlerNormal
I1222 14:32:09.630771 82400 naive_actor.cpp:25] actor 37391985278984 switch to &NaiveActor::HandlerNormal
I1222 14:32:09.630801 82414 thread.cpp:99] Thread 17829889 construct Actor kCopyHd 37391987376139
I1222 14:32:09.631013 82410 thread.cpp:99] Thread 17829891 construct Actor kCollectiveBoxingGeneric 37391991570524
I1222 14:32:09.631070 82400 thread.cpp:99] Thread 17829888 construct Actor kNormalForward 37391985278984
I1222 14:32:09.631175 82410 runtime_context.cpp:29] DecreaseCounter constructing_actor_cnt, current val is 2524
I1222 14:32:09.631208 82400 runtime_context.cpp:29] DecreaseCounter constructing_actor_cnt, current val is 2523
I1222 14:32:09.631156 82414 runtime_context.cpp:29] DecreaseCounter constructing_actor_cnt, current val is 2525
I1222 14:32:09.631220 82411 naive_actor.cpp:25] actor 36284017934341 switch to &NaiveActor::HandlerNormal
I1222 14:32:09.631237 82408 copy_comm_net_actor.cpp:66] actor 36284028420098 switch to &CopyCommNetActor::HandlerNormal
I1222 14:32:09.631333 82410 naive_actor.cpp:25] actor 37391991570538 switch to &NaiveActor::HandlerNormal
I1222 14:32:09.631443 82400 naive_actor.cpp:25] actor 37391985278979 switch to &NaiveActor::HandlerNormal
I1222 14:32:09.631875 82400 thread.cpp:99] Thread 17829888 construct Actor kNormalForward 37391985278979
I1222 14:32:09.631655 82408 thread.cpp:99] Thread 17301573 construct Actor kCopyCommNet 36284028420098
I1222 14:32:09.631810 82410 thread.cpp:99] Thread 17829891 construct Actor kCollectiveBoxingGeneric 37391991570538
I1222 14:32:09.631511 82411 thread.cpp:99] Thread 17301568 construct Actor kTick 36284017934341
I1222 14:32:09.631944 82400 runtime_context.cpp:29] DecreaseCounter constructing_actor_cnt, current val is 2522
I1222 14:32:09.632117 82408 runtime_context.cpp:29] DecreaseCounter constructing_actor_cnt, current val is 2521
I1222 14:32:09.632174 82410 runtime_context.cpp:29] DecreaseCounter constructing_actor_cnt, current val is 2520
I1222 14:32:09.632304 82411 runtime_context.cpp:29] DecreaseCounter constructing_actor_cnt, current val is 2519
I1222 14:32:09.632731 82410 naive_actor.cpp:25] actor 37391991570451 switch to &NaiveActor::HandlerNormal
I1222 14:32:09.632804 82408 copy_comm_net_actor.cpp:66] actor 36284028420103 switch to &CopyCommNetActor::HandlerNormal
I1222 14:32:09.632817 82410 thread.cpp:99] Thread 17829891 construct Actor kCollectiveBoxingGeneric 37391991570451
I1222 14:32:09.632866 82400 naive_actor.cpp:25] actor 37391985278993 switch to &NaiveActor::HandlerNormal
I1222 14:32:09.633731 82400 thread.cpp:99] Thread 17829888 construct Actor kNormalForward 37391985278993
I1222 14:32:09.633076 82410 runtime_context.cpp:29] DecreaseCounter constructing_actor_cnt, current val is 2518
I1222 14:32:09.633406 82411 naive_actor.cpp:25] actor 36284017934340 switch to &NaiveActor::HandlerNormal
I1222 14:32:09.632943 82408 thread.cpp:99] Thread 17301573 construct Actor kCopyCommNet 36284028420103
I1222 14:32:09.633788 82400 runtime_context.cpp:29] DecreaseCounter constructing_actor_cnt, current val is 2517
I1222 14:32:09.633937 82410 naive_actor.cpp:25] actor 37391991570560 switch to &NaiveActor::HandlerNormal
I1222 14:32:09.634162 82410 thread.cpp:99] Thread 17829891 construct Actor kCollectiveBoxingGeneric 37391991570560
I1222 14:32:09.634125 82408 runtime_context.cpp:29] DecreaseCounter constructing_actor_cnt, current val is 2516
I1222 14:32:09.633975 82411 thread.cpp:99] Thread 17301568 construct Actor kTick 36284017934340
I1222 14:32:09.634224 82410 runtime_context.cpp:29] DecreaseCounter constructing_actor_cnt, current val is 2515
I1222 14:32:09.634299 82400 naive_actor.cpp:25] actor 37391985278983 switch to &NaiveActor::HandlerNormal
I1222 14:32:09.634634 82411 runtime_context.cpp:29] DecreaseCounter constructing_actor_cnt, current val is 2514
I1222 14:32:09.634642 82400 thread.cpp:99] Thread 17829888 construct Actor kNormalForward 37391985278983
I1222 14:32:09.634637 82408 copy_comm_net_actor.cpp:66] actor 36284028420114 switch to &CopyCommNetActor::HandlerNormal
I1222 14:32:09.634716 82410 naive_actor.cpp:25] actor 37391991570469 switch to &NaiveActor::HandlerNormal
I1222 14:32:09.634799 82400 runtime_context.cpp:29] DecreaseCounter constructing_actor_cnt, current val is 2513
I1222 14:32:09.634924 82408 thread.cpp:99] Thread 17301573 construct Actor kCopyCommNet 36284028420114
I1222 14:32:09.634984 82410 thread.cpp:99] Thread 17829891 construct Actor kCollectiveBoxingGeneric 37391991570469
I1222 14:32:09.635212 82408 runtime_context.cpp:29] DecreaseCounter constructing_actor_cnt, current val is 2512
I1222 14:32:09.635252 82410 runtime_context.cpp:29] DecreaseCounter constructing_actor_cnt, current val is 2511
I1222 14:32:09.635471 82410 naive_actor.cpp:25] actor 37391991570465 switch to &NaiveActor::HandlerNormal
I1222 14:32:09.635485 82400 naive_actor.cpp:25] actor 37391985278988 switch to &NaiveActor::HandlerNormal
I1222 14:32:09.635543 82410 thread.cpp:99] Thread 17829891 construct Actor kCollectiveBoxingGeneric 37391991570465
I1222 14:32:09.635617 82400 thread.cpp:99] Thread 17829888 construct Actor kNormalForward 37391985278988
I1222 14:32:09.635628 82408 copy_comm_net_actor.cpp:66] actor 36284028420107 switch to &CopyCommNetActor::HandlerNormal
I1222 14:32:09.635685 82410 runtime_context.cpp:29] DecreaseCounter constructing_actor_cnt, current val is 2510
I1222 14:32:09.635735 82400 runtime_context.cpp:29] DecreaseCounter constructing_actor_cnt, current val is 2509
I1222 14:32:09.635887 82408 thread.cpp:99] Thread 17301573 construct Actor kCopyCommNet 36284028420107
I1222 14:32:09.636035 82410 naive_actor.cpp:25] actor 37391991570509 switch to &NaiveActor::HandlerNormal
I1222 14:32:09.636194 82410 thread.cpp:99] Thread 17829891 construct Actor kCollectiveBoxingGeneric 37391991570509
I1222 14:32:09.636171 82408 runtime_context.cpp:29] DecreaseCounter constructing_actor_cnt, current val is 2508
I1222 14:32:09.636260 82410 runtime_context.cpp:29] DecreaseCounter constructing_actor_cnt, current val is 2507
I1222 14:32:09.636488 82400 naive_actor.cpp:25] actor 37391985279008 switch to &NaiveActor::HandlerNormal
I1222 14:32:09.636499 82410 naive_actor.cpp:25] actor 37391991570506 switch to &NaiveActor::HandlerNormal
I1222 14:32:09.636595 82400 thread.cpp:99] Thread 17829888 construct Actor kNormalForward 37391985279008
I1222 14:32:09.636607 82408 copy_comm_net_actor.cpp:66] actor 36284028420117 switch to &CopyCommNetActor::HandlerNormal
I1222 14:32:09.636667 82410 thread.cpp:99] Thread 17829891 construct Actor kCollectiveBoxingGeneric 37391991570506
I1222 14:32:09.636739 82400 runtime_context.cpp:29] DecreaseCounter constructing_actor_cnt, current val is 2506
I1222 14:32:09.636898 82408 thread.cpp:99] Thread 17301573 construct Actor kCopyCommNet 36284028420117
I1222 14:32:09.637022 82410 runtime_context.cpp:29] DecreaseCounter constructing_actor_cnt, current val is 2505
I1222 14:32:09.637888 82408 runtime_context.cpp:29] DecreaseCounter constructing_actor_cnt, current val is 2504
I1222 14:32:09.638036 82410 naive_actor.cpp:25] actor 37391991570461 switch to &NaiveActor::HandlerNormal
I1222 14:32:09.638154 82410 thread.cpp:99] Thread 17829891 construct Actor kCollectiveBoxingGeneric 37391991570461
I1222 14:32:09.638171 82400 naive_actor.cpp:25] actor 37391985279017 switch to &NaiveActor::HandlerNormal
I1222 14:32:09.638222 82410 runtime_context.cpp:29] DecreaseCounter constructing_actor_cnt, current val is 2503
I1222 14:32:09.638269 82400 thread.cpp:99] Thread 17829888 construct Actor kNormalForward 37391985279017
I1222 14:32:09.638320 82408 copy_comm_net_actor.cpp:66] actor 36284028420096 switch to &CopyCommNetActor::HandlerNormal
I1222 14:32:09.638372 82400 runtime_context.cpp:29] DecreaseCounter constructing_actor_cnt, current val is 2502
I1222 14:32:09.638419 82410 naive_actor.cpp:25] actor 37391991570446 switch to &NaiveActor::HandlerNormal
I1222 14:32:09.638506 82410 thread.cpp:99] Thread 17829891 construct Actor kCollectiveBoxingGeneric 37391991570446
I1222 14:32:09.638437 82408 thread.cpp:99] Thread 17301573 construct Actor kCopyCommNet 36284028420096
I1222 14:32:09.638557 82410 runtime_context.cpp:29] DecreaseCounter constructing_actor_cnt, current val is 2501
I1222 14:32:09.638669 82400 naive_actor.cpp:25] actor 37391985279013 switch to &NaiveActor::HandlerNormal
I1222 14:32:09.638800 82400 thread.cpp:99] Thread 17829888 construct Actor kNormalForward 37391985279013
I1222 14:32:09.638830 82410 naive_actor.cpp:25] actor 37391991570443 switch to &NaiveActor::HandlerNormal
I1222 14:32:09.638880 82410 thread.cpp:99] Thread 17829891 construct Actor kCollectiveBoxingGeneric 37391991570443
I1222 14:32:09.638856 82400 runtime_context.cpp:29] DecreaseCounter constructing_actor_cnt, current val is 2499
I1222 14:32:09.638679 82408 runtime_context.cpp:29] DecreaseCounter constructing_actor_cnt, current val is 2500
I1222 14:32:09.638932 82410 runtime_context.cpp:29] DecreaseCounter constructing_actor_cnt, current val is 2498
I1222 14:32:09.639113 82400 naive_actor.cpp:25] actor 37391985278990 switch to &NaiveActor::HandlerNormal
I1222 14:32:09.639161 82400 thread.cpp:99] Thread 17829888 construct Actor kNormalForward 37391985278990
I1222 14:32:09.639216 82410 naive_actor.cpp:25] actor 37391991570438 switch to &NaiveActor::HandlerNormal
I1222 14:32:09.639252 82400 runtime_context.cpp:29] DecreaseCounter constructing_actor_cnt, current val is 2497
I1222 14:32:09.639273 82410 thread.cpp:99] Thread 17829891 construct Actor kCollectiveBoxingGeneric 37391991570438
I1222 14:32:09.639325 82410 runtime_context.cpp:29] DecreaseCounter constructing_actor_cnt, current val is 2496
I1222 14:32:09.639361 82408 copy_comm_net_actor.cpp:66] actor 36284028420112 switch to &CopyCommNetActor::HandlerNormal
I1222 14:32:09.639498 82410 naive_actor.cpp:25] actor 37391991570579 switch to &NaiveActor::HandlerNormal
I1222 14:32:09.639539 82410 thread.cpp:99] Thread 17829891 construct Actor kCollectiveBoxingGeneric 37391991570579
I1222 14:32:09.639508 82408 thread.cpp:99] Thread 17301573 construct Actor kCopyCommNet 36284028420112
I1222 14:32:09.639597 82410 runtime_context.cpp:29] DecreaseCounter constructing_actor_cnt, current val is 2495
I1222 14:32:09.639734 82400 naive_actor.cpp:25] actor 37391985279004 switch to &NaiveActor::HandlerNormal
I1222 14:32:09.639791 82400 thread.cpp:99] Thread 17829888 construct Actor kNormalForward 37391985279004
I1222 14:32:09.639748 82408 runtime_context.cpp:29] DecreaseCounter constructing_actor_cnt, current val is 2494
I1222 14:32:09.639860 82410 naive_actor.cpp:25] actor 37391991570601 switch to &NaiveActor::HandlerNormal
I1222 14:32:09.639878 82400 runtime_context.cpp:29] DecreaseCounter constructing_actor_cnt, current val is 2493
I1222 14:32:09.640079 82410 thread.cpp:99] Thread 17829891 construct Actor kCollectiveBoxingGeneric 37391991570601
I1222 14:32:09.640287 82408 copy_comm_net_actor.cpp:66] actor 36284028420116 switch to &CopyCommNetActor::HandlerNormal
I1222 14:32:09.640661 82410 runtime_context.cpp:29] DecreaseCounter constructing_actor_cnt, current val is 2492
I1222 14:32:09.640799 82400 naive_actor.cpp:25] actor 37391985278999 switch to &NaiveActor::HandlerNormal
I1222 14:32:09.640874 82400 thread.cpp:99] Thread 17829888 construct Actor kNormalForward 37391985278999
I1222 14:32:09.640779 82408 thread.cpp:99] Thread 17301573 construct Actor kCopyCommNet 36284028420116
I1222 14:32:09.640930 82410 naive_actor.cpp:25] actor 37391991570482 switch to &NaiveActor::HandlerNormal
I1222 14:32:09.640933 82400 runtime_context.cpp:29] DecreaseCounter constructing_actor_cnt, current val is 2491
I1222 14:32:09.641088 82408 runtime_context.cpp:29] DecreaseCounter constructing_actor_cnt, current val is 2490
I1222 14:32:09.641085 82410 thread.cpp:99] Thread 17829891 construct Actor kCollectiveBoxingGeneric 37391991570482
I1222 14:32:09.641249 82410 runtime_context.cpp:29] DecreaseCounter constructing_actor_cnt, current val is 2489
I1222 14:32:09.641420 82410 naive_actor.cpp:25] actor 37391991570449 switch to &NaiveActor::HandlerNormal
I1222 14:32:09.641489 82410 thread.cpp:99] Thread 17829891 construct Actor kCollectiveBoxingGeneric 37391991570449
I1222 14:32:09.641434 82408 copy_comm_net_actor.cpp:66] actor 36284028420110 switch to &CopyCommNetActor::HandlerNormal
I1222 14:32:09.641552 82410 runtime_context.cpp:29] DecreaseCounter constructing_actor_cnt, current val is 2488
I1222 14:32:09.641582 82400 naive_actor.cpp:25] actor 37391985279006 switch to &NaiveActor::HandlerNormal
I1222 14:32:09.641729 82400 thread.cpp:99] Thread 17829888 construct Actor kNormalForward 37391985279006
I1222 14:32:09.641649 82408 thread.cpp:99] Thread 17301573 construct Actor kCopyCommNet 36284028420110
I1222 14:32:09.641789 82410 naive_actor.cpp:25] actor 37391991570521 switch to &NaiveActor::HandlerNormal
I1222 14:32:09.641801 82400 runtime_context.cpp:29] DecreaseCounter constructing_actor_cnt, current val is 2487
I1222 14:32:09.641896 82408 runtime_context.cpp:29] DecreaseCounter constructing_actor_cnt, current val is 2486
I1222 14:32:09.641917 82410 thread.cpp:99] Thread 17829891 construct Actor kCollectiveBoxingGeneric 37391991570521
I1222 14:32:09.642094 82410 runtime_context.cpp:29] DecreaseCounter constructing_actor_cnt, current val is 2485
I1222 14:32:09.642232 82408 copy_comm_net_actor.cpp:66] actor 36284028420115 switch to &CopyCommNetActor::HandlerNormal
I1222 14:32:09.642241 82410 naive_actor.cpp:25] actor 37391991570496 switch to &NaiveActor::HandlerNormal
I1222 14:32:09.642392 82400 naive_actor.cpp:25] actor 37391985279003 switch to &NaiveActor::HandlerNormal
I1222 14:32:09.642510 82400 thread.cpp:99] Thread 17829888 construct Actor kNormalForward 37391985279003
I1222 14:32:09.642453 82410 thread.cpp:99] Thread 17829891 construct Actor kCollectiveBoxingGeneric 37391991570496
I1222 14:32:09.642395 82408 thread.cpp:99] Thread 17301573 construct Actor kCopyCommNet 36284028420115
I1222 14:32:09.642573 82400 runtime_context.cpp:29] DecreaseCounter constructing_actor_cnt, current val is 2484
I1222 14:32:09.642594 82410 runtime_context.cpp:29] DecreaseCounter constructing_actor_cnt, current val is 2483
I1222 14:32:09.642693 82408 runtime_context.cpp:29] DecreaseCounter constructing_actor_cnt, current val is 2482
I1222 14:32:09.642839 82410 naive_actor.cpp:25] actor 37391991570455 switch to &NaiveActor::HandlerNormal
I1222 14:32:09.642874 82400 naive_actor.cpp:25] actor 37391985279005 switch to &NaiveActor::HandlerNormal
I1222 14:32:09.642905 82410 thread.cpp:99] Thread 17829891 construct Actor kCollectiveBoxingGeneric 37391991570455
I1222 14:32:09.642961 82400 thread.cpp:99] Thread 17829888 construct Actor kNormalForward 37391985279005
I1222 14:32:09.643013 82410 runtime_context.cpp:29] DecreaseCounter constructing_actor_cnt, current val is 2481
I1222 14:32:09.643036 82408 copy_comm_net_actor.cpp:66] actor 36284028420118 switch to &CopyCommNetActor::HandlerNormal
I1222 14:32:09.643102 82400 runtime_context.cpp:29] DecreaseCounter constructing_actor_cnt, current val is 2480
I1222 14:32:09.643828 82408 thread.cpp:99] Thread 17301573 construct Actor kCopyCommNet 36284028420118
I1222 14:32:09.643855 82410 naive_actor.cpp:25] actor 37391991570477 switch to &NaiveActor::HandlerNormal
I1222 14:32:09.643988 82410 thread.cpp:99] Thread 17829891 construct Actor kCollectiveBoxingGeneric 37391991570477
I1222 14:32:09.643973 82408 runtime_context.cpp:29] DecreaseCounter constructing_actor_cnt, current val is 2479
I1222 14:32:09.644054 82410 runtime_context.cpp:29] DecreaseCounter constructing_actor_cnt, current val is 2478
I1222 14:32:09.644261 82410 naive_actor.cpp:25] actor 37391991570523 switch to &NaiveActor::HandlerNormal
I1222 14:32:09.644307 82400 naive_actor.cpp:25] actor 37391985278995 switch to &NaiveActor::HandlerNormal
I1222 14:32:09.644311 82410 thread.cpp:99] Thread 17829891 construct Actor kCollectiveBoxingGeneric 37391991570523
I1222 14:32:09.644367 82400 thread.cpp:99] Thread 17829888 construct Actor kNormalForward 37391985278995
I1222 14:32:09.644415 82410 runtime_context.cpp:29] DecreaseCounter constructing_actor_cnt, current val is 2477
I1222 14:32:09.644460 82400 runtime_context.cpp:29] DecreaseCounter constructing_actor_cnt, current val is 2476
I1222 14:32:09.644580 82410 naive_actor.cpp:25] actor 37391991570440 switch to &NaiveActor::HandlerNormal
I1222 14:32:09.644629 82410 thread.cpp:99] Thread 17829891 construct Actor kCollectiveBoxingGeneric 37391991570440
I1222 14:32:09.644678 82410 runtime_context.cpp:29] DecreaseCounter constructing_actor_cnt, current val is 2475
I1222 14:32:09.644686 82400 naive_actor.cpp:25] actor 37391985279001 switch to &NaiveActor::HandlerNormal
I1222 14:32:09.644757 82400 thread.cpp:99] Thread 17829888 construct Actor kNormalForward 37391985279001
I1222 14:32:09.644820 82400 runtime_context.cpp:29] DecreaseCounter constructing_actor_cnt, current val is 2474
I1222 14:32:09.644831 82410 naive_actor.cpp:25] actor 37391991570583 switch to &NaiveActor::HandlerNormal
I1222 14:32:09.644904 82410 thread.cpp:99] Thread 17829891 construct Actor kCollectiveBoxingGeneric 37391991570583
I1222 14:32:09.644964 82410 runtime_context.cpp:29] DecreaseCounter constructing_actor_cnt, current val is 2473
I1222 14:32:09.645025 82400 naive_actor.cpp:25] actor 37391985279007 switch to &NaiveActor::HandlerNormal
I1222 14:32:09.645063 82400 thread.cpp:99] Thread 17829888 construct Actor kNormalForward 37391985279007
I1222 14:32:09.645098 82410 naive_actor.cpp:25] actor 37391991570481 switch to &NaiveActor::HandlerNormal
I1222 14:32:09.645107 82400 runtime_context.cpp:29] DecreaseCounter constructing_actor_cnt, current val is 2472
I1222 14:32:09.645159 82410 thread.cpp:99] Thread 17829891 construct Actor kCollectiveBoxingGeneric 37391991570481
I1222 14:32:09.645232 82410 runtime_context.cpp:29] DecreaseCounter constructing_actor_cnt, current val is 2471
I1222 14:32:09.645370 82410 naive_actor.cpp:25] actor 37391991570497 switch to &NaiveActor::HandlerNormal
I1222 14:32:09.645411 82410 thread.cpp:99] Thread 17829891 construct Actor kCollectiveBoxingGeneric 37391991570497
I1222 14:32:09.645458 82410 runtime_context.cpp:29] DecreaseCounter constructing_actor_cnt, current val is 2470
I1222 14:32:09.645591 82410 naive_actor.cpp:25] actor 37391991570458 switch to &NaiveActor::HandlerNormal
I1222 14:32:09.645632 82410 thread.cpp:99] Thread 17829891 construct Actor kCollectiveBoxingGeneric 37391991570458
I1222 14:32:09.645661 82400 naive_actor.cpp:25] actor 37391985279014 switch to &NaiveActor::HandlerNormal
I1222 14:32:09.645673 82410 runtime_context.cpp:29] DecreaseCounter constructing_actor_cnt, current val is 2469
I1222 14:32:09.645709 82400 thread.cpp:99] Thread 17829888 construct Actor kNormalForward 37391985279014
I1222 14:32:09.645797 82400 runtime_context.cpp:29] DecreaseCounter constructing_actor_cnt, current val is 2468
I1222 14:32:09.645841 82410 naive_actor.cpp:25] actor 37391991570466 switch to &NaiveActor::HandlerNormal
I1222 14:32:09.646028 82400 naive_actor.cpp:25] actor 37391985279046 switch to &NaiveActor::HandlerNormal
I1222 14:32:09.646458 82410 thread.cpp:99] Thread 17829891 construct Actor kCollectiveBoxingGeneric 37391991570466
I1222 14:32:09.646504 82400 thread.cpp:99] Thread 17829888 construct Actor kNormalForward 37391985279046
I1222 14:32:09.646564 82410 runtime_context.cpp:29] DecreaseCounter constructing_actor_cnt, current val is 2467
I1222 14:32:09.646608 82400 runtime_context.cpp:29] DecreaseCounter constructing_actor_cnt, current val is 2466
