 Insert buffer op : [System-Pipeline-Buffer-Op_-base_model.m_stage0.encoder.layer.1.output.dropout-dropout_97-mask_0-stage_id_0](buffer_size:4) 
 from [base_model.m_stage0.encoder.layer.1.output.dropout-dropout_97] (stage_id:0) -> [base_model.m_stage0.encoder.layer.1.output.dropout-dropout_97_grad] (stage_id:0) 
I1222 14:27:40.873355 81259 pipeline_buffer_pass.cpp:117] 
 Insert buffer op : [System-Pipeline-Buffer-Op_-base_model.m_stage0.encoder.layer.1.intermediate.intermediate_act_fn-gelu_94-out_0-stage_id_0](buffer_size:4) 
 from [base_model.m_stage0.encoder.layer.1.intermediate.intermediate_act_fn-gelu_94] (stage_id:0) -> [base_model.m_stage0.encoder.layer.1.output.dense-broadcast_matmul_95_b_grad] (stage_id:0) 
I1222 14:27:40.873934 81259 pipeline_buffer_pass.cpp:117] 
 Insert buffer op : [System-Pipeline-Buffer-Op_-base_model.m_stage0.encoder.layer.1.intermediate.dense-broadcast_add_93-z_0-stage_id_0](buffer_size:4) 
 from [base_model.m_stage0.encoder.layer.1.intermediate.dense-broadcast_add_93] (stage_id:0) -> [base_model.m_stage0.encoder.layer.1.intermediate.intermediate_act_fn-gelu_94_grad] (stage_id:0) 
I1222 14:27:40.873993 81259 pipeline_buffer_pass.cpp:117] 
 Insert buffer op : [System-Pipeline-Buffer-Op_-base_model.m_stage0.encoder.layer.1.attention.output.LayerNorm-layer_norm_91-y_0-stage_id_0](buffer_size:4) 
 from [base_model.m_stage0.encoder.layer.1.attention.output.LayerNorm-layer_norm_91] (stage_id:0) -> [base_model.m_stage0.encoder.layer.1.intermediate.dense-broadcast_matmul_92_b_grad] (stage_id:0) 
I1222 14:27:40.874049 81259 pipeline_buffer_pass.cpp:117] 
 Insert buffer op : [System-Pipeline-Buffer-Op_-base_model.m_stage0.encoder.layer.1.attention.output.LayerNorm-layer_norm_91-normalized_0-stage_id_0](buffer_size:4) 
 from [base_model.m_stage0.encoder.layer.1.attention.output.LayerNorm-layer_norm_91] (stage_id:0) -> [base_model.m_stage0.encoder.layer.1.attention.output.LayerNorm-layer_norm_91_param_grad] (stage_id:0) 
I1222 14:27:40.874104 81259 pipeline_buffer_pass.cpp:117] 
 Insert buffer op : [System-Pipeline-Buffer-Op_-base_model.m_stage0.encoder.layer.1.attention.output-add_n_90-out_0-stage_id_0](buffer_size:4) 
 from [base_model.m_stage0.encoder.layer.1.attention.output-add_n_90] (stage_id:0) -> [base_model.m_stage0.encoder.layer.1.attention.output.LayerNorm-layer_norm_91_grad] (stage_id:0) 
I1222 14:27:40.874157 81259 pipeline_buffer_pass.cpp:117] 
 Insert buffer op : [System-Pipeline-Buffer-Op_-base_model.m_stage0.encoder.layer.1.attention.output.LayerNorm-layer_norm_91-mean_0-stage_id_0](buffer_size:4) 
 from [base_model.m_stage0.encoder.layer.1.attention.output.LayerNorm-layer_norm_91] (stage_id:0) -> [base_model.m_stage0.encoder.layer.1.attention.output.LayerNorm-layer_norm_91_grad] (stage_id:0) 
I1222 14:27:40.874203 81259 pipeline_buffer_pass.cpp:117] 
 Insert buffer op : [System-Pipeline-Buffer-Op_-base_model.m_stage0.encoder.layer.1.attention.output.LayerNorm-layer_norm_91-inv_variance_0-stage_id_0](buffer_size:4) 
 from [base_model.m_stage0.encoder.layer.1.attention.output.LayerNorm-layer_norm_91] (stage_id:0) -> [base_model.m_stage0.encoder.layer.1.attention.output.LayerNorm-layer_norm_91_grad] (stage_id:0) 
I1222 14:27:40.874255 81259 pipeline_buffer_pass.cpp:117] 
 Insert buffer op : [System-Pipeline-Buffer-Op_-base_model.m_stage0.encoder.layer.1.attention.output.dropout-dropout_89-mask_0-stage_id_0](buffer_size:4) 
 from [base_model.m_stage0.encoder.layer.1.attention.output.dropout-dropout_89] (stage_id:0) -> [base_model.m_stage0.encoder.layer.1.attention.output.dropout-dropout_89_grad] (stage_id:0) 
I1222 14:27:40.874312 81259 pipeline_buffer_pass.cpp:117] 
 Insert buffer op : [System-Pipeline-Buffer-Op_-base_model.m_stage0.encoder.layer.1.attention.self-reshape_86-out_0-stage_id_0](buffer_size:4) 
 from [base_model.m_stage0.encoder.layer.1.attention.self-reshape_86] (stage_id:0) -> [base_model.m_stage0.encoder.layer.1.attention.output.dense-broadcast_matmul_87_b_grad] (stage_id:0) 
I1222 14:27:40.874369 81259 pipeline_buffer_pass.cpp:117] 
 Insert buffer op : [System-Pipeline-Buffer-Op_-base_model.m_stage0.encoder.layer.1.attention.self-transpose_77-output_0-stage_id_0](buffer_size:4) 
 from [base_model.m_stage0.encoder.layer.1.attention.self-transpose_77] (stage_id:0) -> [base_model.m_stage0.encoder.layer.1.attention.self-batch_matmul_84_grad_a] (stage_id:0) 
I1222 14:27:40.874452 81259 pipeline_buffer_pass.cpp:117] 
 Insert buffer op : [System-Pipeline-Buffer-Op_-base_model.m_stage0.encoder.layer.1.attention.self.dropout-dropout_83-out_0-stage_id_0](buffer_size:4) 
 from [base_model.m_stage0.encoder.layer.1.attention.self.dropout-dropout_83] (stage_id:0) -> [base_model.m_stage0.encoder.layer.1.attention.self-batch_matmul_84_grad_b] (stage_id:0) 
I1222 14:27:40.875075 81259 pipeline_buffer_pass.cpp:117] 
 Insert buffer op : [System-Pipeline-Buffer-Op_-base_model.m_stage0.encoder.layer.1.attention.self.dropout-dropout_83-mask_0-stage_id_0](buffer_size:4) 
 from [base_model.m_stage0.encoder.layer.1.attention.self.dropout-dropout_83] (stage_id:0) -> [base_model.m_stage0.encoder.layer.1.attention.self.dropout-dropout_83_grad] (stage_id:0) 
I1222 14:27:40.875133 81259 pipeline_buffer_pass.cpp:117] 
 Insert buffer op : [System-Pipeline-Buffer-Op_-base_model.m_stage0.encoder.layer.1.attention.self-softmax_82-out_0-stage_id_0](buffer_size:4) 
 from [base_model.m_stage0.encoder.layer.1.attention.self-softmax_82] (stage_id:0) -> [base_model.m_stage0.encoder.layer.1.attention.self-softmax_82_grad] (stage_id:0) 
I1222 14:27:40.875188 81259 pipeline_buffer_pass.cpp:117] 
 Insert buffer op : [System-Pipeline-Buffer-Op_-base_model.m_stage0.encoder.layer.0.output.LayerNorm-layer_norm_65-y_0-stage_id_0](buffer_size:4) 
 from [base_model.m_stage0.encoder.layer.0.output.LayerNorm-layer_norm_65] (stage_id:0) -> [base_model.m_stage0.encoder.layer.1.attention.self.value-broadcast_matmul_74_b_grad] (stage_id:0) 
I1222 14:27:40.875242 81259 pipeline_buffer_pass.cpp:117] 
 Insert buffer op : [System-Pipeline-Buffer-Op_-base_model.m_stage0.encoder.layer.1.attention.self-transpose_78-output_0-stage_id_0](buffer_size:4) 
 from [base_model.m_stage0.encoder.layer.1.attention.self-transpose_78] (stage_id:0) -> [base_model.m_stage0.encoder.layer.1.attention.self-batch_matmul_79_grad_a] (stage_id:0) 
I1222 14:27:40.875294 81259 pipeline_buffer_pass.cpp:117] 
 Insert buffer op : [System-Pipeline-Buffer-Op_-base_model.m_stage0.encoder.layer.1.attention.self-transpose_69-output_0-stage_id_0](buffer_size:4) 
 from [base_model.m_stage0.encoder.layer.1.attention.self-transpose_69] (stage_id:0) -> [base_model.m_stage0.encoder.layer.1.attention.self-batch_matmul_79_grad_b] (stage_id:0) 
I1222 14:27:40.875388 81259 pipeline_buffer_pass.cpp:117] 
 Insert buffer op : [System-Pipeline-Buffer-Op_-base_model.m_stage0.encoder.layer.0.output.LayerNorm-layer_norm_65-normalized_0-stage_id_0](buffer_size:4) 
 from [base_model.m_stage0.encoder.layer.0.output.LayerNorm-layer_norm_65] (stage_id:0) -> [base_model.m_stage0.encoder.layer.0.output.LayerNorm-layer_norm_65_param_grad] (stage_id:0) 
I1222 14:27:40.875443 81259 pipeline_buffer_pass.cpp:117] 
 Insert buffer op : [System-Pipeline-Buffer-Op_-base_model.m_stage0.encoder.layer.0.output-add_n_64-out_0-stage_id_0](buffer_size:4) 
 from [base_model.m_stage0.encoder.layer.0.output-add_n_64] (stage_id:0) -> [base_model.m_stage0.encoder.layer.0.output.LayerNorm-layer_norm_65_grad] (stage_id:0) 
I1222 14:27:40.875495 81259 pipeline_buffer_pass.cpp:117] 
 Insert buffer op : [System-Pipeline-Buffer-Op_-base_model.m_stage0.encoder.layer.0.output.LayerNorm-layer_norm_65-mean_0-stage_id_0](buffer_size:4) 
 from [base_model.m_stage0.encoder.layer.0.output.LayerNorm-layer_norm_65] (stage_id:0) -> [base_model.m_stage0.encoder.layer.0.output.LayerNorm-layer_norm_65_grad] (stage_id:0) 
I1222 14:27:40.875542 81259 pipeline_buffer_pass.cpp:117] 
 Insert buffer op : [System-Pipeline-Buffer-Op_-base_model.m_stage0.encoder.layer.0.output.LayerNorm-layer_norm_65-inv_variance_0-stage_id_0](buffer_size:4) 
 from [base_model.m_stage0.encoder.layer.0.output.LayerNorm-layer_norm_65] (stage_id:0) -> [base_model.m_stage0.encoder.layer.0.output.LayerNorm-layer_norm_65_grad] (stage_id:0) 
I1222 14:27:40.875594 81259 pipeline_buffer_pass.cpp:117] 
 Insert buffer op : [System-Pipeline-Buffer-Op_-base_model.m_stage0.encoder.layer.0.output.dropout-dropout_63-mask_0-stage_id_0](buffer_size:4) 
 from [base_model.m_stage0.encoder.layer.0.output.dropout-dropout_63] (stage_id:0) -> [base_model.m_stage0.encoder.layer.0.output.dropout-dropout_63_grad] (stage_id:0) 
I1222 14:27:40.875679 81259 pipeline_buffer_pass.cpp:117] 
 Insert buffer op : [System-Pipeline-Buffer-Op_-base_model.m_stage0.encoder.layer.0.intermediate.intermediate_act_fn-gelu_60-out_0-stage_id_0](buffer_size:4) 
 from [base_model.m_stage0.encoder.layer.0.intermediate.intermediate_act_fn-gelu_60] (stage_id:0) -> [base_model.m_stage0.encoder.layer.0.output.dense-broadcast_matmul_61_b_grad] (stage_id:0) 
I1222 14:27:40.876073 81259 pipeline_buffer_pass.cpp:117] 
 Insert buffer op : [System-Pipeline-Buffer-Op_-base_model.m_stage0.encoder.layer.0.intermediate.dense-broadcast_add_59-z_0-stage_id_0](buffer_size:4) 
 from [base_model.m_stage0.encoder.layer.0.intermediate.dense-broadcast_add_59] (stage_id:0) -> [base_model.m_stage0.encoder.layer.0.intermediate.intermediate_act_fn-gelu_60_grad] (stage_id:0) 
I1222 14:27:40.876133 81259 pipeline_buffer_pass.cpp:117] 
 Insert buffer op : [System-Pipeline-Buffer-Op_-base_model.m_stage0.encoder.layer.0.attention.output.LayerNorm-layer_norm_57-y_0-stage_id_0](buffer_size:4) 
 from [base_model.m_stage0.encoder.layer.0.attention.output.LayerNorm-layer_norm_57] (stage_id:0) -> [base_model.m_stage0.encoder.layer.0.intermediate.dense-broadcast_matmul_58_b_grad] (stage_id:0) 
I1222 14:27:40.876190 81259 pipeline_buffer_pass.cpp:117] 
 Insert buffer op : [System-Pipeline-Buffer-Op_-base_model.m_stage0.encoder.layer.0.attention.output.LayerNorm-layer_norm_57-normalized_0-stage_id_0](buffer_size:4) 
 from [base_model.m_stage0.encoder.layer.0.attention.output.LayerNorm-layer_norm_57] (stage_id:0) -> [base_model.m_stage0.encoder.layer.0.attention.output.LayerNorm-layer_norm_57_param_grad] (stage_id:0) 
I1222 14:27:40.876245 81259 pipeline_buffer_pass.cpp:117] 
 Insert buffer op : [System-Pipeline-Buffer-Op_-base_model.m_stage0.encoder.layer.0.attention.output.LayerNorm-layer_norm_57-mean_0-stage_id_0](buffer_size:4) 
 from [base_model.m_stage0.encoder.layer.0.attention.output.LayerNorm-layer_norm_57] (stage_id:0) -> [base_model.m_stage0.encoder.layer.0.attention.output.LayerNorm-layer_norm_57_grad] (stage_id:0) 
I1222 14:27:40.876296 81259 pipeline_buffer_pass.cpp:117] 
 Insert buffer op : [System-Pipeline-Buffer-Op_-base_model.m_stage0.encoder.layer.0.attention.output.LayerNorm-layer_norm_57-inv_variance_0-stage_id_0](buffer_size:4) 
 from [base_model.m_stage0.encoder.layer.0.attention.output.LayerNorm-layer_norm_57] (stage_id:0) -> [base_model.m_stage0.encoder.layer.0.attention.output.LayerNorm-layer_norm_57_grad] (stage_id:0) 
I1222 14:27:40.876344 81259 pipeline_buffer_pass.cpp:117] 
 Insert buffer op : [System-Pipeline-Buffer-Op_-base_model.m_stage0.encoder.layer.0.attention.output-add_n_56-out_0-stage_id_0](buffer_size:4) 
 from [base_model.m_stage0.encoder.layer.0.attention.output-add_n_56] (stage_id:0) -> [base_model.m_stage0.encoder.layer.0.attention.output.LayerNorm-layer_norm_57_grad] (stage_id:0) 
I1222 14:27:40.876397 81259 pipeline_buffer_pass.cpp:117] 
 Insert buffer op : [System-Pipeline-Buffer-Op_-base_model.m_stage0.encoder.layer.0.attention.output.dropout-dropout_55-mask_0-stage_id_0](buffer_size:4) 
 from [base_model.m_stage0.encoder.layer.0.attention.output.dropout-dropout_55] (stage_id:0) -> [base_model.m_stage0.encoder.layer.0.attention.output.dropout-dropout_55_grad] (stage_id:0) 
I1222 14:27:40.876456 81259 pipeline_buffer_pass.cpp:117] 
 Insert buffer op : [System-Pipeline-Buffer-Op_-base_model.m_stage0.encoder.layer.0.attention.self-reshape_52-out_0-stage_id_0](buffer_size:4) 
 from [base_model.m_stage0.encoder.layer.0.attention.self-reshape_52] (stage_id:0) -> [base_model.m_stage0.encoder.layer.0.attention.output.dense-broadcast_matmul_53_b_grad] (stage_id:0) 
I1222 14:27:40.876511 81259 pipeline_buffer_pass.cpp:117] 
 Insert buffer op : [System-Pipeline-Buffer-Op_-base_model.m_stage0.encoder.layer.0.attention.self-transpose_43-output_0-stage_id_0](buffer_size:4) 
 from [base_model.m_stage0.encoder.layer.0.attention.self-transpose_43] (stage_id:0) -> [base_model.m_stage0.encoder.layer.0.attention.self-batch_matmul_50_grad_a] (stage_id:0) 
I1222 14:27:40.876596 81259 pipeline_buffer_pass.cpp:117] 
 Insert buffer op : [System-Pipeline-Buffer-Op_-base_model.m_stage0.encoder.layer.0.attention.self.dropout-dropout_49-out_0-stage_id_0](buffer_size:4) 
 from [base_model.m_stage0.encoder.layer.0.attention.self.dropout-dropout_49] (stage_id:0) -> [base_model.m_stage0.encoder.layer.0.attention.self-batch_matmul_50_grad_b] (stage_id:0) 
I1222 14:27:40.877089 81259 pipeline_buffer_pass.cpp:117] 
 Insert buffer op : [System-Pipeline-Buffer-Op_-base_model.m_stage0.encoder.layer.0.attention.self.dropout-dropout_49-mask_0-stage_id_0](buffer_size:4) 
 from [base_model.m_stage0.encoder.layer.0.attention.self.dropout-dropout_49] (stage_id:0) -> [base_model.m_stage0.encoder.layer.0.attention.self.dropout-dropout_49_grad] (stage_id:0) 
I1222 14:27:40.877146 81259 pipeline_buffer_pass.cpp:117] 
 Insert buffer op : [System-Pipeline-Buffer-Op_-base_model.m_stage0.encoder.layer.0.attention.self-softmax_48-out_0-stage_id_0](buffer_size:4) 
 from [base_model.m_stage0.encoder.layer.0.attention.self-softmax_48] (stage_id:0) -> [base_model.m_stage0.encoder.layer.0.attention.self-softmax_48_grad] (stage_id:0) 
I1222 14:27:40.877204 81259 pipeline_buffer_pass.cpp:117] 
 Insert buffer op : [System-Pipeline-Buffer-Op_-base_model.m_stage0.embeddings.dropout-dropout_25-out_0-stage_id_0](buffer_size:4) 
 from [base_model.m_stage0.embeddings.dropout-dropout_25] (stage_id:0) -> [base_model.m_stage0.encoder.layer.0.attention.self.value-broadcast_matmul_40_b_grad] (stage_id:0) 
I1222 14:27:40.877259 81259 pipeline_buffer_pass.cpp:117] 
 Insert buffer op : [System-Pipeline-Buffer-Op_-base_model.m_stage0.encoder.layer.0.attention.self-transpose_44-output_0-stage_id_0](buffer_size:4) 
 from [base_model.m_stage0.encoder.layer.0.attention.self-transpose_44] (stage_id:0) -> [base_model.m_stage0.encoder.layer.0.attention.self-batch_matmul_45_grad_a] (stage_id:0) 
I1222 14:27:40.877311 81259 pipeline_buffer_pass.cpp:117] 
 Insert buffer op : [System-Pipeline-Buffer-Op_-base_model.m_stage0.encoder.layer.0.attention.self-transpose_35-output_0-stage_id_0](buffer_size:4) 
 from [base_model.m_stage0.encoder.layer.0.attention.self-transpose_35] (stage_id:0) -> [base_model.m_stage0.encoder.layer.0.attention.self-batch_matmul_45_grad_b] (stage_id:0) 
I1222 14:27:40.877401 81259 pipeline_buffer_pass.cpp:117] 
 Insert buffer op : [System-Pipeline-Buffer-Op_-base_model.m_stage0.embeddings.dropout-dropout_25-mask_0-stage_id_0](buffer_size:4) 
 from [base_model.m_stage0.embeddings.dropout-dropout_25] (stage_id:0) -> [base_model.m_stage0.embeddings.dropout-dropout_25_grad] (stage_id:0) 
I1222 14:27:40.877457 81259 pipeline_buffer_pass.cpp:117] 
 Insert buffer op : [System-Pipeline-Buffer-Op_-base_model.m_stage0.embeddings.LayerNorm-layer_norm_24-normalized_0-stage_id_0](buffer_size:4) 
 from [base_model.m_stage0.embeddings.LayerNorm-layer_norm_24] (stage_id:0) -> [base_model.m_stage0.embeddings.LayerNorm-layer_norm_24_param_grad] (stage_id:0) 
I1222 14:27:40.877514 81259 pipeline_buffer_pass.cpp:117] 
 Insert buffer op : [System-Pipeline-Buffer-Op_-base_model.m_stage0.embeddings-broadcast_add_23-z_0-stage_id_0](buffer_size:4) 
 from [base_model.m_stage0.embeddings-broadcast_add_23] (stage_id:0) -> [base_model.m_stage0.embeddings.LayerNorm-layer_norm_24_grad] (stage_id:0) 
I1222 14:27:40.877568 81259 pipeline_buffer_pass.cpp:117] 
 Insert buffer op : [System-Pipeline-Buffer-Op_-base_model.m_stage0.embeddings.LayerNorm-layer_norm_24-mean_0-stage_id_0](buffer_size:4) 
 from [base_model.m_stage0.embeddings.LayerNorm-layer_norm_24] (stage_id:0) -> [base_model.m_stage0.embeddings.LayerNorm-layer_norm_24_grad] (stage_id:0) 
I1222 14:27:40.877614 81259 pipeline_buffer_pass.cpp:117] 
 Insert buffer op : [System-Pipeline-Buffer-Op_-base_model.m_stage0.embeddings.LayerNorm-layer_norm_24-inv_variance_0-stage_id_0](buffer_size:4) 
 from [base_model.m_stage0.embeddings.LayerNorm-layer_norm_24] (stage_id:0) -> [base_model.m_stage0.embeddings.LayerNorm-layer_norm_24_grad] (stage_id:0) 
I1222 14:27:40.877715 81259 pipeline_buffer_pass.cpp:117] 
 Insert buffer op : [System-Pipeline-Buffer-Op_-base_model.m_stage0.embeddings.position_embeddings-gather_20-out_0-stage_id_0](buffer_size:4) 
 from [base_model.m_stage0.embeddings.position_embeddings-gather_20] (stage_id:0) -> [base_model.m_stage0.embeddings-broadcast_add_23_y_grad_reduce_sum_like] (stage_id:0) 
I1222 14:27:40.878089 81259 pipeline_buffer_pass.cpp:117] 
 Insert buffer op : [System-Pipeline-Buffer-Op_-base_model.m_stage0.embeddings-slice_19-y_0-stage_id_0](buffer_size:4) 
 from [base_model.m_stage0.embeddings-slice_19] (stage_id:0) -> [base_model.m_stage0.embeddings.position_embeddings-gather_20_grad] (stage_id:0) 
I1222 14:27:40.878150 81259 pipeline_buffer_pass.cpp:117] 
 Insert buffer op : [System-Pipeline-Buffer-Op_-base_model-identity_15-out_0-stage_id_0](buffer_size:4) 
 from [base_model-identity_15] (stage_id:0) -> [base_model.m_stage0.embeddings.word_embeddings-gather_18_grad] (stage_id:0) 
I1222 14:27:40.878206 81259 pipeline_buffer_pass.cpp:117] 
 Insert buffer op : [System-Pipeline-Buffer-Op_-base_model-identity_16-out_0-stage_id_0](buffer_size:4) 
 from [base_model-identity_16] (stage_id:0) -> [base_model.m_stage0.embeddings.token_type_embeddings-gather_21_grad] (stage_id:0) 
I1222 14:27:40.878801 81259 pipeline_buffer_pass.cpp:117] 
 Insert buffer op : [System-Pipeline-Buffer-Op_-_train_data_loader-hierarchical_parallel_cast_8-out_0-stage_id_0](buffer_size:4) 
 from [_train_data_loader-hierarchical_parallel_cast_8] (stage_id:0) -> [base_model-identity_15] (stage_id:0) 
I1222 14:27:40.878871 81259 pipeline_buffer_pass.cpp:117] 
 Insert buffer op : [System-Pipeline-Buffer-Op_-_train_data_loader-hierarchical_parallel_cast_11-out_0-stage_id_0](buffer_size:4) 
 from [_train_data_loader-hierarchical_parallel_cast_11] (stage_id:0) -> [base_model-identity_16] (stage_id:0) 
I1222 14:27:40.878923 81259 pipeline_buffer_pass.cpp:117] 
 Insert buffer op : [System-Pipeline-Buffer-Op_-_train_data_loader-hierarchical_parallel_cast_10-out_0-stage_id_0](buffer_size:4) 
 from [_train_data_loader-hierarchical_parallel_cast_10] (stage_id:0) -> [base_model-identity_17] (stage_id:0) 
I1222 14:27:40.879490 81259 pipeline_buffer_pass.cpp:212] 
 Insert buffer op pair : src_buffer = <System-Pipeline-Buffer-Op_-base_model-identity_440-out_0>(buffer_size:1) , dst_buffer = <System-Pipeline-Buffer-Op_-base_model-identity_440-out_0-stage_id_1>(buffer_size:1) 
 from [base_model-identity_440] (stage_id:0) -> [base_model-identity_441] (stage_id:1) 
I1222 14:27:40.879552 81259 pipeline_buffer_pass.cpp:117] 
 Insert buffer op : [System-Pipeline-Buffer-Op_-_train_data_loader-hierarchical_parallel_cast_10-out_0-stage_id_1](buffer_size:4) 
 from [_train_data_loader-hierarchical_parallel_cast_10] (stage_id:0) -> [base_model-identity_442] (stage_id:1) 
I1222 14:27:40.880085 81259 pipeline_buffer_pass.cpp:117] 
 Insert buffer op : [System-Pipeline-Buffer-Op_-_train_data_loader-hierarchical_parallel_cast_9-out_0-stage_id_1](buffer_size:4) 
 from [_train_data_loader-hierarchical_parallel_cast_9] (stage_id:0) -> [reshape_872] (stage_id:1) 
I1222 14:27:40.880152 81259 pipeline_buffer_pass.cpp:117] 
 Insert buffer op : [System-Pipeline-Buffer-Op_-_train_data_loader-hierarchical_parallel_cast_13-out_0-stage_id_1](buffer_size:4) 
 from [_train_data_loader-hierarchical_parallel_cast_13] (stage_id:0) -> [expand_dims_880] (stage_id:1) 
I1222 14:27:40.880208 81259 pipeline_buffer_pass.cpp:117] 
 Insert buffer op : [System-Pipeline-Buffer-Op_-_train_data_loader-hierarchical_parallel_cast_12-out_0-stage_id_1](buffer_size:4) 
 from [_train_data_loader-hierarchical_parallel_cast_12] (stage_id:0) -> [reshape_884] (stage_id:1) 
I1222 14:27:40.880265 81259 pipeline_buffer_pass.cpp:117] 
 Insert buffer op : [System-Pipeline-Buffer-Op_-_train_data_loader-hierarchical_parallel_cast_14-out_0-stage_id_1](buffer_size:4) 
 from [_train_data_loader-hierarchical_parallel_cast_14] (stage_id:0) -> [multiply_891] (stage_id:1) 
I1222 14:27:40.881531 81259 pipeline_buffer_pass.cpp:212] 
 Insert buffer op pair : src_buffer = <System-Pipeline-Buffer-Op_-base_model-identity_441_grad-out_0>(buffer_size:1) , dst_buffer = <System-Pipeline-Buffer-Op_-base_model-identity_441_grad-out_0-stage_id_0>(buffer_size:1) 
 from [base_model-identity_441_grad] (stage_id:1) -> [base_model-identity_440_grad] (stage_id:0) 
I1222 14:27:42.017345 81259 global.h:43] DeleteGlobal N7oneflow7JobDescE
I1222 14:27:43.250588 81259 global.h:36] NewGlobal N7oneflow7JobDescE
I1222 14:28:02.717232 81259 runtime_context.cpp:21] NewCounter constructing_actor_cnt 3261
I1222 14:28:02.718083 81704 wait_and_send_ids_actor.cpp:53] actor 36284020031488 switch to &WaitAndSendIdsActor::HandlerWaitToStart
I1222 14:28:02.718168 81704 thread.cpp:99] Thread 17301569 construct Actor kWaitAndSendIds 36284020031488
I1222 14:28:02.718582 81704 runtime_context.cpp:29] DecreaseCounter constructing_actor_cnt, current val is 3260
I1222 14:28:02.718807 81692 naive_actor.cpp:25] actor 37391985281976 switch to &NaiveActor::HandlerNormal
I1222 14:28:02.718860 81692 thread.cpp:99] Thread 17829888 construct Actor kDeviceTick 37391985281976
I1222 14:28:02.718919 81692 runtime_context.cpp:29] DecreaseCounter constructing_actor_cnt, current val is 3259
I1222 14:28:02.851164 81692 naive_actor.cpp:25] actor 37391985278983 switch to &NaiveActor::HandlerNormal
I1222 14:28:02.851265 81692 thread.cpp:99] Thread 17829888 construct Actor kNormalForward 37391985278983
I1222 14:28:02.851473 81692 runtime_context.cpp:29] DecreaseCounter constructing_actor_cnt, current val is 3258
I1222 14:28:02.851734 81696 naive_actor.cpp:25] actor 36283892105216 switch to &NaiveActor::HandlerNormal
I1222 14:28:02.851918 81692 naive_actor.cpp:25] actor 37391985278979 switch to &NaiveActor::HandlerNormal
I1222 14:28:02.851904 81699 naive_actor.cpp:25] actor 36283896299520 switch to &NaiveActor::HandlerNormal
I1222 14:28:02.851927 81696 thread.cpp:99] Thread 17301508 construct Actor kNormalForward 36283892105216
I1222 14:28:02.851974 81692 thread.cpp:99] Thread 17829888 construct Actor kNormalForward 37391985278979
I1222 14:28:02.852034 81699 thread.cpp:99] Thread 17301510 construct Actor kNormalForward 36283896299520
I1222 14:28:02.852069 81693 naive_actor.cpp:25] actor 36283890008064 switch to &NaiveActor::HandlerNormal
I1222 14:28:02.852331 81693 thread.cpp:99] Thread 17301507 construct Actor kNormalForward 36283890008064
I1222 14:28:02.852166 81698 naive_actor.cpp:25] actor 36283885813760 switch to &NaiveActor::HandlerNormal
I1222 14:28:02.852298 81696 runtime_context.cpp:29] DecreaseCounter constructing_actor_cnt, current val is 3257
I1222 14:28:02.852339 81692 runtime_context.cpp:29] DecreaseCounter constructing_actor_cnt, current val is 3256
I1222 14:28:02.852097 81694 naive_actor.cpp:25] actor 36283883716608 switch to &NaiveActor::HandlerNormal
I1222 14:28:02.852352 81699 runtime_context.cpp:29] DecreaseCounter constructing_actor_cnt, current val is 3255
I1222 14:28:02.852447 81693 runtime_context.cpp:29] DecreaseCounter constructing_actor_cnt, current val is 3254
I1222 14:28:02.852447 81698 thread.cpp:99] Thread 17301505 construct Actor kNormalForward 36283885813760
I1222 14:28:02.852681 81694 thread.cpp:99] Thread 17301504 construct Actor kNormalForward 36283883716608
I1222 14:28:02.852851 81698 runtime_context.cpp:29] DecreaseCounter constructing_actor_cnt, current val is 3253
I1222 14:28:02.852831 81697 naive_actor.cpp:25] actor 36283894202368 switch to &NaiveActor::HandlerNormal
I1222 14:28:02.852854 81695 naive_actor.cpp:25] actor 36283887910912 switch to &NaiveActor::HandlerNormal
I1222 14:28:02.853078 81697 thread.cpp:99] Thread 17301509 construct Actor kNormalForward 36283894202368
I1222 14:28:02.853085 81694 runtime_context.cpp:29] DecreaseCounter constructing_actor_cnt, current val is 3252
I1222 14:28:02.853482 81702 naive_actor.cpp:25] actor 37391987376132 switch to &NaiveActor::HandlerNormal
I1222 14:28:02.853547 81702 thread.cpp:99] Thread 17829889 construct Actor kCollectiveBoxingGeneric 37391987376132
I1222 14:28:02.853502 81697 runtime_context.cpp:29] DecreaseCounter constructing_actor_cnt, current val is 3251
I1222 14:28:02.853217 81695 thread.cpp:99] Thread 17301506 construct Actor kNormalForward 36283887910912
I1222 14:28:02.853597 81692 naive_actor.cpp:25] actor 37391985278984 switch to &NaiveActor::HandlerNormal
I1222 14:28:02.853793 81702 runtime_context.cpp:29] DecreaseCounter constructing_actor_cnt, current val is 3250
I1222 14:28:02.853838 81710 naive_actor.cpp:25] actor 37391989473283 switch to &NaiveActor::HandlerNormal
I1222 14:28:02.854570 81710 thread.cpp:99] Thread 17829890 construct Actor kCopyHd 37391989473283
I1222 14:28:02.853983 81705 copy_comm_net_actor.cpp:66] actor 36284028420096 switch to &CopyCommNetActor::HandlerNormal
I1222 14:28:02.854149 81703 naive_actor.cpp:25] actor 36283900493824 switch to &NaiveActor::HandlerNormal
I1222 14:28:02.854202 81706 sink_actor.cpp:21] actor 36284022128640 switch to &SinkActor::HandlerNormal
I1222 14:28:02.854243 81707 naive_actor.cpp:25] actor 36283898396672 switch to &NaiveActor::HandlerNormal
I1222 14:28:02.854959 81707 thread.cpp:99] Thread 17301511 construct Actor kNormalForward 36283898396672
I1222 14:28:02.854351 81713 naive_actor.cpp:25] actor 36284024225792 switch to &NaiveActor::HandlerNormal
I1222 14:28:02.854451 81708 naive_actor.cpp:25] actor 36284026322944 switch to &NaiveActor::HandlerNormal
I1222 14:28:02.854488 81692 thread.cpp:99] Thread 17829888 construct Actor kNormalForward 37391985278984
I1222 14:28:02.854501 81695 runtime_context.cpp:29] DecreaseCounter constructing_actor_cnt, current val is 3249
I1222 14:28:02.853948 81712 naive_actor.cpp:25] actor 37391991570432 switch to &NaiveActor::HandlerNormal
I1222 14:28:02.854636 81710 runtime_context.cpp:29] DecreaseCounter constructing_actor_cnt, current val is 3248
I1222 14:28:02.854653 81702 naive_actor.cpp:25] actor 37391987376138 switch to &NaiveActor::HandlerNormal
I1222 14:28:02.855432 81702 thread.cpp:99] Thread 17829889 construct Actor kCollectiveBoxingGeneric 37391987376138
I1222 14:28:02.854808 81703 thread.cpp:99] Thread 17301512 construct Actor kNormalForward 36283900493824
I1222 14:28:02.854900 81706 thread.cpp:99] Thread 17301570 construct Actor kCallbackNotify 36284022128640
I1222 14:28:02.854329 81700 naive_actor.cpp:25] actor 36284017934340 switch to &NaiveActor::HandlerNormal
I1222 14:28:02.855029 81707 runtime_context.cpp:29] DecreaseCounter constructing_actor_cnt, current val is 3247
I1222 14:28:02.855039 81713 thread.cpp:99] Thread 17301571 construct Actor kCriticalSectionWaitTick 36284024225792
I1222 14:28:02.855095 81708 thread.cpp:99] Thread 17301572 construct Actor kCriticalSectionWaitTick 36284026322944
I1222 14:28:02.855175 81692 runtime_context.cpp:29] DecreaseCounter constructing_actor_cnt, current val is 3246
I1222 14:28:02.855345 81712 thread.cpp:99] Thread 17829891 construct Actor kCopyHd 37391991570432
I1222 14:28:02.854737 81705 thread.cpp:99] Thread 17301573 construct Actor kCopyCommNet 36284028420096
I1222 14:28:02.855481 81702 runtime_context.cpp:29] DecreaseCounter constructing_actor_cnt, current val is 3245
I1222 14:28:02.855527 81703 runtime_context.cpp:29] DecreaseCounter constructing_actor_cnt, current val is 3244
I1222 14:28:02.855548 81710 naive_actor.cpp:25] actor 37391989473291 switch to &NaiveActor::HandlerNormal
I1222 14:28:02.856076 81692 naive_actor.cpp:25] actor 37391985278981 switch to &NaiveActor::HandlerNormal
I1222 14:28:02.856158 81692 thread.cpp:99] Thread 17829888 construct Actor kNormalForward 37391985278981
I1222 14:28:02.855731 81713 runtime_context.cpp:29] DecreaseCounter constructing_actor_cnt, current val is 3242
I1222 14:28:02.855772 81708 runtime_context.cpp:29] DecreaseCounter constructing_actor_cnt, current val is 3241
I1222 14:28:02.855895 81712 runtime_context.cpp:29] DecreaseCounter constructing_actor_cnt, current val is 3240
I1222 14:28:02.855988 81705 runtime_context.cpp:29] DecreaseCounter constructing_actor_cnt, current val is 3239
I1222 14:28:02.855616 81706 runtime_context.cpp:29] DecreaseCounter constructing_actor_cnt, current val is 3243
I1222 14:28:02.856119 81710 thread.cpp:99] Thread 17829890 construct Actor kCopyHd 37391989473291
I1222 14:28:02.856120 81702 naive_actor.cpp:25] actor 37391987376205 switch to &NaiveActor::HandlerNormal
I1222 14:28:02.857215 81702 thread.cpp:99] Thread 17829889 construct Actor kCollectiveBoxingGeneric 37391987376205
I1222 14:28:02.856217 81692 runtime_context.cpp:29] DecreaseCounter constructing_actor_cnt, current val is 3238
I1222 14:28:02.856669 81705 copy_comm_net_actor.cpp:66] actor 36284028420097 switch to &CopyCommNetActor::HandlerNormal
I1222 14:28:02.857200 81710 runtime_context.cpp:29] DecreaseCounter constructing_actor_cnt, current val is 3237
I1222 14:28:02.855661 81700 thread.cpp:99] Thread 17301568 construct Actor kTick 36284017934340
I1222 14:28:02.857252 81702 runtime_context.cpp:29] DecreaseCounter constructing_actor_cnt, current val is 3236
I1222 14:28:02.857367 81705 thread.cpp:99] Thread 17301573 construct Actor kCopyCommNet 36284028420097
I1222 14:28:02.857637 81700 runtime_context.cpp:29] DecreaseCounter constructing_actor_cnt, current val is 3235
I1222 14:28:02.857676 81705 runtime_context.cpp:29] DecreaseCounter constructing_actor_cnt, current val is 3234
I1222 14:28:02.857764 81710 naive_actor.cpp:25] actor 37391989473282 switch to &NaiveActor::HandlerNormal
I1222 14:28:02.857690 81702 naive_actor.cpp:25] actor 37391987376139 switch to &NaiveActor::HandlerNormal
I1222 14:28:02.857901 81710 thread.cpp:99] Thread 17829890 construct Actor kCopyHd 37391989473282
I1222 14:28:02.857926 81702 thread.cpp:99] Thread 17829889 construct Actor kCollectiveBoxingGeneric 37391987376139
I1222 14:28:02.858011 81692 naive_actor.cpp:25] actor 37391985278982 switch to &NaiveActor::HandlerNormal
I1222 14:28:02.858027 81705 copy_comm_net_actor.cpp:66] actor 36284028420099 switch to &CopyCommNetActor::HandlerNormal
I1222 14:28:02.858036 81710 runtime_context.cpp:29] DecreaseCounter constructing_actor_cnt, current val is 3233
I1222 14:28:02.858047 81702 runtime_context.cpp:29] DecreaseCounter constructing_actor_cnt, current val is 3232
I1222 14:28:02.858091 81692 thread.cpp:99] Thread 17829888 construct Actor kNormalForward 37391985278982
I1222 14:28:02.858187 81705 thread.cpp:99] Thread 17301573 construct Actor kCopyCommNet 36284028420099
I1222 14:28:02.858400 81702 naive_actor.cpp:25] actor 37391987376151 switch to &NaiveActor::HandlerNormal
I1222 14:28:02.858404 81692 runtime_context.cpp:29] DecreaseCounter constructing_actor_cnt, current val is 3231
I1222 14:28:02.858456 81705 runtime_context.cpp:29] DecreaseCounter constructing_actor_cnt, current val is 3230
I1222 14:28:02.858476 81702 thread.cpp:99] Thread 17829889 construct Actor kCollectiveBoxingGeneric 37391987376151
I1222 14:28:02.858530 81710 naive_actor.cpp:25] actor 37391989473290 switch to &NaiveActor::HandlerNormal
I1222 14:28:02.858676 81702 runtime_context.cpp:29] DecreaseCounter constructing_actor_cnt, current val is 3229
I1222 14:28:02.858738 81710 thread.cpp:99] Thread 17829890 construct Actor kCopyHd 37391989473290
I1222 14:28:02.858809 81700 naive_actor.cpp:25] actor 36284017934338 switch to &NaiveActor::HandlerNormal
I1222 14:28:02.858856 81705 copy_comm_net_actor.cpp:66] actor 36284028420112 switch to &CopyCommNetActor::HandlerNormal
I1222 14:28:02.858886 81702 naive_actor.cpp:25] actor 37391987376136 switch to &NaiveActor::HandlerNormal
I1222 14:28:02.859077 81702 thread.cpp:99] Thread 17829889 construct Actor kCollectiveBoxingGeneric 37391987376136
I1222 14:28:02.858971 81710 runtime_context.cpp:29] DecreaseCounter constructing_actor_cnt, current val is 3228
I1222 14:28:02.859037 81705 thread.cpp:99] Thread 17301573 construct Actor kCopyCommNet 36284028420112
I1222 14:28:02.858952 81700 thread.cpp:99] Thread 17301568 construct Actor kDstSubsetTick 36284017934338
I1222 14:28:02.859134 81702 runtime_context.cpp:29] DecreaseCounter constructing_actor_cnt, current val is 3227
I1222 14:28:02.859297 81705 runtime_context.cpp:29] DecreaseCounter constructing_actor_cnt, current val is 3226
I1222 14:28:02.859488 81702 naive_actor.cpp:25] actor 37391987376206 switch to &NaiveActor::HandlerNormal
I1222 14:28:02.860039 81702 thread.cpp:99] Thread 17829889 construct Actor kCollectiveBoxingGeneric 37391987376206
I1222 14:28:02.859745 81705 copy_comm_net_actor.cpp:66] actor 36284028420110 switch to &CopyCommNetActor::HandlerNormal
I1222 14:28:02.859803 81710 naive_actor.cpp:25] actor 37391989473281 switch to &NaiveActor::HandlerNormal
I1222 14:28:02.859529 81700 runtime_context.cpp:29] DecreaseCounter constructing_actor_cnt, current val is 3225
I1222 14:28:02.860092 81702 runtime_context.cpp:29] DecreaseCounter constructing_actor_cnt, current val is 3224
I1222 14:28:02.860103 81692 naive_actor.cpp:25] actor 37391985278976 switch to &NaiveActor::HandlerNormal
I1222 14:28:02.860174 81705 thread.cpp:99] Thread 17301573 construct Actor kCopyCommNet 36284028420110
I1222 14:28:02.860270 81710 thread.cpp:99] Thread 17829890 construct Actor kCopyHd 37391989473281
I1222 14:28:02.860419 81692 thread.cpp:99] Thread 17829888 construct Actor kNormalForward 37391985278976
I1222 14:28:02.860452 81702 naive_actor.cpp:25] actor 37391987376279 switch to &NaiveActor::HandlerNormal
I1222 14:28:02.860623 81710 runtime_context.cpp:29] DecreaseCounter constructing_actor_cnt, current val is 3222
I1222 14:28:02.860636 81702 thread.cpp:99] Thread 17829889 construct Actor kCollectiveBoxingGeneric 37391987376279
I1222 14:28:02.860527 81705 runtime_context.cpp:29] DecreaseCounter constructing_actor_cnt, current val is 3223
I1222 14:28:02.860667 81692 runtime_context.cpp:29] DecreaseCounter constructing_actor_cnt, current val is 3221
I1222 14:28:02.860742 81702 runtime_context.cpp:29] DecreaseCounter constructing_actor_cnt, current val is 3220
I1222 14:28:02.860944 81710 naive_actor.cpp:25] actor 37391989473288 switch to &NaiveActor::HandlerNormal
I1222 14:28:02.860991 81702 naive_actor.cpp:25] actor 37391987376168 switch to &NaiveActor::HandlerNormal
I1222 14:28:02.861094 81702 thread.cpp:99] Thread 17829889 construct Actor kCollectiveBoxingGeneric 37391987376168
I1222 14:28:02.861027 81700 naive_actor.cpp:25] actor 36284017934336 switch to &NaiveActor::HandlerNormal
I1222 14:28:02.861060 81710 thread.cpp:99] Thread 17829890 construct Actor kCopyHd 37391989473288
I1222 14:28:02.861018 81705 copy_comm_net_actor.cpp:66] actor 36284028420105 switch to &CopyCommNetActor::HandlerNormal
I1222 14:28:02.861130 81702 runtime_context.cpp:29] DecreaseCounter constructing_actor_cnt, current val is 3219
I1222 14:28:02.861213 81700 thread.cpp:99] Thread 17301568 construct Actor kSrcSubsetTick 36284017934336
I1222 14:28:02.861305 81710 runtime_context.cpp:29] DecreaseCounter constructing_actor_cnt, current val is 3218
I1222 14:28:02.861357 81705 thread.cpp:99] Thread 17301573 construct Actor kCopyCommNet 36284028420105
I1222 14:28:02.861511 81702 naive_actor.cpp:25] actor 37391987376182 switch to &NaiveActor::HandlerNormal
I1222 14:28:02.861651 81705 runtime_context.cpp:29] DecreaseCounter constructing_actor_cnt, current val is 3216
I1222 14:28:02.861621 81692 naive_actor.cpp:25] actor 37391985279008 switch to &NaiveActor::HandlerNormal
I1222 14:28:02.861661 81702 thread.cpp:99] Thread 17829889 construct Actor kCollectiveBoxingGeneric 37391987376182
I1222 14:28:02.861573 81700 runtime_context.cpp:29] DecreaseCounter constructing_actor_cnt, current val is 3217
I1222 14:28:02.861795 81692 thread.cpp:99] Thread 17829888 construct Actor kNormalForward 37391985279008
I1222 14:28:02.861946 81705 copy_comm_net_actor.cpp:66] actor 36284028420106 switch to &CopyCommNetActor::HandlerNormal
I1222 14:28:02.861860 81702 runtime_context.cpp:29] DecreaseCounter constructing_actor_cnt, current val is 3215
I1222 14:28:02.861799 81710 naive_actor.cpp:25] actor 37391989473289 switch to &NaiveActor::HandlerNormal
I1222 14:28:02.862025 81692 runtime_context.cpp:29] DecreaseCounter constructing_actor_cnt, current val is 3214
I1222 14:28:02.862048 81705 thread.cpp:99] Thread 17301573 construct Actor kCopyCommNet 36284028420106
I1222 14:28:02.862171 81710 thread.cpp:99] Thread 17829890 construct Actor kCopyHd 37391989473289
I1222 14:28:02.862180 81702 naive_actor.cpp:25] actor 37391987376133 switch to &NaiveActor::HandlerNormal
I1222 14:28:02.862870 81692 naive_actor.cpp:25] actor 37391985279015 switch to &NaiveActor::HandlerNormal
I1222 14:28:02.862444 81700 naive_actor.cpp:25] actor 36284017934341 switch to &NaiveActor::HandlerNormal
I1222 14:28:02.862886 81702 thread.cpp:99] Thread 17829889 construct Actor kCollectiveBoxingGeneric 37391987376133
I1222 14:28:02.862879 81710 runtime_context.cpp:29] DecreaseCounter constructing_actor_cnt, current val is 3212
I1222 14:28:02.862406 81705 runtime_context.cpp:29] DecreaseCounter constructing_actor_cnt, current val is 3213
I1222 14:28:02.862948 81692 thread.cpp:99] Thread 17829888 construct Actor kNormalForward 37391985279015
I1222 14:28:02.863029 81700 thread.cpp:99] Thread 17301568 construct Actor kTick 36284017934341
I1222 14:28:02.863068 81702 runtime_context.cpp:29] DecreaseCounter constructing_actor_cnt, current val is 3211
I1222 14:28:02.863296 81692 runtime_context.cpp:29] DecreaseCounter constructing_actor_cnt, current val is 3210
I1222 14:28:02.863332 81710 naive_actor.cpp:25] actor 37391989473280 switch to &NaiveActor::HandlerNormal
I1222 14:28:02.863374 81700 runtime_context.cpp:29] DecreaseCounter constructing_actor_cnt, current val is 3209
I1222 14:28:02.863443 81705 copy_comm_net_actor.cpp:66] actor 36284028420113 switch to &CopyCommNetActor::HandlerNormal
I1222 14:28:02.863462 81702 naive_actor.cpp:25] actor 37391987376238 switch to &NaiveActor::HandlerNormal
I1222 14:28:02.863683 81692 naive_actor.cpp:25] actor 37391985279040 switch to &NaiveActor::HandlerNormal
I1222 14:28:02.863750 81692 thread.cpp:99] Thread 17829888 construct Actor kNormalForward 37391985279040
I1222 14:28:02.863504 81710 thread.cpp:99] Thread 17829890 construct Actor kCopyHd 37391989473280
I1222 14:28:02.863698 81702 thread.cpp:99] Thread 17829889 construct Actor kCollectiveBoxingGeneric 37391987376238
I1222 14:28:02.863903 81710 runtime_context.cpp:29] DecreaseCounter constructing_actor_cnt, current val is 3207
I1222 14:28:02.863845 81692 runtime_context.cpp:29] DecreaseCounter constructing_actor_cnt, current val is 3208
I1222 14:28:02.863659 81705 thread.cpp:99] Thread 17301573 construct Actor kCopyCommNet 36284028420113
I1222 14:28:02.863926 81702 runtime_context.cpp:29] DecreaseCounter constructing_actor_cnt, current val is 3206
I1222 14:28:02.864131 81705 runtime_context.cpp:29] DecreaseCounter constructing_actor_cnt, current val is 3205
I1222 14:28:02.864202 81710 naive_actor.cpp:25] actor 37391989473292 switch to &NaiveActor::HandlerNormal
I1222 14:28:02.864092 81700 naive_actor.cpp:25] actor 36284017934339 switch to &NaiveActor::HandlerNormal
I1222 14:28:02.864234 81702 naive_actor.cpp:25] actor 37391987376153 switch to &NaiveActor::HandlerNormal
I1222 14:28:02.864423 81705 copy_comm_net_actor.cpp:66] actor 36284028420098 switch to &CopyCommNetActor::HandlerNormal
I1222 14:28:02.864310 81710 thread.cpp:99] Thread 17829890 construct Actor kCopyHd 37391989473292
I1222 14:28:02.864398 81700 thread.cpp:99] Thread 17301568 construct Actor kTick 36284017934339
I1222 14:28:02.864253 81692 naive_actor.cpp:25] actor 37391985279047 switch to &NaiveActor::HandlerNormal
I1222 14:28:02.864451 81702 thread.cpp:99] Thread 17829889 construct Actor kCollectiveBoxingGeneric 37391987376153
I1222 14:28:02.864696 81700 runtime_context.cpp:29] DecreaseCounter constructing_actor_cnt, current val is 3203
I1222 14:28:02.864615 81710 runtime_context.cpp:29] DecreaseCounter constructing_actor_cnt, current val is 3204
I1222 14:28:02.864682 81692 thread.cpp:99] Thread 17829888 construct Actor kNormalForward 37391985279047
I1222 14:28:02.864518 81705 thread.cpp:99] Thread 17301573 construct Actor kCopyCommNet 36284028420098
I1222 14:28:02.864715 81702 runtime_context.cpp:29] DecreaseCounter constructing_actor_cnt, current val is 3202
I1222 14:28:02.864966 81705 runtime_context.cpp:29] DecreaseCounter constructing_actor_cnt, current val is 3200
I1222 14:28:02.864898 81692 runtime_context.cpp:29] DecreaseCounter constructing_actor_cnt, current val is 3201
I1222 14:28:02.865027 81710 naive_actor.cpp:25] actor 37391989473287 switch to &NaiveActor::HandlerNormal
I1222 14:28:02.865077 81702 naive_actor.cpp:25] actor 37391987376320 switch to &NaiveActor::HandlerNormal
I1222 14:28:02.865805 81702 thread.cpp:99] Thread 17829889 construct Actor kCollectiveBoxingGeneric 37391987376320
I1222 14:28:02.865352 81700 naive_actor.cpp:25] actor 36284017934345 switch to &NaiveActor::HandlerNormal
I1222 14:28:02.865741 81710 thread.cpp:99] Thread 17829890 construct Actor kCopyHd 37391989473287
I1222 14:28:02.865324 81705 copy_comm_net_actor.cpp:66] actor 36284028420109 switch to &CopyCommNetActor::HandlerNormal
I1222 14:28:02.865844 81702 runtime_context.cpp:29] DecreaseCounter constructing_actor_cnt, current val is 3199
I1222 14:28:02.865921 81692 naive_actor.cpp:25] actor 37391985278989 switch to &NaiveActor::HandlerNormal
I1222 14:28:02.865921 81700 thread.cpp:99] Thread 17301568 construct Actor kDstSubsetTick 36284017934345
I1222 14:28:02.866029 81710 runtime_context.cpp:29] DecreaseCounter constructing_actor_cnt, current val is 3198
I1222 14:28:02.866323 81700 runtime_context.cpp:29] DecreaseCounter constructing_actor_cnt, current val is 3197
I1222 14:28:02.866189 81692 thread.cpp:99] Thread 17829888 construct Actor kNormalForward 37391985278989
I1222 14:28:02.866233 81702 naive_actor.cpp:25] actor 37391987376222 switch to &NaiveActor::HandlerNormal
I1222 14:28:02.866504 81692 runtime_context.cpp:29] DecreaseCounter constructing_actor_cnt, current val is 3196
I1222 14:28:02.866510 81702 thread.cpp:99] Thread 17829889 construct Actor kCollectiveBoxingGeneric 37391987376222
I1222 14:28:02.866569 81710 naive_actor.cpp:25] actor 37391989473284 switch to &NaiveActor::HandlerNormal
I1222 14:28:02.866094 81705 thread.cpp:99] Thread 17301573 construct Actor kCopyCommNet 36284028420109
I1222 14:28:02.866590 81702 runtime_context.cpp:29] DecreaseCounter constructing_actor_cnt, current val is 3195
I1222 14:28:02.866673 81710 thread.cpp:99] Thread 17829890 construct Actor kCopyHd 37391989473284
I1222 14:28:02.866780 81705 runtime_context.cpp:29] DecreaseCounter constructing_actor_cnt, current val is 3194
I1222 14:28:02.866889 81702 naive_actor.cpp:25] actor 37391987376148 switch to &NaiveActor::HandlerNormal
I1222 14:28:02.866890 81710 runtime_context.cpp:29] DecreaseCounter constructing_actor_cnt, current val is 3193
I1222 14:28:02.866923 81700 naive_actor.cpp:25] actor 36284017934337 switch to &NaiveActor::HandlerNormal
I1222 14:28:02.866976 81702 thread.cpp:99] Thread 17829889 construct Actor kCollectiveBoxingGeneric 37391987376148
I1222 14:28:02.867146 81705 copy_comm_net_actor.cpp:66] actor 36284028420111 switch to &CopyCommNetActor::HandlerNormal
I1222 14:28:02.867167 81700 thread.cpp:99] Thread 17301568 construct Actor kTick 36284017934337
I1222 14:28:02.867197 81692 naive_actor.cpp:25] actor 37391985278977 switch to &NaiveActor::HandlerNormal
I1222 14:28:02.867233 81702 runtime_context.cpp:29] DecreaseCounter constructing_actor_cnt, current val is 3192
I1222 14:28:02.867249 81710 naive_actor.cpp:25] actor 37391989473286 switch to &NaiveActor::HandlerNormal
I1222 14:28:02.867319 81705 thread.cpp:99] Thread 17301573 construct Actor kCopyCommNet 36284028420111
I1222 14:28:02.867434 81692 thread.cpp:99] Thread 17829888 construct Actor kNormalForward 37391985278977
I1222 14:28:02.867439 81700 runtime_context.cpp:29] DecreaseCounter constructing_actor_cnt, current val is 3191
I1222 14:28:02.867558 81710 thread.cpp:99] Thread 17829890 construct Actor kCopyHd 37391989473286
I1222 14:28:02.867568 81702 naive_actor.cpp:25] actor 37391987376201 switch to &NaiveActor::HandlerNormal
I1222 14:28:02.867864 81702 thread.cpp:99] Thread 17829889 construct Actor kCollectiveBoxingGeneric 37391987376201
I1222 14:28:02.867700 81692 runtime_context.cpp:29] DecreaseCounter constructing_actor_cnt, current val is 3189
I1222 14:28:02.867851 81710 runtime_context.cpp:29] DecreaseCounter constructing_actor_cnt, current val is 3188
I1222 14:28:02.867650 81705 runtime_context.cpp:29] DecreaseCounter constructing_actor_cnt, current val is 3190
I1222 14:28:02.867915 81702 runtime_context.cpp:29] DecreaseCounter constructing_actor_cnt, current val is 3187
I1222 14:28:02.868221 81700 naive_actor.cpp:25] actor 36284017934343 switch to &NaiveActor::HandlerNormal
I1222 14:28:02.868338 81710 naive_actor.cpp:25] actor 37391989473285 switch to &NaiveActor::HandlerNormal
I1222 14:28:02.868626 81692 naive_actor.cpp:25] actor 37391985278987 switch to &NaiveActor::HandlerNormal
I1222 14:28:02.868937 81705 copy_comm_net_actor.cpp:66] actor 36284028420107 switch to &CopyCommNetActor::HandlerNormal
I1222 14:28:02.868829 81700 thread.cpp:99] Thread 17301568 construct Actor kDstSubsetTick 36284017934343
I1222 14:28:02.868904 81710 thread.cpp:99] Thread 17829890 construct Actor kCopyHd 37391989473285
I1222 14:28:02.868813 81702 naive_actor.cpp:25] actor 37391987376216 switch to &NaiveActor::HandlerNormal
I1222 14:28:02.868961 81692 thread.cpp:99] Thread 17829888 construct Actor kNormalForward 37391985278987
I1222 14:28:02.869037 81705 thread.cpp:99] Thread 17301573 construct Actor kCopyCommNet 36284028420107
I1222 14:28:02.869156 81700 runtime_context.cpp:29] DecreaseCounter constructing_actor_cnt, current val is 3186
I1222 14:28:02.869184 81702 thread.cpp:99] Thread 17829889 construct Actor kCollectiveBoxingGeneric 37391987376216
I1222 14:28:02.869186 81710 runtime_context.cpp:29] DecreaseCounter constructing_actor_cnt, current val is 3185
I1222 14:28:02.869251 81692 runtime_context.cpp:29] DecreaseCounter constructing_actor_cnt, current val is 3184
I1222 14:28:02.869307 81705 runtime_context.cpp:29] DecreaseCounter constructing_actor_cnt, current val is 3183
I1222 14:28:02.869405 81702 runtime_context.cpp:29] DecreaseCounter constructing_actor_cnt, current val is 3182
I1222 14:28:02.869719 81702 naive_actor.cpp:25] actor 37391987376169 switch to &NaiveActor::HandlerNormal
I1222 14:28:02.869761 81702 thread.cpp:99] Thread 17829889 construct Actor kCollectiveBoxingGeneric 37391987376169
I1222 14:28:02.869804 81705 copy_comm_net_actor.cpp:66] actor 36284028420108 switch to &CopyCommNetActor::HandlerNormal
I1222 14:28:02.869820 81702 runtime_context.cpp:29] DecreaseCounter constructing_actor_cnt, current val is 3181
I1222 14:28:02.869902 81705 thread.cpp:99] Thread 17301573 construct Actor kCopyCommNet 36284028420108
I1222 14:28:02.870009 81700 naive_actor.cpp:25] actor 36284017934342 switch to &NaiveActor::HandlerNormal
I1222 14:28:02.870041 81702 naive_actor.cpp:25] actor 37391987376240 switch to &NaiveActor::HandlerNormal
I1222 14:28:02.870157 81702 thread.cpp:99] Thread 17829889 construct Actor kCollectiveBoxingGeneric 37391987376240
I1222 14:28:02.870116 81700 thread.cpp:99] Thread 17301568 construct Actor kSrcSubsetTick 36284017934342
I1222 14:28:02.870041 81705 runtime_context.cpp:29] DecreaseCounter constructing_actor_cnt, current val is 3180
I1222 14:28:02.870193 81702 runtime_context.cpp:29] DecreaseCounter constructing_actor_cnt, current val is 3179
I1222 14:28:02.870258 81692 naive_actor.cpp:25] actor 37391985278980 switch to &NaiveActor::HandlerNormal
I1222 14:28:02.870313 81700 runtime_context.cpp:29] DecreaseCounter constructing_actor_cnt, current val is 3178
I1222 14:28:02.870417 81692 thread.cpp:99] Thread 17829888 construct Actor kNormalForward 37391985278980
I1222 14:28:02.870514 81705 copy_comm_net_actor.cpp:66] actor 36284028420102 switch to &CopyCommNetActor::HandlerNormal
I1222 14:28:02.870452 81702 naive_actor.cpp:25] actor 37391987376145 switch to &NaiveActor::HandlerNormal
I1222 14:28:02.870581 81692 runtime_context.cpp:29] DecreaseCounter constructing_actor_cnt, current val is 3177
I1222 14:28:02.870615 81705 thread.cpp:99] Thread 17301573 construct Actor kCopyCommNet 36284028420102
I1222 14:28:02.870656 81702 thread.cpp:99] Thread 17829889 construct Actor kCollectiveBoxingGeneric 37391987376145
I1222 14:28:02.870823 81705 runtime_context.cpp:29] DecreaseCounter constructing_actor_cnt, current val is 3176
I1222 14:28:02.870836 81702 runtime_context.cpp:29] DecreaseCounter constructing_actor_cnt, current val is 3175
I1222 14:28:02.870954 81692 naive_actor.cpp:25] actor 37391985278985 switch to &NaiveActor::HandlerNormal
I1222 14:28:02.871150 81700 naive_actor.cpp:25] actor 36284017934344 switch to &NaiveActor::HandlerNormal
I1222 14:28:02.871178 81705 copy_comm_net_actor.cpp:66] actor 36284028420101 switch to &CopyCommNetActor::HandlerNormal
I1222 14:28:02.871429 81692 thread.cpp:99] Thread 17829888 construct Actor kNormalForward 37391985278985
I1222 14:28:02.871479 81702 naive_actor.cpp:25] actor 37391987376231 switch to &NaiveActor::HandlerNormal
