 Insert buffer op : [System-Pipeline-Buffer-Op_-base_model.m_stage0.encoder.layer.1.output.dropout-dropout_97-mask_0-stage_id_0](buffer_size:4) 
 from [base_model.m_stage0.encoder.layer.1.output.dropout-dropout_97] (stage_id:0) -> [base_model.m_stage0.encoder.layer.1.output.dropout-dropout_97_grad] (stage_id:0) 
I1222 14:46:08.524770 84791 pipeline_buffer_pass.cpp:117] 
 Insert buffer op : [System-Pipeline-Buffer-Op_-base_model.m_stage0.encoder.layer.1.intermediate.intermediate_act_fn-gelu_94-out_0-stage_id_0](buffer_size:4) 
 from [base_model.m_stage0.encoder.layer.1.intermediate.intermediate_act_fn-gelu_94] (stage_id:0) -> [base_model.m_stage0.encoder.layer.1.output.dense-broadcast_matmul_95_b_grad] (stage_id:0) 
I1222 14:46:08.525252 84791 pipeline_buffer_pass.cpp:117] 
 Insert buffer op : [System-Pipeline-Buffer-Op_-base_model.m_stage0.encoder.layer.1.intermediate.dense-broadcast_add_93-z_0-stage_id_0](buffer_size:4) 
 from [base_model.m_stage0.encoder.layer.1.intermediate.dense-broadcast_add_93] (stage_id:0) -> [base_model.m_stage0.encoder.layer.1.intermediate.intermediate_act_fn-gelu_94_grad] (stage_id:0) 
I1222 14:46:08.525326 84791 pipeline_buffer_pass.cpp:117] 
 Insert buffer op : [System-Pipeline-Buffer-Op_-base_model.m_stage0.encoder.layer.1.attention.output.LayerNorm-layer_norm_91-y_0-stage_id_0](buffer_size:4) 
 from [base_model.m_stage0.encoder.layer.1.attention.output.LayerNorm-layer_norm_91] (stage_id:0) -> [base_model.m_stage0.encoder.layer.1.intermediate.dense-broadcast_matmul_92_b_grad] (stage_id:0) 
I1222 14:46:08.525396 84791 pipeline_buffer_pass.cpp:117] 
 Insert buffer op : [System-Pipeline-Buffer-Op_-base_model.m_stage0.encoder.layer.1.attention.output.LayerNorm-layer_norm_91-normalized_0-stage_id_0](buffer_size:4) 
 from [base_model.m_stage0.encoder.layer.1.attention.output.LayerNorm-layer_norm_91] (stage_id:0) -> [base_model.m_stage0.encoder.layer.1.attention.output.LayerNorm-layer_norm_91_param_grad] (stage_id:0) 
I1222 14:46:08.525466 84791 pipeline_buffer_pass.cpp:117] 
 Insert buffer op : [System-Pipeline-Buffer-Op_-base_model.m_stage0.encoder.layer.1.attention.output-add_n_90-out_0-stage_id_0](buffer_size:4) 
 from [base_model.m_stage0.encoder.layer.1.attention.output-add_n_90] (stage_id:0) -> [base_model.m_stage0.encoder.layer.1.attention.output.LayerNorm-layer_norm_91_grad] (stage_id:0) 
I1222 14:46:08.525533 84791 pipeline_buffer_pass.cpp:117] 
 Insert buffer op : [System-Pipeline-Buffer-Op_-base_model.m_stage0.encoder.layer.1.attention.output.LayerNorm-layer_norm_91-mean_0-stage_id_0](buffer_size:4) 
 from [base_model.m_stage0.encoder.layer.1.attention.output.LayerNorm-layer_norm_91] (stage_id:0) -> [base_model.m_stage0.encoder.layer.1.attention.output.LayerNorm-layer_norm_91_grad] (stage_id:0) 
I1222 14:46:08.525593 84791 pipeline_buffer_pass.cpp:117] 
 Insert buffer op : [System-Pipeline-Buffer-Op_-base_model.m_stage0.encoder.layer.1.attention.output.LayerNorm-layer_norm_91-inv_variance_0-stage_id_0](buffer_size:4) 
 from [base_model.m_stage0.encoder.layer.1.attention.output.LayerNorm-layer_norm_91] (stage_id:0) -> [base_model.m_stage0.encoder.layer.1.attention.output.LayerNorm-layer_norm_91_grad] (stage_id:0) 
I1222 14:46:08.525660 84791 pipeline_buffer_pass.cpp:117] 
 Insert buffer op : [System-Pipeline-Buffer-Op_-base_model.m_stage0.encoder.layer.1.attention.output.dropout-dropout_89-mask_0-stage_id_0](buffer_size:4) 
 from [base_model.m_stage0.encoder.layer.1.attention.output.dropout-dropout_89] (stage_id:0) -> [base_model.m_stage0.encoder.layer.1.attention.output.dropout-dropout_89_grad] (stage_id:0) 
I1222 14:46:08.525732 84791 pipeline_buffer_pass.cpp:117] 
 Insert buffer op : [System-Pipeline-Buffer-Op_-base_model.m_stage0.encoder.layer.1.attention.self-reshape_86-out_0-stage_id_0](buffer_size:4) 
 from [base_model.m_stage0.encoder.layer.1.attention.self-reshape_86] (stage_id:0) -> [base_model.m_stage0.encoder.layer.1.attention.output.dense-broadcast_matmul_87_b_grad] (stage_id:0) 
I1222 14:46:08.525807 84791 pipeline_buffer_pass.cpp:117] 
 Insert buffer op : [System-Pipeline-Buffer-Op_-base_model.m_stage0.encoder.layer.1.attention.self-transpose_77-output_0-stage_id_0](buffer_size:4) 
 from [base_model.m_stage0.encoder.layer.1.attention.self-transpose_77] (stage_id:0) -> [base_model.m_stage0.encoder.layer.1.attention.self-batch_matmul_84_grad_a] (stage_id:0) 
I1222 14:46:08.525904 84791 pipeline_buffer_pass.cpp:117] 
 Insert buffer op : [System-Pipeline-Buffer-Op_-base_model.m_stage0.encoder.layer.1.attention.self.dropout-dropout_83-out_0-stage_id_0](buffer_size:4) 
 from [base_model.m_stage0.encoder.layer.1.attention.self.dropout-dropout_83] (stage_id:0) -> [base_model.m_stage0.encoder.layer.1.attention.self-batch_matmul_84_grad_b] (stage_id:0) 
I1222 14:46:08.526362 84791 pipeline_buffer_pass.cpp:117] 
 Insert buffer op : [System-Pipeline-Buffer-Op_-base_model.m_stage0.encoder.layer.1.attention.self.dropout-dropout_83-mask_0-stage_id_0](buffer_size:4) 
 from [base_model.m_stage0.encoder.layer.1.attention.self.dropout-dropout_83] (stage_id:0) -> [base_model.m_stage0.encoder.layer.1.attention.self.dropout-dropout_83_grad] (stage_id:0) 
I1222 14:46:08.526432 84791 pipeline_buffer_pass.cpp:117] 
 Insert buffer op : [System-Pipeline-Buffer-Op_-base_model.m_stage0.encoder.layer.1.attention.self-softmax_82-out_0-stage_id_0](buffer_size:4) 
 from [base_model.m_stage0.encoder.layer.1.attention.self-softmax_82] (stage_id:0) -> [base_model.m_stage0.encoder.layer.1.attention.self-softmax_82_grad] (stage_id:0) 
I1222 14:46:08.526504 84791 pipeline_buffer_pass.cpp:117] 
 Insert buffer op : [System-Pipeline-Buffer-Op_-base_model.m_stage0.encoder.layer.0.output.LayerNorm-layer_norm_65-y_0-stage_id_0](buffer_size:4) 
 from [base_model.m_stage0.encoder.layer.0.output.LayerNorm-layer_norm_65] (stage_id:0) -> [base_model.m_stage0.encoder.layer.1.attention.self.value-broadcast_matmul_74_b_grad] (stage_id:0) 
I1222 14:46:08.526574 84791 pipeline_buffer_pass.cpp:117] 
 Insert buffer op : [System-Pipeline-Buffer-Op_-base_model.m_stage0.encoder.layer.1.attention.self-transpose_78-output_0-stage_id_0](buffer_size:4) 
 from [base_model.m_stage0.encoder.layer.1.attention.self-transpose_78] (stage_id:0) -> [base_model.m_stage0.encoder.layer.1.attention.self-batch_matmul_79_grad_a] (stage_id:0) 
I1222 14:46:08.526643 84791 pipeline_buffer_pass.cpp:117] 
 Insert buffer op : [System-Pipeline-Buffer-Op_-base_model.m_stage0.encoder.layer.1.attention.self-transpose_69-output_0-stage_id_0](buffer_size:4) 
 from [base_model.m_stage0.encoder.layer.1.attention.self-transpose_69] (stage_id:0) -> [base_model.m_stage0.encoder.layer.1.attention.self-batch_matmul_79_grad_b] (stage_id:0) 
I1222 14:46:08.526754 84791 pipeline_buffer_pass.cpp:117] 
 Insert buffer op : [System-Pipeline-Buffer-Op_-base_model.m_stage0.encoder.layer.0.output.LayerNorm-layer_norm_65-normalized_0-stage_id_0](buffer_size:4) 
 from [base_model.m_stage0.encoder.layer.0.output.LayerNorm-layer_norm_65] (stage_id:0) -> [base_model.m_stage0.encoder.layer.0.output.LayerNorm-layer_norm_65_param_grad] (stage_id:0) 
I1222 14:46:08.526831 84791 pipeline_buffer_pass.cpp:117] 
 Insert buffer op : [System-Pipeline-Buffer-Op_-base_model.m_stage0.encoder.layer.0.output-add_n_64-out_0-stage_id_0](buffer_size:4) 
 from [base_model.m_stage0.encoder.layer.0.output-add_n_64] (stage_id:0) -> [base_model.m_stage0.encoder.layer.0.output.LayerNorm-layer_norm_65_grad] (stage_id:0) 
I1222 14:46:08.526899 84791 pipeline_buffer_pass.cpp:117] 
 Insert buffer op : [System-Pipeline-Buffer-Op_-base_model.m_stage0.encoder.layer.0.output.LayerNorm-layer_norm_65-mean_0-stage_id_0](buffer_size:4) 
 from [base_model.m_stage0.encoder.layer.0.output.LayerNorm-layer_norm_65] (stage_id:0) -> [base_model.m_stage0.encoder.layer.0.output.LayerNorm-layer_norm_65_grad] (stage_id:0) 
I1222 14:46:08.526959 84791 pipeline_buffer_pass.cpp:117] 
 Insert buffer op : [System-Pipeline-Buffer-Op_-base_model.m_stage0.encoder.layer.0.output.LayerNorm-layer_norm_65-inv_variance_0-stage_id_0](buffer_size:4) 
 from [base_model.m_stage0.encoder.layer.0.output.LayerNorm-layer_norm_65] (stage_id:0) -> [base_model.m_stage0.encoder.layer.0.output.LayerNorm-layer_norm_65_grad] (stage_id:0) 
I1222 14:46:08.527026 84791 pipeline_buffer_pass.cpp:117] 
 Insert buffer op : [System-Pipeline-Buffer-Op_-base_model.m_stage0.encoder.layer.0.output.dropout-dropout_63-mask_0-stage_id_0](buffer_size:4) 
 from [base_model.m_stage0.encoder.layer.0.output.dropout-dropout_63] (stage_id:0) -> [base_model.m_stage0.encoder.layer.0.output.dropout-dropout_63_grad] (stage_id:0) 
I1222 14:46:08.527129 84791 pipeline_buffer_pass.cpp:117] 
 Insert buffer op : [System-Pipeline-Buffer-Op_-base_model.m_stage0.encoder.layer.0.intermediate.intermediate_act_fn-gelu_60-out_0-stage_id_0](buffer_size:4) 
 from [base_model.m_stage0.encoder.layer.0.intermediate.intermediate_act_fn-gelu_60] (stage_id:0) -> [base_model.m_stage0.encoder.layer.0.output.dense-broadcast_matmul_61_b_grad] (stage_id:0) 
I1222 14:46:08.527585 84791 pipeline_buffer_pass.cpp:117] 
 Insert buffer op : [System-Pipeline-Buffer-Op_-base_model.m_stage0.encoder.layer.0.intermediate.dense-broadcast_add_59-z_0-stage_id_0](buffer_size:4) 
 from [base_model.m_stage0.encoder.layer.0.intermediate.dense-broadcast_add_59] (stage_id:0) -> [base_model.m_stage0.encoder.layer.0.intermediate.intermediate_act_fn-gelu_60_grad] (stage_id:0) 
I1222 14:46:08.527657 84791 pipeline_buffer_pass.cpp:117] 
 Insert buffer op : [System-Pipeline-Buffer-Op_-base_model.m_stage0.encoder.layer.0.attention.output.LayerNorm-layer_norm_57-y_0-stage_id_0](buffer_size:4) 
 from [base_model.m_stage0.encoder.layer.0.attention.output.LayerNorm-layer_norm_57] (stage_id:0) -> [base_model.m_stage0.encoder.layer.0.intermediate.dense-broadcast_matmul_58_b_grad] (stage_id:0) 
I1222 14:46:08.527729 84791 pipeline_buffer_pass.cpp:117] 
 Insert buffer op : [System-Pipeline-Buffer-Op_-base_model.m_stage0.encoder.layer.0.attention.output.LayerNorm-layer_norm_57-normalized_0-stage_id_0](buffer_size:4) 
 from [base_model.m_stage0.encoder.layer.0.attention.output.LayerNorm-layer_norm_57] (stage_id:0) -> [base_model.m_stage0.encoder.layer.0.attention.output.LayerNorm-layer_norm_57_param_grad] (stage_id:0) 
I1222 14:46:08.527806 84791 pipeline_buffer_pass.cpp:117] 
 Insert buffer op : [System-Pipeline-Buffer-Op_-base_model.m_stage0.encoder.layer.0.attention.output.LayerNorm-layer_norm_57-mean_0-stage_id_0](buffer_size:4) 
 from [base_model.m_stage0.encoder.layer.0.attention.output.LayerNorm-layer_norm_57] (stage_id:0) -> [base_model.m_stage0.encoder.layer.0.attention.output.LayerNorm-layer_norm_57_grad] (stage_id:0) 
I1222 14:46:08.527873 84791 pipeline_buffer_pass.cpp:117] 
 Insert buffer op : [System-Pipeline-Buffer-Op_-base_model.m_stage0.encoder.layer.0.attention.output.LayerNorm-layer_norm_57-inv_variance_0-stage_id_0](buffer_size:4) 
 from [base_model.m_stage0.encoder.layer.0.attention.output.LayerNorm-layer_norm_57] (stage_id:0) -> [base_model.m_stage0.encoder.layer.0.attention.output.LayerNorm-layer_norm_57_grad] (stage_id:0) 
I1222 14:46:08.527935 84791 pipeline_buffer_pass.cpp:117] 
 Insert buffer op : [System-Pipeline-Buffer-Op_-base_model.m_stage0.encoder.layer.0.attention.output-add_n_56-out_0-stage_id_0](buffer_size:4) 
 from [base_model.m_stage0.encoder.layer.0.attention.output-add_n_56] (stage_id:0) -> [base_model.m_stage0.encoder.layer.0.attention.output.LayerNorm-layer_norm_57_grad] (stage_id:0) 
I1222 14:46:08.528000 84791 pipeline_buffer_pass.cpp:117] 
 Insert buffer op : [System-Pipeline-Buffer-Op_-base_model.m_stage0.encoder.layer.0.attention.output.dropout-dropout_55-mask_0-stage_id_0](buffer_size:4) 
 from [base_model.m_stage0.encoder.layer.0.attention.output.dropout-dropout_55] (stage_id:0) -> [base_model.m_stage0.encoder.layer.0.attention.output.dropout-dropout_55_grad] (stage_id:0) 
I1222 14:46:08.528072 84791 pipeline_buffer_pass.cpp:117] 
 Insert buffer op : [System-Pipeline-Buffer-Op_-base_model.m_stage0.encoder.layer.0.attention.self-reshape_52-out_0-stage_id_0](buffer_size:4) 
 from [base_model.m_stage0.encoder.layer.0.attention.self-reshape_52] (stage_id:0) -> [base_model.m_stage0.encoder.layer.0.attention.output.dense-broadcast_matmul_53_b_grad] (stage_id:0) 
I1222 14:46:08.528144 84791 pipeline_buffer_pass.cpp:117] 
 Insert buffer op : [System-Pipeline-Buffer-Op_-base_model.m_stage0.encoder.layer.0.attention.self-transpose_43-output_0-stage_id_0](buffer_size:4) 
 from [base_model.m_stage0.encoder.layer.0.attention.self-transpose_43] (stage_id:0) -> [base_model.m_stage0.encoder.layer.0.attention.self-batch_matmul_50_grad_a] (stage_id:0) 
I1222 14:46:08.528242 84791 pipeline_buffer_pass.cpp:117] 
 Insert buffer op : [System-Pipeline-Buffer-Op_-base_model.m_stage0.encoder.layer.0.attention.self.dropout-dropout_49-out_0-stage_id_0](buffer_size:4) 
 from [base_model.m_stage0.encoder.layer.0.attention.self.dropout-dropout_49] (stage_id:0) -> [base_model.m_stage0.encoder.layer.0.attention.self-batch_matmul_50_grad_b] (stage_id:0) 
I1222 14:46:08.528707 84791 pipeline_buffer_pass.cpp:117] 
 Insert buffer op : [System-Pipeline-Buffer-Op_-base_model.m_stage0.encoder.layer.0.attention.self.dropout-dropout_49-mask_0-stage_id_0](buffer_size:4) 
 from [base_model.m_stage0.encoder.layer.0.attention.self.dropout-dropout_49] (stage_id:0) -> [base_model.m_stage0.encoder.layer.0.attention.self.dropout-dropout_49_grad] (stage_id:0) 
I1222 14:46:08.528777 84791 pipeline_buffer_pass.cpp:117] 
 Insert buffer op : [System-Pipeline-Buffer-Op_-base_model.m_stage0.encoder.layer.0.attention.self-softmax_48-out_0-stage_id_0](buffer_size:4) 
 from [base_model.m_stage0.encoder.layer.0.attention.self-softmax_48] (stage_id:0) -> [base_model.m_stage0.encoder.layer.0.attention.self-softmax_48_grad] (stage_id:0) 
I1222 14:46:08.528875 84791 pipeline_buffer_pass.cpp:117] 
 Insert buffer op : [System-Pipeline-Buffer-Op_-base_model.m_stage0.embeddings.dropout-dropout_25-out_0-stage_id_0](buffer_size:4) 
 from [base_model.m_stage0.embeddings.dropout-dropout_25] (stage_id:0) -> [base_model.m_stage0.encoder.layer.0.attention.self.value-broadcast_matmul_40_b_grad] (stage_id:0) 
I1222 14:46:08.528944 84791 pipeline_buffer_pass.cpp:117] 
 Insert buffer op : [System-Pipeline-Buffer-Op_-base_model.m_stage0.encoder.layer.0.attention.self-transpose_44-output_0-stage_id_0](buffer_size:4) 
 from [base_model.m_stage0.encoder.layer.0.attention.self-transpose_44] (stage_id:0) -> [base_model.m_stage0.encoder.layer.0.attention.self-batch_matmul_45_grad_a] (stage_id:0) 
I1222 14:46:08.529011 84791 pipeline_buffer_pass.cpp:117] 
 Insert buffer op : [System-Pipeline-Buffer-Op_-base_model.m_stage0.encoder.layer.0.attention.self-transpose_35-output_0-stage_id_0](buffer_size:4) 
 from [base_model.m_stage0.encoder.layer.0.attention.self-transpose_35] (stage_id:0) -> [base_model.m_stage0.encoder.layer.0.attention.self-batch_matmul_45_grad_b] (stage_id:0) 
I1222 14:46:08.529125 84791 pipeline_buffer_pass.cpp:117] 
 Insert buffer op : [System-Pipeline-Buffer-Op_-base_model.m_stage0.embeddings.dropout-dropout_25-mask_0-stage_id_0](buffer_size:4) 
 from [base_model.m_stage0.embeddings.dropout-dropout_25] (stage_id:0) -> [base_model.m_stage0.embeddings.dropout-dropout_25_grad] (stage_id:0) 
I1222 14:46:08.529196 84791 pipeline_buffer_pass.cpp:117] 
 Insert buffer op : [System-Pipeline-Buffer-Op_-base_model.m_stage0.embeddings.LayerNorm-layer_norm_24-normalized_0-stage_id_0](buffer_size:4) 
 from [base_model.m_stage0.embeddings.LayerNorm-layer_norm_24] (stage_id:0) -> [base_model.m_stage0.embeddings.LayerNorm-layer_norm_24_param_grad] (stage_id:0) 
I1222 14:46:08.529268 84791 pipeline_buffer_pass.cpp:117] 
 Insert buffer op : [System-Pipeline-Buffer-Op_-base_model.m_stage0.embeddings-broadcast_add_23-z_0-stage_id_0](buffer_size:4) 
 from [base_model.m_stage0.embeddings-broadcast_add_23] (stage_id:0) -> [base_model.m_stage0.embeddings.LayerNorm-layer_norm_24_grad] (stage_id:0) 
I1222 14:46:08.529335 84791 pipeline_buffer_pass.cpp:117] 
 Insert buffer op : [System-Pipeline-Buffer-Op_-base_model.m_stage0.embeddings.LayerNorm-layer_norm_24-mean_0-stage_id_0](buffer_size:4) 
 from [base_model.m_stage0.embeddings.LayerNorm-layer_norm_24] (stage_id:0) -> [base_model.m_stage0.embeddings.LayerNorm-layer_norm_24_grad] (stage_id:0) 
I1222 14:46:08.529397 84791 pipeline_buffer_pass.cpp:117] 
 Insert buffer op : [System-Pipeline-Buffer-Op_-base_model.m_stage0.embeddings.LayerNorm-layer_norm_24-inv_variance_0-stage_id_0](buffer_size:4) 
 from [base_model.m_stage0.embeddings.LayerNorm-layer_norm_24] (stage_id:0) -> [base_model.m_stage0.embeddings.LayerNorm-layer_norm_24_grad] (stage_id:0) 
I1222 14:46:08.529511 84791 pipeline_buffer_pass.cpp:117] 
 Insert buffer op : [System-Pipeline-Buffer-Op_-base_model.m_stage0.embeddings.position_embeddings-gather_20-out_0-stage_id_0](buffer_size:4) 
 from [base_model.m_stage0.embeddings.position_embeddings-gather_20] (stage_id:0) -> [base_model.m_stage0.embeddings-broadcast_add_23_y_grad_reduce_sum_like] (stage_id:0) 
I1222 14:46:08.529902 84791 pipeline_buffer_pass.cpp:117] 
 Insert buffer op : [System-Pipeline-Buffer-Op_-base_model.m_stage0.embeddings-slice_19-y_0-stage_id_0](buffer_size:4) 
 from [base_model.m_stage0.embeddings-slice_19] (stage_id:0) -> [base_model.m_stage0.embeddings.position_embeddings-gather_20_grad] (stage_id:0) 
I1222 14:46:08.529979 84791 pipeline_buffer_pass.cpp:117] 
 Insert buffer op : [System-Pipeline-Buffer-Op_-base_model-identity_15-out_0-stage_id_0](buffer_size:4) 
 from [base_model-identity_15] (stage_id:0) -> [base_model.m_stage0.embeddings.word_embeddings-gather_18_grad] (stage_id:0) 
I1222 14:46:08.530047 84791 pipeline_buffer_pass.cpp:117] 
 Insert buffer op : [System-Pipeline-Buffer-Op_-base_model-identity_16-out_0-stage_id_0](buffer_size:4) 
 from [base_model-identity_16] (stage_id:0) -> [base_model.m_stage0.embeddings.token_type_embeddings-gather_21_grad] (stage_id:0) 
I1222 14:46:08.530638 84791 pipeline_buffer_pass.cpp:117] 
 Insert buffer op : [System-Pipeline-Buffer-Op_-_train_data_loader-hierarchical_parallel_cast_8-out_0-stage_id_0](buffer_size:4) 
 from [_train_data_loader-hierarchical_parallel_cast_8] (stage_id:0) -> [base_model-identity_15] (stage_id:0) 
I1222 14:46:08.530727 84791 pipeline_buffer_pass.cpp:117] 
 Insert buffer op : [System-Pipeline-Buffer-Op_-_train_data_loader-hierarchical_parallel_cast_11-out_0-stage_id_0](buffer_size:4) 
 from [_train_data_loader-hierarchical_parallel_cast_11] (stage_id:0) -> [base_model-identity_16] (stage_id:0) 
I1222 14:46:08.530802 84791 pipeline_buffer_pass.cpp:117] 
 Insert buffer op : [System-Pipeline-Buffer-Op_-_train_data_loader-hierarchical_parallel_cast_10-out_0-stage_id_0](buffer_size:4) 
 from [_train_data_loader-hierarchical_parallel_cast_10] (stage_id:0) -> [base_model-identity_17] (stage_id:0) 
I1222 14:46:08.531394 84791 pipeline_buffer_pass.cpp:212] 
 Insert buffer op pair : src_buffer = <System-Pipeline-Buffer-Op_-base_model-identity_440-out_0>(buffer_size:1) , dst_buffer = <System-Pipeline-Buffer-Op_-base_model-identity_440-out_0-stage_id_1>(buffer_size:1) 
 from [base_model-identity_440] (stage_id:0) -> [base_model-identity_441] (stage_id:1) 
I1222 14:46:08.531471 84791 pipeline_buffer_pass.cpp:117] 
 Insert buffer op : [System-Pipeline-Buffer-Op_-_train_data_loader-hierarchical_parallel_cast_10-out_0-stage_id_1](buffer_size:4) 
 from [_train_data_loader-hierarchical_parallel_cast_10] (stage_id:0) -> [base_model-identity_442] (stage_id:1) 
I1222 14:46:08.532037 84791 pipeline_buffer_pass.cpp:117] 
 Insert buffer op : [System-Pipeline-Buffer-Op_-_train_data_loader-hierarchical_parallel_cast_9-out_0-stage_id_1](buffer_size:4) 
 from [_train_data_loader-hierarchical_parallel_cast_9] (stage_id:0) -> [reshape_872] (stage_id:1) 
I1222 14:46:08.532119 84791 pipeline_buffer_pass.cpp:117] 
 Insert buffer op : [System-Pipeline-Buffer-Op_-_train_data_loader-hierarchical_parallel_cast_13-out_0-stage_id_1](buffer_size:4) 
 from [_train_data_loader-hierarchical_parallel_cast_13] (stage_id:0) -> [expand_dims_880] (stage_id:1) 
I1222 14:46:08.532188 84791 pipeline_buffer_pass.cpp:117] 
 Insert buffer op : [System-Pipeline-Buffer-Op_-_train_data_loader-hierarchical_parallel_cast_12-out_0-stage_id_1](buffer_size:4) 
 from [_train_data_loader-hierarchical_parallel_cast_12] (stage_id:0) -> [reshape_884] (stage_id:1) 
I1222 14:46:08.532258 84791 pipeline_buffer_pass.cpp:117] 
 Insert buffer op : [System-Pipeline-Buffer-Op_-_train_data_loader-hierarchical_parallel_cast_14-out_0-stage_id_1](buffer_size:4) 
 from [_train_data_loader-hierarchical_parallel_cast_14] (stage_id:0) -> [multiply_891] (stage_id:1) 
I1222 14:46:08.533596 84791 pipeline_buffer_pass.cpp:212] 
 Insert buffer op pair : src_buffer = <System-Pipeline-Buffer-Op_-base_model-identity_441_grad-out_0>(buffer_size:1) , dst_buffer = <System-Pipeline-Buffer-Op_-base_model-identity_441_grad-out_0-stage_id_0>(buffer_size:1) 
 from [base_model-identity_441_grad] (stage_id:1) -> [base_model-identity_440_grad] (stage_id:0) 
I1222 14:46:09.690035 84791 global.h:43] DeleteGlobal N7oneflow7JobDescE
I1222 14:46:11.016275 84791 global.h:36] NewGlobal N7oneflow7JobDescE
I1222 14:46:27.693969 84791 runtime_context.cpp:21] NewCounter constructing_actor_cnt 3146
I1222 14:46:27.695690 85232 naive_actor.cpp:25] actor 37391985281835 switch to &NaiveActor::HandlerNormal
I1222 14:46:27.695910 85237 wait_and_send_ids_actor.cpp:53] actor 36284020031488 switch to &WaitAndSendIdsActor::HandlerWaitToStart
I1222 14:46:27.695818 85232 thread.cpp:99] Thread 17829888 construct Actor kDeviceTick 37391985281835
I1222 14:46:27.696082 85237 thread.cpp:99] Thread 17301569 construct Actor kWaitAndSendIds 36284020031488
I1222 14:46:27.696326 85232 runtime_context.cpp:29] DecreaseCounter constructing_actor_cnt, current val is 3145
I1222 14:46:27.696386 85237 runtime_context.cpp:29] DecreaseCounter constructing_actor_cnt, current val is 3144
I1222 14:46:27.696619 85232 naive_actor.cpp:25] actor 37391985281832 switch to &NaiveActor::HandlerNormal
I1222 14:46:27.696660 85232 thread.cpp:99] Thread 17829888 construct Actor kDeviceTick 37391985281832
I1222 14:46:27.696715 85232 runtime_context.cpp:29] DecreaseCounter constructing_actor_cnt, current val is 3143
I1222 14:46:27.696919 85232 naive_actor.cpp:25] actor 37391985281839 switch to &NaiveActor::HandlerNormal
I1222 14:46:27.696955 85232 thread.cpp:99] Thread 17829888 construct Actor kDeviceTick 37391985281839
I1222 14:46:27.697001 85232 runtime_context.cpp:29] DecreaseCounter constructing_actor_cnt, current val is 3142
I1222 14:46:27.697187 85232 naive_actor.cpp:25] actor 37391985281837 switch to &NaiveActor::HandlerNormal
I1222 14:46:27.697221 85232 thread.cpp:99] Thread 17829888 construct Actor kDeviceTick 37391985281837
I1222 14:46:27.697263 85232 runtime_context.cpp:29] DecreaseCounter constructing_actor_cnt, current val is 3141
I1222 14:46:27.697446 85232 naive_actor.cpp:25] actor 37391985281841 switch to &NaiveActor::HandlerNormal
I1222 14:46:27.697480 85232 thread.cpp:99] Thread 17829888 construct Actor kDeviceTick 37391985281841
I1222 14:46:27.697521 85232 runtime_context.cpp:29] DecreaseCounter constructing_actor_cnt, current val is 3140
I1222 14:46:27.820075 85226 naive_actor.cpp:25] actor 36283896299520 switch to &NaiveActor::HandlerNormal
I1222 14:46:27.820147 85229 naive_actor.cpp:25] actor 36283885813760 switch to &NaiveActor::HandlerNormal
I1222 14:46:27.820173 85232 naive_actor.cpp:25] actor 37391985278991 switch to &NaiveActor::HandlerNormal
I1222 14:46:27.820178 85226 thread.cpp:99] Thread 17301510 construct Actor kNormalForward 36283896299520
I1222 14:46:27.820252 85229 thread.cpp:99] Thread 17301505 construct Actor kNormalForward 36283885813760
I1222 14:46:27.820317 85232 thread.cpp:99] Thread 17829888 construct Actor kNormalForward 37391985278991
I1222 14:46:27.820331 85230 naive_actor.cpp:25] actor 36283892105216 switch to &NaiveActor::HandlerNormal
I1222 14:46:27.820502 85226 runtime_context.cpp:29] DecreaseCounter constructing_actor_cnt, current val is 3139
I1222 14:46:27.820516 85230 thread.cpp:99] Thread 17301508 construct Actor kNormalForward 36283892105216
I1222 14:46:27.820564 85229 runtime_context.cpp:29] DecreaseCounter constructing_actor_cnt, current val is 3138
I1222 14:46:27.820693 85230 runtime_context.cpp:29] DecreaseCounter constructing_actor_cnt, current val is 3136
I1222 14:46:27.820713 85228 naive_actor.cpp:25] actor 36283887910912 switch to &NaiveActor::HandlerNormal
I1222 14:46:27.820585 85232 runtime_context.cpp:29] DecreaseCounter constructing_actor_cnt, current val is 3137
I1222 14:46:27.820863 85228 thread.cpp:99] Thread 17301506 construct Actor kNormalForward 36283887910912
I1222 14:46:27.821127 85224 naive_actor.cpp:25] actor 36283894202368 switch to &NaiveActor::HandlerNormal
I1222 14:46:27.821269 85227 naive_actor.cpp:25] actor 36283883716608 switch to &NaiveActor::HandlerNormal
I1222 14:46:27.821300 85244 naive_actor.cpp:25] actor 37391989473282 switch to &NaiveActor::HandlerNormal
I1222 14:46:27.821321 85228 runtime_context.cpp:29] DecreaseCounter constructing_actor_cnt, current val is 3135
I1222 14:46:27.821316 85241 naive_actor.cpp:25] actor 37391987376135 switch to &NaiveActor::HandlerNormal
I1222 14:46:27.821434 85234 copy_comm_net_actor.cpp:66] actor 36284028420098 switch to &CopyCommNetActor::HandlerNormal
I1222 14:46:27.821483 85233 naive_actor.cpp:25] actor 36284017934340 switch to &NaiveActor::HandlerNormal
I1222 14:46:27.821545 85236 naive_actor.cpp:25] actor 37391991570457 switch to &NaiveActor::HandlerNormal
I1222 14:46:27.821578 85225 naive_actor.cpp:25] actor 36283890008064 switch to &NaiveActor::HandlerNormal
I1222 14:46:27.821692 85242 sink_actor.cpp:21] actor 36284022128640 switch to &SinkActor::HandlerNormal
I1222 14:46:27.821846 85238 naive_actor.cpp:25] actor 36284024225792 switch to &NaiveActor::HandlerNormal
I1222 14:46:27.822847 85238 thread.cpp:99] Thread 17301571 construct Actor kCriticalSectionWaitTick 36284024225792
I1222 14:46:27.822058 85227 thread.cpp:99] Thread 17301504 construct Actor kNormalForward 36283883716608
I1222 14:46:27.822130 85244 thread.cpp:99] Thread 17829890 construct Actor kCopyHd 37391989473282
I1222 14:46:27.822134 85246 naive_actor.cpp:25] actor 36283900493824 switch to &NaiveActor::HandlerNormal
I1222 14:46:27.822221 85245 naive_actor.cpp:25] actor 36283898396672 switch to &NaiveActor::HandlerNormal
I1222 14:46:27.822232 85239 naive_actor.cpp:25] actor 36284026322944 switch to &NaiveActor::HandlerNormal
I1222 14:46:27.822260 85232 naive_actor.cpp:25] actor 37391985279023 switch to &NaiveActor::HandlerNormal
I1222 14:46:27.822309 85241 thread.cpp:99] Thread 17829889 construct Actor kCopyHd 37391987376135
I1222 14:46:27.822389 85234 thread.cpp:99] Thread 17301573 construct Actor kCopyCommNet 36284028420098
I1222 14:46:27.822449 85233 thread.cpp:99] Thread 17301568 construct Actor kTick 36284017934340
I1222 14:46:27.822582 85236 thread.cpp:99] Thread 17829891 construct Actor kCollectiveBoxingGeneric 37391991570457
I1222 14:46:27.822698 85225 thread.cpp:99] Thread 17301507 construct Actor kNormalForward 36283890008064
I1222 14:46:27.822815 85242 thread.cpp:99] Thread 17301570 construct Actor kCallbackNotify 36284022128640
I1222 14:46:27.821954 85224 thread.cpp:99] Thread 17301509 construct Actor kNormalForward 36283894202368
I1222 14:46:27.822926 85238 runtime_context.cpp:29] DecreaseCounter constructing_actor_cnt, current val is 3134
I1222 14:46:27.823002 85227 runtime_context.cpp:29] DecreaseCounter constructing_actor_cnt, current val is 3133
I1222 14:46:27.823016 85244 runtime_context.cpp:29] DecreaseCounter constructing_actor_cnt, current val is 3132
I1222 14:46:27.823060 85246 thread.cpp:99] Thread 17301512 construct Actor kNormalForward 36283900493824
I1222 14:46:27.823143 85245 thread.cpp:99] Thread 17301511 construct Actor kNormalForward 36283898396672
I1222 14:46:27.823225 85239 thread.cpp:99] Thread 17301572 construct Actor kCriticalSectionWaitTick 36284026322944
I1222 14:46:27.824101 85245 runtime_context.cpp:29] DecreaseCounter constructing_actor_cnt, current val is 3123
I1222 14:46:27.823400 85241 runtime_context.cpp:29] DecreaseCounter constructing_actor_cnt, current val is 3131
I1222 14:46:27.823407 85234 runtime_context.cpp:29] DecreaseCounter constructing_actor_cnt, current val is 3130
I1222 14:46:27.823475 85233 runtime_context.cpp:29] DecreaseCounter constructing_actor_cnt, current val is 3129
I1222 14:46:27.823570 85236 runtime_context.cpp:29] DecreaseCounter constructing_actor_cnt, current val is 3128
I1222 14:46:27.823679 85225 runtime_context.cpp:29] DecreaseCounter constructing_actor_cnt, current val is 3127
I1222 14:46:27.823707 85242 runtime_context.cpp:29] DecreaseCounter constructing_actor_cnt, current val is 3126
I1222 14:46:27.823827 85224 runtime_context.cpp:29] DecreaseCounter constructing_actor_cnt, current val is 3125
I1222 14:46:27.824020 85246 runtime_context.cpp:29] DecreaseCounter constructing_actor_cnt, current val is 3124
I1222 14:46:27.824067 85244 naive_actor.cpp:25] actor 37391989473280 switch to &NaiveActor::HandlerNormal
I1222 14:46:27.823288 85232 thread.cpp:99] Thread 17829888 construct Actor kNormalForward 37391985279023
I1222 14:46:27.824153 85239 runtime_context.cpp:29] DecreaseCounter constructing_actor_cnt, current val is 3122
I1222 14:46:27.824390 85234 copy_comm_net_actor.cpp:66] actor 36284028420102 switch to &CopyCommNetActor::HandlerNormal
I1222 14:46:27.825502 85234 thread.cpp:99] Thread 17301573 construct Actor kCopyCommNet 36284028420102
I1222 14:46:27.824579 85233 naive_actor.cpp:25] actor 36284017934341 switch to &NaiveActor::HandlerNormal
I1222 14:46:27.824726 85236 naive_actor.cpp:25] actor 37391991570483 switch to &NaiveActor::HandlerNormal
I1222 14:46:27.825368 85244 thread.cpp:99] Thread 17829890 construct Actor kCopyHd 37391989473280
I1222 14:46:27.825464 85232 runtime_context.cpp:29] DecreaseCounter constructing_actor_cnt, current val is 3121
I1222 14:46:27.824515 85241 naive_actor.cpp:25] actor 37391987376142 switch to &NaiveActor::HandlerNormal
I1222 14:46:27.825541 85234 runtime_context.cpp:29] DecreaseCounter constructing_actor_cnt, current val is 3120
I1222 14:46:27.825587 85233 thread.cpp:99] Thread 17301568 construct Actor kTick 36284017934341
I1222 14:46:27.825666 85236 thread.cpp:99] Thread 17829891 construct Actor kCollectiveBoxingGeneric 37391991570483
I1222 14:46:27.825726 85244 runtime_context.cpp:29] DecreaseCounter constructing_actor_cnt, current val is 3119
I1222 14:46:27.826028 85236 runtime_context.cpp:29] DecreaseCounter constructing_actor_cnt, current val is 3117
I1222 14:46:27.825955 85234 copy_comm_net_actor.cpp:66] actor 36284028420096 switch to &CopyCommNetActor::HandlerNormal
I1222 14:46:27.826144 85234 thread.cpp:99] Thread 17301573 construct Actor kCopyCommNet 36284028420096
I1222 14:46:27.825841 85241 thread.cpp:99] Thread 17829889 construct Actor kCopyHd 37391987376142
I1222 14:46:27.825958 85233 runtime_context.cpp:29] DecreaseCounter constructing_actor_cnt, current val is 3118
I1222 14:46:27.826184 85244 naive_actor.cpp:25] actor 37391989473283 switch to &NaiveActor::HandlerNormal
I1222 14:46:27.826196 85234 runtime_context.cpp:29] DecreaseCounter constructing_actor_cnt, current val is 3116
I1222 14:46:27.826300 85241 runtime_context.cpp:29] DecreaseCounter constructing_actor_cnt, current val is 3115
I1222 14:46:27.826356 85244 thread.cpp:99] Thread 17829890 construct Actor kCopyHd 37391989473283
I1222 14:46:27.826475 85236 naive_actor.cpp:25] actor 37391991570521 switch to &NaiveActor::HandlerNormal
I1222 14:46:27.826484 85234 copy_comm_net_actor.cpp:66] actor 36284028420099 switch to &CopyCommNetActor::HandlerNormal
I1222 14:46:27.826635 85234 thread.cpp:99] Thread 17301573 construct Actor kCopyCommNet 36284028420099
I1222 14:46:27.826552 85233 naive_actor.cpp:25] actor 36284017934343 switch to &NaiveActor::HandlerNormal
I1222 14:46:27.826557 85232 naive_actor.cpp:25] actor 37391985279055 switch to &NaiveActor::HandlerNormal
I1222 14:46:27.826612 85236 thread.cpp:99] Thread 17829891 construct Actor kCollectiveBoxingGeneric 37391991570521
I1222 14:46:27.826540 85244 runtime_context.cpp:29] DecreaseCounter constructing_actor_cnt, current val is 3114
I1222 14:46:27.826663 85234 runtime_context.cpp:29] DecreaseCounter constructing_actor_cnt, current val is 3113
I1222 14:46:27.826707 85233 thread.cpp:99] Thread 17301568 construct Actor kDstSubsetTick 36284017934343
I1222 14:46:27.826714 85241 naive_actor.cpp:25] actor 37391987376144 switch to &NaiveActor::HandlerNormal
I1222 14:46:27.827035 85244 naive_actor.cpp:25] actor 37391989473281 switch to &NaiveActor::HandlerNormal
I1222 14:46:27.826905 85236 runtime_context.cpp:29] DecreaseCounter constructing_actor_cnt, current val is 3112
I1222 14:46:27.827001 85233 runtime_context.cpp:29] DecreaseCounter constructing_actor_cnt, current val is 3111
I1222 14:46:27.827001 85234 copy_comm_net_actor.cpp:66] actor 36284028420114 switch to &CopyCommNetActor::HandlerNormal
I1222 14:46:27.827823 85234 thread.cpp:99] Thread 17301573 construct Actor kCopyCommNet 36284028420114
I1222 14:46:27.827049 85241 thread.cpp:99] Thread 17829889 construct Actor kCopyHd 37391987376144
I1222 14:46:27.827077 85244 thread.cpp:99] Thread 17829890 construct Actor kCopyHd 37391989473281
I1222 14:46:27.827967 85241 runtime_context.cpp:29] DecreaseCounter constructing_actor_cnt, current val is 3109
I1222 14:46:27.826772 85232 thread.cpp:99] Thread 17829888 construct Actor kNormalForward 37391985279055
I1222 14:46:27.828056 85233 naive_actor.cpp:25] actor 36284017934337 switch to &NaiveActor::HandlerNormal
I1222 14:46:27.828109 85232 runtime_context.cpp:29] DecreaseCounter constructing_actor_cnt, current val is 3107
I1222 14:46:27.827996 85244 runtime_context.cpp:29] DecreaseCounter constructing_actor_cnt, current val is 3108
I1222 14:46:27.827867 85234 runtime_context.cpp:29] DecreaseCounter constructing_actor_cnt, current val is 3110
I1222 14:46:27.827483 85236 naive_actor.cpp:25] actor 37391991570449 switch to &NaiveActor::HandlerNormal
I1222 14:46:27.828119 85233 thread.cpp:99] Thread 17301568 construct Actor kTick 36284017934337
I1222 14:46:27.828245 85241 naive_actor.cpp:25] actor 37391987376128 switch to &NaiveActor::HandlerNormal
I1222 14:46:27.828282 85234 copy_comm_net_actor.cpp:66] actor 36284028420100 switch to &CopyCommNetActor::HandlerNormal
I1222 14:46:27.828450 85234 thread.cpp:99] Thread 17301573 construct Actor kCopyCommNet 36284028420100
I1222 14:46:27.828315 85236 thread.cpp:99] Thread 17829891 construct Actor kCollectiveBoxingGeneric 37391991570449
I1222 14:46:27.828378 85233 runtime_context.cpp:29] DecreaseCounter constructing_actor_cnt, current val is 3106
I1222 14:46:27.828426 85241 thread.cpp:99] Thread 17829889 construct Actor kCopyHd 37391987376128
I1222 14:46:27.828317 85244 naive_actor.cpp:25] actor 37391989473284 switch to &NaiveActor::HandlerNormal
I1222 14:46:27.828476 85234 runtime_context.cpp:29] DecreaseCounter constructing_actor_cnt, current val is 3105
I1222 14:46:27.828568 85236 runtime_context.cpp:29] DecreaseCounter constructing_actor_cnt, current val is 3104
I1222 14:46:27.828665 85241 runtime_context.cpp:29] DecreaseCounter constructing_actor_cnt, current val is 3103
I1222 14:46:27.828693 85244 thread.cpp:99] Thread 17829890 construct Actor kCopyHd 37391989473284
I1222 14:46:27.828788 85234 copy_comm_net_actor.cpp:66] actor 36284028420108 switch to &CopyCommNetActor::HandlerNormal
I1222 14:46:27.828975 85234 thread.cpp:99] Thread 17301573 construct Actor kCopyCommNet 36284028420108
I1222 14:46:27.828907 85233 naive_actor.cpp:25] actor 36284017934336 switch to &NaiveActor::HandlerNormal
I1222 14:46:27.828954 85244 runtime_context.cpp:29] DecreaseCounter constructing_actor_cnt, current val is 3102
I1222 14:46:27.828855 85232 naive_actor.cpp:25] actor 37391985278976 switch to &NaiveActor::HandlerNormal
I1222 14:46:27.829010 85234 runtime_context.cpp:29] DecreaseCounter constructing_actor_cnt, current val is 3101
I1222 14:46:27.829057 85233 thread.cpp:99] Thread 17301568 construct Actor kSrcSubsetTick 36284017934336
I1222 14:46:27.829069 85236 naive_actor.cpp:25] actor 37391991570450 switch to &NaiveActor::HandlerNormal
I1222 14:46:27.829165 85232 thread.cpp:99] Thread 17829888 construct Actor kNormalForward 37391985278976
I1222 14:46:27.829283 85234 copy_comm_net_actor.cpp:66] actor 36284028420105 switch to &CopyCommNetActor::HandlerNormal
I1222 14:46:27.829411 85234 thread.cpp:99] Thread 17301573 construct Actor kCopyCommNet 36284028420105
I1222 14:46:27.829334 85236 thread.cpp:99] Thread 17829891 construct Actor kCollectiveBoxingGeneric 37391991570450
I1222 14:46:27.829294 85233 runtime_context.cpp:29] DecreaseCounter constructing_actor_cnt, current val is 3100
I1222 14:46:27.829413 85232 runtime_context.cpp:29] DecreaseCounter constructing_actor_cnt, current val is 3099
I1222 14:46:27.829427 85241 naive_actor.cpp:25] actor 37391987376143 switch to &NaiveActor::HandlerNormal
I1222 14:46:27.829459 85234 runtime_context.cpp:29] DecreaseCounter constructing_actor_cnt, current val is 3098
I1222 14:46:27.829536 85236 runtime_context.cpp:29] DecreaseCounter constructing_actor_cnt, current val is 3097
I1222 14:46:27.829870 85233 naive_actor.cpp:25] actor 36284017934342 switch to &NaiveActor::HandlerNormal
I1222 14:46:27.829918 85232 naive_actor.cpp:25] actor 37391985278996 switch to &NaiveActor::HandlerNormal
I1222 14:46:27.830303 85241 thread.cpp:99] Thread 17829889 construct Actor kCopyHd 37391987376143
I1222 14:46:27.830399 85234 copy_comm_net_actor.cpp:66] actor 36284028420115 switch to &CopyCommNetActor::HandlerNormal
I1222 14:46:27.830453 85233 thread.cpp:99] Thread 17301568 construct Actor kSrcSubsetTick 36284017934342
I1222 14:46:27.830511 85232 thread.cpp:99] Thread 17829888 construct Actor kNormalForward 37391985278996
I1222 14:46:27.830662 85236 naive_actor.cpp:25] actor 37391991570563 switch to &NaiveActor::HandlerNormal
I1222 14:46:27.830602 85234 thread.cpp:99] Thread 17301573 construct Actor kCopyCommNet 36284028420115
I1222 14:46:27.830672 85233 runtime_context.cpp:29] DecreaseCounter constructing_actor_cnt, current val is 3095
I1222 14:46:27.830601 85241 runtime_context.cpp:29] DecreaseCounter constructing_actor_cnt, current val is 3096
I1222 14:46:27.830716 85232 runtime_context.cpp:29] DecreaseCounter constructing_actor_cnt, current val is 3094
I1222 14:46:27.830751 85236 thread.cpp:99] Thread 17829891 construct Actor kCollectiveBoxingGeneric 37391991570563
I1222 14:46:27.830788 85234 runtime_context.cpp:29] DecreaseCounter constructing_actor_cnt, current val is 3093
I1222 14:46:27.831046 85236 runtime_context.cpp:29] DecreaseCounter constructing_actor_cnt, current val is 3092
I1222 14:46:27.831123 85234 copy_comm_net_actor.cpp:66] actor 36284028420097 switch to &CopyCommNetActor::HandlerNormal
I1222 14:46:27.831187 85233 naive_actor.cpp:25] actor 36284017934344 switch to &NaiveActor::HandlerNormal
I1222 14:46:27.831198 85234 thread.cpp:99] Thread 17301573 construct Actor kCopyCommNet 36284028420097
I1222 14:46:27.831164 85241 naive_actor.cpp:25] actor 37391987376131 switch to &NaiveActor::HandlerNormal
I1222 14:46:27.831245 85233 thread.cpp:99] Thread 17301568 construct Actor kSrcSubsetTick 36284017934344
I1222 14:46:27.831293 85234 runtime_context.cpp:29] DecreaseCounter constructing_actor_cnt, current val is 3091
I1222 14:46:27.831449 85233 runtime_context.cpp:29] DecreaseCounter constructing_actor_cnt, current val is 3090
I1222 14:46:27.831379 85236 naive_actor.cpp:25] actor 37391991570456 switch to &NaiveActor::HandlerNormal
I1222 14:46:27.831373 85241 thread.cpp:99] Thread 17829889 construct Actor kCopyHd 37391987376131
I1222 14:46:27.831522 85234 copy_comm_net_actor.cpp:66] actor 36284028420107 switch to &CopyCommNetActor::HandlerNormal
I1222 14:46:27.831661 85234 thread.cpp:99] Thread 17301573 construct Actor kCopyCommNet 36284028420107
I1222 14:46:27.831578 85236 thread.cpp:99] Thread 17829891 construct Actor kCollectiveBoxingGeneric 37391991570456
I1222 14:46:27.831669 85241 runtime_context.cpp:29] DecreaseCounter constructing_actor_cnt, current val is 3089
I1222 14:46:27.831702 85234 runtime_context.cpp:29] DecreaseCounter constructing_actor_cnt, current val is 3088
I1222 14:46:27.831756 85232 naive_actor.cpp:25] actor 37391985279087 switch to &NaiveActor::HandlerNormal
I1222 14:46:27.831811 85236 runtime_context.cpp:29] DecreaseCounter constructing_actor_cnt, current val is 3087
I1222 14:46:27.831949 85232 thread.cpp:99] Thread 17829888 construct Actor kNormalForward 37391985279087
I1222 14:46:27.831961 85233 naive_actor.cpp:25] actor 36284017934338 switch to &NaiveActor::HandlerNormal
I1222 14:46:27.831964 85234 copy_comm_net_actor.cpp:66] actor 36284028420101 switch to &CopyCommNetActor::HandlerNormal
I1222 14:46:27.832149 85234 thread.cpp:99] Thread 17301573 construct Actor kCopyCommNet 36284028420101
I1222 14:46:27.832095 85232 runtime_context.cpp:29] DecreaseCounter constructing_actor_cnt, current val is 3086
I1222 14:46:27.832124 85233 thread.cpp:99] Thread 17301568 construct Actor kDstSubsetTick 36284017934338
I1222 14:46:27.832087 85241 naive_actor.cpp:25] actor 37391987376141 switch to &NaiveActor::HandlerNormal
I1222 14:46:27.832175 85234 runtime_context.cpp:29] DecreaseCounter constructing_actor_cnt, current val is 3085
I1222 14:46:27.832271 85236 naive_actor.cpp:25] actor 37391991570475 switch to &NaiveActor::HandlerNormal
I1222 14:46:27.832957 85232 naive_actor.cpp:25] actor 37391985278988 switch to &NaiveActor::HandlerNormal
I1222 14:46:27.832993 85233 runtime_context.cpp:29] DecreaseCounter constructing_actor_cnt, current val is 3084
I1222 14:46:27.833041 85241 thread.cpp:99] Thread 17829889 construct Actor kCopyHd 37391987376141
I1222 14:46:27.833145 85234 copy_comm_net_actor.cpp:66] actor 36284028420109 switch to &CopyCommNetActor::HandlerNormal
I1222 14:46:27.833354 85241 runtime_context.cpp:29] DecreaseCounter constructing_actor_cnt, current val is 3083
I1222 14:46:27.833216 85232 thread.cpp:99] Thread 17829888 construct Actor kNormalForward 37391985278988
I1222 14:46:27.833359 85234 thread.cpp:99] Thread 17301573 construct Actor kCopyCommNet 36284028420109
I1222 14:46:27.833158 85236 thread.cpp:99] Thread 17829891 construct Actor kCollectiveBoxingGeneric 37391991570475
I1222 14:46:27.833523 85234 runtime_context.cpp:29] DecreaseCounter constructing_actor_cnt, current val is 3082
I1222 14:46:27.833528 85232 runtime_context.cpp:29] DecreaseCounter constructing_actor_cnt, current val is 3081
I1222 14:46:27.833607 85236 runtime_context.cpp:29] DecreaseCounter constructing_actor_cnt, current val is 3080
I1222 14:46:27.833611 85233 naive_actor.cpp:25] actor 36284017934345 switch to &NaiveActor::HandlerNormal
I1222 14:46:27.833657 85241 naive_actor.cpp:25] actor 37391987376139 switch to &NaiveActor::HandlerNormal
I1222 14:46:27.833686 85234 copy_comm_net_actor.cpp:66] actor 36284028420113 switch to &CopyCommNetActor::HandlerNormal
I1222 14:46:27.833910 85234 thread.cpp:99] Thread 17301573 construct Actor kCopyCommNet 36284028420113
I1222 14:46:27.833873 85241 thread.cpp:99] Thread 17829889 construct Actor kCopyHd 37391987376139
I1222 14:46:27.833789 85233 thread.cpp:99] Thread 17301568 construct Actor kDstSubsetTick 36284017934345
I1222 14:46:27.833940 85234 runtime_context.cpp:29] DecreaseCounter constructing_actor_cnt, current val is 3079
I1222 14:46:27.834076 85233 runtime_context.cpp:29] DecreaseCounter constructing_actor_cnt, current val is 3077
I1222 14:46:27.834025 85241 runtime_context.cpp:29] DecreaseCounter constructing_actor_cnt, current val is 3078
I1222 14:46:27.833997 85236 naive_actor.cpp:25] actor 37391991570476 switch to &NaiveActor::HandlerNormal
I1222 14:46:27.834154 85234 copy_comm_net_actor.cpp:66] actor 36284028420118 switch to &CopyCommNetActor::HandlerNormal
I1222 14:46:27.834318 85234 thread.cpp:99] Thread 17301573 construct Actor kCopyCommNet 36284028420118
I1222 14:46:27.834281 85236 thread.cpp:99] Thread 17829891 construct Actor kCollectiveBoxingGeneric 37391991570476
I1222 14:46:27.834352 85234 runtime_context.cpp:29] DecreaseCounter constructing_actor_cnt, current val is 3076
I1222 14:46:27.834436 85236 runtime_context.cpp:29] DecreaseCounter constructing_actor_cnt, current val is 3075
I1222 14:46:27.834410 85241 naive_actor.cpp:25] actor 37391987376145 switch to &NaiveActor::HandlerNormal
I1222 14:46:27.834374 85233 naive_actor.cpp:25] actor 36284017934339 switch to &NaiveActor::HandlerNormal
I1222 14:46:27.834511 85232 naive_actor.cpp:25] actor 37391985278982 switch to &NaiveActor::HandlerNormal
I1222 14:46:27.834528 85234 copy_comm_net_actor.cpp:66] actor 36284028420117 switch to &CopyCommNetActor::HandlerNormal
I1222 14:46:27.834722 85234 thread.cpp:99] Thread 17301573 construct Actor kCopyCommNet 36284028420117
I1222 14:46:27.834650 85233 thread.cpp:99] Thread 17301568 construct Actor kTick 36284017934339
I1222 14:46:27.834769 85236 naive_actor.cpp:25] actor 37391991570438 switch to &NaiveActor::HandlerNormal
I1222 14:46:27.834602 85241 thread.cpp:99] Thread 17829889 construct Actor kCopyHd 37391987376145
I1222 14:46:27.834764 85234 runtime_context.cpp:29] DecreaseCounter constructing_actor_cnt, current val is 3074
I1222 14:46:27.834697 85232 thread.cpp:99] Thread 17829888 construct Actor kNormalForward 37391985278982
I1222 14:46:27.834838 85233 runtime_context.cpp:29] DecreaseCounter constructing_actor_cnt, current val is 3073
I1222 14:46:27.834962 85236 thread.cpp:99] Thread 17829891 construct Actor kCollectiveBoxingGeneric 37391991570438
I1222 14:46:27.835737 85241 runtime_context.cpp:29] DecreaseCounter constructing_actor_cnt, current val is 3072
I1222 14:46:27.835815 85234 copy_comm_net_actor.cpp:66] actor 36284028420106 switch to &CopyCommNetActor::HandlerNormal
I1222 14:46:27.835978 85234 thread.cpp:99] Thread 17301573 construct Actor kCopyCommNet 36284028420106
I1222 14:46:27.835917 85236 runtime_context.cpp:29] DecreaseCounter constructing_actor_cnt, current val is 3070
I1222 14:46:27.835839 85232 runtime_context.cpp:29] DecreaseCounter constructing_actor_cnt, current val is 3071
I1222 14:46:27.836006 85234 runtime_context.cpp:29] DecreaseCounter constructing_actor_cnt, current val is 3069
I1222 14:46:27.836194 85241 naive_actor.cpp:25] actor 37391987376134 switch to &NaiveActor::HandlerNormal
I1222 14:46:27.836206 85234 copy_comm_net_actor.cpp:66] actor 36284028420111 switch to &CopyCommNetActor::HandlerNormal
I1222 14:46:27.836323 85234 thread.cpp:99] Thread 17301573 construct Actor kCopyCommNet 36284028420111
I1222 14:46:27.836334 85236 naive_actor.cpp:25] actor 37391991570466 switch to &NaiveActor::HandlerNormal
I1222 14:46:27.836284 85241 thread.cpp:99] Thread 17829889 construct Actor kCopyHd 37391987376134
I1222 14:46:27.836365 85234 runtime_context.cpp:29] DecreaseCounter constructing_actor_cnt, current val is 3068
I1222 14:46:27.836510 85241 runtime_context.cpp:29] DecreaseCounter constructing_actor_cnt, current val is 3067
I1222 14:46:27.836433 85236 thread.cpp:99] Thread 17829891 construct Actor kCollectiveBoxingGeneric 37391991570466
I1222 14:46:27.836585 85234 copy_comm_net_actor.cpp:66] actor 36284028420112 switch to &CopyCommNetActor::HandlerNormal
I1222 14:46:27.836690 85234 thread.cpp:99] Thread 17301573 construct Actor kCopyCommNet 36284028420112
I1222 14:46:27.836688 85236 runtime_context.cpp:29] DecreaseCounter constructing_actor_cnt, current val is 3066
I1222 14:46:27.836728 85234 runtime_context.cpp:29] DecreaseCounter constructing_actor_cnt, current val is 3065
I1222 14:46:27.836819 85241 naive_actor.cpp:25] actor 37391987376137 switch to &NaiveActor::HandlerNormal
I1222 14:46:27.836871 85234 copy_comm_net_actor.cpp:66] actor 36284028420103 switch to &CopyCommNetActor::HandlerNormal
I1222 14:46:27.836953 85234 thread.cpp:99] Thread 17301573 construct Actor kCopyCommNet 36284028420103
I1222 14:46:27.836948 85232 naive_actor.cpp:25] actor 37391985279008 switch to &NaiveActor::HandlerNormal
I1222 14:46:27.836913 85241 thread.cpp:99] Thread 17829889 construct Actor kCopyHd 37391987376137
I1222 14:46:27.836992 85234 runtime_context.cpp:29] DecreaseCounter constructing_actor_cnt, current val is 3064
I1222 14:46:27.837033 85232 thread.cpp:99] Thread 17829888 construct Actor kNormalForward 37391985279008
I1222 14:46:27.837057 85236 naive_actor.cpp:25] actor 37391991570492 switch to &NaiveActor::HandlerNormal
I1222 14:46:27.837141 85241 runtime_context.cpp:29] DecreaseCounter constructing_actor_cnt, current val is 3063
I1222 14:46:27.837204 85234 copy_comm_net_actor.cpp:66] actor 36284028420119 switch to &CopyCommNetActor::HandlerNormal
I1222 14:46:27.837327 85234 thread.cpp:99] Thread 17301573 construct Actor kCopyCommNet 36284028420119
I1222 14:46:27.837255 85236 thread.cpp:99] Thread 17829891 construct Actor kCollectiveBoxingGeneric 37391991570492
I1222 14:46:27.837229 85232 runtime_context.cpp:29] DecreaseCounter constructing_actor_cnt, current val is 3062
I1222 14:46:27.837369 85234 runtime_context.cpp:29] DecreaseCounter constructing_actor_cnt, current val is 3061
I1222 14:46:27.837462 85236 runtime_context.cpp:29] DecreaseCounter constructing_actor_cnt, current val is 3060
I1222 14:46:27.837527 85241 naive_actor.cpp:25] actor 37391987376138 switch to &NaiveActor::HandlerNormal
I1222 14:46:27.837563 85234 copy_comm_net_actor.cpp:66] actor 36284028420104 switch to &CopyCommNetActor::HandlerNormal
I1222 14:46:27.838361 85234 thread.cpp:99] Thread 17301573 construct Actor kCopyCommNet 36284028420104
I1222 14:46:27.838181 85232 naive_actor.cpp:25] actor 37391985279028 switch to &NaiveActor::HandlerNormal
I1222 14:46:27.838335 85241 thread.cpp:99] Thread 17829889 construct Actor kCopyHd 37391987376138
