 from [base_model.m_stage0.embeddings.LayerNorm-layer_norm_24] (stage_id:0) -> [base_model.m_stage0.embeddings.LayerNorm-layer_norm_24_param_grad] (stage_id:0) 
I1222 14:08:52.803429 78298 pipeline_buffer_pass.cpp:117] 
 Insert buffer op : [System-Pipeline-Buffer-Op_-base_model.m_stage0.embeddings-broadcast_add_23-z_0-stage_id_0](buffer_size:4) 
 from [base_model.m_stage0.embeddings-broadcast_add_23] (stage_id:0) -> [base_model.m_stage0.embeddings.LayerNorm-layer_norm_24_grad] (stage_id:0) 
I1222 14:08:52.803504 78298 pipeline_buffer_pass.cpp:117] 
 Insert buffer op : [System-Pipeline-Buffer-Op_-base_model.m_stage0.embeddings.LayerNorm-layer_norm_24-mean_0-stage_id_0](buffer_size:4) 
 from [base_model.m_stage0.embeddings.LayerNorm-layer_norm_24] (stage_id:0) -> [base_model.m_stage0.embeddings.LayerNorm-layer_norm_24_grad] (stage_id:0) 
I1222 14:08:52.803572 78298 pipeline_buffer_pass.cpp:117] 
 Insert buffer op : [System-Pipeline-Buffer-Op_-base_model.m_stage0.embeddings.LayerNorm-layer_norm_24-inv_variance_0-stage_id_0](buffer_size:4) 
 from [base_model.m_stage0.embeddings.LayerNorm-layer_norm_24] (stage_id:0) -> [base_model.m_stage0.embeddings.LayerNorm-layer_norm_24_grad] (stage_id:0) 
I1222 14:08:52.803640 78298 pipeline_buffer_pass.cpp:117] 
 Insert buffer op : [System-Pipeline-Buffer-Op_-base_model.m_stage0.embeddings.position_embeddings-gather_20-out_0-stage_id_0](buffer_size:4) 
 from [base_model.m_stage0.embeddings.position_embeddings-gather_20] (stage_id:0) -> [base_model.m_stage0.embeddings-broadcast_add_23_y_grad_reduce_sum_like] (stage_id:0) 
I1222 14:08:52.803719 78298 pipeline_buffer_pass.cpp:117] 
 Insert buffer op : [System-Pipeline-Buffer-Op_-base_model.m_stage0.embeddings-slice_19-y_0-stage_id_0](buffer_size:4) 
 from [base_model.m_stage0.embeddings-slice_19] (stage_id:0) -> [base_model.m_stage0.embeddings.position_embeddings-gather_20_grad] (stage_id:0) 
I1222 14:08:52.803839 78298 pipeline_buffer_pass.cpp:117] 
 Insert buffer op : [System-Pipeline-Buffer-Op_-base_model-identity_15-out_0-stage_id_0](buffer_size:4) 
 from [base_model-identity_15] (stage_id:0) -> [base_model.m_stage0.embeddings.word_embeddings-gather_18_grad] (stage_id:0) 
I1222 14:08:52.804471 78298 pipeline_buffer_pass.cpp:117] 
 Insert buffer op : [System-Pipeline-Buffer-Op_-base_model-identity_16-out_0-stage_id_0](buffer_size:4) 
 from [base_model-identity_16] (stage_id:0) -> [base_model.m_stage0.embeddings.token_type_embeddings-gather_21_grad] (stage_id:0) 
I1222 14:08:52.804747 78298 pipeline_buffer_pass.cpp:117] 
 Insert buffer op : [System-Pipeline-Buffer-Op_-_train_data_loader-hierarchical_parallel_cast_8-out_0-stage_id_0](buffer_size:4) 
 from [_train_data_loader-hierarchical_parallel_cast_8] (stage_id:0) -> [base_model-identity_15] (stage_id:0) 
I1222 14:08:52.804838 78298 pipeline_buffer_pass.cpp:117] 
 Insert buffer op : [System-Pipeline-Buffer-Op_-_train_data_loader-hierarchical_parallel_cast_11-out_0-stage_id_0](buffer_size:4) 
 from [_train_data_loader-hierarchical_parallel_cast_11] (stage_id:0) -> [base_model-identity_16] (stage_id:0) 
I1222 14:08:52.804913 78298 pipeline_buffer_pass.cpp:117] 
 Insert buffer op : [System-Pipeline-Buffer-Op_-_train_data_loader-hierarchical_parallel_cast_10-out_0-stage_id_0](buffer_size:4) 
 from [_train_data_loader-hierarchical_parallel_cast_10] (stage_id:0) -> [base_model-identity_17] (stage_id:0) 
I1222 14:08:52.805440 78298 pipeline_buffer_pass.cpp:212] 
 Insert buffer op pair : src_buffer = <System-Pipeline-Buffer-Op_-base_model-identity_236-out_0>(buffer_size:1) , dst_buffer = <System-Pipeline-Buffer-Op_-base_model-identity_236-out_0-stage_id_1>(buffer_size:1) 
 from [base_model-identity_236] (stage_id:0) -> [base_model-identity_237] (stage_id:1) 
I1222 14:08:52.805521 78298 pipeline_buffer_pass.cpp:117] 
 Insert buffer op : [System-Pipeline-Buffer-Op_-_train_data_loader-hierarchical_parallel_cast_10-out_0-stage_id_1](buffer_size:4) 
 from [_train_data_loader-hierarchical_parallel_cast_10] (stage_id:0) -> [base_model-identity_238] (stage_id:1) 
I1222 14:08:52.806000 78298 pipeline_buffer_pass.cpp:117] 
 Insert buffer op : [System-Pipeline-Buffer-Op_-_train_data_loader-hierarchical_parallel_cast_9-out_0-stage_id_1](buffer_size:4) 
 from [_train_data_loader-hierarchical_parallel_cast_9] (stage_id:0) -> [reshape_464] (stage_id:1) 
I1222 14:08:52.806088 78298 pipeline_buffer_pass.cpp:117] 
 Insert buffer op : [System-Pipeline-Buffer-Op_-_train_data_loader-hierarchical_parallel_cast_13-out_0-stage_id_1](buffer_size:4) 
 from [_train_data_loader-hierarchical_parallel_cast_13] (stage_id:0) -> [expand_dims_472] (stage_id:1) 
I1222 14:08:52.806174 78298 pipeline_buffer_pass.cpp:117] 
 Insert buffer op : [System-Pipeline-Buffer-Op_-_train_data_loader-hierarchical_parallel_cast_12-out_0-stage_id_1](buffer_size:4) 
 from [_train_data_loader-hierarchical_parallel_cast_12] (stage_id:0) -> [reshape_476] (stage_id:1) 
I1222 14:08:52.806254 78298 pipeline_buffer_pass.cpp:117] 
 Insert buffer op : [System-Pipeline-Buffer-Op_-_train_data_loader-hierarchical_parallel_cast_14-out_0-stage_id_1](buffer_size:4) 
 from [_train_data_loader-hierarchical_parallel_cast_14] (stage_id:0) -> [multiply_483] (stage_id:1) 
I1222 14:08:52.807077 78298 pipeline_buffer_pass.cpp:212] 
 Insert buffer op pair : src_buffer = <System-Pipeline-Buffer-Op_-base_model-identity_237_grad-out_0>(buffer_size:1) , dst_buffer = <System-Pipeline-Buffer-Op_-base_model-identity_237_grad-out_0-stage_id_0>(buffer_size:1) 
 from [base_model-identity_237_grad] (stage_id:1) -> [base_model-identity_236_grad] (stage_id:0) 
I1222 14:08:53.307139 78298 global.h:43] DeleteGlobal N7oneflow7JobDescE
I1222 14:08:53.874567 78298 global.h:36] NewGlobal N7oneflow7JobDescE
I1222 14:09:03.066375 78298 runtime_context.cpp:21] NewCounter constructing_actor_cnt 1724
I1222 14:09:03.067363 78741 naive_actor.cpp:25] actor 37391985280511 switch to &NaiveActor::HandlerNormal
I1222 14:09:03.068019 78790 wait_and_send_ids_actor.cpp:53] actor 36284020031488 switch to &WaitAndSendIdsActor::HandlerWaitToStart
I1222 14:09:03.067724 78741 thread.cpp:99] Thread 17829888 construct Actor kDeviceTick 37391985280511
I1222 14:09:03.068168 78790 thread.cpp:99] Thread 17301569 construct Actor kWaitAndSendIds 36284020031488
I1222 14:09:03.068261 78741 runtime_context.cpp:29] DecreaseCounter constructing_actor_cnt, current val is 1723
I1222 14:09:03.068322 78790 runtime_context.cpp:29] DecreaseCounter constructing_actor_cnt, current val is 1722
I1222 14:09:03.068542 78741 naive_actor.cpp:25] actor 37391985280506 switch to &NaiveActor::HandlerNormal
I1222 14:09:03.068588 78741 thread.cpp:99] Thread 17829888 construct Actor kDeviceTick 37391985280506
I1222 14:09:03.068640 78741 runtime_context.cpp:29] DecreaseCounter constructing_actor_cnt, current val is 1721
I1222 14:09:03.068871 78741 naive_actor.cpp:25] actor 37391985280515 switch to &NaiveActor::HandlerNormal
I1222 14:09:03.068912 78741 thread.cpp:99] Thread 17829888 construct Actor kDeviceTick 37391985280515
I1222 14:09:03.068962 78741 runtime_context.cpp:29] DecreaseCounter constructing_actor_cnt, current val is 1720
I1222 14:09:03.069164 78741 naive_actor.cpp:25] actor 37391985280513 switch to &NaiveActor::HandlerNormal
I1222 14:09:03.069203 78741 thread.cpp:99] Thread 17829888 construct Actor kDeviceTick 37391985280513
I1222 14:09:03.069252 78741 runtime_context.cpp:29] DecreaseCounter constructing_actor_cnt, current val is 1719
I1222 14:09:03.069712 78741 naive_actor.cpp:25] actor 37391985280509 switch to &NaiveActor::HandlerNormal
I1222 14:09:03.069752 78741 thread.cpp:99] Thread 17829888 construct Actor kDeviceTick 37391985280509
I1222 14:09:03.069816 78741 runtime_context.cpp:29] DecreaseCounter constructing_actor_cnt, current val is 1718
I1222 14:09:03.140081 78733 naive_actor.cpp:25] actor 36283883716608 switch to &NaiveActor::HandlerNormal
I1222 14:09:03.140264 78733 thread.cpp:99] Thread 17301504 construct Actor kNormalForward 36283883716608
I1222 14:09:03.140602 78733 runtime_context.cpp:29] DecreaseCounter constructing_actor_cnt, current val is 1717
I1222 14:09:03.140630 78736 naive_actor.cpp:25] actor 36283892105216 switch to &NaiveActor::HandlerNormal
I1222 14:09:03.140820 78736 thread.cpp:99] Thread 17301508 construct Actor kNormalForward 36283892105216
I1222 14:09:03.140869 78737 naive_actor.cpp:25] actor 36283887910912 switch to &NaiveActor::HandlerNormal
I1222 14:09:03.140995 78737 thread.cpp:99] Thread 17301506 construct Actor kNormalForward 36283887910912
I1222 14:09:03.141002 78736 runtime_context.cpp:29] DecreaseCounter constructing_actor_cnt, current val is 1716
I1222 14:09:03.141067 78745 naive_actor.cpp:25] actor 37391989473284 switch to &NaiveActor::HandlerNormal
I1222 14:09:03.141351 78788 naive_actor.cpp:25] actor 36284017934344 switch to &NaiveActor::HandlerNormal
I1222 14:09:03.141146 78737 runtime_context.cpp:29] DecreaseCounter constructing_actor_cnt, current val is 1715
I1222 14:09:03.141153 78796 naive_actor.cpp:25] actor 37391987376138 switch to &NaiveActor::HandlerNormal
I1222 14:09:03.141184 78735 naive_actor.cpp:25] actor 36283894202368 switch to &NaiveActor::HandlerNormal
I1222 14:09:03.141737 78735 thread.cpp:99] Thread 17301509 construct Actor kNormalForward 36283894202368
I1222 14:09:03.141360 78743 copy_comm_net_actor.cpp:66] actor 36284028420101 switch to &CopyCommNetActor::HandlerNormal
I1222 14:09:03.141357 78734 naive_actor.cpp:25] actor 36283885813760 switch to &NaiveActor::HandlerNormal
I1222 14:09:03.141093 78742 sink_actor.cpp:21] actor 36284022128640 switch to &SinkActor::HandlerNormal
I1222 14:09:03.141989 78742 thread.cpp:99] Thread 17301570 construct Actor kCallbackNotify 36284022128640
I1222 14:09:03.141409 78741 naive_actor.cpp:25] actor 37391985278982 switch to &NaiveActor::HandlerNormal
I1222 14:09:03.141523 78788 thread.cpp:99] Thread 17301568 construct Actor kSrcSubsetTick 36284017934344
I1222 14:09:03.141678 78796 thread.cpp:99] Thread 17829889 construct Actor kCopyHd 37391987376138
I1222 14:09:03.141688 78789 naive_actor.cpp:25] actor 36284024225792 switch to &NaiveActor::HandlerNormal
I1222 14:09:03.142923 78789 thread.cpp:99] Thread 17301571 construct Actor kCriticalSectionWaitTick 36284024225792
I1222 14:09:03.141775 78800 naive_actor.cpp:25] actor 36283898396672 switch to &NaiveActor::HandlerNormal
I1222 14:09:03.142987 78789 runtime_context.cpp:29] DecreaseCounter constructing_actor_cnt, current val is 1710
I1222 14:09:03.141849 78735 runtime_context.cpp:29] DecreaseCounter constructing_actor_cnt, current val is 1714
I1222 14:09:03.141863 78743 thread.cpp:99] Thread 17301573 construct Actor kCopyCommNet 36284028420101
I1222 14:09:03.141894 78805 naive_actor.cpp:25] actor 36283900493824 switch to &NaiveActor::HandlerNormal
I1222 14:09:03.141935 78734 thread.cpp:99] Thread 17301505 construct Actor kNormalForward 36283885813760
I1222 14:09:03.141388 78745 thread.cpp:99] Thread 17829890 construct Actor kCopyHd 37391989473284
I1222 14:09:03.142030 78732 naive_actor.cpp:25] actor 36283890008064 switch to &NaiveActor::HandlerNormal
I1222 14:09:03.142063 78742 runtime_context.cpp:29] DecreaseCounter constructing_actor_cnt, current val is 1713
I1222 14:09:03.142117 78741 thread.cpp:99] Thread 17829888 construct Actor kNormalForward 37391985278982
I1222 14:09:03.142160 78806 naive_actor.cpp:25] actor 36284026322944 switch to &NaiveActor::HandlerNormal
I1222 14:09:03.143517 78741 runtime_context.cpp:29] DecreaseCounter constructing_actor_cnt, current val is 1706
I1222 14:09:03.141238 78787 naive_actor.cpp:25] actor 37391991570451 switch to &NaiveActor::HandlerNormal
I1222 14:09:03.142927 78796 runtime_context.cpp:29] DecreaseCounter constructing_actor_cnt, current val is 1711
I1222 14:09:03.142994 78800 thread.cpp:99] Thread 17301511 construct Actor kNormalForward 36283898396672
I1222 14:09:03.141753 78731 naive_actor.cpp:25] actor 36283896299520 switch to &NaiveActor::HandlerNormal
I1222 14:09:03.143119 78743 runtime_context.cpp:29] DecreaseCounter constructing_actor_cnt, current val is 1709
I1222 14:09:03.143151 78805 thread.cpp:99] Thread 17301512 construct Actor kNormalForward 36283900493824
I1222 14:09:03.143214 78734 runtime_context.cpp:29] DecreaseCounter constructing_actor_cnt, current val is 1708
I1222 14:09:03.143311 78745 runtime_context.cpp:29] DecreaseCounter constructing_actor_cnt, current val is 1707
I1222 14:09:03.143359 78732 thread.cpp:99] Thread 17301507 construct Actor kNormalForward 36283890008064
I1222 14:09:03.142370 78788 runtime_context.cpp:29] DecreaseCounter constructing_actor_cnt, current val is 1712
I1222 14:09:03.144402 78732 runtime_context.cpp:29] DecreaseCounter constructing_actor_cnt, current val is 1703
I1222 14:09:03.143693 78787 thread.cpp:99] Thread 17829891 construct Actor kCollectiveBoxingGeneric 37391991570451
I1222 14:09:03.143841 78800 runtime_context.cpp:29] DecreaseCounter constructing_actor_cnt, current val is 1705
I1222 14:09:03.144644 78741 naive_actor.cpp:25] actor 37391985279001 switch to &NaiveActor::HandlerNormal
I1222 14:09:03.144047 78796 naive_actor.cpp:25] actor 37391987376146 switch to &NaiveActor::HandlerNormal
I1222 14:09:03.144138 78805 runtime_context.cpp:29] DecreaseCounter constructing_actor_cnt, current val is 1704
I1222 14:09:03.144315 78743 copy_comm_net_actor.cpp:66] actor 36284028420097 switch to &CopyCommNetActor::HandlerNormal
I1222 14:09:03.143528 78806 thread.cpp:99] Thread 17301572 construct Actor kCriticalSectionWaitTick 36284026322944
I1222 14:09:03.145087 78788 naive_actor.cpp:25] actor 36284017934345 switch to &NaiveActor::HandlerNormal
I1222 14:09:03.143926 78731 thread.cpp:99] Thread 17301510 construct Actor kNormalForward 36283896299520
I1222 14:09:03.144659 78787 runtime_context.cpp:29] DecreaseCounter constructing_actor_cnt, current val is 1702
I1222 14:09:03.144780 78741 thread.cpp:99] Thread 17829888 construct Actor kNormalForward 37391985279001
I1222 14:09:03.144903 78796 thread.cpp:99] Thread 17829889 construct Actor kCopyHd 37391987376146
I1222 14:09:03.145046 78743 thread.cpp:99] Thread 17301573 construct Actor kCopyCommNet 36284028420097
I1222 14:09:03.144484 78745 naive_actor.cpp:25] actor 37391989473280 switch to &NaiveActor::HandlerNormal
I1222 14:09:03.145174 78806 runtime_context.cpp:29] DecreaseCounter constructing_actor_cnt, current val is 1701
I1222 14:09:03.145208 78788 thread.cpp:99] Thread 17301568 construct Actor kDstSubsetTick 36284017934345
I1222 14:09:03.145432 78731 runtime_context.cpp:29] DecreaseCounter constructing_actor_cnt, current val is 1700
I1222 14:09:03.145567 78741 runtime_context.cpp:29] DecreaseCounter constructing_actor_cnt, current val is 1699
I1222 14:09:03.145733 78787 naive_actor.cpp:25] actor 37391991570483 switch to &NaiveActor::HandlerNormal
I1222 14:09:03.145735 78796 runtime_context.cpp:29] DecreaseCounter constructing_actor_cnt, current val is 1698
I1222 14:09:03.146355 78743 runtime_context.cpp:29] DecreaseCounter constructing_actor_cnt, current val is 1697
I1222 14:09:03.146412 78745 thread.cpp:99] Thread 17829890 construct Actor kCopyHd 37391989473280
I1222 14:09:03.146626 78788 runtime_context.cpp:29] DecreaseCounter constructing_actor_cnt, current val is 1696
I1222 14:09:03.146845 78787 thread.cpp:99] Thread 17829891 construct Actor kCollectiveBoxingGeneric 37391991570483
I1222 14:09:03.147109 78745 runtime_context.cpp:29] DecreaseCounter constructing_actor_cnt, current val is 1695
I1222 14:09:03.147297 78787 runtime_context.cpp:29] DecreaseCounter constructing_actor_cnt, current val is 1694
I1222 14:09:03.147212 78743 copy_comm_net_actor.cpp:66] actor 36284028420100 switch to &CopyCommNetActor::HandlerNormal
I1222 14:09:03.147176 78796 naive_actor.cpp:25] actor 37391987376133 switch to &NaiveActor::HandlerNormal
I1222 14:09:03.147475 78743 thread.cpp:99] Thread 17301573 construct Actor kCopyCommNet 36284028420100
I1222 14:09:03.147557 78745 naive_actor.cpp:25] actor 37391989473281 switch to &NaiveActor::HandlerNormal
I1222 14:09:03.147560 78796 thread.cpp:99] Thread 17829889 construct Actor kCopyHd 37391987376133
I1222 14:09:03.147655 78743 runtime_context.cpp:29] DecreaseCounter constructing_actor_cnt, current val is 1693
I1222 14:09:03.147688 78787 naive_actor.cpp:25] actor 37391991570443 switch to &NaiveActor::HandlerNormal
I1222 14:09:03.147712 78745 thread.cpp:99] Thread 17829890 construct Actor kCopyHd 37391989473281
I1222 14:09:03.147742 78741 naive_actor.cpp:25] actor 37391985278994 switch to &NaiveActor::HandlerNormal
I1222 14:09:03.147820 78796 runtime_context.cpp:29] DecreaseCounter constructing_actor_cnt, current val is 1692
I1222 14:09:03.147858 78788 naive_actor.cpp:25] actor 36284017934336 switch to &NaiveActor::HandlerNormal
I1222 14:09:03.147992 78787 thread.cpp:99] Thread 17829891 construct Actor kCollectiveBoxingGeneric 37391991570443
I1222 14:09:03.148120 78745 runtime_context.cpp:29] DecreaseCounter constructing_actor_cnt, current val is 1691
I1222 14:09:03.148430 78796 naive_actor.cpp:25] actor 37391987376128 switch to &NaiveActor::HandlerNormal
I1222 14:09:03.148175 78741 thread.cpp:99] Thread 17829888 construct Actor kNormalForward 37391985278994
I1222 14:09:03.148329 78788 thread.cpp:99] Thread 17301568 construct Actor kSrcSubsetTick 36284017934336
I1222 14:09:03.148427 78787 runtime_context.cpp:29] DecreaseCounter constructing_actor_cnt, current val is 1690
I1222 14:09:03.148706 78788 runtime_context.cpp:29] DecreaseCounter constructing_actor_cnt, current val is 1688
I1222 14:09:03.148533 78796 thread.cpp:99] Thread 17829889 construct Actor kCopyHd 37391987376128
I1222 14:09:03.148643 78741 runtime_context.cpp:29] DecreaseCounter constructing_actor_cnt, current val is 1689
I1222 14:09:03.148666 78745 naive_actor.cpp:25] actor 37391989473283 switch to &NaiveActor::HandlerNormal
I1222 14:09:03.148133 78743 copy_comm_net_actor.cpp:66] actor 36284028420111 switch to &CopyCommNetActor::HandlerNormal
I1222 14:09:03.148891 78796 runtime_context.cpp:29] DecreaseCounter constructing_actor_cnt, current val is 1687
I1222 14:09:03.149030 78745 thread.cpp:99] Thread 17829890 construct Actor kCopyHd 37391989473283
I1222 14:09:03.149041 78787 naive_actor.cpp:25] actor 37391991570455 switch to &NaiveActor::HandlerNormal
I1222 14:09:03.149114 78743 thread.cpp:99] Thread 17301573 construct Actor kCopyCommNet 36284028420111
I1222 14:09:03.149403 78745 runtime_context.cpp:29] DecreaseCounter constructing_actor_cnt, current val is 1686
I1222 14:09:03.149441 78796 naive_actor.cpp:25] actor 37391987376140 switch to &NaiveActor::HandlerNormal
I1222 14:09:03.149701 78788 naive_actor.cpp:25] actor 36284017934338 switch to &NaiveActor::HandlerNormal
I1222 14:09:03.149971 78741 naive_actor.cpp:25] actor 37391985279014 switch to &NaiveActor::HandlerNormal
I1222 14:09:03.150034 78787 thread.cpp:99] Thread 17829891 construct Actor kCollectiveBoxingGeneric 37391991570455
I1222 14:09:03.150120 78743 runtime_context.cpp:29] DecreaseCounter constructing_actor_cnt, current val is 1685
I1222 14:09:03.150265 78796 thread.cpp:99] Thread 17829889 construct Actor kCopyHd 37391987376140
I1222 14:09:03.150363 78788 thread.cpp:99] Thread 17301568 construct Actor kDstSubsetTick 36284017934338
I1222 14:09:03.150382 78745 naive_actor.cpp:25] actor 37391989473282 switch to &NaiveActor::HandlerNormal
I1222 14:09:03.150454 78741 thread.cpp:99] Thread 17829888 construct Actor kNormalForward 37391985279014
I1222 14:09:03.150566 78787 runtime_context.cpp:29] DecreaseCounter constructing_actor_cnt, current val is 1684
I1222 14:09:03.150681 78796 runtime_context.cpp:29] DecreaseCounter constructing_actor_cnt, current val is 1683
I1222 14:09:03.150797 78788 runtime_context.cpp:29] DecreaseCounter constructing_actor_cnt, current val is 1682
I1222 14:09:03.150835 78745 thread.cpp:99] Thread 17829890 construct Actor kCopyHd 37391989473282
I1222 14:09:03.150849 78743 copy_comm_net_actor.cpp:66] actor 36284028420109 switch to &CopyCommNetActor::HandlerNormal
I1222 14:09:03.151298 78796 naive_actor.cpp:25] actor 37391987376136 switch to &NaiveActor::HandlerNormal
I1222 14:09:03.151361 78788 naive_actor.cpp:25] actor 36284017934341 switch to &NaiveActor::HandlerNormal
I1222 14:09:03.150949 78741 runtime_context.cpp:29] DecreaseCounter constructing_actor_cnt, current val is 1681
I1222 14:09:03.151312 78743 thread.cpp:99] Thread 17301573 construct Actor kCopyCommNet 36284028420109
I1222 14:09:03.151306 78787 naive_actor.cpp:25] actor 37391991570436 switch to &NaiveActor::HandlerNormal
I1222 14:09:03.151238 78745 runtime_context.cpp:29] DecreaseCounter constructing_actor_cnt, current val is 1680
I1222 14:09:03.151371 78796 thread.cpp:99] Thread 17829889 construct Actor kCopyHd 37391987376136
I1222 14:09:03.151414 78788 thread.cpp:99] Thread 17301568 construct Actor kTick 36284017934341
I1222 14:09:03.151599 78743 runtime_context.cpp:29] DecreaseCounter constructing_actor_cnt, current val is 1679
I1222 14:09:03.151648 78787 thread.cpp:99] Thread 17829891 construct Actor kCollectiveBoxingGeneric 37391991570436
I1222 14:09:03.151814 78796 runtime_context.cpp:29] DecreaseCounter constructing_actor_cnt, current val is 1678
I1222 14:09:03.151863 78788 runtime_context.cpp:29] DecreaseCounter constructing_actor_cnt, current val is 1677
I1222 14:09:03.152037 78787 runtime_context.cpp:29] DecreaseCounter constructing_actor_cnt, current val is 1676
I1222 14:09:03.152164 78743 copy_comm_net_actor.cpp:66] actor 36284028420098 switch to &CopyCommNetActor::HandlerNormal
I1222 14:09:03.152253 78796 naive_actor.cpp:25] actor 37391987376144 switch to &NaiveActor::HandlerNormal
I1222 14:09:03.152325 78743 thread.cpp:99] Thread 17301573 construct Actor kCopyCommNet 36284028420098
I1222 14:09:03.152405 78796 thread.cpp:99] Thread 17829889 construct Actor kCopyHd 37391987376144
I1222 14:09:03.152405 78741 naive_actor.cpp:25] actor 37391985278981 switch to &NaiveActor::HandlerNormal
I1222 14:09:03.152431 78788 naive_actor.cpp:25] actor 36284017934342 switch to &NaiveActor::HandlerNormal
I1222 14:09:03.152688 78788 thread.cpp:99] Thread 17301568 construct Actor kSrcSubsetTick 36284017934342
I1222 14:09:03.152532 78743 runtime_context.cpp:29] DecreaseCounter constructing_actor_cnt, current val is 1675
I1222 14:09:03.152601 78796 runtime_context.cpp:29] DecreaseCounter constructing_actor_cnt, current val is 1674
I1222 14:09:03.152635 78741 thread.cpp:99] Thread 17829888 construct Actor kNormalForward 37391985278981
I1222 14:09:03.152509 78787 naive_actor.cpp:25] actor 37391991570433 switch to &NaiveActor::HandlerNormal
I1222 14:09:03.152756 78788 runtime_context.cpp:29] DecreaseCounter constructing_actor_cnt, current val is 1673
I1222 14:09:03.153116 78743 copy_comm_net_actor.cpp:66] actor 36284028420096 switch to &CopyCommNetActor::HandlerNormal
I1222 14:09:03.153651 78741 runtime_context.cpp:29] DecreaseCounter constructing_actor_cnt, current val is 1672
I1222 14:09:03.153688 78787 thread.cpp:99] Thread 17829891 construct Actor kCollectiveBoxingGeneric 37391991570433
I1222 14:09:03.153861 78743 thread.cpp:99] Thread 17301573 construct Actor kCopyCommNet 36284028420096
I1222 14:09:03.153964 78788 naive_actor.cpp:25] actor 36284017934339 switch to &NaiveActor::HandlerNormal
I1222 14:09:03.154122 78788 thread.cpp:99] Thread 17301568 construct Actor kTick 36284017934339
I1222 14:09:03.154078 78796 naive_actor.cpp:25] actor 37391987376137 switch to &NaiveActor::HandlerNormal
I1222 14:09:03.154104 78743 runtime_context.cpp:29] DecreaseCounter constructing_actor_cnt, current val is 1670
I1222 14:09:03.154035 78787 runtime_context.cpp:29] DecreaseCounter constructing_actor_cnt, current val is 1671
I1222 14:09:03.154196 78788 runtime_context.cpp:29] DecreaseCounter constructing_actor_cnt, current val is 1669
I1222 14:09:03.154259 78796 thread.cpp:99] Thread 17829889 construct Actor kCopyHd 37391987376137
I1222 14:09:03.154538 78743 copy_comm_net_actor.cpp:66] actor 36284028420099 switch to &CopyCommNetActor::HandlerNormal
I1222 14:09:03.154300 78741 naive_actor.cpp:25] actor 37391985279046 switch to &NaiveActor::HandlerNormal
I1222 14:09:03.154592 78796 runtime_context.cpp:29] DecreaseCounter constructing_actor_cnt, current val is 1668
I1222 14:09:03.154629 78743 thread.cpp:99] Thread 17301573 construct Actor kCopyCommNet 36284028420099
I1222 14:09:03.154706 78787 naive_actor.cpp:25] actor 37391991570456 switch to &NaiveActor::HandlerNormal
I1222 14:09:03.154706 78741 thread.cpp:99] Thread 17829888 construct Actor kNormalForward 37391985279046
I1222 14:09:03.154760 78788 naive_actor.cpp:25] actor 36284017934340 switch to &NaiveActor::HandlerNormal
I1222 14:09:03.155026 78741 runtime_context.cpp:29] DecreaseCounter constructing_actor_cnt, current val is 1666
I1222 14:09:03.154947 78787 thread.cpp:99] Thread 17829891 construct Actor kCollectiveBoxingGeneric 37391991570456
I1222 14:09:03.154888 78743 runtime_context.cpp:29] DecreaseCounter constructing_actor_cnt, current val is 1667
I1222 14:09:03.155037 78788 thread.cpp:99] Thread 17301568 construct Actor kTick 36284017934340
I1222 14:09:03.155038 78796 naive_actor.cpp:25] actor 37391987376129 switch to &NaiveActor::HandlerNormal
I1222 14:09:03.155232 78787 runtime_context.cpp:29] DecreaseCounter constructing_actor_cnt, current val is 1665
I1222 14:09:03.155354 78788 runtime_context.cpp:29] DecreaseCounter constructing_actor_cnt, current val is 1664
I1222 14:09:03.155392 78796 thread.cpp:99] Thread 17829889 construct Actor kCopyHd 37391987376129
I1222 14:09:03.155484 78743 copy_comm_net_actor.cpp:66] actor 36284028420107 switch to &CopyCommNetActor::HandlerNormal
I1222 14:09:03.155650 78796 runtime_context.cpp:29] DecreaseCounter constructing_actor_cnt, current val is 1663
I1222 14:09:03.155757 78787 naive_actor.cpp:25] actor 37391991570439 switch to &NaiveActor::HandlerNormal
I1222 14:09:03.155694 78743 thread.cpp:99] Thread 17301573 construct Actor kCopyCommNet 36284028420107
I1222 14:09:03.155771 78788 naive_actor.cpp:25] actor 36284017934337 switch to &NaiveActor::HandlerNormal
I1222 14:09:03.156008 78788 thread.cpp:99] Thread 17301568 construct Actor kTick 36284017934337
I1222 14:09:03.156020 78796 naive_actor.cpp:25] actor 37391987376145 switch to &NaiveActor::HandlerNormal
I1222 14:09:03.155881 78787 thread.cpp:99] Thread 17829891 construct Actor kCollectiveBoxingGeneric 37391991570439
I1222 14:09:03.156018 78741 naive_actor.cpp:25] actor 37391985278976 switch to &NaiveActor::HandlerNormal
I1222 14:09:03.155992 78743 runtime_context.cpp:29] DecreaseCounter constructing_actor_cnt, current val is 1662
I1222 14:09:03.156075 78788 runtime_context.cpp:29] DecreaseCounter constructing_actor_cnt, current val is 1661
I1222 14:09:03.156109 78796 thread.cpp:99] Thread 17829889 construct Actor kCopyHd 37391987376145
I1222 14:09:03.156339 78787 runtime_context.cpp:29] DecreaseCounter constructing_actor_cnt, current val is 1660
I1222 14:09:03.156780 78741 thread.cpp:99] Thread 17829888 construct Actor kNormalForward 37391985278976
I1222 14:09:03.157109 78788 naive_actor.cpp:25] actor 36284017934343 switch to &NaiveActor::HandlerNormal
I1222 14:09:03.157069 78743 copy_comm_net_actor.cpp:66] actor 36284028420105 switch to &CopyCommNetActor::HandlerNormal
I1222 14:09:03.157003 78796 runtime_context.cpp:29] DecreaseCounter constructing_actor_cnt, current val is 1659
I1222 14:09:03.157168 78741 runtime_context.cpp:29] DecreaseCounter constructing_actor_cnt, current val is 1658
I1222 14:09:03.157169 78788 thread.cpp:99] Thread 17301568 construct Actor kDstSubsetTick 36284017934343
I1222 14:09:03.157250 78743 thread.cpp:99] Thread 17301573 construct Actor kCopyCommNet 36284028420105
I1222 14:09:03.157394 78787 naive_actor.cpp:25] actor 37391991570458 switch to &NaiveActor::HandlerNormal
I1222 14:09:03.157420 78788 runtime_context.cpp:29] DecreaseCounter constructing_actor_cnt, current val is 1657
I1222 14:09:03.157502 78743 runtime_context.cpp:29] DecreaseCounter constructing_actor_cnt, current val is 1656
I1222 14:09:03.157512 78796 naive_actor.cpp:25] actor 37391987376130 switch to &NaiveActor::HandlerNormal
I1222 14:09:03.157560 78787 thread.cpp:99] Thread 17829891 construct Actor kCollectiveBoxingGeneric 37391991570458
I1222 14:09:03.157738 78796 thread.cpp:99] Thread 17829889 construct Actor kCopyHd 37391987376130
I1222 14:09:03.157855 78787 runtime_context.cpp:29] DecreaseCounter constructing_actor_cnt, current val is 1655
I1222 14:09:03.157873 78743 copy_comm_net_actor.cpp:66] actor 36284028420103 switch to &CopyCommNetActor::HandlerNormal
I1222 14:09:03.157896 78796 runtime_context.cpp:29] DecreaseCounter constructing_actor_cnt, current val is 1654
I1222 14:09:03.158043 78743 thread.cpp:99] Thread 17301573 construct Actor kCopyCommNet 36284028420103
I1222 14:09:03.158229 78743 runtime_context.cpp:29] DecreaseCounter constructing_actor_cnt, current val is 1653
I1222 14:09:03.158248 78787 naive_actor.cpp:25] actor 37391991570485 switch to &NaiveActor::HandlerNormal
I1222 14:09:03.158321 78796 naive_actor.cpp:25] actor 37391987376139 switch to &NaiveActor::HandlerNormal
I1222 14:09:03.158417 78787 thread.cpp:99] Thread 17829891 construct Actor kCollectiveBoxingGeneric 37391991570485
I1222 14:09:03.158438 78741 naive_actor.cpp:25] actor 37391985279008 switch to &NaiveActor::HandlerNormal
I1222 14:09:03.158493 78743 copy_comm_net_actor.cpp:66] actor 36284028420114 switch to &CopyCommNetActor::HandlerNormal
I1222 14:09:03.158496 78796 thread.cpp:99] Thread 17829889 construct Actor kCopyHd 37391987376139
I1222 14:09:03.158613 78787 runtime_context.cpp:29] DecreaseCounter constructing_actor_cnt, current val is 1652
I1222 14:09:03.158638 78741 thread.cpp:99] Thread 17829888 construct Actor kNormalForward 37391985279008
I1222 14:09:03.158716 78743 thread.cpp:99] Thread 17301573 construct Actor kCopyCommNet 36284028420114
I1222 14:09:03.158826 78796 runtime_context.cpp:29] DecreaseCounter constructing_actor_cnt, current val is 1651
I1222 14:09:03.158985 78741 runtime_context.cpp:29] DecreaseCounter constructing_actor_cnt, current val is 1650
I1222 14:09:03.159034 78743 runtime_context.cpp:29] DecreaseCounter constructing_actor_cnt, current val is 1649
I1222 14:09:03.159196 78787 naive_actor.cpp:25] actor 37391991570478 switch to &NaiveActor::HandlerNormal
I1222 14:09:03.159268 78796 naive_actor.cpp:25] actor 37391987376131 switch to &NaiveActor::HandlerNormal
I1222 14:09:03.159307 78787 thread.cpp:99] Thread 17829891 construct Actor kCollectiveBoxingGeneric 37391991570478
I1222 14:09:03.159389 78796 thread.cpp:99] Thread 17829889 construct Actor kCopyHd 37391987376131
I1222 14:09:03.159390 78743 copy_comm_net_actor.cpp:66] actor 36284028420106 switch to &CopyCommNetActor::HandlerNormal
I1222 14:09:03.159584 78787 runtime_context.cpp:29] DecreaseCounter constructing_actor_cnt, current val is 1648
I1222 14:09:03.160105 78741 naive_actor.cpp:25] actor 37391985278988 switch to &NaiveActor::HandlerNormal
I1222 14:09:03.160251 78796 runtime_context.cpp:29] DecreaseCounter constructing_actor_cnt, current val is 1647
I1222 14:09:03.160285 78743 thread.cpp:99] Thread 17301573 construct Actor kCopyCommNet 36284028420106
I1222 14:09:03.160430 78741 thread.cpp:99] Thread 17829888 construct Actor kNormalForward 37391985278988
I1222 14:09:03.160575 78743 runtime_context.cpp:29] DecreaseCounter constructing_actor_cnt, current val is 1646
I1222 14:09:03.160661 78741 runtime_context.cpp:29] DecreaseCounter constructing_actor_cnt, current val is 1645
I1222 14:09:03.160699 78796 naive_actor.cpp:25] actor 37391987376134 switch to &NaiveActor::HandlerNormal
I1222 14:09:03.160614 78787 naive_actor.cpp:25] actor 37391991570492 switch to &NaiveActor::HandlerNormal
I1222 14:09:03.160800 78796 thread.cpp:99] Thread 17829889 construct Actor kCopyHd 37391987376134
I1222 14:09:03.160892 78787 thread.cpp:99] Thread 17829891 construct Actor kCollectiveBoxingGeneric 37391991570492
I1222 14:09:03.160902 78743 copy_comm_net_actor.cpp:66] actor 36284028420102 switch to &CopyCommNetActor::HandlerNormal
I1222 14:09:03.160984 78796 runtime_context.cpp:29] DecreaseCounter constructing_actor_cnt, current val is 1644
I1222 14:09:03.161078 78787 runtime_context.cpp:29] DecreaseCounter constructing_actor_cnt, current val is 1643
I1222 14:09:03.161119 78743 thread.cpp:99] Thread 17301573 construct Actor kCopyCommNet 36284028420102
I1222 14:09:03.161370 78796 naive_actor.cpp:25] actor 37391987376143 switch to &NaiveActor::HandlerNormal
I1222 14:09:03.161379 78743 runtime_context.cpp:29] DecreaseCounter constructing_actor_cnt, current val is 1642
I1222 14:09:03.161469 78796 thread.cpp:99] Thread 17829889 construct Actor kCopyHd 37391987376143
I1222 14:09:03.161554 78787 naive_actor.cpp:25] actor 37391991570509 switch to &NaiveActor::HandlerNormal
I1222 14:09:03.161629 78796 runtime_context.cpp:29] DecreaseCounter constructing_actor_cnt, current val is 1641
I1222 14:09:03.161675 78787 thread.cpp:99] Thread 17829891 construct Actor kCollectiveBoxingGeneric 37391991570509
I1222 14:09:03.161723 78743 copy_comm_net_actor.cpp:66] actor 36284028420104 switch to &CopyCommNetActor::HandlerNormal
I1222 14:09:03.161870 78787 runtime_context.cpp:29] DecreaseCounter constructing_actor_cnt, current val is 1640
I1222 14:09:03.161912 78743 thread.cpp:99] Thread 17301573 construct Actor kCopyCommNet 36284028420104
I1222 14:09:03.161973 78796 naive_actor.cpp:25] actor 37391987376135 switch to &NaiveActor::HandlerNormal
I1222 14:09:03.162068 78743 runtime_context.cpp:29] DecreaseCounter constructing_actor_cnt, current val is 1639
I1222 14:09:03.162106 78796 thread.cpp:99] Thread 17829889 construct Actor kCopyHd 37391987376135
I1222 14:09:03.162261 78796 runtime_context.cpp:29] DecreaseCounter constructing_actor_cnt, current val is 1638
I1222 14:09:03.162268 78787 naive_actor.cpp:25] actor 37391991570460 switch to &NaiveActor::HandlerNormal
I1222 14:09:03.162353 78743 copy_comm_net_actor.cpp:66] actor 36284028420108 switch to &CopyCommNetActor::HandlerNormal
I1222 14:09:03.162405 78741 naive_actor.cpp:25] actor 37391985279033 switch to &NaiveActor::HandlerNormal
I1222 14:09:03.162407 78787 thread.cpp:99] Thread 17829891 construct Actor kCollectiveBoxingGeneric 37391991570460
I1222 14:09:03.162483 78743 thread.cpp:99] Thread 17301573 construct Actor kCopyCommNet 36284028420108
I1222 14:09:03.162505 78796 naive_actor.cpp:25] actor 37391987376142 switch to &NaiveActor::HandlerNormal
I1222 14:09:03.162571 78741 thread.cpp:99] Thread 17829888 construct Actor kNormalForward 37391985279033
I1222 14:09:03.162670 78787 runtime_context.cpp:29] DecreaseCounter constructing_actor_cnt, current val is 1637
I1222 14:09:03.162696 78743 runtime_context.cpp:29] DecreaseCounter constructing_actor_cnt, current val is 1636
I1222 14:09:03.162732 78796 thread.cpp:99] Thread 17829889 construct Actor kCopyHd 37391987376142
I1222 14:09:03.162950 78741 runtime_context.cpp:29] DecreaseCounter constructing_actor_cnt, current val is 1635
I1222 14:09:03.163594 78796 runtime_context.cpp:29] DecreaseCounter constructing_actor_cnt, current val is 1634
I1222 14:09:03.163684 78743 copy_comm_net_actor.cpp:66] actor 36284028420117 switch to &CopyCommNetActor::HandlerNormal
I1222 14:09:03.163749 78787 naive_actor.cpp:25] actor 37391991570474 switch to &NaiveActor::HandlerNormal
I1222 14:09:03.163856 78743 thread.cpp:99] Thread 17301573 construct Actor kCopyCommNet 36284028420117
I1222 14:09:03.163964 78796 naive_actor.cpp:25] actor 37391987376132 switch to &NaiveActor::HandlerNormal
I1222 14:09:03.163965 78787 thread.cpp:99] Thread 17829891 construct Actor kCollectiveBoxingGeneric 37391991570474
I1222 14:09:03.164032 78743 runtime_context.cpp:29] DecreaseCounter constructing_actor_cnt, current val is 1633
I1222 14:09:03.164086 78796 thread.cpp:99] Thread 17829889 construct Actor kCopyHd 37391987376132
I1222 14:09:03.164199 78787 runtime_context.cpp:29] DecreaseCounter constructing_actor_cnt, current val is 1632
I1222 14:09:03.164324 78796 runtime_context.cpp:29] DecreaseCounter constructing_actor_cnt, current val is 1631
I1222 14:09:03.164460 78743 copy_comm_net_actor.cpp:66] actor 36284028420118 switch to &CopyCommNetActor::HandlerNormal
I1222 14:09:03.164547 78743 thread.cpp:99] Thread 17301573 construct Actor kCopyCommNet 36284028420118
I1222 14:09:03.164616 78743 runtime_context.cpp:29] DecreaseCounter constructing_actor_cnt, current val is 1630
I1222 14:09:03.164654 78796 naive_actor.cpp:25] actor 37391987376141 switch to &NaiveActor::HandlerNormal
I1222 14:09:03.164682 78787 naive_actor.cpp:25] actor 37391991570522 switch to &NaiveActor::HandlerNormal
I1222 14:09:03.164762 78796 thread.cpp:99] Thread 17829889 construct Actor kCopyHd 37391987376141
I1222 14:09:03.164860 78743 copy_comm_net_actor.cpp:66] actor 36284028420115 switch to &CopyCommNetActor::HandlerNormal
I1222 14:09:03.164867 78787 thread.cpp:99] Thread 17829891 construct Actor kCollectiveBoxingGeneric 37391991570522
I1222 14:09:03.164924 78741 naive_actor.cpp:25] actor 37391985279026 switch to &NaiveActor::HandlerNormal
I1222 14:09:03.164958 78796 runtime_context.cpp:29] DecreaseCounter constructing_actor_cnt, current val is 1629
I1222 14:09:03.165021 78743 thread.cpp:99] Thread 17301573 construct Actor kCopyCommNet 36284028420115
I1222 14:09:03.165117 78787 runtime_context.cpp:29] DecreaseCounter constructing_actor_cnt, current val is 1628
I1222 14:09:03.165196 78741 thread.cpp:99] Thread 17829888 construct Actor kNormalForward 37391985279026
I1222 14:09:03.165325 78743 runtime_context.cpp:29] DecreaseCounter constructing_actor_cnt, current val is 1627
I1222 14:09:03.165508 78741 runtime_context.cpp:29] DecreaseCounter constructing_actor_cnt, current val is 1626
I1222 14:09:03.165650 78787 naive_actor.cpp:25] actor 37391991570441 switch to &NaiveActor::HandlerNormal
I1222 14:09:03.165710 78743 copy_comm_net_actor.cpp:66] actor 36284028420119 switch to &CopyCommNetActor::HandlerNormal
I1222 14:09:03.165807 78787 thread.cpp:99] Thread 17829891 construct Actor kCollectiveBoxingGeneric 37391991570441
I1222 14:09:03.165879 78743 thread.cpp:99] Thread 17301573 construct Actor kCopyCommNet 36284028420119
I1222 14:09:03.165990 78787 runtime_context.cpp:29] DecreaseCounter constructing_actor_cnt, current val is 1625
I1222 14:09:03.166034 78743 runtime_context.cpp:29] DecreaseCounter constructing_actor_cnt, current val is 1624
I1222 14:09:03.166132 78741 naive_actor.cpp:25] actor 37391985278992 switch to &NaiveActor::HandlerNormal
I1222 14:09:03.166226 78741 thread.cpp:99] Thread 17829888 construct Actor kNormalForward 37391985278992
I1222 14:09:03.166286 78743 copy_comm_net_actor.cpp:66] actor 36284028420113 switch to &CopyCommNetActor::HandlerNormal
I1222 14:09:03.166357 78787 naive_actor.cpp:25] actor 37391991570535 switch to &NaiveActor::HandlerNormal
I1222 14:09:03.166360 78741 runtime_context.cpp:29] DecreaseCounter constructing_actor_cnt, current val is 1623
I1222 14:09:03.166472 78743 thread.cpp:99] Thread 17301573 construct Actor kCopyCommNet 36284028420113
I1222 14:09:03.166985 78787 thread.cpp:99] Thread 17829891 construct Actor kCollectiveBoxingGeneric 37391991570535
I1222 14:09:03.167150 78743 runtime_context.cpp:29] DecreaseCounter constructing_actor_cnt, current val is 1622
I1222 14:09:03.167218 78787 runtime_context.cpp:29] DecreaseCounter constructing_actor_cnt, current val is 1621
I1222 14:09:03.167436 78743 copy_comm_net_actor.cpp:66] actor 36284028420116 switch to &CopyCommNetActor::HandlerNormal
I1222 14:09:03.167519 78743 thread.cpp:99] Thread 17301573 construct Actor kCopyCommNet 36284028420116
I1222 14:09:03.167526 78741 naive_actor.cpp:25] actor 37391985279013 switch to &NaiveActor::HandlerNormal
I1222 14:09:03.167593 78787 naive_actor.cpp:25] actor 37391991570481 switch to &NaiveActor::HandlerNormal
I1222 14:09:03.167610 78743 runtime_context.cpp:29] DecreaseCounter constructing_actor_cnt, current val is 1620
I1222 14:09:03.167662 78741 thread.cpp:99] Thread 17829888 construct Actor kNormalForward 37391985279013
I1222 14:09:03.167733 78787 thread.cpp:99] Thread 17829891 construct Actor kCollectiveBoxingGeneric 37391991570481
I1222 14:09:03.167899 78741 runtime_context.cpp:29] DecreaseCounter constructing_actor_cnt, current val is 1619
I1222 14:09:03.167958 78787 runtime_context.cpp:29] DecreaseCounter constructing_actor_cnt, current val is 1618
I1222 14:09:03.167973 78743 copy_comm_net_actor.cpp:66] actor 36284028420110 switch to &CopyCommNetActor::HandlerNormal
I1222 14:09:03.168146 78743 thread.cpp:99] Thread 17301573 construct Actor kCopyCommNet 36284028420110
I1222 14:09:03.168236 78743 runtime_context.cpp:29] DecreaseCounter constructing_actor_cnt, current val is 1617
I1222 14:09:03.168339 78787 naive_actor.cpp:25] actor 37391991570490 switch to &NaiveActor::HandlerNormal
I1222 14:09:03.168442 78743 copy_comm_net_actor.cpp:66] actor 36284028420112 switch to &CopyCommNetActor::HandlerNormal
I1222 14:09:03.168448 78787 thread.cpp:99] Thread 17829891 construct Actor kCollectiveBoxingGeneric 37391991570490
I1222 14:09:03.168517 78743 thread.cpp:99] Thread 17301573 construct Actor kCopyCommNet 36284028420112
I1222 14:09:03.168624 78787 runtime_context.cpp:29] DecreaseCounter constructing_actor_cnt, current val is 1616
I1222 14:09:03.168668 78743 runtime_context.cpp:29] DecreaseCounter constructing_actor_cnt, current val is 1615
I1222 14:09:03.168984 78787 naive_actor.cpp:25] actor 37391991570476 switch to &NaiveActor::HandlerNormal
I1222 14:09:03.169082 78787 thread.cpp:99] Thread 17829891 construct Actor kCollectiveBoxingGeneric 37391991570476
I1222 14:09:03.169173 78787 runtime_context.cpp:29] DecreaseCounter constructing_actor_cnt, current val is 1614
I1222 14:09:03.169330 78741 naive_actor.cpp:25] actor 37391985279078 switch to &NaiveActor::HandlerNormal
I1222 14:09:03.169441 78741 thread.cpp:99] Thread 17829888 construct Actor kNormalForward 37391985279078
I1222 14:09:03.169484 78787 naive_actor.cpp:25] actor 37391991570463 switch to &NaiveActor::HandlerNormal
I1222 14:09:03.169569 78787 thread.cpp:99] Thread 17829891 construct Actor kCollectiveBoxingGeneric 37391991570463
I1222 14:09:03.169579 78741 runtime_context.cpp:29] DecreaseCounter constructing_actor_cnt, current val is 1613
I1222 14:09:03.169657 78787 runtime_context.cpp:29] DecreaseCounter constructing_actor_cnt, current val is 1612
I1222 14:09:03.169970 78787 naive_actor.cpp:25] actor 37391991570473 switch to &NaiveActor::HandlerNormal
I1222 14:09:03.170065 78787 thread.cpp:99] Thread 17829891 construct Actor kCollectiveBoxingGeneric 37391991570473
I1222 14:09:03.170152 78787 runtime_context.cpp:29] DecreaseCounter constructing_actor_cnt, current val is 1611
I1222 14:09:03.170468 78787 naive_actor.cpp:25] actor 37391991570486 switch to &NaiveActor::HandlerNormal
I1222 14:09:03.170645 78787 thread.cpp:99] Thread 17829891 construct Actor kCollectiveBoxingGeneric 37391991570486
I1222 14:09:03.171103 78741 naive_actor.cpp:25] actor 37391985279003 switch to &NaiveActor::HandlerNormal
I1222 14:09:03.171123 78787 runtime_context.cpp:29] DecreaseCounter constructing_actor_cnt, current val is 1610
I1222 14:09:03.171222 78741 thread.cpp:99] Thread 17829888 construct Actor kNormalForward 37391985279003
I1222 14:09:03.171442 78741 runtime_context.cpp:29] DecreaseCounter constructing_actor_cnt, current val is 1609
I1222 14:09:03.171582 78787 naive_actor.cpp:25] actor 37391991570491 switch to &NaiveActor::HandlerNormal
I1222 14:09:03.171679 78787 thread.cpp:99] Thread 17829891 construct Actor kCollectiveBoxingGeneric 37391991570491
I1222 14:09:03.171802 78787 runtime_context.cpp:29] DecreaseCounter constructing_actor_cnt, current val is 1608
I1222 14:09:03.172129 78787 naive_actor.cpp:25] actor 37391991570454 switch to &NaiveActor::HandlerNormal
I1222 14:09:03.172221 78787 thread.cpp:99] Thread 17829891 construct Actor kCollectiveBoxingGeneric 37391991570454
I1222 14:09:03.172327 78787 runtime_context.cpp:29] DecreaseCounter constructing_actor_cnt, current val is 1607
I1222 14:09:03.172662 78787 naive_actor.cpp:25] actor 37391991570525 switch to &NaiveActor::HandlerNormal
I1222 14:09:03.172736 78787 thread.cpp:99] Thread 17829891 construct Actor kCollectiveBoxingGeneric 37391991570525
I1222 14:09:03.172858 78787 runtime_context.cpp:29] DecreaseCounter constructing_actor_cnt, current val is 1606
I1222 14:09:03.172919 78741 naive_actor.cpp:25] actor 37391985279035 switch to &NaiveActor::HandlerNormal
I1222 14:09:03.173046 78741 thread.cpp:99] Thread 17829888 construct Actor kNormalForward 37391985279035
I1222 14:09:03.173171 78741 runtime_context.cpp:29] DecreaseCounter constructing_actor_cnt, current val is 1605
I1222 14:09:03.173210 78787 naive_actor.cpp:25] actor 37391991570504 switch to &NaiveActor::HandlerNormal
I1222 14:09:03.173313 78787 thread.cpp:99] Thread 17829891 construct Actor kCollectiveBoxingGeneric 37391991570504
I1222 14:09:03.173424 78787 runtime_context.cpp:29] DecreaseCounter constructing_actor_cnt, current val is 1604
I1222 14:09:03.173736 78787 naive_actor.cpp:25] actor 37391991570519 switch to &NaiveActor::HandlerNormal
I1222 14:09:03.173846 78787 thread.cpp:99] Thread 17829891 construct Actor kCollectiveBoxingGeneric 37391991570519
I1222 14:09:03.173954 78787 runtime_context.cpp:29] DecreaseCounter constructing_actor_cnt, current val is 1603
I1222 14:09:03.174285 78787 naive_actor.cpp:25] actor 37391991570487 switch to &NaiveActor::HandlerNormal
I1222 14:09:03.174371 78787 thread.cpp:99] Thread 17829891 construct Actor kCollectiveBoxingGeneric 37391991570487
I1222 14:09:03.174472 78787 runtime_context.cpp:29] DecreaseCounter constructing_actor_cnt, current val is 1602
I1222 14:09:03.174587 78741 naive_actor.cpp:25] actor 37391985278991 switch to &NaiveActor::HandlerNormal
I1222 14:09:03.174700 78741 thread.cpp:99] Thread 17829888 construct Actor kNormalForward 37391985278991
I1222 14:09:03.174816 78787 naive_actor.cpp:25] actor 37391991570520 switch to &NaiveActor::HandlerNormal
I1222 14:09:03.174865 78741 runtime_context.cpp:29] DecreaseCounter constructing_actor_cnt, current val is 1601
I1222 14:09:03.174914 78787 thread.cpp:99] Thread 17829891 construct Actor kCollectiveBoxingGeneric 37391991570520
I1222 14:09:03.175078 78787 runtime_context.cpp:29] DecreaseCounter constructing_actor_cnt, current val is 1600
I1222 14:09:03.175395 78787 naive_actor.cpp:25] actor 37391991570511 switch to &NaiveActor::HandlerNormal
I1222 14:09:03.175433 78741 naive_actor.cpp:25] actor 37391985279020 switch to &NaiveActor::HandlerNormal
I1222 14:09:03.175496 78787 thread.cpp:99] Thread 17829891 construct Actor kCollectiveBoxingGeneric 37391991570511
I1222 14:09:03.175568 78741 thread.cpp:99] Thread 17829888 construct Actor kNormalForward 37391985279020
I1222 14:09:03.175657 78787 runtime_context.cpp:29] DecreaseCounter constructing_actor_cnt, current val is 1599
I1222 14:09:03.175726 78741 runtime_context.cpp:29] DecreaseCounter constructing_actor_cnt, current val is 1598
I1222 14:09:03.176070 78787 naive_actor.cpp:25] actor 37391991570452 switch to &NaiveActor::HandlerNormal
I1222 14:09:03.176386 78787 thread.cpp:99] Thread 17829891 construct Actor kCollectiveBoxingGeneric 37391991570452
I1222 14:09:03.176501 78787 runtime_context.cpp:29] DecreaseCounter constructing_actor_cnt, current val is 1597
I1222 14:09:03.176856 78787 naive_actor.cpp:25] actor 37391991570448 switch to &NaiveActor::HandlerNormal
I1222 14:09:03.176954 78787 thread.cpp:99] Thread 17829891 construct Actor kCollectiveBoxingGeneric 37391991570448
I1222 14:09:03.177062 78787 runtime_context.cpp:29] DecreaseCounter constructing_actor_cnt, current val is 1596
I1222 14:09:03.177381 78787 naive_actor.cpp:25] actor 37391991570506 switch to &NaiveActor::HandlerNormal
I1222 14:09:03.177474 78787 thread.cpp:99] Thread 17829891 construct Actor kCollectiveBoxingGeneric 37391991570506
I1222 14:09:03.177561 78787 runtime_context.cpp:29] DecreaseCounter constructing_actor_cnt, current val is 1595
I1222 14:09:03.177664 78741 naive_actor.cpp:25] actor 37391985278999 switch to &NaiveActor::HandlerNormal
I1222 14:09:03.177799 78741 thread.cpp:99] Thread 17829888 construct Actor kNormalForward 37391985278999
I1222 14:09:03.177932 78741 runtime_context.cpp:29] DecreaseCounter constructing_actor_cnt, current val is 1594
I1222 14:09:03.177940 78787 naive_actor.cpp:25] actor 37391991570526 switch to &NaiveActor::HandlerNormal
I1222 14:09:03.178090 78787 thread.cpp:99] Thread 17829891 construct Actor kCollectiveBoxingGeneric 37391991570526
I1222 14:09:03.178200 78787 runtime_context.cpp:29] DecreaseCounter constructing_actor_cnt, current val is 1593
I1222 14:09:03.178524 78787 naive_actor.cpp:25] actor 37391991570446 switch to &NaiveActor::HandlerNormal
I1222 14:09:03.178615 78787 thread.cpp:99] Thread 17829891 construct Actor kCollectiveBoxingGeneric 37391991570446
I1222 14:09:03.178723 78787 runtime_context.cpp:29] DecreaseCounter constructing_actor_cnt, current val is 1592
I1222 14:09:03.179069 78787 naive_actor.cpp:25] actor 37391991570442 switch to &NaiveActor::HandlerNormal
I1222 14:09:03.179184 78787 thread.cpp:99] Thread 17829891 construct Actor kCollectiveBoxingGeneric 37391991570442
I1222 14:09:03.179275 78787 runtime_context.cpp:29] DecreaseCounter constructing_actor_cnt, current val is 1591
I1222 14:09:03.179425 78741 naive_actor.cpp:25] actor 37391985279058 switch to &NaiveActor::HandlerNormal
I1222 14:09:03.179535 78741 thread.cpp:99] Thread 17829888 construct Actor kNormalForward 37391985279058
I1222 14:09:03.179658 78741 runtime_context.cpp:29] DecreaseCounter constructing_actor_cnt, current val is 1590
I1222 14:09:03.179745 78787 naive_actor.cpp:25] actor 37391991570529 switch to &NaiveActor::HandlerNormal
I1222 14:09:03.179858 78787 thread.cpp:99] Thread 17829891 construct Actor kCollectiveBoxingGeneric 37391991570529
I1222 14:09:03.179977 78787 runtime_context.cpp:29] DecreaseCounter constructing_actor_cnt, current val is 1589
