Log file created at: 2021/12/22 14:36:31
Running on machine: cn1
Log line format: [IWEF]mmdd hh:mm:ss.uuuuuu threadid file:line] msg
I1222 14:36:31.809960 83364 global.h:36] NewGlobal N7oneflow7EnvDescE
I1222 14:36:31.811506 83364 global.h:36] NewGlobal N7oneflow10ProcessCtxE
I1222 14:36:31.811533 83364 env_global_objects_scope.cpp:157] using rpc backend: gRPC
I1222 14:36:31.811547 83364 global.h:36] NewGlobal N7oneflow10CtrlServerE
I1222 14:36:31.812341 83364 ctrl_server.cpp:40] CtrlServer listening on 0.0.0.0:35115
I1222 14:36:31.812464 83364 rank_info_bootstrap_server.cpp:47] RankInfoBootstrapServer listening on 0.0.0.0:7788
I1222 14:37:01.816445 83364 rpc_client.cpp:187] LoadServer cn1 Successful at 0 times
I1222 14:37:01.818017 83364 ctrl_bootstrap.cpp:77] 
ctrl_addr {
  host: "cn1"
  port: 35115
}
ctrl_addr {
  host: "172.16.0.11"
  port: 41784
}
ctrl_addr {
  host: "172.16.0.12"
  port: 36135
}
ctrl_addr {
  host: "172.16.0.12"
  port: 41487
}
rank: 0
node_size: 2
I1222 14:37:31.821334 83364 rpc_client.cpp:187] LoadServer cn1 Successful at 0 times
I1222 14:37:31.822258 83364 rpc_client.cpp:187] LoadServer 172.16.0.11 Successful at 0 times
I1222 14:37:31.822887 83364 rpc_client.cpp:187] LoadServer 172.16.0.12 Successful at 0 times
I1222 14:37:31.823467 83364 rpc_client.cpp:187] LoadServer 172.16.0.12 Successful at 0 times
I1222 14:37:31.851152 83364 global.h:36] NewGlobal N7oneflow12ResourceDescE
I1222 14:37:31.851200 83364 global.h:36] NewGlobal N7oneflow12ResourceDescE
I1222 14:37:31.856451 83364 net_ib_device_descriptor.cpp:110] Inactivate port: device mlx5_0 port 
I1222 14:37:31.859953 83364 net_ib_device_descriptor.cpp:110] Inactivate port: device mlx5_1 port 
I1222 14:37:31.866430 83364 net_ib_device_descriptor.cpp:110] Inactivate port: device mlx5_3 port 
I1222 14:37:31.989634 83364 global.h:36] NewGlobal N7oneflow2ep21DeviceManagerRegistryE
I1222 14:37:31.989679 83364 global.h:36] NewGlobal N7oneflow10ThreadPoolE
I1222 14:37:31.990950 83364 global.h:36] NewGlobal N7oneflow16EagerNcclCommMgrE
I1222 14:37:31.990991 83364 global.h:36] NewGlobal N7oneflow18CudnnConvAlgoCacheE
I1222 14:37:31.991006 83364 global.h:36] NewGlobal N7oneflow2vm19VirtualMachineScopeE
I1222 14:37:31.991032 83364 global.h:36] NewGlobal N7oneflow14VirtualMachineE
I1222 14:37:31.991387 83364 virtual_machine.cpp:80] transport stream type: N7oneflow2vm13CpuStreamTypeE
I1222 14:37:31.991410 83364 virtual_machine.cpp:80] transport stream type: N7oneflow2vm14CudaStreamTypeE
I1222 14:37:31.991422 83364 virtual_machine.cpp:80] transport stream type: N7oneflow2vm19AsyncCudaStreamTypeE
I1222 14:37:31.991531 83364 global.h:36] NewGlobal N7oneflow27EagerJobBuildAndInferCtxMgrE
I1222 14:37:31.991590 83364 global.h:36] NewGlobal N7oneflow12EpollCommNetE
I1222 14:37:31.991703 83364 epoll_comm_network.cpp:63] CommNet:Epoll listening on 0.0.0.0:37461
I1222 14:37:31.999250 83364 epoll_comm_network.cpp:197] machine 0 sockfd -1
I1222 14:37:31.999286 83364 epoll_comm_network.cpp:197] machine 1 sockfd 62
I1222 14:37:31.999297 83364 epoll_comm_network.cpp:197] machine 2 sockfd 60
I1222 14:37:31.999306 83364 epoll_comm_network.cpp:197] machine 3 sockfd 58
I1222 14:37:31.999400 83364 global.h:36] NewGlobal N7oneflow9TransportE
I1222 14:37:31.999472 83364 global.h:43] DeleteGlobal N7oneflow17ForeignLockHelperE
I1222 14:37:31.999624 83364 global.h:36] NewGlobal N7oneflow25MultiClientSessionContextE
I1222 14:37:39.589294 83364 version.cpp:22] OneFlow git version: v0.5.0-381-g3677dbf43-snapshot
I1222 14:37:39.589365 83364 cuda_device_manager_factory.cpp:63] CUDA runtime version: 11.1
I1222 14:37:39.589385 83364 cuda_device_manager_factory.cpp:72] cuDNN version: 8.0.5
I1222 14:37:39.589398 83364 cuda_device_manager_factory.cpp:85] NCCL version: 2.11.4
I1222 14:37:39.589437 83364 global.h:43] DeleteGlobal N7oneflow12ResourceDescE
I1222 14:37:39.589452 83364 global.h:36] NewGlobal N7oneflow12ResourceDescE
I1222 14:37:39.589462 83364 global.h:36] NewGlobal N7oneflow5IDMgrE
I1222 14:37:39.589473 83364 global.h:36] NewGlobal N7oneflow22TaskStreamIndexManagerE
I1222 14:37:39.589481 83364 global.h:36] NewGlobal N7oneflow26LazyJobBuildAndInferCtxMgrE
I1222 14:37:39.589558 83364 global.h:36] NewGlobal N7oneflow9BufferMgrISt10shared_ptrINS_11JobInstanceEEEE
I1222 14:37:39.590301 83364 global.h:36] NewGlobal N7oneflow9BufferMgrISt10shared_ptrINS_23CriticalSectionInstanceEEEE
I1222 14:37:39.590318 83364 global.h:36] NewGlobal N7oneflow10RuntimeCtxE
I1222 14:37:39.590333 83364 global.h:36] NewGlobal N7oneflow15MemoryAllocatorE
I1222 14:37:39.590358 83364 global.h:36] NewGlobal N7oneflow8ChunkMgrE
I1222 14:37:39.590373 83364 global.h:36] NewGlobal N7oneflow8RegstMgrE
I1222 14:37:39.590386 83364 global.h:36] NewGlobal N7oneflow11ActorMsgBusE
I1222 14:37:39.590399 83364 global.h:36] NewGlobal N7oneflow9ThreadMgrE
I1222 14:37:39.590420 83364 global.h:36] NewGlobal N7oneflow15RuntimeJobDescsE
I1222 14:37:39.590435 83364 global.h:36] NewGlobal N7oneflow7summary12EventsWriterE
I1222 14:37:39.590451 83364 global.h:36] NewGlobal N7oneflow6boxing10collective9SchedulerE
I1222 14:37:39.611268 83364 global.h:36] NewGlobal N7oneflow7JobDescE
I1222 14:37:39.669387 83645 eager_nccl_comm_manager.cpp:69]  EagerNcclCommMgr::ncclCommInitRank device_vec.size() = 2, nccl_unique_id = 0200ffffffe5ffffff99ffffffac100a0b000000000000000000000000000000000000000000000000000000000000000000000000000000000000000000000000000000000000000000000000000000000000000000000000000000000000000000000000000000000000000000000000000000000000000000000000000000000000000000000000, rank = 0, key = {eager_nccl_unique_id_rpc_key,0:0,2:0}
I1222 14:37:41.489893 83364 global.h:43] DeleteGlobal N7oneflow7JobDescE
I1222 14:37:41.490087 83364 global.h:36] NewGlobal N7oneflow7JobDescE
I1222 14:37:48.899122 83364 global.h:43] DeleteGlobal N7oneflow7JobDescE
I1222 14:37:50.144914 83364 global.h:36] NewGlobal N7oneflow7JobDescE
I1222 14:38:02.549206 83364 global.h:36] NewGlobal N7oneflow7OpGraphE
I1222 14:38:05.830770 83364 global.h:43] DeleteGlobal N7oneflow7OpGraphE
I1222 14:38:06.154974 83364 nn_graph.cpp:267] 
job_id: 0 , job_name: PipelineGraph_0 , compile time: 16.0098 seconds.
I1222 14:38:06.246137 83364 plan_util.cpp:927]  Plan: PipelineGraph_0 needs to allocate [ 8322.5 MiB ] device memory in Rank: 3 , Device: 1
I1222 14:38:06.246258 83364 plan_util.cpp:927]  Plan: PipelineGraph_0 needs to allocate [ 8162.74 MiB ] device memory in Rank: 1 , Device: 1
I1222 14:38:06.246279 83364 plan_util.cpp:927]  Plan: PipelineGraph_0 needs to allocate [ 7522.4 MiB ] device memory in Rank: 2 , Device: 0
I1222 14:38:06.246299 83364 plan_util.cpp:927]  Plan: PipelineGraph_0 needs to allocate [ 7530.79 MiB ] device memory in Rank: 0 , Device: 0
I1222 14:38:07.424340 83364 runtime_context.cpp:21] NewCounter constructing_actor_cnt 2647
I1222 14:38:07.425958 83807 naive_actor.cpp:25] actor 2199023257896 switch to &NaiveActor::HandlerNormal
I1222 14:38:07.425974 83869 naive_actor.cpp:25] actor 1099578736640 switch to &NaiveActor::HandlerNormal
I1222 14:38:07.426348 83844 wait_and_send_ids_actor.cpp:53] actor 1099647942656 switch to &WaitAndSendIdsActor::HandlerWaitToStart
I1222 14:38:07.426045 83807 thread.cpp:99] Thread 1048576 construct Actor kDeviceTick 2199023257896
I1222 14:38:07.426158 83869 thread.cpp:99] Thread 524320 construct Actor kDeviceTick 1099578736640
I1222 14:38:07.426501 83844 thread.cpp:99] Thread 524353 construct Actor kWaitAndSendIds 1099647942656
I1222 14:38:07.426681 83869 runtime_context.cpp:29] DecreaseCounter constructing_actor_cnt, current val is 2645
I1222 14:38:07.426620 83807 runtime_context.cpp:29] DecreaseCounter constructing_actor_cnt, current val is 2646
I1222 14:38:07.426796 83844 runtime_context.cpp:29] DecreaseCounter constructing_actor_cnt, current val is 2644
I1222 14:38:07.426998 83807 naive_actor.cpp:25] actor 2199023257895 switch to &NaiveActor::HandlerNormal
I1222 14:38:07.427057 83807 thread.cpp:99] Thread 1048576 construct Actor kDeviceTick 2199023257895
I1222 14:38:07.427105 83807 runtime_context.cpp:29] DecreaseCounter constructing_actor_cnt, current val is 2643
I1222 14:38:07.525743 83861 naive_actor.cpp:25] actor 2199025352707 switch to &NaiveActor::HandlerNormal
I1222 14:38:07.525842 83885 naive_actor.cpp:25] actor 2199027449856 switch to &NaiveActor::HandlerNormal
I1222 14:38:07.526151 83861 thread.cpp:99] Thread 1048577 construct Actor kCopyHd 2199025352707
I1222 14:38:07.526389 83853 naive_actor.cpp:25] actor 2199029547035 switch to &NaiveActor::HandlerNormal
I1222 14:38:07.526652 83885 thread.cpp:99] Thread 1048578 construct Actor kCopyHd 2199027449856
I1222 14:38:07.526729 83881 naive_actor.cpp:25] actor 1099626971136 switch to &NaiveActor::HandlerNormal
I1222 14:38:07.526830 83875 naive_actor.cpp:25] actor 1099633262592 switch to &NaiveActor::HandlerNormal
I1222 14:38:07.526911 83845 naive_actor.cpp:25] actor 1099603902464 switch to &NaiveActor::HandlerNormal
I1222 14:38:07.526916 83862 naive_actor.cpp:25] actor 1099614388224 switch to &NaiveActor::HandlerNormal
I1222 14:38:07.526996 83861 runtime_context.cpp:29] DecreaseCounter constructing_actor_cnt, current val is 2642
I1222 14:38:07.527827 83895 naive_actor.cpp:25] actor 1099591319552 switch to &NaiveActor::HandlerNormal
I1222 14:38:07.527182 83853 thread.cpp:99] Thread 1048579 construct Actor kCollectiveBoxingGeneric 2199029547035
I1222 14:38:07.527318 83885 runtime_context.cpp:29] DecreaseCounter constructing_actor_cnt, current val is 2641
I1222 14:38:07.528049 83853 runtime_context.cpp:29] DecreaseCounter constructing_actor_cnt, current val is 2640
I1222 14:38:07.528113 83877 naive_actor.cpp:25] actor 1099612291072 switch to &NaiveActor::HandlerNormal
I1222 14:38:07.527611 83830 naive_actor.cpp:25] actor 1099555667968 switch to &NaiveActor::HandlerNormal
I1222 14:38:07.527667 83807 naive_actor.cpp:25] actor 2199023255556 switch to &NaiveActor::HandlerNormal
I1222 14:38:07.527664 83845 thread.cpp:99] Thread 524332 construct Actor kSliceBoxing 1099603902464
I1222 14:38:07.527688 83894 naive_actor.cpp:25] actor 1099618582528 switch to &NaiveActor::HandlerNormal
I1222 14:38:07.527696 83896 naive_actor.cpp:25] actor 1099641651200 switch to &NaiveActor::HandlerNormal
I1222 14:38:07.528604 83896 thread.cpp:99] Thread 524350 construct Actor kSliceBoxing 1099641651200
I1222 14:38:07.528640 83879 naive_actor.cpp:25] actor 1099597611008 switch to &NaiveActor::HandlerNormal
I1222 14:38:07.527887 83889 naive_actor.cpp:25] actor 1099601805312 switch to &NaiveActor::HandlerNormal
I1222 14:38:07.528774 83868 naive_actor.cpp:25] actor 1099595513856 switch to &NaiveActor::HandlerNormal
I1222 14:38:07.527925 83895 thread.cpp:99] Thread 524326 construct Actor kSliceBoxing 1099591319552
I1222 14:38:07.528920 83825 naive_actor.cpp:25] actor 1099545182208 switch to &NaiveActor::HandlerNormal
I1222 14:38:07.529022 83876 copy_comm_net_actor.cpp:66] actor 1099656331267 switch to &CopyCommNetActor::HandlerNormal
I1222 14:38:07.528029 83861 naive_actor.cpp:25] actor 2199025352709 switch to &NaiveActor::HandlerNormal
I1222 14:38:07.528035 83872 naive_actor.cpp:25] actor 1099622776832 switch to &NaiveActor::HandlerNormal
I1222 14:38:07.527467 83881 thread.cpp:99] Thread 524343 construct Actor kSliceBoxing 1099626971136
I1222 14:38:07.527537 83875 thread.cpp:99] Thread 524346 construct Actor kSliceBoxing 1099633262592
I1222 14:38:07.528203 83893 naive_actor.cpp:25] actor 1099629068288 switch to &NaiveActor::HandlerNormal
I1222 14:38:07.528270 83877 thread.cpp:99] Thread 524336 construct Actor kSliceBoxing 1099612291072
I1222 14:38:07.528275 83891 naive_actor.cpp:25] actor 1099635359744 switch to &NaiveActor::HandlerNormal
I1222 14:38:07.528285 83880 naive_actor.cpp:25] actor 1099576639488 switch to &NaiveActor::HandlerNormal
I1222 14:38:07.528338 83830 thread.cpp:99] Thread 524309 construct Actor kNormalForward 1099555667968
I1222 14:38:07.528400 83807 thread.cpp:99] Thread 1048576 construct Actor kNormalForward 2199023255556
I1222 14:38:07.528393 83886 naive_actor.cpp:25] actor 1099639554048 switch to &NaiveActor::HandlerNormal
I1222 14:38:07.530117 83833 naive_actor.cpp:25] actor 1099564056576 switch to &NaiveActor::HandlerNormal
I1222 14:38:07.528530 83845 runtime_context.cpp:29] DecreaseCounter constructing_actor_cnt, current val is 2639
I1222 14:38:07.528553 83894 thread.cpp:99] Thread 524339 construct Actor kSliceBoxing 1099618582528
I1222 14:38:07.527804 83862 thread.cpp:99] Thread 524337 construct Actor kSliceBoxing 1099614388224
I1222 14:38:07.528614 83863 naive_actor.cpp:25] actor 1099631165440 switch to &NaiveActor::HandlerNormal
I1222 14:38:07.526998 83843 naive_actor.cpp:25] actor 1099620679680 switch to &NaiveActor::HandlerNormal
I1222 14:38:07.528673 83896 runtime_context.cpp:29] DecreaseCounter constructing_actor_cnt, current val is 2638
I1222 14:38:07.528712 83879 thread.cpp:99] Thread 524329 construct Actor kSliceBoxing 1099597611008
I1222 14:38:07.528723 83873 naive_actor.cpp:25] actor 1099585028096 switch to &NaiveActor::HandlerNormal
I1222 14:38:07.528726 83867 naive_actor.cpp:25] actor 1099608096768 switch to &NaiveActor::HandlerNormal
I1222 14:38:07.527896 83897 naive_actor.cpp:25] actor 1099589222400 switch to &NaiveActor::HandlerNormal
I1222 14:38:07.533247 83897 thread.cpp:99] Thread 524325 construct Actor kSliceBoxing 1099589222400
I1222 14:38:07.528831 83866 naive_actor.cpp:25] actor 1099593416704 switch to &NaiveActor::HandlerNormal
I1222 14:38:07.528846 83871 naive_actor.cpp:25] actor 1099624873984 switch to &NaiveActor::HandlerNormal
I1222 14:38:07.533416 83871 thread.cpp:99] Thread 524342 construct Actor kSliceBoxing 1099624873984
I1222 14:38:07.528890 83868 thread.cpp:99] Thread 524328 construct Actor kSliceBoxing 1099595513856
I1222 14:38:07.528908 83865 sink_actor.cpp:21] actor 1099650039808 switch to &SinkActor::HandlerNormal
I1222 14:38:07.533546 83868 runtime_context.cpp:29] DecreaseCounter constructing_actor_cnt, current val is 2626
I1222 14:38:07.528976 83878 naive_actor.cpp:25] actor 1099616485376 switch to &NaiveActor::HandlerNormal
I1222 14:38:07.528982 83895 runtime_context.cpp:29] DecreaseCounter constructing_actor_cnt, current val is 2637
I1222 14:38:07.527925 83892 naive_actor.cpp:25] actor 1099637456896 switch to &NaiveActor::HandlerNormal
I1222 14:38:07.529023 83841 naive_actor.cpp:25] actor 1099645845505 switch to &NaiveActor::HandlerNormal
I1222 14:38:07.533792 83841 thread.cpp:99] Thread 524352 construct Actor kTick 1099645845505
I1222 14:38:07.529103 83824 naive_actor.cpp:25] actor 1099543085056 switch to &NaiveActor::HandlerNormal
I1222 14:38:07.529152 83842 naive_actor.cpp:25] actor 1099610193920 switch to &NaiveActor::HandlerNormal
I1222 14:38:07.533921 83842 thread.cpp:99] Thread 524335 construct Actor kSliceBoxing 1099610193920
I1222 14:38:07.529251 83861 thread.cpp:99] Thread 1048577 construct Actor kCopyHd 2199025352709
I1222 14:38:07.529302 83872 thread.cpp:99] Thread 524341 construct Actor kSliceBoxing 1099622776832
I1222 14:38:07.529379 83881 runtime_context.cpp:29] DecreaseCounter constructing_actor_cnt, current val is 2636
I1222 14:38:07.529434 83875 runtime_context.cpp:29] DecreaseCounter constructing_actor_cnt, current val is 2635
I1222 14:38:07.529479 83893 thread.cpp:99] Thread 524344 construct Actor kSliceBoxing 1099629068288
I1222 14:38:07.529583 83826 naive_actor.cpp:25] actor 1099553570816 switch to &NaiveActor::HandlerNormal
I1222 14:38:07.529606 83821 naive_actor.cpp:25] actor 1099528404992 switch to &NaiveActor::HandlerNormal
I1222 14:38:07.529623 83827 naive_actor.cpp:25] actor 1099551473664 switch to &NaiveActor::HandlerNormal
I1222 14:38:07.529659 83877 runtime_context.cpp:29] DecreaseCounter constructing_actor_cnt, current val is 2634
I1222 14:38:07.529722 83891 thread.cpp:99] Thread 524347 construct Actor kSliceBoxing 1099635359744
I1222 14:38:07.529795 83813 naive_actor.cpp:25] actor 1099520016384 switch to &NaiveActor::HandlerNormal
I1222 14:38:07.529840 83880 thread.cpp:99] Thread 524319 construct Actor kDeviceTick 1099576639488
I1222 14:38:07.529903 83890 naive_actor.cpp:25] actor 1099654234112 switch to &NaiveActor::HandlerNormal
I1222 14:38:07.529965 83822 naive_actor.cpp:25] actor 1099532599296 switch to &NaiveActor::HandlerNormal
I1222 14:38:07.530005 83830 runtime_context.cpp:29] DecreaseCounter constructing_actor_cnt, current val is 2633
I1222 14:38:07.530061 83807 runtime_context.cpp:29] DecreaseCounter constructing_actor_cnt, current val is 2632
I1222 14:38:07.528496 83887 naive_actor.cpp:25] actor 1099605999616 switch to &NaiveActor::HandlerNormal
I1222 14:38:07.530138 83886 thread.cpp:99] Thread 524349 construct Actor kSliceBoxing 1099639554048
I1222 14:38:07.530233 83829 naive_actor.cpp:25] actor 1099557765120 switch to &NaiveActor::HandlerNormal
I1222 14:38:07.530267 83831 naive_actor.cpp:25] actor 1099566153728 switch to &NaiveActor::HandlerNormal
I1222 14:38:07.530297 83833 thread.cpp:99] Thread 524313 construct Actor kNormalForward 1099564056576
I1222 14:38:07.530429 83839 naive_actor.cpp:25] actor 1099572445184 switch to &NaiveActor::HandlerNormal
I1222 14:38:07.530653 83808 naive_actor.cpp:25] actor 1099524210688 switch to &NaiveActor::HandlerNormal
I1222 14:38:07.530717 83832 naive_actor.cpp:25] actor 1099559862272 switch to &NaiveActor::HandlerNormal
I1222 14:38:07.530679 83814 naive_actor.cpp:25] actor 1099540987904 switch to &NaiveActor::HandlerNormal
I1222 14:38:07.530855 83885 naive_actor.cpp:25] actor 2199027449858 switch to &NaiveActor::HandlerNormal
I1222 14:38:07.536422 83885 thread.cpp:99] Thread 1048578 construct Actor kCopyHd 2199027449858
I1222 14:38:07.530894 83809 naive_actor.cpp:25] actor 1099517919232 switch to &NaiveActor::HandlerNormal
I1222 14:38:07.530930 83811 naive_actor.cpp:25] actor 1099526307840 switch to &NaiveActor::HandlerNormal
I1222 14:38:07.531081 83837 naive_actor.cpp:25] actor 1099570348032 switch to &NaiveActor::HandlerNormal
I1222 14:38:07.531175 83819 naive_actor.cpp:25] actor 1099530502144 switch to &NaiveActor::HandlerNormal
I1222 14:38:07.536736 83819 thread.cpp:99] Thread 524297 construct Actor kNormalForward 1099530502144
I1222 14:38:07.531241 83864 naive_actor.cpp:25] actor 1099580833792 switch to &NaiveActor::HandlerNormal
I1222 14:38:07.531415 83812 naive_actor.cpp:25] actor 1099515822080 switch to &NaiveActor::HandlerNormal
I1222 14:38:07.531420 83823 naive_actor.cpp:25] actor 1099549376512 switch to &NaiveActor::HandlerNormal
I1222 14:38:07.531431 83817 naive_actor.cpp:25] actor 1099513724928 switch to &NaiveActor::HandlerNormal
I1222 14:38:07.531455 83834 naive_actor.cpp:25] actor 1099574542336 switch to &NaiveActor::HandlerNormal
I1222 14:38:07.531463 83815 naive_actor.cpp:25] actor 1099536793600 switch to &NaiveActor::HandlerNormal
I1222 14:38:07.531492 83828 naive_actor.cpp:25] actor 1099547279360 switch to &NaiveActor::HandlerNormal
I1222 14:38:07.537055 83828 thread.cpp:99] Thread 524305 construct Actor kNormalForward 1099547279360
I1222 14:38:07.531523 83820 naive_actor.cpp:25] actor 1099538890752 switch to &NaiveActor::HandlerNormal
I1222 14:38:07.531654 83854 naive_actor.cpp:25] actor 1099582930944 switch to &NaiveActor::HandlerNormal
I1222 14:38:07.531656 83870 naive_actor.cpp:25] actor 1099652136960 switch to &NaiveActor::HandlerNormal
I1222 14:38:07.537248 83870 thread.cpp:99] Thread 524355 construct Actor kCriticalSectionWaitTick 1099652136960
I1222 14:38:07.532305 83818 naive_actor.cpp:25] actor 1099534696448 switch to &NaiveActor::HandlerNormal
I1222 14:38:07.532611 83894 runtime_context.cpp:29] DecreaseCounter constructing_actor_cnt, current val is 2631
I1222 14:38:07.532761 83862 runtime_context.cpp:29] DecreaseCounter constructing_actor_cnt, current val is 2630
I1222 14:38:07.532848 83863 thread.cpp:99] Thread 524345 construct Actor kSliceBoxing 1099631165440
I1222 14:38:07.532896 83843 thread.cpp:99] Thread 524340 construct Actor kSliceBoxing 1099620679680
I1222 14:38:07.533043 83879 runtime_context.cpp:29] DecreaseCounter constructing_actor_cnt, current val is 2629
I1222 14:38:07.533128 83873 thread.cpp:99] Thread 524323 construct Actor kSliceBoxing 1099585028096
I1222 14:38:07.533202 83867 thread.cpp:99] Thread 524334 construct Actor kSliceBoxing 1099608096768
I1222 14:38:07.537695 83873 runtime_context.cpp:29] DecreaseCounter constructing_actor_cnt, current val is 2610
I1222 14:38:07.533296 83897 runtime_context.cpp:29] DecreaseCounter constructing_actor_cnt, current val is 2628
I1222 14:38:07.533372 83866 thread.cpp:99] Thread 524327 construct Actor kSliceBoxing 1099593416704
I1222 14:38:07.528862 83874 naive_actor.cpp:25] actor 1099599708160 switch to &NaiveActor::HandlerNormal
I1222 14:38:07.533464 83871 runtime_context.cpp:29] DecreaseCounter constructing_actor_cnt, current val is 2627
I1222 14:38:07.533555 83865 thread.cpp:99] Thread 524354 construct Actor kCallbackNotify 1099650039808
I1222 14:38:07.527925 83888 naive_actor.cpp:25] actor 1099587125248 switch to &NaiveActor::HandlerNormal
I1222 14:38:07.533641 83878 thread.cpp:99] Thread 524338 construct Actor kSliceBoxing 1099616485376
I1222 14:38:07.533762 83892 thread.cpp:99] Thread 524348 construct Actor kSliceBoxing 1099637456896
I1222 14:38:07.529036 83825 thread.cpp:99] Thread 524304 construct Actor kNormalForward 1099545182208
I1222 14:38:07.533838 83841 runtime_context.cpp:29] DecreaseCounter constructing_actor_cnt, current val is 2625
I1222 14:38:07.533885 83824 thread.cpp:99] Thread 524303 construct Actor kNormalForward 1099543085056
I1222 14:38:07.529176 83876 thread.cpp:99] Thread 524357 construct Actor kCopyCommNet 1099656331267
I1222 14:38:07.538749 83824 runtime_context.cpp:29] DecreaseCounter constructing_actor_cnt, current val is 2603
I1222 14:38:07.534030 83861 runtime_context.cpp:29] DecreaseCounter constructing_actor_cnt, current val is 2623
I1222 14:38:07.534090 83872 runtime_context.cpp:29] DecreaseCounter constructing_actor_cnt, current val is 2622
I1222 14:38:07.534199 83893 runtime_context.cpp:29] DecreaseCounter constructing_actor_cnt, current val is 2621
I1222 14:38:07.534276 83826 thread.cpp:99] Thread 524308 construct Actor kNormalForward 1099553570816
I1222 14:38:07.534341 83821 thread.cpp:99] Thread 524296 construct Actor kNormalForward 1099528404992
I1222 14:38:07.534410 83827 thread.cpp:99] Thread 524307 construct Actor kNormalForward 1099551473664
I1222 14:38:07.534466 83816 naive_actor.cpp:25] actor 1099511627776 switch to &NaiveActor::HandlerNormal
I1222 14:38:07.534693 83891 runtime_context.cpp:29] DecreaseCounter constructing_actor_cnt, current val is 2620
I1222 14:38:07.534768 83813 thread.cpp:99] Thread 524292 construct Actor kNormalForward 1099520016384
I1222 14:38:07.534881 83880 runtime_context.cpp:29] DecreaseCounter constructing_actor_cnt, current val is 2619
I1222 14:38:07.534884 83890 thread.cpp:99] Thread 524356 construct Actor kCriticalSectionWaitTick 1099654234112
I1222 14:38:07.534924 83822 thread.cpp:99] Thread 524298 construct Actor kNormalForward 1099532599296
I1222 14:38:07.535756 83887 thread.cpp:99] Thread 524333 construct Actor kSliceBoxing 1099605999616
I1222 14:38:07.535893 83829 thread.cpp:99] Thread 524310 construct Actor kNormalForward 1099557765120
I1222 14:38:07.535888 83807 naive_actor.cpp:25] actor 2199023255561 switch to &NaiveActor::HandlerNormal
I1222 14:38:07.539587 83807 thread.cpp:99] Thread 1048576 construct Actor kNormalForward 2199023255561
I1222 14:38:07.535966 83831 thread.cpp:99] Thread 524314 construct Actor kNormalForward 1099566153728
I1222 14:38:07.536110 83833 runtime_context.cpp:29] DecreaseCounter constructing_actor_cnt, current val is 2617
I1222 14:38:07.536139 83839 thread.cpp:99] Thread 524317 construct Actor kNormalForward 1099572445184
I1222 14:38:07.536224 83808 thread.cpp:99] Thread 524294 construct Actor kNormalForward 1099524210688
I1222 14:38:07.536283 83832 thread.cpp:99] Thread 524311 construct Actor kNormalForward 1099559862272
I1222 14:38:07.536401 83814 thread.cpp:99] Thread 524302 construct Actor kNormalForward 1099540987904
I1222 14:38:07.530907 83853 naive_actor.cpp:25] actor 2199029547051 switch to &NaiveActor::HandlerNormal
I1222 14:38:07.536446 83885 runtime_context.cpp:29] DecreaseCounter constructing_actor_cnt, current val is 2616
I1222 14:38:07.536525 83809 thread.cpp:99] Thread 524291 construct Actor kNormalForward 1099517919232
I1222 14:38:07.536659 83811 thread.cpp:99] Thread 524295 construct Actor kNormalForward 1099526307840
I1222 14:38:07.536715 83837 thread.cpp:99] Thread 524316 construct Actor kNormalForward 1099570348032
I1222 14:38:07.540400 83811 runtime_context.cpp:29] DecreaseCounter constructing_actor_cnt, current val is 2586
I1222 14:38:07.536823 83819 runtime_context.cpp:29] DecreaseCounter constructing_actor_cnt, current val is 2615
I1222 14:38:07.536852 83864 thread.cpp:99] Thread 524321 construct Actor kNormalForward 1099580833792
I1222 14:38:07.536875 83812 thread.cpp:99] Thread 524290 construct Actor kNormalForward 1099515822080
I1222 14:38:07.536923 83823 thread.cpp:99] Thread 524306 construct Actor kNormalForward 1099549376512
I1222 14:38:07.536978 83817 thread.cpp:99] Thread 524289 construct Actor kNormalForward 1099513724928
I1222 14:38:07.537006 83834 thread.cpp:99] Thread 524318 construct Actor kNormalForward 1099574542336
I1222 14:38:07.537031 83815 thread.cpp:99] Thread 524300 construct Actor kNormalForward 1099536793600
I1222 14:38:07.531494 83835 naive_actor.cpp:25] actor 1099561959424 switch to &NaiveActor::HandlerNormal
I1222 14:38:07.537104 83828 runtime_context.cpp:29] DecreaseCounter constructing_actor_cnt, current val is 2614
I1222 14:38:07.541456 83815 runtime_context.cpp:29] DecreaseCounter constructing_actor_cnt, current val is 2579
I1222 14:38:07.537204 83854 thread.cpp:99] Thread 524322 construct Actor kNormalForward 1099582930944
I1222 14:38:07.532024 83836 naive_actor.cpp:25] actor 1099568250880 switch to &NaiveActor::HandlerNormal
I1222 14:38:07.537344 83870 runtime_context.cpp:29] DecreaseCounter constructing_actor_cnt, current val is 2613
I1222 14:38:07.537372 83818 thread.cpp:99] Thread 524299 construct Actor kNormalForward 1099534696448
I1222 14:38:07.537591 83843 runtime_context.cpp:29] DecreaseCounter constructing_actor_cnt, current val is 2612
I1222 14:38:07.537601 83863 runtime_context.cpp:29] DecreaseCounter constructing_actor_cnt, current val is 2611
I1222 14:38:07.541944 83818 runtime_context.cpp:29] DecreaseCounter constructing_actor_cnt, current val is 2577
I1222 14:38:07.537739 83867 runtime_context.cpp:29] DecreaseCounter constructing_actor_cnt, current val is 2609
I1222 14:38:07.538317 83866 runtime_context.cpp:29] DecreaseCounter constructing_actor_cnt, current val is 2608
I1222 14:38:07.538362 83874 thread.cpp:99] Thread 524330 construct Actor kSliceBoxing 1099599708160
I1222 14:38:07.538456 83865 runtime_context.cpp:29] DecreaseCounter constructing_actor_cnt, current val is 2607
I1222 14:38:07.538501 83888 thread.cpp:99] Thread 524324 construct Actor kSliceBoxing 1099587125248
I1222 14:38:07.538532 83878 runtime_context.cpp:29] DecreaseCounter constructing_actor_cnt, current val is 2606
I1222 14:38:07.542297 83888 runtime_context.cpp:29] DecreaseCounter constructing_actor_cnt, current val is 2575
I1222 14:38:07.538669 83825 runtime_context.cpp:29] DecreaseCounter constructing_actor_cnt, current val is 2604
I1222 14:38:07.533972 83842 runtime_context.cpp:29] DecreaseCounter constructing_actor_cnt, current val is 2624
I1222 14:38:07.538811 83876 runtime_context.cpp:29] DecreaseCounter constructing_actor_cnt, current val is 2602
I1222 14:38:07.539024 83841 naive_actor.cpp:25] actor 1099645845506 switch to &NaiveActor::HandlerNormal
I1222 14:38:07.539054 83861 naive_actor.cpp:25] actor 2199025352708 switch to &NaiveActor::HandlerNormal
I1222 14:38:07.539084 83826 runtime_context.cpp:29] DecreaseCounter constructing_actor_cnt, current val is 2601
I1222 14:38:07.539099 83821 runtime_context.cpp:29] DecreaseCounter constructing_actor_cnt, current val is 2600
I1222 14:38:07.539186 83827 runtime_context.cpp:29] DecreaseCounter constructing_actor_cnt, current val is 2599
I1222 14:38:07.539187 83816 thread.cpp:99] Thread 524288 construct Actor kNormalForward 1099511627776
I1222 14:38:07.539407 83813 runtime_context.cpp:29] DecreaseCounter constructing_actor_cnt, current val is 2598
I1222 14:38:07.539444 83890 runtime_context.cpp:29] DecreaseCounter constructing_actor_cnt, current val is 2597
I1222 14:38:07.539486 83822 runtime_context.cpp:29] DecreaseCounter constructing_actor_cnt, current val is 2596
I1222 14:38:07.539559 83887 runtime_context.cpp:29] DecreaseCounter constructing_actor_cnt, current val is 2595
I1222 14:38:07.535888 83886 runtime_context.cpp:29] DecreaseCounter constructing_actor_cnt, current val is 2618
I1222 14:38:07.539595 83829 runtime_context.cpp:29] DecreaseCounter constructing_actor_cnt, current val is 2594
I1222 14:38:07.539655 83807 runtime_context.cpp:29] DecreaseCounter constructing_actor_cnt, current val is 2593
I1222 14:38:07.539718 83831 runtime_context.cpp:29] DecreaseCounter constructing_actor_cnt, current val is 2592
I1222 14:38:07.539923 83839 runtime_context.cpp:29] DecreaseCounter constructing_actor_cnt, current val is 2591
I1222 14:38:07.539999 83808 runtime_context.cpp:29] DecreaseCounter constructing_actor_cnt, current val is 2590
I1222 14:38:07.540056 83832 runtime_context.cpp:29] DecreaseCounter constructing_actor_cnt, current val is 2589
I1222 14:38:07.540125 83814 runtime_context.cpp:29] DecreaseCounter constructing_actor_cnt, current val is 2588
I1222 14:38:07.540133 83853 thread.cpp:99] Thread 1048579 construct Actor kCollectiveBoxingGeneric 2199029547051
I1222 14:38:07.540258 83809 runtime_context.cpp:29] DecreaseCounter constructing_actor_cnt, current val is 2587
I1222 14:38:07.540274 83885 naive_actor.cpp:25] actor 2199027449857 switch to &NaiveActor::HandlerNormal
I1222 14:38:07.544209 83885 thread.cpp:99] Thread 1048578 construct Actor kCopyHd 2199027449857
I1222 14:38:07.540462 83837 runtime_context.cpp:29] DecreaseCounter constructing_actor_cnt, current val is 2585
I1222 14:38:07.541244 83864 runtime_context.cpp:29] DecreaseCounter constructing_actor_cnt, current val is 2584
I1222 14:38:07.541260 83812 runtime_context.cpp:29] DecreaseCounter constructing_actor_cnt, current val is 2583
I1222 14:38:07.541321 83823 runtime_context.cpp:29] DecreaseCounter constructing_actor_cnt, current val is 2582
I1222 14:38:07.541393 83817 runtime_context.cpp:29] DecreaseCounter constructing_actor_cnt, current val is 2581
I1222 14:38:07.541425 83834 runtime_context.cpp:29] DecreaseCounter constructing_actor_cnt, current val is 2580
I1222 14:38:07.541440 83835 thread.cpp:99] Thread 524312 construct Actor kNormalForward 1099561959424
I1222 14:38:07.537117 83820 thread.cpp:99] Thread 524301 construct Actor kNormalForward 1099538890752
I1222 14:38:07.541596 83854 runtime_context.cpp:29] DecreaseCounter constructing_actor_cnt, current val is 2578
I1222 14:38:07.541661 83836 thread.cpp:99] Thread 524315 construct Actor kNormalForward 1099568250880
I1222 14:38:07.528801 83889 thread.cpp:99] Thread 524331 construct Actor kSliceBoxing 1099601805312
I1222 14:38:07.542224 83874 runtime_context.cpp:29] DecreaseCounter constructing_actor_cnt, current val is 2576
I1222 14:38:07.538594 83892 runtime_context.cpp:29] DecreaseCounter constructing_actor_cnt, current val is 2605
I1222 14:38:07.542526 83841 thread.cpp:99] Thread 524352 construct Actor kDstSubsetTick 1099645845506
I1222 14:38:07.542590 83861 thread.cpp:99] Thread 1048577 construct Actor kCopyHd 2199025352708
I1222 14:38:07.542861 83876 copy_comm_net_actor.cpp:66] actor 1099656331270 switch to &CopyCommNetActor::HandlerNormal
I1222 14:38:07.542870 83816 runtime_context.cpp:29] DecreaseCounter constructing_actor_cnt, current val is 2574
I1222 14:38:07.544168 83853 runtime_context.cpp:29] DecreaseCounter constructing_actor_cnt, current val is 2573
I1222 14:38:07.531205 83810 naive_actor.cpp:25] actor 1099522113536 switch to &NaiveActor::HandlerNormal
I1222 14:38:07.544294 83885 runtime_context.cpp:29] DecreaseCounter constructing_actor_cnt, current val is 2572
I1222 14:38:07.544651 83835 runtime_context.cpp:29] DecreaseCounter constructing_actor_cnt, current val is 2571
I1222 14:38:07.544731 83820 runtime_context.cpp:29] DecreaseCounter constructing_actor_cnt, current val is 2570
I1222 14:38:07.544847 83836 runtime_context.cpp:29] DecreaseCounter constructing_actor_cnt, current val is 2569
I1222 14:38:07.544906 83889 runtime_context.cpp:29] DecreaseCounter constructing_actor_cnt, current val is 2568
I1222 14:38:07.545063 83807 naive_actor.cpp:25] actor 2199023255552 switch to &NaiveActor::HandlerNormal
I1222 14:38:07.545068 83841 runtime_context.cpp:29] DecreaseCounter constructing_actor_cnt, current val is 2567
I1222 14:38:07.545114 83861 runtime_context.cpp:29] DecreaseCounter constructing_actor_cnt, current val is 2566
I1222 14:38:07.545147 83876 thread.cpp:99] Thread 524357 construct Actor kCopyCommNet 1099656331270
I1222 14:38:07.545349 83810 thread.cpp:99] Thread 524293 construct Actor kNormalForward 1099522113536
I1222 14:38:07.545624 83807 thread.cpp:99] Thread 1048576 construct Actor kNormalForward 2199023255552
I1222 14:38:07.545825 83853 naive_actor.cpp:25] actor 2199029547022 switch to &NaiveActor::HandlerNormal
I1222 14:38:07.545874 83841 naive_actor.cpp:25] actor 1099645845511 switch to &NaiveActor::HandlerNormal
I1222 14:38:07.546289 83876 runtime_context.cpp:29] DecreaseCounter constructing_actor_cnt, current val is 2565
I1222 14:38:07.546295 83861 naive_actor.cpp:25] actor 2199025352706 switch to &NaiveActor::HandlerNormal
I1222 14:38:07.546334 83810 runtime_context.cpp:29] DecreaseCounter constructing_actor_cnt, current val is 2564
I1222 14:38:07.546378 83807 runtime_context.cpp:29] DecreaseCounter constructing_actor_cnt, current val is 2563
I1222 14:38:07.546439 83853 thread.cpp:99] Thread 1048579 construct Actor kCollectiveBoxingGeneric 2199029547022
I1222 14:38:07.546468 83841 thread.cpp:99] Thread 524352 construct Actor kDstSubsetTick 1099645845511
I1222 14:38:07.546557 83861 thread.cpp:99] Thread 1048577 construct Actor kCopyHd 2199025352706
I1222 14:38:07.546805 83853 runtime_context.cpp:29] DecreaseCounter constructing_actor_cnt, current val is 2562
I1222 14:38:07.546820 83841 runtime_context.cpp:29] DecreaseCounter constructing_actor_cnt, current val is 2561
I1222 14:38:07.546847 83876 copy_comm_net_actor.cpp:66] actor 1099656331265 switch to &CopyCommNetActor::HandlerNormal
I1222 14:38:07.546859 83861 runtime_context.cpp:29] DecreaseCounter constructing_actor_cnt, current val is 2560
I1222 14:38:07.547056 83876 thread.cpp:99] Thread 524357 construct Actor kCopyCommNet 1099656331265
I1222 14:38:07.547230 83841 naive_actor.cpp:25] actor 1099645845510 switch to &NaiveActor::HandlerNormal
I1222 14:38:07.547230 83876 runtime_context.cpp:29] DecreaseCounter constructing_actor_cnt, current val is 2559
I1222 14:38:07.547248 83853 naive_actor.cpp:25] actor 2199029547053 switch to &NaiveActor::HandlerNormal
I1222 14:38:07.547257 83861 naive_actor.cpp:25] actor 2199025352704 switch to &NaiveActor::HandlerNormal
I1222 14:38:07.547297 83841 thread.cpp:99] Thread 524352 construct Actor kSrcSubsetTick 1099645845510
I1222 14:38:07.547397 83807 naive_actor.cpp:25] actor 2199023255563 switch to &NaiveActor::HandlerNormal
I1222 14:38:07.547449 83853 thread.cpp:99] Thread 1048579 construct Actor kCollectiveBoxingGeneric 2199029547053
I1222 14:38:07.547497 83861 thread.cpp:99] Thread 1048577 construct Actor kCopyHd 2199025352704
I1222 14:38:07.547551 83841 runtime_context.cpp:29] DecreaseCounter constructing_actor_cnt, current val is 2558
I1222 14:38:07.547585 83807 thread.cpp:99] Thread 1048576 construct Actor kNormalForward 2199023255563
I1222 14:38:07.547592 83876 copy_comm_net_actor.cpp:66] actor 1099656331264 switch to &CopyCommNetActor::HandlerNormal
I1222 14:38:07.547691 83853 runtime_context.cpp:29] DecreaseCounter constructing_actor_cnt, current val is 2557
I1222 14:38:07.547713 83861 runtime_context.cpp:29] DecreaseCounter constructing_actor_cnt, current val is 2556
I1222 14:38:07.547828 83807 runtime_context.cpp:29] DecreaseCounter constructing_actor_cnt, current val is 2555
I1222 14:38:07.547869 83876 thread.cpp:99] Thread 524357 construct Actor kCopyCommNet 1099656331264
I1222 14:38:07.547983 83841 naive_actor.cpp:25] actor 1099645845504 switch to &NaiveActor::HandlerNormal
I1222 14:38:07.548120 83861 naive_actor.cpp:25] actor 2199025352705 switch to &NaiveActor::HandlerNormal
I1222 14:38:07.548177 83861 thread.cpp:99] Thread 1048577 construct Actor kCopyHd 2199025352705
I1222 14:38:07.548135 83841 thread.cpp:99] Thread 524352 construct Actor kSrcSubsetTick 1099645845504
I1222 14:38:07.548235 83861 runtime_context.cpp:29] DecreaseCounter constructing_actor_cnt, current val is 2553
I1222 14:38:07.548214 83853 naive_actor.cpp:25] actor 2199029547013 switch to &NaiveActor::HandlerNormal
I1222 14:38:07.548135 83876 runtime_context.cpp:29] DecreaseCounter constructing_actor_cnt, current val is 2554
I1222 14:38:07.548269 83841 runtime_context.cpp:29] DecreaseCounter constructing_actor_cnt, current val is 2552
I1222 14:38:07.548470 83861 naive_actor.cpp:25] actor 2199025352712 switch to &NaiveActor::HandlerNormal
I1222 14:38:07.548719 83807 naive_actor.cpp:25] actor 2199023255558 switch to &NaiveActor::HandlerNormal
I1222 14:38:07.548758 83853 thread.cpp:99] Thread 1048579 construct Actor kCollectiveBoxingGeneric 2199029547013
I1222 14:38:07.548914 83861 thread.cpp:99] Thread 1048577 construct Actor kCopyHd 2199025352712
I1222 14:38:07.548966 83807 thread.cpp:99] Thread 1048576 construct Actor kNormalForward 2199023255558
I1222 14:38:07.549060 83876 copy_comm_net_actor.cpp:66] actor 1099656331269 switch to &CopyCommNetActor::HandlerNormal
I1222 14:38:07.549074 83853 runtime_context.cpp:29] DecreaseCounter constructing_actor_cnt, current val is 2551
I1222 14:38:07.549093 83841 naive_actor.cpp:25] actor 1099645845508 switch to &NaiveActor::HandlerNormal
I1222 14:38:07.549108 83861 runtime_context.cpp:29] DecreaseCounter constructing_actor_cnt, current val is 2550
I1222 14:38:07.549166 83807 runtime_context.cpp:29] DecreaseCounter constructing_actor_cnt, current val is 2549
I1222 14:38:07.549211 83876 thread.cpp:99] Thread 524357 construct Actor kCopyCommNet 1099656331269
I1222 14:38:07.549310 83841 thread.cpp:99] Thread 524352 construct Actor kTick 1099645845508
I1222 14:38:07.549484 83861 naive_actor.cpp:25] actor 2199025352715 switch to &NaiveActor::HandlerNormal
I1222 14:38:07.549546 83861 thread.cpp:99] Thread 1048577 construct Actor kCopyHd 2199025352715
I1222 14:38:07.549525 83841 runtime_context.cpp:29] DecreaseCounter constructing_actor_cnt, current val is 2547
I1222 14:38:07.549590 83861 runtime_context.cpp:29] DecreaseCounter constructing_actor_cnt, current val is 2546
I1222 14:38:07.549536 83853 naive_actor.cpp:25] actor 2199029547090 switch to &NaiveActor::HandlerNormal
I1222 14:38:07.549504 83876 runtime_context.cpp:29] DecreaseCounter constructing_actor_cnt, current val is 2548
I1222 14:38:07.549734 83853 thread.cpp:99] Thread 1048579 construct Actor kCollectiveBoxingGeneric 2199029547090
I1222 14:38:07.549744 83861 naive_actor.cpp:25] actor 2199025352710 switch to &NaiveActor::HandlerNormal
I1222 14:38:07.549929 83853 runtime_context.cpp:29] DecreaseCounter constructing_actor_cnt, current val is 2545
I1222 14:38:07.549865 83841 naive_actor.cpp:25] actor 1099645845512 switch to &NaiveActor::HandlerNormal
I1222 14:38:07.549945 83861 thread.cpp:99] Thread 1048577 construct Actor kCopyHd 2199025352710
I1222 14:38:07.550048 83841 thread.cpp:99] Thread 524352 construct Actor kSrcSubsetTick 1099645845512
I1222 14:38:07.550041 83876 copy_comm_net_actor.cpp:66] actor 1099656331272 switch to &CopyCommNetActor::HandlerNormal
I1222 14:38:07.550107 83807 naive_actor.cpp:25] actor 2199023255562 switch to &NaiveActor::HandlerNormal
I1222 14:38:07.550115 83861 runtime_context.cpp:29] DecreaseCounter constructing_actor_cnt, current val is 2544
I1222 14:38:07.550160 83841 runtime_context.cpp:29] DecreaseCounter constructing_actor_cnt, current val is 2543
I1222 14:38:07.550215 83876 thread.cpp:99] Thread 524357 construct Actor kCopyCommNet 1099656331272
I1222 14:38:07.550271 83807 thread.cpp:99] Thread 1048576 construct Actor kNormalForward 2199023255562
I1222 14:38:07.550442 83876 runtime_context.cpp:29] DecreaseCounter constructing_actor_cnt, current val is 2542
I1222 14:38:07.550418 83861 naive_actor.cpp:25] actor 2199025352711 switch to &NaiveActor::HandlerNormal
I1222 14:38:07.550278 83853 naive_actor.cpp:25] actor 2199029547073 switch to &NaiveActor::HandlerNormal
I1222 14:38:07.550496 83807 runtime_context.cpp:29] DecreaseCounter constructing_actor_cnt, current val is 2541
I1222 14:38:07.550529 83841 naive_actor.cpp:25] actor 1099645845507 switch to &NaiveActor::HandlerNormal
I1222 14:38:07.550721 83876 copy_comm_net_actor.cpp:66] actor 1099656331271 switch to &CopyCommNetActor::HandlerNormal
I1222 14:38:07.550647 83853 thread.cpp:99] Thread 1048579 construct Actor kCollectiveBoxingGeneric 2199029547073
I1222 14:38:07.550563 83861 thread.cpp:99] Thread 1048577 construct Actor kCopyHd 2199025352711
I1222 14:38:07.550745 83841 thread.cpp:99] Thread 524352 construct Actor kTick 1099645845507
I1222 14:38:07.550918 83807 naive_actor.cpp:25] actor 2199023255565 switch to &NaiveActor::HandlerNormal
I1222 14:38:07.551558 83807 thread.cpp:99] Thread 1048576 construct Actor kNormalForward 2199023255565
I1222 14:38:07.551499 83853 runtime_context.cpp:29] DecreaseCounter constructing_actor_cnt, current val is 2540
I1222 14:38:07.551508 83861 runtime_context.cpp:29] DecreaseCounter constructing_actor_cnt, current val is 2539
I1222 14:38:07.551542 83841 runtime_context.cpp:29] DecreaseCounter constructing_actor_cnt, current val is 2538
I1222 14:38:07.551412 83876 thread.cpp:99] Thread 524357 construct Actor kCopyCommNet 1099656331271
I1222 14:38:07.551612 83807 runtime_context.cpp:29] DecreaseCounter constructing_actor_cnt, current val is 2537
I1222 14:38:07.551853 83876 runtime_context.cpp:29] DecreaseCounter constructing_actor_cnt, current val is 2536
I1222 14:38:07.551824 83861 naive_actor.cpp:25] actor 2199025352716 switch to &NaiveActor::HandlerNormal
I1222 14:38:07.551936 83853 naive_actor.cpp:25] actor 2199029547057 switch to &NaiveActor::HandlerNormal
I1222 14:38:07.551966 83841 naive_actor.cpp:25] actor 1099645845513 switch to &NaiveActor::HandlerNormal
I1222 14:38:07.551993 83861 thread.cpp:99] Thread 1048577 construct Actor kCopyHd 2199025352716
I1222 14:38:07.552157 83876 copy_comm_net_actor.cpp:66] actor 1099656331266 switch to &CopyCommNetActor::HandlerNormal
I1222 14:38:07.552120 83841 thread.cpp:99] Thread 524352 construct Actor kDstSubsetTick 1099645845513
I1222 14:38:07.552079 83853 thread.cpp:99] Thread 1048579 construct Actor kCollectiveBoxingGeneric 2199029547057
I1222 14:38:07.552183 83861 runtime_context.cpp:29] DecreaseCounter constructing_actor_cnt, current val is 2535
I1222 14:38:07.552249 83876 thread.cpp:99] Thread 524357 construct Actor kCopyCommNet 1099656331266
I1222 14:38:07.552304 83841 runtime_context.cpp:29] DecreaseCounter constructing_actor_cnt, current val is 2534
I1222 14:38:07.552381 83853 runtime_context.cpp:29] DecreaseCounter constructing_actor_cnt, current val is 2533
I1222 14:38:07.552420 83807 naive_actor.cpp:25] actor 2199023255553 switch to &NaiveActor::HandlerNormal
I1222 14:38:07.552598 83807 thread.cpp:99] Thread 1048576 construct Actor kNormalForward 2199023255553
I1222 14:38:07.552634 83841 naive_actor.cpp:25] actor 1099645845509 switch to &NaiveActor::HandlerNormal
I1222 14:38:07.552675 83807 runtime_context.cpp:29] DecreaseCounter constructing_actor_cnt, current val is 2531
I1222 14:38:07.552482 83861 naive_actor.cpp:25] actor 2199025352713 switch to &NaiveActor::HandlerNormal
I1222 14:38:07.552474 83876 runtime_context.cpp:29] DecreaseCounter constructing_actor_cnt, current val is 2532
I1222 14:38:07.552780 83853 naive_actor.cpp:25] actor 2199029547092 switch to &NaiveActor::HandlerNormal
I1222 14:38:07.552736 83861 thread.cpp:99] Thread 1048577 construct Actor kCopyHd 2199025352713
I1222 14:38:07.552680 83841 thread.cpp:99] Thread 524352 construct Actor kTick 1099645845509
I1222 14:38:07.552906 83853 thread.cpp:99] Thread 1048579 construct Actor kCollectiveBoxingGeneric 2199029547092
I1222 14:38:07.552943 83807 naive_actor.cpp:25] actor 2199023255583 switch to &NaiveActor::HandlerNormal
I1222 14:38:07.552963 83861 runtime_context.cpp:29] DecreaseCounter constructing_actor_cnt, current val is 2530
I1222 14:38:07.553002 83841 runtime_context.cpp:29] DecreaseCounter constructing_actor_cnt, current val is 2529
I1222 14:38:07.553032 83876 copy_comm_net_actor.cpp:66] actor 1099656331268 switch to &CopyCommNetActor::HandlerNormal
I1222 14:38:07.553248 83861 naive_actor.cpp:25] actor 2199025352714 switch to &NaiveActor::HandlerNormal
I1222 14:38:07.553107 83807 thread.cpp:99] Thread 1048576 construct Actor kNormalForward 2199023255583
I1222 14:38:07.553086 83853 runtime_context.cpp:29] DecreaseCounter constructing_actor_cnt, current val is 2528
I1222 14:38:07.553259 83876 thread.cpp:99] Thread 524357 construct Actor kCopyCommNet 1099656331268
I1222 14:38:07.553346 83861 thread.cpp:99] Thread 1048577 construct Actor kCopyHd 2199025352714
I1222 14:38:07.554134 83807 runtime_context.cpp:29] DecreaseCounter constructing_actor_cnt, current val is 2527
I1222 14:38:07.554288 83876 runtime_context.cpp:29] DecreaseCounter constructing_actor_cnt, current val is 2526
I1222 14:38:07.554302 83861 runtime_context.cpp:29] DecreaseCounter constructing_actor_cnt, current val is 2525
I1222 14:38:07.554452 83853 naive_actor.cpp:25] actor 2199029547033 switch to &NaiveActor::HandlerNormal
I1222 14:38:07.554533 83853 thread.cpp:99] Thread 1048579 construct Actor kCollectiveBoxingGeneric 2199029547033
I1222 14:38:07.554610 83853 runtime_context.cpp:29] DecreaseCounter constructing_actor_cnt, current val is 2524
I1222 14:38:07.554888 83807 naive_actor.cpp:25] actor 2199023255554 switch to &NaiveActor::HandlerNormal
I1222 14:38:07.554927 83853 naive_actor.cpp:25] actor 2199029547124 switch to &NaiveActor::HandlerNormal
I1222 14:38:07.554948 83807 thread.cpp:99] Thread 1048576 construct Actor kNormalForward 2199023255554
I1222 14:38:07.555027 83853 thread.cpp:99] Thread 1048579 construct Actor kCollectiveBoxingGeneric 2199029547124
I1222 14:38:07.555094 83807 runtime_context.cpp:29] DecreaseCounter constructing_actor_cnt, current val is 2523
I1222 14:38:07.555158 83853 runtime_context.cpp:29] DecreaseCounter constructing_actor_cnt, current val is 2522
I1222 14:38:07.555452 83853 naive_actor.cpp:25] actor 2199029547078 switch to &NaiveActor::HandlerNormal
I1222 14:38:07.555541 83853 thread.cpp:99] Thread 1048579 construct Actor kCollectiveBoxingGeneric 2199029547078
I1222 14:38:07.555637 83853 runtime_context.cpp:29] DecreaseCounter constructing_actor_cnt, current val is 2521
I1222 14:38:07.555757 83807 naive_actor.cpp:25] actor 2199023255586 switch to &NaiveActor::HandlerNormal
I1222 14:38:07.555831 83807 thread.cpp:99] Thread 1048576 construct Actor kNormalForward 2199023255586
I1222 14:38:07.555891 83807 runtime_context.cpp:29] DecreaseCounter constructing_actor_cnt, current val is 2520
I1222 14:38:07.555944 83853 naive_actor.cpp:25] actor 2199029547095 switch to &NaiveActor::HandlerNormal
I1222 14:38:07.556031 83853 thread.cpp:99] Thread 1048579 construct Actor kCollectiveBoxingGeneric 2199029547095
I1222 14:38:07.556128 83853 runtime_context.cpp:29] DecreaseCounter constructing_actor_cnt, current val is 2519
I1222 14:38:07.556149 83807 naive_actor.cpp:25] actor 2199023255559 switch to &NaiveActor::HandlerNormal
I1222 14:38:07.556241 83807 thread.cpp:99] Thread 1048576 construct Actor kNormalForward 2199023255559
I1222 14:38:07.556293 83807 runtime_context.cpp:29] DecreaseCounter constructing_actor_cnt, current val is 2518
I1222 14:38:07.556447 83853 naive_actor.cpp:25] actor 2199029547128 switch to &NaiveActor::HandlerNormal
I1222 14:38:07.556538 83853 thread.cpp:99] Thread 1048579 construct Actor kCollectiveBoxingGeneric 2199029547128
I1222 14:38:07.556638 83853 runtime_context.cpp:29] DecreaseCounter constructing_actor_cnt, current val is 2517
I1222 14:38:07.556967 83853 naive_actor.cpp:25] actor 2199029547049 switch to &NaiveActor::HandlerNormal
I1222 14:38:07.557004 83807 naive_actor.cpp:25] actor 2199023255576 switch to &NaiveActor::HandlerNormal
I1222 14:38:07.557058 83853 thread.cpp:99] Thread 1048579 construct Actor kCollectiveBoxingGeneric 2199029547049
I1222 14:38:07.557109 83807 thread.cpp:99] Thread 1048576 construct Actor kNormalForward 2199023255576
I1222 14:38:07.557207 83853 runtime_context.cpp:29] DecreaseCounter constructing_actor_cnt, current val is 2516
I1222 14:38:07.557232 83807 runtime_context.cpp:29] DecreaseCounter constructing_actor_cnt, current val is 2515
I1222 14:38:07.557538 83853 naive_actor.cpp:25] actor 2199029547168 switch to &NaiveActor::HandlerNormal
I1222 14:38:07.557709 83853 thread.cpp:99] Thread 1048579 construct Actor kCollectiveBoxingGeneric 2199029547168
I1222 14:38:07.557967 83807 naive_actor.cpp:25] actor 2199023255564 switch to &NaiveActor::HandlerNormal
I1222 14:38:07.558171 83853 runtime_context.cpp:29] DecreaseCounter constructing_actor_cnt, current val is 2514
I1222 14:38:07.558190 83807 thread.cpp:99] Thread 1048576 construct Actor kNormalForward 2199023255564
I1222 14:38:07.558313 83807 runtime_context.cpp:29] DecreaseCounter constructing_actor_cnt, current val is 2513
I1222 14:38:07.558495 83853 naive_actor.cpp:25] actor 2199029547008 switch to &NaiveActor::HandlerNormal
I1222 14:38:07.558589 83853 thread.cpp:99] Thread 1048579 construct Actor kCollectiveBoxingGeneric 2199029547008
